2026-06-03T08:46:14.5264890Z Current runner version: '2.334.0'
2026-06-03T08:46:14.5278290Z ##[group]Runner Image Provisioner
2026-06-03T08:46:14.5278780Z Hosted Compute Agent
2026-06-03T08:46:14.5279120Z Version: 20260520.533
2026-06-03T08:46:14.5279490Z Commit: 189110e25284a9812c124fd27b339e2fb4f2f9db
2026-06-03T08:46:14.5279920Z Build Date: 2026-05-20T17:44:04Z
2026-06-03T08:46:14.5280330Z Worker ID: {2c4c115c-d642-4d27-9608-957fb7a00651}
2026-06-03T08:46:14.5280750Z Azure Region: westus
2026-06-03T08:46:14.5281090Z ##[endgroup]
2026-06-03T08:46:14.5281860Z ##[group]Operating System
2026-06-03T08:46:14.5282220Z macOS
2026-06-03T08:46:14.5282520Z 14.8.7
2026-06-03T08:46:14.5282830Z 23J520
2026-06-03T08:46:14.5283130Z ##[endgroup]
2026-06-03T08:46:14.5283450Z ##[group]Runner Image
2026-06-03T08:46:14.5283800Z Image: macos-14-arm64
2026-06-03T08:46:14.5284140Z Version: 20260525.0091.1
2026-06-03T08:46:14.5284880Z Included Software: https://github.com/actions/runner-images/blob/macos-14-arm64/20260525.0091/images/macos/macos-14-arm64-Readme.md
2026-06-03T08:46:14.5285830Z Image Release: https://github.com/actions/runner-images/releases/tag/macos-14-arm64%2F20260525.0091
2026-06-03T08:46:14.5286430Z ##[endgroup]
2026-06-03T08:46:14.5287130Z ##[group]GITHUB_TOKEN Permissions
2026-06-03T08:46:14.5288020Z Contents: read
2026-06-03T08:46:14.5288350Z Metadata: read
2026-06-03T08:46:14.5288680Z Packages: read
2026-06-03T08:46:14.5289100Z ##[endgroup]
2026-06-03T08:46:14.5290410Z Secret source: Actions
2026-06-03T08:46:14.5290850Z Prepare workflow directory
2026-06-03T08:46:14.5524350Z Prepare all required actions
2026-06-03T08:46:14.5550810Z Getting action download info
2026-06-03T08:46:15.1030040Z Download action repository 'actions/checkout@v4' (SHA:34e114876b0b11c390a56381ad16ebd13914f8d5)
2026-06-03T08:46:15.5025170Z Download action repository 'maxim-lobanov/setup-xcode@v1' (SHA:ed7a3b1fda3918c0306d1b724322adc0b8cc0a90)
2026-06-03T08:46:16.1196920Z Download action repository 'actions/upload-artifact@v4' (SHA:ea165f8d65b6e75b540449e92b4886f43607fa02)
2026-06-03T08:46:16.3869930Z Complete job name: build (bootstrap)
2026-06-03T08:46:16.4241620Z ##[group]Run actions/checkout@v4
2026-06-03T08:46:16.4242240Z with:
2026-06-03T08:46:16.4242610Z   repository: sky5566jf/TrollVNC-main
2026-06-03T08:46:16.4246170Z   token: ***
2026-06-03T08:46:16.4246510Z   ssh-strict: true
2026-06-03T08:46:16.4246850Z   ssh-user: git
2026-06-03T08:46:16.4247190Z   persist-credentials: true
2026-06-03T08:46:16.4247570Z   clean: true
2026-06-03T08:46:16.4247930Z   sparse-checkout-cone-mode: true
2026-06-03T08:46:16.4248340Z   fetch-depth: 1
2026-06-03T08:46:16.4248680Z   fetch-tags: false
2026-06-03T08:46:16.4249040Z   show-progress: true
2026-06-03T08:46:16.4249400Z   lfs: false
2026-06-03T08:46:16.4249740Z   submodules: false
2026-06-03T08:46:16.4250100Z   set-safe-directory: true
2026-06-03T08:46:16.4250590Z env:
2026-06-03T08:46:16.4250920Z   FINALPACKAGE: 1
2026-06-03T08:46:16.4251270Z   HOMEBREW_NO_AUTO_UPDATE: 1
2026-06-03T08:46:16.4251690Z   HOMEBREW_NO_INSTALLED_DEPENDENTS_CHECK: 1
2026-06-03T08:46:16.4252150Z ##[endgroup]
2026-06-03T08:46:16.7883860Z Syncing repository: sky5566jf/TrollVNC-main
2026-06-03T08:46:16.7885620Z ##[group]Getting Git version info
2026-06-03T08:46:16.7886410Z Working directory is '/Users/runner/work/TrollVNC-main/TrollVNC-main'
2026-06-03T08:46:16.7899700Z [command]/opt/homebrew/bin/git version
2026-06-03T08:46:16.8155230Z git version 2.54.0
2026-06-03T08:46:16.8193750Z ##[endgroup]
2026-06-03T08:46:16.8200900Z Copying '/Users/runner/.gitconfig' to '/Users/runner/work/_temp/e2356db6-4915-4c35-aa70-a3b31e68f100/.gitconfig'
2026-06-03T08:46:16.8213020Z Temporarily overriding HOME='/Users/runner/work/_temp/e2356db6-4915-4c35-aa70-a3b31e68f100' before making global git config changes
2026-06-03T08:46:16.8214330Z Adding repository directory to the temporary git global config as a safe directory
2026-06-03T08:46:16.8216850Z [command]/opt/homebrew/bin/git config --global --add safe.directory /Users/runner/work/TrollVNC-main/TrollVNC-main
2026-06-03T08:46:16.8321870Z Deleting the contents of '/Users/runner/work/TrollVNC-main/TrollVNC-main'
2026-06-03T08:46:16.8334450Z ##[group]Initializing the repository
2026-06-03T08:46:16.8341840Z [command]/opt/homebrew/bin/git init /Users/runner/work/TrollVNC-main/TrollVNC-main
2026-06-03T08:46:16.8596500Z hint: Using 'master' as the name for the initial branch. This default branch name
2026-06-03T08:46:16.8597570Z hint: will change to "main" in Git 3.0. To configure the initial branch name
2026-06-03T08:46:16.8598420Z hint: to use in all of your new repositories, which will suppress this warning,
2026-06-03T08:46:16.8599070Z hint: call:
2026-06-03T08:46:16.8599430Z hint:
2026-06-03T08:46:16.8599870Z hint: 	git config --global init.defaultBranch <name>
2026-06-03T08:46:16.8600390Z hint:
2026-06-03T08:46:16.8600860Z hint: Names commonly chosen instead of 'master' are 'main', 'trunk' and
2026-06-03T08:46:16.8601640Z hint: 'development'. The just-created branch can be renamed via this command:
2026-06-03T08:46:16.8602290Z hint:
2026-06-03T08:46:16.8602740Z hint: 	git branch -m <name>
2026-06-03T08:46:16.8603160Z hint:
2026-06-03T08:46:16.8603690Z hint: Disable this message with "git config set advice.defaultBranchName false"
2026-06-03T08:46:16.8604550Z Initialized empty Git repository in /Users/runner/work/TrollVNC-main/TrollVNC-main/.git/
2026-06-03T08:46:16.8607240Z [command]/opt/homebrew/bin/git remote add origin https://github.com/sky5566jf/TrollVNC-main
2026-06-03T08:46:16.8673140Z ##[endgroup]
2026-06-03T08:46:16.8674290Z ##[group]Disabling automatic garbage collection
2026-06-03T08:46:16.8675020Z [command]/opt/homebrew/bin/git config --local gc.auto 0
2026-06-03T08:46:16.8729390Z ##[endgroup]
2026-06-03T08:46:16.8730040Z ##[group]Setting up auth
2026-06-03T08:46:16.8735450Z [command]/opt/homebrew/bin/git config --local --name-only --get-regexp core\.sshCommand
2026-06-03T08:46:16.8780970Z [command]/opt/homebrew/bin/git submodule foreach --recursive sh -c "git config --local --name-only --get-regexp 'core\.sshCommand' && git config --local --unset-all 'core.sshCommand' || :"
2026-06-03T08:46:16.9724190Z [command]/opt/homebrew/bin/git config --local --name-only --get-regexp http\.https\:\/\/github\.com\/\.extraheader
2026-06-03T08:46:16.9769750Z [command]/opt/homebrew/bin/git submodule foreach --recursive sh -c "git config --local --name-only --get-regexp 'http\.https\:\/\/github\.com\/\.extraheader' && git config --local --unset-all 'http.https://github.com/.extraheader' || :"
2026-06-03T08:46:17.0292740Z [command]/opt/homebrew/bin/git config --local --name-only --get-regexp ^includeIf\.gitdir:
2026-06-03T08:46:17.0332840Z [command]/opt/homebrew/bin/git submodule foreach --recursive git config --local --show-origin --name-only --get-regexp remote.origin.url
2026-06-03T08:46:17.0888040Z [command]/opt/homebrew/bin/git config --local http.https://github.com/.extraheader AUTHORIZATION: basic ***
2026-06-03T08:46:17.0928240Z ##[endgroup]
2026-06-03T08:46:17.0928880Z ##[group]Fetching the repository
2026-06-03T08:46:17.0934020Z [command]/opt/homebrew/bin/git -c protocol.version=2 fetch --no-tags --prune --no-recurse-submodules --depth=1 origin +9877c7e30618ac1644df902e5cc4cba2a630ae2c:refs/remotes/origin/release
2026-06-03T08:46:19.3778380Z From https://github.com/sky5566jf/TrollVNC-main
2026-06-03T08:46:19.3780970Z  * [new ref]         9877c7e30618ac1644df902e5cc4cba2a630ae2c -> origin/release
2026-06-03T08:46:19.3853130Z ##[endgroup]
2026-06-03T08:46:19.3854210Z ##[group]Determining the checkout info
2026-06-03T08:46:19.3855080Z ##[endgroup]
2026-06-03T08:46:19.3855650Z [command]/opt/homebrew/bin/git sparse-checkout disable
2026-06-03T08:46:19.3930730Z [command]/opt/homebrew/bin/git config --local --unset-all extensions.worktreeConfig
2026-06-03T08:46:19.3996080Z ##[group]Checking out the ref
2026-06-03T08:46:19.3998910Z [command]/opt/homebrew/bin/git checkout --progress --force -B release refs/remotes/origin/release
2026-06-03T08:46:19.5818660Z Switched to a new branch 'release'
2026-06-03T08:46:19.5826900Z branch 'release' set up to track 'origin/release'.
2026-06-03T08:46:19.5836710Z ##[endgroup]
2026-06-03T08:46:19.5909580Z [command]/opt/homebrew/bin/git log -1 --format=%H
2026-06-03T08:46:19.5959430Z 9877c7e30618ac1644df902e5cc4cba2a630ae2c
2026-06-03T08:46:19.6176400Z ##[group]Run # Install xcbeautify for build output formatting
2026-06-03T08:46:19.6177840Z [36;1m# Install xcbeautify for build output formatting[0m
2026-06-03T08:46:19.6179010Z [36;1m# Install ldid for iOS code signing[0m
2026-06-03T08:46:19.6180020Z [36;1m# Install 7zip for compression[0m
2026-06-03T08:46:19.6181170Z [36;1mbrew install xcbeautify ldid-procursus p7zip make[0m
2026-06-03T08:46:19.6247670Z shell: /bin/bash -e {0}
2026-06-03T08:46:19.6248480Z env:
2026-06-03T08:46:19.6249180Z   FINALPACKAGE: 1
2026-06-03T08:46:19.6249920Z   HOMEBREW_NO_AUTO_UPDATE: 1
2026-06-03T08:46:19.6250820Z   HOMEBREW_NO_INSTALLED_DEPENDENTS_CHECK: 1
2026-06-03T08:46:19.6251780Z ##[endgroup]
2026-06-03T08:46:21.4582730Z ✔︎ JSON API formula_tap_migrations.jws.json
2026-06-03T08:46:21.4583290Z ✔︎ JSON API cask_tap_migrations.jws.json
2026-06-03T08:46:22.6314150Z ##[warning]xcbeautify 3.2.1 is already installed and up-to-date.
To reinstall 3.2.1, run:
  brew reinstall xcbeautify

2026-06-03T08:46:22.6320790Z ##[warning]p7zip 17.06 is already installed and up-to-date.
To reinstall 17.06, run:
  brew reinstall p7zip

2026-06-03T08:46:22.6669290Z ##[warning]`$HOMEBREW_NO_INSTALLED_DEPENDENTS_CHECK` is set: not checking for outdated
dependents or dependents with broken linkage!

2026-06-03T08:46:22.6670530Z Inspect the formula dependency plan before installing with `brew install --ask`.
2026-06-03T08:46:22.6795130Z Enable ask mode by setting `HOMEBREW_ASK=1`.
2026-06-03T08:46:22.6896380Z Hide these hints with `HOMEBREW_NO_ENV_HINTS=1` (see `man brew`).
2026-06-03T08:46:22.6941310Z [32m==>[0m [1mFetching downloads for: [32mldid-procursus[39m and [32mmake[39m[0m
2026-06-03T08:46:23.1210050Z ✔︎ Bottle Manifest ldid-procursus (2.1.5-procursus7_2)
2026-06-03T08:46:23.1211100Z ✔︎ Bottle Manifest make (4.4.1)
2026-06-03T08:46:23.8708940Z ✔︎ Bottle Manifest libplist (2.7.0)
2026-06-03T08:46:24.1145390Z ✔︎ Bottle ldid-procursus (2.1.5-procursus7_2)
2026-06-03T08:46:24.1147370Z ✔︎ Bottle make (4.4.1)
2026-06-03T08:46:28.8993450Z ✔︎ Bottle libplist (2.7.0)
2026-06-03T08:46:29.1212360Z [32m==>[0m [1mInstalling ldid-procursus dependency: [32mlibplist[39m[0m
2026-06-03T08:46:29.1276360Z [34m==>[0m [1mPouring libplist--2.7.0.arm64_sonoma.bottle.tar.gz[0m
2026-06-03T08:46:30.6971850Z 🍺  /opt/homebrew/Cellar/libplist/2.7.0: 32 files, 662KB
2026-06-03T08:46:30.6978050Z [34m==>[0m [1mPouring ldid-procursus--2.1.5-procursus7_2.arm64_sonoma.bottle.tar.gz[0m
2026-06-03T08:46:31.8273580Z 🍺  /opt/homebrew/Cellar/ldid-procursus/2.1.5-procursus7_2: 11 files, 317.8KB
2026-06-03T08:46:31.8306130Z [34m==>[0m [1mPouring make--4.4.1.arm64_sonoma.bottle.1.tar.gz[0m
2026-06-03T08:46:32.9183130Z [34m==>[0m [1mCaveats[0m
2026-06-03T08:46:32.9183990Z GNU "make" has been installed as "gmake".
2026-06-03T08:46:32.9184640Z If you need to use it as "make", you can add a "gnubin" directory
2026-06-03T08:46:32.9185240Z to your PATH from your bashrc like:
2026-06-03T08:46:32.9185590Z 
2026-06-03T08:46:32.9185830Z     PATH="/opt/homebrew/opt/make/libexec/gnubin:$PATH"
2026-06-03T08:46:32.9186430Z [34m==>[0m [1mSummary[0m
2026-06-03T08:46:32.9210990Z 🍺  /opt/homebrew/Cellar/make/4.4.1: 17 files, 1.3MB
2026-06-03T08:46:32.9218240Z [32m==>[0m [1mCaveats[0m
2026-06-03T08:46:32.9218670Z [34m==>[0m [1mmake[0m
2026-06-03T08:46:32.9219270Z GNU "make" has been installed as "gmake".
2026-06-03T08:46:32.9219930Z If you need to use it as "make", you can add a "gnubin" directory
2026-06-03T08:46:32.9220590Z to your PATH from your bashrc like:
2026-06-03T08:46:32.9220890Z 
2026-06-03T08:46:32.9221120Z     PATH="/opt/homebrew/opt/make/libexec/gnubin:$PATH"
2026-06-03T08:46:32.9691850Z ##[group]Run actions/checkout@v4
2026-06-03T08:46:32.9692050Z with:
2026-06-03T08:46:32.9692230Z   repository: roothide/theos
2026-06-03T08:46:32.9696720Z   path: theos-roothide
2026-06-03T08:46:32.9696920Z   submodules: recursive
2026-06-03T08:46:32.9699550Z   token: ***
2026-06-03T08:46:32.9699690Z   ssh-strict: true
2026-06-03T08:46:32.9699930Z   ssh-user: git
2026-06-03T08:46:32.9700120Z   persist-credentials: true
2026-06-03T08:46:32.9700330Z   clean: true
2026-06-03T08:46:32.9700500Z   sparse-checkout-cone-mode: true
2026-06-03T08:46:32.9700750Z   fetch-depth: 1
2026-06-03T08:46:32.9700940Z   fetch-tags: false
2026-06-03T08:46:32.9701110Z   show-progress: true
2026-06-03T08:46:32.9701270Z   lfs: false
2026-06-03T08:46:32.9701480Z   set-safe-directory: true
2026-06-03T08:46:32.9701680Z env:
2026-06-03T08:46:32.9701810Z   FINALPACKAGE: 1
2026-06-03T08:46:32.9702030Z   HOMEBREW_NO_AUTO_UPDATE: 1
2026-06-03T08:46:32.9702350Z   HOMEBREW_NO_INSTALLED_DEPENDENTS_CHECK: 1
2026-06-03T08:46:32.9702630Z ##[endgroup]
2026-06-03T08:46:33.1589580Z Syncing repository: roothide/theos
2026-06-03T08:46:33.1590060Z ##[group]Getting Git version info
2026-06-03T08:46:33.1590430Z Working directory is '/Users/runner/work/TrollVNC-main/TrollVNC-main/theos-roothide'
2026-06-03T08:46:33.1623030Z [command]/opt/homebrew/bin/git version
2026-06-03T08:46:33.1696170Z git version 2.54.0
2026-06-03T08:46:33.1721010Z ##[endgroup]
2026-06-03T08:46:33.1727290Z Copying '/Users/runner/.gitconfig' to '/Users/runner/work/_temp/e2fb0e98-ffd8-4632-a16b-2d26078215d9/.gitconfig'
2026-06-03T08:46:33.1734630Z Temporarily overriding HOME='/Users/runner/work/_temp/e2fb0e98-ffd8-4632-a16b-2d26078215d9' before making global git config changes
2026-06-03T08:46:33.1735290Z Adding repository directory to the temporary git global config as a safe directory
2026-06-03T08:46:33.1737660Z [command]/opt/homebrew/bin/git config --global --add safe.directory /Users/runner/work/TrollVNC-main/TrollVNC-main/theos-roothide
2026-06-03T08:46:33.1785210Z ##[group]Initializing the repository
2026-06-03T08:46:33.1787960Z [command]/opt/homebrew/bin/git init /Users/runner/work/TrollVNC-main/TrollVNC-main/theos-roothide
2026-06-03T08:46:33.1866320Z hint: Using 'master' as the name for the initial branch. This default branch name
2026-06-03T08:46:33.1885610Z hint: will change to "main" in Git 3.0. To configure the initial branch name
2026-06-03T08:46:33.1919080Z hint: to use in all of your new repositories, which will suppress this warning,
2026-06-03T08:46:33.1919800Z hint: call:
2026-06-03T08:46:33.1920440Z hint:
2026-06-03T08:46:33.1920950Z hint: 	git config --global init.defaultBranch <name>
2026-06-03T08:46:33.1921300Z hint:
2026-06-03T08:46:33.1921810Z hint: Names commonly chosen instead of 'master' are 'main', 'trunk' and
2026-06-03T08:46:33.1922580Z hint: 'development'. The just-created branch can be renamed via this command:
2026-06-03T08:46:33.1923090Z hint:
2026-06-03T08:46:33.1923350Z hint: 	git branch -m <name>
2026-06-03T08:46:33.1923710Z hint:
2026-06-03T08:46:33.1924130Z hint: Disable this message with "git config set advice.defaultBranchName false"
2026-06-03T08:46:33.1924870Z Initialized empty Git repository in /Users/runner/work/TrollVNC-main/TrollVNC-main/theos-roothide/.git/
2026-06-03T08:46:33.1945930Z [command]/opt/homebrew/bin/git remote add origin https://github.com/roothide/theos
2026-06-03T08:46:33.1947040Z ##[endgroup]
2026-06-03T08:46:33.1947470Z ##[group]Disabling automatic garbage collection
2026-06-03T08:46:33.1948700Z [command]/opt/homebrew/bin/git config --local gc.auto 0
2026-06-03T08:46:33.1984620Z ##[endgroup]
2026-06-03T08:46:33.1985030Z ##[group]Setting up auth
2026-06-03T08:46:33.1985460Z [command]/opt/homebrew/bin/git config --local --name-only --get-regexp core\.sshCommand
2026-06-03T08:46:33.2023170Z [command]/opt/homebrew/bin/git submodule foreach --recursive sh -c "git config --local --name-only --get-regexp 'core\.sshCommand' && git config --local --unset-all 'core.sshCommand' || :"
2026-06-03T08:46:33.2485200Z [command]/opt/homebrew/bin/git config --local --name-only --get-regexp http\.https\:\/\/github\.com\/\.extraheader
2026-06-03T08:46:33.2518790Z [command]/opt/homebrew/bin/git submodule foreach --recursive sh -c "git config --local --name-only --get-regexp 'http\.https\:\/\/github\.com\/\.extraheader' && git config --local --unset-all 'http.https://github.com/.extraheader' || :"
2026-06-03T08:46:33.2967100Z [command]/opt/homebrew/bin/git config --local --name-only --get-regexp ^includeIf\.gitdir:
2026-06-03T08:46:33.3002290Z [command]/opt/homebrew/bin/git submodule foreach --recursive git config --local --show-origin --name-only --get-regexp remote.origin.url
2026-06-03T08:46:33.3441070Z [command]/opt/homebrew/bin/git config --local http.https://github.com/.extraheader AUTHORIZATION: basic ***
2026-06-03T08:46:33.3480320Z ##[endgroup]
2026-06-03T08:46:33.3480650Z ##[group]Determining the default branch
2026-06-03T08:46:33.3481380Z Retrieving the default branch name
2026-06-03T08:46:33.9196140Z Default branch 'master'
2026-06-03T08:46:33.9200920Z ##[endgroup]
2026-06-03T08:46:33.9201570Z ##[group]Fetching the repository
2026-06-03T08:46:33.9207780Z [command]/opt/homebrew/bin/git -c protocol.version=2 fetch --no-tags --prune --no-recurse-submodules --depth=1 origin +refs/heads/master:refs/remotes/origin/master
2026-06-03T08:46:34.9154830Z From https://github.com/roothide/theos
2026-06-03T08:46:34.9155460Z  * [new branch]      master     -> origin/master
2026-06-03T08:46:34.9216060Z ##[endgroup]
2026-06-03T08:46:34.9216540Z ##[group]Determining the checkout info
2026-06-03T08:46:34.9217050Z ##[endgroup]
2026-06-03T08:46:34.9220820Z [command]/opt/homebrew/bin/git sparse-checkout disable
2026-06-03T08:46:34.9290220Z [command]/opt/homebrew/bin/git config --local --unset-all extensions.worktreeConfig
2026-06-03T08:46:34.9358450Z ##[group]Checking out the ref
2026-06-03T08:46:34.9370400Z [command]/opt/homebrew/bin/git checkout --progress --force -B master refs/remotes/origin/master
2026-06-03T08:46:34.9836750Z Reset branch 'master'
2026-06-03T08:46:34.9938300Z branch 'master' set up to track 'origin/master'.
2026-06-03T08:46:35.0098270Z ##[endgroup]
2026-06-03T08:46:35.0104720Z ##[group]Setting up auth for fetching submodules
2026-06-03T08:46:35.0105470Z [command]/opt/homebrew/bin/git config --global http.https://github.com/.extraheader AUTHORIZATION: basic ***
2026-06-03T08:46:35.0107130Z [command]/opt/homebrew/bin/git config --global --unset-all url.https://github.com/.insteadOf
2026-06-03T08:46:35.0113080Z [command]/opt/homebrew/bin/git config --global --add url.https://github.com/.insteadOf git@github.com:
2026-06-03T08:46:35.0114620Z [command]/opt/homebrew/bin/git config --global --add url.https://github.com/.insteadOf org-117685382@github.com:
2026-06-03T08:46:35.0115980Z ##[endgroup]
2026-06-03T08:46:35.0116500Z ##[group]Fetching submodules
2026-06-03T08:46:35.0116950Z [command]/opt/homebrew/bin/git submodule sync --recursive
2026-06-03T08:46:35.0823350Z [command]/opt/homebrew/bin/git -c protocol.version=2 submodule update --init --force --depth=1 --recursive
2026-06-03T08:46:35.1552470Z Submodule 'vendor/dm.pl' (https://github.com/theos/dm.pl.git) registered for path 'vendor/dm.pl'
2026-06-03T08:46:35.1581930Z Submodule 'vendor/include' (https://github.com/roothide/headers.git) registered for path 'vendor/include'
2026-06-03T08:46:35.1588360Z Submodule 'vendor/lib' (https://github.com/roothide/lib.git) registered for path 'vendor/lib'
2026-06-03T08:46:35.1593250Z Submodule 'vendor/logos' (https://github.com/theos/logos.git) registered for path 'vendor/logos'
2026-06-03T08:46:35.1600970Z Submodule 'vendor/nic' (https://github.com/theos/nic.git) registered for path 'vendor/nic'
2026-06-03T08:46:35.1605850Z Submodule 'vendor/orion' (https://github.com/theos/orion.git) registered for path 'vendor/orion'
2026-06-03T08:46:35.1611000Z Submodule 'vendor/swift-support' (https://github.com/theos/swift-support.git) registered for path 'vendor/swift-support'
2026-06-03T08:46:35.1616480Z Submodule 'vendor/templates' (https://github.com/theos/templates.git) registered for path 'vendor/templates'
2026-06-03T08:46:35.1716640Z Cloning into '/Users/runner/work/TrollVNC-main/TrollVNC-main/theos-roothide/vendor/dm.pl'...
2026-06-03T08:46:35.9071140Z Cloning into '/Users/runner/work/TrollVNC-main/TrollVNC-main/theos-roothide/vendor/include'...
2026-06-03T08:46:36.9625880Z Cloning into '/Users/runner/work/TrollVNC-main/TrollVNC-main/theos-roothide/vendor/lib'...
2026-06-03T08:46:37.8950390Z Cloning into '/Users/runner/work/TrollVNC-main/TrollVNC-main/theos-roothide/vendor/logos'...
2026-06-03T08:46:38.8762860Z Cloning into '/Users/runner/work/TrollVNC-main/TrollVNC-main/theos-roothide/vendor/nic'...
2026-06-03T08:46:39.7795490Z Cloning into '/Users/runner/work/TrollVNC-main/TrollVNC-main/theos-roothide/vendor/orion'...
2026-06-03T08:46:40.7338600Z Cloning into '/Users/runner/work/TrollVNC-main/TrollVNC-main/theos-roothide/vendor/swift-support'...
2026-06-03T08:46:41.4709780Z Cloning into '/Users/runner/work/TrollVNC-main/TrollVNC-main/theos-roothide/vendor/templates'...
2026-06-03T08:46:42.2983750Z Submodule path 'vendor/dm.pl': checked out 'd9a3b72e274226dd2823c0a7c1d6d05099f4f51c'
2026-06-03T08:46:42.4208830Z Submodule path 'vendor/include': checked out 'ac1c4fd21214548d6d308fcb835d30df1e43953d'
2026-06-03T08:46:42.5119840Z Submodule path 'vendor/lib': checked out '85e9b5b8aff11bbefc59525c64c8f55149926e56'
2026-06-03T08:46:42.5522630Z Submodule path 'vendor/logos': checked out 'a62370066a97e36d59b200a9fa10c5091f5e8972'
2026-06-03T08:46:42.5885670Z Submodule path 'vendor/nic': checked out '4e7adcbeac2e4636b91e2f76341adfe4c4d0ceec'
2026-06-03T08:46:42.6297390Z Submodule path 'vendor/orion': checked out 'c0ed879ecaae16f3c8d06a6c36302f6c78d1f7e4'
2026-06-03T08:46:42.6355620Z Submodule 'fishhook' (https://github.com/facebook/fishhook.git) registered for path 'vendor/orion/fishhook'
2026-06-03T08:46:42.6468670Z Cloning into '/Users/runner/work/TrollVNC-main/TrollVNC-main/theos-roothide/vendor/orion/fishhook'...
2026-06-03T08:46:43.4174780Z Submodule path 'vendor/orion/fishhook': checked out 'aadc161ac3b80db07a9908851839a17ba63a9eb1'
2026-06-03T08:46:43.5150160Z Submodule path 'vendor/swift-support': checked out '4cf59ff04cdb2ceb27ea2228753e0497297b6182'
2026-06-03T08:46:43.5973330Z Submodule path 'vendor/templates': checked out '6c3944e281c4726f1383755d0fbb642840312d28'
2026-06-03T08:46:43.6281160Z [command]/opt/homebrew/bin/git submodule foreach --recursive git config --local gc.auto 0
2026-06-03T08:46:43.7187950Z Entering 'vendor/dm.pl'
2026-06-03T08:46:43.7386060Z Entering 'vendor/include'
2026-06-03T08:46:43.7587470Z Entering 'vendor/lib'
2026-06-03T08:46:43.7789390Z Entering 'vendor/logos'
2026-06-03T08:46:43.7990560Z Entering 'vendor/nic'
2026-06-03T08:46:43.8190940Z Entering 'vendor/orion'
2026-06-03T08:46:43.8391630Z Entering 'vendor/orion/fishhook'
2026-06-03T08:46:43.8538860Z Entering 'vendor/swift-support'
2026-06-03T08:46:43.8633950Z Entering 'vendor/templates'
2026-06-03T08:46:43.8728410Z ##[endgroup]
2026-06-03T08:46:43.8728990Z ##[group]Persisting credentials for submodules
2026-06-03T08:46:43.8732950Z [command]/opt/homebrew/bin/git submodule foreach --recursive sh -c "git config --local --name-only --get-regexp 'url\.https\:\/\/github\.com\/\.insteadOf' && git config --local --unset-all 'url.https://github.com/.insteadOf' || :"
2026-06-03T08:46:43.9219310Z Entering 'vendor/dm.pl'
2026-06-03T08:46:43.9325020Z Entering 'vendor/include'
2026-06-03T08:46:43.9427600Z Entering 'vendor/lib'
2026-06-03T08:46:43.9529420Z Entering 'vendor/logos'
2026-06-03T08:46:43.9641190Z Entering 'vendor/nic'
2026-06-03T08:46:43.9786210Z Entering 'vendor/orion'
2026-06-03T08:46:43.9931150Z Entering 'vendor/orion/fishhook'
2026-06-03T08:46:44.0062600Z Entering 'vendor/swift-support'
2026-06-03T08:46:44.0179740Z Entering 'vendor/templates'
2026-06-03T08:46:44.0304750Z [command]/opt/homebrew/bin/git submodule foreach --recursive sh -c "git config --local 'http.https://github.com/.extraheader' 'AUTHORIZATION: basic ***' && git config --local --show-origin --name-only --get-regexp remote.origin.url"
2026-06-03T08:46:44.0795120Z Entering 'vendor/dm.pl'
2026-06-03T08:46:44.0908780Z file:/Users/runner/work/TrollVNC-main/TrollVNC-main/theos-roothide/.git/modules/vendor/dm.pl/config	remote.origin.url
2026-06-03T08:46:44.0950380Z Entering 'vendor/include'
2026-06-03T08:46:44.1079650Z file:/Users/runner/work/TrollVNC-main/TrollVNC-main/theos-roothide/.git/modules/vendor/include/config	remote.origin.url
2026-06-03T08:46:44.1122680Z Entering 'vendor/lib'
2026-06-03T08:46:44.1251980Z file:/Users/runner/work/TrollVNC-main/TrollVNC-main/theos-roothide/.git/modules/vendor/lib/config	remote.origin.url
2026-06-03T08:46:44.1298890Z Entering 'vendor/logos'
2026-06-03T08:46:44.1419080Z file:/Users/runner/work/TrollVNC-main/TrollVNC-main/theos-roothide/.git/modules/vendor/logos/config	remote.origin.url
2026-06-03T08:46:44.1458150Z Entering 'vendor/nic'
2026-06-03T08:46:44.1572550Z file:/Users/runner/work/TrollVNC-main/TrollVNC-main/theos-roothide/.git/modules/vendor/nic/config	remote.origin.url
2026-06-03T08:46:44.1611010Z Entering 'vendor/orion'
2026-06-03T08:46:44.1726070Z file:/Users/runner/work/TrollVNC-main/TrollVNC-main/theos-roothide/.git/modules/vendor/orion/config	remote.origin.url
2026-06-03T08:46:44.1763540Z Entering 'vendor/orion/fishhook'
2026-06-03T08:46:44.1876600Z file:/Users/runner/work/TrollVNC-main/TrollVNC-main/theos-roothide/.git/modules/vendor/orion/modules/fishhook/config	remote.origin.url
2026-06-03T08:46:44.1918940Z Entering 'vendor/swift-support'
2026-06-03T08:46:44.2032410Z file:/Users/runner/work/TrollVNC-main/TrollVNC-main/theos-roothide/.git/modules/vendor/swift-support/config	remote.origin.url
2026-06-03T08:46:44.2075190Z Entering 'vendor/templates'
2026-06-03T08:46:44.2188310Z file:/Users/runner/work/TrollVNC-main/TrollVNC-main/theos-roothide/.git/modules/vendor/templates/config	remote.origin.url
2026-06-03T08:46:44.2278390Z [command]/opt/homebrew/bin/git submodule foreach --recursive git config --local --add 'url.https://github.com/.insteadOf' 'git@github.com:'
2026-06-03T08:46:44.2743390Z Entering 'vendor/dm.pl'
2026-06-03T08:46:44.2842110Z Entering 'vendor/include'
2026-06-03T08:46:44.2926110Z Entering 'vendor/lib'
2026-06-03T08:46:44.3225520Z Entering 'vendor/logos'
2026-06-03T08:46:44.3767510Z Entering 'vendor/nic'
2026-06-03T08:46:44.3968420Z Entering 'vendor/orion'
2026-06-03T08:46:44.4069890Z Entering 'vendor/orion/fishhook'
2026-06-03T08:46:44.4561700Z Entering 'vendor/swift-support'
2026-06-03T08:46:44.4680520Z Entering 'vendor/templates'
2026-06-03T08:46:44.5084300Z [command]/opt/homebrew/bin/git submodule foreach --recursive git config --local --add 'url.https://github.com/.insteadOf' 'org-117685382@github.com:'
2026-06-03T08:46:44.5792110Z Entering 'vendor/dm.pl'
2026-06-03T08:46:44.5878710Z Entering 'vendor/include'
2026-06-03T08:46:44.5962990Z Entering 'vendor/lib'
2026-06-03T08:46:44.6051860Z Entering 'vendor/logos'
2026-06-03T08:46:44.6160800Z Entering 'vendor/nic'
2026-06-03T08:46:44.6267830Z Entering 'vendor/orion'
2026-06-03T08:46:44.6353170Z Entering 'vendor/orion/fishhook'
2026-06-03T08:46:44.6439890Z Entering 'vendor/swift-support'
2026-06-03T08:46:44.6522940Z Entering 'vendor/templates'
2026-06-03T08:46:44.6612660Z ##[endgroup]
2026-06-03T08:46:44.6658590Z [command]/opt/homebrew/bin/git log -1 --format=%H
2026-06-03T08:46:44.6692360Z 88506b2c22e9e07dd4ed055f23c9e398a117a2c7
2026-06-03T08:46:44.6820210Z ##[group]Run export THEOS=$GITHUB_WORKSPACE/theos-roothide
2026-06-03T08:46:44.6821040Z [36;1mexport THEOS=$GITHUB_WORKSPACE/theos-roothide[0m
2026-06-03T08:46:44.6821260Z [36;1mcd theos-roothide[0m
2026-06-03T08:46:44.6821470Z [36;1m./bin/install-sdk iPhoneOS16.5[0m
2026-06-03T08:46:44.6821710Z [36;1m./bin/install-sdk iPhoneOS14.5[0m
2026-06-03T08:46:44.6891480Z shell: /bin/bash -e {0}
2026-06-03T08:46:44.6891670Z env:
2026-06-03T08:46:44.6891860Z   FINALPACKAGE: 1
2026-06-03T08:46:44.6892050Z   HOMEBREW_NO_AUTO_UPDATE: 1
2026-06-03T08:46:44.6892300Z   HOMEBREW_NO_INSTALLED_DEPENDENTS_CHECK: 1
2026-06-03T08:46:44.6896750Z   GITHUB_TOKEN: ***
2026-06-03T08:46:44.6896880Z ##[endgroup]
2026-06-03T08:46:45.3182630Z   % Total    % Received % Xferd  Average Speed   Time    Time     Time  Current
2026-06-03T08:46:45.3285200Z                                  Dload  Upload   Total   Spent    Left  Speed
2026-06-03T08:46:45.3287060Z 
2026-06-03T08:46:45.6577500Z   0     0    0     0    0     0      0      0 --:--:-- --:--:-- --:--:--     0
2026-06-03T08:46:45.6577940Z   0     0    0     0    0     0      0      0 --:--:-- --:--:-- --:--:--     0
2026-06-03T08:46:45.7056620Z x iPhoneOS16.5.sdk/
2026-06-03T08:46:45.7057930Z x iPhoneOS16.5.sdk/Developer/
2026-06-03T08:46:45.7059290Z x iPhoneOS16.5.sdk/Developer/Library/
2026-06-03T08:46:45.7061160Z x iPhoneOS16.5.sdk/Developer/Library/Frameworks/
2026-06-03T08:46:45.7061650Z x iPhoneOS16.5.sdk/Developer/Library/Frameworks/StoreKitTest.framework/
2026-06-03T08:46:45.7062120Z x iPhoneOS16.5.sdk/Developer/Library/Frameworks/StoreKitTest.framework/Modules/
2026-06-03T08:46:45.7062700Z x iPhoneOS16.5.sdk/Developer/Library/Frameworks/StoreKitTest.framework/Modules/module.modulemap
2026-06-03T08:46:45.7063230Z x iPhoneOS16.5.sdk/Developer/Library/Frameworks/StoreKitTest.framework/Headers/
2026-06-03T08:46:45.7063890Z x iPhoneOS16.5.sdk/Developer/Library/Frameworks/StoreKitTest.framework/Headers/SKTestTransaction.h
2026-06-03T08:46:45.7065040Z x iPhoneOS16.5.sdk/Developer/Library/Frameworks/StoreKitTest.framework/Headers/SKAdTestPostback.h
2026-06-03T08:46:45.7067100Z x iPhoneOS16.5.sdk/Developer/Library/Frameworks/StoreKitTest.framework/Headers/SKTestSession.h
2026-06-03T08:46:45.7068160Z x iPhoneOS16.5.sdk/Developer/Library/Frameworks/StoreKitTest.framework/Headers/SKTestError.h
2026-06-03T08:46:45.7069400Z x iPhoneOS16.5.sdk/Developer/Library/Frameworks/StoreKitTest.framework/Headers/StoreKitTest.h
2026-06-03T08:46:45.7070460Z x iPhoneOS16.5.sdk/Developer/Library/Frameworks/StoreKitTest.framework/Headers/SKAdTestSession.h
2026-06-03T08:46:45.7071450Z x iPhoneOS16.5.sdk/Developer/Library/Frameworks/StoreKitTest.framework/StoreKitTest.tbd
2026-06-03T08:46:45.7071830Z x iPhoneOS16.5.sdk/System/
2026-06-03T08:46:45.7072180Z x iPhoneOS16.5.sdk/System/Library/
2026-06-03T08:46:45.7073560Z x iPhoneOS16.5.sdk/System/Library/VideoCodecs/
2026-06-03T08:46:45.7076350Z x iPhoneOS16.5.sdk/System/Library/VideoCodecs/H264SW.tbd
2026-06-03T08:46:45.7076900Z x iPhoneOS16.5.sdk/System/Library/VideoCodecs/VCPHEVC.tbd
2026-06-03T08:46:45.7077270Z x iPhoneOS16.5.sdk/System/Library/Previews/
2026-06-03T08:46:45.7077550Z x iPhoneOS16.5.sdk/System/Library/Previews/ShellPlugins/
2026-06-03T08:46:45.7077960Z x iPhoneOS16.5.sdk/System/Library/Previews/ShellPlugins/WidgetPreviewsShellPlugin.bundle/
2026-06-03T08:46:45.7078680Z x iPhoneOS16.5.sdk/System/Library/Previews/ShellPlugins/WidgetPreviewsShellPlugin.bundle/WidgetPreviewsShellPlugin.tbd
2026-06-03T08:46:45.7079170Z x iPhoneOS16.5.sdk/System/Library/Fitness/
2026-06-03T08:46:45.7079450Z x iPhoneOS16.5.sdk/System/Library/Fitness/Plugins/
2026-06-03T08:46:45.7079970Z x iPhoneOS16.5.sdk/System/Library/Fitness/Plugins/ActivitySharingAwardsPlugin.bundle/
2026-06-03T08:46:45.7082710Z x iPhoneOS16.5.sdk/System/Library/Fitness/Plugins/ActivitySharingAwardsPlugin.bundle/ActivitySharingAwardsPlugin.tbd
2026-06-03T08:46:45.7083570Z x iPhoneOS16.5.sdk/System/Library/Fitness/Plugins/SeymourAwardsPlugin.bundle/
2026-06-03T08:46:45.7084620Z x iPhoneOS16.5.sdk/System/Library/Fitness/Plugins/SeymourAwardsPlugin.bundle/SeymourAwardsPlugin.tbd
2026-06-03T08:46:45.7085070Z x iPhoneOS16.5.sdk/System/Library/Accounts/
2026-06-03T08:46:45.7085350Z x iPhoneOS16.5.sdk/System/Library/Accounts/Access/
2026-06-03T08:46:45.7085730Z x iPhoneOS16.5.sdk/System/Library/Accounts/Access/DefaultAccessPlugin.bundle/
2026-06-03T08:46:45.7086650Z x iPhoneOS16.5.sdk/System/Library/Accounts/Access/DefaultAccessPlugin.bundle/DefaultAccessPlugin.tbd
2026-06-03T08:46:45.7087340Z x iPhoneOS16.5.sdk/System/Library/Accounts/Access/YelpAccessPlugin.bundle/
2026-06-03T08:46:45.7088070Z x iPhoneOS16.5.sdk/System/Library/Accounts/Access/YelpAccessPlugin.bundle/YelpAccessPlugin.tbd
2026-06-03T08:46:45.7092360Z x iPhoneOS16.5.sdk/System/Library/Accounts/Access/CloudKitAccessPlugin.bundle/
2026-06-03T08:46:45.7093400Z x iPhoneOS16.5.sdk/System/Library/Accounts/Access/CloudKitAccessPlugin.bundle/CloudKitAccessPlugin.tbd
2026-06-03T08:46:45.7093880Z x iPhoneOS16.5.sdk/System/Library/Accounts/Authentication/
2026-06-03T08:46:45.7094340Z x iPhoneOS16.5.sdk/System/Library/Accounts/Authentication/ESAccountAuthenticator.bundle/
2026-06-03T08:46:45.7095140Z x iPhoneOS16.5.sdk/System/Library/Accounts/Authentication/ESAccountAuthenticator.bundle/ESAccountAuthenticator.tbd
2026-06-03T08:46:45.7095930Z x iPhoneOS16.5.sdk/System/Library/Accounts/Authentication/KerberosAuthenticationPlugin.bundle/
2026-06-03T08:46:45.7096580Z x iPhoneOS16.5.sdk/System/Library/Accounts/Authentication/KerberosAuthenticationPlugin.bundle/KerberosAuthenticationPlugin.tbd
2026-06-03T08:46:45.7097410Z x iPhoneOS16.5.sdk/System/Library/Accounts/Authentication/AppleIDSSOAuthenticationPlugin.bundle/
2026-06-03T08:46:45.7098160Z x iPhoneOS16.5.sdk/System/Library/Accounts/Authentication/AppleIDSSOAuthenticationPlugin.bundle/AppleIDSSOAuthenticationPlugin.tbd
2026-06-03T08:46:45.7098830Z x iPhoneOS16.5.sdk/System/Library/Accounts/Authentication/YahooAuthenticationPlugin.bundle/
2026-06-03T08:46:45.7099490Z x iPhoneOS16.5.sdk/System/Library/Accounts/Authentication/YahooAuthenticationPlugin.bundle/YahooAuthenticationPlugin.tbd
2026-06-03T08:46:45.7100770Z x iPhoneOS16.5.sdk/System/Library/Accounts/Authentication/CloudKitAuthenticationPlugin.bundle/
2026-06-03T08:46:45.7101850Z x iPhoneOS16.5.sdk/System/Library/Accounts/Authentication/CloudKitAuthenticationPlugin.bundle/CloudKitAuthenticationPlugin.tbd
2026-06-03T08:46:45.7102560Z x iPhoneOS16.5.sdk/System/Library/Accounts/Authentication/MessageAccountAuthenticationPlugin.bundle/
2026-06-03T08:46:45.7103300Z x iPhoneOS16.5.sdk/System/Library/Accounts/Authentication/MessageAccountAuthenticationPlugin.bundle/MessageAccountAuthenticationPlugin.tbd
2026-06-03T08:46:45.7104020Z x iPhoneOS16.5.sdk/System/Library/Accounts/Authentication/AppleIDAuthentication.bundle/
2026-06-03T08:46:45.7104630Z x iPhoneOS16.5.sdk/System/Library/Accounts/Authentication/AppleIDAuthentication.bundle/AppleIDAuthentication.tbd
2026-06-03T08:46:45.7105520Z x iPhoneOS16.5.sdk/System/Library/Accounts/Authentication/DAAccountAuthenticator.bundle/
2026-06-03T08:46:45.7106930Z x iPhoneOS16.5.sdk/System/Library/Accounts/Authentication/DAAccountAuthenticator.bundle/DAAccountAuthenticator.tbd
2026-06-03T08:46:45.7109400Z x iPhoneOS16.5.sdk/System/Library/Accounts/Authentication/GoogleAuthenticationPlugin.bundle/
2026-06-03T08:46:45.7110340Z x iPhoneOS16.5.sdk/System/Library/Accounts/Authentication/GoogleAuthenticationPlugin.bundle/GoogleAuthenticationPlugin.tbd
2026-06-03T08:46:45.7110920Z x iPhoneOS16.5.sdk/System/Library/Accounts/Notification/
2026-06-03T08:46:45.7111460Z x iPhoneOS16.5.sdk/System/Library/Accounts/Notification/ClassKitAccountNotificationPlugin.bundle/
2026-06-03T08:46:45.7112320Z x iPhoneOS16.5.sdk/System/Library/Accounts/Notification/ClassKitAccountNotificationPlugin.bundle/ClassKitAccountNotificationPlugin.tbd
2026-06-03T08:46:45.7113010Z x iPhoneOS16.5.sdk/System/Library/Accounts/Notification/PCSAccountNotificationPlugin.bundle/
2026-06-03T08:46:45.7114020Z x iPhoneOS16.5.sdk/System/Library/Accounts/Notification/PCSAccountNotificationPlugin.bundle/PCSAccountNotificationPlugin.tbd
2026-06-03T08:46:45.7114760Z x iPhoneOS16.5.sdk/System/Library/Accounts/Notification/AMSAccountSyncNotificationPlugin.bundle/
2026-06-03T08:46:45.7117610Z x iPhoneOS16.5.sdk/System/Library/Accounts/Notification/AMSAccountSyncNotificationPlugin.bundle/AMSAccountSyncNotificationPlugin.tbd
2026-06-03T08:46:45.7118700Z x iPhoneOS16.5.sdk/System/Library/Accounts/Notification/SiriCloudKitAccountsNotifier.bundle/
2026-06-03T08:46:45.7119450Z x iPhoneOS16.5.sdk/System/Library/Accounts/Notification/SiriCloudKitAccountsNotifier.bundle/SiriCloudKitAccountsNotifier.tbd
2026-06-03T08:46:45.7120250Z x iPhoneOS16.5.sdk/System/Library/Accounts/Notification/ESAccountNotifier.bundle/
2026-06-03T08:46:45.7120970Z x iPhoneOS16.5.sdk/System/Library/Accounts/Notification/ESAccountNotifier.bundle/ESAccountNotifier.tbd
2026-06-03T08:46:45.7121920Z x iPhoneOS16.5.sdk/System/Library/Accounts/Notification/CoreLocationAccountNotificationPlugin.bundle/
2026-06-03T08:46:45.7122800Z x iPhoneOS16.5.sdk/System/Library/Accounts/Notification/CoreLocationAccountNotificationPlugin.bundle/CoreLocationAccountNotificationPlugin.tbd
2026-06-03T08:46:45.7124000Z x iPhoneOS16.5.sdk/System/Library/Accounts/Notification/AADataclassEnableNotificationPlugin.bundle/
2026-06-03T08:46:45.7125040Z x iPhoneOS16.5.sdk/System/Library/Accounts/Notification/AADataclassEnableNotificationPlugin.bundle/AADataclassEnableNotificationPlugin.tbd
2026-06-03T08:46:45.7125800Z x iPhoneOS16.5.sdk/System/Library/Accounts/Notification/AMSAccountNotificationPlugin.bundle/
2026-06-03T08:46:45.7143000Z x iPhoneOS16.5.sdk/System/Library/Accounts/Notification/AMSAccountNotificationPlugin.bundle/AMSAccountNotificationPlugin.tbd
2026-06-03T08:46:45.7143790Z x iPhoneOS16.5.sdk/System/Library/Accounts/Notification/CoreRoutineAccountNotificationPlugin.bundle/
2026-06-03T08:46:45.7144560Z x iPhoneOS16.5.sdk/System/Library/Accounts/Notification/CoreRoutineAccountNotificationPlugin.bundle/CoreRoutineAccountNotificationPlugin.tbd
2026-06-03T08:46:45.7145300Z x iPhoneOS16.5.sdk/System/Library/Accounts/Notification/HealthKitAccountNotificationPlugin.bundle/
2026-06-03T08:46:45.7146060Z x iPhoneOS16.5.sdk/System/Library/Accounts/Notification/HealthKitAccountNotificationPlugin.bundle/HealthKitAccountNotificationPlugin.tbd
2026-06-03T08:46:45.7146880Z x iPhoneOS16.5.sdk/System/Library/Accounts/Notification/NotesAccountNotificationPlugin.bundle/
2026-06-03T08:46:45.7147640Z x iPhoneOS16.5.sdk/System/Library/Accounts/Notification/NotesAccountNotificationPlugin.bundle/NotesAccountNotificationPlugin.tbd
2026-06-03T08:46:45.7148430Z x iPhoneOS16.5.sdk/System/Library/Accounts/Notification/GameCenterAccountNotificationPlugin.bundle/
2026-06-03T08:46:45.7149300Z x iPhoneOS16.5.sdk/System/Library/Accounts/Notification/GameCenterAccountNotificationPlugin.bundle/GameCenterAccountNotificationPlugin.tbd
2026-06-03T08:46:45.7150230Z x iPhoneOS16.5.sdk/System/Library/Accounts/Notification/CDPAccountNotificationPlugin_IOS.bundle/
2026-06-03T08:46:45.7151600Z x iPhoneOS16.5.sdk/System/Library/Accounts/Notification/CDPAccountNotificationPlugin_IOS.bundle/CDPAccountNotificationPlugin_IOS.tbd
2026-06-03T08:46:45.7152390Z x iPhoneOS16.5.sdk/System/Library/Accounts/Notification/SharingAccountNotificationPlugin.bundle/
2026-06-03T08:46:45.7153220Z x iPhoneOS16.5.sdk/System/Library/Accounts/Notification/SharingAccountNotificationPlugin.bundle/SharingAccountNotificationPlugin.tbd
2026-06-03T08:46:45.7154180Z x iPhoneOS16.5.sdk/System/Library/Accounts/Notification/AAAccountNotificationPlugin.bundle/
2026-06-03T08:46:45.7155000Z x iPhoneOS16.5.sdk/System/Library/Accounts/Notification/AAAccountNotificationPlugin.bundle/AAAccountNotificationPlugin.tbd
2026-06-03T08:46:45.7155890Z x iPhoneOS16.5.sdk/System/Library/Accounts/Notification/CoreRecentsAccountNotificationPlugin.bundle/
2026-06-03T08:46:45.7156700Z x iPhoneOS16.5.sdk/System/Library/Accounts/Notification/CoreRecentsAccountNotificationPlugin.bundle/CoreRecentsAccountNotificationPlugin.tbd
2026-06-03T08:46:45.7157970Z x iPhoneOS16.5.sdk/System/Library/Accounts/Notification/NewsNotificationPlugin.bundle/
2026-06-03T08:46:45.7158620Z x iPhoneOS16.5.sdk/System/Library/Accounts/Notification/NewsNotificationPlugin.bundle/NewsNotificationPlugin.tbd
2026-06-03T08:46:45.7160210Z x iPhoneOS16.5.sdk/System/Library/Accounts/Notification/com.apple.askpermission.AccountNotificationPlugin.bundle/
2026-06-03T08:46:45.7161070Z x iPhoneOS16.5.sdk/System/Library/Accounts/Notification/com.apple.askpermission.AccountNotificationPlugin.bundle/com.apple.askpermission.tbd
2026-06-03T08:46:45.7162130Z x iPhoneOS16.5.sdk/System/Library/Accounts/Notification/WebBookmarksNotificationPlugin.bundle/
2026-06-03T08:46:45.7162850Z x iPhoneOS16.5.sdk/System/Library/Accounts/Notification/WebBookmarksNotificationPlugin.bundle/WebBookmarksNotificationPlugin.tbd
2026-06-03T08:46:45.7163860Z x iPhoneOS16.5.sdk/System/Library/Accounts/Notification/BTCloudPairingAccountNotificationPlugin.bundle/
2026-06-03T08:46:45.7164770Z x iPhoneOS16.5.sdk/System/Library/Accounts/Notification/BTCloudPairingAccountNotificationPlugin.bundle/BTCloudPairingAccountNotificationPlugin.tbd
2026-06-03T08:46:45.7165630Z x iPhoneOS16.5.sdk/System/Library/Accounts/Notification/HomeKitAccountNotificationPlugin.bundle/
2026-06-03T08:46:45.7166490Z x iPhoneOS16.5.sdk/System/Library/Accounts/Notification/HomeKitAccountNotificationPlugin.bundle/HomeKitAccountNotificationPlugin.tbd
2026-06-03T08:46:45.7167210Z x iPhoneOS16.5.sdk/System/Library/Accounts/Notification/AppleIDSSONotificationPlugin.bundle/
2026-06-03T08:46:45.7167860Z x iPhoneOS16.5.sdk/System/Library/Accounts/Notification/AppleIDSSONotificationPlugin.bundle/AppleIDSSONotificationPlugin.tbd
2026-06-03T08:46:45.7168900Z x iPhoneOS16.5.sdk/System/Library/Accounts/Notification/SearchPartyAccountNotificationPlugin.bundle/
2026-06-03T08:46:45.7170060Z x iPhoneOS16.5.sdk/System/Library/Accounts/Notification/SearchPartyAccountNotificationPlugin.bundle/SearchPartyAccountNotificationPlugin.tbd
2026-06-03T08:46:45.7171320Z x iPhoneOS16.5.sdk/System/Library/Accounts/Notification/ASDAccountNotficationPlugin.bundle/
2026-06-03T08:46:45.7171960Z x iPhoneOS16.5.sdk/System/Library/Accounts/Notification/ASDAccountNotficationPlugin.bundle/ASDAccountNotficationPlugin.tbd
2026-06-03T08:46:45.7172610Z x iPhoneOS16.5.sdk/System/Library/Accounts/Notification/INDAccountNotificationPlugin.bundle/
2026-06-03T08:46:45.7173290Z x iPhoneOS16.5.sdk/System/Library/Accounts/Notification/INDAccountNotificationPlugin.bundle/INDAccountNotificationPlugin.tbd
2026-06-03T08:46:45.7173900Z x iPhoneOS16.5.sdk/System/Library/Accounts/Notification/DAAccountNotifier.bundle/
2026-06-03T08:46:45.7174500Z x iPhoneOS16.5.sdk/System/Library/Accounts/Notification/DAAccountNotifier.bundle/DAAccountNotifier.tbd
2026-06-03T08:46:45.7175060Z x iPhoneOS16.5.sdk/System/Library/Accounts/Notification/SecureBackupNotification.bundle/
2026-06-03T08:46:45.7176600Z x iPhoneOS16.5.sdk/System/Library/Accounts/Notification/SecureBackupNotification.bundle/SecureBackupNotification.tbd
2026-06-03T08:46:45.7177830Z x iPhoneOS16.5.sdk/System/Library/Accounts/Notification/RemindersAccountNotificationPlugin.bundle/
2026-06-03T08:46:45.7179310Z x iPhoneOS16.5.sdk/System/Library/Accounts/Notification/RemindersAccountNotificationPlugin.bundle/RemindersAccountNotificationPlugin.tbd
2026-06-03T08:46:45.7180040Z x iPhoneOS16.5.sdk/System/Library/Accounts/Notification/PhotosAccountNotificationPlugin.bundle/
2026-06-03T08:46:45.7180740Z x iPhoneOS16.5.sdk/System/Library/Accounts/Notification/PhotosAccountNotificationPlugin.bundle/PhotosAccountNotificationPlugin.tbd
2026-06-03T08:46:45.7181410Z x iPhoneOS16.5.sdk/System/Library/Accounts/Notification/DMDAccountNotificationPlugin.bundle/
2026-06-03T08:46:45.7182050Z x iPhoneOS16.5.sdk/System/Library/Accounts/Notification/DMDAccountNotificationPlugin.bundle/DMDAccountNotificationPlugin.tbd
2026-06-03T08:46:45.7182710Z x iPhoneOS16.5.sdk/System/Library/Accounts/Notification/IMAccountNotificationPlugin.bundle/
2026-06-03T08:46:45.7188540Z x iPhoneOS16.5.sdk/System/Library/Accounts/Notification/IMAccountNotificationPlugin.bundle/IMAccountNotificationPlugin.tbd
2026-06-03T08:46:45.7189360Z x iPhoneOS16.5.sdk/System/Library/Accounts/Notification/IDSAccountNotificationPlugin.bundle/
2026-06-03T08:46:45.7190200Z x iPhoneOS16.5.sdk/System/Library/Accounts/Notification/IDSAccountNotificationPlugin.bundle/IDSAccountNotificationPlugin.tbd
2026-06-03T08:46:45.7191020Z x iPhoneOS16.5.sdk/System/Library/Accounts/Notification/FMFLocatorAccountNotificationPlugin.bundle/
2026-06-03T08:46:45.7191910Z x iPhoneOS16.5.sdk/System/Library/Accounts/Notification/FMFLocatorAccountNotificationPlugin.bundle/FMFLocatorAccountNotificationPlugin.tbd
2026-06-03T08:46:45.7192640Z x iPhoneOS16.5.sdk/System/Library/Accounts/Notification/ACDatabaseBackupNotificationPlugin.bundle/
2026-06-03T08:46:45.7193380Z x iPhoneOS16.5.sdk/System/Library/Accounts/Notification/ACDatabaseBackupNotificationPlugin.bundle/ACDatabaseBackupNotificationPlugin.tbd
2026-06-03T08:46:45.7194610Z x iPhoneOS16.5.sdk/System/Library/Accounts/Notification/CoreIDVAccountNotificationPlugin.bundle/
2026-06-03T08:46:45.7195520Z x iPhoneOS16.5.sdk/System/Library/Accounts/Notification/CoreIDVAccountNotificationPlugin.bundle/CoreIDVAccountNotificationPlugin.tbd
2026-06-03T08:46:45.7196230Z x iPhoneOS16.5.sdk/System/Library/Accounts/Notification/RPAccountNotificationPlugin.bundle/
2026-06-03T08:46:45.7196930Z x iPhoneOS16.5.sdk/System/Library/Accounts/Notification/RPAccountNotificationPlugin.bundle/RPAccountNotificationPlugin.tbd
2026-06-03T08:46:45.7197790Z x iPhoneOS16.5.sdk/System/Library/Accounts/Notification/AAIDMSAccountNotificationPlugin.bundle/
2026-06-03T08:46:45.7198490Z x iPhoneOS16.5.sdk/System/Library/Accounts/Notification/AAIDMSAccountNotificationPlugin.bundle/AAIDMSAccountNotificationPlugin.tbd
2026-06-03T08:46:45.7199210Z x iPhoneOS16.5.sdk/System/Library/Accounts/Notification/ShortcutsCloudKitAccountNotificationPlugin.bundle/
2026-06-03T08:46:45.7200020Z x iPhoneOS16.5.sdk/System/Library/Accounts/Notification/ShortcutsCloudKitAccountNotificationPlugin.bundle/ShortcutsCloudKitAccountNotificationPlugin.tbd
2026-06-03T08:46:45.7200790Z x iPhoneOS16.5.sdk/System/Library/Accounts/Notification/KeychainSyncAccountNotification.bundle/
2026-06-03T08:46:45.7201520Z x iPhoneOS16.5.sdk/System/Library/Accounts/Notification/KeychainSyncAccountNotification.bundle/KeychainSyncAccountNotification.tbd
2026-06-03T08:46:45.7202250Z x iPhoneOS16.5.sdk/System/Library/Accounts/Notification/SocialAccountNotificationPlugin.bundle/
2026-06-03T08:46:45.7202950Z x iPhoneOS16.5.sdk/System/Library/Accounts/Notification/SocialAccountNotificationPlugin.bundle/SocialAccountNotificationPlugin.tbd
2026-06-03T08:46:45.7203590Z x iPhoneOS16.5.sdk/System/Library/Accounts/Notification/CloudKitNotificationPlugin.bundle/
2026-06-03T08:46:45.7204230Z x iPhoneOS16.5.sdk/System/Library/Accounts/Notification/CloudKitNotificationPlugin.bundle/CloudKitNotificationPlugin.tbd
2026-06-03T08:46:45.7204940Z x iPhoneOS16.5.sdk/System/Library/Accounts/Notification/FindMyDeviceAccountNotificationPlugin.bundle/
2026-06-03T08:46:45.7205680Z x iPhoneOS16.5.sdk/System/Library/Accounts/Notification/FindMyDeviceAccountNotificationPlugin.bundle/FindMyDeviceAccountNotificationPlugin.tbd
2026-06-03T08:46:45.7206400Z x iPhoneOS16.5.sdk/System/Library/Accounts/Notification/ADAccountsNotificationPlugin.bundle/
2026-06-03T08:46:45.7207080Z x iPhoneOS16.5.sdk/System/Library/Accounts/Notification/ADAccountsNotificationPlugin.bundle/ADAccountsNotificationPlugin.tbd
2026-06-03T08:46:45.7207810Z x iPhoneOS16.5.sdk/System/Library/Accounts/Notification/PassbookAccountNotificationPlugin.bundle/
2026-06-03T08:46:45.7208560Z x iPhoneOS16.5.sdk/System/Library/Accounts/Notification/PassbookAccountNotificationPlugin.bundle/PassbookAccountNotificationPlugin.tbd
2026-06-03T08:46:45.7209240Z x iPhoneOS16.5.sdk/System/Library/Accounts/Notification/DonationAccountWatcher.bundle/
2026-06-03T08:46:45.7210180Z x iPhoneOS16.5.sdk/System/Library/Accounts/Notification/DonationAccountWatcher.bundle/DonationAccountWatcher.tbd
2026-06-03T08:46:45.7210890Z x iPhoneOS16.5.sdk/System/Library/Accounts/Notification/MobileSyncAccountNotificationPlugin.bundle/
2026-06-03T08:46:45.7211610Z x iPhoneOS16.5.sdk/System/Library/Accounts/Notification/MobileSyncAccountNotificationPlugin.bundle/MobileSyncAccountNotificationPlugin.tbd
2026-06-03T08:46:45.7212320Z x iPhoneOS16.5.sdk/System/Library/Accounts/Notification/MessageAccountNotificationPlugin.bundle/
2026-06-03T08:46:45.7213060Z x iPhoneOS16.5.sdk/System/Library/Accounts/Notification/MessageAccountNotificationPlugin.bundle/MessageAccountNotificationPlugin.tbd
2026-06-03T08:46:45.7213770Z x iPhoneOS16.5.sdk/System/Library/Accounts/Notification/AKAccountNotificationPlugin.bundle/
2026-06-03T08:46:45.7214420Z x iPhoneOS16.5.sdk/System/Library/Accounts/Notification/AKAccountNotificationPlugin.bundle/AKAccountNotificationPlugin.tbd
2026-06-03T08:46:45.7215170Z x iPhoneOS16.5.sdk/System/Library/AccessibilityBundles/
2026-06-03T08:46:45.7215880Z x iPhoneOS16.5.sdk/System/Library/AccessibilityBundles/AccountsUI.axbundle/
2026-06-03T08:46:45.7216380Z x iPhoneOS16.5.sdk/System/Library/AccessibilityBundles/AccountsUI.axbundle/AccountsUI.tbd
2026-06-03T08:46:45.7216850Z x iPhoneOS16.5.sdk/System/Library/AccessibilityBundles/WebProcess.axbundle/
2026-06-03T08:46:45.7217360Z x iPhoneOS16.5.sdk/System/Library/AccessibilityBundles/WebProcess.axbundle/WebProcess.tbd
2026-06-03T08:46:45.7217860Z x iPhoneOS16.5.sdk/System/Library/AccessibilityBundles/CameraEditKitFramework.axbundle/
2026-06-03T08:46:45.7218470Z x iPhoneOS16.5.sdk/System/Library/AccessibilityBundles/CameraEditKitFramework.axbundle/CameraEditKitFramework.tbd
2026-06-03T08:46:45.7219050Z x iPhoneOS16.5.sdk/System/Library/AccessibilityBundles/WebKit.axbundle/
2026-06-03T08:46:45.7219470Z x iPhoneOS16.5.sdk/System/Library/AccessibilityBundles/WebKit.axbundle/WebKit.tbd
2026-06-03T08:46:45.7219980Z x iPhoneOS16.5.sdk/System/Library/AccessibilityBundles/AccessibilitySettingsLoader.bundle/
2026-06-03T08:46:45.7220610Z x iPhoneOS16.5.sdk/System/Library/AccessibilityBundles/AccessibilitySettingsLoader.bundle/AccessibilitySettingsLoader.tbd
2026-06-03T08:46:45.7221230Z x iPhoneOS16.5.sdk/System/Library/AccessibilityBundles/MediaPlayerFramework.axbundle/
2026-06-03T08:46:45.7222670Z x iPhoneOS16.5.sdk/System/Library/AccessibilityBundles/MediaPlayerFramework.axbundle/MediaPlayerFramework.tbd
2026-06-03T08:46:45.7223220Z x iPhoneOS16.5.sdk/System/Library/AccessibilityBundles/Memories.axbundle/
2026-06-03T08:46:45.7223670Z x iPhoneOS16.5.sdk/System/Library/AccessibilityBundles/Memories.axbundle/Memories.tbd
2026-06-03T08:46:45.7224130Z x iPhoneOS16.5.sdk/System/Library/AccessibilityBundles/LinkPresentation.axbundle/
2026-06-03T08:46:45.7224660Z x iPhoneOS16.5.sdk/System/Library/AccessibilityBundles/LinkPresentation.axbundle/LinkPresentation.tbd
2026-06-03T08:46:45.7225200Z x iPhoneOS16.5.sdk/System/Library/AccessibilityBundles/PhotosUIFramework.axbundle/
2026-06-03T08:46:45.7225770Z x iPhoneOS16.5.sdk/System/Library/AccessibilityBundles/PhotosUIFramework.axbundle/PhotosUIFramework.tbd
2026-06-03T08:46:45.7226280Z x iPhoneOS16.5.sdk/System/Library/AccessibilityBundles/CameraKit.axbundle/
2026-06-03T08:46:45.7229120Z x iPhoneOS16.5.sdk/System/Library/AccessibilityBundles/CameraKit.axbundle/CameraKit.tbd
2026-06-03T08:46:45.7229640Z x iPhoneOS16.5.sdk/System/Library/AccessibilityBundles/WebProcessLoader.axbundle/
2026-06-03T08:46:45.7231610Z x iPhoneOS16.5.sdk/System/Library/AccessibilityBundles/WebProcessLoader.axbundle/WebProcessLoader.tbd
2026-06-03T08:46:45.7232200Z x iPhoneOS16.5.sdk/System/Library/AccessibilityBundles/MediaPlayerUIFramework.axbundle/
2026-06-03T08:46:45.7232880Z x iPhoneOS16.5.sdk/System/Library/AccessibilityBundles/MediaPlayerUIFramework.axbundle/MediaPlayerUIFramework.tbd
2026-06-03T08:46:45.7233480Z x iPhoneOS16.5.sdk/System/Library/AccessibilityBundles/AXActionSheetUIServer.axuiservice/
2026-06-03T08:46:45.7234120Z x iPhoneOS16.5.sdk/System/Library/AccessibilityBundles/AXActionSheetUIServer.axuiservice/AXActionSheetUIServer.tbd
2026-06-03T08:46:45.7235080Z x iPhoneOS16.5.sdk/System/Library/AccessibilityBundles/PhotosUICore.axbundle/
2026-06-03T08:46:45.7235960Z x iPhoneOS16.5.sdk/System/Library/AccessibilityBundles/PhotosUICore.axbundle/PhotosUICore.tbd
2026-06-03T08:46:45.7236590Z x iPhoneOS16.5.sdk/System/Library/AccessibilityBundles/PhotoLibraryServices.axbundle/
2026-06-03T08:46:45.7237540Z x iPhoneOS16.5.sdk/System/Library/AccessibilityBundles/PhotoLibraryServices.axbundle/PhotoLibraryServices.tbd
2026-06-03T08:46:45.7238120Z x iPhoneOS16.5.sdk/System/Library/AccessibilityBundles/WebCore.axbundle/
2026-06-03T08:46:45.7238860Z x iPhoneOS16.5.sdk/System/Library/AccessibilityBundles/WebCore.axbundle/WebCore.tbd
2026-06-03T08:46:45.7239370Z x iPhoneOS16.5.sdk/System/Library/AccessibilityBundles/RemoteUIFramework.axbundle/
2026-06-03T08:46:45.7240310Z x iPhoneOS16.5.sdk/System/Library/AccessibilityBundles/RemoteUIFramework.axbundle/RemoteUIFramework.tbd
2026-06-03T08:46:45.7241180Z x iPhoneOS16.5.sdk/System/Library/AccessibilityBundles/WebKitLegacy.axbundle/
2026-06-03T08:46:45.7241750Z x iPhoneOS16.5.sdk/System/Library/AccessibilityBundles/WebKitLegacy.axbundle/WebKitLegacy.tbd
2026-06-03T08:46:45.7242350Z x iPhoneOS16.5.sdk/System/Library/AccessibilityBundles/CameraUI.axbundle/
2026-06-03T08:46:45.7243890Z x iPhoneOS16.5.sdk/System/Library/AccessibilityBundles/CameraUI.axbundle/CameraUI.tbd
2026-06-03T08:46:45.7244380Z x iPhoneOS16.5.sdk/System/Library/AccessibilityBundles/SocialFramework.axbundle/
2026-06-03T08:46:45.7245350Z x iPhoneOS16.5.sdk/System/Library/AccessibilityBundles/SocialFramework.axbundle/SocialFramework.tbd
2026-06-03T08:46:45.7245890Z x iPhoneOS16.5.sdk/System/Library/AccessibilityBundles/PhotosEditUI.axbundle/
2026-06-03T08:46:45.7246810Z x iPhoneOS16.5.sdk/System/Library/AccessibilityBundles/PhotosEditUI.axbundle/PhotosEditUI.tbd
2026-06-03T08:46:45.7247370Z x iPhoneOS16.5.sdk/System/Library/AccessibilityBundles/MessageUIFramework.axbundle/
2026-06-03T08:46:45.7248260Z x iPhoneOS16.5.sdk/System/Library/AccessibilityBundles/MessageUIFramework.axbundle/MessageUIFramework.tbd
2026-06-03T08:46:45.7248790Z x iPhoneOS16.5.sdk/System/Library/AccessibilityBundles/PassKitFramework.axbundle/
2026-06-03T08:46:45.7253000Z x iPhoneOS16.5.sdk/System/Library/AccessibilityBundles/PassKitFramework.axbundle/PassKitFramework.tbd
2026-06-03T08:46:45.7254480Z x iPhoneOS16.5.sdk/System/Library/AccessibilityBundles/DDActionsService.axbundle/
2026-06-03T08:46:45.7256740Z x iPhoneOS16.5.sdk/System/Library/AccessibilityBundles/DDActionsService.axbundle/DDActionsService.tbd
2026-06-03T08:46:45.7257300Z x iPhoneOS16.5.sdk/System/Library/AccessibilityBundles/AXSpeechImplementation.bundle/
2026-06-03T08:46:45.7257890Z x iPhoneOS16.5.sdk/System/Library/AccessibilityBundles/AXSpeechImplementation.bundle/AXSpeechImplementation.tbd
2026-06-03T08:46:45.7258650Z x iPhoneOS16.5.sdk/System/Library/AccessibilityBundles/HearingAidUIServer.axuiservice/
2026-06-03T08:46:45.7259260Z x iPhoneOS16.5.sdk/System/Library/AccessibilityBundles/HearingAidUIServer.axuiservice/HearingAidUIServer.tbd
2026-06-03T08:46:45.7259800Z x iPhoneOS16.5.sdk/System/Library/AccessibilityBundles/PhotosFramework.axbundle/
2026-06-03T08:46:45.7262980Z x iPhoneOS16.5.sdk/System/Library/AccessibilityBundles/PhotosFramework.axbundle/PhotosFramework.tbd
2026-06-03T08:46:45.7263500Z x iPhoneOS16.5.sdk/System/Library/AccessibilityBundles/QuickSpeak.bundle/
2026-06-03T08:46:45.7263960Z x iPhoneOS16.5.sdk/System/Library/AccessibilityBundles/QuickSpeak.bundle/QuickSpeak.tbd
2026-06-03T08:46:45.7264480Z x iPhoneOS16.5.sdk/System/Library/AccessibilityBundles/QuickLook.axbundle/
2026-06-03T08:46:45.7265390Z x iPhoneOS16.5.sdk/System/Library/AccessibilityBundles/QuickLook.axbundle/QuickLook.tbd
2026-06-03T08:46:45.7265880Z x iPhoneOS16.5.sdk/System/Library/AccessibilityBundles/AssetExplorer.axbundle/
2026-06-03T08:46:45.7266930Z x iPhoneOS16.5.sdk/System/Library/AccessibilityBundles/AssetExplorer.axbundle/AssetExplorer.tbd
2026-06-03T08:46:45.7267780Z x iPhoneOS16.5.sdk/System/Library/AccessibilityBundles/PhotoLibraryFramework.axbundle/
2026-06-03T08:46:45.7269290Z x iPhoneOS16.5.sdk/System/Library/AccessibilityBundles/PhotoLibraryFramework.axbundle/PhotoLibraryFramework.tbd
2026-06-03T08:46:45.7269890Z x iPhoneOS16.5.sdk/System/Library/AccessibilityBundles/StoreKitFramework.axbundle/
2026-06-03T08:46:45.7270690Z x iPhoneOS16.5.sdk/System/Library/AccessibilityBundles/StoreKitFramework.axbundle/StoreKitFramework.tbd
2026-06-03T08:46:45.7271420Z x iPhoneOS16.5.sdk/System/Library/AccessibilityBundles/AddressBookUIFramework.axbundle/
2026-06-03T08:46:45.7272000Z x iPhoneOS16.5.sdk/System/Library/AccessibilityBundles/AddressBookUIFramework.axbundle/AddressBookUIFramework.tbd
2026-06-03T08:46:45.7272590Z x iPhoneOS16.5.sdk/System/Library/AccessibilityBundles/iTunesStoreFramework.axbundle/
2026-06-03T08:46:45.7273140Z x iPhoneOS16.5.sdk/System/Library/AccessibilityBundles/iTunesStoreFramework.axbundle/iTunesStoreFramework.tbd
2026-06-03T08:46:45.7274050Z x iPhoneOS16.5.sdk/System/Library/AccessibilityBundles/UIKit.axbundle/
2026-06-03T08:46:45.7278340Z x iPhoneOS16.5.sdk/System/Library/AccessibilityBundles/UIKit.axbundle/UIKit.tbd
2026-06-03T08:46:45.7278790Z x iPhoneOS16.5.sdk/System/Library/AccessibilityBundles/StoreKitUI.axbundle/
2026-06-03T08:46:45.7279380Z x iPhoneOS16.5.sdk/System/Library/AccessibilityBundles/StoreKitUI.axbundle/StoreKitUI.tbd
2026-06-03T08:46:45.7279960Z x iPhoneOS16.5.sdk/System/Library/Frameworks/
2026-06-03T08:46:45.7280660Z x iPhoneOS16.5.sdk/System/Library/Frameworks/AVKit.framework/
2026-06-03T08:46:45.7281220Z x iPhoneOS16.5.sdk/System/Library/Frameworks/AVKit.framework/Modules/
2026-06-03T08:46:45.7281650Z x iPhoneOS16.5.sdk/System/Library/Frameworks/AVKit.framework/Modules/module.modulemap
2026-06-03T08:46:45.7282200Z x iPhoneOS16.5.sdk/System/Library/Frameworks/AVKit.framework/Modules/AVKit.swiftmodule/
2026-06-03T08:46:45.7283000Z x iPhoneOS16.5.sdk/System/Library/Frameworks/AVKit.framework/Modules/AVKit.swiftmodule/arm64e-apple-ios.swiftdoc
2026-06-03T08:46:45.7301440Z x iPhoneOS16.5.sdk/System/Library/Frameworks/AVKit.framework/Modules/AVKit.swiftmodule/arm64-apple-ios.swiftdoc
2026-06-03T08:46:45.7302320Z x iPhoneOS16.5.sdk/System/Library/Frameworks/AVKit.framework/Modules/AVKit.swiftmodule/arm64e-apple-ios.swiftinterface
2026-06-03T08:46:45.7303230Z x iPhoneOS16.5.sdk/System/Library/Frameworks/AVKit.framework/Modules/AVKit.swiftmodule/arm64-apple-ios.swiftinterface
2026-06-03T08:46:45.7304100Z x iPhoneOS16.5.sdk/System/Library/Frameworks/AVKit.framework/Modules/AVKit.swiftcrossimport/
2026-06-03T08:46:45.7304850Z x iPhoneOS16.5.sdk/System/Library/Frameworks/AVKit.framework/Modules/AVKit.swiftcrossimport/SwiftUI.swiftoverlay
2026-06-03T08:46:45.7305620Z x iPhoneOS16.5.sdk/System/Library/Frameworks/AVKit.framework/Headers/
2026-06-03T08:46:45.7306230Z x iPhoneOS16.5.sdk/System/Library/Frameworks/AVKit.framework/Headers/AVError.h
2026-06-03T08:46:45.7308830Z x iPhoneOS16.5.sdk/System/Library/Frameworks/AVKit.framework/Headers/AVPlayerViewController.h
2026-06-03T08:46:45.7309470Z x iPhoneOS16.5.sdk/System/Library/Frameworks/AVKit.framework/Headers/AVKitDefines.h
2026-06-03T08:46:45.7310280Z x iPhoneOS16.5.sdk/System/Library/Frameworks/AVKit.framework/Headers/AVInterstitialTimeRange.h
2026-06-03T08:46:45.7311110Z x iPhoneOS16.5.sdk/System/Library/Frameworks/AVKit.framework/Headers/AVPictureInPictureController_AVSampleBufferDisplayLayerSupport.h
2026-06-03T08:46:45.7312200Z x iPhoneOS16.5.sdk/System/Library/Frameworks/AVKit.framework/Headers/AVRoutePickerView.h
2026-06-03T08:46:45.7313060Z x iPhoneOS16.5.sdk/System/Library/Frameworks/AVKit.framework/Headers/AVPictureInPictureController_VideoCallSupport.h
2026-06-03T08:46:45.7314760Z x iPhoneOS16.5.sdk/System/Library/Frameworks/AVKit.framework/Headers/AVPlaybackRouteSelecting.h
2026-06-03T08:46:45.7315310Z x iPhoneOS16.5.sdk/System/Library/Frameworks/AVKit.framework/Headers/AVPictureInPictureController.h
2026-06-03T08:46:45.7316110Z x iPhoneOS16.5.sdk/System/Library/Frameworks/AVKit.framework/Headers/AVKit.h
2026-06-03T08:46:45.7317360Z x iPhoneOS16.5.sdk/System/Library/Frameworks/AVKit.framework/Headers/AVPlayerItem+AVKitAdditions.h
2026-06-03T08:46:45.7323160Z x iPhoneOS16.5.sdk/System/Library/Frameworks/AVKit.framework/Headers/AVKit.apinotes
2026-06-03T08:46:45.7324150Z x iPhoneOS16.5.sdk/System/Library/Frameworks/AVKit.framework/Headers/AVPlaybackSpeed.h
2026-06-03T08:46:45.7325630Z x iPhoneOS16.5.sdk/System/Library/Frameworks/AVKit.framework/AVKit.tbd
2026-06-03T08:46:45.7326040Z x iPhoneOS16.5.sdk/System/Library/Frameworks/_CoreData_CloudKit.framework/
2026-06-03T08:46:45.7326460Z x iPhoneOS16.5.sdk/System/Library/Frameworks/_CoreData_CloudKit.framework/Modules/
2026-06-03T08:46:45.7327150Z x iPhoneOS16.5.sdk/System/Library/Frameworks/_CoreData_CloudKit.framework/Modules/module.modulemap
2026-06-03T08:46:45.7327740Z x iPhoneOS16.5.sdk/System/Library/Frameworks/_CoreData_CloudKit.framework/Modules/_CoreData_CloudKit.swiftmodule/
2026-06-03T08:46:45.7328730Z x iPhoneOS16.5.sdk/System/Library/Frameworks/_CoreData_CloudKit.framework/Modules/_CoreData_CloudKit.swiftmodule/arm64e-apple-ios.swiftdoc
2026-06-03T08:46:45.7329900Z x iPhoneOS16.5.sdk/System/Library/Frameworks/_CoreData_CloudKit.framework/Modules/_CoreData_CloudKit.swiftmodule/arm64-apple-ios.swiftdoc
2026-06-03T08:46:45.7331050Z x iPhoneOS16.5.sdk/System/Library/Frameworks/_CoreData_CloudKit.framework/Modules/_CoreData_CloudKit.swiftmodule/arm64e-apple-ios.swiftinterface
2026-06-03T08:46:45.7332800Z x iPhoneOS16.5.sdk/System/Library/Frameworks/_CoreData_CloudKit.framework/Modules/_CoreData_CloudKit.swiftmodule/arm64-apple-ios.swiftinterface
2026-06-03T08:46:45.7333450Z x iPhoneOS16.5.sdk/System/Library/Frameworks/_CoreData_CloudKit.framework/Headers/
2026-06-03T08:46:45.7333970Z x iPhoneOS16.5.sdk/System/Library/Frameworks/_CoreData_CloudKit.framework/Headers/_CoreData_CloudKit.h
2026-06-03T08:46:45.7334530Z x iPhoneOS16.5.sdk/System/Library/Frameworks/_CoreData_CloudKit.framework/_CoreData_CloudKit.tbd
2026-06-03T08:46:45.7335010Z x iPhoneOS16.5.sdk/System/Library/Frameworks/CoreTransferable.framework/
2026-06-03T08:46:45.7335430Z x iPhoneOS16.5.sdk/System/Library/Frameworks/CoreTransferable.framework/Modules/
2026-06-03T08:46:45.7336130Z x iPhoneOS16.5.sdk/System/Library/Frameworks/CoreTransferable.framework/Modules/module.modulemap
2026-06-03T08:46:45.7336720Z x iPhoneOS16.5.sdk/System/Library/Frameworks/CoreTransferable.framework/Modules/CoreTransferable.swiftmodule/
2026-06-03T08:46:45.7340730Z x iPhoneOS16.5.sdk/System/Library/Frameworks/CoreTransferable.framework/Modules/CoreTransferable.swiftmodule/arm64e-apple-ios.swiftdoc
2026-06-03T08:46:45.7341890Z x iPhoneOS16.5.sdk/System/Library/Frameworks/CoreTransferable.framework/Modules/CoreTransferable.swiftmodule/arm64-apple-ios.swiftdoc
2026-06-03T08:46:45.7346350Z x iPhoneOS16.5.sdk/System/Library/Frameworks/CoreTransferable.framework/Modules/CoreTransferable.swiftmodule/arm64e-apple-ios.swiftinterface
2026-06-03T08:46:45.7347400Z x iPhoneOS16.5.sdk/System/Library/Frameworks/CoreTransferable.framework/Modules/CoreTransferable.swiftmodule/arm64-apple-ios.swiftinterface
2026-06-03T08:46:45.7348050Z x iPhoneOS16.5.sdk/System/Library/Frameworks/CoreTransferable.framework/Headers/
2026-06-03T08:46:45.7348770Z x iPhoneOS16.5.sdk/System/Library/Frameworks/CoreTransferable.framework/Headers/CoreTransferable.h
2026-06-03T08:46:45.7350250Z x iPhoneOS16.5.sdk/System/Library/Frameworks/CoreTransferable.framework/CoreTransferable.tbd
2026-06-03T08:46:45.7350690Z x iPhoneOS16.5.sdk/System/Library/Frameworks/Network.framework/
2026-06-03T08:46:45.7351050Z x iPhoneOS16.5.sdk/System/Library/Frameworks/Network.framework/Modules/
2026-06-03T08:46:45.7351600Z x iPhoneOS16.5.sdk/System/Library/Frameworks/Network.framework/Modules/module.modulemap
2026-06-03T08:46:45.7352030Z x iPhoneOS16.5.sdk/System/Library/Frameworks/Network.framework/Headers/
2026-06-03T08:46:45.7357890Z x iPhoneOS16.5.sdk/System/Library/Frameworks/Network.framework/Headers/ethernet_channel.h
2026-06-03T08:46:45.7359060Z x iPhoneOS16.5.sdk/System/Library/Frameworks/Network.framework/Headers/connection_group.h
2026-06-03T08:46:45.7360000Z x iPhoneOS16.5.sdk/System/Library/Frameworks/Network.framework/Headers/quic_options.h
2026-06-03T08:46:45.7361240Z x iPhoneOS16.5.sdk/System/Library/Frameworks/Network.framework/Headers/browser.h
2026-06-03T08:46:45.7373930Z x iPhoneOS16.5.sdk/System/Library/Frameworks/Network.framework/Headers/interface.h
2026-06-03T08:46:45.7376820Z x iPhoneOS16.5.sdk/System/Library/Frameworks/Network.framework/Headers/udp_options.h
2026-06-03T08:46:45.7379530Z x iPhoneOS16.5.sdk/System/Library/Frameworks/Network.framework/Headers/browse_descriptor.h
2026-06-03T08:46:45.7383750Z x iPhoneOS16.5.sdk/System/Library/Frameworks/Network.framework/Headers/framer_options.h
2026-06-03T08:46:45.7394830Z x iPhoneOS16.5.sdk/System/Library/Frameworks/Network.framework/Headers/parameters.h
2026-06-03T08:46:45.7399660Z x iPhoneOS16.5.sdk/System/Library/Frameworks/Network.framework/Headers/error.h
2026-06-03T08:46:45.7405900Z x iPhoneOS16.5.sdk/System/Library/Frameworks/Network.framework/Headers/Network.h
2026-06-03T08:46:45.7408060Z x iPhoneOS16.5.sdk/System/Library/Frameworks/Network.framework/Headers/content_context.h
2026-06-03T08:46:45.7409380Z x iPhoneOS16.5.sdk/System/Library/Frameworks/Network.framework/Headers/listener.h
2026-06-03T08:46:45.7413750Z x iPhoneOS16.5.sdk/System/Library/Frameworks/Network.framework/Headers/endpoint.h
2026-06-03T08:46:45.7416820Z x iPhoneOS16.5.sdk/System/Library/Frameworks/Network.framework/Headers/connection_report.h
2026-06-03T08:46:45.7419700Z x iPhoneOS16.5.sdk/System/Library/Frameworks/Network.framework/Headers/privacy_context.h
2026-06-03T08:46:45.7428660Z x iPhoneOS16.5.sdk/System/Library/Frameworks/Network.framework/Headers/connection.h
2026-06-03T08:46:45.7436580Z x iPhoneOS16.5.sdk/System/Library/Frameworks/Network.framework/Headers/ip_options.h
2026-06-03T08:46:45.7438220Z x iPhoneOS16.5.sdk/System/Library/Frameworks/Network.framework/Headers/browse_result.h
2026-06-03T08:46:45.7439500Z x iPhoneOS16.5.sdk/System/Library/Frameworks/Network.framework/Headers/txt_record.h
2026-06-03T08:46:45.7440710Z x iPhoneOS16.5.sdk/System/Library/Frameworks/Network.framework/Headers/nw_object.h
2026-06-03T08:46:45.7444030Z x iPhoneOS16.5.sdk/System/Library/Frameworks/Network.framework/Headers/ws_options.h
2026-06-03T08:46:45.7445470Z x iPhoneOS16.5.sdk/System/Library/Frameworks/Network.framework/Headers/tls_options.h
2026-06-03T08:46:45.7449200Z x iPhoneOS16.5.sdk/System/Library/Frameworks/Network.framework/Headers/tcp_options.h
2026-06-03T08:46:45.7452010Z x iPhoneOS16.5.sdk/System/Library/Frameworks/Network.framework/Headers/advertise_descriptor.h
2026-06-03T08:46:45.7454630Z x iPhoneOS16.5.sdk/System/Library/Frameworks/Network.framework/Headers/protocol_options.h
2026-06-03T08:46:45.7457280Z x iPhoneOS16.5.sdk/System/Library/Frameworks/Network.framework/Headers/group_descriptor.h
2026-06-03T08:46:45.7460980Z x iPhoneOS16.5.sdk/System/Library/Frameworks/Network.framework/Headers/resolver_config.h
2026-06-03T08:46:45.7463710Z x iPhoneOS16.5.sdk/System/Library/Frameworks/Network.framework/Headers/path.h
2026-06-03T08:46:45.7465890Z x iPhoneOS16.5.sdk/System/Library/Frameworks/Network.framework/Headers/Network.apinotes
2026-06-03T08:46:45.7468890Z x iPhoneOS16.5.sdk/System/Library/Frameworks/Network.framework/Headers/path_monitor.h
2026-06-03T08:46:45.7501410Z x iPhoneOS16.5.sdk/System/Library/Frameworks/Network.framework/Network.tbd
2026-06-03T08:46:45.7502470Z x iPhoneOS16.5.sdk/System/Library/Frameworks/PDFKit.framework/
2026-06-03T08:46:45.7503150Z x iPhoneOS16.5.sdk/System/Library/Frameworks/PDFKit.framework/Modules/
2026-06-03T08:46:45.7512690Z x iPhoneOS16.5.sdk/System/Library/Frameworks/PDFKit.framework/Modules/module.modulemap
2026-06-03T08:46:45.7513840Z x iPhoneOS16.5.sdk/System/Library/Frameworks/PDFKit.framework/Headers/
2026-06-03T08:46:45.7514300Z x iPhoneOS16.5.sdk/System/Library/Frameworks/PDFKit.framework/Headers/PDFActionResetForm.h
2026-06-03T08:46:45.7514880Z x iPhoneOS16.5.sdk/System/Library/Frameworks/PDFKit.framework/Headers/PDFPageOverlayViewProvider.h
2026-06-03T08:46:45.7515660Z x iPhoneOS16.5.sdk/System/Library/Frameworks/PDFKit.framework/Headers/PDFKit.apinotes
2026-06-03T08:46:45.7516130Z x iPhoneOS16.5.sdk/System/Library/Frameworks/PDFKit.framework/Headers/PDFOutline.h
2026-06-03T08:46:45.7516570Z x iPhoneOS16.5.sdk/System/Library/Frameworks/PDFKit.framework/Headers/PDFPage.h
2026-06-03T08:46:45.7520980Z x iPhoneOS16.5.sdk/System/Library/Frameworks/PDFKit.framework/Headers/PDFKitPlatform.h
2026-06-03T08:46:45.7522150Z x iPhoneOS16.5.sdk/System/Library/Frameworks/PDFKit.framework/Headers/PDFThumbnailView.h
2026-06-03T08:46:45.7523260Z x iPhoneOS16.5.sdk/System/Library/Frameworks/PDFKit.framework/Headers/PDFBorder.h
2026-06-03T08:46:45.7524060Z x iPhoneOS16.5.sdk/System/Library/Frameworks/PDFKit.framework/Headers/PDFActionNamed.h
2026-06-03T08:46:45.7525250Z x iPhoneOS16.5.sdk/System/Library/Frameworks/PDFKit.framework/Headers/PDFActionRemoteGoTo.h
2026-06-03T08:46:45.7526970Z x iPhoneOS16.5.sdk/System/Library/Frameworks/PDFKit.framework/Headers/PDFAnnotation.h
2026-06-03T08:46:45.7527910Z x iPhoneOS16.5.sdk/System/Library/Frameworks/PDFKit.framework/Headers/PDFKit.h
2026-06-03T08:46:45.7535250Z x iPhoneOS16.5.sdk/System/Library/Frameworks/PDFKit.framework/Headers/PDFView.h
2026-06-03T08:46:45.7535810Z x iPhoneOS16.5.sdk/System/Library/Frameworks/PDFKit.framework/Headers/PDFDestination.h
2026-06-03T08:46:45.7536670Z x iPhoneOS16.5.sdk/System/Library/Frameworks/PDFKit.framework/Headers/PDFAppearanceCharacteristics.h
2026-06-03T08:46:45.7537820Z x iPhoneOS16.5.sdk/System/Library/Frameworks/PDFKit.framework/Headers/PDFActionURL.h
2026-06-03T08:46:45.7539450Z x iPhoneOS16.5.sdk/System/Library/Frameworks/PDFKit.framework/Headers/PDFAction.h
2026-06-03T08:46:45.7540470Z x iPhoneOS16.5.sdk/System/Library/Frameworks/PDFKit.framework/Headers/PDFActionGoTo.h
2026-06-03T08:46:45.7541880Z x iPhoneOS16.5.sdk/System/Library/Frameworks/PDFKit.framework/Headers/PDFDocument.h
2026-06-03T08:46:45.7542570Z x iPhoneOS16.5.sdk/System/Library/Frameworks/PDFKit.framework/Headers/PDFSelection.h
2026-06-03T08:46:45.7543620Z x iPhoneOS16.5.sdk/System/Library/Frameworks/PDFKit.framework/Headers/PDFAnnotationUtilities.h
2026-06-03T08:46:45.7548440Z x iPhoneOS16.5.sdk/System/Library/Frameworks/PDFKit.framework/PDFKit.tbd
2026-06-03T08:46:45.7549030Z x iPhoneOS16.5.sdk/System/Library/Frameworks/HomeKit.framework/
2026-06-03T08:46:45.7549550Z x iPhoneOS16.5.sdk/System/Library/Frameworks/HomeKit.framework/Modules/
2026-06-03T08:46:45.7550510Z x iPhoneOS16.5.sdk/System/Library/Frameworks/HomeKit.framework/Modules/module.modulemap
2026-06-03T08:46:45.7551170Z x iPhoneOS16.5.sdk/System/Library/Frameworks/HomeKit.framework/Modules/HomeKit.swiftcrossimport/
2026-06-03T08:46:45.7552210Z x iPhoneOS16.5.sdk/System/Library/Frameworks/HomeKit.framework/Modules/HomeKit.swiftcrossimport/SwiftUI.swiftoverlay
2026-06-03T08:46:45.7552750Z x iPhoneOS16.5.sdk/System/Library/Frameworks/HomeKit.framework/Headers/
2026-06-03T08:46:45.7553390Z x iPhoneOS16.5.sdk/System/Library/Frameworks/HomeKit.framework/Headers/HMSignificantTimeEvent.h
2026-06-03T08:46:45.7554920Z x iPhoneOS16.5.sdk/System/Library/Frameworks/HomeKit.framework/Headers/HMAddAccessoryRequest.h
2026-06-03T08:46:45.7556070Z x iPhoneOS16.5.sdk/System/Library/Frameworks/HomeKit.framework/Headers/HMAccessoryCategoryTypes.h
2026-06-03T08:46:45.7557030Z x iPhoneOS16.5.sdk/System/Library/Frameworks/HomeKit.framework/Headers/HMCharacteristicTypes.h
2026-06-03T08:46:45.7562080Z x iPhoneOS16.5.sdk/System/Library/Frameworks/HomeKit.framework/Headers/HMAccessoryBrowser.h
2026-06-03T08:46:45.7563080Z x iPhoneOS16.5.sdk/System/Library/Frameworks/HomeKit.framework/Headers/HMActionSet.h
2026-06-03T08:46:45.7564850Z x iPhoneOS16.5.sdk/System/Library/Frameworks/HomeKit.framework/Headers/HMCameraControl.h
2026-06-03T08:46:45.7565310Z x iPhoneOS16.5.sdk/System/Library/Frameworks/HomeKit.framework/Headers/HMAction.h
2026-06-03T08:46:45.7566400Z x iPhoneOS16.5.sdk/System/Library/Frameworks/HomeKit.framework/Headers/HMCharacteristicWriteAction.h
2026-06-03T08:46:45.7567680Z x iPhoneOS16.5.sdk/System/Library/Frameworks/HomeKit.framework/Headers/HMHome.h
2026-06-03T08:46:45.7568510Z x iPhoneOS16.5.sdk/System/Library/Frameworks/HomeKit.framework/Headers/HMAccessorySetupRequest.h
2026-06-03T08:46:45.7569400Z x iPhoneOS16.5.sdk/System/Library/Frameworks/HomeKit.framework/Headers/HMEvent.h
2026-06-03T08:46:45.7570830Z x iPhoneOS16.5.sdk/System/Library/Frameworks/HomeKit.framework/Headers/HMZone.h
2026-06-03T08:46:45.7571440Z x iPhoneOS16.5.sdk/System/Library/Frameworks/HomeKit.framework/Headers/HMNumberRange.h
2026-06-03T08:46:45.7572430Z x iPhoneOS16.5.sdk/System/Library/Frameworks/HomeKit.framework/Headers/HMTimerTrigger.h
2026-06-03T08:46:45.7573380Z x iPhoneOS16.5.sdk/System/Library/Frameworks/HomeKit.framework/Headers/HMTimeEvent.h
2026-06-03T08:46:45.7574350Z x iPhoneOS16.5.sdk/System/Library/Frameworks/HomeKit.framework/Headers/HMSignificantEvents.h
2026-06-03T08:46:45.7578960Z x iPhoneOS16.5.sdk/System/Library/Frameworks/HomeKit.framework/Headers/HomeKit.apinotes
2026-06-03T08:46:45.7580140Z x iPhoneOS16.5.sdk/System/Library/Frameworks/HomeKit.framework/Headers/HMTrigger.h
2026-06-03T08:46:45.7581250Z x iPhoneOS16.5.sdk/System/Library/Frameworks/HomeKit.framework/Headers/HMCalendarEvent.h
2026-06-03T08:46:45.7582100Z x iPhoneOS16.5.sdk/System/Library/Frameworks/HomeKit.framework/Headers/HMAccessorySetupPayload.h
2026-06-03T08:46:45.7583070Z x iPhoneOS16.5.sdk/System/Library/Frameworks/HomeKit.framework/Headers/HMCharacteristic.h
2026-06-03T08:46:45.7584090Z x iPhoneOS16.5.sdk/System/Library/Frameworks/HomeKit.framework/Headers/HMUser.h
2026-06-03T08:46:45.7585560Z x iPhoneOS16.5.sdk/System/Library/Frameworks/HomeKit.framework/Headers/HMServiceTypes.h
2026-06-03T08:46:45.7586430Z x iPhoneOS16.5.sdk/System/Library/Frameworks/HomeKit.framework/Headers/HMCameraSource.h
2026-06-03T08:46:45.7587270Z x iPhoneOS16.5.sdk/System/Library/Frameworks/HomeKit.framework/Headers/HMHomeAccessControl.h
2026-06-03T08:46:45.7588200Z x iPhoneOS16.5.sdk/System/Library/Frameworks/HomeKit.framework/Headers/HMCameraSettingsControl.h
2026-06-03T08:46:45.7588890Z x iPhoneOS16.5.sdk/System/Library/Frameworks/HomeKit.framework/Headers/HMService.h
2026-06-03T08:46:45.7589850Z x iPhoneOS16.5.sdk/System/Library/Frameworks/HomeKit.framework/Headers/HMHomeManager.h
2026-06-03T08:46:45.7591060Z x iPhoneOS16.5.sdk/System/Library/Frameworks/HomeKit.framework/Headers/HMPresenceEventDefines.h
2026-06-03T08:46:45.7591760Z x iPhoneOS16.5.sdk/System/Library/Frameworks/HomeKit.framework/Headers/HMCharacteristicThresholdRangeEvent.h
2026-06-03T08:46:45.7592620Z x iPhoneOS16.5.sdk/System/Library/Frameworks/HomeKit.framework/Headers/HMCameraStream.h
2026-06-03T08:46:45.7593550Z x iPhoneOS16.5.sdk/System/Library/Frameworks/HomeKit.framework/Headers/HMServiceGroup.h
2026-06-03T08:46:45.7594620Z x iPhoneOS16.5.sdk/System/Library/Frameworks/HomeKit.framework/Headers/HMAccessorySetupResult.h
2026-06-03T08:46:45.7595870Z x iPhoneOS16.5.sdk/System/Library/Frameworks/HomeKit.framework/Headers/HMDurationEvent.h
2026-06-03T08:46:45.7596690Z x iPhoneOS16.5.sdk/System/Library/Frameworks/HomeKit.framework/Headers/HMAccessoryCategory.h
2026-06-03T08:46:45.7601140Z x iPhoneOS16.5.sdk/System/Library/Frameworks/HomeKit.framework/Headers/HMDefines.h
2026-06-03T08:46:45.7602210Z x iPhoneOS16.5.sdk/System/Library/Frameworks/HomeKit.framework/Headers/HMRoom.h
2026-06-03T08:46:45.7603150Z x iPhoneOS16.5.sdk/System/Library/Frameworks/HomeKit.framework/Headers/HMCameraStreamControl.h
2026-06-03T08:46:45.7604410Z x iPhoneOS16.5.sdk/System/Library/Frameworks/HomeKit.framework/Headers/HMAccessControl.h
2026-06-03T08:46:45.7605520Z x iPhoneOS16.5.sdk/System/Library/Frameworks/HomeKit.framework/Headers/HMCameraSnapshotControl.h
2026-06-03T08:46:45.7606230Z x iPhoneOS16.5.sdk/System/Library/Frameworks/HomeKit.framework/Headers/HMPresenceEvent.h
2026-06-03T08:46:45.7607200Z x iPhoneOS16.5.sdk/System/Library/Frameworks/HomeKit.framework/Headers/HMCameraAudioControl.h
2026-06-03T08:46:45.7608460Z x iPhoneOS16.5.sdk/System/Library/Frameworks/HomeKit.framework/Headers/HMCameraView.h
2026-06-03T08:46:45.7609160Z x iPhoneOS16.5.sdk/System/Library/Frameworks/HomeKit.framework/Headers/HMCameraSnapshot.h
2026-06-03T08:46:45.7610610Z x iPhoneOS16.5.sdk/System/Library/Frameworks/HomeKit.framework/Headers/HMAccessory+Camera.h
2026-06-03T08:46:45.7611390Z x iPhoneOS16.5.sdk/System/Library/Frameworks/HomeKit.framework/Headers/HMCharacteristicMetadata.h
2026-06-03T08:46:45.7612110Z x iPhoneOS16.5.sdk/System/Library/Frameworks/HomeKit.framework/Headers/HMCameraProfile.h
2026-06-03T08:46:45.7613020Z x iPhoneOS16.5.sdk/System/Library/Frameworks/HomeKit.framework/Headers/HMEventTriggerActivationState.h
2026-06-03T08:46:45.7614410Z x iPhoneOS16.5.sdk/System/Library/Frameworks/HomeKit.framework/Headers/HMAccessorySetupManager.h
2026-06-03T08:46:45.7615460Z x iPhoneOS16.5.sdk/System/Library/Frameworks/HomeKit.framework/Headers/HMNetworkConfigurationProfile.h
2026-06-03T08:46:45.7616280Z x iPhoneOS16.5.sdk/System/Library/Frameworks/HomeKit.framework/Headers/HMAccessoryProfile.h
2026-06-03T08:46:45.7616990Z x iPhoneOS16.5.sdk/System/Library/Frameworks/HomeKit.framework/Headers/HMAccessory.h
2026-06-03T08:46:45.7617900Z x iPhoneOS16.5.sdk/System/Library/Frameworks/HomeKit.framework/Headers/HMEventTrigger.h
2026-06-03T08:46:45.7622850Z x iPhoneOS16.5.sdk/System/Library/Frameworks/HomeKit.framework/Headers/HomeKit.h
2026-06-03T08:46:45.7624350Z x iPhoneOS16.5.sdk/System/Library/Frameworks/HomeKit.framework/Headers/HMCameraDefines.h
2026-06-03T08:46:45.7626960Z x iPhoneOS16.5.sdk/System/Library/Frameworks/HomeKit.framework/Headers/HMLocationEvent.h
2026-06-03T08:46:45.7628030Z x iPhoneOS16.5.sdk/System/Library/Frameworks/HomeKit.framework/Headers/HMError.h
2026-06-03T08:46:45.7629790Z x iPhoneOS16.5.sdk/System/Library/Frameworks/HomeKit.framework/Headers/HMCharacteristicDefines.h
2026-06-03T08:46:45.7631020Z x iPhoneOS16.5.sdk/System/Library/Frameworks/HomeKit.framework/Headers/HMCharacteristicEvent.h
2026-06-03T08:46:45.7645800Z x iPhoneOS16.5.sdk/System/Library/Frameworks/HomeKit.framework/HomeKit.tbd
2026-06-03T08:46:45.7647280Z x iPhoneOS16.5.sdk/System/Library/Frameworks/AudioToolbox.framework/
2026-06-03T08:46:45.7648510Z x iPhoneOS16.5.sdk/System/Library/Frameworks/AudioToolbox.framework/libEmbeddedSystemAUs.tbd
2026-06-03T08:46:45.7649750Z x iPhoneOS16.5.sdk/System/Library/Frameworks/AudioToolbox.framework/Modules/
2026-06-03T08:46:45.7650960Z x iPhoneOS16.5.sdk/System/Library/Frameworks/AudioToolbox.framework/Modules/module.modulemap
2026-06-03T08:46:45.7652170Z x iPhoneOS16.5.sdk/System/Library/Frameworks/AudioToolbox.framework/Headers/
2026-06-03T08:46:45.7656340Z x iPhoneOS16.5.sdk/System/Library/Frameworks/AudioToolbox.framework/Headers/AudioFormat.h
2026-06-03T08:46:45.7657670Z x iPhoneOS16.5.sdk/System/Library/Frameworks/AudioToolbox.framework/Headers/CAFFile.h
2026-06-03T08:46:45.7665090Z x iPhoneOS16.5.sdk/System/Library/Frameworks/AudioToolbox.framework/Headers/AudioCodec.h
2026-06-03T08:46:45.7666230Z x iPhoneOS16.5.sdk/System/Library/Frameworks/AudioToolbox.framework/Headers/ExtendedAudioFile.h
2026-06-03T08:46:45.7667480Z x iPhoneOS16.5.sdk/System/Library/Frameworks/AudioToolbox.framework/Headers/AudioToolbox.apinotes
2026-06-03T08:46:45.7674700Z x iPhoneOS16.5.sdk/System/Library/Frameworks/AudioToolbox.framework/Headers/AudioComponent.h
2026-06-03T08:46:45.7675730Z x iPhoneOS16.5.sdk/System/Library/Frameworks/AudioToolbox.framework/Headers/CAShow.h
2026-06-03T08:46:45.7676700Z x iPhoneOS16.5.sdk/System/Library/Frameworks/AudioToolbox.framework/Headers/AUGraph.h
2026-06-03T08:46:45.7684420Z x iPhoneOS16.5.sdk/System/Library/Frameworks/AudioToolbox.framework/Headers/AudioFile.h
2026-06-03T08:46:45.7691380Z x iPhoneOS16.5.sdk/System/Library/Frameworks/AudioToolbox.framework/Headers/AUParameters.h
2026-06-03T08:46:45.7693690Z x iPhoneOS16.5.sdk/System/Library/Frameworks/AudioToolbox.framework/Headers/MusicDevice.h
2026-06-03T08:46:45.7699520Z x iPhoneOS16.5.sdk/System/Library/Frameworks/AudioToolbox.framework/Headers/AudioSession.h
2026-06-03T08:46:45.7701250Z x iPhoneOS16.5.sdk/System/Library/Frameworks/AudioToolbox.framework/Headers/AudioUnitUtilities.h
2026-06-03T08:46:45.7712120Z x iPhoneOS16.5.sdk/System/Library/Frameworks/AudioToolbox.framework/Headers/AudioFileStream.h
2026-06-03T08:46:45.7719300Z x iPhoneOS16.5.sdk/System/Library/Frameworks/AudioToolbox.framework/Headers/MusicPlayer.h
2026-06-03T08:46:45.7720890Z x iPhoneOS16.5.sdk/System/Library/Frameworks/AudioToolbox.framework/Headers/AudioConverter.h
2026-06-03T08:46:45.7731490Z x iPhoneOS16.5.sdk/System/Library/Frameworks/AudioToolbox.framework/Headers/AudioWorkInterval.h
2026-06-03T08:46:45.7740450Z x iPhoneOS16.5.sdk/System/Library/Frameworks/AudioToolbox.framework/Headers/AUComponent.h
2026-06-03T08:46:45.7759800Z x iPhoneOS16.5.sdk/System/Library/Frameworks/AudioToolbox.framework/Headers/AudioQueue.h
2026-06-03T08:46:45.7785170Z x iPhoneOS16.5.sdk/System/Library/Frameworks/AudioToolbox.framework/Headers/AudioUnitProperties.h
2026-06-03T08:46:45.7797250Z x iPhoneOS16.5.sdk/System/Library/Frameworks/AudioToolbox.framework/Headers/AudioUnitParameters.h
2026-06-03T08:46:45.7799560Z x iPhoneOS16.5.sdk/System/Library/Frameworks/AudioToolbox.framework/Headers/AudioServices.h
2026-06-03T08:46:45.7800990Z x iPhoneOS16.5.sdk/System/Library/Frameworks/AudioToolbox.framework/Headers/AudioToolbox.h
2026-06-03T08:46:45.7802280Z x iPhoneOS16.5.sdk/System/Library/Frameworks/AudioToolbox.framework/Headers/AUAudioUnitImplementation.h
2026-06-03T08:46:45.7802840Z x iPhoneOS16.5.sdk/System/Library/Frameworks/AudioToolbox.framework/Headers/AudioUnit.h
2026-06-03T08:46:45.7803450Z x iPhoneOS16.5.sdk/System/Library/Frameworks/AudioToolbox.framework/Headers/AudioOutputUnit.h
2026-06-03T08:46:45.7813260Z x iPhoneOS16.5.sdk/System/Library/Frameworks/AudioToolbox.framework/Headers/AUAudioUnit.h
2026-06-03T08:46:45.7819380Z x iPhoneOS16.5.sdk/System/Library/Frameworks/AudioToolbox.framework/libVibeSynthEngine.tbd
2026-06-03T08:46:45.7820010Z x iPhoneOS16.5.sdk/System/Library/Frameworks/AudioToolbox.framework/libAudioDSP.tbd
2026-06-03T08:46:45.7821190Z x iPhoneOS16.5.sdk/System/Library/Frameworks/AudioToolbox.framework/libValidationCapsule.tbd
2026-06-03T08:46:45.7822020Z x iPhoneOS16.5.sdk/System/Library/Frameworks/AudioToolbox.framework/AudioCodecs.tbd
2026-06-03T08:46:45.7831230Z x iPhoneOS16.5.sdk/System/Library/Frameworks/AudioToolbox.framework/AudioToolbox.tbd
2026-06-03T08:46:45.7833840Z x iPhoneOS16.5.sdk/System/Library/Frameworks/Charts.framework/
2026-06-03T08:46:45.7835060Z x iPhoneOS16.5.sdk/System/Library/Frameworks/Charts.framework/Modules/
2026-06-03T08:46:45.7835560Z x iPhoneOS16.5.sdk/System/Library/Frameworks/Charts.framework/Modules/Charts.swiftmodule/
2026-06-03T08:46:45.7860300Z x iPhoneOS16.5.sdk/System/Library/Frameworks/Charts.framework/Modules/Charts.swiftmodule/arm64e-apple-ios.swiftdoc
2026-06-03T08:46:45.7885960Z x iPhoneOS16.5.sdk/System/Library/Frameworks/Charts.framework/Modules/Charts.swiftmodule/arm64-apple-ios.swiftdoc
2026-06-03T08:46:45.7893410Z x iPhoneOS16.5.sdk/System/Library/Frameworks/Charts.framework/Modules/Charts.swiftmodule/arm64e-apple-ios.swiftinterface
2026-06-03T08:46:45.7898700Z x iPhoneOS16.5.sdk/System/Library/Frameworks/Charts.framework/Modules/Charts.swiftmodule/arm64-apple-ios.swiftinterface
2026-06-03T08:46:45.7908550Z x iPhoneOS16.5.sdk/System/Library/Frameworks/Charts.framework/Charts.tbd
2026-06-03T08:46:45.7909200Z x iPhoneOS16.5.sdk/System/Library/Frameworks/BusinessChat.framework/
2026-06-03T08:46:45.7909730Z x iPhoneOS16.5.sdk/System/Library/Frameworks/BusinessChat.framework/Modules/
2026-06-03T08:46:45.7910290Z x iPhoneOS16.5.sdk/System/Library/Frameworks/BusinessChat.framework/Modules/module.modulemap
2026-06-03T08:46:45.7910760Z x iPhoneOS16.5.sdk/System/Library/Frameworks/BusinessChat.framework/Headers/
2026-06-03T08:46:45.7911210Z x iPhoneOS16.5.sdk/System/Library/Frameworks/BusinessChat.framework/Headers/BusinessChat.h
2026-06-03T08:46:45.7912120Z x iPhoneOS16.5.sdk/System/Library/Frameworks/BusinessChat.framework/Headers/BCChatButton.h
2026-06-03T08:46:45.7914090Z x iPhoneOS16.5.sdk/System/Library/Frameworks/BusinessChat.framework/Headers/BCChatAction.h
2026-06-03T08:46:45.7914840Z x iPhoneOS16.5.sdk/System/Library/Frameworks/BusinessChat.framework/BusinessChat.tbd
2026-06-03T08:46:45.7915280Z x iPhoneOS16.5.sdk/System/Library/Frameworks/ColorSync.framework/
2026-06-03T08:46:45.7921920Z x iPhoneOS16.5.sdk/System/Library/Frameworks/ColorSync.framework/ColorSync.tbd
2026-06-03T08:46:45.7922580Z x iPhoneOS16.5.sdk/System/Library/Frameworks/ColorSync.framework/Modules/
2026-06-03T08:46:45.7923760Z x iPhoneOS16.5.sdk/System/Library/Frameworks/ColorSync.framework/Modules/module.modulemap
2026-06-03T08:46:45.7924540Z x iPhoneOS16.5.sdk/System/Library/Frameworks/ColorSync.framework/Headers/
2026-06-03T08:46:45.7925240Z x iPhoneOS16.5.sdk/System/Library/Frameworks/ColorSync.framework/Headers/ColorSyncBase.h
2026-06-03T08:46:45.7930240Z x iPhoneOS16.5.sdk/System/Library/Frameworks/ColorSync.framework/Headers/ColorSyncCMM.h
2026-06-03T08:46:45.7933780Z x iPhoneOS16.5.sdk/System/Library/Frameworks/ColorSync.framework/Headers/ColorSyncTransform.h
2026-06-03T08:46:45.7969100Z x iPhoneOS16.5.sdk/System/Library/Frameworks/ColorSync.framework/Headers/ColorSyncProfile.h
2026-06-03T08:46:45.7971470Z x iPhoneOS16.5.sdk/System/Library/Frameworks/ColorSync.framework/Headers/ColorSyncDevice.h
2026-06-03T08:46:45.7972830Z x iPhoneOS16.5.sdk/System/Library/Frameworks/ColorSync.framework/Headers/ColorSync.h
2026-06-03T08:46:45.7973290Z x iPhoneOS16.5.sdk/System/Library/Frameworks/MetalKit.framework/
2026-06-03T08:46:45.7973660Z x iPhoneOS16.5.sdk/System/Library/Frameworks/MetalKit.framework/Modules/
2026-06-03T08:46:45.7974100Z x iPhoneOS16.5.sdk/System/Library/Frameworks/MetalKit.framework/Modules/module.modulemap
2026-06-03T08:46:45.7976030Z x iPhoneOS16.5.sdk/System/Library/Frameworks/MetalKit.framework/Headers/
2026-06-03T08:46:45.7976500Z x iPhoneOS16.5.sdk/System/Library/Frameworks/MetalKit.framework/Headers/MTKTextureLoader.h
2026-06-03T08:46:45.7977010Z x iPhoneOS16.5.sdk/System/Library/Frameworks/MetalKit.framework/Headers/MTKView.h
2026-06-03T08:46:45.7982890Z x iPhoneOS16.5.sdk/System/Library/Frameworks/MetalKit.framework/Headers/MTKModel.h
2026-06-03T08:46:45.7983420Z x iPhoneOS16.5.sdk/System/Library/Frameworks/MetalKit.framework/Headers/MetalKit.h
2026-06-03T08:46:45.7984430Z x iPhoneOS16.5.sdk/System/Library/Frameworks/MetalKit.framework/Headers/MetalKit.apinotes
2026-06-03T08:46:45.7985380Z x iPhoneOS16.5.sdk/System/Library/Frameworks/MetalKit.framework/Headers/MTKDefines.h
2026-06-03T08:46:45.7987840Z x iPhoneOS16.5.sdk/System/Library/Frameworks/MetalKit.framework/MetalKit.tbd
2026-06-03T08:46:45.7989150Z x iPhoneOS16.5.sdk/System/Library/Frameworks/MapKit.framework/
2026-06-03T08:46:45.7989550Z x iPhoneOS16.5.sdk/System/Library/Frameworks/MapKit.framework/Modules/
2026-06-03T08:46:45.7992380Z x iPhoneOS16.5.sdk/System/Library/Frameworks/MapKit.framework/Modules/module.modulemap
2026-06-03T08:46:45.7994250Z x iPhoneOS16.5.sdk/System/Library/Frameworks/MapKit.framework/Modules/MapKit.swiftcrossimport/
2026-06-03T08:46:45.7994950Z x iPhoneOS16.5.sdk/System/Library/Frameworks/MapKit.framework/Modules/MapKit.swiftcrossimport/SwiftUI.swiftoverlay
2026-06-03T08:46:45.7995550Z x iPhoneOS16.5.sdk/System/Library/Frameworks/MapKit.framework/MapKit.tbd
2026-06-03T08:46:45.7995980Z x iPhoneOS16.5.sdk/System/Library/Frameworks/MapKit.framework/Headers/
2026-06-03T08:46:45.7996460Z x iPhoneOS16.5.sdk/System/Library/Frameworks/MapKit.framework/Headers/MKPolygonView.h
2026-06-03T08:46:45.7996960Z x iPhoneOS16.5.sdk/System/Library/Frameworks/MapKit.framework/Headers/MKTypes.h
2026-06-03T08:46:45.7999030Z x iPhoneOS16.5.sdk/System/Library/Frameworks/MapKit.framework/Headers/MKDistanceFormatter.h
2026-06-03T08:46:45.8002050Z x iPhoneOS16.5.sdk/System/Library/Frameworks/MapKit.framework/Headers/MKPointOfInterestCategory.h
2026-06-03T08:46:45.8003020Z x iPhoneOS16.5.sdk/System/Library/Frameworks/MapKit.framework/Headers/MKMultiPolylineRenderer.h
2026-06-03T08:46:45.8005010Z x iPhoneOS16.5.sdk/System/Library/Frameworks/MapKit.framework/Headers/MKLocalSearchResponse.h
2026-06-03T08:46:45.8005740Z x iPhoneOS16.5.sdk/System/Library/Frameworks/MapKit.framework/Headers/MKCircleView.h
2026-06-03T08:46:45.8006490Z x iPhoneOS16.5.sdk/System/Library/Frameworks/MapKit.framework/Headers/MKTileOverlay.h
2026-06-03T08:46:45.8007600Z x iPhoneOS16.5.sdk/System/Library/Frameworks/MapKit.framework/Headers/MKMultiPolyline.h
2026-06-03T08:46:45.8008470Z x iPhoneOS16.5.sdk/System/Library/Frameworks/MapKit.framework/Headers/MKMapSnapshotter.h
2026-06-03T08:46:45.8009320Z x iPhoneOS16.5.sdk/System/Library/Frameworks/MapKit.framework/Headers/MKClusterAnnotation.h
2026-06-03T08:46:45.8012860Z x iPhoneOS16.5.sdk/System/Library/Frameworks/MapKit.framework/Headers/MKFoundation.h
2026-06-03T08:46:45.8013830Z x iPhoneOS16.5.sdk/System/Library/Frameworks/MapKit.framework/Headers/MKLocalSearch.h
2026-06-03T08:46:45.8014960Z x iPhoneOS16.5.sdk/System/Library/Frameworks/MapKit.framework/Headers/MKOverlayRenderer.h
2026-06-03T08:46:45.8015740Z x iPhoneOS16.5.sdk/System/Library/Frameworks/MapKit.framework/Headers/MKCircle.h
2026-06-03T08:46:45.8016560Z x iPhoneOS16.5.sdk/System/Library/Frameworks/MapKit.framework/Headers/MKPolygonRenderer.h
2026-06-03T08:46:45.8019430Z x iPhoneOS16.5.sdk/System/Library/Frameworks/MapKit.framework/Headers/MKIconStyle.h
2026-06-03T08:46:45.8020150Z x iPhoneOS16.5.sdk/System/Library/Frameworks/MapKit.framework/Headers/MKGeodesicPolyline.h
2026-06-03T08:46:45.8026120Z x iPhoneOS16.5.sdk/System/Library/Frameworks/MapKit.framework/Headers/MKOverlayView.h
2026-06-03T08:46:45.8030700Z x iPhoneOS16.5.sdk/System/Library/Frameworks/MapKit.framework/Headers/MKLookAroundSnapshot.h
2026-06-03T08:46:45.8031300Z x iPhoneOS16.5.sdk/System/Library/Frameworks/MapKit.framework/Headers/MKReverseGeocoder.h
2026-06-03T08:46:45.8031900Z x iPhoneOS16.5.sdk/System/Library/Frameworks/MapKit.framework/Headers/MKUserTrackingBarButtonItem.h
2026-06-03T08:46:45.8032920Z x iPhoneOS16.5.sdk/System/Library/Frameworks/MapKit.framework/Headers/MKOverlay.h
2026-06-03T08:46:45.8036780Z x iPhoneOS16.5.sdk/System/Library/Frameworks/MapKit.framework/Headers/MKMapCamera.h
2026-06-03T08:46:45.8037350Z x iPhoneOS16.5.sdk/System/Library/Frameworks/MapKit.framework/Headers/MKMultiPolygonRenderer.h
2026-06-03T08:46:45.8037930Z x iPhoneOS16.5.sdk/System/Library/Frameworks/MapKit.framework/Headers/MKDirections.h
2026-06-03T08:46:45.8038600Z x iPhoneOS16.5.sdk/System/Library/Frameworks/MapKit.framework/Headers/MKPlacemark.h
2026-06-03T08:46:45.8039670Z x iPhoneOS16.5.sdk/System/Library/Frameworks/MapKit.framework/Headers/MKMapSnapshot.h
2026-06-03T08:46:45.8040420Z x iPhoneOS16.5.sdk/System/Library/Frameworks/MapKit.framework/Headers/MKDirectionsResponse.h
2026-06-03T08:46:45.8041020Z x iPhoneOS16.5.sdk/System/Library/Frameworks/MapKit.framework/Headers/MKDirectionsTypes.h
2026-06-03T08:46:45.8042630Z x iPhoneOS16.5.sdk/System/Library/Frameworks/MapKit.framework/Headers/MKLookAroundScene.h
2026-06-03T08:46:45.8043490Z x iPhoneOS16.5.sdk/System/Library/Frameworks/MapKit.framework/Headers/MKZoomControl.h
2026-06-03T08:46:45.8044030Z x iPhoneOS16.5.sdk/System/Library/Frameworks/MapKit.framework/Headers/MKCompassButton.h
2026-06-03T08:46:45.8044590Z x iPhoneOS16.5.sdk/System/Library/Frameworks/MapKit.framework/Headers/MKTileOverlayRenderer.h
2026-06-03T08:46:45.8053950Z x iPhoneOS16.5.sdk/System/Library/Frameworks/MapKit.framework/Headers/MapKit.apinotes
2026-06-03T08:46:45.8054650Z x iPhoneOS16.5.sdk/System/Library/Frameworks/MapKit.framework/Headers/MKMultiPoint.h
2026-06-03T08:46:45.8056130Z x iPhoneOS16.5.sdk/System/Library/Frameworks/MapKit.framework/Headers/MKMapItem.h
2026-06-03T08:46:45.8056630Z x iPhoneOS16.5.sdk/System/Library/Frameworks/MapKit.framework/Headers/MKOverlayPathRenderer.h
2026-06-03T08:46:45.8057170Z x iPhoneOS16.5.sdk/System/Library/Frameworks/MapKit.framework/Headers/MKGeoJSONSerialization.h
2026-06-03T08:46:45.8057670Z x iPhoneOS16.5.sdk/System/Library/Frameworks/MapKit.framework/Headers/MKScaleView.h
2026-06-03T08:46:45.8058500Z x iPhoneOS16.5.sdk/System/Library/Frameworks/MapKit.framework/Headers/MKLocalSearchRequest.h
2026-06-03T08:46:45.8058990Z x iPhoneOS16.5.sdk/System/Library/Frameworks/MapKit.framework/Headers/MKGeometry.h
2026-06-03T08:46:45.8059610Z x iPhoneOS16.5.sdk/System/Library/Frameworks/MapKit.framework/Headers/MKPinAnnotationView.h
2026-06-03T08:46:45.8060220Z x iPhoneOS16.5.sdk/System/Library/Frameworks/MapKit.framework/Headers/MKMapCameraZoomRange.h
2026-06-03T08:46:45.8060840Z x iPhoneOS16.5.sdk/System/Library/Frameworks/MapKit.framework/Headers/MapKit.h
2026-06-03T08:46:45.8062030Z x iPhoneOS16.5.sdk/System/Library/Frameworks/MapKit.framework/Headers/MKPointAnnotation.h
2026-06-03T08:46:45.8063000Z x iPhoneOS16.5.sdk/System/Library/Frameworks/MapKit.framework/Headers/MKHybridMapConfiguration.h
2026-06-03T08:46:45.8063920Z x iPhoneOS16.5.sdk/System/Library/Frameworks/MapKit.framework/Headers/MKUserLocation.h
2026-06-03T08:46:45.8064900Z x iPhoneOS16.5.sdk/System/Library/Frameworks/MapKit.framework/Headers/MKUserTrackingButton.h
2026-06-03T08:46:45.8067730Z x iPhoneOS16.5.sdk/System/Library/Frameworks/MapKit.framework/Headers/MKShape.h
2026-06-03T08:46:45.8068770Z x iPhoneOS16.5.sdk/System/Library/Frameworks/MapKit.framework/Headers/MKLookAroundSnapshotter.h
2026-06-03T08:46:45.8069380Z x iPhoneOS16.5.sdk/System/Library/Frameworks/MapKit.framework/Headers/MKStandardMapConfiguration.h
2026-06-03T08:46:45.8070220Z x iPhoneOS16.5.sdk/System/Library/Frameworks/MapKit.framework/Headers/MKPolygon.h
2026-06-03T08:46:45.8071170Z x iPhoneOS16.5.sdk/System/Library/Frameworks/MapKit.framework/Headers/MKAnnotation.h
2026-06-03T08:46:45.8073200Z x iPhoneOS16.5.sdk/System/Library/Frameworks/MapKit.framework/Headers/MKMapConfiguration.h
2026-06-03T08:46:45.8075030Z x iPhoneOS16.5.sdk/System/Library/Frameworks/MapKit.framework/Headers/MKLookAroundSnapshotOptions.h
2026-06-03T08:46:45.8076240Z x iPhoneOS16.5.sdk/System/Library/Frameworks/MapKit.framework/Headers/MKLookAroundSceneRequest.h
2026-06-03T08:46:45.8077140Z x iPhoneOS16.5.sdk/System/Library/Frameworks/MapKit.framework/Headers/MKPolylineView.h
2026-06-03T08:46:45.8078150Z x iPhoneOS16.5.sdk/System/Library/Frameworks/MapKit.framework/Headers/MKImageryMapConfiguration.h
2026-06-03T08:46:45.8079150Z x iPhoneOS16.5.sdk/System/Library/Frameworks/MapKit.framework/Headers/MKPitchControl.h
2026-06-03T08:46:45.8084610Z x iPhoneOS16.5.sdk/System/Library/Frameworks/MapKit.framework/Headers/MKPolylineRenderer.h
2026-06-03T08:46:45.8085630Z x iPhoneOS16.5.sdk/System/Library/Frameworks/MapKit.framework/Headers/MKMapView.h
2026-06-03T08:46:45.8086290Z x iPhoneOS16.5.sdk/System/Library/Frameworks/MapKit.framework/Headers/MKLocalPointsOfInterestRequest.h
2026-06-03T08:46:45.8086920Z x iPhoneOS16.5.sdk/System/Library/Frameworks/MapKit.framework/Headers/MKMapItemRequest.h
2026-06-03T08:46:45.8087930Z x iPhoneOS16.5.sdk/System/Library/Frameworks/MapKit.framework/Headers/MKMapSnapshotOptions.h
2026-06-03T08:46:45.8089480Z x iPhoneOS16.5.sdk/System/Library/Frameworks/MapKit.framework/Headers/MKLookAroundViewController.h
2026-06-03T08:46:45.8090770Z x iPhoneOS16.5.sdk/System/Library/Frameworks/MapKit.framework/Headers/MKMultiPolygon.h
2026-06-03T08:46:45.8102430Z x iPhoneOS16.5.sdk/System/Library/Frameworks/MapKit.framework/Headers/MKGradientPolylineRenderer.h
2026-06-03T08:46:45.8103970Z x iPhoneOS16.5.sdk/System/Library/Frameworks/MapKit.framework/Headers/MKDirectionsRequest.h
2026-06-03T08:46:45.8104520Z x iPhoneOS16.5.sdk/System/Library/Frameworks/MapKit.framework/Headers/MKMarkerAnnotationView.h
2026-06-03T08:46:45.8105020Z x iPhoneOS16.5.sdk/System/Library/Frameworks/MapKit.framework/Headers/MKAnnotationView.h
2026-06-03T08:46:45.8105500Z x iPhoneOS16.5.sdk/System/Library/Frameworks/MapKit.framework/Headers/MKUserLocationView.h
2026-06-03T08:46:45.8106020Z x iPhoneOS16.5.sdk/System/Library/Frameworks/MapKit.framework/Headers/NSUserActivity+MKMapItem.h
2026-06-03T08:46:45.8106540Z x iPhoneOS16.5.sdk/System/Library/Frameworks/MapKit.framework/Headers/MKMapCameraBoundary.h
2026-06-03T08:46:45.8107390Z x iPhoneOS16.5.sdk/System/Library/Frameworks/MapKit.framework/Headers/MKMapFeatureAnnotation.h
2026-06-03T08:46:45.8107920Z x iPhoneOS16.5.sdk/System/Library/Frameworks/MapKit.framework/Headers/MKPointOfInterestFilter.h
2026-06-03T08:46:45.8108430Z x iPhoneOS16.5.sdk/System/Library/Frameworks/MapKit.framework/Headers/MKCircleRenderer.h
2026-06-03T08:46:45.8108910Z x iPhoneOS16.5.sdk/System/Library/Frameworks/MapKit.framework/Headers/MKOverlayPathView.h
2026-06-03T08:46:45.8109380Z x iPhoneOS16.5.sdk/System/Library/Frameworks/MapKit.framework/Headers/MKPolyline.h
2026-06-03T08:46:45.8109860Z x iPhoneOS16.5.sdk/System/Library/Frameworks/MapKit.framework/Headers/MKLocalSearchCompleter.h
2026-06-03T08:46:45.8110300Z x iPhoneOS16.5.sdk/System/Library/Frameworks/WatchKit.framework/
2026-06-03T08:46:45.8110700Z x iPhoneOS16.5.sdk/System/Library/Frameworks/WatchKit.framework/WatchKit.tbd
2026-06-03T08:46:45.8111250Z x iPhoneOS16.5.sdk/System/Library/Frameworks/CoreLocationUI.framework/
2026-06-03T08:46:45.8113320Z x iPhoneOS16.5.sdk/System/Library/Frameworks/CoreLocationUI.framework/Modules/
2026-06-03T08:46:45.8113860Z x iPhoneOS16.5.sdk/System/Library/Frameworks/CoreLocationUI.framework/Modules/module.modulemap
2026-06-03T08:46:45.8114460Z x iPhoneOS16.5.sdk/System/Library/Frameworks/CoreLocationUI.framework/Modules/CoreLocationUI.swiftcrossimport/
2026-06-03T08:46:45.8115160Z x iPhoneOS16.5.sdk/System/Library/Frameworks/CoreLocationUI.framework/Modules/CoreLocationUI.swiftcrossimport/SwiftUI.swiftoverlay
2026-06-03T08:46:45.8115750Z x iPhoneOS16.5.sdk/System/Library/Frameworks/CoreLocationUI.framework/Headers/
2026-06-03T08:46:45.8116240Z x iPhoneOS16.5.sdk/System/Library/Frameworks/CoreLocationUI.framework/Headers/CoreLocationUI.h
2026-06-03T08:46:45.8116770Z x iPhoneOS16.5.sdk/System/Library/Frameworks/CoreLocationUI.framework/Headers/CLLocationButton.h
2026-06-03T08:46:45.8117300Z x iPhoneOS16.5.sdk/System/Library/Frameworks/CoreLocationUI.framework/CoreLocationUI.tbd
2026-06-03T08:46:45.8117730Z x iPhoneOS16.5.sdk/System/Library/Frameworks/CreateML.framework/
2026-06-03T08:46:45.8118080Z x iPhoneOS16.5.sdk/System/Library/Frameworks/CreateML.framework/Modules/
2026-06-03T08:46:45.8118560Z x iPhoneOS16.5.sdk/System/Library/Frameworks/CreateML.framework/Modules/CreateML.swiftmodule/
2026-06-03T08:46:45.8164370Z x iPhoneOS16.5.sdk/System/Library/Frameworks/CreateML.framework/Modules/CreateML.swiftmodule/arm64e-apple-ios.swiftdoc
2026-06-03T08:46:45.8178310Z x iPhoneOS16.5.sdk/System/Library/Frameworks/CreateML.framework/Modules/CreateML.swiftmodule/arm64-apple-ios.swiftdoc
2026-06-03T08:46:45.8188740Z x iPhoneOS16.5.sdk/System/Library/Frameworks/CreateML.framework/Modules/CreateML.swiftmodule/arm64e-apple-ios.swiftinterface
2026-06-03T08:46:45.8195270Z x iPhoneOS16.5.sdk/System/Library/Frameworks/CreateML.framework/Modules/CreateML.swiftmodule/arm64-apple-ios.swiftinterface
2026-06-03T08:46:45.8206800Z x iPhoneOS16.5.sdk/System/Library/Frameworks/CreateML.framework/CreateML.tbd
2026-06-03T08:46:45.8207240Z x iPhoneOS16.5.sdk/System/Library/Frameworks/PushToTalk.framework/
2026-06-03T08:46:45.8207730Z x iPhoneOS16.5.sdk/System/Library/Frameworks/PushToTalk.framework/Modules/
2026-06-03T08:46:45.8210710Z x iPhoneOS16.5.sdk/System/Library/Frameworks/PushToTalk.framework/Modules/module.modulemap
2026-06-03T08:46:45.8211200Z x iPhoneOS16.5.sdk/System/Library/Frameworks/PushToTalk.framework/Headers/
2026-06-03T08:46:45.8214880Z x iPhoneOS16.5.sdk/System/Library/Frameworks/PushToTalk.framework/Headers/PTParticipant.h
2026-06-03T08:46:45.8221060Z x iPhoneOS16.5.sdk/System/Library/Frameworks/PushToTalk.framework/Headers/PTChannelDescriptor.h
2026-06-03T08:46:45.8225030Z x iPhoneOS16.5.sdk/System/Library/Frameworks/PushToTalk.framework/Headers/PushToTalk.h
2026-06-03T08:46:45.8225600Z x iPhoneOS16.5.sdk/System/Library/Frameworks/PushToTalk.framework/Headers/PTPushResult.h
2026-06-03T08:46:45.8226220Z x iPhoneOS16.5.sdk/System/Library/Frameworks/PushToTalk.framework/Headers/PTChannelManagerDelegate.h
2026-06-03T08:46:45.8227140Z x iPhoneOS16.5.sdk/System/Library/Frameworks/PushToTalk.framework/Headers/PTChannelManager.h
2026-06-03T08:46:45.8227780Z x iPhoneOS16.5.sdk/System/Library/Frameworks/PushToTalk.framework/Headers/PTChannelRestorationDelegate.h
2026-06-03T08:46:45.8228500Z x iPhoneOS16.5.sdk/System/Library/Frameworks/PushToTalk.framework/Headers/PTErrors.h
2026-06-03T08:46:45.8229070Z x iPhoneOS16.5.sdk/System/Library/Frameworks/PushToTalk.framework/Headers/PTBase.h
2026-06-03T08:46:45.8229960Z x iPhoneOS16.5.sdk/System/Library/Frameworks/PushToTalk.framework/PushToTalk.tbd
2026-06-03T08:46:45.8230530Z x iPhoneOS16.5.sdk/System/Library/Frameworks/SpriteKit.framework/
2026-06-03T08:46:45.8231000Z x iPhoneOS16.5.sdk/System/Library/Frameworks/SpriteKit.framework/Modules/
2026-06-03T08:46:45.8232590Z x iPhoneOS16.5.sdk/System/Library/Frameworks/SpriteKit.framework/Modules/SpriteKit.swiftcrossimport/
2026-06-03T08:46:45.8233720Z x iPhoneOS16.5.sdk/System/Library/Frameworks/SpriteKit.framework/Modules/SpriteKit.swiftcrossimport/SwiftUI.swiftoverlay
2026-06-03T08:46:45.8234820Z x iPhoneOS16.5.sdk/System/Library/Frameworks/SpriteKit.framework/Modules/module.modulemap
2026-06-03T08:46:45.8243830Z x iPhoneOS16.5.sdk/System/Library/Frameworks/SpriteKit.framework/SpriteKit.tbd
2026-06-03T08:46:45.8247480Z x iPhoneOS16.5.sdk/System/Library/Frameworks/SpriteKit.framework/Headers/
2026-06-03T08:46:45.8247970Z x iPhoneOS16.5.sdk/System/Library/Frameworks/SpriteKit.framework/Headers/SKCropNode.h
2026-06-03T08:46:45.8248540Z x iPhoneOS16.5.sdk/System/Library/Frameworks/SpriteKit.framework/Headers/SKTileDefinition.h
2026-06-03T08:46:45.8249090Z x iPhoneOS16.5.sdk/System/Library/Frameworks/SpriteKit.framework/Headers/SKReferenceNode.h
2026-06-03T08:46:45.8250450Z x iPhoneOS16.5.sdk/System/Library/Frameworks/SpriteKit.framework/Headers/SK3DNode.h
2026-06-03T08:46:45.8259360Z x iPhoneOS16.5.sdk/System/Library/Frameworks/SpriteKit.framework/Headers/SKAction.h
2026-06-03T08:46:45.8260670Z x iPhoneOS16.5.sdk/System/Library/Frameworks/SpriteKit.framework/Headers/SKTexture.h
2026-06-03T08:46:45.8262370Z x iPhoneOS16.5.sdk/System/Library/Frameworks/SpriteKit.framework/Headers/SKWarpGeometry.h
2026-06-03T08:46:45.8263760Z x iPhoneOS16.5.sdk/System/Library/Frameworks/SpriteKit.framework/Headers/SKCameraNode.h
2026-06-03T08:46:45.8265850Z x iPhoneOS16.5.sdk/System/Library/Frameworks/SpriteKit.framework/Headers/SKPhysicsJoint.h
2026-06-03T08:46:45.8267710Z x iPhoneOS16.5.sdk/System/Library/Frameworks/SpriteKit.framework/Headers/SKTransition.h
2026-06-03T08:46:45.8269180Z x iPhoneOS16.5.sdk/System/Library/Frameworks/SpriteKit.framework/Headers/SKPhysicsWorld.h
2026-06-03T08:46:45.8270900Z x iPhoneOS16.5.sdk/System/Library/Frameworks/SpriteKit.framework/Headers/SKShapeNode.h
2026-06-03T08:46:45.8271430Z x iPhoneOS16.5.sdk/System/Library/Frameworks/SpriteKit.framework/Headers/SKScene.h
2026-06-03T08:46:45.8274420Z x iPhoneOS16.5.sdk/System/Library/Frameworks/SpriteKit.framework/Headers/SKView.h
2026-06-03T08:46:45.8275000Z x iPhoneOS16.5.sdk/System/Library/Frameworks/SpriteKit.framework/Headers/SKLabelNode.h
2026-06-03T08:46:45.8282470Z x iPhoneOS16.5.sdk/System/Library/Frameworks/SpriteKit.framework/Headers/SKAttribute.h
2026-06-03T08:46:45.8283120Z x iPhoneOS16.5.sdk/System/Library/Frameworks/SpriteKit.framework/Headers/SKMutableTexture.h
2026-06-03T08:46:45.8285330Z x iPhoneOS16.5.sdk/System/Library/Frameworks/SpriteKit.framework/Headers/SpriteKitBase.h
2026-06-03T08:46:45.8286910Z x iPhoneOS16.5.sdk/System/Library/Frameworks/SpriteKit.framework/Headers/SpriteKit.apinotes
2026-06-03T08:46:45.8287510Z x iPhoneOS16.5.sdk/System/Library/Frameworks/SpriteKit.framework/Headers/SKConstraint.h
2026-06-03T08:46:45.8288500Z x iPhoneOS16.5.sdk/System/Library/Frameworks/SpriteKit.framework/Headers/SKPhysicsContact.h
2026-06-03T08:46:45.8289880Z x iPhoneOS16.5.sdk/System/Library/Frameworks/SpriteKit.framework/Headers/SKVersion.h
2026-06-03T08:46:45.8291550Z x iPhoneOS16.5.sdk/System/Library/Frameworks/SpriteKit.framework/Headers/SKShader.h
2026-06-03T08:46:45.8294800Z x iPhoneOS16.5.sdk/System/Library/Frameworks/SpriteKit.framework/Headers/SKTileSet.h
2026-06-03T08:46:45.8295890Z x iPhoneOS16.5.sdk/System/Library/Frameworks/SpriteKit.framework/Headers/SKFieldNode.h
2026-06-03T08:46:45.8296580Z x iPhoneOS16.5.sdk/System/Library/Frameworks/SpriteKit.framework/Headers/SKUniform.h
2026-06-03T08:46:45.8299200Z x iPhoneOS16.5.sdk/System/Library/Frameworks/SpriteKit.framework/Headers/SKVideoNode.h
2026-06-03T08:46:45.8300120Z x iPhoneOS16.5.sdk/System/Library/Frameworks/SpriteKit.framework/Headers/SpriteKit.h
2026-06-03T08:46:45.8301920Z x iPhoneOS16.5.sdk/System/Library/Frameworks/SpriteKit.framework/Headers/SKAudioNode.h
2026-06-03T08:46:45.8302520Z x iPhoneOS16.5.sdk/System/Library/Frameworks/SpriteKit.framework/Headers/SKTextureAtlas.h
2026-06-03T08:46:45.8310230Z x iPhoneOS16.5.sdk/System/Library/Frameworks/SpriteKit.framework/Headers/SKEmitterNode.h
2026-06-03T08:46:45.8310810Z x iPhoneOS16.5.sdk/System/Library/Frameworks/SpriteKit.framework/Headers/SKSpriteNode.h
2026-06-03T08:46:45.8311620Z x iPhoneOS16.5.sdk/System/Library/Frameworks/SpriteKit.framework/Headers/SKNode.h
2026-06-03T08:46:45.8312410Z x iPhoneOS16.5.sdk/System/Library/Frameworks/SpriteKit.framework/Headers/SKLightNode.h
2026-06-03T08:46:45.8314250Z x iPhoneOS16.5.sdk/System/Library/Frameworks/SpriteKit.framework/Headers/SKRegion.h
2026-06-03T08:46:45.8315190Z x iPhoneOS16.5.sdk/System/Library/Frameworks/SpriteKit.framework/Headers/SKEffectNode.h
2026-06-03T08:46:45.8316190Z x iPhoneOS16.5.sdk/System/Library/Frameworks/SpriteKit.framework/Headers/SKPhysicsBody.h
2026-06-03T08:46:45.8316970Z x iPhoneOS16.5.sdk/System/Library/Frameworks/SpriteKit.framework/Headers/SKTileMapNode.h
2026-06-03T08:46:45.8317780Z x iPhoneOS16.5.sdk/System/Library/Frameworks/SpriteKit.framework/Headers/SKRenderer.h
2026-06-03T08:46:45.8319950Z x iPhoneOS16.5.sdk/System/Library/Frameworks/SpriteKit.framework/Headers/SKKeyframeSequence.h
2026-06-03T08:46:45.8320550Z x iPhoneOS16.5.sdk/System/Library/Frameworks/SpriteKit.framework/Headers/SKTransformNode.h
2026-06-03T08:46:45.8321290Z x iPhoneOS16.5.sdk/System/Library/Frameworks/SpriteKit.framework/Headers/SKReachConstraints.h
2026-06-03T08:46:45.8321810Z x iPhoneOS16.5.sdk/System/Library/Frameworks/NetworkExtension.framework/
2026-06-03T08:46:45.8322290Z x iPhoneOS16.5.sdk/System/Library/Frameworks/NetworkExtension.framework/Modules/
2026-06-03T08:46:45.8323110Z x iPhoneOS16.5.sdk/System/Library/Frameworks/NetworkExtension.framework/Modules/module.modulemap
2026-06-03T08:46:45.8323660Z x iPhoneOS16.5.sdk/System/Library/Frameworks/NetworkExtension.framework/Headers/
2026-06-03T08:46:45.8354610Z x iPhoneOS16.5.sdk/System/Library/Frameworks/NetworkExtension.framework/Headers/NEFilterProvider.h
2026-06-03T08:46:45.8358100Z x iPhoneOS16.5.sdk/System/Library/Frameworks/NetworkExtension.framework/Headers/NEFilterSettings.h
2026-06-03T08:46:45.8361140Z x iPhoneOS16.5.sdk/System/Library/Frameworks/NetworkExtension.framework/Headers/NEFilterDataProvider.h
2026-06-03T08:46:45.8363080Z x iPhoneOS16.5.sdk/System/Library/Frameworks/NetworkExtension.framework/Headers/NEIPv4Settings.h
2026-06-03T08:46:45.8363740Z x iPhoneOS16.5.sdk/System/Library/Frameworks/NetworkExtension.framework/Headers/NEAppProxyTCPFlow.h
2026-06-03T08:46:45.8364350Z x iPhoneOS16.5.sdk/System/Library/Frameworks/NetworkExtension.framework/Headers/NEVPNManager.h
2026-06-03T08:46:45.8369520Z x iPhoneOS16.5.sdk/System/Library/Frameworks/NetworkExtension.framework/Headers/NetworkExtension.apinotes
2026-06-03T08:46:45.8371960Z x iPhoneOS16.5.sdk/System/Library/Frameworks/NetworkExtension.framework/Headers/NWBonjourServiceEndpoint.h
2026-06-03T08:46:45.8376380Z x iPhoneOS16.5.sdk/System/Library/Frameworks/NetworkExtension.framework/Headers/NEVPNConnection.h
2026-06-03T08:46:45.8382950Z x iPhoneOS16.5.sdk/System/Library/Frameworks/NetworkExtension.framework/Headers/NEPacketTunnelNetworkSettings.h
2026-06-03T08:46:45.8385400Z x iPhoneOS16.5.sdk/System/Library/Frameworks/NetworkExtension.framework/Headers/NETunnelProvider.h
2026-06-03T08:46:45.8390080Z x iPhoneOS16.5.sdk/System/Library/Frameworks/NetworkExtension.framework/Headers/NEAppProxyFlow.h
2026-06-03T08:46:45.8391860Z x iPhoneOS16.5.sdk/System/Library/Frameworks/NetworkExtension.framework/Headers/NEProvider.h
2026-06-03T08:46:45.8396220Z x iPhoneOS16.5.sdk/System/Library/Frameworks/NetworkExtension.framework/Headers/NEDNSProxyManager.h
2026-06-03T08:46:45.8397260Z x iPhoneOS16.5.sdk/System/Library/Frameworks/NetworkExtension.framework/Headers/NEAppProxyProviderManager.h
2026-06-03T08:46:45.8398980Z x iPhoneOS16.5.sdk/System/Library/Frameworks/NetworkExtension.framework/Headers/NetworkExtension.h
2026-06-03T08:46:45.8399610Z x iPhoneOS16.5.sdk/System/Library/Frameworks/NetworkExtension.framework/Headers/NEProxySettings.h
2026-06-03T08:46:45.8400220Z x iPhoneOS16.5.sdk/System/Library/Frameworks/NetworkExtension.framework/Headers/NEFlowMetaData.h
2026-06-03T08:46:45.8400860Z x iPhoneOS16.5.sdk/System/Library/Frameworks/NetworkExtension.framework/Headers/NEAppPushManager.h
2026-06-03T08:46:45.8401680Z x iPhoneOS16.5.sdk/System/Library/Frameworks/NetworkExtension.framework/Headers/NEVPNProtocolIKEv2.h
2026-06-03T08:46:45.8402510Z x iPhoneOS16.5.sdk/System/Library/Frameworks/NetworkExtension.framework/Headers/NETunnelProviderSession.h
2026-06-03T08:46:45.8403700Z x iPhoneOS16.5.sdk/System/Library/Frameworks/NetworkExtension.framework/Headers/NETransparentProxyNetworkSettings.h
2026-06-03T08:46:45.8409270Z x iPhoneOS16.5.sdk/System/Library/Frameworks/NetworkExtension.framework/Headers/NETunnelNetworkSettings.h
2026-06-03T08:46:45.8412100Z x iPhoneOS16.5.sdk/System/Library/Frameworks/NetworkExtension.framework/Headers/NEHotspotHelper.h
2026-06-03T08:46:45.8413910Z x iPhoneOS16.5.sdk/System/Library/Frameworks/NetworkExtension.framework/Headers/NEAppProxyProvider.h
2026-06-03T08:46:45.8415850Z x iPhoneOS16.5.sdk/System/Library/Frameworks/NetworkExtension.framework/Headers/NEVPNProtocol.h
2026-06-03T08:46:45.8423590Z x iPhoneOS16.5.sdk/System/Library/Frameworks/NetworkExtension.framework/Headers/NEFilterProviderConfiguration.h
2026-06-03T08:46:45.8424650Z x iPhoneOS16.5.sdk/System/Library/Frameworks/NetworkExtension.framework/Headers/NWTCPConnection.h
2026-06-03T08:46:45.8425230Z x iPhoneOS16.5.sdk/System/Library/Frameworks/NetworkExtension.framework/Headers/NEFilterFlow.h
2026-06-03T08:46:45.8425920Z x iPhoneOS16.5.sdk/System/Library/Frameworks/NetworkExtension.framework/Headers/NWHostEndpoint.h
2026-06-03T08:46:45.8427680Z x iPhoneOS16.5.sdk/System/Library/Frameworks/NetworkExtension.framework/Headers/NEEthernetTunnelProvider.h
2026-06-03T08:46:45.8430370Z x iPhoneOS16.5.sdk/System/Library/Frameworks/NetworkExtension.framework/Headers/NEOnDemandRule.h
2026-06-03T08:46:45.8432070Z x iPhoneOS16.5.sdk/System/Library/Frameworks/NetworkExtension.framework/Headers/NETunnelProviderManager.h
2026-06-03T08:46:45.8436030Z x iPhoneOS16.5.sdk/System/Library/Frameworks/NetworkExtension.framework/Headers/NETransparentProxyProvider.h
2026-06-03T08:46:45.8437980Z x iPhoneOS16.5.sdk/System/Library/Frameworks/NetworkExtension.framework/Headers/NEPacketTunnelProvider.h
2026-06-03T08:46:45.8439850Z x iPhoneOS16.5.sdk/System/Library/Frameworks/NetworkExtension.framework/Headers/NEFilterManager.h
2026-06-03T08:46:45.8441400Z x iPhoneOS16.5.sdk/System/Library/Frameworks/NetworkExtension.framework/Headers/NETransparentProxyManager.h
2026-06-03T08:46:45.8442900Z x iPhoneOS16.5.sdk/System/Library/Frameworks/NetworkExtension.framework/Headers/NEFilterRule.h
2026-06-03T08:46:45.8444420Z x iPhoneOS16.5.sdk/System/Library/Frameworks/NetworkExtension.framework/Headers/NEAppProxyUDPFlow.h
2026-06-03T08:46:45.8446250Z x iPhoneOS16.5.sdk/System/Library/Frameworks/NetworkExtension.framework/Headers/NEVPNProtocolIPSec.h
2026-06-03T08:46:45.8492790Z x iPhoneOS16.5.sdk/System/Library/Frameworks/NetworkExtension.framework/Headers/NENetworkRule.h
2026-06-03T08:46:45.8493570Z x iPhoneOS16.5.sdk/System/Library/Frameworks/NetworkExtension.framework/Headers/NEDNSSettingsManager.h
2026-06-03T08:46:45.8494210Z x iPhoneOS16.5.sdk/System/Library/Frameworks/NetworkExtension.framework/Headers/NEDNSProxyProvider.h
2026-06-03T08:46:45.8495160Z x iPhoneOS16.5.sdk/System/Library/Frameworks/NetworkExtension.framework/Headers/NWEndpoint.h
2026-06-03T08:46:45.8495730Z x iPhoneOS16.5.sdk/System/Library/Frameworks/NetworkExtension.framework/Headers/NEPacketTunnelFlow.h
2026-06-03T08:46:45.8496480Z x iPhoneOS16.5.sdk/System/Library/Frameworks/NetworkExtension.framework/Headers/NEAppPushProvider.h
2026-06-03T08:46:45.8497070Z x iPhoneOS16.5.sdk/System/Library/Frameworks/NetworkExtension.framework/Headers/NEFilterPacketProvider.h
2026-06-03T08:46:45.8497640Z x iPhoneOS16.5.sdk/System/Library/Frameworks/NetworkExtension.framework/Headers/NEAppRule.h
2026-06-03T08:46:45.8498170Z x iPhoneOS16.5.sdk/System/Library/Frameworks/NetworkExtension.framework/Headers/NWTLSParameters.h
2026-06-03T08:46:45.8500240Z x iPhoneOS16.5.sdk/System/Library/Frameworks/NetworkExtension.framework/Headers/NEDNSSettings.h
2026-06-03T08:46:45.8501070Z x iPhoneOS16.5.sdk/System/Library/Frameworks/NetworkExtension.framework/Headers/NEHotspotNetwork.h
2026-06-03T08:46:45.8502650Z x iPhoneOS16.5.sdk/System/Library/Frameworks/NetworkExtension.framework/Headers/NWUDPSession.h
2026-06-03T08:46:45.8504270Z x iPhoneOS16.5.sdk/System/Library/Frameworks/NetworkExtension.framework/Headers/NEDNSProxyProviderProtocol.h
2026-06-03T08:46:45.8505760Z x iPhoneOS16.5.sdk/System/Library/Frameworks/NetworkExtension.framework/Headers/NEHotspotConfigurationManager.h
2026-06-03T08:46:45.8506360Z x iPhoneOS16.5.sdk/System/Library/Frameworks/NetworkExtension.framework/Headers/NWPath.h
2026-06-03T08:46:45.8506940Z x iPhoneOS16.5.sdk/System/Library/Frameworks/NetworkExtension.framework/Headers/NEEthernetTunnelNetworkSettings.h
2026-06-03T08:46:45.8507520Z x iPhoneOS16.5.sdk/System/Library/Frameworks/NetworkExtension.framework/Headers/NEPacket.h
2026-06-03T08:46:45.8508080Z x iPhoneOS16.5.sdk/System/Library/Frameworks/NetworkExtension.framework/Headers/NETunnelProviderProtocol.h
2026-06-03T08:46:45.8508780Z x iPhoneOS16.5.sdk/System/Library/Frameworks/NetworkExtension.framework/Headers/NEFilterControlProvider.h
2026-06-03T08:46:45.8509380Z x iPhoneOS16.5.sdk/System/Library/Frameworks/NetworkExtension.framework/Headers/NEIPv6Settings.h
2026-06-03T08:46:45.8514420Z x iPhoneOS16.5.sdk/System/Library/Frameworks/NetworkExtension.framework/NetworkExtension.tbd
2026-06-03T08:46:45.8515010Z x iPhoneOS16.5.sdk/System/Library/Frameworks/VideoSubscriberAccount.framework/
2026-06-03T08:46:45.8515590Z x iPhoneOS16.5.sdk/System/Library/Frameworks/VideoSubscriberAccount.framework/Modules/
2026-06-03T08:46:45.8517850Z x iPhoneOS16.5.sdk/System/Library/Frameworks/VideoSubscriberAccount.framework/Modules/module.modulemap
2026-06-03T08:46:45.8518620Z x iPhoneOS16.5.sdk/System/Library/Frameworks/VideoSubscriberAccount.framework/Modules/VideoSubscriberAccount.swiftmodule/
2026-06-03T08:46:45.8519480Z x iPhoneOS16.5.sdk/System/Library/Frameworks/VideoSubscriberAccount.framework/Modules/VideoSubscriberAccount.swiftmodule/arm64e-apple-ios.swiftdoc
2026-06-03T08:46:45.8520930Z x iPhoneOS16.5.sdk/System/Library/Frameworks/VideoSubscriberAccount.framework/Modules/VideoSubscriberAccount.swiftmodule/arm64-apple-ios.swiftdoc
2026-06-03T08:46:45.8521840Z x iPhoneOS16.5.sdk/System/Library/Frameworks/VideoSubscriberAccount.framework/Modules/VideoSubscriberAccount.swiftmodule/arm64e-apple-ios.swiftinterface
2026-06-03T08:46:45.8524420Z x iPhoneOS16.5.sdk/System/Library/Frameworks/VideoSubscriberAccount.framework/Modules/VideoSubscriberAccount.swiftmodule/arm64-apple-ios.swiftinterface
2026-06-03T08:46:45.8525310Z x iPhoneOS16.5.sdk/System/Library/Frameworks/VideoSubscriberAccount.framework/Headers/
2026-06-03T08:46:45.8525970Z x iPhoneOS16.5.sdk/System/Library/Frameworks/VideoSubscriberAccount.framework/Headers/VideoSubscriberAccount.apinotes
2026-06-03T08:46:45.8526730Z x iPhoneOS16.5.sdk/System/Library/Frameworks/VideoSubscriberAccount.framework/Headers/VSAccountApplicationProvider.h
2026-06-03T08:46:45.8528470Z x iPhoneOS16.5.sdk/System/Library/Frameworks/VideoSubscriberAccount.framework/Headers/VSSubscription.h
2026-06-03T08:46:45.8529450Z x iPhoneOS16.5.sdk/System/Library/Frameworks/VideoSubscriberAccount.framework/Headers/VSAccountManager.h
2026-06-03T08:46:45.8530300Z x iPhoneOS16.5.sdk/System/Library/Frameworks/VideoSubscriberAccount.framework/Headers/VSAccountMetadataRequest.h
2026-06-03T08:46:45.8533990Z x iPhoneOS16.5.sdk/System/Library/Frameworks/VideoSubscriberAccount.framework/Headers/VSSubscriptionRegistrationCenter.h
2026-06-03T08:46:45.8534710Z x iPhoneOS16.5.sdk/System/Library/Frameworks/VideoSubscriberAccount.framework/Headers/VSAccountManagerResult.h
2026-06-03T08:46:45.8536600Z x iPhoneOS16.5.sdk/System/Library/Frameworks/VideoSubscriberAccount.framework/Headers/VideoSubscriberAccountDefines.h
2026-06-03T08:46:45.8538800Z x iPhoneOS16.5.sdk/System/Library/Frameworks/VideoSubscriberAccount.framework/Headers/VSAccountMetadata.h
2026-06-03T08:46:45.8540860Z x iPhoneOS16.5.sdk/System/Library/Frameworks/VideoSubscriberAccount.framework/Headers/VSAccountProviderResponse.h
2026-06-03T08:46:45.8543630Z x iPhoneOS16.5.sdk/System/Library/Frameworks/VideoSubscriberAccount.framework/Headers/VideoSubscriberAccountErrors.h
2026-06-03T08:46:45.8545360Z x iPhoneOS16.5.sdk/System/Library/Frameworks/VideoSubscriberAccount.framework/Headers/VSUserAccountManager.h
2026-06-03T08:46:45.8546990Z x iPhoneOS16.5.sdk/System/Library/Frameworks/VideoSubscriberAccount.framework/Headers/VSUserAccount.h
2026-06-03T08:46:45.8548610Z x iPhoneOS16.5.sdk/System/Library/Frameworks/VideoSubscriberAccount.framework/Headers/VideoSubscriberAccount.h
2026-06-03T08:46:45.8551400Z x iPhoneOS16.5.sdk/System/Library/Frameworks/VideoSubscriberAccount.framework/VideoSubscriberAccount.tbd
2026-06-03T08:46:45.8552840Z x iPhoneOS16.5.sdk/System/Library/Frameworks/Accounts.framework/
2026-06-03T08:46:45.8554010Z x iPhoneOS16.5.sdk/System/Library/Frameworks/Accounts.framework/Modules/
2026-06-03T08:46:45.8555610Z x iPhoneOS16.5.sdk/System/Library/Frameworks/Accounts.framework/Modules/module.modulemap
2026-06-03T08:46:45.8566960Z x iPhoneOS16.5.sdk/System/Library/Frameworks/Accounts.framework/Accounts.tbd
2026-06-03T08:46:45.8568100Z x iPhoneOS16.5.sdk/System/Library/Frameworks/Accounts.framework/Headers/
2026-06-03T08:46:45.8569270Z x iPhoneOS16.5.sdk/System/Library/Frameworks/Accounts.framework/Headers/ACAccountStore.h
2026-06-03T08:46:45.8570500Z x iPhoneOS16.5.sdk/System/Library/Frameworks/Accounts.framework/Headers/ACError.h
2026-06-03T08:46:45.8572620Z x iPhoneOS16.5.sdk/System/Library/Frameworks/Accounts.framework/Headers/ACAccount.h
2026-06-03T08:46:45.8573940Z x iPhoneOS16.5.sdk/System/Library/Frameworks/Accounts.framework/Headers/Accounts.h
2026-06-03T08:46:45.8574810Z x iPhoneOS16.5.sdk/System/Library/Frameworks/Accounts.framework/Headers/ACAccountType.h
2026-06-03T08:46:45.8579580Z x iPhoneOS16.5.sdk/System/Library/Frameworks/Accounts.framework/Headers/ACAccountCredential.h
2026-06-03T08:46:45.8581130Z x iPhoneOS16.5.sdk/System/Library/Frameworks/Accounts.framework/Headers/AccountsDefines.h
2026-06-03T08:46:45.8582290Z x iPhoneOS16.5.sdk/System/Library/Frameworks/OpenGLES.framework/
2026-06-03T08:46:45.8583580Z x iPhoneOS16.5.sdk/System/Library/Frameworks/OpenGLES.framework/Modules/
2026-06-03T08:46:45.8585260Z x iPhoneOS16.5.sdk/System/Library/Frameworks/OpenGLES.framework/Modules/module.modulemap
2026-06-03T08:46:45.8585740Z x iPhoneOS16.5.sdk/System/Library/Frameworks/OpenGLES.framework/Headers/
2026-06-03T08:46:45.8586210Z x iPhoneOS16.5.sdk/System/Library/Frameworks/OpenGLES.framework/Headers/EAGLIOSurface.h
2026-06-03T08:46:45.8587030Z x iPhoneOS16.5.sdk/System/Library/Frameworks/OpenGLES.framework/Headers/OpenGLES.apinotes
2026-06-03T08:46:45.8596260Z x iPhoneOS16.5.sdk/System/Library/Frameworks/OpenGLES.framework/Headers/OpenGLESAvailability.h
2026-06-03T08:46:45.8596810Z x iPhoneOS16.5.sdk/System/Library/Frameworks/OpenGLES.framework/Headers/EAGLDrawable.h
2026-06-03T08:46:45.8597250Z x iPhoneOS16.5.sdk/System/Library/Frameworks/OpenGLES.framework/Headers/EAGL.h
2026-06-03T08:46:45.8597710Z x iPhoneOS16.5.sdk/System/Library/Frameworks/OpenGLES.framework/Headers/gltypes.h
2026-06-03T08:46:45.8598340Z x iPhoneOS16.5.sdk/System/Library/Frameworks/OpenGLES.framework/Headers/ES1/
2026-06-03T08:46:45.8598790Z x iPhoneOS16.5.sdk/System/Library/Frameworks/OpenGLES.framework/Headers/ES1/glext.h
2026-06-03T08:46:45.8604020Z x iPhoneOS16.5.sdk/System/Library/Frameworks/OpenGLES.framework/Headers/ES1/gl.h
2026-06-03T08:46:45.8605440Z x iPhoneOS16.5.sdk/System/Library/Frameworks/OpenGLES.framework/Headers/ES3/
2026-06-03T08:46:45.8608190Z x iPhoneOS16.5.sdk/System/Library/Frameworks/OpenGLES.framework/Headers/ES3/glext.h
2026-06-03T08:46:45.8626910Z x iPhoneOS16.5.sdk/System/Library/Frameworks/OpenGLES.framework/Headers/ES3/gl.h
2026-06-03T08:46:45.8629550Z x iPhoneOS16.5.sdk/System/Library/Frameworks/OpenGLES.framework/Headers/ES2/
2026-06-03T08:46:45.8634930Z x iPhoneOS16.5.sdk/System/Library/Frameworks/OpenGLES.framework/Headers/ES2/glext.h
2026-06-03T08:46:45.8641770Z x iPhoneOS16.5.sdk/System/Library/Frameworks/OpenGLES.framework/Headers/ES2/gl.h
2026-06-03T08:46:45.8642330Z x iPhoneOS16.5.sdk/System/Library/Frameworks/OpenGLES.framework/libGFXShared.tbd
2026-06-03T08:46:45.8642800Z x iPhoneOS16.5.sdk/System/Library/Frameworks/OpenGLES.framework/libCVMSPluginSupport.tbd
2026-06-03T08:46:45.8643300Z x iPhoneOS16.5.sdk/System/Library/Frameworks/OpenGLES.framework/libCoreVMClient.tbd
2026-06-03T08:46:45.8644210Z x iPhoneOS16.5.sdk/System/Library/Frameworks/OpenGLES.framework/OpenGLES.tbd
2026-06-03T08:46:45.8645330Z x iPhoneOS16.5.sdk/System/Library/Frameworks/OpenGLES.framework/libGLProgrammability.tbd
2026-06-03T08:46:45.8646050Z x iPhoneOS16.5.sdk/System/Library/Frameworks/OpenGLES.framework/GLEngine.bundle/
2026-06-03T08:46:45.8650690Z x iPhoneOS16.5.sdk/System/Library/Frameworks/OpenGLES.framework/GLEngine.bundle/GLEngine.tbd
2026-06-03T08:46:45.8651230Z x iPhoneOS16.5.sdk/System/Library/Frameworks/OpenGLES.framework/libGLVMPlugin.tbd
2026-06-03T08:46:45.8651820Z x iPhoneOS16.5.sdk/System/Library/Frameworks/OpenGLES.framework/libCoreFSCache.tbd
2026-06-03T08:46:45.8652360Z x iPhoneOS16.5.sdk/System/Library/Frameworks/OpenGLES.framework/libGLImage.tbd
2026-06-03T08:46:45.8652770Z x iPhoneOS16.5.sdk/System/Library/Frameworks/DeviceCheck.framework/
2026-06-03T08:46:45.8653150Z x iPhoneOS16.5.sdk/System/Library/Frameworks/DeviceCheck.framework/Modules/
2026-06-03T08:46:45.8660270Z x iPhoneOS16.5.sdk/System/Library/Frameworks/DeviceCheck.framework/Modules/module.modulemap
2026-06-03T08:46:45.8664470Z x iPhoneOS16.5.sdk/System/Library/Frameworks/DeviceCheck.framework/Headers/
2026-06-03T08:46:45.8697660Z x iPhoneOS16.5.sdk/System/Library/Frameworks/DeviceCheck.framework/Headers/DCError.h
2026-06-03T08:46:45.8698530Z x iPhoneOS16.5.sdk/System/Library/Frameworks/DeviceCheck.framework/Headers/DeviceCheck.h
2026-06-03T08:46:45.8699120Z x iPhoneOS16.5.sdk/System/Library/Frameworks/DeviceCheck.framework/Headers/DCAppAttestService.h
2026-06-03T08:46:45.8699880Z x iPhoneOS16.5.sdk/System/Library/Frameworks/DeviceCheck.framework/Headers/DCDevice.h
2026-06-03T08:46:45.8700540Z x iPhoneOS16.5.sdk/System/Library/Frameworks/DeviceCheck.framework/DeviceCheck.tbd
2026-06-03T08:46:45.8701090Z x iPhoneOS16.5.sdk/System/Library/Frameworks/AutomatedDeviceEnrollment.framework/
2026-06-03T08:46:45.8701720Z x iPhoneOS16.5.sdk/System/Library/Frameworks/AutomatedDeviceEnrollment.framework/Modules/
2026-06-03T08:46:45.8703210Z x iPhoneOS16.5.sdk/System/Library/Frameworks/AutomatedDeviceEnrollment.framework/Modules/AutomatedDeviceEnrollment.swiftmodule/
2026-06-03T08:46:45.8704350Z x iPhoneOS16.5.sdk/System/Library/Frameworks/AutomatedDeviceEnrollment.framework/Modules/AutomatedDeviceEnrollment.swiftmodule/arm64e-apple-ios.swiftdoc
2026-06-03T08:46:45.8707690Z x iPhoneOS16.5.sdk/System/Library/Frameworks/AutomatedDeviceEnrollment.framework/Modules/AutomatedDeviceEnrollment.swiftmodule/arm64-apple-ios.swiftdoc
2026-06-03T08:46:45.8708830Z x iPhoneOS16.5.sdk/System/Library/Frameworks/AutomatedDeviceEnrollment.framework/Modules/AutomatedDeviceEnrollment.swiftmodule/arm64e-apple-ios.swiftinterface
2026-06-03T08:46:45.8710050Z x iPhoneOS16.5.sdk/System/Library/Frameworks/AutomatedDeviceEnrollment.framework/Modules/AutomatedDeviceEnrollment.swiftmodule/arm64-apple-ios.swiftinterface
2026-06-03T08:46:45.8719330Z x iPhoneOS16.5.sdk/System/Library/Frameworks/AutomatedDeviceEnrollment.framework/AutomatedDeviceEnrollment.tbd
2026-06-03T08:46:45.8720210Z x iPhoneOS16.5.sdk/System/Library/Frameworks/_PassKit_SwiftUI.framework/
2026-06-03T08:46:45.8720690Z x iPhoneOS16.5.sdk/System/Library/Frameworks/_PassKit_SwiftUI.framework/Modules/
2026-06-03T08:46:45.8721380Z x iPhoneOS16.5.sdk/System/Library/Frameworks/_PassKit_SwiftUI.framework/Modules/module.modulemap
2026-06-03T08:46:45.8722160Z x iPhoneOS16.5.sdk/System/Library/Frameworks/_PassKit_SwiftUI.framework/Modules/_PassKit_SwiftUI.swiftmodule/
2026-06-03T08:46:45.8724860Z x iPhoneOS16.5.sdk/System/Library/Frameworks/_PassKit_SwiftUI.framework/Modules/_PassKit_SwiftUI.swiftmodule/arm64e-apple-ios.swiftdoc
2026-06-03T08:46:45.8725860Z x iPhoneOS16.5.sdk/System/Library/Frameworks/_PassKit_SwiftUI.framework/Modules/_PassKit_SwiftUI.swiftmodule/arm64-apple-ios.swiftdoc
2026-06-03T08:46:45.8726700Z x iPhoneOS16.5.sdk/System/Library/Frameworks/_PassKit_SwiftUI.framework/Modules/_PassKit_SwiftUI.swiftmodule/arm64e-apple-ios.swiftinterface
2026-06-03T08:46:45.8727730Z x iPhoneOS16.5.sdk/System/Library/Frameworks/_PassKit_SwiftUI.framework/Modules/_PassKit_SwiftUI.swiftmodule/arm64-apple-ios.swiftinterface
2026-06-03T08:46:45.8728430Z x iPhoneOS16.5.sdk/System/Library/Frameworks/_PassKit_SwiftUI.framework/_PassKit_SwiftUI.tbd
2026-06-03T08:46:45.8728920Z x iPhoneOS16.5.sdk/System/Library/Frameworks/RoomPlan.framework/
2026-06-03T08:46:45.8729370Z x iPhoneOS16.5.sdk/System/Library/Frameworks/RoomPlan.framework/Modules/
2026-06-03T08:46:45.8729910Z x iPhoneOS16.5.sdk/System/Library/Frameworks/RoomPlan.framework/Modules/RoomPlan.swiftmodule/
2026-06-03T08:46:45.8730580Z x iPhoneOS16.5.sdk/System/Library/Frameworks/RoomPlan.framework/Modules/RoomPlan.swiftmodule/arm64e-apple-ios.swiftdoc
2026-06-03T08:46:45.8731540Z x iPhoneOS16.5.sdk/System/Library/Frameworks/RoomPlan.framework/Modules/RoomPlan.swiftmodule/arm64-apple-ios.swiftdoc
2026-06-03T08:46:45.8732410Z x iPhoneOS16.5.sdk/System/Library/Frameworks/RoomPlan.framework/Modules/RoomPlan.swiftmodule/arm64e-apple-ios.swiftinterface
2026-06-03T08:46:45.8734570Z x iPhoneOS16.5.sdk/System/Library/Frameworks/RoomPlan.framework/Modules/RoomPlan.swiftmodule/arm64-apple-ios.swiftinterface
2026-06-03T08:46:45.8736820Z x iPhoneOS16.5.sdk/System/Library/Frameworks/RoomPlan.framework/Modules/module.modulemap
2026-06-03T08:46:45.8738770Z x iPhoneOS16.5.sdk/System/Library/Frameworks/RoomPlan.framework/Headers/
2026-06-03T08:46:45.8739290Z x iPhoneOS16.5.sdk/System/Library/Frameworks/RoomPlan.framework/Headers/RoomPlan.h
2026-06-03T08:46:45.8741000Z x iPhoneOS16.5.sdk/System/Library/Frameworks/RoomPlan.framework/RoomPlan.tbd
2026-06-03T08:46:45.8741480Z x iPhoneOS16.5.sdk/System/Library/Frameworks/HealthKit.framework/
2026-06-03T08:46:45.8741920Z x iPhoneOS16.5.sdk/System/Library/Frameworks/HealthKit.framework/Modules/
2026-06-03T08:46:45.8742430Z x iPhoneOS16.5.sdk/System/Library/Frameworks/HealthKit.framework/Modules/module.modulemap
2026-06-03T08:46:45.8742940Z x iPhoneOS16.5.sdk/System/Library/Frameworks/HealthKit.framework/Headers/
2026-06-03T08:46:45.8743460Z x iPhoneOS16.5.sdk/System/Library/Frameworks/HealthKit.framework/Headers/HKCDADocumentSample.h
2026-06-03T08:46:45.8744110Z x iPhoneOS16.5.sdk/System/Library/Frameworks/HealthKit.framework/Headers/HKCharacteristicObjects.h
2026-06-03T08:46:45.8744820Z x iPhoneOS16.5.sdk/System/Library/Frameworks/HealthKit.framework/Headers/HKCategorySample.h
2026-06-03T08:46:45.8748410Z x iPhoneOS16.5.sdk/System/Library/Frameworks/HealthKit.framework/Headers/HKAnchoredObjectQuery.h
2026-06-03T08:46:45.8749110Z x iPhoneOS16.5.sdk/System/Library/Frameworks/HealthKit.framework/Headers/HealthKit.apinotes
2026-06-03T08:46:45.8749800Z x iPhoneOS16.5.sdk/System/Library/Frameworks/HealthKit.framework/Headers/HKQuantity.h
2026-06-03T08:46:45.8750550Z x iPhoneOS16.5.sdk/System/Library/Frameworks/HealthKit.framework/Headers/HKAttachmentStore.h
2026-06-03T08:46:45.8751140Z x iPhoneOS16.5.sdk/System/Library/Frameworks/HealthKit.framework/Headers/HKDocumentQuery.h
2026-06-03T08:46:45.8751710Z x iPhoneOS16.5.sdk/System/Library/Frameworks/HealthKit.framework/Headers/HKMetadata.h
2026-06-03T08:46:45.8752330Z x iPhoneOS16.5.sdk/System/Library/Frameworks/HealthKit.framework/Headers/HKContactsLensSpecification.h
2026-06-03T08:46:45.8752930Z x iPhoneOS16.5.sdk/System/Library/Frameworks/HealthKit.framework/Headers/HKQuantitySample.h
2026-06-03T08:46:45.8753500Z x iPhoneOS16.5.sdk/System/Library/Frameworks/HealthKit.framework/Headers/HKFHIRResource.h
2026-06-03T08:46:45.8756540Z x iPhoneOS16.5.sdk/System/Library/Frameworks/HealthKit.framework/Headers/HKActivitySummaryQuery.h
2026-06-03T08:46:45.8758010Z x iPhoneOS16.5.sdk/System/Library/Frameworks/HealthKit.framework/Headers/HKQuery.h
2026-06-03T08:46:45.8759800Z x iPhoneOS16.5.sdk/System/Library/Frameworks/HealthKit.framework/Headers/HKCumulativeQuantitySeriesSample.h
2026-06-03T08:46:45.8760630Z x iPhoneOS16.5.sdk/System/Library/Frameworks/HealthKit.framework/Headers/HKHealthStore.h
2026-06-03T08:46:45.8762810Z x iPhoneOS16.5.sdk/System/Library/Frameworks/HealthKit.framework/Headers/HKCorrelation.h
2026-06-03T08:46:45.8763420Z x iPhoneOS16.5.sdk/System/Library/Frameworks/HealthKit.framework/Headers/HKElectrocardiogramQuery.h
2026-06-03T08:46:45.8766320Z x iPhoneOS16.5.sdk/System/Library/Frameworks/HealthKit.framework/Headers/HKStatistics.h
2026-06-03T08:46:45.8768410Z x iPhoneOS16.5.sdk/System/Library/Frameworks/HealthKit.framework/Headers/HKActivitySummary.h
2026-06-03T08:46:45.8770790Z x iPhoneOS16.5.sdk/System/Library/Frameworks/HealthKit.framework/Headers/HKDevice.h
2026-06-03T08:46:45.8772360Z x iPhoneOS16.5.sdk/System/Library/Frameworks/HealthKit.framework/Headers/HKLensSpecification.h
2026-06-03T08:46:45.8775220Z x iPhoneOS16.5.sdk/System/Library/Frameworks/HealthKit.framework/Headers/HKStatisticsQuery.h
2026-06-03T08:46:45.8777410Z x iPhoneOS16.5.sdk/System/Library/Frameworks/HealthKit.framework/Headers/HKObserverQuery.h
2026-06-03T08:46:45.8783730Z x iPhoneOS16.5.sdk/System/Library/Frameworks/HealthKit.framework/Headers/HKHeartbeatSeriesSample.h
2026-06-03T08:46:45.8786300Z x iPhoneOS16.5.sdk/System/Library/Frameworks/HealthKit.framework/Headers/HKObject.h
2026-06-03T08:46:45.8790050Z x iPhoneOS16.5.sdk/System/Library/Frameworks/HealthKit.framework/Headers/HKVerifiableClinicalRecord.h
2026-06-03T08:46:45.8790660Z x iPhoneOS16.5.sdk/System/Library/Frameworks/HealthKit.framework/Headers/HKSource.h
2026-06-03T08:46:45.8791230Z x iPhoneOS16.5.sdk/System/Library/Frameworks/HealthKit.framework/Headers/HKGlassesLensSpecification.h
2026-06-03T08:46:45.8791840Z x iPhoneOS16.5.sdk/System/Library/Frameworks/HealthKit.framework/Headers/HKElectrocardiogram.h
2026-06-03T08:46:45.8792450Z x iPhoneOS16.5.sdk/System/Library/Frameworks/HealthKit.framework/Headers/HKDocumentSample.h
2026-06-03T08:46:45.8793050Z x iPhoneOS16.5.sdk/System/Library/Frameworks/HealthKit.framework/Headers/HKWorkoutActivity.h
2026-06-03T08:46:45.8793680Z x iPhoneOS16.5.sdk/System/Library/Frameworks/HealthKit.framework/Headers/HKStatisticsCollectionQuery.h
2026-06-03T08:46:45.8794320Z x iPhoneOS16.5.sdk/System/Library/Frameworks/HealthKit.framework/Headers/HKSourceQuery.h
2026-06-03T08:46:45.8794880Z x iPhoneOS16.5.sdk/System/Library/Frameworks/HealthKit.framework/Headers/HKSeriesBuilder.h
2026-06-03T08:46:45.8795430Z x iPhoneOS16.5.sdk/System/Library/Frameworks/HealthKit.framework/Headers/HKFHIRVersion.h
2026-06-03T08:46:45.8795990Z x iPhoneOS16.5.sdk/System/Library/Frameworks/HealthKit.framework/Headers/HKWorkoutRouteBuilder.h
2026-06-03T08:46:45.8796610Z x iPhoneOS16.5.sdk/System/Library/Frameworks/HealthKit.framework/Headers/HKCumulativeQuantitySample.h
2026-06-03T08:46:45.8797300Z x iPhoneOS16.5.sdk/System/Library/Frameworks/HealthKit.framework/Headers/HKWorkout.h
2026-06-03T08:46:45.8798170Z x iPhoneOS16.5.sdk/System/Library/Frameworks/HealthKit.framework/Headers/HKHeartbeatSeriesBuilder.h
2026-06-03T08:46:45.8798820Z x iPhoneOS16.5.sdk/System/Library/Frameworks/HealthKit.framework/Headers/HKWorkoutConfiguration.h
2026-06-03T08:46:45.8799410Z x iPhoneOS16.5.sdk/System/Library/Frameworks/HealthKit.framework/Headers/HKCorrelationQuery.h
2026-06-03T08:46:45.8800010Z x iPhoneOS16.5.sdk/System/Library/Frameworks/HealthKit.framework/Headers/HKGlassesPrescription.h
2026-06-03T08:46:45.8800900Z x iPhoneOS16.5.sdk/System/Library/Frameworks/HealthKit.framework/Headers/HKDiscreteQuantitySample.h
2026-06-03T08:46:45.8801850Z x iPhoneOS16.5.sdk/System/Library/Frameworks/HealthKit.framework/Headers/HKClinicalType.h
2026-06-03T08:46:45.8802770Z x iPhoneOS16.5.sdk/System/Library/Frameworks/HealthKit.framework/Headers/HKVisionPrism.h
2026-06-03T08:46:45.8803660Z x iPhoneOS16.5.sdk/System/Library/Frameworks/HealthKit.framework/Headers/HKWorkoutRoute.h
2026-06-03T08:46:45.8807030Z x iPhoneOS16.5.sdk/System/Library/Frameworks/HealthKit.framework/Headers/HKFHIRRelease.h
2026-06-03T08:46:45.8807630Z x iPhoneOS16.5.sdk/System/Library/Frameworks/HealthKit.framework/Headers/HKQueryAnchor.h
2026-06-03T08:46:45.8808450Z x iPhoneOS16.5.sdk/System/Library/Frameworks/HealthKit.framework/Headers/HKAppleWalkingSteadinessClassification.h
2026-06-03T08:46:45.8814010Z x iPhoneOS16.5.sdk/System/Library/Frameworks/HealthKit.framework/Headers/HKLiveWorkoutDataSource.h
2026-06-03T08:46:45.8814880Z x iPhoneOS16.5.sdk/System/Library/Frameworks/HealthKit.framework/Headers/HKHeartbeatSeriesQuery.h
2026-06-03T08:46:45.8818640Z x iPhoneOS16.5.sdk/System/Library/Frameworks/HealthKit.framework/Headers/HKWorkoutSession.h
2026-06-03T08:46:45.8819230Z x iPhoneOS16.5.sdk/System/Library/Frameworks/HealthKit.framework/Headers/HKClinicalRecord.h
2026-06-03T08:46:45.8819870Z x iPhoneOS16.5.sdk/System/Library/Frameworks/HealthKit.framework/Headers/HKQueryDescriptor.h
2026-06-03T08:46:45.8820490Z x iPhoneOS16.5.sdk/System/Library/Frameworks/HealthKit.framework/Headers/HKLiveWorkoutBuilder.h
2026-06-03T08:46:45.8821220Z x iPhoneOS16.5.sdk/System/Library/Frameworks/HealthKit.framework/Headers/HKDefines.h
2026-06-03T08:46:45.8824470Z x iPhoneOS16.5.sdk/System/Library/Frameworks/HealthKit.framework/Headers/HKQuantitySeriesSampleQuery.h
2026-06-03T08:46:45.8826590Z x iPhoneOS16.5.sdk/System/Library/Frameworks/HealthKit.framework/Headers/HKQuantitySeriesSampleBuilder.h
2026-06-03T08:46:45.8827550Z x iPhoneOS16.5.sdk/System/Library/Frameworks/HealthKit.framework/Headers/HKWorkoutRouteQuery.h
2026-06-03T08:46:45.8828440Z x iPhoneOS16.5.sdk/System/Library/Frameworks/HealthKit.framework/Headers/HKVisionPrescription.h
2026-06-03T08:46:45.8829310Z x iPhoneOS16.5.sdk/System/Library/Frameworks/HealthKit.framework/Headers/HKQuantityAggregationStyle.h
2026-06-03T08:46:45.8830140Z x iPhoneOS16.5.sdk/System/Library/Frameworks/HealthKit.framework/Headers/HKSample.h
2026-06-03T08:46:45.8832670Z x iPhoneOS16.5.sdk/System/Library/Frameworks/HealthKit.framework/Headers/HKSeriesSample.h
2026-06-03T08:46:45.8833340Z x iPhoneOS16.5.sdk/System/Library/Frameworks/HealthKit.framework/Headers/HealthKit.h
2026-06-03T08:46:45.8834060Z x iPhoneOS16.5.sdk/System/Library/Frameworks/HealthKit.framework/Headers/HKVerifiableClinicalRecordSubject.h
2026-06-03T08:46:45.8834790Z x iPhoneOS16.5.sdk/System/Library/Frameworks/HealthKit.framework/Headers/HKSampleQuery.h
2026-06-03T08:46:45.8835350Z x iPhoneOS16.5.sdk/System/Library/Frameworks/HealthKit.framework/Headers/HKDeletedObject.h
2026-06-03T08:46:45.8837720Z x iPhoneOS16.5.sdk/System/Library/Frameworks/HealthKit.framework/Headers/HKWorkoutBuilder.h
2026-06-03T08:46:45.8842600Z x iPhoneOS16.5.sdk/System/Library/Frameworks/HealthKit.framework/Headers/HKTypeIdentifiers.h
2026-06-03T08:46:45.8843700Z x iPhoneOS16.5.sdk/System/Library/Frameworks/HealthKit.framework/Headers/HKAudiogramSample.h
2026-06-03T08:46:45.8844280Z x iPhoneOS16.5.sdk/System/Library/Frameworks/HealthKit.framework/Headers/HKSourceRevision.h
2026-06-03T08:46:45.8845390Z x iPhoneOS16.5.sdk/System/Library/Frameworks/HealthKit.framework/Headers/HKAttachment.h
2026-06-03T08:46:45.8847710Z x iPhoneOS16.5.sdk/System/Library/Frameworks/HealthKit.framework/Headers/HKContactsPrescription.h
2026-06-03T08:46:45.8848340Z x iPhoneOS16.5.sdk/System/Library/Frameworks/HealthKit.framework/Headers/HKObjectType.h
2026-06-03T08:46:45.8849260Z x iPhoneOS16.5.sdk/System/Library/Frameworks/HealthKit.framework/Headers/HKVerifiableClinicalRecordQuery.h
2026-06-03T08:46:45.8850220Z x iPhoneOS16.5.sdk/System/Library/Frameworks/HealthKit.framework/Headers/HKUnit.h
2026-06-03T08:46:45.8866990Z x iPhoneOS16.5.sdk/System/Library/Frameworks/HealthKit.framework/HealthKit.tbd
2026-06-03T08:46:45.8870580Z x iPhoneOS16.5.sdk/System/Library/Frameworks/AuthenticationServices.framework
2026-06-03T08:46:45.8871030Z x iPhoneOS16.5.sdk/System/Library/Frameworks/MediaSetup.framework/
2026-06-03T08:46:45.8871520Z x iPhoneOS16.5.sdk/System/Library/Frameworks/MediaSetup.framework/Modules/
2026-06-03T08:46:45.8872340Z x iPhoneOS16.5.sdk/System/Library/Frameworks/MediaSetup.framework/Modules/module.modulemap
2026-06-03T08:46:45.8873380Z x iPhoneOS16.5.sdk/System/Library/Frameworks/MediaSetup.framework/MediaSetup.tbd
2026-06-03T08:46:45.8873910Z x iPhoneOS16.5.sdk/System/Library/Frameworks/MediaSetup.framework/Headers/
2026-06-03T08:46:45.8874860Z x iPhoneOS16.5.sdk/System/Library/Frameworks/MediaSetup.framework/Headers/MSSetupSession.h
2026-06-03T08:46:45.8876180Z x iPhoneOS16.5.sdk/System/Library/Frameworks/MediaSetup.framework/Headers/MediaSetup.h
2026-06-03T08:46:45.8876990Z x iPhoneOS16.5.sdk/System/Library/Frameworks/MediaSetup.framework/Headers/MSServiceAccount.h
2026-06-03T08:46:45.8878310Z x iPhoneOS16.5.sdk/System/Library/Frameworks/_GroupActivities_UIKit.framework/
2026-06-03T08:46:45.8879570Z x iPhoneOS16.5.sdk/System/Library/Frameworks/_GroupActivities_UIKit.framework/Modules/
2026-06-03T08:46:45.8881090Z x iPhoneOS16.5.sdk/System/Library/Frameworks/_GroupActivities_UIKit.framework/Modules/_GroupActivities_UIKit.swiftmodule/
2026-06-03T08:46:45.8883030Z x iPhoneOS16.5.sdk/System/Library/Frameworks/_GroupActivities_UIKit.framework/Modules/_GroupActivities_UIKit.swiftmodule/arm64e-apple-ios.swiftdoc
2026-06-03T08:46:45.8883950Z x iPhoneOS16.5.sdk/System/Library/Frameworks/_GroupActivities_UIKit.framework/Modules/_GroupActivities_UIKit.swiftmodule/arm64-apple-ios.swiftdoc
2026-06-03T08:46:45.8884800Z x iPhoneOS16.5.sdk/System/Library/Frameworks/_GroupActivities_UIKit.framework/Modules/_GroupActivities_UIKit.swiftmodule/arm64e-apple-ios.swiftinterface
2026-06-03T08:46:45.8885680Z x iPhoneOS16.5.sdk/System/Library/Frameworks/_GroupActivities_UIKit.framework/Modules/_GroupActivities_UIKit.swiftmodule/arm64-apple-ios.swiftinterface
2026-06-03T08:46:45.8896130Z x iPhoneOS16.5.sdk/System/Library/Frameworks/_GroupActivities_UIKit.framework/_GroupActivities_UIKit.tbd
2026-06-03T08:46:45.8897690Z x iPhoneOS16.5.sdk/System/Library/Frameworks/FileProvider.framework/
2026-06-03T08:46:45.8899590Z x iPhoneOS16.5.sdk/System/Library/Frameworks/FileProvider.framework/Modules/
2026-06-03T08:46:45.8900160Z x iPhoneOS16.5.sdk/System/Library/Frameworks/FileProvider.framework/Modules/module.modulemap
2026-06-03T08:46:45.8900660Z x iPhoneOS16.5.sdk/System/Library/Frameworks/FileProvider.framework/Headers/
2026-06-03T08:46:45.8901210Z x iPhoneOS16.5.sdk/System/Library/Frameworks/FileProvider.framework/Headers/NSFileProviderManager.h
2026-06-03T08:46:45.8905070Z x iPhoneOS16.5.sdk/System/Library/Frameworks/FileProvider.framework/Headers/NSFileProviderItemDecoration.h
2026-06-03T08:46:45.8906000Z x iPhoneOS16.5.sdk/System/Library/Frameworks/FileProvider.framework/Headers/NSFileProviderExtension.h
2026-06-03T08:46:45.8908200Z x iPhoneOS16.5.sdk/System/Library/Frameworks/FileProvider.framework/Headers/FileProvider.h
2026-06-03T08:46:45.8911380Z x iPhoneOS16.5.sdk/System/Library/Frameworks/FileProvider.framework/Headers/NSFileProviderActions.h
2026-06-03T08:46:45.8924210Z x iPhoneOS16.5.sdk/System/Library/Frameworks/FileProvider.framework/Headers/NSFileProviderDefines.h
2026-06-03T08:46:45.8927340Z x iPhoneOS16.5.sdk/System/Library/Frameworks/FileProvider.framework/Headers/NSFileProviderItem.h
2026-06-03T08:46:45.8936990Z x iPhoneOS16.5.sdk/System/Library/Frameworks/FileProvider.framework/Headers/NSFileProviderReplicatedExtension.h
2026-06-03T08:46:45.8938620Z x iPhoneOS16.5.sdk/System/Library/Frameworks/FileProvider.framework/Headers/NSFileProviderError.h
2026-06-03T08:46:45.8944070Z x iPhoneOS16.5.sdk/System/Library/Frameworks/FileProvider.framework/Headers/NSFileProviderTesting.h
2026-06-03T08:46:45.8945600Z x iPhoneOS16.5.sdk/System/Library/Frameworks/FileProvider.framework/Headers/NSFileProviderRequest.h
2026-06-03T08:46:45.8948160Z x iPhoneOS16.5.sdk/System/Library/Frameworks/FileProvider.framework/Headers/NSFileProviderEnumerating.h
2026-06-03T08:46:45.8978560Z x iPhoneOS16.5.sdk/System/Library/Frameworks/FileProvider.framework/Headers/NSFileProviderDomain.h
2026-06-03T08:46:45.8979390Z x iPhoneOS16.5.sdk/System/Library/Frameworks/FileProvider.framework/Headers/NSFileProviderModifyItemOptions.h
2026-06-03T08:46:45.8980020Z x iPhoneOS16.5.sdk/System/Library/Frameworks/FileProvider.framework/Headers/NSFileProviderThumbnailing.h
2026-06-03T08:46:45.8983660Z x iPhoneOS16.5.sdk/System/Library/Frameworks/FileProvider.framework/Headers/NSFileProviderService.h
2026-06-03T08:46:45.8988070Z x iPhoneOS16.5.sdk/System/Library/Frameworks/FileProvider.framework/FileProvider.tbd
2026-06-03T08:46:45.8989690Z x iPhoneOS16.5.sdk/System/Library/Frameworks/_AppIntents_SwiftUI.framework/
2026-06-03T08:46:45.8991120Z x iPhoneOS16.5.sdk/System/Library/Frameworks/_AppIntents_SwiftUI.framework/_AppIntents_SwiftUI.tbd
2026-06-03T08:46:45.8992740Z x iPhoneOS16.5.sdk/System/Library/Frameworks/_AppIntents_SwiftUI.framework/Modules/
2026-06-03T08:46:45.8994840Z x iPhoneOS16.5.sdk/System/Library/Frameworks/_AppIntents_SwiftUI.framework/Modules/_AppIntents_SwiftUI.swiftmodule/
2026-06-03T08:46:45.8996760Z x iPhoneOS16.5.sdk/System/Library/Frameworks/_AppIntents_SwiftUI.framework/Modules/_AppIntents_SwiftUI.swiftmodule/arm64e-apple-ios.swiftdoc
2026-06-03T08:46:45.8999020Z x iPhoneOS16.5.sdk/System/Library/Frameworks/_AppIntents_SwiftUI.framework/Modules/_AppIntents_SwiftUI.swiftmodule/arm64-apple-ios.swiftdoc
2026-06-03T08:46:45.9001440Z x iPhoneOS16.5.sdk/System/Library/Frameworks/_AppIntents_SwiftUI.framework/Modules/_AppIntents_SwiftUI.swiftmodule/arm64e-apple-ios.swiftinterface
2026-06-03T08:46:45.9003900Z x iPhoneOS16.5.sdk/System/Library/Frameworks/_AppIntents_SwiftUI.framework/Modules/_AppIntents_SwiftUI.swiftmodule/arm64-apple-ios.swiftinterface
2026-06-03T08:46:45.9005890Z x iPhoneOS16.5.sdk/System/Library/Frameworks/DeviceDiscoveryExtension.framework/
2026-06-03T08:46:45.9008700Z x iPhoneOS16.5.sdk/System/Library/Frameworks/DeviceDiscoveryExtension.framework/Modules/
2026-06-03T08:46:45.9010580Z x iPhoneOS16.5.sdk/System/Library/Frameworks/DeviceDiscoveryExtension.framework/Modules/module.modulemap
2026-06-03T08:46:45.9012780Z x iPhoneOS16.5.sdk/System/Library/Frameworks/DeviceDiscoveryExtension.framework/Modules/DeviceDiscoveryExtension.swiftmodule/
2026-06-03T08:46:45.9014800Z x iPhoneOS16.5.sdk/System/Library/Frameworks/DeviceDiscoveryExtension.framework/Modules/DeviceDiscoveryExtension.swiftmodule/arm64e-apple-ios.swiftdoc
2026-06-03T08:46:45.9015700Z x iPhoneOS16.5.sdk/System/Library/Frameworks/DeviceDiscoveryExtension.framework/Modules/DeviceDiscoveryExtension.swiftmodule/arm64-apple-ios.swiftdoc
2026-06-03T08:46:45.9016610Z x iPhoneOS16.5.sdk/System/Library/Frameworks/DeviceDiscoveryExtension.framework/Modules/DeviceDiscoveryExtension.swiftmodule/arm64e-apple-ios.swiftinterface
2026-06-03T08:46:45.9017560Z x iPhoneOS16.5.sdk/System/Library/Frameworks/DeviceDiscoveryExtension.framework/Modules/DeviceDiscoveryExtension.swiftmodule/arm64-apple-ios.swiftinterface
2026-06-03T08:46:45.9018360Z x iPhoneOS16.5.sdk/System/Library/Frameworks/DeviceDiscoveryExtension.framework/DeviceDiscoveryExtension.tbd
2026-06-03T08:46:45.9018940Z x iPhoneOS16.5.sdk/System/Library/Frameworks/DeviceDiscoveryExtension.framework/Headers/
2026-06-03T08:46:45.9019730Z x iPhoneOS16.5.sdk/System/Library/Frameworks/DeviceDiscoveryExtension.framework/Headers/DeviceDiscoveryExtension.h
2026-06-03T08:46:45.9020360Z x iPhoneOS16.5.sdk/System/Library/Frameworks/DeviceDiscoveryExtension.framework/Headers/DDEvent.h
2026-06-03T08:46:45.9020910Z x iPhoneOS16.5.sdk/System/Library/Frameworks/DeviceDiscoveryExtension.framework/Headers/DDDevice.h
2026-06-03T08:46:45.9021490Z x iPhoneOS16.5.sdk/System/Library/Frameworks/DeviceDiscoveryExtension.framework/Headers/DDCommon.h
2026-06-03T08:46:45.9022110Z x iPhoneOS16.5.sdk/System/Library/Frameworks/DeviceDiscoveryExtension.framework/Headers/DDErrors.h
2026-06-03T08:46:45.9025460Z x iPhoneOS16.5.sdk/System/Library/Frameworks/DeviceDiscoveryExtension.framework/Headers/DDExtension.h
2026-06-03T08:46:45.9026190Z x iPhoneOS16.5.sdk/System/Library/Frameworks/CoreNFC.framework/
2026-06-03T08:46:45.9027900Z x iPhoneOS16.5.sdk/System/Library/Frameworks/CoreNFC.framework/Modules/
2026-06-03T08:46:45.9031640Z x iPhoneOS16.5.sdk/System/Library/Frameworks/CoreNFC.framework/Modules/module.modulemap
2026-06-03T08:46:45.9032450Z x iPhoneOS16.5.sdk/System/Library/Frameworks/CoreNFC.framework/Headers/
2026-06-03T08:46:45.9036760Z x iPhoneOS16.5.sdk/System/Library/Frameworks/CoreNFC.framework/Headers/NFCTag.h
2026-06-03T08:46:45.9042810Z x iPhoneOS16.5.sdk/System/Library/Frameworks/CoreNFC.framework/Headers/NFCFeliCaTag.h
2026-06-03T08:46:45.9044120Z x iPhoneOS16.5.sdk/System/Library/Frameworks/CoreNFC.framework/Headers/NFCMiFareTag.h
2026-06-03T08:46:45.9045360Z x iPhoneOS16.5.sdk/System/Library/Frameworks/CoreNFC.framework/Headers/NFCNDEFPayload.h
2026-06-03T08:46:45.9049470Z x iPhoneOS16.5.sdk/System/Library/Frameworks/CoreNFC.framework/Headers/NFCNDEFMessage.h
2026-06-03T08:46:45.9051020Z x iPhoneOS16.5.sdk/System/Library/Frameworks/CoreNFC.framework/Headers/NFCNDEFReaderSession.h
2026-06-03T08:46:45.9052440Z x iPhoneOS16.5.sdk/System/Library/Frameworks/CoreNFC.framework/Headers/NFCISO15693ReaderSession.h
2026-06-03T08:46:45.9054200Z x iPhoneOS16.5.sdk/System/Library/Frameworks/CoreNFC.framework/Headers/NFCNDEFTag.h
2026-06-03T08:46:45.9055820Z x iPhoneOS16.5.sdk/System/Library/Frameworks/CoreNFC.framework/Headers/CoreNFC.h
2026-06-03T08:46:45.9057000Z x iPhoneOS16.5.sdk/System/Library/Frameworks/CoreNFC.framework/Headers/NFCISO7816Tag.h
2026-06-03T08:46:45.9060550Z x iPhoneOS16.5.sdk/System/Library/Frameworks/CoreNFC.framework/Headers/CoreNFC.apinotes
2026-06-03T08:46:45.9061820Z x iPhoneOS16.5.sdk/System/Library/Frameworks/CoreNFC.framework/Headers/NFCReaderSession.h
2026-06-03T08:46:45.9063070Z x iPhoneOS16.5.sdk/System/Library/Frameworks/CoreNFC.framework/Headers/NFCISO15693Tag.h
2026-06-03T08:46:45.9064470Z x iPhoneOS16.5.sdk/System/Library/Frameworks/CoreNFC.framework/Headers/NSUserActivity+CoreNFC.h
2026-06-03T08:46:45.9068810Z x iPhoneOS16.5.sdk/System/Library/Frameworks/CoreNFC.framework/Headers/NFCError.h
2026-06-03T08:46:45.9070690Z x iPhoneOS16.5.sdk/System/Library/Frameworks/CoreNFC.framework/Headers/NFCVASReaderSession.h
2026-06-03T08:46:45.9071380Z x iPhoneOS16.5.sdk/System/Library/Frameworks/CoreNFC.framework/Headers/NFCTagReaderSession.h
2026-06-03T08:46:45.9073460Z x iPhoneOS16.5.sdk/System/Library/Frameworks/CoreNFC.framework/CoreNFC.tbd
2026-06-03T08:46:45.9075830Z x iPhoneOS16.5.sdk/System/Library/Frameworks/MetricKit.framework/
2026-06-03T08:46:45.9077330Z x iPhoneOS16.5.sdk/System/Library/Frameworks/MetricKit.framework/Modules/
2026-06-03T08:46:45.9078680Z x iPhoneOS16.5.sdk/System/Library/Frameworks/MetricKit.framework/Modules/module.modulemap
2026-06-03T08:46:45.9080930Z x iPhoneOS16.5.sdk/System/Library/Frameworks/MetricKit.framework/Headers/
2026-06-03T08:46:45.9082110Z x iPhoneOS16.5.sdk/System/Library/Frameworks/MetricKit.framework/Headers/MXAppResponsivenessMetric.h
2026-06-03T08:46:45.9082660Z x iPhoneOS16.5.sdk/System/Library/Frameworks/MetricKit.framework/Headers/MetricKit.h
2026-06-03T08:46:45.9083210Z x iPhoneOS16.5.sdk/System/Library/Frameworks/MetricKit.framework/Headers/MXDiagnosticPayload.h
2026-06-03T08:46:45.9088210Z x iPhoneOS16.5.sdk/System/Library/Frameworks/MetricKit.framework/Headers/MXAppLaunchDiagnostic.h
2026-06-03T08:46:45.9089700Z x iPhoneOS16.5.sdk/System/Library/Frameworks/MetricKit.framework/Headers/MXLocationActivityMetric.h
2026-06-03T08:46:45.9091560Z x iPhoneOS16.5.sdk/System/Library/Frameworks/MetricKit.framework/Headers/MXDisplayMetric.h
2026-06-03T08:46:45.9092070Z x iPhoneOS16.5.sdk/System/Library/Frameworks/MetricKit.framework/Headers/MXAverage.h
2026-06-03T08:46:45.9093330Z x iPhoneOS16.5.sdk/System/Library/Frameworks/MetricKit.framework/Headers/MXAppLaunchMetric.h
2026-06-03T08:46:45.9094190Z x iPhoneOS16.5.sdk/System/Library/Frameworks/MetricKit.framework/Headers/MXDiskWriteExceptionDiagnostic.h
2026-06-03T08:46:45.9097780Z x iPhoneOS16.5.sdk/System/Library/Frameworks/MetricKit.framework/Headers/MXMetaData.h
2026-06-03T08:46:45.9099110Z x iPhoneOS16.5.sdk/System/Library/Frameworks/MetricKit.framework/Headers/MXSignpostMetric.h
2026-06-03T08:46:45.9104080Z x iPhoneOS16.5.sdk/System/Library/Frameworks/MetricKit.framework/Headers/MXSignpost.h
2026-06-03T08:46:45.9108580Z x iPhoneOS16.5.sdk/System/Library/Frameworks/MetricKit.framework/Headers/MXNetworkTransferMetric.h
2026-06-03T08:46:45.9111120Z x iPhoneOS16.5.sdk/System/Library/Frameworks/MetricKit.framework/Headers/MXCellularConditionMetric.h
2026-06-03T08:46:45.9112550Z x iPhoneOS16.5.sdk/System/Library/Frameworks/MetricKit.framework/Headers/MXAnimationMetric.h
2026-06-03T08:46:45.9113960Z x iPhoneOS16.5.sdk/System/Library/Frameworks/MetricKit.framework/Headers/MXCrashDiagnostic.h
2026-06-03T08:46:45.9116780Z x iPhoneOS16.5.sdk/System/Library/Frameworks/MetricKit.framework/Headers/MXError.h
2026-06-03T08:46:45.9117280Z x iPhoneOS16.5.sdk/System/Library/Frameworks/MetricKit.framework/Headers/MXHistogram.h
2026-06-03T08:46:45.9117820Z x iPhoneOS16.5.sdk/System/Library/Frameworks/MetricKit.framework/Headers/MXMemoryMetric.h
2026-06-03T08:46:45.9118410Z x iPhoneOS16.5.sdk/System/Library/Frameworks/MetricKit.framework/Headers/MXMetric.h
2026-06-03T08:46:45.9119090Z x iPhoneOS16.5.sdk/System/Library/Frameworks/MetricKit.framework/Headers/MXCallStackTree.h
2026-06-03T08:46:45.9122820Z x iPhoneOS16.5.sdk/System/Library/Frameworks/MetricKit.framework/Headers/MXAppExitMetric.h
2026-06-03T08:46:45.9125180Z x iPhoneOS16.5.sdk/System/Library/Frameworks/MetricKit.framework/Headers/MXSignpost_Private.h
2026-06-03T08:46:45.9126700Z x iPhoneOS16.5.sdk/System/Library/Frameworks/MetricKit.framework/Headers/MXDiagnostic.h
2026-06-03T08:46:45.9130110Z x iPhoneOS16.5.sdk/System/Library/Frameworks/MetricKit.framework/Headers/MXMetricPayload.h
2026-06-03T08:46:45.9132220Z x iPhoneOS16.5.sdk/System/Library/Frameworks/MetricKit.framework/Headers/MXCPUMetric.h
2026-06-03T08:46:45.9134000Z x iPhoneOS16.5.sdk/System/Library/Frameworks/MetricKit.framework/Headers/MXCPUExceptionDiagnostic.h
2026-06-03T08:46:45.9135420Z x iPhoneOS16.5.sdk/System/Library/Frameworks/MetricKit.framework/Headers/MXAppRunTimeMetric.h
2026-06-03T08:46:45.9136790Z x iPhoneOS16.5.sdk/System/Library/Frameworks/MetricKit.framework/Headers/MXHangDiagnostic.h
2026-06-03T08:46:45.9138030Z x iPhoneOS16.5.sdk/System/Library/Frameworks/MetricKit.framework/Headers/MXUnit.h
2026-06-03T08:46:45.9139320Z x iPhoneOS16.5.sdk/System/Library/Frameworks/MetricKit.framework/Headers/MXMetricManager.h
2026-06-03T08:46:45.9141450Z x iPhoneOS16.5.sdk/System/Library/Frameworks/MetricKit.framework/Headers/MXGPUMetric.h
2026-06-03T08:46:45.9142770Z x iPhoneOS16.5.sdk/System/Library/Frameworks/MetricKit.framework/Headers/MXDiskIOMetric.h
2026-06-03T08:46:45.9144180Z x iPhoneOS16.5.sdk/System/Library/Frameworks/MetricKit.framework/MetricKit.tbd
2026-06-03T08:46:45.9145240Z x iPhoneOS16.5.sdk/System/Library/Frameworks/MusicKit.framework/
2026-06-03T08:46:45.9146590Z x iPhoneOS16.5.sdk/System/Library/Frameworks/MusicKit.framework/Modules/
2026-06-03T08:46:45.9147910Z x iPhoneOS16.5.sdk/System/Library/Frameworks/MusicKit.framework/Modules/MusicKit.swiftcrossimport/
2026-06-03T08:46:45.9150390Z x iPhoneOS16.5.sdk/System/Library/Frameworks/MusicKit.framework/Modules/MusicKit.swiftcrossimport/SwiftUI.swiftoverlay
2026-06-03T08:46:45.9151010Z x iPhoneOS16.5.sdk/System/Library/Frameworks/MusicKit.framework/Modules/MusicKit.swiftmodule/
2026-06-03T08:46:45.9163320Z x iPhoneOS16.5.sdk/System/Library/Frameworks/MusicKit.framework/Modules/MusicKit.swiftmodule/arm64e-apple-ios.swiftdoc
2026-06-03T08:46:45.9168160Z x iPhoneOS16.5.sdk/System/Library/Frameworks/MusicKit.framework/Modules/MusicKit.swiftmodule/arm64-apple-ios.swiftdoc
2026-06-03T08:46:45.9177730Z x iPhoneOS16.5.sdk/System/Library/Frameworks/MusicKit.framework/Modules/MusicKit.swiftmodule/arm64e-apple-ios.swiftinterface
2026-06-03T08:46:45.9182000Z x iPhoneOS16.5.sdk/System/Library/Frameworks/MusicKit.framework/Modules/MusicKit.swiftmodule/arm64-apple-ios.swiftinterface
2026-06-03T08:46:45.9231220Z x iPhoneOS16.5.sdk/System/Library/Frameworks/MusicKit.framework/MusicKit.tbd
2026-06-03T08:46:45.9232960Z x iPhoneOS16.5.sdk/System/Library/Frameworks/GroupActivities.framework/
2026-06-03T08:46:45.9233660Z x iPhoneOS16.5.sdk/System/Library/Frameworks/GroupActivities.framework/Modules/
2026-06-03T08:46:45.9234900Z x iPhoneOS16.5.sdk/System/Library/Frameworks/GroupActivities.framework/Modules/module.modulemap
2026-06-03T08:46:45.9235920Z x iPhoneOS16.5.sdk/System/Library/Frameworks/GroupActivities.framework/Modules/GroupActivities.swiftmodule/
2026-06-03T08:46:45.9244070Z x iPhoneOS16.5.sdk/System/Library/Frameworks/GroupActivities.framework/Modules/GroupActivities.swiftmodule/arm64e-apple-ios.swiftdoc
2026-06-03T08:46:45.9248510Z x iPhoneOS16.5.sdk/System/Library/Frameworks/GroupActivities.framework/Modules/GroupActivities.swiftmodule/arm64-apple-ios.swiftdoc
2026-06-03T08:46:45.9251520Z x iPhoneOS16.5.sdk/System/Library/Frameworks/GroupActivities.framework/Modules/GroupActivities.swiftmodule/arm64e-apple-ios.swiftinterface
2026-06-03T08:46:45.9252300Z x iPhoneOS16.5.sdk/System/Library/Frameworks/GroupActivities.framework/Modules/GroupActivities.swiftmodule/arm64-apple-ios.swiftinterface
2026-06-03T08:46:45.9256440Z x iPhoneOS16.5.sdk/System/Library/Frameworks/GroupActivities.framework/Modules/GroupActivities.swiftcrossimport/
2026-06-03T08:46:45.9257420Z x iPhoneOS16.5.sdk/System/Library/Frameworks/GroupActivities.framework/Modules/GroupActivities.swiftcrossimport/UIKit.swiftoverlay
2026-06-03T08:46:45.9272760Z x iPhoneOS16.5.sdk/System/Library/Frameworks/GroupActivities.framework/GroupActivities.tbd
2026-06-03T08:46:45.9273610Z x iPhoneOS16.5.sdk/System/Library/Frameworks/IOKit.framework/
2026-06-03T08:46:45.9273820Z x iPhoneOS16.5.sdk/System/Library/Frameworks/IOKit.framework/IOKit.tbd
2026-06-03T08:46:45.9274120Z x iPhoneOS16.5.sdk/System/Library/Frameworks/IOKit.framework/Headers
2026-06-03T08:46:45.9276020Z x iPhoneOS16.5.sdk/System/Library/Frameworks/IOKit.framework/Versions/
2026-06-03T08:46:45.9285310Z x iPhoneOS16.5.sdk/System/Library/Frameworks/IOKit.framework/Versions/Current
2026-06-03T08:46:45.9285740Z x iPhoneOS16.5.sdk/System/Library/Frameworks/IOKit.framework/Versions/A/
2026-06-03T08:46:45.9306430Z x iPhoneOS16.5.sdk/System/Library/Frameworks/IOKit.framework/Versions/A/IOKit.tbd
2026-06-03T08:46:45.9307160Z x iPhoneOS16.5.sdk/System/Library/Frameworks/IOKit.framework/Versions/A/Headers/
2026-06-03T08:46:45.9308020Z x iPhoneOS16.5.sdk/System/Library/Frameworks/IOKit.framework/Versions/A/Headers/IOTypes.h
2026-06-03T08:46:45.9309380Z x iPhoneOS16.5.sdk/System/Library/Frameworks/IOKit.framework/Versions/A/Headers/IOMapTypes.h
2026-06-03T08:46:45.9310810Z x iPhoneOS16.5.sdk/System/Library/Frameworks/IOKit.framework/Versions/A/Headers/IOKitKeys.h
2026-06-03T08:46:45.9312670Z x iPhoneOS16.5.sdk/System/Library/Frameworks/IOKit.framework/Versions/A/Headers/IOCFSerialize.h
2026-06-03T08:46:45.9316340Z x iPhoneOS16.5.sdk/System/Library/Frameworks/IOKit.framework/Versions/A/Headers/IOCFUnserialize.h
2026-06-03T08:46:45.9317200Z x iPhoneOS16.5.sdk/System/Library/Frameworks/IOKit.framework/Versions/A/Headers/OSMessageNotification.h
2026-06-03T08:46:45.9318340Z x iPhoneOS16.5.sdk/System/Library/Frameworks/IOKit.framework/Versions/A/Headers/IOReturn.h
2026-06-03T08:46:45.9324800Z x iPhoneOS16.5.sdk/System/Library/Frameworks/IOKit.framework/Versions/A/Headers/IOMessage.h
2026-06-03T08:46:45.9325780Z x iPhoneOS16.5.sdk/System/Library/Frameworks/IOKit.framework/Versions/A/Headers/IODataQueueShared.h
2026-06-03T08:46:45.9332420Z x iPhoneOS16.5.sdk/System/Library/Frameworks/IOKit.framework/Versions/A/Headers/IOKitLib.h
2026-06-03T08:46:45.9333440Z x iPhoneOS16.5.sdk/System/Library/Frameworks/IOKit.framework/Versions/A/Headers/IODataQueueClient.h
2026-06-03T08:46:45.9341280Z x iPhoneOS16.5.sdk/System/Library/Frameworks/ClockKit.framework/
2026-06-03T08:46:45.9342800Z x iPhoneOS16.5.sdk/System/Library/Frameworks/ClockKit.framework/Modules/
2026-06-03T08:46:45.9343720Z x iPhoneOS16.5.sdk/System/Library/Frameworks/ClockKit.framework/Modules/module.modulemap
2026-06-03T08:46:45.9344240Z x iPhoneOS16.5.sdk/System/Library/Frameworks/ClockKit.framework/Headers/
2026-06-03T08:46:45.9345580Z x iPhoneOS16.5.sdk/System/Library/Frameworks/ClockKit.framework/Headers/CLKComplicationWidgetMigrationConfiguration.h
2026-06-03T08:46:45.9346170Z x iPhoneOS16.5.sdk/System/Library/Frameworks/ClockKit.framework/Headers/CLKWatchFaceLibrary.h
2026-06-03T08:46:45.9346800Z x iPhoneOS16.5.sdk/System/Library/Frameworks/ClockKit.framework/Headers/CLKFullColorImageProvider.h
2026-06-03T08:46:45.9347460Z x iPhoneOS16.5.sdk/System/Library/Frameworks/ClockKit.framework/Headers/CLKComplicationTimelineEntry.h
2026-06-03T08:46:45.9347960Z x iPhoneOS16.5.sdk/System/Library/Frameworks/ClockKit.framework/Headers/CLKDefines.h
2026-06-03T08:46:45.9348860Z x iPhoneOS16.5.sdk/System/Library/Frameworks/ClockKit.framework/Headers/CLKComplicationStaticWidgetMigrationConfiguration.h
2026-06-03T08:46:45.9349360Z x iPhoneOS16.5.sdk/System/Library/Frameworks/ClockKit.framework/Headers/ClockKit.h
2026-06-03T08:46:45.9349900Z x iPhoneOS16.5.sdk/System/Library/Frameworks/ClockKit.framework/Headers/CLKTextProvider.h
2026-06-03T08:46:45.9350440Z x iPhoneOS16.5.sdk/System/Library/Frameworks/ClockKit.framework/Headers/CLKComplication.h
2026-06-03T08:46:45.9351030Z x iPhoneOS16.5.sdk/System/Library/Frameworks/ClockKit.framework/Headers/CLKComplicationServer.h
2026-06-03T08:46:45.9351940Z x iPhoneOS16.5.sdk/System/Library/Frameworks/ClockKit.framework/Headers/CLKImageProvider.h
2026-06-03T08:46:45.9352590Z x iPhoneOS16.5.sdk/System/Library/Frameworks/ClockKit.framework/Headers/CLKComplicationDescriptor.h
2026-06-03T08:46:45.9356060Z x iPhoneOS16.5.sdk/System/Library/Frameworks/ClockKit.framework/Headers/CLKComplicationDataSource.h
2026-06-03T08:46:45.9359330Z x iPhoneOS16.5.sdk/System/Library/Frameworks/ClockKit.framework/Headers/CLKComplicationTemplate.h
2026-06-03T08:46:45.9360660Z x iPhoneOS16.5.sdk/System/Library/Frameworks/ClockKit.framework/Headers/CLKComplicationWidgetMigrator.h
2026-06-03T08:46:45.9361560Z x iPhoneOS16.5.sdk/System/Library/Frameworks/ClockKit.framework/Headers/CLKGaugeProvider.h
2026-06-03T08:46:45.9363030Z x iPhoneOS16.5.sdk/System/Library/Frameworks/ClockKit.framework/Headers/CLKComplicationIntentWidgetMigrationConfiguration.h
2026-06-03T08:46:45.9363750Z x iPhoneOS16.5.sdk/System/Library/Frameworks/ClockKit.framework/ClockKit.tbd
2026-06-03T08:46:45.9364440Z x iPhoneOS16.5.sdk/System/Library/Frameworks/IntentsUI.framework/
2026-06-03T08:46:45.9364890Z x iPhoneOS16.5.sdk/System/Library/Frameworks/IntentsUI.framework/Modules/
2026-06-03T08:46:45.9367270Z x iPhoneOS16.5.sdk/System/Library/Frameworks/IntentsUI.framework/Modules/module.modulemap
2026-06-03T08:46:45.9367720Z x iPhoneOS16.5.sdk/System/Library/Frameworks/IntentsUI.framework/IntentsUI.tbd
2026-06-03T08:46:45.9369290Z x iPhoneOS16.5.sdk/System/Library/Frameworks/IntentsUI.framework/Headers/
2026-06-03T08:46:45.9373670Z x iPhoneOS16.5.sdk/System/Library/Frameworks/IntentsUI.framework/Headers/INUIEditVoiceShortcutViewController.h
2026-06-03T08:46:45.9374760Z x iPhoneOS16.5.sdk/System/Library/Frameworks/IntentsUI.framework/Headers/INUIAddVoiceShortcutButton.h
2026-06-03T08:46:45.9376020Z x iPhoneOS16.5.sdk/System/Library/Frameworks/IntentsUI.framework/Headers/IntentsUI.apinotes
2026-06-03T08:46:45.9377370Z x iPhoneOS16.5.sdk/System/Library/Frameworks/IntentsUI.framework/Headers/INUIHostedViewControlling.h
2026-06-03T08:46:45.9378430Z x iPhoneOS16.5.sdk/System/Library/Frameworks/IntentsUI.framework/Headers/IntentsUI.h
2026-06-03T08:46:45.9383840Z x iPhoneOS16.5.sdk/System/Library/Frameworks/IntentsUI.framework/Headers/INUIAddVoiceShortcutViewController.h
2026-06-03T08:46:45.9384430Z x iPhoneOS16.5.sdk/System/Library/Frameworks/IntentsUI.framework/Headers/INImage+IntentsUI.h
2026-06-03T08:46:45.9385370Z x iPhoneOS16.5.sdk/System/Library/Frameworks/IntentsUI.framework/Headers/INUIHostedViewSiriProviding.h
2026-06-03T08:46:45.9385900Z x iPhoneOS16.5.sdk/System/Library/Frameworks/JavaScriptCore.framework
2026-06-03T08:46:45.9387380Z x iPhoneOS16.5.sdk/System/Library/Frameworks/MediaPlayer.framework/
2026-06-03T08:46:45.9388070Z x iPhoneOS16.5.sdk/System/Library/Frameworks/MediaPlayer.framework/Modules/
2026-06-03T08:46:45.9392920Z x iPhoneOS16.5.sdk/System/Library/Frameworks/MediaPlayer.framework/Modules/module.modulemap
2026-06-03T08:46:45.9393590Z x iPhoneOS16.5.sdk/System/Library/Frameworks/MediaPlayer.framework/Modules/MediaPlayer.swiftmodule/
2026-06-03T08:46:45.9394460Z x iPhoneOS16.5.sdk/System/Library/Frameworks/MediaPlayer.framework/Modules/MediaPlayer.swiftmodule/arm64e-apple-ios.swiftdoc
2026-06-03T08:46:45.9395740Z x iPhoneOS16.5.sdk/System/Library/Frameworks/MediaPlayer.framework/Modules/MediaPlayer.swiftmodule/arm64-apple-ios.swiftdoc
2026-06-03T08:46:45.9396680Z x iPhoneOS16.5.sdk/System/Library/Frameworks/MediaPlayer.framework/Modules/MediaPlayer.swiftmodule/arm64e-apple-ios.swiftinterface
2026-06-03T08:46:45.9401630Z x iPhoneOS16.5.sdk/System/Library/Frameworks/MediaPlayer.framework/Modules/MediaPlayer.swiftmodule/arm64-apple-ios.swiftinterface
2026-06-03T08:46:45.9402320Z x iPhoneOS16.5.sdk/System/Library/Frameworks/MediaPlayer.framework/Headers/
2026-06-03T08:46:45.9402600Z x iPhoneOS16.5.sdk/System/Library/Frameworks/MediaPlayer.framework/Headers/MPMediaItem.h
2026-06-03T08:46:45.9403060Z x iPhoneOS16.5.sdk/System/Library/Frameworks/MediaPlayer.framework/Headers/NSUserActivity+MediaPlayerAdditions.h
2026-06-03T08:46:45.9403370Z x iPhoneOS16.5.sdk/System/Library/Frameworks/MediaPlayer.framework/Headers/MPMediaQuerySection.h
2026-06-03T08:46:45.9404070Z x iPhoneOS16.5.sdk/System/Library/Frameworks/MediaPlayer.framework/Headers/MPMoviePlayerController.h
2026-06-03T08:46:45.9404940Z x iPhoneOS16.5.sdk/System/Library/Frameworks/MediaPlayer.framework/Headers/MPContentItem.h
2026-06-03T08:46:45.9409280Z x iPhoneOS16.5.sdk/System/Library/Frameworks/MediaPlayer.framework/Headers/MPPlayableContentDelegate.h
2026-06-03T08:46:45.9414580Z x iPhoneOS16.5.sdk/System/Library/Frameworks/MediaPlayer.framework/Headers/MediaPlayerDefines.h
2026-06-03T08:46:45.9415330Z x iPhoneOS16.5.sdk/System/Library/Frameworks/MediaPlayer.framework/Headers/MPPlayableContentDataSource.h
2026-06-03T08:46:45.9416350Z x iPhoneOS16.5.sdk/System/Library/Frameworks/MediaPlayer.framework/Headers/MPNowPlayingInfoLanguageOption.h
2026-06-03T08:46:45.9417230Z x iPhoneOS16.5.sdk/System/Library/Frameworks/MediaPlayer.framework/Headers/MPMediaEntity.h
2026-06-03T08:46:45.9419980Z x iPhoneOS16.5.sdk/System/Library/Frameworks/MediaPlayer.framework/Headers/MPMediaPickerController.h
2026-06-03T08:46:45.9420200Z x iPhoneOS16.5.sdk/System/Library/Frameworks/MediaPlayer.framework/Headers/MPVolumeView.h
2026-06-03T08:46:45.9421860Z x iPhoneOS16.5.sdk/System/Library/Frameworks/MediaPlayer.framework/Headers/MPMusicPlayerQueueDescriptor.h
2026-06-03T08:46:45.9425110Z x iPhoneOS16.5.sdk/System/Library/Frameworks/MediaPlayer.framework/Headers/MPMediaLibrary.h
2026-06-03T08:46:45.9425960Z x iPhoneOS16.5.sdk/System/Library/Frameworks/MediaPlayer.framework/Headers/MPPlayableContentManager.h
2026-06-03T08:46:45.9427100Z x iPhoneOS16.5.sdk/System/Library/Frameworks/MediaPlayer.framework/Headers/MediaPlayer.apinotes
2026-06-03T08:46:45.9430770Z x iPhoneOS16.5.sdk/System/Library/Frameworks/MediaPlayer.framework/Headers/MPVolumeSettings.h
2026-06-03T08:46:45.9431730Z x iPhoneOS16.5.sdk/System/Library/Frameworks/MediaPlayer.framework/Headers/MPMusicPlayerApplicationController.h
2026-06-03T08:46:45.9432370Z x iPhoneOS16.5.sdk/System/Library/Frameworks/MediaPlayer.framework/Headers/MPRemoteControlTypes.h
2026-06-03T08:46:45.9433430Z x iPhoneOS16.5.sdk/System/Library/Frameworks/MediaPlayer.framework/Headers/MPRemoteCommandCenter.h
2026-06-03T08:46:45.9434270Z x iPhoneOS16.5.sdk/System/Library/Frameworks/MediaPlayer.framework/Headers/MPPlayableContentManagerContext.h
2026-06-03T08:46:45.9435350Z x iPhoneOS16.5.sdk/System/Library/Frameworks/MediaPlayer.framework/Headers/AVFoundation+MPNowPlayingInfoLanguageOptionAdditions.h
2026-06-03T08:46:45.9436230Z x iPhoneOS16.5.sdk/System/Library/Frameworks/MediaPlayer.framework/Headers/MPMoviePlayerViewController.h
2026-06-03T08:46:45.9437160Z x iPhoneOS16.5.sdk/System/Library/Frameworks/MediaPlayer.framework/Headers/MediaPlayer.h
2026-06-03T08:46:45.9442770Z x iPhoneOS16.5.sdk/System/Library/Frameworks/MediaPlayer.framework/Headers/MPMusicPlayerController.h
2026-06-03T08:46:45.9443760Z x iPhoneOS16.5.sdk/System/Library/Frameworks/MediaPlayer.framework/Headers/MPMediaPlaylist.h
2026-06-03T08:46:45.9444860Z x iPhoneOS16.5.sdk/System/Library/Frameworks/MediaPlayer.framework/Headers/MPRemoteCommand.h
2026-06-03T08:46:45.9446700Z x iPhoneOS16.5.sdk/System/Library/Frameworks/MediaPlayer.framework/Headers/MPNowPlayingSession.h
2026-06-03T08:46:45.9449940Z x iPhoneOS16.5.sdk/System/Library/Frameworks/MediaPlayer.framework/Headers/MPMediaPlayback.h
2026-06-03T08:46:45.9450980Z x iPhoneOS16.5.sdk/System/Library/Frameworks/MediaPlayer.framework/Headers/AVPlayerItem+MediaPlayerAdditions.h
2026-06-03T08:46:45.9451790Z x iPhoneOS16.5.sdk/System/Library/Frameworks/MediaPlayer.framework/Headers/MPNowPlayingInfoCenter.h
2026-06-03T08:46:45.9452750Z x iPhoneOS16.5.sdk/System/Library/Frameworks/MediaPlayer.framework/Headers/MPMediaQuery.h
2026-06-03T08:46:45.9453920Z x iPhoneOS16.5.sdk/System/Library/Frameworks/MediaPlayer.framework/Headers/MPMediaItemCollection.h
2026-06-03T08:46:45.9456770Z x iPhoneOS16.5.sdk/System/Library/Frameworks/MediaPlayer.framework/Headers/MPRemoteCommandEvent.h
2026-06-03T08:46:45.9457310Z x iPhoneOS16.5.sdk/System/Library/Frameworks/MediaPlayer.framework/Headers/MPError.h
2026-06-03T08:46:45.9466770Z x iPhoneOS16.5.sdk/System/Library/Frameworks/MediaPlayer.framework/MediaPlayer.tbd
2026-06-03T08:46:45.9467190Z x iPhoneOS16.5.sdk/System/Library/Frameworks/GameController.framework/
2026-06-03T08:46:45.9467660Z x iPhoneOS16.5.sdk/System/Library/Frameworks/GameController.framework/Modules/
2026-06-03T08:46:45.9468280Z x iPhoneOS16.5.sdk/System/Library/Frameworks/GameController.framework/Modules/module.modulemap
2026-06-03T08:46:45.9469000Z x iPhoneOS16.5.sdk/System/Library/Frameworks/GameController.framework/Modules/GameController.swiftmodule/
2026-06-03T08:46:45.9470530Z x iPhoneOS16.5.sdk/System/Library/Frameworks/GameController.framework/Modules/GameController.swiftmodule/arm64e-apple-ios.swiftdoc
2026-06-03T08:46:45.9471900Z x iPhoneOS16.5.sdk/System/Library/Frameworks/GameController.framework/Modules/GameController.swiftmodule/arm64-apple-ios.swiftdoc
2026-06-03T08:46:45.9475530Z x iPhoneOS16.5.sdk/System/Library/Frameworks/GameController.framework/Modules/GameController.swiftmodule/arm64e-apple-ios.swiftinterface
2026-06-03T08:46:45.9480370Z x iPhoneOS16.5.sdk/System/Library/Frameworks/GameController.framework/Modules/GameController.swiftmodule/arm64-apple-ios.swiftinterface
2026-06-03T08:46:45.9480840Z x iPhoneOS16.5.sdk/System/Library/Frameworks/GameController.framework/Headers/
2026-06-03T08:46:45.9481550Z x iPhoneOS16.5.sdk/System/Library/Frameworks/GameController.framework/Headers/GCEventViewController.h
2026-06-03T08:46:45.9482220Z x iPhoneOS16.5.sdk/System/Library/Frameworks/GameController.framework/Headers/GCControllerAxisInput.h
2026-06-03T08:46:45.9483170Z x iPhoneOS16.5.sdk/System/Library/Frameworks/GameController.framework/Headers/GCDualSenseAdaptiveTrigger.h
2026-06-03T08:46:45.9486370Z x iPhoneOS16.5.sdk/System/Library/Frameworks/GameController.framework/Headers/GCDirectionalGamepad.h
2026-06-03T08:46:45.9487040Z x iPhoneOS16.5.sdk/System/Library/Frameworks/GameController.framework/Headers/GCPressedStateInput.h
2026-06-03T08:46:45.9487710Z x iPhoneOS16.5.sdk/System/Library/Frameworks/GameController.framework/Headers/GCMicroGamepadSnapshot.h
2026-06-03T08:46:45.9488360Z x iPhoneOS16.5.sdk/System/Library/Frameworks/GameController.framework/Headers/GCDirectionPadElement.h
2026-06-03T08:46:45.9490920Z x iPhoneOS16.5.sdk/System/Library/Frameworks/GameController.framework/Headers/GCSteeringWheelElement.h
2026-06-03T08:46:45.9491660Z x iPhoneOS16.5.sdk/System/Library/Frameworks/GameController.framework/Headers/GCDeviceLight.h
2026-06-03T08:46:45.9492270Z x iPhoneOS16.5.sdk/System/Library/Frameworks/GameController.framework/Headers/GCRacingWheel.h
2026-06-03T08:46:45.9493080Z x iPhoneOS16.5.sdk/System/Library/Frameworks/GameController.framework/Headers/GCMouse.h
2026-06-03T08:46:45.9493680Z x iPhoneOS16.5.sdk/System/Library/Frameworks/GameController.framework/Headers/GameController.h
2026-06-03T08:46:45.9496250Z x iPhoneOS16.5.sdk/System/Library/Frameworks/GameController.framework/Headers/GCControllerDirectionPad.h
2026-06-03T08:46:45.9497200Z x iPhoneOS16.5.sdk/System/Library/Frameworks/GameController.framework/Headers/GCRelativeInput.h
2026-06-03T08:46:45.9498280Z x iPhoneOS16.5.sdk/System/Library/Frameworks/GameController.framework/Headers/GCInputNames.h
2026-06-03T08:46:45.9535200Z x iPhoneOS16.5.sdk/System/Library/Frameworks/GameController.framework/Headers/GCGamepad.h
2026-06-03T08:46:45.9535490Z x iPhoneOS16.5.sdk/System/Library/Frameworks/GameController.framework/Headers/GCExtendedGamepadSnapshot.h
2026-06-03T08:46:45.9535720Z x iPhoneOS16.5.sdk/System/Library/Frameworks/GameController.framework/Headers/GCButtonElement.h
2026-06-03T08:46:45.9535960Z x iPhoneOS16.5.sdk/System/Library/Frameworks/GameController.framework/Headers/GCSwitchElement.h
2026-06-03T08:46:45.9536210Z x iPhoneOS16.5.sdk/System/Library/Frameworks/GameController.framework/Headers/GCGearShifterElement.h
2026-06-03T08:46:45.9536450Z x iPhoneOS16.5.sdk/System/Library/Frameworks/GameController.framework/Headers/GCSyntheticDeviceKeys.h
2026-06-03T08:46:45.9536730Z x iPhoneOS16.5.sdk/System/Library/Frameworks/GameController.framework/Headers/GCDeviceBattery.h
2026-06-03T08:46:45.9540770Z x iPhoneOS16.5.sdk/System/Library/Frameworks/GameController.framework/Headers/GCRacingWheelInput.h
2026-06-03T08:46:45.9541380Z x iPhoneOS16.5.sdk/System/Library/Frameworks/GameController.framework/Headers/GCKeyNames.h
2026-06-03T08:46:45.9542870Z x iPhoneOS16.5.sdk/System/Library/Frameworks/GameController.framework/Headers/GCControllerButtonInput.h
2026-06-03T08:46:45.9550370Z x iPhoneOS16.5.sdk/System/Library/Frameworks/GameController.framework/Headers/GCVirtualController.h
2026-06-03T08:46:45.9552280Z x iPhoneOS16.5.sdk/System/Library/Frameworks/GameController.framework/Headers/GCDualShockGamepad.h
2026-06-03T08:46:45.9560430Z x iPhoneOS16.5.sdk/System/Library/Frameworks/GameController.framework/Headers/GCGamepadSnapshot.h
2026-06-03T08:46:45.9563110Z x iPhoneOS16.5.sdk/System/Library/Frameworks/GameController.framework/Headers/GCXboxGamepad.h
2026-06-03T08:46:45.9563450Z x iPhoneOS16.5.sdk/System/Library/Frameworks/GameController.framework/Headers/GCDeviceHaptics.h
2026-06-03T08:46:45.9563750Z x iPhoneOS16.5.sdk/System/Library/Frameworks/GameController.framework/Headers/GCDevicePhysicalInputState.h
2026-06-03T08:46:45.9564340Z x iPhoneOS16.5.sdk/System/Library/Frameworks/GameController.framework/Headers/GCAxisInput.h
2026-06-03T08:46:45.9564630Z x iPhoneOS16.5.sdk/System/Library/Frameworks/GameController.framework/Headers/GCDevicePhysicalInputStateDiff.h
2026-06-03T08:46:45.9564850Z x iPhoneOS16.5.sdk/System/Library/Frameworks/GameController.framework/Headers/GCController.h
2026-06-03T08:46:45.9565120Z x iPhoneOS16.5.sdk/System/Library/Frameworks/GameController.framework/Headers/GCControllerElement.h
2026-06-03T08:46:45.9652950Z x iPhoneOS16.5.sdk/System/Library/Frameworks/GameController.framework/Headers/GCKeyCodes.h
2026-06-03T08:46:45.9653830Z x iPhoneOS16.5.sdk/System/Library/Frameworks/GameController.framework/Headers/GCMotion.h
2026-06-03T08:46:45.9654490Z x iPhoneOS16.5.sdk/System/Library/Frameworks/GameController.framework/Headers/GCDevicePhysicalInput.h
2026-06-03T08:46:45.9655080Z x iPhoneOS16.5.sdk/System/Library/Frameworks/GameController.framework/Headers/GCAxisElement.h
2026-06-03T08:46:45.9655730Z x iPhoneOS16.5.sdk/System/Library/Frameworks/GameController.framework/Headers/GCProductCategories.h
2026-06-03T08:46:45.9656420Z x iPhoneOS16.5.sdk/System/Library/Frameworks/GameController.framework/Headers/GCSwitchPositionInput.h
2026-06-03T08:46:45.9657040Z x iPhoneOS16.5.sdk/System/Library/Frameworks/GameController.framework/Headers/GCDeviceCursor.h
2026-06-03T08:46:45.9658050Z x iPhoneOS16.5.sdk/System/Library/Frameworks/GameController.framework/Headers/GCControllerTouchpad.h
2026-06-03T08:46:45.9658700Z x iPhoneOS16.5.sdk/System/Library/Frameworks/GameController.framework/Headers/GCExtendedGamepad.h
2026-06-03T08:46:45.9659330Z x iPhoneOS16.5.sdk/System/Library/Frameworks/GameController.framework/Headers/GCDualSenseGamepad.h
2026-06-03T08:46:45.9659860Z x iPhoneOS16.5.sdk/System/Library/Frameworks/GameController.framework/Headers/GCColor.h
2026-06-03T08:46:45.9660420Z x iPhoneOS16.5.sdk/System/Library/Frameworks/GameController.framework/Headers/GCMouseInput.h
2026-06-03T08:46:45.9661000Z x iPhoneOS16.5.sdk/System/Library/Frameworks/GameController.framework/Headers/GCLinearInput.h
2026-06-03T08:46:45.9661560Z x iPhoneOS16.5.sdk/System/Library/Frameworks/GameController.framework/Headers/GCDevice.h
2026-06-03T08:46:45.9662090Z x iPhoneOS16.5.sdk/System/Library/Frameworks/GameController.framework/Headers/GCExtern.h
2026-06-03T08:46:45.9662780Z x iPhoneOS16.5.sdk/System/Library/Frameworks/GameController.framework/Headers/GCPhysicalInputProfile.h
2026-06-03T08:46:45.9663460Z x iPhoneOS16.5.sdk/System/Library/Frameworks/GameController.framework/Headers/GCPhysicalInputElement.h
2026-06-03T08:46:45.9664010Z x iPhoneOS16.5.sdk/System/Library/Frameworks/GameController.framework/Headers/GCKeyboard.h
2026-06-03T08:46:45.9664600Z x iPhoneOS16.5.sdk/System/Library/Frameworks/GameController.framework/Headers/GCMicroGamepad.h
2026-06-03T08:46:45.9665190Z x iPhoneOS16.5.sdk/System/Library/Frameworks/GameController.framework/Headers/GCKeyboardInput.h
2026-06-03T08:46:45.9665820Z x iPhoneOS16.5.sdk/System/Library/Frameworks/GameController.framework/Headers/GCTouchedStateInput.h
2026-06-03T08:46:45.9666360Z x iPhoneOS16.5.sdk/System/Library/Frameworks/GameController.framework/GameController.tbd
2026-06-03T08:46:45.9666810Z x iPhoneOS16.5.sdk/System/Library/Frameworks/SharedWithYouCore.framework/
2026-06-03T08:46:45.9669800Z x iPhoneOS16.5.sdk/System/Library/Frameworks/SharedWithYouCore.framework/Modules/
2026-06-03T08:46:45.9670120Z x iPhoneOS16.5.sdk/System/Library/Frameworks/SharedWithYouCore.framework/Modules/module.modulemap
2026-06-03T08:46:45.9670430Z x iPhoneOS16.5.sdk/System/Library/Frameworks/SharedWithYouCore.framework/Modules/SharedWithYouCore.swiftmodule/
2026-06-03T08:46:45.9670790Z x iPhoneOS16.5.sdk/System/Library/Frameworks/SharedWithYouCore.framework/Modules/SharedWithYouCore.swiftmodule/arm64e-apple-ios.swiftdoc
2026-06-03T08:46:45.9671160Z x iPhoneOS16.5.sdk/System/Library/Frameworks/SharedWithYouCore.framework/Modules/SharedWithYouCore.swiftmodule/arm64-apple-ios.swiftdoc
2026-06-03T08:46:45.9671550Z x iPhoneOS16.5.sdk/System/Library/Frameworks/SharedWithYouCore.framework/Modules/SharedWithYouCore.swiftmodule/arm64e-apple-ios.swiftinterface
2026-06-03T08:46:45.9671910Z x iPhoneOS16.5.sdk/System/Library/Frameworks/SharedWithYouCore.framework/Modules/SharedWithYouCore.swiftmodule/arm64-apple-ios.swiftinterface
2026-06-03T08:46:45.9672100Z x iPhoneOS16.5.sdk/System/Library/Frameworks/SharedWithYouCore.framework/Headers/
2026-06-03T08:46:45.9672690Z x iPhoneOS16.5.sdk/System/Library/Frameworks/SharedWithYouCore.framework/Headers/SWCollaborationActionHandler.h
2026-06-03T08:46:45.9672990Z x iPhoneOS16.5.sdk/System/Library/Frameworks/SharedWithYouCore.framework/Headers/SWStartCollaborationAction.h
2026-06-03T08:46:45.9673260Z x iPhoneOS16.5.sdk/System/Library/Frameworks/SharedWithYouCore.framework/Headers/SWCollaborationMetadata.h
2026-06-03T08:46:45.9673530Z x iPhoneOS16.5.sdk/System/Library/Frameworks/SharedWithYouCore.framework/Headers/SWCollaborationOptionsGroup.h
2026-06-03T08:46:45.9673800Z x iPhoneOS16.5.sdk/System/Library/Frameworks/SharedWithYouCore.framework/Headers/SWPersonIdentityProof.h
2026-06-03T08:46:45.9674010Z x iPhoneOS16.5.sdk/System/Library/Frameworks/SharedWithYouCore.framework/Headers/SWDefines.h
2026-06-03T08:46:45.9674260Z x iPhoneOS16.5.sdk/System/Library/Frameworks/SharedWithYouCore.framework/Headers/SharedWithYouCore.h
2026-06-03T08:46:45.9674470Z x iPhoneOS16.5.sdk/System/Library/Frameworks/SharedWithYouCore.framework/Headers/SWAction.h
2026-06-03T08:46:45.9674870Z x iPhoneOS16.5.sdk/System/Library/Frameworks/SharedWithYouCore.framework/Headers/SWCollaborationCoordinator.h
2026-06-03T08:46:45.9675180Z x iPhoneOS16.5.sdk/System/Library/Frameworks/SharedWithYouCore.framework/Headers/SWCollaborationOptionsPickerGroup.h
2026-06-03T08:46:45.9675470Z x iPhoneOS16.5.sdk/System/Library/Frameworks/SharedWithYouCore.framework/Headers/SWCollaborationShareOptions.h
2026-06-03T08:46:45.9675730Z x iPhoneOS16.5.sdk/System/Library/Frameworks/SharedWithYouCore.framework/Headers/SWCollaborationOption.h
2026-06-03T08:46:45.9675940Z x iPhoneOS16.5.sdk/System/Library/Frameworks/SharedWithYouCore.framework/Headers/SWPerson.h
2026-06-03T08:46:45.9676270Z x iPhoneOS16.5.sdk/System/Library/Frameworks/SharedWithYouCore.framework/Headers/SWUpdateCollaborationParticipantsAction.h
2026-06-03T08:46:45.9676510Z x iPhoneOS16.5.sdk/System/Library/Frameworks/SharedWithYouCore.framework/Headers/SWPersonIdentity.h
2026-06-03T08:46:45.9676740Z x iPhoneOS16.5.sdk/System/Library/Frameworks/SharedWithYouCore.framework/SharedWithYouCore.tbd
2026-06-03T08:46:45.9676890Z x iPhoneOS16.5.sdk/System/Library/Frameworks/PencilKit.framework/
2026-06-03T08:46:45.9677040Z x iPhoneOS16.5.sdk/System/Library/Frameworks/PencilKit.framework/Modules/
2026-06-03T08:46:45.9677250Z x iPhoneOS16.5.sdk/System/Library/Frameworks/PencilKit.framework/Modules/module.modulemap
2026-06-03T08:46:45.9677670Z x iPhoneOS16.5.sdk/System/Library/Frameworks/PencilKit.framework/Modules/PencilKit.swiftmodule/
2026-06-03T08:46:45.9678720Z x iPhoneOS16.5.sdk/System/Library/Frameworks/PencilKit.framework/Modules/PencilKit.swiftmodule/arm64e-apple-ios.swiftdoc
2026-06-03T08:46:45.9679090Z x iPhoneOS16.5.sdk/System/Library/Frameworks/PencilKit.framework/Modules/PencilKit.swiftmodule/arm64-apple-ios.swiftdoc
2026-06-03T08:46:45.9679510Z x iPhoneOS16.5.sdk/System/Library/Frameworks/PencilKit.framework/Modules/PencilKit.swiftmodule/arm64e-apple-ios.swiftinterface
2026-06-03T08:46:45.9679950Z x iPhoneOS16.5.sdk/System/Library/Frameworks/PencilKit.framework/Modules/PencilKit.swiftmodule/arm64-apple-ios.swiftinterface
2026-06-03T08:46:45.9680190Z x iPhoneOS16.5.sdk/System/Library/Frameworks/PencilKit.framework/PencilKit.tbd
2026-06-03T08:46:45.9680410Z x iPhoneOS16.5.sdk/System/Library/Frameworks/PencilKit.framework/Headers/
2026-06-03T08:46:45.9680670Z x iPhoneOS16.5.sdk/System/Library/Frameworks/PencilKit.framework/Headers/PKDrawing.h
2026-06-03T08:46:45.9680920Z x iPhoneOS16.5.sdk/System/Library/Frameworks/PencilKit.framework/Headers/PKTool.h
2026-06-03T08:46:45.9681180Z x iPhoneOS16.5.sdk/System/Library/Frameworks/PencilKit.framework/Headers/PKToolPicker.h
2026-06-03T08:46:45.9681440Z x iPhoneOS16.5.sdk/System/Library/Frameworks/PencilKit.framework/Headers/PKStrokePath.h
2026-06-03T08:46:45.9681700Z x iPhoneOS16.5.sdk/System/Library/Frameworks/PencilKit.framework/Headers/PKStrokePoint.h
2026-06-03T08:46:45.9681960Z x iPhoneOS16.5.sdk/System/Library/Frameworks/PencilKit.framework/Headers/PKEraserTool.h
2026-06-03T08:46:45.9682210Z x iPhoneOS16.5.sdk/System/Library/Frameworks/PencilKit.framework/Headers/PKFloatRange.h
2026-06-03T08:46:45.9682570Z x iPhoneOS16.5.sdk/System/Library/Frameworks/PencilKit.framework/Headers/PKInkingTool.h
2026-06-03T08:46:45.9684660Z x iPhoneOS16.5.sdk/System/Library/Frameworks/PencilKit.framework/Headers/PKStroke.h
2026-06-03T08:46:45.9693260Z x iPhoneOS16.5.sdk/System/Library/Frameworks/PencilKit.framework/Headers/PKInk.h
2026-06-03T08:46:45.9695020Z x iPhoneOS16.5.sdk/System/Library/Frameworks/PencilKit.framework/Headers/PencilKit.h
2026-06-03T08:46:45.9699710Z x iPhoneOS16.5.sdk/System/Library/Frameworks/PencilKit.framework/Headers/PKLassoTool.h
2026-06-03T08:46:45.9701050Z x iPhoneOS16.5.sdk/System/Library/Frameworks/PencilKit.framework/Headers/PKCanvasView.h
2026-06-03T08:46:45.9701790Z x iPhoneOS16.5.sdk/System/Library/Frameworks/PencilKit.framework/Headers/PencilKit.apinotes
2026-06-03T08:46:45.9702470Z x iPhoneOS16.5.sdk/System/Library/Frameworks/PencilKit.framework/Headers/PKInkType.h
2026-06-03T08:46:45.9704070Z x iPhoneOS16.5.sdk/System/Library/Frameworks/AssetsLibrary.framework/
2026-06-03T08:46:45.9705620Z x iPhoneOS16.5.sdk/System/Library/Frameworks/AssetsLibrary.framework/Modules/
2026-06-03T08:46:45.9706260Z x iPhoneOS16.5.sdk/System/Library/Frameworks/AssetsLibrary.framework/Modules/module.modulemap
2026-06-03T08:46:45.9706850Z x iPhoneOS16.5.sdk/System/Library/Frameworks/AssetsLibrary.framework/Headers/
2026-06-03T08:46:45.9707660Z x iPhoneOS16.5.sdk/System/Library/Frameworks/AssetsLibrary.framework/Headers/ALAssetRepresentation.h
2026-06-03T08:46:45.9708380Z x iPhoneOS16.5.sdk/System/Library/Frameworks/AssetsLibrary.framework/Headers/ALAssetsGroup.h
2026-06-03T08:46:45.9708990Z x iPhoneOS16.5.sdk/System/Library/Frameworks/AssetsLibrary.framework/Headers/AssetsLibrary.h
2026-06-03T08:46:45.9709940Z x iPhoneOS16.5.sdk/System/Library/Frameworks/AssetsLibrary.framework/Headers/ALAssetsFilter.h
2026-06-03T08:46:45.9714720Z x iPhoneOS16.5.sdk/System/Library/Frameworks/AssetsLibrary.framework/Headers/ALAsset.h
2026-06-03T08:46:45.9721290Z x iPhoneOS16.5.sdk/System/Library/Frameworks/AssetsLibrary.framework/Headers/ALAssetsLibrary.h
2026-06-03T08:46:45.9722070Z x iPhoneOS16.5.sdk/System/Library/Frameworks/AssetsLibrary.framework/AssetsLibrary.tbd
2026-06-03T08:46:45.9722550Z x iPhoneOS16.5.sdk/System/Library/Frameworks/EventKit.framework/
2026-06-03T08:46:45.9723100Z x iPhoneOS16.5.sdk/System/Library/Frameworks/EventKit.framework/Modules/
2026-06-03T08:46:45.9724110Z x iPhoneOS16.5.sdk/System/Library/Frameworks/EventKit.framework/Modules/module.modulemap
2026-06-03T08:46:45.9724620Z x iPhoneOS16.5.sdk/System/Library/Frameworks/EventKit.framework/Headers/
2026-06-03T08:46:45.9727390Z x iPhoneOS16.5.sdk/System/Library/Frameworks/EventKit.framework/Headers/EventKit.h
2026-06-03T08:46:45.9728080Z x iPhoneOS16.5.sdk/System/Library/Frameworks/EventKit.framework/Headers/EKError.h
2026-06-03T08:46:45.9728650Z x iPhoneOS16.5.sdk/System/Library/Frameworks/EventKit.framework/Headers/EKRecurrenceEnd.h
2026-06-03T08:46:45.9729210Z x iPhoneOS16.5.sdk/System/Library/Frameworks/EventKit.framework/Headers/EKParticipant.h
2026-06-03T08:46:45.9732410Z x iPhoneOS16.5.sdk/System/Library/Frameworks/EventKit.framework/Headers/EventKitDefines.h
2026-06-03T08:46:45.9733190Z x iPhoneOS16.5.sdk/System/Library/Frameworks/EventKit.framework/Headers/EKTypes.h
2026-06-03T08:46:45.9735180Z x iPhoneOS16.5.sdk/System/Library/Frameworks/EventKit.framework/Headers/EKEvent.h
2026-06-03T08:46:45.9741750Z x iPhoneOS16.5.sdk/System/Library/Frameworks/EventKit.framework/Headers/EKVirtualConferenceDescriptor.h
2026-06-03T08:46:45.9742430Z x iPhoneOS16.5.sdk/System/Library/Frameworks/EventKit.framework/Headers/EKReminder.h
2026-06-03T08:46:45.9743250Z x iPhoneOS16.5.sdk/System/Library/Frameworks/EventKit.framework/Headers/EKObject.h
2026-06-03T08:46:45.9744130Z x iPhoneOS16.5.sdk/System/Library/Frameworks/EventKit.framework/Headers/EKSource.h
2026-06-03T08:46:45.9745290Z x iPhoneOS16.5.sdk/System/Library/Frameworks/EventKit.framework/Headers/EKStructuredLocation.h
2026-06-03T08:46:45.9748950Z x iPhoneOS16.5.sdk/System/Library/Frameworks/EventKit.framework/Headers/EKVirtualConferenceProvider.h
2026-06-03T08:46:45.9752720Z x iPhoneOS16.5.sdk/System/Library/Frameworks/EventKit.framework/Headers/EKRecurrenceDayOfWeek.h
2026-06-03T08:46:45.9753470Z x iPhoneOS16.5.sdk/System/Library/Frameworks/EventKit.framework/Headers/EKCalendarItem.h
2026-06-03T08:46:45.9754690Z x iPhoneOS16.5.sdk/System/Library/Frameworks/EventKit.framework/Headers/EKAlarm.h
2026-06-03T08:46:45.9756320Z x iPhoneOS16.5.sdk/System/Library/Frameworks/EventKit.framework/Headers/EKRecurrenceRule.h
2026-06-03T08:46:45.9760870Z x iPhoneOS16.5.sdk/System/Library/Frameworks/EventKit.framework/Headers/EventKit.apinotes
2026-06-03T08:46:45.9769170Z x iPhoneOS16.5.sdk/System/Library/Frameworks/EventKit.framework/Headers/EKEventStore.h
2026-06-03T08:46:45.9769960Z x iPhoneOS16.5.sdk/System/Library/Frameworks/EventKit.framework/Headers/EKCalendar.h
2026-06-03T08:46:45.9770860Z x iPhoneOS16.5.sdk/System/Library/Frameworks/EventKit.framework/EventKit.tbd
2026-06-03T08:46:45.9771350Z x iPhoneOS16.5.sdk/System/Library/Frameworks/RealityFoundation.framework/
2026-06-03T08:46:45.9771880Z x iPhoneOS16.5.sdk/System/Library/Frameworks/RealityFoundation.framework/Modules/
2026-06-03T08:46:45.9774520Z x iPhoneOS16.5.sdk/System/Library/Frameworks/RealityFoundation.framework/Modules/RealityFoundation.swiftmodule/
2026-06-03T08:46:45.9840050Z x iPhoneOS16.5.sdk/System/Library/Frameworks/RealityFoundation.framework/Modules/RealityFoundation.swiftmodule/arm64e-apple-ios.swiftdoc
2026-06-03T08:46:45.9857730Z x iPhoneOS16.5.sdk/System/Library/Frameworks/RealityFoundation.framework/Modules/RealityFoundation.swiftmodule/arm64-apple-ios.swiftdoc
2026-06-03T08:46:45.9879090Z x iPhoneOS16.5.sdk/System/Library/Frameworks/RealityFoundation.framework/Modules/RealityFoundation.swiftmodule/arm64e-apple-ios.swiftinterface
2026-06-03T08:46:45.9888730Z x iPhoneOS16.5.sdk/System/Library/Frameworks/RealityFoundation.framework/Modules/RealityFoundation.swiftmodule/arm64-apple-ios.swiftinterface
2026-06-03T08:46:45.9976010Z x iPhoneOS16.5.sdk/System/Library/Frameworks/RealityFoundation.framework/RealityFoundation.tbd
2026-06-03T08:46:45.9976960Z x iPhoneOS16.5.sdk/System/Library/Frameworks/WebKit.framework
2026-06-03T08:46:45.9977400Z x iPhoneOS16.5.sdk/System/Library/Frameworks/_StoreKit_SwiftUI.framework/
2026-06-03T08:46:45.9977900Z x iPhoneOS16.5.sdk/System/Library/Frameworks/_StoreKit_SwiftUI.framework/Modules/
2026-06-03T08:46:45.9978620Z x iPhoneOS16.5.sdk/System/Library/Frameworks/_StoreKit_SwiftUI.framework/Modules/_StoreKit_SwiftUI.swiftmodule/
2026-06-03T08:46:45.9982620Z x iPhoneOS16.5.sdk/System/Library/Frameworks/_StoreKit_SwiftUI.framework/Modules/_StoreKit_SwiftUI.swiftmodule/arm64e-apple-ios.swiftdoc
2026-06-03T08:46:45.9983560Z x iPhoneOS16.5.sdk/System/Library/Frameworks/_StoreKit_SwiftUI.framework/Modules/_StoreKit_SwiftUI.swiftmodule/arm64-apple-ios.swiftdoc
2026-06-03T08:46:45.9984710Z x iPhoneOS16.5.sdk/System/Library/Frameworks/_StoreKit_SwiftUI.framework/Modules/_StoreKit_SwiftUI.swiftmodule/arm64e-apple-ios.swiftinterface
2026-06-03T08:46:45.9985950Z x iPhoneOS16.5.sdk/System/Library/Frameworks/_StoreKit_SwiftUI.framework/Modules/_StoreKit_SwiftUI.swiftmodule/arm64-apple-ios.swiftinterface
2026-06-03T08:46:45.9986570Z x iPhoneOS16.5.sdk/System/Library/Frameworks/_StoreKit_SwiftUI.framework/_StoreKit_SwiftUI.tbd
2026-06-03T08:46:45.9987000Z x iPhoneOS16.5.sdk/System/Library/Frameworks/Messages.framework/
2026-06-03T08:46:45.9987670Z x iPhoneOS16.5.sdk/System/Library/Frameworks/Messages.framework/Modules/
2026-06-03T08:46:45.9993000Z x iPhoneOS16.5.sdk/System/Library/Frameworks/Messages.framework/Modules/module.modulemap
2026-06-03T08:46:45.9995930Z x iPhoneOS16.5.sdk/System/Library/Frameworks/Messages.framework/Headers/
2026-06-03T08:46:45.9996340Z x iPhoneOS16.5.sdk/System/Library/Frameworks/Messages.framework/Headers/MSMessage.h
2026-06-03T08:46:45.9996720Z x iPhoneOS16.5.sdk/System/Library/Frameworks/Messages.framework/Headers/MSMessageLayout.h
2026-06-03T08:46:45.9997530Z x iPhoneOS16.5.sdk/System/Library/Frameworks/Messages.framework/Headers/MSStickerView.h
2026-06-03T08:46:45.9998220Z x iPhoneOS16.5.sdk/System/Library/Frameworks/Messages.framework/Headers/MSSession.h
2026-06-03T08:46:45.9998430Z x iPhoneOS16.5.sdk/System/Library/Frameworks/Messages.framework/Headers/MessagesDefines.h
2026-06-03T08:46:46.0002640Z x iPhoneOS16.5.sdk/System/Library/Frameworks/Messages.framework/Headers/MSStickerBrowserView.h
2026-06-03T08:46:46.0003160Z x iPhoneOS16.5.sdk/System/Library/Frameworks/Messages.framework/Headers/MSStickerBrowserViewDataSource.h
2026-06-03T08:46:46.0004030Z x iPhoneOS16.5.sdk/System/Library/Frameworks/Messages.framework/Headers/Messages.h
2026-06-03T08:46:46.0004780Z x iPhoneOS16.5.sdk/System/Library/Frameworks/Messages.framework/Headers/MSMessageError.h
2026-06-03T08:46:46.0005820Z x iPhoneOS16.5.sdk/System/Library/Frameworks/Messages.framework/Headers/MSSticker.h
2026-06-03T08:46:46.0007630Z x iPhoneOS16.5.sdk/System/Library/Frameworks/Messages.framework/Headers/MSConversation.h
2026-06-03T08:46:46.0009080Z x iPhoneOS16.5.sdk/System/Library/Frameworks/Messages.framework/Headers/MSMessageLiveLayout.h
2026-06-03T08:46:46.0009990Z x iPhoneOS16.5.sdk/System/Library/Frameworks/Messages.framework/Headers/MSMessagesAppViewController.h
2026-06-03T08:46:46.0011010Z x iPhoneOS16.5.sdk/System/Library/Frameworks/Messages.framework/Headers/MSStickerBrowserViewController.h
2026-06-03T08:46:46.0011780Z x iPhoneOS16.5.sdk/System/Library/Frameworks/Messages.framework/Headers/MSMessageTemplateLayout.h
2026-06-03T08:46:46.0012820Z x iPhoneOS16.5.sdk/System/Library/Frameworks/Messages.framework/Messages.tbd
2026-06-03T08:46:46.0013450Z x iPhoneOS16.5.sdk/System/Library/Frameworks/AppClip.framework/
2026-06-03T08:46:46.0014420Z x iPhoneOS16.5.sdk/System/Library/Frameworks/AppClip.framework/Modules/
2026-06-03T08:46:46.0014840Z x iPhoneOS16.5.sdk/System/Library/Frameworks/AppClip.framework/Modules/module.modulemap
2026-06-03T08:46:46.0015300Z x iPhoneOS16.5.sdk/System/Library/Frameworks/AppClip.framework/Headers/
2026-06-03T08:46:46.0016230Z x iPhoneOS16.5.sdk/System/Library/Frameworks/AppClip.framework/Headers/AppClip.h
2026-06-03T08:46:46.0017010Z x iPhoneOS16.5.sdk/System/Library/Frameworks/AppClip.framework/Headers/APBase.h
2026-06-03T08:46:46.0018340Z x iPhoneOS16.5.sdk/System/Library/Frameworks/AppClip.framework/Headers/APActivationPayload.h
2026-06-03T08:46:46.0019130Z x iPhoneOS16.5.sdk/System/Library/Frameworks/AppClip.framework/Headers/NSUserActivity+AppClip.h
2026-06-03T08:46:46.0020370Z x iPhoneOS16.5.sdk/System/Library/Frameworks/AppClip.framework/AppClip.tbd
2026-06-03T08:46:46.0020580Z x iPhoneOS16.5.sdk/System/Library/Frameworks/RealityKit.framework/
2026-06-03T08:46:46.0036140Z x iPhoneOS16.5.sdk/System/Library/Frameworks/RealityKit.framework/RealityKit.tbd
2026-06-03T08:46:46.0036420Z x iPhoneOS16.5.sdk/System/Library/Frameworks/RealityKit.framework/Modules/
2026-06-03T08:46:46.0036850Z x iPhoneOS16.5.sdk/System/Library/Frameworks/RealityKit.framework/Modules/RealityKit.swiftmodule/
2026-06-03T08:46:46.0047720Z x iPhoneOS16.5.sdk/System/Library/Frameworks/RealityKit.framework/Modules/RealityKit.swiftmodule/arm64e-apple-ios.swiftdoc
2026-06-03T08:46:46.0048490Z x iPhoneOS16.5.sdk/System/Library/Frameworks/RealityKit.framework/Modules/RealityKit.swiftmodule/arm64-apple-ios.swiftdoc
2026-06-03T08:46:46.0052300Z x iPhoneOS16.5.sdk/System/Library/Frameworks/RealityKit.framework/Modules/RealityKit.swiftmodule/arm64e-apple-ios.swiftinterface
2026-06-03T08:46:46.0057000Z x iPhoneOS16.5.sdk/System/Library/Frameworks/RealityKit.framework/Modules/RealityKit.swiftmodule/arm64-apple-ios.swiftinterface
2026-06-03T08:46:46.0057190Z x iPhoneOS16.5.sdk/System/Library/Frameworks/RealityKit.framework/Headers/
2026-06-03T08:46:46.0057900Z x iPhoneOS16.5.sdk/System/Library/Frameworks/RealityKit.framework/Headers/RealityKitGeometryModifier.h
2026-06-03T08:46:46.0058780Z x iPhoneOS16.5.sdk/System/Library/Frameworks/RealityKit.framework/Headers/RealityKit.h
2026-06-03T08:46:46.0062040Z x iPhoneOS16.5.sdk/System/Library/Frameworks/RealityKit.framework/Headers/RealityKitConfig.h
2026-06-03T08:46:46.0062580Z x iPhoneOS16.5.sdk/System/Library/Frameworks/RealityKit.framework/Headers/RealityKitTextures.h
2026-06-03T08:46:46.0070150Z x iPhoneOS16.5.sdk/System/Library/Frameworks/RealityKit.framework/Headers/RealityKitMaterialParameters.h
2026-06-03T08:46:46.0070470Z x iPhoneOS16.5.sdk/System/Library/Frameworks/RealityKit.framework/Headers/RealityKitSurfaceShader.h
2026-06-03T08:46:46.0070830Z x iPhoneOS16.5.sdk/System/Library/Frameworks/RealityKit.framework/Headers/RealityKitTypes.h
2026-06-03T08:46:46.0071870Z x iPhoneOS16.5.sdk/System/Library/Frameworks/IOSurface.framework/
2026-06-03T08:46:46.0072310Z x iPhoneOS16.5.sdk/System/Library/Frameworks/IOSurface.framework/Modules/
2026-06-03T08:46:46.0076950Z x iPhoneOS16.5.sdk/System/Library/Frameworks/IOSurface.framework/Modules/module.modulemap
2026-06-03T08:46:46.0077300Z x iPhoneOS16.5.sdk/System/Library/Frameworks/IOSurface.framework/Headers/
2026-06-03T08:46:46.0077740Z x iPhoneOS16.5.sdk/System/Library/Frameworks/IOSurface.framework/Headers/IOSurfaceTypes.h
2026-06-03T08:46:46.0078000Z x iPhoneOS16.5.sdk/System/Library/Frameworks/IOSurface.framework/Headers/IOSurfaceBase.h
2026-06-03T08:46:46.0078600Z x iPhoneOS16.5.sdk/System/Library/Frameworks/IOSurface.framework/Headers/IOSurfaceRef.h
2026-06-03T08:46:46.0079450Z x iPhoneOS16.5.sdk/System/Library/Frameworks/IOSurface.framework/Headers/IOSurfaceObjC.h
2026-06-03T08:46:46.0084990Z x iPhoneOS16.5.sdk/System/Library/Frameworks/IOSurface.framework/IOSurface.tbd
2026-06-03T08:46:46.0085390Z x iPhoneOS16.5.sdk/System/Library/Frameworks/VisionKit.framework/
2026-06-03T08:46:46.0085650Z x iPhoneOS16.5.sdk/System/Library/Frameworks/VisionKit.framework/Modules/
2026-06-03T08:46:46.0086830Z x iPhoneOS16.5.sdk/System/Library/Frameworks/VisionKit.framework/Modules/module.modulemap
2026-06-03T08:46:46.0088980Z x iPhoneOS16.5.sdk/System/Library/Frameworks/VisionKit.framework/Modules/VisionKit.swiftmodule/
2026-06-03T08:46:46.0090350Z x iPhoneOS16.5.sdk/System/Library/Frameworks/VisionKit.framework/Modules/VisionKit.swiftmodule/arm64e-apple-ios.swiftdoc
2026-06-03T08:46:46.0091670Z x iPhoneOS16.5.sdk/System/Library/Frameworks/VisionKit.framework/Modules/VisionKit.swiftmodule/arm64-apple-ios.swiftdoc
2026-06-03T08:46:46.0092740Z x iPhoneOS16.5.sdk/System/Library/Frameworks/VisionKit.framework/Modules/VisionKit.swiftmodule/arm64e-apple-ios.swiftinterface
2026-06-03T08:46:46.0093690Z x iPhoneOS16.5.sdk/System/Library/Frameworks/VisionKit.framework/Modules/VisionKit.swiftmodule/arm64-apple-ios.swiftinterface
2026-06-03T08:46:46.0094010Z x iPhoneOS16.5.sdk/System/Library/Frameworks/VisionKit.framework/Headers/
2026-06-03T08:46:46.0095030Z x iPhoneOS16.5.sdk/System/Library/Frameworks/VisionKit.framework/Headers/VNDocumentCameraViewController.h
2026-06-03T08:46:46.0096230Z x iPhoneOS16.5.sdk/System/Library/Frameworks/VisionKit.framework/Headers/VisionKit.apinotes
2026-06-03T08:46:46.0097490Z x iPhoneOS16.5.sdk/System/Library/Frameworks/VisionKit.framework/Headers/VisionKit.h
2026-06-03T08:46:46.0098680Z x iPhoneOS16.5.sdk/System/Library/Frameworks/VisionKit.framework/Headers/DocumentCamera.h
2026-06-03T08:46:46.0099790Z x iPhoneOS16.5.sdk/System/Library/Frameworks/VisionKit.framework/Headers/VNDocumentCameraScan.h
2026-06-03T08:46:46.0105110Z x iPhoneOS16.5.sdk/System/Library/Frameworks/VisionKit.framework/VisionKit.tbd
2026-06-03T08:46:46.0105350Z x iPhoneOS16.5.sdk/System/Library/Frameworks/NearbyInteraction.framework/
2026-06-03T08:46:46.0106160Z x iPhoneOS16.5.sdk/System/Library/Frameworks/NearbyInteraction.framework/Modules/
2026-06-03T08:46:46.0106460Z x iPhoneOS16.5.sdk/System/Library/Frameworks/NearbyInteraction.framework/Modules/module.modulemap
2026-06-03T08:46:46.0107430Z x iPhoneOS16.5.sdk/System/Library/Frameworks/NearbyInteraction.framework/NearbyInteraction.tbd
2026-06-03T08:46:46.0107790Z x iPhoneOS16.5.sdk/System/Library/Frameworks/NearbyInteraction.framework/Headers/
2026-06-03T08:46:46.0108750Z x iPhoneOS16.5.sdk/System/Library/Frameworks/NearbyInteraction.framework/Headers/NIExport.h
2026-06-03T08:46:46.0110220Z x iPhoneOS16.5.sdk/System/Library/Frameworks/NearbyInteraction.framework/Headers/NIAlgorithmConvergenceStatusReason.h
2026-06-03T08:46:46.0111560Z x iPhoneOS16.5.sdk/System/Library/Frameworks/NearbyInteraction.framework/Headers/NearbyInteraction.h
2026-06-03T08:46:46.0118040Z x iPhoneOS16.5.sdk/System/Library/Frameworks/NearbyInteraction.framework/Headers/NISession.h
2026-06-03T08:46:46.0118300Z x iPhoneOS16.5.sdk/System/Library/Frameworks/NearbyInteraction.framework/Headers/NIConfiguration.h
2026-06-03T08:46:46.0119450Z x iPhoneOS16.5.sdk/System/Library/Frameworks/NearbyInteraction.framework/Headers/NIError.h
2026-06-03T08:46:46.0120210Z x iPhoneOS16.5.sdk/System/Library/Frameworks/NearbyInteraction.framework/Headers/NINearbyObject.h
2026-06-03T08:46:46.0121670Z x iPhoneOS16.5.sdk/System/Library/Frameworks/NearbyInteraction.framework/Headers/NIDeviceCapability.h
2026-06-03T08:46:46.0124670Z x iPhoneOS16.5.sdk/System/Library/Frameworks/Metal.framework/
2026-06-03T08:46:46.0125270Z x iPhoneOS16.5.sdk/System/Library/Frameworks/Metal.framework/Modules/
2026-06-03T08:46:46.0125590Z x iPhoneOS16.5.sdk/System/Library/Frameworks/Metal.framework/Modules/module.modulemap
2026-06-03T08:46:46.0127020Z x iPhoneOS16.5.sdk/System/Library/Frameworks/Metal.framework/Headers/
2026-06-03T08:46:46.0127570Z x iPhoneOS16.5.sdk/System/Library/Frameworks/Metal.framework/Headers/MTLCommandQueue.h
2026-06-03T08:46:46.0128140Z x iPhoneOS16.5.sdk/System/Library/Frameworks/Metal.framework/Headers/MTLFunctionDescriptor.h
2026-06-03T08:46:46.0129710Z x iPhoneOS16.5.sdk/System/Library/Frameworks/Metal.framework/Headers/MTLDevice.h
2026-06-03T08:46:46.0134370Z   9 16.6M    9 1550k    0     0  2188k      0  0:00:07 --:--:--  0:00:07 2188k
2026-06-03T08:46:46.0134620Z x iPhoneOS16.5.sdk/System/Library/Frameworks/Metal.framework/Headers/MTLIOCommandBuffer.h
2026-06-03T08:46:46.0155580Z x iPhoneOS16.5.sdk/System/Library/Frameworks/Metal.framework/Headers/MTLAccelerationStructureTypes.h
2026-06-03T08:46:46.0155870Z x iPhoneOS16.5.sdk/System/Library/Frameworks/Metal.framework/Headers/MTLLinkedFunctions.h
2026-06-03T08:46:46.0156120Z x iPhoneOS16.5.sdk/System/Library/Frameworks/Metal.framework/Headers/MTLCommandBuffer.h
2026-06-03T08:46:46.0156560Z x iPhoneOS16.5.sdk/System/Library/Frameworks/Metal.framework/Headers/MTLFunctionConstantValues.h
2026-06-03T08:46:46.0156810Z x iPhoneOS16.5.sdk/System/Library/Frameworks/Metal.framework/Headers/MTLIOCompressor.h
2026-06-03T08:46:46.0157070Z x iPhoneOS16.5.sdk/System/Library/Frameworks/Metal.framework/Headers/MTLComputePipeline.h
2026-06-03T08:46:46.0157400Z x iPhoneOS16.5.sdk/System/Library/Frameworks/Metal.framework/Headers/MTLIndirectCommandEncoder.h
2026-06-03T08:46:46.0163400Z x iPhoneOS16.5.sdk/System/Library/Frameworks/Metal.framework/Headers/MTLResourceStateCommandEncoder.h
2026-06-03T08:46:46.0164680Z x iPhoneOS16.5.sdk/System/Library/Frameworks/Metal.framework/Headers/MTLResourceStatePass.h
2026-06-03T08:46:46.0165680Z x iPhoneOS16.5.sdk/System/Library/Frameworks/Metal.framework/Headers/MTLCommandEncoder.h
2026-06-03T08:46:46.0165990Z x iPhoneOS16.5.sdk/System/Library/Frameworks/Metal.framework/Headers/MTLPixelFormat.h
2026-06-03T08:46:46.0169430Z x iPhoneOS16.5.sdk/System/Library/Frameworks/Metal.framework/Headers/MTLHeap.h
2026-06-03T08:46:46.0174300Z x iPhoneOS16.5.sdk/System/Library/Frameworks/Metal.framework/Headers/MTLRenderPipeline.h
2026-06-03T08:46:46.0174640Z x iPhoneOS16.5.sdk/System/Library/Frameworks/Metal.framework/Headers/MTLRenderPass.h
2026-06-03T08:46:46.0175610Z x iPhoneOS16.5.sdk/System/Library/Frameworks/Metal.framework/Headers/MTLParallelRenderCommandEncoder.h
2026-06-03T08:46:46.0176560Z x iPhoneOS16.5.sdk/System/Library/Frameworks/Metal.framework/Headers/MTLIOCommandQueue.h
2026-06-03T08:46:46.0178290Z x iPhoneOS16.5.sdk/System/Library/Frameworks/Metal.framework/Headers/MTLEvent.h
2026-06-03T08:46:46.0183770Z x iPhoneOS16.5.sdk/System/Library/Frameworks/Metal.framework/Headers/MTLArgumentEncoder.h
2026-06-03T08:46:46.0184830Z x iPhoneOS16.5.sdk/System/Library/Frameworks/Metal.framework/Headers/MTLAccelerationStructure.h
2026-06-03T08:46:46.0185920Z x iPhoneOS16.5.sdk/System/Library/Frameworks/Metal.framework/Headers/MTLDrawable.h
2026-06-03T08:46:46.0187260Z x iPhoneOS16.5.sdk/System/Library/Frameworks/Metal.framework/Headers/MTLDefines.h
2026-06-03T08:46:46.0194210Z x iPhoneOS16.5.sdk/System/Library/Frameworks/Metal.framework/Headers/MTLIndirectCommandBuffer.h
2026-06-03T08:46:46.0195080Z x iPhoneOS16.5.sdk/System/Library/Frameworks/Metal.framework/Headers/MTLSampler.h
2026-06-03T08:46:46.0195470Z x iPhoneOS16.5.sdk/System/Library/Frameworks/Metal.framework/Headers/MTLBuffer.h
2026-06-03T08:46:46.0195710Z x iPhoneOS16.5.sdk/System/Library/Frameworks/Metal.framework/Headers/MTLComputeCommandEncoder.h
2026-06-03T08:46:46.0195910Z x iPhoneOS16.5.sdk/System/Library/Frameworks/Metal.framework/Headers/MTLVertexDescriptor.h
2026-06-03T08:46:46.0200870Z x iPhoneOS16.5.sdk/System/Library/Frameworks/Metal.framework/Headers/MTLRasterizationRate.h
2026-06-03T08:46:46.0203400Z x iPhoneOS16.5.sdk/System/Library/Frameworks/Metal.framework/Headers/Metal.h
2026-06-03T08:46:46.0212820Z x iPhoneOS16.5.sdk/System/Library/Frameworks/Metal.framework/Headers/MTLComputePass.h
2026-06-03T08:46:46.0213300Z x iPhoneOS16.5.sdk/System/Library/Frameworks/Metal.framework/Headers/MTLFunctionStitching.h
2026-06-03T08:46:46.0216310Z x iPhoneOS16.5.sdk/System/Library/Frameworks/Metal.framework/Headers/MTLFunctionLog.h
2026-06-03T08:46:46.0217980Z x iPhoneOS16.5.sdk/System/Library/Frameworks/Metal.framework/Headers/MTLArgument.h
2026-06-03T08:46:46.0218300Z x iPhoneOS16.5.sdk/System/Library/Frameworks/Metal.framework/Headers/MTLFunctionHandle.h
2026-06-03T08:46:46.0218890Z x iPhoneOS16.5.sdk/System/Library/Frameworks/Metal.framework/Headers/MTLCaptureManager.h
2026-06-03T08:46:46.0219910Z x iPhoneOS16.5.sdk/System/Library/Frameworks/Metal.framework/Headers/MTLBlitCommandEncoder.h
2026-06-03T08:46:46.0222800Z x iPhoneOS16.5.sdk/System/Library/Frameworks/Metal.framework/Headers/MTLVisibleFunctionTable.h
2026-06-03T08:46:46.0223500Z x iPhoneOS16.5.sdk/System/Library/Frameworks/Metal.framework/Headers/MTLCounters.h
2026-06-03T08:46:46.0229090Z x iPhoneOS16.5.sdk/System/Library/Frameworks/Metal.framework/Headers/MTLLibrary.h
2026-06-03T08:46:46.0234590Z x iPhoneOS16.5.sdk/System/Library/Frameworks/Metal.framework/Headers/MTLRenderCommandEncoder.h
2026-06-03T08:46:46.0235190Z x iPhoneOS16.5.sdk/System/Library/Frameworks/Metal.framework/Headers/MTLCaptureScope.h
2026-06-03T08:46:46.0236540Z x iPhoneOS16.5.sdk/System/Library/Frameworks/Metal.framework/Headers/MTLDepthStencil.h
2026-06-03T08:46:46.0237590Z x iPhoneOS16.5.sdk/System/Library/Frameworks/Metal.framework/Headers/MTLFence.h
2026-06-03T08:46:46.0238580Z x iPhoneOS16.5.sdk/System/Library/Frameworks/Metal.framework/Headers/MTLBinaryArchive.h
2026-06-03T08:46:46.0239920Z x iPhoneOS16.5.sdk/System/Library/Frameworks/Metal.framework/Headers/MTLDynamicLibrary.h
2026-06-03T08:46:46.0240940Z x iPhoneOS16.5.sdk/System/Library/Frameworks/Metal.framework/Headers/MTLTexture.h
2026-06-03T08:46:46.0246440Z x iPhoneOS16.5.sdk/System/Library/Frameworks/Metal.framework/Headers/MTLBlitPass.h
2026-06-03T08:46:46.0247020Z x iPhoneOS16.5.sdk/System/Library/Frameworks/Metal.framework/Headers/MTLPipeline.h
2026-06-03T08:46:46.0247360Z x iPhoneOS16.5.sdk/System/Library/Frameworks/Metal.framework/Headers/MTLStageInputOutputDescriptor.h
2026-06-03T08:46:46.0258370Z x iPhoneOS16.5.sdk/System/Library/Frameworks/Metal.framework/Headers/MTLResource.h
2026-06-03T08:46:46.0311990Z x iPhoneOS16.5.sdk/System/Library/Frameworks/Metal.framework/Headers/MTLIntersectionFunctionTable.h
2026-06-03T08:46:46.0312290Z x iPhoneOS16.5.sdk/System/Library/Frameworks/Metal.framework/Headers/Metal.apinotes
2026-06-03T08:46:46.0312620Z x iPhoneOS16.5.sdk/System/Library/Frameworks/Metal.framework/Headers/MTLAccelerationStructureCommandEncoder.h
2026-06-03T08:46:46.0312870Z x iPhoneOS16.5.sdk/System/Library/Frameworks/Metal.framework/Headers/MTLTypes.h
2026-06-03T08:46:46.0313190Z x iPhoneOS16.5.sdk/System/Library/Frameworks/Metal.framework/Metal.tbd
2026-06-03T08:46:46.0313400Z x iPhoneOS16.5.sdk/System/Library/Frameworks/CoreMIDI.framework/
2026-06-03T08:46:46.0313600Z x iPhoneOS16.5.sdk/System/Library/Frameworks/CoreMIDI.framework/Modules/
2026-06-03T08:46:46.0313870Z x iPhoneOS16.5.sdk/System/Library/Frameworks/CoreMIDI.framework/Modules/module.modulemap
2026-06-03T08:46:46.0599840Z x iPhoneOS16.5.sdk/System/Library/Frameworks/CoreMIDI.framework/Headers/
2026-06-03T08:46:46.0727900Z x iPhoneOS16.5.sdk/System/Library/Frameworks/CoreMIDI.framework/Headers/MIDINetworkSession.h
2026-06-03T08:46:46.0753260Z x iPhoneOS16.5.sdk/System/Library/Frameworks/CoreMIDI.framework/Headers/MIDIDriver.h
2026-06-03T08:46:46.0944700Z x iPhoneOS16.5.sdk/System/Library/Frameworks/CoreMIDI.framework/Headers/MIDICapabilityInquiry.h
2026-06-03T08:46:46.1096500Z x iPhoneOS16.5.sdk/System/Library/Frameworks/CoreMIDI.framework/Headers/CoreMIDI.h
2026-06-03T08:46:46.1236220Z x iPhoneOS16.5.sdk/System/Library/Frameworks/CoreMIDI.framework/Headers/MIDISetup.h
2026-06-03T08:46:46.1401430Z x iPhoneOS16.5.sdk/System/Library/Frameworks/CoreMIDI.framework/Headers/MIDIServices.h
2026-06-03T08:46:46.1604220Z x iPhoneOS16.5.sdk/System/Library/Frameworks/CoreMIDI.framework/Headers/MIDIBluetoothConnection.h
2026-06-03T08:46:46.1716980Z x iPhoneOS16.5.sdk/System/Library/Frameworks/CoreMIDI.framework/Headers/MIDIMessages.h
2026-06-03T08:46:46.1849050Z x iPhoneOS16.5.sdk/System/Library/Frameworks/CoreMIDI.framework/Headers/MIDIThruConnection.h
2026-06-03T08:46:46.1950410Z x iPhoneOS16.5.sdk/System/Library/Frameworks/CoreMIDI.framework/CoreMIDI.tbd
2026-06-03T08:46:46.2055110Z x iPhoneOS16.5.sdk/System/Library/Frameworks/ThreadNetwork.framework/
2026-06-03T08:46:46.2192310Z x iPhoneOS16.5.sdk/System/Library/Frameworks/ThreadNetwork.framework/Modules/
2026-06-03T08:46:46.2340280Z x iPhoneOS16.5.sdk/System/Library/Frameworks/ThreadNetwork.framework/Modules/module.modulemap
2026-06-03T08:46:46.2445400Z x iPhoneOS16.5.sdk/System/Library/Frameworks/ThreadNetwork.framework/Headers/
2026-06-03T08:46:46.2567840Z x iPhoneOS16.5.sdk/System/Library/Frameworks/ThreadNetwork.framework/Headers/THCredentials.h
2026-06-03T08:46:46.2668970Z x iPhoneOS16.5.sdk/System/Library/Frameworks/ThreadNetwork.framework/Headers/ThreadNetwork.h
2026-06-03T08:46:46.2770170Z x iPhoneOS16.5.sdk/System/Library/Frameworks/ThreadNetwork.framework/Headers/THClient.h
2026-06-03T08:46:46.2871490Z x iPhoneOS16.5.sdk/System/Library/Frameworks/ThreadNetwork.framework/ThreadNetwork.tbd
2026-06-03T08:46:46.2972560Z x iPhoneOS16.5.sdk/System/Library/Frameworks/SceneKit.framework/
2026-06-03T08:46:46.3074400Z x iPhoneOS16.5.sdk/System/Library/Frameworks/SceneKit.framework/Modules/
2026-06-03T08:46:46.3174630Z x iPhoneOS16.5.sdk/System/Library/Frameworks/SceneKit.framework/Modules/module.modulemap
2026-06-03T08:46:46.3275830Z x iPhoneOS16.5.sdk/System/Library/Frameworks/SceneKit.framework/Modules/SceneKit.swiftcrossimport/
2026-06-03T08:46:46.3376370Z x iPhoneOS16.5.sdk/System/Library/Frameworks/SceneKit.framework/Modules/SceneKit.swiftcrossimport/SwiftUI.swiftoverlay
2026-06-03T08:46:46.3477450Z x iPhoneOS16.5.sdk/System/Library/Frameworks/SceneKit.framework/Headers/
2026-06-03T08:46:46.3479240Z x iPhoneOS16.5.sdk/System/Library/Frameworks/SceneKit.framework/Headers/SCNPhysicsShape.h
2026-06-03T08:46:46.3480140Z x iPhoneOS16.5.sdk/System/Library/Frameworks/SceneKit.framework/Headers/SCNTechnique.h
2026-06-03T08:46:46.3480810Z x iPhoneOS16.5.sdk/System/Library/Frameworks/SceneKit.framework/Headers/SceneKit.h
2026-06-03T08:46:46.3481460Z x iPhoneOS16.5.sdk/System/Library/Frameworks/SceneKit.framework/Headers/SCNPhysicsBehavior.h
2026-06-03T08:46:46.3482140Z x iPhoneOS16.5.sdk/System/Library/Frameworks/SceneKit.framework/Headers/SCNShadable.h
2026-06-03T08:46:46.3482730Z x iPhoneOS16.5.sdk/System/Library/Frameworks/SceneKit.framework/Headers/SceneKitTypes.h
2026-06-03T08:46:46.3483460Z x iPhoneOS16.5.sdk/System/Library/Frameworks/SceneKit.framework/Headers/SCNCameraController.h
2026-06-03T08:46:46.3585220Z x iPhoneOS16.5.sdk/System/Library/Frameworks/SceneKit.framework/Headers/SCNLight.h
2026-06-03T08:46:46.3689010Z x iPhoneOS16.5.sdk/System/Library/Frameworks/SceneKit.framework/Headers/SCNMorpher.h
2026-06-03T08:46:46.3790180Z x iPhoneOS16.5.sdk/System/Library/Frameworks/SceneKit.framework/Headers/SCNConstraint.h
2026-06-03T08:46:46.3891440Z x iPhoneOS16.5.sdk/System/Library/Frameworks/SceneKit.framework/Headers/SCNRenderer.h
2026-06-03T08:46:46.3992590Z x iPhoneOS16.5.sdk/System/Library/Frameworks/SceneKit.framework/Headers/SCNAction.h
2026-06-03T08:46:46.4093680Z x iPhoneOS16.5.sdk/System/Library/Frameworks/SceneKit.framework/Headers/SceneKitAvailability.h
2026-06-03T08:46:46.4194770Z x iPhoneOS16.5.sdk/System/Library/Frameworks/SceneKit.framework/Headers/SCNMaterialProperty.h
2026-06-03T08:46:46.4295890Z x iPhoneOS16.5.sdk/System/Library/Frameworks/SceneKit.framework/Headers/SCNGeometry.h
2026-06-03T08:46:46.4399670Z x iPhoneOS16.5.sdk/System/Library/Frameworks/SceneKit.framework/Headers/SCNView.h
2026-06-03T08:46:46.4400320Z x iPhoneOS16.5.sdk/System/Library/Frameworks/SceneKit.framework/Headers/SCNBoundingVolume.h
2026-06-03T08:46:46.4424090Z x iPhoneOS16.5.sdk/System/Library/Frameworks/SceneKit.framework/Headers/SCNLevelOfDetail.h
2026-06-03T08:46:46.4438630Z x iPhoneOS16.5.sdk/System/Library/Frameworks/SceneKit.framework/Headers/ModelIO.h
2026-06-03T08:46:46.4445960Z x iPhoneOS16.5.sdk/System/Library/Frameworks/SceneKit.framework/Headers/SCNParticleSystem.h
2026-06-03T08:46:46.4532530Z x iPhoneOS16.5.sdk/System/Library/Frameworks/SceneKit.framework/Headers/SCNReferenceNode.h
2026-06-03T08:46:46.4632810Z x iPhoneOS16.5.sdk/System/Library/Frameworks/SceneKit.framework/Headers/SceneKit.apinotes
2026-06-03T08:46:46.4733880Z x iPhoneOS16.5.sdk/System/Library/Frameworks/SceneKit.framework/Headers/SCNCAAnimationExtensions.h
2026-06-03T08:46:46.4834930Z x iPhoneOS16.5.sdk/System/Library/Frameworks/SceneKit.framework/Headers/SCNScene.h
2026-06-03T08:46:46.4935380Z x iPhoneOS16.5.sdk/System/Library/Frameworks/SceneKit.framework/Headers/SCNPhysicsContact.h
2026-06-03T08:46:46.5036520Z x iPhoneOS16.5.sdk/System/Library/Frameworks/SceneKit.framework/Headers/SCNSceneSource.h
2026-06-03T08:46:46.5098630Z x iPhoneOS16.5.sdk/System/Library/Frameworks/SceneKit.framework/Headers/SCNPhysicsBody.h
2026-06-03T08:46:46.5111880Z x iPhoneOS16.5.sdk/System/Library/Frameworks/SceneKit.framework/Headers/SCNParametricGeometry.h
2026-06-03T08:46:46.5123200Z x iPhoneOS16.5.sdk/System/Library/Frameworks/SceneKit.framework/Headers/SCNJavascript.h
2026-06-03T08:46:46.5134530Z x iPhoneOS16.5.sdk/System/Library/Frameworks/SceneKit.framework/Headers/SCNAnimation.h
2026-06-03T08:46:46.5143900Z x iPhoneOS16.5.sdk/System/Library/Frameworks/SceneKit.framework/Headers/SCNPhysicsWorld.h
2026-06-03T08:46:46.5156810Z x iPhoneOS16.5.sdk/System/Library/Frameworks/SceneKit.framework/Headers/SCNCamera.h
2026-06-03T08:46:46.5169890Z x iPhoneOS16.5.sdk/System/Library/Frameworks/SceneKit.framework/Headers/SCNHitTest.h
2026-06-03T08:46:46.5174600Z x iPhoneOS16.5.sdk/System/Library/Frameworks/SceneKit.framework/Headers/SCNNode.h
2026-06-03T08:46:46.5179160Z x iPhoneOS16.5.sdk/System/Library/Frameworks/SceneKit.framework/Headers/SCNAudioSource.h
2026-06-03T08:46:46.5180110Z x iPhoneOS16.5.sdk/System/Library/Frameworks/SceneKit.framework/Headers/SCNPhysicsField.h
2026-06-03T08:46:46.5180810Z x iPhoneOS16.5.sdk/System/Library/Frameworks/SceneKit.framework/Headers/SCNSceneRenderer.h
2026-06-03T08:46:46.5181620Z x iPhoneOS16.5.sdk/System/Library/Frameworks/SceneKit.framework/Headers/SCNMaterial.h
2026-06-03T08:46:46.5182270Z x iPhoneOS16.5.sdk/System/Library/Frameworks/SceneKit.framework/Headers/SceneKitDeprecated.h
2026-06-03T08:46:46.5182970Z x iPhoneOS16.5.sdk/System/Library/Frameworks/SceneKit.framework/Headers/SCNSkinner.h
2026-06-03T08:46:46.5183970Z x iPhoneOS16.5.sdk/System/Library/Frameworks/SceneKit.framework/Headers/SCNTransaction.h
2026-06-03T08:46:46.5185700Z x iPhoneOS16.5.sdk/System/Library/Frameworks/SceneKit.framework/Headers/scn_metal
2026-06-03T08:46:46.5186150Z x iPhoneOS16.5.sdk/System/Library/Frameworks/SceneKit.framework/SceneKit.tbd
2026-06-03T08:46:46.5186530Z x iPhoneOS16.5.sdk/System/Library/Frameworks/ModelIO.framework/
2026-06-03T08:46:46.5186890Z x iPhoneOS16.5.sdk/System/Library/Frameworks/ModelIO.framework/Modules/
2026-06-03T08:46:46.5187310Z x iPhoneOS16.5.sdk/System/Library/Frameworks/ModelIO.framework/Modules/module.modulemap
2026-06-03T08:46:46.5187740Z x iPhoneOS16.5.sdk/System/Library/Frameworks/ModelIO.framework/Headers/
2026-06-03T08:46:46.5188150Z x iPhoneOS16.5.sdk/System/Library/Frameworks/ModelIO.framework/Headers/MDLLight.h
2026-06-03T08:46:46.5188600Z x iPhoneOS16.5.sdk/System/Library/Frameworks/ModelIO.framework/Headers/MDLAsset.h
2026-06-03T08:46:46.5189060Z x iPhoneOS16.5.sdk/System/Library/Frameworks/ModelIO.framework/Headers/MDLMaterial.h
2026-06-03T08:46:46.5189690Z x iPhoneOS16.5.sdk/System/Library/Frameworks/ModelIO.framework/Headers/MDLAnimation.h
2026-06-03T08:46:46.5190170Z x iPhoneOS16.5.sdk/System/Library/Frameworks/ModelIO.framework/Headers/ModelIOExports.h
2026-06-03T08:46:46.5190750Z x iPhoneOS16.5.sdk/System/Library/Frameworks/ModelIO.framework/Headers/MDLVoxelArray.h
2026-06-03T08:46:46.5191210Z x iPhoneOS16.5.sdk/System/Library/Frameworks/ModelIO.framework/Headers/MDLTransform.h
2026-06-03T08:46:46.5191680Z x iPhoneOS16.5.sdk/System/Library/Frameworks/ModelIO.framework/Headers/MDLTexture.h
2026-06-03T08:46:46.5192920Z x iPhoneOS16.5.sdk/System/Library/Frameworks/ModelIO.framework/Headers/MDLTransformStack.h
2026-06-03T08:46:46.5193480Z x iPhoneOS16.5.sdk/System/Library/Frameworks/ModelIO.framework/Headers/ModelIO.h
2026-06-03T08:46:46.5193910Z x iPhoneOS16.5.sdk/System/Library/Frameworks/ModelIO.framework/Headers/MDLCamera.h
2026-06-03T08:46:46.5194440Z x iPhoneOS16.5.sdk/System/Library/Frameworks/ModelIO.framework/Headers/MDLValueTypes.h
2026-06-03T08:46:46.5195000Z x iPhoneOS16.5.sdk/System/Library/Frameworks/ModelIO.framework/Headers/MDLAssetResolver.h
2026-06-03T08:46:46.5195500Z x iPhoneOS16.5.sdk/System/Library/Frameworks/ModelIO.framework/Headers/ModelIO.apinotes
2026-06-03T08:46:46.5196070Z x iPhoneOS16.5.sdk/System/Library/Frameworks/ModelIO.framework/Headers/MDLVertexDescriptor.h
2026-06-03T08:46:46.5196630Z x iPhoneOS16.5.sdk/System/Library/Frameworks/ModelIO.framework/Headers/MDLSubmesh.h
2026-06-03T08:46:46.5197810Z x iPhoneOS16.5.sdk/System/Library/Frameworks/ModelIO.framework/Headers/MDLMesh.h
2026-06-03T08:46:46.5198300Z x iPhoneOS16.5.sdk/System/Library/Frameworks/ModelIO.framework/Headers/MDLAnimatedValueTypes.h
2026-06-03T08:46:46.5198780Z x iPhoneOS16.5.sdk/System/Library/Frameworks/ModelIO.framework/Headers/MDLTypes.h
2026-06-03T08:46:46.5199230Z x iPhoneOS16.5.sdk/System/Library/Frameworks/ModelIO.framework/Headers/MDLObject.h
2026-06-03T08:46:46.5199670Z x iPhoneOS16.5.sdk/System/Library/Frameworks/ModelIO.framework/Headers/MDLMeshBuffer.h
2026-06-03T08:46:46.5200110Z x iPhoneOS16.5.sdk/System/Library/Frameworks/ModelIO.framework/ModelIO.tbd
2026-06-03T08:46:46.5200510Z x iPhoneOS16.5.sdk/System/Library/Frameworks/LocalAuthentication.framework/
2026-06-03T08:46:46.5200940Z x iPhoneOS16.5.sdk/System/Library/Frameworks/LocalAuthentication.framework/Modules/
2026-06-03T08:46:46.5201450Z x iPhoneOS16.5.sdk/System/Library/Frameworks/LocalAuthentication.framework/Modules/module.modulemap
2026-06-03T08:46:46.5201960Z x iPhoneOS16.5.sdk/System/Library/Frameworks/LocalAuthentication.framework/Headers/
2026-06-03T08:46:46.5202440Z x iPhoneOS16.5.sdk/System/Library/Frameworks/LocalAuthentication.framework/Headers/LAError.h
2026-06-03T08:46:46.5202970Z x iPhoneOS16.5.sdk/System/Library/Frameworks/LocalAuthentication.framework/Headers/LARightStore.h
2026-06-03T08:46:46.5203520Z x iPhoneOS16.5.sdk/System/Library/Frameworks/LocalAuthentication.framework/Headers/LARequirement.h
2026-06-03T08:46:46.5204080Z x iPhoneOS16.5.sdk/System/Library/Frameworks/LocalAuthentication.framework/Headers/LAPublicDefines.h
2026-06-03T08:46:46.5204760Z x iPhoneOS16.5.sdk/System/Library/Frameworks/LocalAuthentication.framework/Headers/LARight.h
2026-06-03T08:46:46.5205310Z x iPhoneOS16.5.sdk/System/Library/Frameworks/LocalAuthentication.framework/Headers/LAPrivateKey.h
2026-06-03T08:46:46.5206570Z x iPhoneOS16.5.sdk/System/Library/Frameworks/LocalAuthentication.framework/Headers/LAPublicKey.h
2026-06-03T08:46:46.5207190Z x iPhoneOS16.5.sdk/System/Library/Frameworks/LocalAuthentication.framework/Headers/LocalAuthentication.h
2026-06-03T08:46:46.5207880Z x iPhoneOS16.5.sdk/System/Library/Frameworks/LocalAuthentication.framework/Headers/LASecret.h
2026-06-03T08:46:46.5208490Z x iPhoneOS16.5.sdk/System/Library/Frameworks/LocalAuthentication.framework/Headers/LABase.h
2026-06-03T08:46:46.5209050Z x iPhoneOS16.5.sdk/System/Library/Frameworks/LocalAuthentication.framework/Headers/LAPersistedRight.h
2026-06-03T08:46:46.5209800Z x iPhoneOS16.5.sdk/System/Library/Frameworks/LocalAuthentication.framework/Headers/LocalAuthentication.apinotes
2026-06-03T08:46:46.5210630Z x iPhoneOS16.5.sdk/System/Library/Frameworks/LocalAuthentication.framework/Headers/LAContext.h
2026-06-03T08:46:46.5211210Z x iPhoneOS16.5.sdk/System/Library/Frameworks/LocalAuthentication.framework/Support/
2026-06-03T08:46:46.5212520Z x iPhoneOS16.5.sdk/System/Library/Frameworks/LocalAuthentication.framework/Support/MechanismBase.framework/
2026-06-03T08:46:46.5213200Z x iPhoneOS16.5.sdk/System/Library/Frameworks/LocalAuthentication.framework/Support/MechanismBase.framework/MechanismBase.tbd
2026-06-03T08:46:46.5213990Z x iPhoneOS16.5.sdk/System/Library/Frameworks/LocalAuthentication.framework/Support/ModuleBase.framework/
2026-06-03T08:46:46.5214640Z x iPhoneOS16.5.sdk/System/Library/Frameworks/LocalAuthentication.framework/Support/ModuleBase.framework/ModuleBase.tbd
2026-06-03T08:46:46.5215370Z x iPhoneOS16.5.sdk/System/Library/Frameworks/LocalAuthentication.framework/Support/SharedUtils.framework/
2026-06-03T08:46:46.5216040Z x iPhoneOS16.5.sdk/System/Library/Frameworks/LocalAuthentication.framework/Support/SharedUtils.framework/SharedUtils.tbd
2026-06-03T08:46:46.5216770Z x iPhoneOS16.5.sdk/System/Library/Frameworks/LocalAuthentication.framework/Support/DaemonUtils.framework/
2026-06-03T08:46:46.5217560Z x iPhoneOS16.5.sdk/System/Library/Frameworks/LocalAuthentication.framework/Support/DaemonUtils.framework/DaemonUtils.tbd
2026-06-03T08:46:46.5218550Z x iPhoneOS16.5.sdk/System/Library/Frameworks/LocalAuthentication.framework/LocalAuthentication.tbd
2026-06-03T08:46:46.5219100Z x iPhoneOS16.5.sdk/System/Library/Frameworks/CoreAudioTypes.framework/
2026-06-03T08:46:46.5219550Z x iPhoneOS16.5.sdk/System/Library/Frameworks/CoreAudioTypes.framework/Modules/
2026-06-03T08:46:46.5220030Z x iPhoneOS16.5.sdk/System/Library/Frameworks/CoreAudioTypes.framework/Modules/module.modulemap
2026-06-03T08:46:46.5220540Z x iPhoneOS16.5.sdk/System/Library/Frameworks/CoreAudioTypes.framework/Headers/
2026-06-03T08:46:46.5221040Z x iPhoneOS16.5.sdk/System/Library/Frameworks/CoreAudioTypes.framework/Headers/AudioSessionTypes.h
2026-06-03T08:46:46.5221580Z x iPhoneOS16.5.sdk/System/Library/Frameworks/CoreAudioTypes.framework/Headers/CoreAudioTypes.h
2026-06-03T08:46:46.5222220Z x iPhoneOS16.5.sdk/System/Library/Frameworks/CoreAudioTypes.framework/Headers/CoreAudioTypes.apinotes
2026-06-03T08:46:46.5222850Z x iPhoneOS16.5.sdk/System/Library/Frameworks/CoreAudioTypes.framework/Headers/CoreAudioBaseTypes.h
2026-06-03T08:46:46.5223490Z x iPhoneOS16.5.sdk/System/Library/Frameworks/QuickLook.framework/
2026-06-03T08:46:46.5224150Z x iPhoneOS16.5.sdk/System/Library/Frameworks/QuickLook.framework/Modules/
2026-06-03T08:46:46.5224670Z x iPhoneOS16.5.sdk/System/Library/Frameworks/QuickLook.framework/Modules/module.modulemap
2026-06-03T08:46:46.5225290Z x iPhoneOS16.5.sdk/System/Library/Frameworks/QuickLook.framework/Modules/QuickLook.swiftcrossimport/
2026-06-03T08:46:46.5226030Z x iPhoneOS16.5.sdk/System/Library/Frameworks/QuickLook.framework/Modules/QuickLook.swiftcrossimport/SwiftUI.swiftoverlay
2026-06-03T08:46:46.5226580Z x iPhoneOS16.5.sdk/System/Library/Frameworks/QuickLook.framework/Headers/
2026-06-03T08:46:46.5227130Z x iPhoneOS16.5.sdk/System/Library/Frameworks/QuickLook.framework/Headers/QLThumbnailProvider.h
2026-06-03T08:46:46.5227630Z x iPhoneOS16.5.sdk/System/Library/Frameworks/QuickLook.framework/Headers/QuickLook.h
2026-06-03T08:46:46.5228110Z x iPhoneOS16.5.sdk/System/Library/Frameworks/QuickLook.framework/Headers/QuickLookUICore.h
2026-06-03T08:46:46.5228610Z x iPhoneOS16.5.sdk/System/Library/Frameworks/QuickLook.framework/Headers/QuickLook.apinotes
2026-06-03T08:46:46.5229140Z x iPhoneOS16.5.sdk/System/Library/Frameworks/QuickLook.framework/Headers/QLThumbnailRequest.h
2026-06-03T08:46:46.5229640Z x iPhoneOS16.5.sdk/System/Library/Frameworks/QuickLook.framework/Headers/QLPreviewReply.h
2026-06-03T08:46:46.5230220Z x iPhoneOS16.5.sdk/System/Library/Frameworks/QuickLook.framework/Headers/QLPreviewSceneActivationConfiguration.h
2026-06-03T08:46:46.5230900Z x iPhoneOS16.5.sdk/System/Library/Frameworks/QuickLook.framework/Headers/QLPreviewController.h
2026-06-03T08:46:46.5231400Z x iPhoneOS16.5.sdk/System/Library/Frameworks/QuickLook.framework/Headers/QLBase.h
2026-06-03T08:46:46.5231950Z x iPhoneOS16.5.sdk/System/Library/Frameworks/QuickLook.framework/Headers/QLPreviewItem.h
2026-06-03T08:46:46.5232440Z x iPhoneOS16.5.sdk/System/Library/Frameworks/QuickLook.framework/Headers/QLThumbnailReply.h
2026-06-03T08:46:46.5233030Z x iPhoneOS16.5.sdk/System/Library/Frameworks/QuickLook.framework/Headers/QLFilePreviewRequest.h
2026-06-03T08:46:46.5233640Z x iPhoneOS16.5.sdk/System/Library/Frameworks/QuickLook.framework/Headers/QLPreviewingController.h
2026-06-03T08:46:46.5234220Z x iPhoneOS16.5.sdk/System/Library/Frameworks/QuickLook.framework/Headers/QLPreviewProvider.h
2026-06-03T08:46:46.5234780Z x iPhoneOS16.5.sdk/System/Library/Frameworks/QuickLook.framework/QuickLook.tbd
2026-06-03T08:46:46.5235190Z x iPhoneOS16.5.sdk/System/Library/Frameworks/_PhotosUI_SwiftUI.framework/
2026-06-03T08:46:46.5235680Z x iPhoneOS16.5.sdk/System/Library/Frameworks/_PhotosUI_SwiftUI.framework/Modules/
2026-06-03T08:46:46.5236210Z x iPhoneOS16.5.sdk/System/Library/Frameworks/_PhotosUI_SwiftUI.framework/Modules/_PhotosUI_SwiftUI.swiftmodule/
2026-06-03T08:46:46.5236990Z x iPhoneOS16.5.sdk/System/Library/Frameworks/_PhotosUI_SwiftUI.framework/Modules/_PhotosUI_SwiftUI.swiftmodule/arm64e-apple-ios.swiftdoc
2026-06-03T08:46:46.5237830Z x iPhoneOS16.5.sdk/System/Library/Frameworks/_PhotosUI_SwiftUI.framework/Modules/_PhotosUI_SwiftUI.swiftmodule/arm64-apple-ios.swiftdoc
2026-06-03T08:46:46.5238700Z x iPhoneOS16.5.sdk/System/Library/Frameworks/_PhotosUI_SwiftUI.framework/Modules/_PhotosUI_SwiftUI.swiftmodule/arm64e-apple-ios.swiftinterface
2026-06-03T08:46:46.5239630Z x iPhoneOS16.5.sdk/System/Library/Frameworks/_PhotosUI_SwiftUI.framework/Modules/_PhotosUI_SwiftUI.swiftmodule/arm64-apple-ios.swiftinterface
2026-06-03T08:46:46.5241240Z x iPhoneOS16.5.sdk/System/Library/Frameworks/_PhotosUI_SwiftUI.framework/_PhotosUI_SwiftUI.tbd
2026-06-03T08:46:46.5241710Z x iPhoneOS16.5.sdk/System/Library/Frameworks/ExternalAccessory.framework/
2026-06-03T08:46:46.5242200Z x iPhoneOS16.5.sdk/System/Library/Frameworks/ExternalAccessory.framework/Modules/
2026-06-03T08:46:46.5242690Z x iPhoneOS16.5.sdk/System/Library/Frameworks/ExternalAccessory.framework/Modules/module.modulemap
2026-06-03T08:46:46.5243180Z x iPhoneOS16.5.sdk/System/Library/Frameworks/ExternalAccessory.framework/Headers/
2026-06-03T08:46:46.5243710Z x iPhoneOS16.5.sdk/System/Library/Frameworks/ExternalAccessory.framework/Headers/ExternalAccessory.h
2026-06-03T08:46:46.5244300Z x iPhoneOS16.5.sdk/System/Library/Frameworks/ExternalAccessory.framework/Headers/ExternalAccessoryDefines.h
2026-06-03T08:46:46.5244890Z x iPhoneOS16.5.sdk/System/Library/Frameworks/ExternalAccessory.framework/Headers/EASession.h
2026-06-03T08:46:46.5245490Z x iPhoneOS16.5.sdk/System/Library/Frameworks/ExternalAccessory.framework/Headers/ExternalAccessory.apinotes
2026-06-03T08:46:46.5246150Z x iPhoneOS16.5.sdk/System/Library/Frameworks/ExternalAccessory.framework/Headers/EAWiFiUnconfiguredAccessoryBrowser.h
2026-06-03T08:46:46.5247160Z x iPhoneOS16.5.sdk/System/Library/Frameworks/ExternalAccessory.framework/Headers/EAWiFiUnconfiguredAccessory.h
2026-06-03T08:46:46.5247760Z x iPhoneOS16.5.sdk/System/Library/Frameworks/ExternalAccessory.framework/Headers/EAAccessory.h
2026-06-03T08:46:46.5248320Z x iPhoneOS16.5.sdk/System/Library/Frameworks/ExternalAccessory.framework/Headers/EAAccessoryManager.h
2026-06-03T08:46:46.5253450Z x iPhoneOS16.5.sdk/System/Library/Frameworks/ExternalAccessory.framework/ExternalAccessory.tbd
2026-06-03T08:46:46.5253960Z x iPhoneOS16.5.sdk/System/Library/Frameworks/WatchConnectivity.framework/
2026-06-03T08:46:46.5254430Z x iPhoneOS16.5.sdk/System/Library/Frameworks/WatchConnectivity.framework/WatchConnectivity.tbd
2026-06-03T08:46:46.5254920Z x iPhoneOS16.5.sdk/System/Library/Frameworks/WatchConnectivity.framework/Modules/
2026-06-03T08:46:46.5255890Z x iPhoneOS16.5.sdk/System/Library/Frameworks/WatchConnectivity.framework/Modules/module.modulemap
2026-06-03T08:46:46.5256430Z x iPhoneOS16.5.sdk/System/Library/Frameworks/WatchConnectivity.framework/Headers/
2026-06-03T08:46:46.5256920Z x iPhoneOS16.5.sdk/System/Library/Frameworks/WatchConnectivity.framework/Headers/WCDefines.h
2026-06-03T08:46:46.5257450Z x iPhoneOS16.5.sdk/System/Library/Frameworks/WatchConnectivity.framework/Headers/WatchConnectivity.h
2026-06-03T08:46:46.5258070Z x iPhoneOS16.5.sdk/System/Library/Frameworks/WatchConnectivity.framework/Headers/WCSessionUserInfoTransfer.h
2026-06-03T08:46:46.5258710Z x iPhoneOS16.5.sdk/System/Library/Frameworks/WatchConnectivity.framework/Headers/WatchConnectivity.apinotes
2026-06-03T08:46:46.5259270Z x iPhoneOS16.5.sdk/System/Library/Frameworks/WatchConnectivity.framework/Headers/WCSession.h
2026-06-03T08:46:46.5259770Z x iPhoneOS16.5.sdk/System/Library/Frameworks/WatchConnectivity.framework/Headers/WCError.h
2026-06-03T08:46:46.5260300Z x iPhoneOS16.5.sdk/System/Library/Frameworks/WatchConnectivity.framework/Headers/WCSessionFile.h
2026-06-03T08:46:46.5260730Z x iPhoneOS16.5.sdk/System/Library/Frameworks/Speech.framework/
2026-06-03T08:46:46.5261080Z x iPhoneOS16.5.sdk/System/Library/Frameworks/Speech.framework/Modules/
2026-06-03T08:46:46.5261500Z x iPhoneOS16.5.sdk/System/Library/Frameworks/Speech.framework/Modules/module.modulemap
2026-06-03T08:46:46.5261930Z x iPhoneOS16.5.sdk/System/Library/Frameworks/Speech.framework/Speech.tbd
2026-06-03T08:46:46.5262300Z x iPhoneOS16.5.sdk/System/Library/Frameworks/Speech.framework/Headers/
2026-06-03T08:46:46.5262750Z x iPhoneOS16.5.sdk/System/Library/Frameworks/Speech.framework/Headers/SFSpeechRecognitionResult.h
2026-06-03T08:46:46.5263260Z x iPhoneOS16.5.sdk/System/Library/Frameworks/Speech.framework/Headers/SFVoiceAnalytics.h
2026-06-03T08:46:46.5263780Z x iPhoneOS16.5.sdk/System/Library/Frameworks/Speech.framework/Headers/SFSpeechRecognitionTaskHint.h
2026-06-03T08:46:46.5264350Z x iPhoneOS16.5.sdk/System/Library/Frameworks/Speech.framework/Headers/SFSpeechRecognitionTask.h
2026-06-03T08:46:46.5264910Z x iPhoneOS16.5.sdk/System/Library/Frameworks/Speech.framework/Headers/Speech.h
2026-06-03T08:46:46.5265360Z x iPhoneOS16.5.sdk/System/Library/Frameworks/Speech.framework/Headers/Speech.apinotes
2026-06-03T08:46:46.5267100Z x iPhoneOS16.5.sdk/System/Library/Frameworks/Speech.framework/Headers/SFTranscriptionSegment.h
2026-06-03T08:46:46.5267640Z x iPhoneOS16.5.sdk/System/Library/Frameworks/Speech.framework/Headers/SFSpeechRecognitionMetadata.h
2026-06-03T08:46:46.5268160Z x iPhoneOS16.5.sdk/System/Library/Frameworks/Speech.framework/Headers/SFTranscription.h
2026-06-03T08:46:46.5268650Z x iPhoneOS16.5.sdk/System/Library/Frameworks/Speech.framework/Headers/SFSpeechRecognizer.h
2026-06-03T08:46:46.5269170Z x iPhoneOS16.5.sdk/System/Library/Frameworks/Speech.framework/Headers/SFSpeechRecognitionRequest.h
2026-06-03T08:46:46.5269630Z x iPhoneOS16.5.sdk/System/Library/Frameworks/MediaToolbox.framework/
2026-06-03T08:46:46.5270030Z x iPhoneOS16.5.sdk/System/Library/Frameworks/MediaToolbox.framework/Modules/
2026-06-03T08:46:46.5270630Z x iPhoneOS16.5.sdk/System/Library/Frameworks/MediaToolbox.framework/Modules/module.modulemap
2026-06-03T08:46:46.5271100Z x iPhoneOS16.5.sdk/System/Library/Frameworks/MediaToolbox.framework/Headers/
2026-06-03T08:46:46.5271560Z x iPhoneOS16.5.sdk/System/Library/Frameworks/MediaToolbox.framework/Headers/MTFormatNames.h
2026-06-03T08:46:46.5272080Z x iPhoneOS16.5.sdk/System/Library/Frameworks/MediaToolbox.framework/Headers/MediaToolbox.h
2026-06-03T08:46:46.5272590Z x iPhoneOS16.5.sdk/System/Library/Frameworks/MediaToolbox.framework/Headers/MTAudioProcessingTap.h
2026-06-03T08:46:46.5273140Z x iPhoneOS16.5.sdk/System/Library/Frameworks/MediaToolbox.framework/Headers/MediaToolbox.apinotes
2026-06-03T08:46:46.5273650Z x iPhoneOS16.5.sdk/System/Library/Frameworks/MediaToolbox.framework/MediaToolbox.tbd
2026-06-03T08:46:46.5274090Z x iPhoneOS16.5.sdk/System/Library/Frameworks/MediaToolbox.framework/Support/
2026-06-03T08:46:46.5274770Z x iPhoneOS16.5.sdk/System/Library/Frameworks/MediaToolbox.framework/Support/libSTS-N.tbd
2026-06-03T08:46:46.5275200Z x iPhoneOS16.5.sdk/System/Library/Frameworks/AdSupport.framework/
2026-06-03T08:46:46.5275570Z x iPhoneOS16.5.sdk/System/Library/Frameworks/AdSupport.framework/Modules/
2026-06-03T08:46:46.5276020Z x iPhoneOS16.5.sdk/System/Library/Frameworks/AdSupport.framework/Modules/module.modulemap
2026-06-03T08:46:46.5276490Z x iPhoneOS16.5.sdk/System/Library/Frameworks/AdSupport.framework/AdSupport.tbd
2026-06-03T08:46:46.5276890Z x iPhoneOS16.5.sdk/System/Library/Frameworks/AdSupport.framework/Headers/
2026-06-03T08:46:46.5277340Z x iPhoneOS16.5.sdk/System/Library/Frameworks/AdSupport.framework/Headers/ASIdentifierManager.h
2026-06-03T08:46:46.5277880Z x iPhoneOS16.5.sdk/System/Library/Frameworks/AdSupport.framework/Headers/AdSupport.apinotes
2026-06-03T08:46:46.5278370Z x iPhoneOS16.5.sdk/System/Library/Frameworks/AdSupport.framework/Headers/AdSupport.h
2026-06-03T08:46:46.5278780Z x iPhoneOS16.5.sdk/System/Library/Frameworks/CarPlay.framework/
2026-06-03T08:46:46.5279250Z x iPhoneOS16.5.sdk/System/Library/Frameworks/CarPlay.framework/Modules/
2026-06-03T08:46:46.5279730Z x iPhoneOS16.5.sdk/System/Library/Frameworks/CarPlay.framework/Modules/module.modulemap
2026-06-03T08:46:46.5280150Z x iPhoneOS16.5.sdk/System/Library/Frameworks/CarPlay.framework/Headers/
2026-06-03T08:46:46.5280560Z x iPhoneOS16.5.sdk/System/Library/Frameworks/CarPlay.framework/Headers/CPTemplate.h
2026-06-03T08:46:46.5281020Z x iPhoneOS16.5.sdk/System/Library/Frameworks/CarPlay.framework/Headers/CPListSection.h
2026-06-03T08:46:46.5281480Z x iPhoneOS16.5.sdk/System/Library/Frameworks/CarPlay.framework/Headers/CPTextButton.h
2026-06-03T08:46:46.5281990Z x iPhoneOS16.5.sdk/System/Library/Frameworks/CarPlay.framework/Headers/CPVoiceControlTemplate.h
2026-06-03T08:46:46.5282550Z x iPhoneOS16.5.sdk/System/Library/Frameworks/CarPlay.framework/Headers/CPInstrumentClusterController.h
2026-06-03T08:46:46.5283100Z x iPhoneOS16.5.sdk/System/Library/Frameworks/CarPlay.framework/Headers/CPMessageListItem.h
2026-06-03T08:46:46.5283610Z x iPhoneOS16.5.sdk/System/Library/Frameworks/CarPlay.framework/Headers/CPInformationItem.h
2026-06-03T08:46:46.5284080Z x iPhoneOS16.5.sdk/System/Library/Frameworks/CarPlay.framework/Headers/CPImageSet.h
2026-06-03T08:46:46.5292400Z x iPhoneOS16.5.sdk/System/Library/Frameworks/CarPlay.framework/Headers/CPActionSheetTemplate.h
2026-06-03T08:46:46.5292940Z x iPhoneOS16.5.sdk/System/Library/Frameworks/CarPlay.framework/Headers/CarPlay.apinotes
2026-06-03T08:46:46.5293520Z x iPhoneOS16.5.sdk/System/Library/Frameworks/CarPlay.framework/Headers/CPNavigationAlert.h
2026-06-03T08:46:46.5294010Z x iPhoneOS16.5.sdk/System/Library/Frameworks/CarPlay.framework/Headers/CPMapButton.h
2026-06-03T08:46:46.5294480Z x iPhoneOS16.5.sdk/System/Library/Frameworks/CarPlay.framework/Headers/CPMapTemplate.h
2026-06-03T08:46:46.5295050Z x iPhoneOS16.5.sdk/System/Library/Frameworks/CarPlay.framework/Headers/CPDashboardButton.h
2026-06-03T08:46:46.5295920Z x iPhoneOS16.5.sdk/System/Library/Frameworks/CarPlay.framework/Headers/CPListItemTypes.h
2026-06-03T08:46:46.5296550Z x iPhoneOS16.5.sdk/System/Library/Frameworks/CarPlay.framework/Headers/CPListTemplate.h
2026-06-03T08:46:46.5297100Z x iPhoneOS16.5.sdk/System/Library/Frameworks/CarPlay.framework/Headers/CPTripPreviewTextConfiguration.h
2026-06-03T08:46:46.5297650Z x iPhoneOS16.5.sdk/System/Library/Frameworks/CarPlay.framework/Headers/CPDashboardController.h
2026-06-03T08:46:46.5298230Z x iPhoneOS16.5.sdk/System/Library/Frameworks/CarPlay.framework/Headers/CPTemplateApplicationScene.h
2026-06-03T08:46:46.5298730Z x iPhoneOS16.5.sdk/System/Library/Frameworks/CarPlay.framework/Headers/CPGridButton.h
2026-06-03T08:46:46.5299250Z x iPhoneOS16.5.sdk/System/Library/Frameworks/CarPlay.framework/Headers/CPInformationRatingItem.h
2026-06-03T08:46:46.5299720Z x iPhoneOS16.5.sdk/System/Library/Frameworks/CarPlay.framework/Headers/CarPlay.h
2026-06-03T08:46:46.5300260Z x iPhoneOS16.5.sdk/System/Library/Frameworks/CarPlay.framework/Headers/CPTrip.h
2026-06-03T08:46:46.5300720Z x iPhoneOS16.5.sdk/System/Library/Frameworks/CarPlay.framework/Headers/CPTravelEstimates.h
2026-06-03T08:46:46.5301250Z x iPhoneOS16.5.sdk/System/Library/Frameworks/CarPlay.framework/Headers/CPPointOfInterestTemplate.h
2026-06-03T08:46:46.5301860Z x iPhoneOS16.5.sdk/System/Library/Frameworks/CarPlay.framework/Headers/CPBarButtonProviding.h
2026-06-03T08:46:46.5302410Z x iPhoneOS16.5.sdk/System/Library/Frameworks/CarPlay.framework/Headers/CPMessageComposeBarButton.h
2026-06-03T08:46:46.5302920Z x iPhoneOS16.5.sdk/System/Library/Frameworks/CarPlay.framework/Headers/CPPointOfInterest.h
2026-06-03T08:46:46.5303480Z x iPhoneOS16.5.sdk/System/Library/Frameworks/CarPlay.framework/Headers/CPNavigationSession.h
2026-06-03T08:46:46.5304020Z x iPhoneOS16.5.sdk/System/Library/Frameworks/CarPlay.framework/Headers/CPGridTemplate.h
2026-06-03T08:46:46.5304480Z x iPhoneOS16.5.sdk/System/Library/Frameworks/CarPlay.framework/Headers/CPListItem.h
2026-06-03T08:46:46.5304940Z x iPhoneOS16.5.sdk/System/Library/Frameworks/CarPlay.framework/Headers/CPManeuver.h
2026-06-03T08:46:46.5305420Z x iPhoneOS16.5.sdk/System/Library/Frameworks/CarPlay.framework/Headers/CPNowPlayingTemplate.h
2026-06-03T08:46:46.5305890Z x iPhoneOS16.5.sdk/System/Library/Frameworks/CarPlay.framework/Headers/CPButton.h
2026-06-03T08:46:46.5306360Z x iPhoneOS16.5.sdk/System/Library/Frameworks/CarPlay.framework/Headers/CPContactTemplate.h
2026-06-03T08:46:46.5306830Z x iPhoneOS16.5.sdk/System/Library/Frameworks/CarPlay.framework/Headers/CPBarButton.h
2026-06-03T08:46:46.5307310Z x iPhoneOS16.5.sdk/System/Library/Frameworks/CarPlay.framework/Headers/CPInterfaceController.h
2026-06-03T08:46:46.5307820Z x iPhoneOS16.5.sdk/System/Library/Frameworks/CarPlay.framework/Headers/CPListImageRowItem.h
2026-06-03T08:46:46.5308330Z x iPhoneOS16.5.sdk/System/Library/Frameworks/CarPlay.framework/Headers/CPAlertTemplate.h
2026-06-03T08:46:46.5308800Z x iPhoneOS16.5.sdk/System/Library/Frameworks/CarPlay.framework/Headers/CPAlertAction.h
2026-06-03T08:46:46.5309250Z x iPhoneOS16.5.sdk/System/Library/Frameworks/CarPlay.framework/Headers/CPWindow.h
2026-06-03T08:46:46.5310610Z x iPhoneOS16.5.sdk/System/Library/Frameworks/CarPlay.framework/Headers/CPSearchTemplate.h
2026-06-03T08:46:46.5311150Z x iPhoneOS16.5.sdk/System/Library/Frameworks/CarPlay.framework/Headers/CPNowPlayingButton.h
2026-06-03T08:46:46.5311750Z x iPhoneOS16.5.sdk/System/Library/Frameworks/CarPlay.framework/Headers/CPTabBarTemplate.h
2026-06-03T08:46:46.5312380Z x iPhoneOS16.5.sdk/System/Library/Frameworks/CarPlay.framework/Headers/CPTemplateApplicationDashboardScene.h
2026-06-03T08:46:46.5312960Z x iPhoneOS16.5.sdk/System/Library/Frameworks/CarPlay.framework/Headers/CPSessionConfiguration.h
2026-06-03T08:46:46.5313450Z x iPhoneOS16.5.sdk/System/Library/Frameworks/CarPlay.framework/Headers/CPContact.h
2026-06-03T08:46:46.5313930Z x iPhoneOS16.5.sdk/System/Library/Frameworks/CarPlay.framework/Headers/CPInformationTemplate.h
2026-06-03T08:46:46.5314640Z x iPhoneOS16.5.sdk/System/Library/Frameworks/CarPlay.framework/Headers/CPTemplateApplicationInstrumentClusterScene.h
2026-06-03T08:46:46.5315180Z x iPhoneOS16.5.sdk/System/Library/Frameworks/CarPlay.framework/CarPlay.tbd
2026-06-03T08:46:46.5315570Z x iPhoneOS16.5.sdk/System/Library/Frameworks/_MusicKit_SwiftUI.framework/
2026-06-03T08:46:46.5315990Z x iPhoneOS16.5.sdk/System/Library/Frameworks/_MusicKit_SwiftUI.framework/Modules/
2026-06-03T08:46:46.5316510Z x iPhoneOS16.5.sdk/System/Library/Frameworks/_MusicKit_SwiftUI.framework/Modules/_MusicKit_SwiftUI.swiftmodule/
2026-06-03T08:46:46.5317200Z x iPhoneOS16.5.sdk/System/Library/Frameworks/_MusicKit_SwiftUI.framework/Modules/_MusicKit_SwiftUI.swiftmodule/arm64e-apple-ios.swiftdoc
2026-06-03T08:46:46.5317950Z x iPhoneOS16.5.sdk/System/Library/Frameworks/_MusicKit_SwiftUI.framework/Modules/_MusicKit_SwiftUI.swiftmodule/arm64-apple-ios.swiftdoc
2026-06-03T08:46:46.5318800Z x iPhoneOS16.5.sdk/System/Library/Frameworks/_MusicKit_SwiftUI.framework/Modules/_MusicKit_SwiftUI.swiftmodule/arm64e-apple-ios.swiftinterface
2026-06-03T08:46:46.5319750Z x iPhoneOS16.5.sdk/System/Library/Frameworks/_MusicKit_SwiftUI.framework/Modules/_MusicKit_SwiftUI.swiftmodule/arm64-apple-ios.swiftinterface
2026-06-03T08:46:46.5320420Z x iPhoneOS16.5.sdk/System/Library/Frameworks/_MusicKit_SwiftUI.framework/_MusicKit_SwiftUI.tbd
2026-06-03T08:46:46.5320940Z x iPhoneOS16.5.sdk/System/Library/Frameworks/Foundation.framework/
2026-06-03T08:46:46.5322090Z x iPhoneOS16.5.sdk/System/Library/Frameworks/Foundation.framework/Modules/
2026-06-03T08:46:46.5322560Z x iPhoneOS16.5.sdk/System/Library/Frameworks/Foundation.framework/Modules/Foundation.swiftmodule/
2026-06-03T08:46:46.5323180Z x iPhoneOS16.5.sdk/System/Library/Frameworks/Foundation.framework/Modules/Foundation.swiftmodule/arm64e-apple-ios.swiftdoc
2026-06-03T08:46:46.5323870Z x iPhoneOS16.5.sdk/System/Library/Frameworks/Foundation.framework/Modules/Foundation.swiftmodule/arm64-apple-ios.swiftdoc
2026-06-03T08:46:46.5324580Z x iPhoneOS16.5.sdk/System/Library/Frameworks/Foundation.framework/Modules/Foundation.swiftmodule/arm64e-apple-ios.swiftinterface
2026-06-03T08:46:46.5325300Z x iPhoneOS16.5.sdk/System/Library/Frameworks/Foundation.framework/Modules/Foundation.swiftmodule/arm64-apple-ios.swiftinterface
2026-06-03T08:46:46.5325910Z x iPhoneOS16.5.sdk/System/Library/Frameworks/Foundation.framework/Modules/module.modulemap
2026-06-03T08:46:46.5326360Z x iPhoneOS16.5.sdk/System/Library/Frameworks/Foundation.framework/Headers/
2026-06-03T08:46:46.5326790Z x iPhoneOS16.5.sdk/System/Library/Frameworks/Foundation.framework/Headers/NSEnumerator.h
2026-06-03T08:46:46.5327260Z x iPhoneOS16.5.sdk/System/Library/Frameworks/Foundation.framework/Headers/NSError.h
2026-06-03T08:46:46.5327840Z x iPhoneOS16.5.sdk/System/Library/Frameworks/Foundation.framework/Headers/NSISO8601DateFormatter.h
2026-06-03T08:46:46.5328350Z x iPhoneOS16.5.sdk/System/Library/Frameworks/Foundation.framework/Headers/NSMetadata.h
2026-06-03T08:46:46.5328970Z x iPhoneOS16.5.sdk/System/Library/Frameworks/Foundation.framework/Headers/NSOrderedCollectionChange.h
2026-06-03T08:46:46.5329620Z x iPhoneOS16.5.sdk/System/Library/Frameworks/Foundation.framework/Headers/NSCompoundPredicate.h
2026-06-03T08:46:46.5330150Z x iPhoneOS16.5.sdk/System/Library/Frameworks/Foundation.framework/Headers/NSExpression.h
2026-06-03T08:46:46.5330750Z x iPhoneOS16.5.sdk/System/Library/Frameworks/Foundation.framework/Headers/NSRegularExpression.h
2026-06-03T08:46:46.5331920Z x iPhoneOS16.5.sdk/System/Library/Frameworks/Foundation.framework/Headers/NSPropertyList.h
2026-06-03T08:46:46.5332480Z x iPhoneOS16.5.sdk/System/Library/Frameworks/Foundation.framework/Headers/NSProxy.h
2026-06-03T08:46:46.5333040Z x iPhoneOS16.5.sdk/System/Library/Frameworks/Foundation.framework/Headers/NSMethodSignature.h
2026-06-03T08:46:46.5333560Z x iPhoneOS16.5.sdk/System/Library/Frameworks/Foundation.framework/Headers/NSCharacterSet.h
2026-06-03T08:46:46.5334140Z x iPhoneOS16.5.sdk/System/Library/Frameworks/Foundation.framework/Headers/NSFileHandle.h
2026-06-03T08:46:46.5334920Z x iPhoneOS16.5.sdk/System/Library/Frameworks/Foundation.framework/Headers/NSObjCRuntime.h
2026-06-03T08:46:46.5335460Z x iPhoneOS16.5.sdk/System/Library/Frameworks/Foundation.framework/Headers/NSMeasurement.h
2026-06-03T08:46:46.5335920Z x iPhoneOS16.5.sdk/System/Library/Frameworks/Foundation.framework/Headers/NSDate.h
2026-06-03T08:46:46.5336360Z x iPhoneOS16.5.sdk/System/Library/Frameworks/Foundation.framework/Headers/NSLock.h
2026-06-03T08:46:46.5336830Z x iPhoneOS16.5.sdk/System/Library/Frameworks/Foundation.framework/Headers/NSListFormatter.h
2026-06-03T08:46:46.5337400Z x iPhoneOS16.5.sdk/System/Library/Frameworks/Foundation.framework/Headers/NSOrderedSet.h
2026-06-03T08:46:46.5337880Z x iPhoneOS16.5.sdk/System/Library/Frameworks/Foundation.framework/Headers/NSCache.h
2026-06-03T08:46:46.5338350Z x iPhoneOS16.5.sdk/System/Library/Frameworks/Foundation.framework/Headers/NSURLError.h
2026-06-03T08:46:46.5338960Z x iPhoneOS16.5.sdk/System/Library/Frameworks/Foundation.framework/Headers/NSMetadataAttributes.h
2026-06-03T08:46:46.5339520Z x iPhoneOS16.5.sdk/System/Library/Frameworks/Foundation.framework/Headers/NSDateInterval.h
2026-06-03T08:46:46.5340040Z x iPhoneOS16.5.sdk/System/Library/Frameworks/Foundation.framework/Headers/NSValueTransformer.h
2026-06-03T08:46:46.5340540Z x iPhoneOS16.5.sdk/System/Library/Frameworks/Foundation.framework/Headers/NSDictionary.h
2026-06-03T08:46:46.5341110Z x iPhoneOS16.5.sdk/System/Library/Frameworks/Foundation.framework/Headers/FoundationLegacySwiftCompatibility.h
2026-06-03T08:46:46.5342620Z x iPhoneOS16.5.sdk/System/Library/Frameworks/Foundation.framework/Headers/NSHTTPCookieStorage.h
2026-06-03T08:46:46.5343190Z x iPhoneOS16.5.sdk/System/Library/Frameworks/Foundation.framework/Headers/NSMeasurementFormatter.h
2026-06-03T08:46:46.5343810Z x iPhoneOS16.5.sdk/System/Library/Frameworks/Foundation.framework/Headers/NSURLCredential.h
2026-06-03T08:46:46.5344420Z x iPhoneOS16.5.sdk/System/Library/Frameworks/Foundation.framework/Headers/NSDateIntervalFormatter.h
2026-06-03T08:46:46.5344940Z x iPhoneOS16.5.sdk/System/Library/Frameworks/Foundation.framework/Headers/NSInvocation.h
2026-06-03T08:46:46.5345440Z x iPhoneOS16.5.sdk/System/Library/Frameworks/Foundation.framework/Headers/NSAttributedString.h
2026-06-03T08:46:46.5346070Z x iPhoneOS16.5.sdk/System/Library/Frameworks/Foundation.framework/Headers/NSComparisonPredicate.h
2026-06-03T08:46:46.5346690Z x iPhoneOS16.5.sdk/System/Library/Frameworks/Foundation.framework/Headers/NSByteCountFormatter.h
2026-06-03T08:46:46.5347180Z x iPhoneOS16.5.sdk/System/Library/Frameworks/Foundation.framework/Headers/NSRange.h
2026-06-03T08:46:46.5347640Z x iPhoneOS16.5.sdk/System/Library/Frameworks/Foundation.framework/Headers/NSProcessInfo.h
2026-06-03T08:46:46.5348150Z x iPhoneOS16.5.sdk/System/Library/Frameworks/Foundation.framework/Headers/NSTextCheckingResult.h
2026-06-03T08:46:46.5348640Z x iPhoneOS16.5.sdk/System/Library/Frameworks/Foundation.framework/Headers/NSDecimal.h
2026-06-03T08:46:46.5349110Z x iPhoneOS16.5.sdk/System/Library/Frameworks/Foundation.framework/Headers/NSCalendar.h
2026-06-03T08:46:46.5349560Z x iPhoneOS16.5.sdk/System/Library/Frameworks/Foundation.framework/Headers/NSData.h
2026-06-03T08:46:46.5350020Z x iPhoneOS16.5.sdk/System/Library/Frameworks/Foundation.framework/Headers/NSTimer.h
2026-06-03T08:46:46.5350470Z x iPhoneOS16.5.sdk/System/Library/Frameworks/Foundation.framework/Headers/NSUnit.h
2026-06-03T08:46:46.5350990Z x iPhoneOS16.5.sdk/System/Library/Frameworks/Foundation.framework/Headers/NSUbiquitousKeyValueStore.h
2026-06-03T08:46:46.5352200Z x iPhoneOS16.5.sdk/System/Library/Frameworks/Foundation.framework/Headers/NSLinguisticTagger.h
2026-06-03T08:46:46.5352790Z x iPhoneOS16.5.sdk/System/Library/Frameworks/Foundation.framework/Headers/NSString.h
2026-06-03T08:46:46.5353340Z x iPhoneOS16.5.sdk/System/Library/Frameworks/Foundation.framework/Headers/NSPersonNameComponentsFormatter.h
2026-06-03T08:46:46.5354030Z x iPhoneOS16.5.sdk/System/Library/Frameworks/Foundation.framework/Headers/NSKeyValueCoding.h
2026-06-03T08:46:46.5354710Z x iPhoneOS16.5.sdk/System/Library/Frameworks/Foundation.framework/Headers/NSZone.h
2026-06-03T08:46:46.5355210Z x iPhoneOS16.5.sdk/System/Library/Frameworks/Foundation.framework/Headers/NSNumberFormatter.h
2026-06-03T08:46:46.5355850Z x iPhoneOS16.5.sdk/System/Library/Frameworks/Foundation.framework/Headers/NSDateComponentsFormatter.h
2026-06-03T08:46:46.5356390Z x iPhoneOS16.5.sdk/System/Library/Frameworks/Foundation.framework/Headers/NSExtensionItem.h
2026-06-03T08:46:46.5356910Z x iPhoneOS16.5.sdk/System/Library/Frameworks/Foundation.framework/Headers/FoundationErrors.h
2026-06-03T08:46:46.5358250Z x iPhoneOS16.5.sdk/System/Library/Frameworks/Foundation.framework/Headers/NSPersonNameComponents.h
2026-06-03T08:46:46.5358750Z x iPhoneOS16.5.sdk/System/Library/Frameworks/Foundation.framework/Headers/NSArray.h
2026-06-03T08:46:46.5359270Z x iPhoneOS16.5.sdk/System/Library/Frameworks/Foundation.framework/Headers/NSExtensionRequestHandling.h
2026-06-03T08:46:46.5360020Z x iPhoneOS16.5.sdk/System/Library/Frameworks/Foundation.framework/Headers/NSValue.h
2026-06-03T08:46:46.5360500Z x iPhoneOS16.5.sdk/System/Library/Frameworks/Foundation.framework/Headers/NSUserDefaults.h
2026-06-03T08:46:46.5360980Z x iPhoneOS16.5.sdk/System/Library/Frameworks/Foundation.framework/Headers/NSStream.h
2026-06-03T08:46:46.5361450Z x iPhoneOS16.5.sdk/System/Library/Frameworks/Foundation.framework/Headers/NSUUID.h
2026-06-03T08:46:46.5361920Z x iPhoneOS16.5.sdk/System/Library/Frameworks/Foundation.framework/Headers/NSEnergyFormatter.h
2026-06-03T08:46:46.5362430Z x iPhoneOS16.5.sdk/System/Library/Frameworks/Foundation.framework/Headers/NSException.h
2026-06-03T08:46:46.5362930Z x iPhoneOS16.5.sdk/System/Library/Frameworks/Foundation.framework/Headers/NSAutoreleasePool.h
2026-06-03T08:46:46.5364190Z x iPhoneOS16.5.sdk/System/Library/Frameworks/Foundation.framework/Headers/NSIndexSet.h
2026-06-03T08:46:46.5364670Z x iPhoneOS16.5.sdk/System/Library/Frameworks/Foundation.framework/Headers/NSXMLParser.h
2026-06-03T08:46:46.5365140Z x iPhoneOS16.5.sdk/System/Library/Frameworks/Foundation.framework/Headers/NSLocale.h
2026-06-03T08:46:46.5365620Z x iPhoneOS16.5.sdk/System/Library/Frameworks/Foundation.framework/Headers/NSInflectionRule.h
2026-06-03T08:46:46.5366120Z x iPhoneOS16.5.sdk/System/Library/Frameworks/Foundation.framework/Headers/NSItemProvider.h
2026-06-03T08:46:46.5366630Z x iPhoneOS16.5.sdk/System/Library/Frameworks/Foundation.framework/Headers/NSFilePresenter.h
2026-06-03T08:46:46.5367140Z x iPhoneOS16.5.sdk/System/Library/Frameworks/Foundation.framework/Headers/NSPointerFunctions.h
2026-06-03T08:46:46.5367620Z x iPhoneOS16.5.sdk/System/Library/Frameworks/Foundation.framework/Headers/NSNull.h
2026-06-03T08:46:46.5368100Z x iPhoneOS16.5.sdk/System/Library/Frameworks/Foundation.framework/Headers/NSJSONSerialization.h
2026-06-03T08:46:46.5368600Z x iPhoneOS16.5.sdk/System/Library/Frameworks/Foundation.framework/Headers/NSObject.h
2026-06-03T08:46:46.5369100Z x iPhoneOS16.5.sdk/System/Library/Frameworks/Foundation.framework/Headers/NSKeyValueObserving.h
2026-06-03T08:46:46.5369600Z x iPhoneOS16.5.sdk/System/Library/Frameworks/Foundation.framework/Headers/NSByteOrder.h
2026-06-03T08:46:46.5370100Z x iPhoneOS16.5.sdk/System/Library/Frameworks/Foundation.framework/Headers/NSPathUtilities.h
2026-06-03T08:46:46.5370600Z x iPhoneOS16.5.sdk/System/Library/Frameworks/Foundation.framework/Headers/NSNotification.h
2026-06-03T08:46:46.5371080Z x iPhoneOS16.5.sdk/System/Library/Frameworks/Foundation.framework/Headers/NSHTTPCookie.h
2026-06-03T08:46:46.5371560Z x iPhoneOS16.5.sdk/System/Library/Frameworks/Foundation.framework/Headers/NSProgress.h
2026-06-03T08:46:46.5372080Z x iPhoneOS16.5.sdk/System/Library/Frameworks/Foundation.framework/Headers/NSLengthFormatter.h
2026-06-03T08:46:46.5372630Z x iPhoneOS16.5.sdk/System/Library/Frameworks/Foundation.framework/Headers/NSItemProviderReadingWriting.h
2026-06-03T08:46:46.5373170Z x iPhoneOS16.5.sdk/System/Library/Frameworks/Foundation.framework/Headers/NSRunLoop.h
2026-06-03T08:46:46.5373900Z x iPhoneOS16.5.sdk/System/Library/Frameworks/Foundation.framework/Headers/NSDecimalNumber.h
2026-06-03T08:46:46.5374450Z x iPhoneOS16.5.sdk/System/Library/Frameworks/Foundation.framework/Headers/NSTimeZone.h
2026-06-03T08:46:46.5374980Z x iPhoneOS16.5.sdk/System/Library/Frameworks/Foundation.framework/Headers/NSURLProtectionSpace.h
2026-06-03T08:46:46.5375490Z x iPhoneOS16.5.sdk/System/Library/Frameworks/Foundation.framework/Headers/NSIndexPath.h
2026-06-03T08:46:46.5375970Z x iPhoneOS16.5.sdk/System/Library/Frameworks/Foundation.framework/Headers/NSURLCache.h
2026-06-03T08:46:46.5376420Z x iPhoneOS16.5.sdk/System/Library/Frameworks/Foundation.framework/Headers/NSPort.h
2026-06-03T08:46:46.5376890Z x iPhoneOS16.5.sdk/System/Library/Frameworks/Foundation.framework/Headers/NSMorphology.h
2026-06-03T08:46:46.5377410Z x iPhoneOS16.5.sdk/System/Library/Frameworks/Foundation.framework/Headers/NSURLCredentialStorage.h
2026-06-03T08:46:46.5378020Z x iPhoneOS16.5.sdk/System/Library/Frameworks/Foundation.framework/Headers/NSXPCConnection.h
2026-06-03T08:46:46.5378580Z x iPhoneOS16.5.sdk/System/Library/Frameworks/Foundation.framework/Headers/NSOrderedCollectionDifference.h
2026-06-03T08:46:46.5379140Z x iPhoneOS16.5.sdk/System/Library/Frameworks/Foundation.framework/Headers/Foundation.apinotes
2026-06-03T08:46:46.5379660Z x iPhoneOS16.5.sdk/System/Library/Frameworks/Foundation.framework/Headers/NSURLResponse.h
2026-06-03T08:46:46.5380130Z x iPhoneOS16.5.sdk/System/Library/Frameworks/Foundation.framework/Headers/NSBundle.h
2026-06-03T08:46:46.5380670Z x iPhoneOS16.5.sdk/System/Library/Frameworks/Foundation.framework/Headers/NSFileVersion.h
2026-06-03T08:46:46.5381170Z x iPhoneOS16.5.sdk/System/Library/Frameworks/Foundation.framework/Headers/NSOrthography.h
2026-06-03T08:46:46.5381640Z x iPhoneOS16.5.sdk/System/Library/Frameworks/Foundation.framework/Headers/NSNetServices.h
2026-06-03T08:46:46.5382130Z x iPhoneOS16.5.sdk/System/Library/Frameworks/Foundation.framework/Headers/NSFileWrapper.h
2026-06-03T08:46:46.5382610Z x iPhoneOS16.5.sdk/System/Library/Frameworks/Foundation.framework/Headers/NSSet.h
2026-06-03T08:46:46.5383070Z x iPhoneOS16.5.sdk/System/Library/Frameworks/Foundation.framework/Headers/NSDateFormatter.h
2026-06-03T08:46:46.5383560Z x iPhoneOS16.5.sdk/System/Library/Frameworks/Foundation.framework/Headers/NSUserActivity.h
2026-06-03T08:46:46.5384050Z x iPhoneOS16.5.sdk/System/Library/Frameworks/Foundation.framework/Headers/NSURLSession.h
2026-06-03T08:46:46.5384600Z x iPhoneOS16.5.sdk/System/Library/Frameworks/Foundation.framework/Headers/NSPointerArray.h
2026-06-03T08:46:46.5385090Z x iPhoneOS16.5.sdk/System/Library/Frameworks/Foundation.framework/Headers/NSOperation.h
2026-06-03T08:46:46.5385570Z x iPhoneOS16.5.sdk/System/Library/Frameworks/Foundation.framework/Headers/NSUndoManager.h
2026-06-03T08:46:46.5386040Z x iPhoneOS16.5.sdk/System/Library/Frameworks/Foundation.framework/Headers/NSScanner.h
2026-06-03T08:46:46.5386530Z x iPhoneOS16.5.sdk/System/Library/Frameworks/Foundation.framework/Headers/NSExtensionContext.h
2026-06-03T08:46:46.5388270Z x iPhoneOS16.5.sdk/System/Library/Frameworks/Foundation.framework/Headers/NSPredicate.h
2026-06-03T08:46:46.5388800Z x iPhoneOS16.5.sdk/System/Library/Frameworks/Foundation.framework/Headers/NSCoder.h
2026-06-03T08:46:46.5389270Z x iPhoneOS16.5.sdk/System/Library/Frameworks/Foundation.framework/Headers/NSMassFormatter.h
2026-06-03T08:46:46.5390480Z x iPhoneOS16.5.sdk/System/Library/Frameworks/Foundation.framework/Headers/Foundation.h
2026-06-03T08:46:46.5391130Z x iPhoneOS16.5.sdk/System/Library/Frameworks/Foundation.framework/Headers/NSFileCoordinator.h
2026-06-03T08:46:46.5391750Z x iPhoneOS16.5.sdk/System/Library/Frameworks/Foundation.framework/Headers/NSRelativeDateTimeFormatter.h
2026-06-03T08:46:46.5392440Z x iPhoneOS16.5.sdk/System/Library/Frameworks/Foundation.framework/Headers/NSNotificationQueue.h
2026-06-03T08:46:46.5393060Z x iPhoneOS16.5.sdk/System/Library/Frameworks/Foundation.framework/Headers/NSURLRequest.h
2026-06-03T08:46:46.5393700Z x iPhoneOS16.5.sdk/System/Library/Frameworks/Foundation.framework/Headers/NSURLAuthenticationChallenge.h
2026-06-03T08:46:46.5394230Z x iPhoneOS16.5.sdk/System/Library/Frameworks/Foundation.framework/Headers/NSThread.h
2026-06-03T08:46:46.5394690Z x iPhoneOS16.5.sdk/System/Library/Frameworks/Foundation.framework/Headers/NSFormatter.h
2026-06-03T08:46:46.5395160Z x iPhoneOS16.5.sdk/System/Library/Frameworks/Foundation.framework/Headers/NSHashTable.h
2026-06-03T08:46:46.5395640Z x iPhoneOS16.5.sdk/System/Library/Frameworks/Foundation.framework/Headers/NSFileManager.h
2026-06-03T08:46:46.5396130Z x iPhoneOS16.5.sdk/System/Library/Frameworks/Foundation.framework/Headers/NSURLProtocol.h
2026-06-03T08:46:46.5396600Z x iPhoneOS16.5.sdk/System/Library/Frameworks/Foundation.framework/Headers/NSURL.h
2026-06-03T08:46:46.5397080Z x iPhoneOS16.5.sdk/System/Library/Frameworks/Foundation.framework/Headers/NSKeyedArchiver.h
2026-06-03T08:46:46.5397680Z x iPhoneOS16.5.sdk/System/Library/Frameworks/Foundation.framework/Headers/NSSortDescriptor.h
2026-06-03T08:46:46.5398190Z x iPhoneOS16.5.sdk/System/Library/Frameworks/Foundation.framework/Headers/NSMapTable.h
2026-06-03T08:46:46.5398710Z x iPhoneOS16.5.sdk/System/Library/Frameworks/Foundation.framework/Headers/NSURLConnection.h
2026-06-03T08:46:46.5399190Z x iPhoneOS16.5.sdk/System/Library/Frameworks/Foundation.framework/Foundation.tbd
2026-06-03T08:46:46.5399680Z x iPhoneOS16.5.sdk/System/Library/Frameworks/QuickLookThumbnailing.framework/
2026-06-03T08:46:46.5400130Z x iPhoneOS16.5.sdk/System/Library/Frameworks/QuickLookThumbnailing.framework/Modules/
2026-06-03T08:46:46.5400650Z x iPhoneOS16.5.sdk/System/Library/Frameworks/QuickLookThumbnailing.framework/Modules/module.modulemap
2026-06-03T08:46:46.5401180Z x iPhoneOS16.5.sdk/System/Library/Frameworks/QuickLookThumbnailing.framework/Headers/
2026-06-03T08:46:46.5401720Z x iPhoneOS16.5.sdk/System/Library/Frameworks/QuickLookThumbnailing.framework/Headers/QLThumbnailProvider.h
2026-06-03T08:46:46.5402340Z x iPhoneOS16.5.sdk/System/Library/Frameworks/QuickLookThumbnailing.framework/Headers/QLThumbnailGenerator.h
2026-06-03T08:46:46.5402970Z x iPhoneOS16.5.sdk/System/Library/Frameworks/QuickLookThumbnailing.framework/Headers/QLThumbnailRequest.h
2026-06-03T08:46:46.5403750Z x iPhoneOS16.5.sdk/System/Library/Frameworks/QuickLookThumbnailing.framework/Headers/QLThumbnailRepresentation.h
2026-06-03T08:46:46.5404510Z x iPhoneOS16.5.sdk/System/Library/Frameworks/QuickLookThumbnailing.framework/Headers/QLThumbnailingBase.h
2026-06-03T08:46:46.5405160Z x iPhoneOS16.5.sdk/System/Library/Frameworks/QuickLookThumbnailing.framework/Headers/QLThumbnailGenerationRequest.h
2026-06-03T08:46:46.5406120Z x iPhoneOS16.5.sdk/System/Library/Frameworks/QuickLookThumbnailing.framework/Headers/QuickLookThumbnailing.h
2026-06-03T08:46:46.5406730Z x iPhoneOS16.5.sdk/System/Library/Frameworks/QuickLookThumbnailing.framework/Headers/QLThumbnailReply.h
2026-06-03T08:46:46.5407370Z x iPhoneOS16.5.sdk/System/Library/Frameworks/QuickLookThumbnailing.framework/Headers/QLThumbnailErrors.h
2026-06-03T08:46:46.5407960Z x iPhoneOS16.5.sdk/System/Library/Frameworks/QuickLookThumbnailing.framework/QuickLookThumbnailing.tbd
2026-06-03T08:46:46.5408480Z x iPhoneOS16.5.sdk/System/Library/Frameworks/AppTrackingTransparency.framework/
2026-06-03T08:46:46.5408960Z x iPhoneOS16.5.sdk/System/Library/Frameworks/AppTrackingTransparency.framework/Modules/
2026-06-03T08:46:46.5409510Z x iPhoneOS16.5.sdk/System/Library/Frameworks/AppTrackingTransparency.framework/Modules/module.modulemap
2026-06-03T08:46:46.5410050Z x iPhoneOS16.5.sdk/System/Library/Frameworks/AppTrackingTransparency.framework/Headers/
2026-06-03T08:46:46.5410690Z x iPhoneOS16.5.sdk/System/Library/Frameworks/AppTrackingTransparency.framework/Headers/AppTrackingTransparency.h
2026-06-03T08:46:46.5411320Z x iPhoneOS16.5.sdk/System/Library/Frameworks/AppTrackingTransparency.framework/Headers/ATTrackingManager.h
2026-06-03T08:46:46.5411950Z x iPhoneOS16.5.sdk/System/Library/Frameworks/AppTrackingTransparency.framework/AppTrackingTransparency.tbd
2026-06-03T08:46:46.5412840Z x iPhoneOS16.5.sdk/System/Library/Frameworks/CoreHaptics.framework/
2026-06-03T08:46:46.5413370Z x iPhoneOS16.5.sdk/System/Library/Frameworks/CoreHaptics.framework/Modules/
2026-06-03T08:46:46.5413820Z x iPhoneOS16.5.sdk/System/Library/Frameworks/CoreHaptics.framework/Modules/module.modulemap
2026-06-03T08:46:46.5414300Z x iPhoneOS16.5.sdk/System/Library/Frameworks/CoreHaptics.framework/CoreHaptics.tbd
2026-06-03T08:46:46.5414730Z x iPhoneOS16.5.sdk/System/Library/Frameworks/CoreHaptics.framework/Headers/
2026-06-03T08:46:46.5415180Z x iPhoneOS16.5.sdk/System/Library/Frameworks/CoreHaptics.framework/Headers/CHHapticEngine.h
2026-06-03T08:46:46.5415780Z x iPhoneOS16.5.sdk/System/Library/Frameworks/CoreHaptics.framework/Headers/CHHapticErrors.h
2026-06-03T08:46:46.5416330Z x iPhoneOS16.5.sdk/System/Library/Frameworks/CoreHaptics.framework/Headers/CHHapticPatternPlayer.h
2026-06-03T08:46:46.5416970Z x iPhoneOS16.5.sdk/System/Library/Frameworks/CoreHaptics.framework/Headers/CoreHaptics.apinotes
2026-06-03T08:46:46.5417490Z x iPhoneOS16.5.sdk/System/Library/Frameworks/CoreHaptics.framework/Headers/CHHapticPattern.h
2026-06-03T08:46:46.5418000Z x iPhoneOS16.5.sdk/System/Library/Frameworks/CoreHaptics.framework/Headers/CHHapticEvent.h
2026-06-03T08:46:46.5418550Z x iPhoneOS16.5.sdk/System/Library/Frameworks/CoreHaptics.framework/Headers/CHHapticParameter.h
2026-06-03T08:46:46.5419130Z x iPhoneOS16.5.sdk/System/Library/Frameworks/CoreHaptics.framework/Headers/CoreHaptics.h
2026-06-03T08:46:46.5420500Z x iPhoneOS16.5.sdk/System/Library/Frameworks/CoreHaptics.framework/Headers/CHHapticDeviceCapability.h
2026-06-03T08:46:46.5421100Z x iPhoneOS16.5.sdk/System/Library/Frameworks/SensorKit.framework/
2026-06-03T08:46:46.5421490Z x iPhoneOS16.5.sdk/System/Library/Frameworks/SensorKit.framework/Modules/
2026-06-03T08:46:46.5421950Z x iPhoneOS16.5.sdk/System/Library/Frameworks/SensorKit.framework/Modules/module.modulemap
2026-06-03T08:46:46.5422480Z x iPhoneOS16.5.sdk/System/Library/Frameworks/SensorKit.framework/Headers/
2026-06-03T08:46:46.5422920Z x iPhoneOS16.5.sdk/System/Library/Frameworks/SensorKit.framework/Headers/SRFetchResult.h
2026-06-03T08:46:46.5423410Z x iPhoneOS16.5.sdk/System/Library/Frameworks/SensorKit.framework/Headers/SRMediaEvent.h
2026-06-03T08:46:46.5423900Z x iPhoneOS16.5.sdk/System/Library/Frameworks/SensorKit.framework/Headers/SRDeletionRecord.h
2026-06-03T08:46:46.5424410Z x iPhoneOS16.5.sdk/System/Library/Frameworks/SensorKit.framework/Headers/SRKeyboardMetrics.h
2026-06-03T08:46:46.5424910Z x iPhoneOS16.5.sdk/System/Library/Frameworks/SensorKit.framework/Headers/SRFetchRequest.h
2026-06-03T08:46:46.5425410Z x iPhoneOS16.5.sdk/System/Library/Frameworks/SensorKit.framework/Headers/SRWristDetection.h
2026-06-03T08:46:46.5425890Z x iPhoneOS16.5.sdk/System/Library/Frameworks/SensorKit.framework/Headers/SRVisit.h
2026-06-03T08:46:46.5426390Z x iPhoneOS16.5.sdk/System/Library/Frameworks/SensorKit.framework/Headers/SRDeviceUsageCategories.h
2026-06-03T08:46:46.5426920Z x iPhoneOS16.5.sdk/System/Library/Frameworks/SensorKit.framework/Headers/SRSensorReader.h
2026-06-03T08:46:46.5427480Z x iPhoneOS16.5.sdk/System/Library/Frameworks/SensorKit.framework/Headers/SRError.h
2026-06-03T08:46:46.5427940Z x iPhoneOS16.5.sdk/System/Library/Frameworks/SensorKit.framework/Headers/SRAbsoluteTime.h
2026-06-03T08:46:46.5428490Z x iPhoneOS16.5.sdk/System/Library/Frameworks/SensorKit.framework/Headers/SensorKit.h
2026-06-03T08:46:46.5428950Z x iPhoneOS16.5.sdk/System/Library/Frameworks/SensorKit.framework/Headers/SRDefines.h
2026-06-03T08:46:46.5429530Z x iPhoneOS16.5.sdk/System/Library/Frameworks/SensorKit.framework/Headers/SRAmbientLightSample.h
2026-06-03T08:46:46.5430130Z x iPhoneOS16.5.sdk/System/Library/Frameworks/SensorKit.framework/Headers/SRDevice.h
2026-06-03T08:46:46.5430900Z x iPhoneOS16.5.sdk/System/Library/Frameworks/SensorKit.framework/Headers/SRAuthorization.h
2026-06-03T08:46:46.5431510Z x iPhoneOS16.5.sdk/System/Library/Frameworks/SensorKit.framework/Headers/SRUsageReports.h
2026-06-03T08:46:46.5432260Z x iPhoneOS16.5.sdk/System/Library/Frameworks/SensorKit.framework/Headers/SRSensors+SRDeletionRecord.h
2026-06-03T08:46:46.5432850Z x iPhoneOS16.5.sdk/System/Library/Frameworks/SensorKit.framework/Headers/SensorKit.apinotes
2026-06-03T08:46:46.5433360Z x iPhoneOS16.5.sdk/System/Library/Frameworks/SensorKit.framework/Headers/SRSensors.h
2026-06-03T08:46:46.5433870Z x iPhoneOS16.5.sdk/System/Library/Frameworks/SensorKit.framework/Headers/NSDate+SensorKit.h
2026-06-03T08:46:46.5440710Z x iPhoneOS16.5.sdk/System/Library/Frameworks/SensorKit.framework/SensorKit.tbd
2026-06-03T08:46:46.5441090Z x iPhoneOS16.5.sdk/System/Library/Frameworks/ARKit.framework/
2026-06-03T08:46:46.5441440Z x iPhoneOS16.5.sdk/System/Library/Frameworks/ARKit.framework/Modules/
2026-06-03T08:46:46.5441860Z x iPhoneOS16.5.sdk/System/Library/Frameworks/ARKit.framework/Modules/module.modulemap
2026-06-03T08:46:46.5443070Z x iPhoneOS16.5.sdk/System/Library/Frameworks/ARKit.framework/Headers/
2026-06-03T08:46:46.5443870Z x iPhoneOS16.5.sdk/System/Library/Frameworks/ARKit.framework/Headers/ARCollaborationData.h
2026-06-03T08:46:46.5444380Z x iPhoneOS16.5.sdk/System/Library/Frameworks/ARKit.framework/Headers/ARMeshAnchor.h
2026-06-03T08:46:46.5444880Z x iPhoneOS16.5.sdk/System/Library/Frameworks/ARKit.framework/Headers/ARTrackingStatusTypes.h
2026-06-03T08:46:46.5445400Z x iPhoneOS16.5.sdk/System/Library/Frameworks/ARKit.framework/Headers/ARKitUI.h
2026-06-03T08:46:46.5445830Z x iPhoneOS16.5.sdk/System/Library/Frameworks/ARKit.framework/Headers/ARKit.h
2026-06-03T08:46:46.5446240Z x iPhoneOS16.5.sdk/System/Library/Frameworks/ARKit.framework/Headers/ARSCNView.h
2026-06-03T08:46:46.5446690Z x iPhoneOS16.5.sdk/System/Library/Frameworks/ARKit.framework/Headers/ARRaycastResult.h
2026-06-03T08:46:46.5447150Z x iPhoneOS16.5.sdk/System/Library/Frameworks/ARKit.framework/Headers/ARHitTestResult.h
2026-06-03T08:46:46.5447630Z x iPhoneOS16.5.sdk/System/Library/Frameworks/ARKit.framework/Headers/ARSkeletonDefinition.h
2026-06-03T08:46:46.5448150Z x iPhoneOS16.5.sdk/System/Library/Frameworks/ARKit.framework/Headers/ARCoachingOverlayView.h
2026-06-03T08:46:46.5448620Z x iPhoneOS16.5.sdk/System/Library/Frameworks/ARKit.framework/Headers/ARGeoAnchor.h
2026-06-03T08:46:46.5449070Z x iPhoneOS16.5.sdk/System/Library/Frameworks/ARKit.framework/Headers/ARFaceAnchor.h
2026-06-03T08:46:46.5449520Z x iPhoneOS16.5.sdk/System/Library/Frameworks/ARKit.framework/Headers/ARSession.h
2026-06-03T08:46:46.5450000Z x iPhoneOS16.5.sdk/System/Library/Frameworks/ARKit.framework/Headers/ARQuickLookPreviewItem.h
2026-06-03T08:46:46.5450480Z x iPhoneOS16.5.sdk/System/Library/Frameworks/ARKit.framework/Headers/ARPlaneAnchor.h
2026-06-03T08:46:46.5450940Z x iPhoneOS16.5.sdk/System/Library/Frameworks/ARKit.framework/Headers/ARMeshGeometry.h
2026-06-03T08:46:46.5451400Z x iPhoneOS16.5.sdk/System/Library/Frameworks/ARKit.framework/Headers/ARRaycastQuery.h
2026-06-03T08:46:46.5452350Z x iPhoneOS16.5.sdk/System/Library/Frameworks/ARKit.framework/Headers/ARPlaneGeometry.h
2026-06-03T08:46:46.5452840Z x iPhoneOS16.5.sdk/System/Library/Frameworks/ARKit.framework/Headers/ARAppClipCodeAnchor.h
2026-06-03T08:46:46.5453310Z x iPhoneOS16.5.sdk/System/Library/Frameworks/ARKit.framework/Headers/ARCamera.h
2026-06-03T08:46:46.5453770Z x iPhoneOS16.5.sdk/System/Library/Frameworks/ARKit.framework/Headers/ARParticipantAnchor.h
2026-06-03T08:46:46.5454260Z x iPhoneOS16.5.sdk/System/Library/Frameworks/ARKit.framework/Headers/ARReferenceImage.h
2026-06-03T08:46:46.5454770Z x iPhoneOS16.5.sdk/System/Library/Frameworks/ARKit.framework/Headers/AREnvironmentProbeAnchor.h
2026-06-03T08:46:46.5455270Z x iPhoneOS16.5.sdk/System/Library/Frameworks/ARKit.framework/Headers/ARConfiguration.h
2026-06-03T08:46:46.5455710Z x iPhoneOS16.5.sdk/System/Library/Frameworks/ARKit.framework/Headers/ARError.h
2026-06-03T08:46:46.5456160Z x iPhoneOS16.5.sdk/System/Library/Frameworks/ARKit.framework/Headers/ARImageAnchor.h
2026-06-03T08:46:46.5456610Z x iPhoneOS16.5.sdk/System/Library/Frameworks/ARKit.framework/Headers/ARFaceGeometry.h
2026-06-03T08:46:46.5457190Z x iPhoneOS16.5.sdk/System/Library/Frameworks/ARKit.framework/Headers/ARTrackedRaycast.h
2026-06-03T08:46:46.5457640Z x iPhoneOS16.5.sdk/System/Library/Frameworks/ARKit.framework/Headers/ARFrame.h
2026-06-03T08:46:46.5458080Z x iPhoneOS16.5.sdk/System/Library/Frameworks/ARKit.framework/Headers/ARMatteGenerator.h
2026-06-03T08:46:46.5458550Z x iPhoneOS16.5.sdk/System/Library/Frameworks/ARKit.framework/Headers/ARPointCloud.h
2026-06-03T08:46:46.5459010Z x iPhoneOS16.5.sdk/System/Library/Frameworks/ARKit.framework/Headers/ARLightEstimate.h
2026-06-03T08:46:46.5459460Z x iPhoneOS16.5.sdk/System/Library/Frameworks/ARKit.framework/Headers/ARSKView.h
2026-06-03T08:46:46.5459940Z x iPhoneOS16.5.sdk/System/Library/Frameworks/ARKit.framework/Headers/ARPlaneDetectionTypes.h
2026-06-03T08:46:46.5460430Z x iPhoneOS16.5.sdk/System/Library/Frameworks/ARKit.framework/Headers/ARObjectAnchor.h
2026-06-03T08:46:46.5460950Z x iPhoneOS16.5.sdk/System/Library/Frameworks/ARKit.framework/Headers/ARKitCore.h
2026-06-03T08:46:46.5461410Z x iPhoneOS16.5.sdk/System/Library/Frameworks/ARKit.framework/Headers/ARBodyAnchor.h
2026-06-03T08:46:46.5462540Z x iPhoneOS16.5.sdk/System/Library/Frameworks/ARKit.framework/Headers/ARVideoFormat.h
2026-06-03T08:46:46.5463010Z x iPhoneOS16.5.sdk/System/Library/Frameworks/ARKit.framework/Headers/ARSCNFaceGeometry.h
2026-06-03T08:46:46.5463470Z x iPhoneOS16.5.sdk/System/Library/Frameworks/ARKit.framework/Headers/ARWorldMap.h
2026-06-03T08:46:46.5463960Z x iPhoneOS16.5.sdk/System/Library/Frameworks/ARKit.framework/Headers/ARReferenceObject.h
2026-06-03T08:46:46.5464410Z x iPhoneOS16.5.sdk/System/Library/Frameworks/ARKit.framework/Headers/ARAnchor.h
2026-06-03T08:46:46.5464840Z x iPhoneOS16.5.sdk/System/Library/Frameworks/ARKit.framework/Headers/ARSkeleton.h
2026-06-03T08:46:46.5465300Z x iPhoneOS16.5.sdk/System/Library/Frameworks/ARKit.framework/Headers/ARGeoTrackingTypes.h
2026-06-03T08:46:46.5465780Z x iPhoneOS16.5.sdk/System/Library/Frameworks/ARKit.framework/Headers/ARDepthData.h
2026-06-03T08:46:46.5466250Z x iPhoneOS16.5.sdk/System/Library/Frameworks/ARKit.framework/Headers/ARSCNPlaneGeometry.h
2026-06-03T08:46:46.5466700Z x iPhoneOS16.5.sdk/System/Library/Frameworks/ARKit.framework/Headers/ARBody2D.h
2026-06-03T08:46:46.5467140Z x iPhoneOS16.5.sdk/System/Library/Frameworks/ARKit.framework/Headers/ARKitFoundation.h
2026-06-03T08:46:46.5467570Z x iPhoneOS16.5.sdk/System/Library/Frameworks/ARKit.framework/ARKit.tbd
2026-06-03T08:46:46.5468310Z x iPhoneOS16.5.sdk/System/Library/Frameworks/CoreServices.framework/
2026-06-03T08:46:46.5468830Z x iPhoneOS16.5.sdk/System/Library/Frameworks/CoreServices.framework/Modules/
2026-06-03T08:46:46.5469490Z x iPhoneOS16.5.sdk/System/Library/Frameworks/CoreServices.framework/Modules/module.modulemap
2026-06-03T08:46:46.5469980Z x iPhoneOS16.5.sdk/System/Library/Frameworks/CoreServices.framework/CoreServices.tbd
2026-06-03T08:46:46.5470420Z x iPhoneOS16.5.sdk/System/Library/Frameworks/CoreServices.framework/Headers/
2026-06-03T08:46:46.5470880Z x iPhoneOS16.5.sdk/System/Library/Frameworks/CoreServices.framework/Headers/CoreServices.h
2026-06-03T08:46:46.5471370Z x iPhoneOS16.5.sdk/System/Library/Frameworks/CoreServices.framework/Headers/UTType.h
2026-06-03T08:46:46.5471850Z x iPhoneOS16.5.sdk/System/Library/Frameworks/CoreServices.framework/Headers/UTCoreTypes.h
2026-06-03T08:46:46.5472290Z x iPhoneOS16.5.sdk/System/Library/Frameworks/NotificationCenter.framework/
2026-06-03T08:46:46.5472720Z x iPhoneOS16.5.sdk/System/Library/Frameworks/NotificationCenter.framework/Modules/
2026-06-03T08:46:46.5473300Z x iPhoneOS16.5.sdk/System/Library/Frameworks/NotificationCenter.framework/Modules/module.modulemap
2026-06-03T08:46:46.5473840Z x iPhoneOS16.5.sdk/System/Library/Frameworks/NotificationCenter.framework/NotificationCenter.tbd
2026-06-03T08:46:46.5474330Z x iPhoneOS16.5.sdk/System/Library/Frameworks/NotificationCenter.framework/Headers/
2026-06-03T08:46:46.5474850Z x iPhoneOS16.5.sdk/System/Library/Frameworks/NotificationCenter.framework/Headers/NotificationCenter.h
2026-06-03T08:46:46.5475550Z x iPhoneOS16.5.sdk/System/Library/Frameworks/NotificationCenter.framework/Headers/NCWidgetProviding.h
2026-06-03T08:46:46.5476180Z x iPhoneOS16.5.sdk/System/Library/Frameworks/NotificationCenter.framework/Headers/NotificationCenterDefines.h
2026-06-03T08:46:46.5476780Z x iPhoneOS16.5.sdk/System/Library/Frameworks/NotificationCenter.framework/Headers/NCWidgetTypes.h
2026-06-03T08:46:46.5477340Z x iPhoneOS16.5.sdk/System/Library/Frameworks/NotificationCenter.framework/Headers/NCWidgetController.h
2026-06-03T08:46:46.5477820Z x iPhoneOS16.5.sdk/System/Library/Frameworks/BackgroundTasks.framework/
2026-06-03T08:46:46.5478230Z x iPhoneOS16.5.sdk/System/Library/Frameworks/BackgroundTasks.framework/Modules/
2026-06-03T08:46:46.5478740Z x iPhoneOS16.5.sdk/System/Library/Frameworks/BackgroundTasks.framework/Modules/module.modulemap
2026-06-03T08:46:46.5479220Z x iPhoneOS16.5.sdk/System/Library/Frameworks/BackgroundTasks.framework/Headers/
2026-06-03T08:46:46.5479830Z x iPhoneOS16.5.sdk/System/Library/Frameworks/BackgroundTasks.framework/Headers/BGTaskScheduler.h
2026-06-03T08:46:46.5480380Z x iPhoneOS16.5.sdk/System/Library/Frameworks/BackgroundTasks.framework/Headers/BackgroundTasks.apinotes
2026-06-03T08:46:46.5480930Z x iPhoneOS16.5.sdk/System/Library/Frameworks/BackgroundTasks.framework/Headers/BGTask.h
2026-06-03T08:46:46.5481450Z x iPhoneOS16.5.sdk/System/Library/Frameworks/BackgroundTasks.framework/Headers/BGDefines.h
2026-06-03T08:46:46.5481960Z x iPhoneOS16.5.sdk/System/Library/Frameworks/BackgroundTasks.framework/Headers/BGTaskRequest.h
2026-06-03T08:46:46.5482490Z x iPhoneOS16.5.sdk/System/Library/Frameworks/BackgroundTasks.framework/Headers/BackgroundTasks.h
2026-06-03T08:46:46.5483920Z x iPhoneOS16.5.sdk/System/Library/Frameworks/BackgroundTasks.framework/BackgroundTasks.tbd
2026-06-03T08:46:46.5484390Z x iPhoneOS16.5.sdk/System/Library/Frameworks/SafariServices.framework
2026-06-03T08:46:46.5484770Z x iPhoneOS16.5.sdk/System/Library/Frameworks/AddressBookUI.framework/
2026-06-03T08:46:46.5485170Z x iPhoneOS16.5.sdk/System/Library/Frameworks/AddressBookUI.framework/Modules/
2026-06-03T08:46:46.5485730Z x iPhoneOS16.5.sdk/System/Library/Frameworks/AddressBookUI.framework/Modules/module.modulemap
2026-06-03T08:46:46.5486190Z x iPhoneOS16.5.sdk/System/Library/Frameworks/AddressBookUI.framework/Headers/
2026-06-03T08:46:46.5486810Z x iPhoneOS16.5.sdk/System/Library/Frameworks/AddressBookUI.framework/Headers/ABPeoplePickerNavigationController.h
2026-06-03T08:46:46.5488060Z x iPhoneOS16.5.sdk/System/Library/Frameworks/AddressBookUI.framework/Headers/ABNewPersonViewController.h
2026-06-03T08:46:46.5488660Z x iPhoneOS16.5.sdk/System/Library/Frameworks/AddressBookUI.framework/Headers/ABAddressFormatting.h
2026-06-03T08:46:46.5489220Z x iPhoneOS16.5.sdk/System/Library/Frameworks/AddressBookUI.framework/Headers/ABPersonViewController.h
2026-06-03T08:46:46.5489790Z x iPhoneOS16.5.sdk/System/Library/Frameworks/AddressBookUI.framework/Headers/AddressBookUI.h
2026-06-03T08:46:46.5490380Z x iPhoneOS16.5.sdk/System/Library/Frameworks/AddressBookUI.framework/Headers/ABUnknownPersonViewController.h
2026-06-03T08:46:46.5490930Z x iPhoneOS16.5.sdk/System/Library/Frameworks/AddressBookUI.framework/AddressBookUI.tbd
2026-06-03T08:46:46.5491350Z x iPhoneOS16.5.sdk/System/Library/Frameworks/CoreVideo.framework/
2026-06-03T08:46:46.5491720Z x iPhoneOS16.5.sdk/System/Library/Frameworks/CoreVideo.framework/Modules/
2026-06-03T08:46:46.5492160Z x iPhoneOS16.5.sdk/System/Library/Frameworks/CoreVideo.framework/Modules/module.modulemap
2026-06-03T08:46:46.5492600Z x iPhoneOS16.5.sdk/System/Library/Frameworks/CoreVideo.framework/Headers/
2026-06-03T08:46:46.5493020Z x iPhoneOS16.5.sdk/System/Library/Frameworks/CoreVideo.framework/Headers/CVHostTime.h
2026-06-03T08:46:46.5493470Z x iPhoneOS16.5.sdk/System/Library/Frameworks/CoreVideo.framework/Headers/CoreVideo.h
2026-06-03T08:46:46.5493910Z x iPhoneOS16.5.sdk/System/Library/Frameworks/CoreVideo.framework/Headers/CVBase.h
2026-06-03T08:46:46.5494510Z x iPhoneOS16.5.sdk/System/Library/Frameworks/CoreVideo.framework/Headers/CVPixelBuffer.h
2026-06-03T08:46:46.5495000Z x iPhoneOS16.5.sdk/System/Library/Frameworks/CoreVideo.framework/Headers/CVImageBuffer.h
2026-06-03T08:46:46.5495480Z x iPhoneOS16.5.sdk/System/Library/Frameworks/CoreVideo.framework/Headers/CVOpenGLESTexture.h
2026-06-03T08:46:46.5495960Z x iPhoneOS16.5.sdk/System/Library/Frameworks/CoreVideo.framework/Headers/CVReturn.h
2026-06-03T08:46:46.5496460Z x iPhoneOS16.5.sdk/System/Library/Frameworks/CoreVideo.framework/Headers/CVPixelBufferIOSurface.h
2026-06-03T08:46:46.5496970Z x iPhoneOS16.5.sdk/System/Library/Frameworks/CoreVideo.framework/Headers/CVBuffer.h
2026-06-03T08:46:46.5497440Z x iPhoneOS16.5.sdk/System/Library/Frameworks/CoreVideo.framework/Headers/CVPixelBufferPool.h
2026-06-03T08:46:46.5498250Z x iPhoneOS16.5.sdk/System/Library/Frameworks/CoreVideo.framework/Headers/CVMetalTextureCache.h
2026-06-03T08:46:46.5498880Z x iPhoneOS16.5.sdk/System/Library/Frameworks/CoreVideo.framework/Headers/CVPixelFormatDescription.h
2026-06-03T08:46:46.5499530Z x iPhoneOS16.5.sdk/System/Library/Frameworks/CoreVideo.framework/Headers/CVOpenGLESTextureCache.h
2026-06-03T08:46:46.5500050Z x iPhoneOS16.5.sdk/System/Library/Frameworks/CoreVideo.framework/Headers/CVMetalTexture.h
2026-06-03T08:46:46.5500620Z x iPhoneOS16.5.sdk/System/Library/Frameworks/CoreVideo.framework/CoreVideo.tbd
2026-06-03T08:46:46.5501020Z x iPhoneOS16.5.sdk/System/Library/Frameworks/ShazamKit.framework/
2026-06-03T08:46:46.5501390Z x iPhoneOS16.5.sdk/System/Library/Frameworks/ShazamKit.framework/Modules/
2026-06-03T08:46:46.5501830Z x iPhoneOS16.5.sdk/System/Library/Frameworks/ShazamKit.framework/Modules/module.modulemap
2026-06-03T08:46:46.5502380Z x iPhoneOS16.5.sdk/System/Library/Frameworks/ShazamKit.framework/Headers/
2026-06-03T08:46:46.5502800Z x iPhoneOS16.5.sdk/System/Library/Frameworks/ShazamKit.framework/Headers/SHRange.h
2026-06-03T08:46:46.5503270Z x iPhoneOS16.5.sdk/System/Library/Frameworks/ShazamKit.framework/Headers/ShazamKit.h
2026-06-03T08:46:46.5503730Z x iPhoneOS16.5.sdk/System/Library/Frameworks/ShazamKit.framework/Headers/SHError.h
2026-06-03T08:46:46.5504210Z x iPhoneOS16.5.sdk/System/Library/Frameworks/ShazamKit.framework/Headers/SHCustomCatalog.h
2026-06-03T08:46:46.5504690Z x iPhoneOS16.5.sdk/System/Library/Frameworks/ShazamKit.framework/Headers/SHCatalog.h
2026-06-03T08:46:46.5505170Z x iPhoneOS16.5.sdk/System/Library/Frameworks/ShazamKit.framework/Headers/ShazamKit.apinotes
2026-06-03T08:46:46.5505640Z x iPhoneOS16.5.sdk/System/Library/Frameworks/ShazamKit.framework/Headers/SHDefines.h
2026-06-03T08:46:46.5506130Z x iPhoneOS16.5.sdk/System/Library/Frameworks/ShazamKit.framework/Headers/SHSignatureGenerator.h
2026-06-03T08:46:46.5506630Z x iPhoneOS16.5.sdk/System/Library/Frameworks/ShazamKit.framework/Headers/SHMediaItem.h
2026-06-03T08:46:46.5507180Z x iPhoneOS16.5.sdk/System/Library/Frameworks/ShazamKit.framework/Headers/UTType+SHShazamAdditions.h
2026-06-03T08:46:46.5507720Z x iPhoneOS16.5.sdk/System/Library/Frameworks/ShazamKit.framework/Headers/SHMatchedMediaItem.h
2026-06-03T08:46:46.5508330Z x iPhoneOS16.5.sdk/System/Library/Frameworks/ShazamKit.framework/Headers/SHMatch.h
2026-06-03T08:46:46.5508940Z x iPhoneOS16.5.sdk/System/Library/Frameworks/ShazamKit.framework/Headers/SHMediaLibrary.h
2026-06-03T08:46:46.5509470Z x iPhoneOS16.5.sdk/System/Library/Frameworks/ShazamKit.framework/Headers/SHSignature.h
2026-06-03T08:46:46.5509980Z x iPhoneOS16.5.sdk/System/Library/Frameworks/ShazamKit.framework/Headers/SHSession.h
2026-06-03T08:46:46.5510450Z x iPhoneOS16.5.sdk/System/Library/Frameworks/ShazamKit.framework/ShazamKit.tbd
2026-06-03T08:46:46.5510840Z x iPhoneOS16.5.sdk/System/Library/Frameworks/PhotosUI.framework/
2026-06-03T08:46:46.5511300Z x iPhoneOS16.5.sdk/System/Library/Frameworks/PhotosUI.framework/Modules/
2026-06-03T08:46:46.5511760Z x iPhoneOS16.5.sdk/System/Library/Frameworks/PhotosUI.framework/Modules/module.modulemap
2026-06-03T08:46:46.5512280Z x iPhoneOS16.5.sdk/System/Library/Frameworks/PhotosUI.framework/Modules/PhotosUI.swiftcrossimport/
2026-06-03T08:46:46.5513020Z x iPhoneOS16.5.sdk/System/Library/Frameworks/PhotosUI.framework/Modules/PhotosUI.swiftcrossimport/SwiftUI.swiftoverlay
2026-06-03T08:46:46.5513570Z x iPhoneOS16.5.sdk/System/Library/Frameworks/PhotosUI.framework/Headers/
2026-06-03T08:46:46.5513990Z x iPhoneOS16.5.sdk/System/Library/Frameworks/PhotosUI.framework/Headers/PHPicker.h
2026-06-03T08:46:46.5514430Z x iPhoneOS16.5.sdk/System/Library/Frameworks/PhotosUI.framework/Headers/PhotosUI.h
2026-06-03T08:46:46.5514930Z x iPhoneOS16.5.sdk/System/Library/Frameworks/PhotosUI.framework/Headers/PHContentEditingController.h
2026-06-03T08:46:46.5515460Z x iPhoneOS16.5.sdk/System/Library/Frameworks/PhotosUI.framework/Headers/PHLivePhotoView.h
2026-06-03T08:46:46.5516010Z x iPhoneOS16.5.sdk/System/Library/Frameworks/PhotosUI.framework/Headers/PHPhotoLibrary+PhotosUISupport.h
2026-06-03T08:46:46.5516790Z x iPhoneOS16.5.sdk/System/Library/Frameworks/PhotosUI.framework/PhotosUI.tbd
2026-06-03T08:46:46.5517230Z x iPhoneOS16.5.sdk/System/Library/Frameworks/UniformTypeIdentifiers.framework/
2026-06-03T08:46:46.5517770Z x iPhoneOS16.5.sdk/System/Library/Frameworks/UniformTypeIdentifiers.framework/Modules/
2026-06-03T08:46:46.5518400Z x iPhoneOS16.5.sdk/System/Library/Frameworks/UniformTypeIdentifiers.framework/Modules/module.modulemap
2026-06-03T08:46:46.5518940Z x iPhoneOS16.5.sdk/System/Library/Frameworks/UniformTypeIdentifiers.framework/Headers/
2026-06-03T08:46:46.5519530Z x iPhoneOS16.5.sdk/System/Library/Frameworks/UniformTypeIdentifiers.framework/Headers/UniformTypeIdentifiers.apinotes
2026-06-03T08:46:46.5520160Z x iPhoneOS16.5.sdk/System/Library/Frameworks/UniformTypeIdentifiers.framework/Headers/UTTagClass.h
2026-06-03T08:46:46.5520750Z x iPhoneOS16.5.sdk/System/Library/Frameworks/UniformTypeIdentifiers.framework/Headers/UniformTypeIdentifiers.h
2026-06-03T08:46:46.5521420Z x iPhoneOS16.5.sdk/System/Library/Frameworks/UniformTypeIdentifiers.framework/Headers/NSItemProvider+UTType.h
2026-06-03T08:46:46.5522020Z x iPhoneOS16.5.sdk/System/Library/Frameworks/UniformTypeIdentifiers.framework/Headers/UTAdditions.h
2026-06-03T08:46:46.5522590Z x iPhoneOS16.5.sdk/System/Library/Frameworks/UniformTypeIdentifiers.framework/Headers/UTDefines.h
2026-06-03T08:46:46.5523120Z x iPhoneOS16.5.sdk/System/Library/Frameworks/UniformTypeIdentifiers.framework/Headers/UTType.h
2026-06-03T08:46:46.5523770Z x iPhoneOS16.5.sdk/System/Library/Frameworks/UniformTypeIdentifiers.framework/Headers/UTCoreTypes.h
2026-06-03T08:46:46.5524950Z x iPhoneOS16.5.sdk/System/Library/Frameworks/UniformTypeIdentifiers.framework/UniformTypeIdentifiers.tbd
2026-06-03T08:46:46.5525470Z x iPhoneOS16.5.sdk/System/Library/Frameworks/CryptoTokenKit.framework/
2026-06-03T08:46:46.5525880Z x iPhoneOS16.5.sdk/System/Library/Frameworks/CryptoTokenKit.framework/Modules/
2026-06-03T08:46:46.5526360Z x iPhoneOS16.5.sdk/System/Library/Frameworks/CryptoTokenKit.framework/Modules/module.modulemap
2026-06-03T08:46:46.5526840Z x iPhoneOS16.5.sdk/System/Library/Frameworks/CryptoTokenKit.framework/Headers/
2026-06-03T08:46:46.5527300Z x iPhoneOS16.5.sdk/System/Library/Frameworks/CryptoTokenKit.framework/Headers/TKToken.h
2026-06-03T08:46:46.5527810Z x iPhoneOS16.5.sdk/System/Library/Frameworks/CryptoTokenKit.framework/Headers/CryptoTokenKit.h
2026-06-03T08:46:46.5528340Z x iPhoneOS16.5.sdk/System/Library/Frameworks/CryptoTokenKit.framework/Headers/TKSmartCardATR.h
2026-06-03T08:46:46.5528830Z x iPhoneOS16.5.sdk/System/Library/Frameworks/CryptoTokenKit.framework/Headers/TKBase.h
2026-06-03T08:46:46.5529360Z x iPhoneOS16.5.sdk/System/Library/Frameworks/CryptoTokenKit.framework/Headers/TKTokenKeychainItem.h
2026-06-03T08:46:46.5529900Z x iPhoneOS16.5.sdk/System/Library/Frameworks/CryptoTokenKit.framework/Headers/TKTLVRecord.h
2026-06-03T08:46:46.5530430Z x iPhoneOS16.5.sdk/System/Library/Frameworks/CryptoTokenKit.framework/Headers/TKSmartCardToken.h
2026-06-03T08:46:46.5531010Z x iPhoneOS16.5.sdk/System/Library/Frameworks/CryptoTokenKit.framework/Headers/CryptoTokenKit.apinotes
2026-06-03T08:46:46.5531650Z x iPhoneOS16.5.sdk/System/Library/Frameworks/CryptoTokenKit.framework/Headers/TKSmartCard.h
2026-06-03T08:46:46.5532200Z x iPhoneOS16.5.sdk/System/Library/Frameworks/CryptoTokenKit.framework/Headers/TKTokenConfiguration.h
2026-06-03T08:46:46.5532760Z x iPhoneOS16.5.sdk/System/Library/Frameworks/CryptoTokenKit.framework/Headers/TKTokenWatcher.h
2026-06-03T08:46:46.5533260Z x iPhoneOS16.5.sdk/System/Library/Frameworks/CryptoTokenKit.framework/Headers/TKError.h
2026-06-03T08:46:46.5533740Z x iPhoneOS16.5.sdk/System/Library/Frameworks/CryptoTokenKit.framework/CryptoTokenKit.tbd
2026-06-03T08:46:46.5534170Z x iPhoneOS16.5.sdk/System/Library/Frameworks/NewsstandKit.framework/
2026-06-03T08:46:46.5534550Z x iPhoneOS16.5.sdk/System/Library/Frameworks/NewsstandKit.framework/Modules/
2026-06-03T08:46:46.5535260Z x iPhoneOS16.5.sdk/System/Library/Frameworks/NewsstandKit.framework/Modules/module.modulemap
2026-06-03T08:46:46.5535820Z x iPhoneOS16.5.sdk/System/Library/Frameworks/NewsstandKit.framework/Headers/
2026-06-03T08:46:46.5536350Z x iPhoneOS16.5.sdk/System/Library/Frameworks/NewsstandKit.framework/Headers/NKNSURLConnectionAdditions.h
2026-06-03T08:46:46.5536900Z x iPhoneOS16.5.sdk/System/Library/Frameworks/NewsstandKit.framework/Headers/NKAssetDownload.h
2026-06-03T08:46:46.5537400Z x iPhoneOS16.5.sdk/System/Library/Frameworks/NewsstandKit.framework/Headers/NewsstandKit.h
2026-06-03T08:46:46.5537880Z x iPhoneOS16.5.sdk/System/Library/Frameworks/NewsstandKit.framework/Headers/NKIssue.h
2026-06-03T08:46:46.5538360Z x iPhoneOS16.5.sdk/System/Library/Frameworks/NewsstandKit.framework/Headers/NKLibrary.h
2026-06-03T08:46:46.5538820Z x iPhoneOS16.5.sdk/System/Library/Frameworks/NewsstandKit.framework/NewsstandKit.tbd
2026-06-03T08:46:46.5539250Z x iPhoneOS16.5.sdk/System/Library/Frameworks/CoreBluetooth.framework/
2026-06-03T08:46:46.5539650Z x iPhoneOS16.5.sdk/System/Library/Frameworks/CoreBluetooth.framework/Modules/
2026-06-03T08:46:46.5540400Z x iPhoneOS16.5.sdk/System/Library/Frameworks/CoreBluetooth.framework/Modules/module.modulemap
2026-06-03T08:46:46.5540900Z x iPhoneOS16.5.sdk/System/Library/Frameworks/CoreBluetooth.framework/Headers/
2026-06-03T08:46:46.5541380Z x iPhoneOS16.5.sdk/System/Library/Frameworks/CoreBluetooth.framework/Headers/CBDescriptor.h
2026-06-03T08:46:46.5541940Z x iPhoneOS16.5.sdk/System/Library/Frameworks/CoreBluetooth.framework/Headers/CBPeripheralManagerConstants.h
2026-06-03T08:46:46.5542550Z x iPhoneOS16.5.sdk/System/Library/Frameworks/CoreBluetooth.framework/Headers/CBPeripheralManager.h
2026-06-03T08:46:46.5543700Z x iPhoneOS16.5.sdk/System/Library/Frameworks/CoreBluetooth.framework/Headers/CBL2CAPChannel.h
2026-06-03T08:46:46.5545600Z x iPhoneOS16.5.sdk/System/Library/Frameworks/CoreBluetooth.framework/Headers/CBCharacteristic.h
2026-06-03T08:46:46.5546110Z x iPhoneOS16.5.sdk/System/Library/Frameworks/CoreBluetooth.framework/Headers/CBDefines.h
2026-06-03T08:46:46.5546610Z x iPhoneOS16.5.sdk/System/Library/Frameworks/CoreBluetooth.framework/Headers/CBPeripheral.h
2026-06-03T08:46:46.5547120Z x iPhoneOS16.5.sdk/System/Library/Frameworks/CoreBluetooth.framework/Headers/CBATTRequest.h
2026-06-03T08:46:46.5547630Z x iPhoneOS16.5.sdk/System/Library/Frameworks/CoreBluetooth.framework/Headers/CBCentralManager.h
2026-06-03T08:46:46.5548130Z x iPhoneOS16.5.sdk/System/Library/Frameworks/CoreBluetooth.framework/Headers/CBManager.h
2026-06-03T08:46:46.5548650Z x iPhoneOS16.5.sdk/System/Library/Frameworks/CoreBluetooth.framework/Headers/CoreBluetooth.apinotes
2026-06-03T08:46:46.5549160Z x iPhoneOS16.5.sdk/System/Library/Frameworks/CoreBluetooth.framework/Headers/CBCentral.h
2026-06-03T08:46:46.5549630Z x iPhoneOS16.5.sdk/System/Library/Frameworks/CoreBluetooth.framework/Headers/CBUUID.h
2026-06-03T08:46:46.5550110Z x iPhoneOS16.5.sdk/System/Library/Frameworks/CoreBluetooth.framework/Headers/CBAttribute.h
2026-06-03T08:46:46.5550590Z x iPhoneOS16.5.sdk/System/Library/Frameworks/CoreBluetooth.framework/Headers/CBService.h
2026-06-03T08:46:46.5551070Z x iPhoneOS16.5.sdk/System/Library/Frameworks/CoreBluetooth.framework/Headers/CBError.h
2026-06-03T08:46:46.5551640Z x iPhoneOS16.5.sdk/System/Library/Frameworks/CoreBluetooth.framework/Headers/CBPeer.h
2026-06-03T08:46:46.5552130Z x iPhoneOS16.5.sdk/System/Library/Frameworks/CoreBluetooth.framework/Headers/CoreBluetooth.h
2026-06-03T08:46:46.5552680Z x iPhoneOS16.5.sdk/System/Library/Frameworks/CoreBluetooth.framework/Headers/CBCentralManagerConstants.h
2026-06-03T08:46:46.5553250Z x iPhoneOS16.5.sdk/System/Library/Frameworks/CoreBluetooth.framework/Headers/CBAdvertisementData.h
2026-06-03T08:46:46.5553760Z x iPhoneOS16.5.sdk/System/Library/Frameworks/CoreBluetooth.framework/CoreBluetooth.tbd
2026-06-03T08:46:46.5554190Z x iPhoneOS16.5.sdk/System/Library/Frameworks/ManagedSettingsUI.framework/
2026-06-03T08:46:46.5554610Z x iPhoneOS16.5.sdk/System/Library/Frameworks/ManagedSettingsUI.framework/Modules/
2026-06-03T08:46:46.5555270Z x iPhoneOS16.5.sdk/System/Library/Frameworks/ManagedSettingsUI.framework/Modules/ManagedSettingsUI.swiftmodule/
2026-06-03T08:46:46.5555990Z x iPhoneOS16.5.sdk/System/Library/Frameworks/ManagedSettingsUI.framework/Modules/ManagedSettingsUI.swiftmodule/arm64e-apple-ios.swiftdoc
2026-06-03T08:46:46.5556780Z x iPhoneOS16.5.sdk/System/Library/Frameworks/ManagedSettingsUI.framework/Modules/ManagedSettingsUI.swiftmodule/arm64-apple-ios.swiftdoc
2026-06-03T08:46:46.5557600Z x iPhoneOS16.5.sdk/System/Library/Frameworks/ManagedSettingsUI.framework/Modules/ManagedSettingsUI.swiftmodule/arm64e-apple-ios.swiftinterface
2026-06-03T08:46:46.5558430Z x iPhoneOS16.5.sdk/System/Library/Frameworks/ManagedSettingsUI.framework/Modules/ManagedSettingsUI.swiftmodule/arm64-apple-ios.swiftinterface
2026-06-03T08:46:46.5559100Z x iPhoneOS16.5.sdk/System/Library/Frameworks/ManagedSettingsUI.framework/ManagedSettingsUI.tbd
2026-06-03T08:46:46.5559530Z x iPhoneOS16.5.sdk/System/Library/Frameworks/CoreMedia.framework/
2026-06-03T08:46:46.5559900Z x iPhoneOS16.5.sdk/System/Library/Frameworks/CoreMedia.framework/Modules/
2026-06-03T08:46:46.5560330Z x iPhoneOS16.5.sdk/System/Library/Frameworks/CoreMedia.framework/Modules/module.modulemap
2026-06-03T08:46:46.5560760Z x iPhoneOS16.5.sdk/System/Library/Frameworks/CoreMedia.framework/Headers/
2026-06-03T08:46:46.5561190Z x iPhoneOS16.5.sdk/System/Library/Frameworks/CoreMedia.framework/Headers/CMSampleBuffer.h
2026-06-03T08:46:46.5561670Z x iPhoneOS16.5.sdk/System/Library/Frameworks/CoreMedia.framework/Headers/CMBufferQueue.h
2026-06-03T08:46:46.5562160Z x iPhoneOS16.5.sdk/System/Library/Frameworks/CoreMedia.framework/Headers/CMBase.h
2026-06-03T08:46:46.5562640Z x iPhoneOS16.5.sdk/System/Library/Frameworks/CoreMedia.framework/Headers/CMFormatDescription.h
2026-06-03T08:46:46.5563130Z x iPhoneOS16.5.sdk/System/Library/Frameworks/CoreMedia.framework/Headers/CMMemoryPool.h
2026-06-03T08:46:46.5563600Z x iPhoneOS16.5.sdk/System/Library/Frameworks/CoreMedia.framework/Headers/CMBlockBuffer.h
2026-06-03T08:46:46.5564120Z x iPhoneOS16.5.sdk/System/Library/Frameworks/CoreMedia.framework/Headers/CMFormatDescriptionBridge.h
2026-06-03T08:46:46.5564640Z x iPhoneOS16.5.sdk/System/Library/Frameworks/CoreMedia.framework/Headers/CMSimpleQueue.h
2026-06-03T08:46:46.5565110Z x iPhoneOS16.5.sdk/System/Library/Frameworks/CoreMedia.framework/Headers/CMTextMarkup.h
2026-06-03T08:46:46.5565670Z x iPhoneOS16.5.sdk/System/Library/Frameworks/CoreMedia.framework/Headers/CMAttachment.h
2026-06-03T08:46:46.5566130Z x iPhoneOS16.5.sdk/System/Library/Frameworks/CoreMedia.framework/Headers/CMSync.h
2026-06-03T08:46:46.5566570Z x iPhoneOS16.5.sdk/System/Library/Frameworks/CoreMedia.framework/Headers/CMTimeRange.h
2026-06-03T08:46:46.5567020Z x iPhoneOS16.5.sdk/System/Library/Frameworks/CoreMedia.framework/Headers/CMTime.h
2026-06-03T08:46:46.5567460Z x iPhoneOS16.5.sdk/System/Library/Frameworks/CoreMedia.framework/Headers/CoreMedia.h
2026-06-03T08:46:46.5567910Z x iPhoneOS16.5.sdk/System/Library/Frameworks/CoreMedia.framework/Headers/CMMetadata.h
2026-06-03T08:46:46.5568380Z x iPhoneOS16.5.sdk/System/Library/Frameworks/CoreMedia.framework/Headers/CMAudioClock.h
2026-06-03T08:46:46.5569110Z x iPhoneOS16.5.sdk/System/Library/Frameworks/CoreMedia.framework/Headers/CoreMedia.apinotes
2026-06-03T08:46:46.5569590Z x iPhoneOS16.5.sdk/System/Library/Frameworks/CoreMedia.framework/CoreMedia.tbd
2026-06-03T08:46:46.5569970Z x iPhoneOS16.5.sdk/System/Library/Frameworks/CFNetwork.framework/
2026-06-03T08:46:46.5570330Z x iPhoneOS16.5.sdk/System/Library/Frameworks/CFNetwork.framework/Modules/
2026-06-03T08:46:46.5570770Z x iPhoneOS16.5.sdk/System/Library/Frameworks/CFNetwork.framework/Modules/module.modulemap
2026-06-03T08:46:46.5571310Z x iPhoneOS16.5.sdk/System/Library/Frameworks/CFNetwork.framework/Headers/
2026-06-03T08:46:46.5577300Z x iPhoneOS16.5.sdk/System/Library/Frameworks/CFNetwork.framework/Headers/CFNetDiagnostics.h
2026-06-03T08:46:46.5577840Z x iPhoneOS16.5.sdk/System/Library/Frameworks/CFNetwork.framework/Headers/CFNetServices.h
2026-06-03T08:46:46.5578430Z x iPhoneOS16.5.sdk/System/Library/Frameworks/CFNetwork.framework/Headers/CFProxySupport.h
2026-06-03T08:46:46.5578920Z x iPhoneOS16.5.sdk/System/Library/Frameworks/CFNetwork.framework/Headers/CFNetworkErrors.h
2026-06-03T08:46:46.5580600Z x iPhoneOS16.5.sdk/System/Library/Frameworks/CFNetwork.framework/Headers/CFFTPStream.h
2026-06-03T08:46:46.5581380Z x iPhoneOS16.5.sdk/System/Library/Frameworks/CFNetwork.framework/Headers/CFHTTPAuthentication.h
2026-06-03T08:46:46.5581900Z x iPhoneOS16.5.sdk/System/Library/Frameworks/CFNetwork.framework/Headers/CFHost.h
2026-06-03T08:46:46.5582360Z x iPhoneOS16.5.sdk/System/Library/Frameworks/CFNetwork.framework/Headers/CFHTTPStream.h
2026-06-03T08:46:46.5582890Z x iPhoneOS16.5.sdk/System/Library/Frameworks/CFNetwork.framework/Headers/CFNetwork.h
2026-06-03T08:46:46.5583360Z x iPhoneOS16.5.sdk/System/Library/Frameworks/CFNetwork.framework/Headers/CFNetworkDefs.h
2026-06-03T08:46:46.5583840Z x iPhoneOS16.5.sdk/System/Library/Frameworks/CFNetwork.framework/Headers/CFSocketStream.h
2026-06-03T08:46:46.5584340Z x iPhoneOS16.5.sdk/System/Library/Frameworks/CFNetwork.framework/Headers/CFHTTPMessage.h
2026-06-03T08:46:46.5584790Z x iPhoneOS16.5.sdk/System/Library/Frameworks/CFNetwork.framework/CFNetwork.tbd
2026-06-03T08:46:46.5585170Z x iPhoneOS16.5.sdk/System/Library/Frameworks/CoreML.framework/
2026-06-03T08:46:46.5585540Z x iPhoneOS16.5.sdk/System/Library/Frameworks/CoreML.framework/Modules/
2026-06-03T08:46:46.5585950Z x iPhoneOS16.5.sdk/System/Library/Frameworks/CoreML.framework/Modules/module.modulemap
2026-06-03T08:46:46.5586370Z x iPhoneOS16.5.sdk/System/Library/Frameworks/CoreML.framework/Headers/
2026-06-03T08:46:46.5586780Z x iPhoneOS16.5.sdk/System/Library/Frameworks/CoreML.framework/Headers/MLModelError.h
2026-06-03T08:46:46.5587250Z x iPhoneOS16.5.sdk/System/Library/Frameworks/CoreML.framework/Headers/MLArrayBatchProvider.h
2026-06-03T08:46:46.5587740Z x iPhoneOS16.5.sdk/System/Library/Frameworks/CoreML.framework/Headers/MLParameterKey.h
2026-06-03T08:46:46.5588250Z x iPhoneOS16.5.sdk/System/Library/Frameworks/CoreML.framework/Headers/MLMultiArrayShapeConstraint.h
2026-06-03T08:46:46.5588810Z x iPhoneOS16.5.sdk/System/Library/Frameworks/CoreML.framework/Headers/MLModel+MLModelCompilation.h
2026-06-03T08:46:46.5589340Z x iPhoneOS16.5.sdk/System/Library/Frameworks/CoreML.framework/Headers/MLUpdateProgressEvent.h
2026-06-03T08:46:46.5589810Z x iPhoneOS16.5.sdk/System/Library/Frameworks/CoreML.framework/Headers/MLImageSize.h
2026-06-03T08:46:46.5590260Z x iPhoneOS16.5.sdk/System/Library/Frameworks/CoreML.framework/Headers/MLTask.h
2026-06-03T08:46:46.5590780Z x iPhoneOS16.5.sdk/System/Library/Frameworks/CoreML.framework/Headers/MLMultiArrayShapeConstraintType.h
2026-06-03T08:46:46.5591320Z x iPhoneOS16.5.sdk/System/Library/Frameworks/CoreML.framework/Headers/MLImageSizeConstraint.h
2026-06-03T08:46:46.5591800Z x iPhoneOS16.5.sdk/System/Library/Frameworks/CoreML.framework/Headers/MLFeatureType.h
2026-06-03T08:46:46.5592250Z x iPhoneOS16.5.sdk/System/Library/Frameworks/CoreML.framework/Headers/MLMetricKey.h
2026-06-03T08:46:46.5592860Z x iPhoneOS16.5.sdk/System/Library/Frameworks/CoreML.framework/Headers/MLModelConfiguration.h
2026-06-03T08:46:46.5593360Z x iPhoneOS16.5.sdk/System/Library/Frameworks/CoreML.framework/Headers/MLModelDescription.h
2026-06-03T08:46:46.5593870Z x iPhoneOS16.5.sdk/System/Library/Frameworks/CoreML.framework/Headers/MLParameterDescription.h
2026-06-03T08:46:46.5594340Z x iPhoneOS16.5.sdk/System/Library/Frameworks/CoreML.framework/Headers/MLModel.h
2026-06-03T08:46:46.5594790Z x iPhoneOS16.5.sdk/System/Library/Frameworks/CoreML.framework/Headers/MLModelMetadataKeys.h
2026-06-03T08:46:46.5595250Z x iPhoneOS16.5.sdk/System/Library/Frameworks/CoreML.framework/Headers/CoreML.h
2026-06-03T08:46:46.5595820Z x iPhoneOS16.5.sdk/System/Library/Frameworks/CoreML.framework/Headers/MLSequence.h
2026-06-03T08:46:46.5596810Z x iPhoneOS16.5.sdk/System/Library/Frameworks/CoreML.framework/Headers/MLMultiArrayConstraint.h
2026-06-03T08:46:46.5597550Z x iPhoneOS16.5.sdk/System/Library/Frameworks/CoreML.framework/Headers/MLModelCollection.h
2026-06-03T08:46:46.5598040Z x iPhoneOS16.5.sdk/System/Library/Frameworks/CoreML.framework/Headers/MLCustomLayer.h
2026-06-03T08:46:46.5598510Z x iPhoneOS16.5.sdk/System/Library/Frameworks/CoreML.framework/Headers/MLFeatureProvider.h
2026-06-03T08:46:46.5598980Z x iPhoneOS16.5.sdk/System/Library/Frameworks/CoreML.framework/Headers/MLFeatureValue.h
2026-06-03T08:46:46.5599430Z x iPhoneOS16.5.sdk/System/Library/Frameworks/CoreML.framework/Headers/MLCustomModel.h
2026-06-03T08:46:46.5599890Z x iPhoneOS16.5.sdk/System/Library/Frameworks/CoreML.framework/Headers/CoreML.apinotes
2026-06-03T08:46:46.5600450Z x iPhoneOS16.5.sdk/System/Library/Frameworks/CoreML.framework/Headers/MLSequenceConstraint.h
2026-06-03T08:46:46.5600930Z x iPhoneOS16.5.sdk/System/Library/Frameworks/CoreML.framework/Headers/MLUpdateTask.h
2026-06-03T08:46:46.5601430Z x iPhoneOS16.5.sdk/System/Library/Frameworks/CoreML.framework/Headers/MLUpdateProgressHandlers.h
2026-06-03T08:46:46.5601920Z x iPhoneOS16.5.sdk/System/Library/Frameworks/CoreML.framework/Headers/MLModelAsset.h
2026-06-03T08:46:46.5602380Z x iPhoneOS16.5.sdk/System/Library/Frameworks/CoreML.framework/Headers/MLImageConstraint.h
2026-06-03T08:46:46.5602880Z x iPhoneOS16.5.sdk/System/Library/Frameworks/CoreML.framework/Headers/MLDictionaryConstraint.h
2026-06-03T08:46:46.5603390Z x iPhoneOS16.5.sdk/System/Library/Frameworks/CoreML.framework/Headers/MLFeatureDescription.h
2026-06-03T08:46:46.5603850Z x iPhoneOS16.5.sdk/System/Library/Frameworks/CoreML.framework/Headers/MLExport.h
2026-06-03T08:46:46.5604280Z x iPhoneOS16.5.sdk/System/Library/Frameworks/CoreML.framework/Headers/MLWritable.h
2026-06-03T08:46:46.5604780Z x iPhoneOS16.5.sdk/System/Library/Frameworks/CoreML.framework/Headers/MLDictionaryFeatureProvider.h
2026-06-03T08:46:46.5605290Z x iPhoneOS16.5.sdk/System/Library/Frameworks/CoreML.framework/Headers/MLBatchProvider.h
2026-06-03T08:46:46.5605790Z x iPhoneOS16.5.sdk/System/Library/Frameworks/CoreML.framework/Headers/MLModelCollectionEntry.h
2026-06-03T08:46:46.5606350Z x iPhoneOS16.5.sdk/System/Library/Frameworks/CoreML.framework/Headers/MLFeatureValue+MLImageConversion.h
2026-06-03T08:46:46.5606890Z x iPhoneOS16.5.sdk/System/Library/Frameworks/CoreML.framework/Headers/MLNumericConstraint.h
2026-06-03T08:46:46.5607390Z x iPhoneOS16.5.sdk/System/Library/Frameworks/CoreML.framework/Headers/MLPredictionOptions.h
2026-06-03T08:46:46.5607840Z x iPhoneOS16.5.sdk/System/Library/Frameworks/CoreML.framework/Headers/MLKey.h
2026-06-03T08:46:46.5608430Z x iPhoneOS16.5.sdk/System/Library/Frameworks/CoreML.framework/Headers/MLImageSizeConstraintType.h
2026-06-03T08:46:46.5608930Z x iPhoneOS16.5.sdk/System/Library/Frameworks/CoreML.framework/Headers/MLUpdateContext.h
2026-06-03T08:46:46.5609390Z x iPhoneOS16.5.sdk/System/Library/Frameworks/CoreML.framework/Headers/MLMultiArray.h
2026-06-03T08:46:46.5609810Z x iPhoneOS16.5.sdk/System/Library/Frameworks/CoreML.framework/CoreML.tbd
2026-06-03T08:46:46.5610170Z x iPhoneOS16.5.sdk/System/Library/Frameworks/GLKit.framework/
2026-06-03T08:46:46.5610510Z x iPhoneOS16.5.sdk/System/Library/Frameworks/GLKit.framework/Modules/
2026-06-03T08:46:46.5611000Z x iPhoneOS16.5.sdk/System/Library/Frameworks/GLKit.framework/Modules/module.modulemap
2026-06-03T08:46:46.5611420Z x iPhoneOS16.5.sdk/System/Library/Frameworks/GLKit.framework/Headers/
2026-06-03T08:46:46.5611810Z x iPhoneOS16.5.sdk/System/Library/Frameworks/GLKit.framework/Headers/GLKVector2.h
2026-06-03T08:46:46.5612230Z x iPhoneOS16.5.sdk/System/Library/Frameworks/GLKit.framework/Headers/GLKView.h
2026-06-03T08:46:46.5612660Z x iPhoneOS16.5.sdk/System/Library/Frameworks/GLKit.framework/Headers/GLKTextureLoader.h
2026-06-03T08:46:46.5613160Z x iPhoneOS16.5.sdk/System/Library/Frameworks/GLKit.framework/Headers/GLKReflectionMapEffect.h
2026-06-03T08:46:46.5613650Z x iPhoneOS16.5.sdk/System/Library/Frameworks/GLKit.framework/Headers/GLKViewController.h
2026-06-03T08:46:46.5614100Z x iPhoneOS16.5.sdk/System/Library/Frameworks/GLKit.framework/Headers/GLKMatrix3.h
2026-06-03T08:46:46.5614600Z x iPhoneOS16.5.sdk/System/Library/Frameworks/GLKit.framework/Headers/GLKit.apinotes
2026-06-03T08:46:46.5615080Z x iPhoneOS16.5.sdk/System/Library/Frameworks/GLKit.framework/Headers/GLKMatrixStack.h
2026-06-03T08:46:46.5615530Z x iPhoneOS16.5.sdk/System/Library/Frameworks/GLKit.framework/Headers/GLKMathTypes.h
2026-06-03T08:46:46.5615980Z x iPhoneOS16.5.sdk/System/Library/Frameworks/GLKit.framework/Headers/GLKQuaternion.h
2026-06-03T08:46:46.5616430Z x iPhoneOS16.5.sdk/System/Library/Frameworks/GLKit.framework/Headers/GLKNamedEffect.h
2026-06-03T08:46:46.5616870Z x iPhoneOS16.5.sdk/System/Library/Frameworks/GLKit.framework/Headers/GLKVector4.h
2026-06-03T08:46:46.5617300Z x iPhoneOS16.5.sdk/System/Library/Frameworks/GLKit.framework/Headers/GLKEffects.h
2026-06-03T08:46:46.5617780Z x iPhoneOS16.5.sdk/System/Library/Frameworks/GLKit.framework/Headers/GLKEffectPropertyMaterial.h
2026-06-03T08:46:46.5618270Z x iPhoneOS16.5.sdk/System/Library/Frameworks/GLKit.framework/Headers/GLKSkyboxEffect.h
2026-06-03T08:46:46.5618760Z x iPhoneOS16.5.sdk/System/Library/Frameworks/GLKit.framework/Headers/GLKEffectPropertyFog.h
2026-06-03T08:46:46.5619220Z x iPhoneOS16.5.sdk/System/Library/Frameworks/GLKit.framework/Headers/GLKMath.h
2026-06-03T08:46:46.5619640Z x iPhoneOS16.5.sdk/System/Library/Frameworks/GLKit.framework/Headers/GLKModel.h
2026-06-03T08:46:46.5620050Z x iPhoneOS16.5.sdk/System/Library/Frameworks/GLKit.framework/Headers/GLKit.h
2026-06-03T08:46:46.5620480Z x iPhoneOS16.5.sdk/System/Library/Frameworks/GLKit.framework/Headers/GLKMathUtils.h
2026-06-03T08:46:46.5621040Z x iPhoneOS16.5.sdk/System/Library/Frameworks/GLKit.framework/Headers/GLKEffectPropertyTransform.h
2026-06-03T08:46:46.5621570Z x iPhoneOS16.5.sdk/System/Library/Frameworks/GLKit.framework/Headers/GLKEffectPropertyLight.h
2026-06-03T08:46:46.5622050Z x iPhoneOS16.5.sdk/System/Library/Frameworks/GLKit.framework/Headers/GLKBaseEffect.h
2026-06-03T08:46:46.5622490Z x iPhoneOS16.5.sdk/System/Library/Frameworks/GLKit.framework/Headers/GLKVector3.h
2026-06-03T08:46:46.5622960Z x iPhoneOS16.5.sdk/System/Library/Frameworks/GLKit.framework/Headers/GLKEffectProperty.h
2026-06-03T08:46:46.5623420Z x iPhoneOS16.5.sdk/System/Library/Frameworks/GLKit.framework/Headers/GLKMatrix4.h
2026-06-03T08:46:46.5623890Z x iPhoneOS16.5.sdk/System/Library/Frameworks/GLKit.framework/Headers/GLKEffectPropertyTexture.h
2026-06-03T08:46:46.5624390Z x iPhoneOS16.5.sdk/System/Library/Frameworks/GLKit.framework/Headers/GLKitBase.h
2026-06-03T08:46:46.5625230Z x iPhoneOS16.5.sdk/System/Library/Frameworks/GLKit.framework/GLKit.tbd
2026-06-03T08:46:46.5625640Z x iPhoneOS16.5.sdk/System/Library/Frameworks/CallKit.framework/
2026-06-03T08:46:46.5626010Z x iPhoneOS16.5.sdk/System/Library/Frameworks/CallKit.framework/Modules/
2026-06-03T08:46:46.5626440Z x iPhoneOS16.5.sdk/System/Library/Frameworks/CallKit.framework/Modules/module.modulemap
2026-06-03T08:46:46.5626920Z x iPhoneOS16.5.sdk/System/Library/Frameworks/CallKit.framework/CallKit.tbd
2026-06-03T08:46:46.5627360Z x iPhoneOS16.5.sdk/System/Library/Frameworks/CallKit.framework/Headers/
2026-06-03T08:46:46.5628040Z x iPhoneOS16.5.sdk/System/Library/Frameworks/CallKit.framework/Headers/CXCallController.h
2026-06-03T08:46:46.5628620Z x iPhoneOS16.5.sdk/System/Library/Frameworks/CallKit.framework/Headers/CXCallDirectoryManager.h
2026-06-03T08:46:46.5629190Z x iPhoneOS16.5.sdk/System/Library/Frameworks/CallKit.framework/Headers/CXPlayDTMFCallAction.h
2026-06-03T08:46:46.5629760Z x iPhoneOS16.5.sdk/System/Library/Frameworks/CallKit.framework/Headers/CXSetGroupCallAction.h
2026-06-03T08:46:46.5630440Z x iPhoneOS16.5.sdk/System/Library/Frameworks/CallKit.framework/Headers/CXProviderConfiguration.h
2026-06-03T08:46:46.5630980Z x iPhoneOS16.5.sdk/System/Library/Frameworks/CallKit.framework/Headers/CXSetMutedCallAction.h
2026-06-03T08:46:46.5631530Z x iPhoneOS16.5.sdk/System/Library/Frameworks/CallKit.framework/Headers/CallKit.apinotes
2026-06-03T08:46:46.5632030Z x iPhoneOS16.5.sdk/System/Library/Frameworks/CallKit.framework/Headers/CXCallDirectoryProvider.h
2026-06-03T08:46:46.5632650Z x iPhoneOS16.5.sdk/System/Library/Frameworks/CallKit.framework/Headers/CXAnswerCallAction.h
2026-06-03T08:46:46.5633120Z x iPhoneOS16.5.sdk/System/Library/Frameworks/CallKit.framework/Headers/CXAction.h
2026-06-03T08:46:46.5633560Z x iPhoneOS16.5.sdk/System/Library/Frameworks/CallKit.framework/Headers/CXProvider.h
2026-06-03T08:46:46.5634000Z x iPhoneOS16.5.sdk/System/Library/Frameworks/CallKit.framework/Headers/CXHandle.h
2026-06-03T08:46:46.5634430Z x iPhoneOS16.5.sdk/System/Library/Frameworks/CallKit.framework/Headers/CXError.h
2026-06-03T08:46:46.5634960Z x iPhoneOS16.5.sdk/System/Library/Frameworks/CallKit.framework/Headers/CXCallAction.h
2026-06-03T08:46:46.5635420Z x iPhoneOS16.5.sdk/System/Library/Frameworks/CallKit.framework/Headers/CXCallUpdate.h
2026-06-03T08:46:46.5636860Z x iPhoneOS16.5.sdk/System/Library/Frameworks/CallKit.framework/Headers/CXCallDirectoryExtensionContext.h
2026-06-03T08:46:46.5637370Z x iPhoneOS16.5.sdk/System/Library/Frameworks/CallKit.framework/Headers/CallKit.h
2026-06-03T08:46:46.5637900Z x iPhoneOS16.5.sdk/System/Library/Frameworks/CallKit.framework/Headers/CXTransaction.h
2026-06-03T08:46:46.5638350Z x iPhoneOS16.5.sdk/System/Library/Frameworks/CallKit.framework/Headers/CXBase.h
2026-06-03T08:46:46.5638910Z x iPhoneOS16.5.sdk/System/Library/Frameworks/CallKit.framework/Headers/CXStartCallAction.h
2026-06-03T08:46:46.5639400Z x iPhoneOS16.5.sdk/System/Library/Frameworks/CallKit.framework/Headers/CXEndCallAction.h
2026-06-03T08:46:46.5639960Z x iPhoneOS16.5.sdk/System/Library/Frameworks/CallKit.framework/Headers/CXCallObserver.h
2026-06-03T08:46:46.5640460Z x iPhoneOS16.5.sdk/System/Library/Frameworks/CallKit.framework/Headers/CXCallDirectory.h
2026-06-03T08:46:46.5640900Z x iPhoneOS16.5.sdk/System/Library/Frameworks/CallKit.framework/Headers/CXCall.h
2026-06-03T08:46:46.5641380Z x iPhoneOS16.5.sdk/System/Library/Frameworks/CallKit.framework/Headers/CXSetHeldCallAction.h
2026-06-03T08:46:46.5641820Z x iPhoneOS16.5.sdk/System/Library/Frameworks/CoreSpotlight.framework/
2026-06-03T08:46:46.5642220Z x iPhoneOS16.5.sdk/System/Library/Frameworks/CoreSpotlight.framework/Modules/
2026-06-03T08:46:46.5642680Z x iPhoneOS16.5.sdk/System/Library/Frameworks/CoreSpotlight.framework/Modules/module.modulemap
2026-06-03T08:46:46.5643230Z x iPhoneOS16.5.sdk/System/Library/Frameworks/CoreSpotlight.framework/Modules/CoreSpotlight.swiftmodule/
2026-06-03T08:46:46.5643900Z x iPhoneOS16.5.sdk/System/Library/Frameworks/CoreSpotlight.framework/Modules/CoreSpotlight.swiftmodule/arm64e-apple-ios.swiftdoc
2026-06-03T08:46:46.5644730Z x iPhoneOS16.5.sdk/System/Library/Frameworks/CoreSpotlight.framework/Modules/CoreSpotlight.swiftmodule/arm64-apple-ios.swiftdoc
2026-06-03T08:46:46.5645630Z x iPhoneOS16.5.sdk/System/Library/Frameworks/CoreSpotlight.framework/Modules/CoreSpotlight.swiftmodule/arm64e-apple-ios.swiftinterface
2026-06-03T08:46:46.5646620Z x iPhoneOS16.5.sdk/System/Library/Frameworks/CoreSpotlight.framework/Modules/CoreSpotlight.swiftmodule/arm64-apple-ios.swiftinterface
2026-06-03T08:46:46.5647400Z x iPhoneOS16.5.sdk/System/Library/Frameworks/CoreSpotlight.framework/Headers/
2026-06-03T08:46:46.5647880Z x iPhoneOS16.5.sdk/System/Library/Frameworks/CoreSpotlight.framework/Headers/CSPerson.h
2026-06-03T08:46:46.5648390Z x iPhoneOS16.5.sdk/System/Library/Frameworks/CoreSpotlight.framework/Headers/CSImportExtension.h
2026-06-03T08:46:46.5648990Z x iPhoneOS16.5.sdk/System/Library/Frameworks/CoreSpotlight.framework/Headers/CSSearchableItemAttributeSet_Events.h
2026-06-03T08:46:46.5649820Z x iPhoneOS16.5.sdk/System/Library/Frameworks/CoreSpotlight.framework/Headers/CSSearchableItemAttributeSet.h
2026-06-03T08:46:46.5650390Z x iPhoneOS16.5.sdk/System/Library/Frameworks/CoreSpotlight.framework/Headers/CSSearchableIndex.h
2026-06-03T08:46:46.5650930Z x iPhoneOS16.5.sdk/System/Library/Frameworks/CoreSpotlight.framework/Headers/CoreSpotlight.h
2026-06-03T08:46:46.5651430Z x iPhoneOS16.5.sdk/System/Library/Frameworks/CoreSpotlight.framework/Headers/CSSuggestion.h
2026-06-03T08:46:46.5652190Z x iPhoneOS16.5.sdk/System/Library/Frameworks/CoreSpotlight.framework/Headers/CSSearchableItemAttributeSet_General.h
2026-06-03T08:46:46.5652840Z x iPhoneOS16.5.sdk/System/Library/Frameworks/CoreSpotlight.framework/Headers/CSIndexExtensionRequestHandler.h
2026-06-03T08:46:46.5653410Z x iPhoneOS16.5.sdk/System/Library/Frameworks/CoreSpotlight.framework/Headers/CSSearchableItem.h
2026-06-03T08:46:46.5653920Z x iPhoneOS16.5.sdk/System/Library/Frameworks/CoreSpotlight.framework/Headers/CSUserQuery.h
2026-06-03T08:46:46.5654570Z x iPhoneOS16.5.sdk/System/Library/Frameworks/CoreSpotlight.framework/Headers/CSSearchableItemAttributeSet_Messaging.h
2026-06-03T08:46:46.5655190Z x iPhoneOS16.5.sdk/System/Library/Frameworks/CoreSpotlight.framework/Headers/CoreSpotlight.apinotes
2026-06-03T08:46:46.5655790Z x iPhoneOS16.5.sdk/System/Library/Frameworks/CoreSpotlight.framework/Headers/CSSearchableItemAttributeSet_Images.h
2026-06-03T08:46:46.5656380Z x iPhoneOS16.5.sdk/System/Library/Frameworks/CoreSpotlight.framework/Headers/CSSearchQuery.h
2026-06-03T08:46:46.5656960Z x iPhoneOS16.5.sdk/System/Library/Frameworks/CoreSpotlight.framework/Headers/CSSearchableItemAttributeSet_Places.h
2026-06-03T08:46:46.5657630Z x iPhoneOS16.5.sdk/System/Library/Frameworks/CoreSpotlight.framework/Headers/CSSearchableItemAttributeSet_Categories.h
2026-06-03T08:46:46.5658200Z x iPhoneOS16.5.sdk/System/Library/Frameworks/CoreSpotlight.framework/Headers/CSBase.h
2026-06-03T08:46:46.5658760Z x iPhoneOS16.5.sdk/System/Library/Frameworks/CoreSpotlight.framework/Headers/CSSearchableItemAttributeSet_Media.h
2026-06-03T08:46:46.5659410Z x iPhoneOS16.5.sdk/System/Library/Frameworks/CoreSpotlight.framework/Headers/CSSearchableItemAttributeSet_Documents.h
2026-06-03T08:46:46.5659990Z x iPhoneOS16.5.sdk/System/Library/Frameworks/CoreSpotlight.framework/CoreSpotlight.tbd
2026-06-03T08:46:46.5660400Z x iPhoneOS16.5.sdk/System/Library/Frameworks/AVFAudio.framework/
2026-06-03T08:46:46.5660780Z x iPhoneOS16.5.sdk/System/Library/Frameworks/AVFAudio.framework/Modules/
2026-06-03T08:46:46.5661210Z x iPhoneOS16.5.sdk/System/Library/Frameworks/AVFAudio.framework/Modules/module.modulemap
2026-06-03T08:46:46.5661640Z x iPhoneOS16.5.sdk/System/Library/Frameworks/AVFAudio.framework/Headers/
2026-06-03T08:46:46.5662060Z x iPhoneOS16.5.sdk/System/Library/Frameworks/AVFAudio.framework/Headers/AVAudioPlayer.h
2026-06-03T08:46:46.5662550Z x iPhoneOS16.5.sdk/System/Library/Frameworks/AVFAudio.framework/Headers/AVAudioMixerNode.h
2026-06-03T08:46:46.5663060Z x iPhoneOS16.5.sdk/System/Library/Frameworks/AVFAudio.framework/Headers/AVAudioSessionTypes.h
2026-06-03T08:46:46.5663550Z x iPhoneOS16.5.sdk/System/Library/Frameworks/AVFAudio.framework/Headers/AVAudioMixing.h
2026-06-03T08:46:46.5664040Z x iPhoneOS16.5.sdk/System/Library/Frameworks/AVFAudio.framework/Headers/AVAudioUnitGenerator.h
2026-06-03T08:46:46.5664540Z x iPhoneOS16.5.sdk/System/Library/Frameworks/AVFAudio.framework/Headers/AVAudioSession.h
2026-06-03T08:46:46.5665050Z x iPhoneOS16.5.sdk/System/Library/Frameworks/AVFAudio.framework/Headers/AVAudioUnitMIDIInstrument.h
2026-06-03T08:46:46.5665660Z x iPhoneOS16.5.sdk/System/Library/Frameworks/AVFAudio.framework/Headers/AVAudioUnitDelay.h
2026-06-03T08:46:46.5666220Z x iPhoneOS16.5.sdk/System/Library/Frameworks/AVFAudio.framework/Headers/AVAudioUnit.h
2026-06-03T08:46:46.5666690Z x iPhoneOS16.5.sdk/System/Library/Frameworks/AVFAudio.framework/Headers/AVAudioSettings.h
2026-06-03T08:46:46.5667170Z x iPhoneOS16.5.sdk/System/Library/Frameworks/AVFAudio.framework/Headers/AVMusicEvents.h
2026-06-03T08:46:46.5667680Z x iPhoneOS16.5.sdk/System/Library/Frameworks/AVFAudio.framework/Headers/AVAudioPlayerNode.h
2026-06-03T08:46:46.5668200Z x iPhoneOS16.5.sdk/System/Library/Frameworks/AVFAudio.framework/Headers/AVSpeechSynthesisProvider.h
2026-06-03T08:46:46.5668770Z x iPhoneOS16.5.sdk/System/Library/Frameworks/AVFAudio.framework/Headers/AVAudioEnvironmentNode.h
2026-06-03T08:46:46.5669280Z x iPhoneOS16.5.sdk/System/Library/Frameworks/AVFAudio.framework/Headers/AVAudioTypes.h
2026-06-03T08:46:46.5670000Z x iPhoneOS16.5.sdk/System/Library/Frameworks/AVFAudio.framework/Headers/AVAudioConnectionPoint.h
2026-06-03T08:46:46.5670530Z x iPhoneOS16.5.sdk/System/Library/Frameworks/AVFAudio.framework/Headers/AVAudioUnitTimeEffect.h
2026-06-03T08:46:46.5671060Z x iPhoneOS16.5.sdk/System/Library/Frameworks/AVFAudio.framework/Headers/AVAudioUnitDistortion.h
2026-06-03T08:46:46.5671550Z x iPhoneOS16.5.sdk/System/Library/Frameworks/AVFAudio.framework/Headers/AVMIDIPlayer.h
2026-06-03T08:46:46.5672040Z x iPhoneOS16.5.sdk/System/Library/Frameworks/AVFAudio.framework/Headers/AVAudioRoutingArbiter.h
2026-06-03T08:46:46.5672560Z x iPhoneOS16.5.sdk/System/Library/Frameworks/AVFAudio.framework/Headers/AVAudioSessionRoute.h
2026-06-03T08:46:46.5673040Z x iPhoneOS16.5.sdk/System/Library/Frameworks/AVFAudio.framework/Headers/AVAudioFile.h
2026-06-03T08:46:46.5673510Z x iPhoneOS16.5.sdk/System/Library/Frameworks/AVFAudio.framework/Headers/AVAudioUnitEQ.h
2026-06-03T08:46:46.5674000Z x iPhoneOS16.5.sdk/System/Library/Frameworks/AVFAudio.framework/Headers/AVAudioSourceNode.h
2026-06-03T08:46:46.5674510Z x iPhoneOS16.5.sdk/System/Library/Frameworks/AVFAudio.framework/Headers/AVFAudio.apinotes
2026-06-03T08:46:46.5674990Z x iPhoneOS16.5.sdk/System/Library/Frameworks/AVFAudio.framework/Headers/AVAudioEngine.h
2026-06-03T08:46:46.5675470Z x iPhoneOS16.5.sdk/System/Library/Frameworks/AVFAudio.framework/Headers/AVAudioConverter.h
2026-06-03T08:46:46.5675950Z x iPhoneOS16.5.sdk/System/Library/Frameworks/AVFAudio.framework/Headers/AVAudioBuffer.h
2026-06-03T08:46:46.5676410Z x iPhoneOS16.5.sdk/System/Library/Frameworks/AVFAudio.framework/Headers/AVAudioNode.h
2026-06-03T08:46:46.5676880Z x iPhoneOS16.5.sdk/System/Library/Frameworks/AVFAudio.framework/Headers/AVAudioSinkNode.h
2026-06-03T08:46:46.5677370Z x iPhoneOS16.5.sdk/System/Library/Frameworks/AVFAudio.framework/Headers/AVAudioUnitReverb.h
2026-06-03T08:46:46.5677850Z x iPhoneOS16.5.sdk/System/Library/Frameworks/AVFAudio.framework/Headers/AVAudioIONode.h
2026-06-03T08:46:46.5678330Z x iPhoneOS16.5.sdk/System/Library/Frameworks/AVFAudio.framework/Headers/AVAudioRecorder.h
2026-06-03T08:46:46.5678800Z x iPhoneOS16.5.sdk/System/Library/Frameworks/AVFAudio.framework/Headers/AVAudioFormat.h
2026-06-03T08:46:46.5679310Z x iPhoneOS16.5.sdk/System/Library/Frameworks/AVFAudio.framework/Headers/AVAudioSessionDeprecated.h
2026-06-03T08:46:46.5679850Z x iPhoneOS16.5.sdk/System/Library/Frameworks/AVFAudio.framework/Headers/AVAudioUnitTimePitch.h
2026-06-03T08:46:46.5680360Z x iPhoneOS16.5.sdk/System/Library/Frameworks/AVFAudio.framework/Headers/AVAudioUnitComponent.h
2026-06-03T08:46:46.5680850Z x iPhoneOS16.5.sdk/System/Library/Frameworks/AVFAudio.framework/Headers/AVAudioTime.h
2026-06-03T08:46:46.5681330Z x iPhoneOS16.5.sdk/System/Library/Frameworks/AVFAudio.framework/Headers/AVAudioChannelLayout.h
2026-06-03T08:46:46.5681830Z x iPhoneOS16.5.sdk/System/Library/Frameworks/AVFAudio.framework/Headers/AVSpeechSynthesis.h
2026-06-03T08:46:46.5682350Z x iPhoneOS16.5.sdk/System/Library/Frameworks/AVFAudio.framework/Headers/AVAudioSequencer.h
2026-06-03T08:46:46.5682920Z x iPhoneOS16.5.sdk/System/Library/Frameworks/AVFAudio.framework/Headers/AVFAudio.h
2026-06-03T08:46:46.5683400Z x iPhoneOS16.5.sdk/System/Library/Frameworks/AVFAudio.framework/Headers/AVAudioUnitEffect.h
2026-06-03T08:46:46.5683920Z x iPhoneOS16.5.sdk/System/Library/Frameworks/AVFAudio.framework/Headers/AVAudioUnitVarispeed.h
2026-06-03T08:46:46.5684430Z x iPhoneOS16.5.sdk/System/Library/Frameworks/AVFAudio.framework/Headers/AVAudioUnitSampler.h
2026-06-03T08:46:46.5684890Z x iPhoneOS16.5.sdk/System/Library/Frameworks/AVFAudio.framework/AVFAudio.tbd
2026-06-03T08:46:46.5685280Z x iPhoneOS16.5.sdk/System/Library/Frameworks/VideoToolbox.framework/
2026-06-03T08:46:46.5685670Z x iPhoneOS16.5.sdk/System/Library/Frameworks/VideoToolbox.framework/Modules/
2026-06-03T08:46:46.5686120Z x iPhoneOS16.5.sdk/System/Library/Frameworks/VideoToolbox.framework/Modules/module.modulemap
2026-06-03T08:46:46.5686640Z x iPhoneOS16.5.sdk/System/Library/Frameworks/VideoToolbox.framework/Headers/
2026-06-03T08:46:46.5687140Z x iPhoneOS16.5.sdk/System/Library/Frameworks/VideoToolbox.framework/Headers/VTPixelRotationProperties.h
2026-06-03T08:46:46.5687720Z x iPhoneOS16.5.sdk/System/Library/Frameworks/VideoToolbox.framework/Headers/VTDecompressionSession.h
2026-06-03T08:46:46.5688240Z x iPhoneOS16.5.sdk/System/Library/Frameworks/VideoToolbox.framework/Headers/VideoToolbox.h
2026-06-03T08:46:46.5688790Z x iPhoneOS16.5.sdk/System/Library/Frameworks/VideoToolbox.framework/Headers/VTPixelRotationSession.h
2026-06-03T08:46:46.5689330Z x iPhoneOS16.5.sdk/System/Library/Frameworks/VideoToolbox.framework/Headers/VideoToolbox.apinotes
2026-06-03T08:46:46.5689870Z x iPhoneOS16.5.sdk/System/Library/Frameworks/VideoToolbox.framework/Headers/VTCompressionSession.h
2026-06-03T08:46:46.5690440Z x iPhoneOS16.5.sdk/System/Library/Frameworks/VideoToolbox.framework/Headers/VTPixelTransferProperties.h
2026-06-03T08:46:46.5691920Z x iPhoneOS16.5.sdk/System/Library/Frameworks/VideoToolbox.framework/Headers/VTBase.h
2026-06-03T08:46:46.5692520Z x iPhoneOS16.5.sdk/System/Library/Frameworks/VideoToolbox.framework/Headers/VTSession.h
2026-06-03T08:46:46.5693060Z x iPhoneOS16.5.sdk/System/Library/Frameworks/VideoToolbox.framework/Headers/VTPixelTransferSession.h
2026-06-03T08:46:46.5693610Z x iPhoneOS16.5.sdk/System/Library/Frameworks/VideoToolbox.framework/Headers/VTMultiPassStorage.h
2026-06-03T08:46:46.5694250Z x iPhoneOS16.5.sdk/System/Library/Frameworks/VideoToolbox.framework/Headers/VTDecompressionProperties.h
2026-06-03T08:46:46.5694800Z x iPhoneOS16.5.sdk/System/Library/Frameworks/VideoToolbox.framework/Headers/VTFrameSilo.h
2026-06-03T08:46:46.5695330Z x iPhoneOS16.5.sdk/System/Library/Frameworks/VideoToolbox.framework/Headers/VTCompressionProperties.h
2026-06-03T08:46:46.5695990Z x iPhoneOS16.5.sdk/System/Library/Frameworks/VideoToolbox.framework/Headers/VTVideoEncoderList.h
2026-06-03T08:46:46.5696490Z x iPhoneOS16.5.sdk/System/Library/Frameworks/VideoToolbox.framework/Headers/VTErrors.h
2026-06-03T08:46:46.5697180Z x iPhoneOS16.5.sdk/System/Library/Frameworks/VideoToolbox.framework/Headers/VTUtilities.h
2026-06-03T08:46:46.5697700Z x iPhoneOS16.5.sdk/System/Library/Frameworks/VideoToolbox.framework/VideoToolbox.tbd
2026-06-03T08:46:46.5698160Z x iPhoneOS16.5.sdk/System/Library/Frameworks/SystemConfiguration.framework/
2026-06-03T08:46:46.5698600Z x iPhoneOS16.5.sdk/System/Library/Frameworks/SystemConfiguration.framework/Modules/
2026-06-03T08:46:46.5699110Z x iPhoneOS16.5.sdk/System/Library/Frameworks/SystemConfiguration.framework/Modules/module.modulemap
2026-06-03T08:46:46.5699620Z x iPhoneOS16.5.sdk/System/Library/Frameworks/SystemConfiguration.framework/Headers/
2026-06-03T08:46:46.5700150Z x iPhoneOS16.5.sdk/System/Library/Frameworks/SystemConfiguration.framework/Headers/SCNetworkConfiguration.h
2026-06-03T08:46:46.5700750Z x iPhoneOS16.5.sdk/System/Library/Frameworks/SystemConfiguration.framework/Headers/SystemConfiguration.h
2026-06-03T08:46:46.5701350Z x iPhoneOS16.5.sdk/System/Library/Frameworks/SystemConfiguration.framework/Headers/SCSchemaDefinitions.h
2026-06-03T08:46:46.5702060Z x iPhoneOS16.5.sdk/System/Library/Frameworks/SystemConfiguration.framework/Headers/SCDynamicStoreCopyDHCPInfo.h
2026-06-03T08:46:46.5702690Z x iPhoneOS16.5.sdk/System/Library/Frameworks/SystemConfiguration.framework/Headers/SCNetworkReachability.h
2026-06-03T08:46:46.5703380Z x iPhoneOS16.5.sdk/System/Library/Frameworks/SystemConfiguration.framework/Headers/SCDynamicStoreKey.h
2026-06-03T08:46:46.5703980Z x iPhoneOS16.5.sdk/System/Library/Frameworks/SystemConfiguration.framework/Headers/SCDynamicStore.h
2026-06-03T08:46:46.5704540Z x iPhoneOS16.5.sdk/System/Library/Frameworks/SystemConfiguration.framework/Headers/SCPreferencesPath.h
2026-06-03T08:46:46.5705250Z x iPhoneOS16.5.sdk/System/Library/Frameworks/SystemConfiguration.framework/Headers/SCDynamicStoreCopySpecific.h
2026-06-03T08:46:46.5705910Z x iPhoneOS16.5.sdk/System/Library/Frameworks/SystemConfiguration.framework/Headers/SCNetwork.h
2026-06-03T08:46:46.5706550Z x iPhoneOS16.5.sdk/System/Library/Frameworks/SystemConfiguration.framework/Headers/CaptiveNetwork.h
2026-06-03T08:46:46.5707100Z x iPhoneOS16.5.sdk/System/Library/Frameworks/SystemConfiguration.framework/Headers/SCPreferences.h
2026-06-03T08:46:46.5707760Z x iPhoneOS16.5.sdk/System/Library/Frameworks/SystemConfiguration.framework/Headers/SCNetworkConnection.h
2026-06-03T08:46:46.5714580Z x iPhoneOS16.5.sdk/System/Library/Frameworks/SystemConfiguration.framework/Headers/SCPreferencesSetSpecific.h
2026-06-03T08:46:46.5715410Z x iPhoneOS16.5.sdk/System/Library/Frameworks/SystemConfiguration.framework/Headers/DHCPClientPreferences.h
2026-06-03T08:46:46.5715990Z x iPhoneOS16.5.sdk/System/Library/Frameworks/SystemConfiguration.framework/SystemConfiguration.tbd
2026-06-03T08:46:46.5716490Z x iPhoneOS16.5.sdk/System/Library/Frameworks/MetalPerformanceShaders.framework/
2026-06-03T08:46:46.5716950Z x iPhoneOS16.5.sdk/System/Library/Frameworks/MetalPerformanceShaders.framework/Modules/
2026-06-03T08:46:46.5717510Z x iPhoneOS16.5.sdk/System/Library/Frameworks/MetalPerformanceShaders.framework/Modules/module.modulemap
2026-06-03T08:46:46.5718060Z x iPhoneOS16.5.sdk/System/Library/Frameworks/MetalPerformanceShaders.framework/Frameworks/
2026-06-03T08:46:46.5718630Z x iPhoneOS16.5.sdk/System/Library/Frameworks/MetalPerformanceShaders.framework/Frameworks/MPSNDArray.framework/
2026-06-03T08:46:46.5719290Z x iPhoneOS16.5.sdk/System/Library/Frameworks/MetalPerformanceShaders.framework/Frameworks/MPSNDArray.framework/Modules/
2026-06-03T08:46:46.5720030Z x iPhoneOS16.5.sdk/System/Library/Frameworks/MetalPerformanceShaders.framework/Frameworks/MPSNDArray.framework/Modules/module.modulemap
2026-06-03T08:46:46.5720930Z x iPhoneOS16.5.sdk/System/Library/Frameworks/MetalPerformanceShaders.framework/Frameworks/MPSNDArray.framework/Headers/
2026-06-03T08:46:46.5721720Z x iPhoneOS16.5.sdk/System/Library/Frameworks/MetalPerformanceShaders.framework/Frameworks/MPSNDArray.framework/Headers/MPSNDArrayMatrixMultiplication.h
2026-06-03T08:46:46.5722670Z x iPhoneOS16.5.sdk/System/Library/Frameworks/MetalPerformanceShaders.framework/Frameworks/MPSNDArray.framework/Headers/MPSNDArrayStridedSlice.h
2026-06-03T08:46:46.5724320Z x iPhoneOS16.5.sdk/System/Library/Frameworks/MetalPerformanceShaders.framework/Frameworks/MPSNDArray.framework/Headers/MPSNDArrayGradientState.h
2026-06-03T08:46:46.5725160Z x iPhoneOS16.5.sdk/System/Library/Frameworks/MetalPerformanceShaders.framework/Frameworks/MPSNDArray.framework/Headers/MPSNDArrayTypes.h
2026-06-03T08:46:46.5725950Z x iPhoneOS16.5.sdk/System/Library/Frameworks/MetalPerformanceShaders.framework/Frameworks/MPSNDArray.framework/Headers/MPSNDArrayGather.h
2026-06-03T08:46:46.5726730Z x iPhoneOS16.5.sdk/System/Library/Frameworks/MetalPerformanceShaders.framework/Frameworks/MPSNDArray.framework/Headers/MPSNDArray.h
2026-06-03T08:46:46.5727500Z x iPhoneOS16.5.sdk/System/Library/Frameworks/MetalPerformanceShaders.framework/Frameworks/MPSNDArray.framework/Headers/MPSNDArrayKernel.h
2026-06-03T08:46:46.5728410Z x iPhoneOS16.5.sdk/System/Library/Frameworks/MetalPerformanceShaders.framework/Frameworks/MPSNDArray.framework/MPSNDArray.tbd
2026-06-03T08:46:46.5729100Z x iPhoneOS16.5.sdk/System/Library/Frameworks/MetalPerformanceShaders.framework/Frameworks/MPSImage.framework/
2026-06-03T08:46:46.5729750Z x iPhoneOS16.5.sdk/System/Library/Frameworks/MetalPerformanceShaders.framework/Frameworks/MPSImage.framework/Modules/
2026-06-03T08:46:46.5730470Z x iPhoneOS16.5.sdk/System/Library/Frameworks/MetalPerformanceShaders.framework/Frameworks/MPSImage.framework/Modules/module.modulemap
2026-06-03T08:46:46.5731180Z x iPhoneOS16.5.sdk/System/Library/Frameworks/MetalPerformanceShaders.framework/Frameworks/MPSImage.framework/Headers/
2026-06-03T08:46:46.5731940Z x iPhoneOS16.5.sdk/System/Library/Frameworks/MetalPerformanceShaders.framework/Frameworks/MPSImage.framework/Headers/MPSImageConversion.h
2026-06-03T08:46:46.5732820Z x iPhoneOS16.5.sdk/System/Library/Frameworks/MetalPerformanceShaders.framework/Frameworks/MPSImage.framework/Headers/MPSImageThreshold.h
2026-06-03T08:46:46.5733720Z x iPhoneOS16.5.sdk/System/Library/Frameworks/MetalPerformanceShaders.framework/Frameworks/MPSImage.framework/Headers/MPSImageResampling.h
2026-06-03T08:46:46.5734500Z x iPhoneOS16.5.sdk/System/Library/Frameworks/MetalPerformanceShaders.framework/Frameworks/MPSImage.framework/Headers/MPSImageMedian.h
2026-06-03T08:46:46.5735260Z x iPhoneOS16.5.sdk/System/Library/Frameworks/MetalPerformanceShaders.framework/Frameworks/MPSImage.framework/Headers/MPSImageMath.h
2026-06-03T08:46:46.5736080Z x iPhoneOS16.5.sdk/System/Library/Frameworks/MetalPerformanceShaders.framework/Frameworks/MPSImage.framework/Headers/MPSImageIntegral.h
2026-06-03T08:46:46.5736860Z x iPhoneOS16.5.sdk/System/Library/Frameworks/MetalPerformanceShaders.framework/Frameworks/MPSImage.framework/Headers/MPSImageHistogram.h
2026-06-03T08:46:46.5737640Z x iPhoneOS16.5.sdk/System/Library/Frameworks/MetalPerformanceShaders.framework/Frameworks/MPSImage.framework/Headers/MPSImageMorphology.h
2026-06-03T08:46:46.5738440Z x iPhoneOS16.5.sdk/System/Library/Frameworks/MetalPerformanceShaders.framework/Frameworks/MPSImage.framework/Headers/MPSImage.h
2026-06-03T08:46:46.5739190Z x iPhoneOS16.5.sdk/System/Library/Frameworks/MetalPerformanceShaders.framework/Frameworks/MPSImage.framework/Headers/MPSImageReduce.h
2026-06-03T08:46:46.5739950Z x iPhoneOS16.5.sdk/System/Library/Frameworks/MetalPerformanceShaders.framework/Frameworks/MPSImage.framework/Headers/MPSImageKernel.h
2026-06-03T08:46:46.5740720Z x iPhoneOS16.5.sdk/System/Library/Frameworks/MetalPerformanceShaders.framework/Frameworks/MPSImage.framework/Headers/MPSImageTranspose.h
2026-06-03T08:46:46.5741520Z x iPhoneOS16.5.sdk/System/Library/Frameworks/MetalPerformanceShaders.framework/Frameworks/MPSImage.framework/Headers/MPSImageDistanceTransform.h
2026-06-03T08:46:46.5742320Z x iPhoneOS16.5.sdk/System/Library/Frameworks/MetalPerformanceShaders.framework/Frameworks/MPSImage.framework/Headers/MPSImageEDLines.h
2026-06-03T08:46:46.5743110Z x iPhoneOS16.5.sdk/System/Library/Frameworks/MetalPerformanceShaders.framework/Frameworks/MPSImage.framework/Headers/MPSImageStatistics.h
2026-06-03T08:46:46.5743900Z x iPhoneOS16.5.sdk/System/Library/Frameworks/MetalPerformanceShaders.framework/Frameworks/MPSImage.framework/Headers/MPSImageConvolution.h
2026-06-03T08:46:46.5744250Z x iPhoneOS16.5.sdk/System/Library/Frameworks/MetalPerformanceShaders.framework/Frameworks/MPSImage.framework/Headers/MPSImageKeypoint.h
2026-06-03T08:46:46.5744580Z x iPhoneOS16.5.sdk/System/Library/Frameworks/MetalPerformanceShaders.framework/Frameworks/MPSImage.framework/Headers/MPSImageTypes.h
2026-06-03T08:46:46.5744930Z x iPhoneOS16.5.sdk/System/Library/Frameworks/MetalPerformanceShaders.framework/Frameworks/MPSImage.framework/Headers/MPSImageCopy.h
2026-06-03T08:46:46.5745290Z x iPhoneOS16.5.sdk/System/Library/Frameworks/MetalPerformanceShaders.framework/Frameworks/MPSImage.framework/Headers/MPSImageGuidedFilter.h
2026-06-03T08:46:46.5745600Z x iPhoneOS16.5.sdk/System/Library/Frameworks/MetalPerformanceShaders.framework/Frameworks/MPSImage.framework/MPSImage.tbd
2026-06-03T08:46:46.5746450Z x iPhoneOS16.5.sdk/System/Library/Frameworks/MetalPerformanceShaders.framework/Frameworks/MPSNeuralNetwork.framework/
2026-06-03T08:46:46.5747040Z x iPhoneOS16.5.sdk/System/Library/Frameworks/MetalPerformanceShaders.framework/Frameworks/MPSNeuralNetwork.framework/Modules/
2026-06-03T08:46:46.5747430Z x iPhoneOS16.5.sdk/System/Library/Frameworks/MetalPerformanceShaders.framework/Frameworks/MPSNeuralNetwork.framework/Modules/module.modulemap
2026-06-03T08:46:46.5747760Z x iPhoneOS16.5.sdk/System/Library/Frameworks/MetalPerformanceShaders.framework/Frameworks/MPSNeuralNetwork.framework/Headers/
2026-06-03T08:46:46.5748170Z x iPhoneOS16.5.sdk/System/Library/Frameworks/MetalPerformanceShaders.framework/Frameworks/MPSNeuralNetwork.framework/Headers/MPSCNNBatchNormalization.h
2026-06-03T08:46:46.5748570Z x iPhoneOS16.5.sdk/System/Library/Frameworks/MetalPerformanceShaders.framework/Frameworks/MPSNeuralNetwork.framework/Headers/MPSNNGridSample.h
2026-06-03T08:46:46.5749190Z x iPhoneOS16.5.sdk/System/Library/Frameworks/MetalPerformanceShaders.framework/Frameworks/MPSNeuralNetwork.framework/Headers/MPSCNNDropout.h
2026-06-03T08:46:46.5749560Z x iPhoneOS16.5.sdk/System/Library/Frameworks/MetalPerformanceShaders.framework/Frameworks/MPSNeuralNetwork.framework/Headers/MPSCNNNeuron.h
2026-06-03T08:46:46.5749960Z x iPhoneOS16.5.sdk/System/Library/Frameworks/MetalPerformanceShaders.framework/Frameworks/MPSNeuralNetwork.framework/Headers/MPSMatrixFullyConnected.h
2026-06-03T08:46:46.5750340Z x iPhoneOS16.5.sdk/System/Library/Frameworks/MetalPerformanceShaders.framework/Frameworks/MPSNeuralNetwork.framework/Headers/MPSCNNNeuronType.h
2026-06-03T08:46:46.5750750Z x iPhoneOS16.5.sdk/System/Library/Frameworks/MetalPerformanceShaders.framework/Frameworks/MPSNeuralNetwork.framework/Headers/MPSCNNGroupNormalization.h
2026-06-03T08:46:46.5751130Z x iPhoneOS16.5.sdk/System/Library/Frameworks/MetalPerformanceShaders.framework/Frameworks/MPSNeuralNetwork.framework/Headers/MPSCNNUpsampling.h
2026-06-03T08:46:46.5751490Z x iPhoneOS16.5.sdk/System/Library/Frameworks/MetalPerformanceShaders.framework/Frameworks/MPSNeuralNetwork.framework/Headers/MPSNNSlice.h
2026-06-03T08:46:46.5751850Z x iPhoneOS16.5.sdk/System/Library/Frameworks/MetalPerformanceShaders.framework/Frameworks/MPSNeuralNetwork.framework/Headers/MPSNNGraph.h
2026-06-03T08:46:46.5752210Z x iPhoneOS16.5.sdk/System/Library/Frameworks/MetalPerformanceShaders.framework/Frameworks/MPSNeuralNetwork.framework/Headers/MPSMatrixSum.h
2026-06-03T08:46:46.5752580Z x iPhoneOS16.5.sdk/System/Library/Frameworks/MetalPerformanceShaders.framework/Frameworks/MPSNeuralNetwork.framework/Headers/MPSNNGraphNodes.h
2026-06-03T08:46:46.5752990Z x iPhoneOS16.5.sdk/System/Library/Frameworks/MetalPerformanceShaders.framework/Frameworks/MPSNeuralNetwork.framework/Headers/MPSCNNNormalization.h
2026-06-03T08:46:46.5753400Z x iPhoneOS16.5.sdk/System/Library/Frameworks/MetalPerformanceShaders.framework/Frameworks/MPSNeuralNetwork.framework/Headers/MPSNeuralNetworkTypes.h
2026-06-03T08:46:46.5753770Z x iPhoneOS16.5.sdk/System/Library/Frameworks/MetalPerformanceShaders.framework/Frameworks/MPSNeuralNetwork.framework/Headers/MPSCNNMath.h
2026-06-03T08:46:46.5754180Z x iPhoneOS16.5.sdk/System/Library/Frameworks/MetalPerformanceShaders.framework/Frameworks/MPSNeuralNetwork.framework/Headers/MPSCNNNormalizationWeights.h
2026-06-03T08:46:46.5754560Z x iPhoneOS16.5.sdk/System/Library/Frameworks/MetalPerformanceShaders.framework/Frameworks/MPSNeuralNetwork.framework/Headers/MPSCNNTypes.h
2026-06-03T08:46:46.5754940Z x iPhoneOS16.5.sdk/System/Library/Frameworks/MetalPerformanceShaders.framework/Frameworks/MPSNeuralNetwork.framework/Headers/MPSCNNConvolution.h
2026-06-03T08:46:46.5755320Z x iPhoneOS16.5.sdk/System/Library/Frameworks/MetalPerformanceShaders.framework/Frameworks/MPSNeuralNetwork.framework/Headers/MPSCNNSoftMax.h
2026-06-03T08:46:46.5755690Z x iPhoneOS16.5.sdk/System/Library/Frameworks/MetalPerformanceShaders.framework/Frameworks/MPSNeuralNetwork.framework/Headers/MPSNNReduce.h
2026-06-03T08:46:46.5756200Z x iPhoneOS16.5.sdk/System/Library/Frameworks/MetalPerformanceShaders.framework/Frameworks/MPSNeuralNetwork.framework/Headers/MPSMatrixBatchNormalization.h
2026-06-03T08:46:46.5756580Z x iPhoneOS16.5.sdk/System/Library/Frameworks/MetalPerformanceShaders.framework/Frameworks/MPSNeuralNetwork.framework/Headers/MPSRNNLayer.h
2026-06-03T08:46:46.5756970Z x iPhoneOS16.5.sdk/System/Library/Frameworks/MetalPerformanceShaders.framework/Frameworks/MPSNeuralNetwork.framework/Headers/MPSNNGradientState.h
2026-06-03T08:46:46.5757340Z x iPhoneOS16.5.sdk/System/Library/Frameworks/MetalPerformanceShaders.framework/Frameworks/MPSNeuralNetwork.framework/Headers/MPSNeuralNetwork.h
2026-06-03T08:46:46.5757730Z x iPhoneOS16.5.sdk/System/Library/Frameworks/MetalPerformanceShaders.framework/Frameworks/MPSNeuralNetwork.framework/Headers/MPSNNOptimizers.h
2026-06-03T08:46:46.5758240Z x iPhoneOS16.5.sdk/System/Library/Frameworks/MetalPerformanceShaders.framework/Frameworks/MPSNeuralNetwork.framework/Headers/MPSCNNInstanceNormalization.h
2026-06-03T08:46:46.5758640Z x iPhoneOS16.5.sdk/System/Library/Frameworks/MetalPerformanceShaders.framework/Frameworks/MPSNeuralNetwork.framework/Headers/MPSMatrixLayer.h
2026-06-03T08:46:46.5759020Z x iPhoneOS16.5.sdk/System/Library/Frameworks/MetalPerformanceShaders.framework/Frameworks/MPSNeuralNetwork.framework/Headers/MPSCNNLoss.h
2026-06-03T08:46:46.5759420Z x iPhoneOS16.5.sdk/System/Library/Frameworks/MetalPerformanceShaders.framework/Frameworks/MPSNeuralNetwork.framework/Headers/MPSCNNPooling.h
2026-06-03T08:46:46.5759820Z x iPhoneOS16.5.sdk/System/Library/Frameworks/MetalPerformanceShaders.framework/Frameworks/MPSNeuralNetwork.framework/Headers/MPSCNNKernel.h
2026-06-03T08:46:46.5760210Z x iPhoneOS16.5.sdk/System/Library/Frameworks/MetalPerformanceShaders.framework/Frameworks/MPSNeuralNetwork.framework/Headers/MPSMatrixNeuron.h
2026-06-03T08:46:46.5760600Z x iPhoneOS16.5.sdk/System/Library/Frameworks/MetalPerformanceShaders.framework/Frameworks/MPSNeuralNetwork.framework/Headers/MPSNNResize.h
2026-06-03T08:46:46.5760960Z x iPhoneOS16.5.sdk/System/Library/Frameworks/MetalPerformanceShaders.framework/Frameworks/MPSNeuralNetwork.framework/Headers/MPSNNReshape.h
2026-06-03T08:46:46.5761330Z x iPhoneOS16.5.sdk/System/Library/Frameworks/MetalPerformanceShaders.framework/Frameworks/MPSNeuralNetwork.framework/MPSNeuralNetwork.tbd
2026-06-03T08:46:46.5761610Z x iPhoneOS16.5.sdk/System/Library/Frameworks/MetalPerformanceShaders.framework/Frameworks/MPSMatrix.framework/
2026-06-03T08:46:46.5761910Z x iPhoneOS16.5.sdk/System/Library/Frameworks/MetalPerformanceShaders.framework/Frameworks/MPSMatrix.framework/Modules/
2026-06-03T08:46:46.5762270Z x iPhoneOS16.5.sdk/System/Library/Frameworks/MetalPerformanceShaders.framework/Frameworks/MPSMatrix.framework/Modules/module.modulemap
2026-06-03T08:46:46.5762590Z x iPhoneOS16.5.sdk/System/Library/Frameworks/MetalPerformanceShaders.framework/Frameworks/MPSMatrix.framework/Headers/
2026-06-03T08:46:46.5762950Z x iPhoneOS16.5.sdk/System/Library/Frameworks/MetalPerformanceShaders.framework/Frameworks/MPSMatrix.framework/Headers/MPSMatrixFindTopK.h
2026-06-03T08:46:46.5763380Z x iPhoneOS16.5.sdk/System/Library/Frameworks/MetalPerformanceShaders.framework/Frameworks/MPSMatrix.framework/Headers/MPSMatrixDecomposition.h
2026-06-03T08:46:46.5763710Z x iPhoneOS16.5.sdk/System/Library/Frameworks/MetalPerformanceShaders.framework/Frameworks/MPSMatrix.framework/Headers/MPSMatrix.h
2026-06-03T08:46:46.5764090Z x iPhoneOS16.5.sdk/System/Library/Frameworks/MetalPerformanceShaders.framework/Frameworks/MPSMatrix.framework/Headers/MPSMatrixCombination.h
2026-06-03T08:46:46.5764460Z x iPhoneOS16.5.sdk/System/Library/Frameworks/MetalPerformanceShaders.framework/Frameworks/MPSMatrix.framework/Headers/MPSMatrixMultiplication.h
2026-06-03T08:46:46.5764820Z x iPhoneOS16.5.sdk/System/Library/Frameworks/MetalPerformanceShaders.framework/Frameworks/MPSMatrix.framework/Headers/MPSMatrixRandom.h
2026-06-03T08:46:46.5765250Z x iPhoneOS16.5.sdk/System/Library/Frameworks/MetalPerformanceShaders.framework/Frameworks/MPSMatrix.framework/Headers/MPSMatrixSoftMax.h
2026-06-03T08:46:46.5765600Z x iPhoneOS16.5.sdk/System/Library/Frameworks/MetalPerformanceShaders.framework/Frameworks/MPSMatrix.framework/Headers/MPSMatrixTypes.h
2026-06-03T08:46:46.5765940Z x iPhoneOS16.5.sdk/System/Library/Frameworks/MetalPerformanceShaders.framework/Frameworks/MPSMatrix.framework/Headers/MPSMatrixSolve.h
2026-06-03T08:46:46.5766260Z x iPhoneOS16.5.sdk/System/Library/Frameworks/MetalPerformanceShaders.framework/Frameworks/MPSMatrix.framework/MPSMatrix.tbd
2026-06-03T08:46:46.5767200Z x iPhoneOS16.5.sdk/System/Library/Frameworks/MetalPerformanceShaders.framework/Frameworks/MPSCore.framework/
2026-06-03T08:46:46.5767500Z x iPhoneOS16.5.sdk/System/Library/Frameworks/MetalPerformanceShaders.framework/Frameworks/MPSCore.framework/Modules/
2026-06-03T08:46:46.5767920Z x iPhoneOS16.5.sdk/System/Library/Frameworks/MetalPerformanceShaders.framework/Frameworks/MPSCore.framework/Modules/module.modulemap
2026-06-03T08:46:46.5768210Z x iPhoneOS16.5.sdk/System/Library/Frameworks/MetalPerformanceShaders.framework/Frameworks/MPSCore.framework/Headers/
2026-06-03T08:46:46.5768570Z x iPhoneOS16.5.sdk/System/Library/Frameworks/MetalPerformanceShaders.framework/Frameworks/MPSCore.framework/Headers/MPSKeyedUnarchiver.h
2026-06-03T08:46:46.5768890Z x iPhoneOS16.5.sdk/System/Library/Frameworks/MetalPerformanceShaders.framework/Frameworks/MPSCore.framework/Headers/MPSKernel.h
2026-06-03T08:46:46.5769250Z x iPhoneOS16.5.sdk/System/Library/Frameworks/MetalPerformanceShaders.framework/Frameworks/MPSCore.framework/Headers/MPSCommandBuffer.h
2026-06-03T08:46:46.5769580Z x iPhoneOS16.5.sdk/System/Library/Frameworks/MetalPerformanceShaders.framework/Frameworks/MPSCore.framework/Headers/MPSMatrix.h
2026-06-03T08:46:46.5769900Z x iPhoneOS16.5.sdk/System/Library/Frameworks/MetalPerformanceShaders.framework/Frameworks/MPSCore.framework/Headers/MPSState.h
2026-06-03T08:46:46.5770240Z x iPhoneOS16.5.sdk/System/Library/Frameworks/MetalPerformanceShaders.framework/Frameworks/MPSCore.framework/Headers/MPSCoreTypes.h
2026-06-03T08:46:46.5770620Z x iPhoneOS16.5.sdk/System/Library/Frameworks/MetalPerformanceShaders.framework/Frameworks/MPSCore.framework/Headers/MPSImage.h
2026-06-03T08:46:46.5770940Z x iPhoneOS16.5.sdk/System/Library/Frameworks/MetalPerformanceShaders.framework/Frameworks/MPSCore.framework/Headers/MPSCore.h
2026-06-03T08:46:46.5771260Z x iPhoneOS16.5.sdk/System/Library/Frameworks/MetalPerformanceShaders.framework/Frameworks/MPSCore.framework/Headers/MPSNDArray.h
2026-06-03T08:46:46.5771600Z x iPhoneOS16.5.sdk/System/Library/Frameworks/MetalPerformanceShaders.framework/Frameworks/MPSCore.framework/Headers/MPSKernelTypes.h
2026-06-03T08:46:46.5772000Z x iPhoneOS16.5.sdk/System/Library/Frameworks/MetalPerformanceShaders.framework/Frameworks/MPSCore.framework/Headers/MPSFunctionConstantIndices.h
2026-06-03T08:46:46.5772330Z x iPhoneOS16.5.sdk/System/Library/Frameworks/MetalPerformanceShaders.framework/Frameworks/MPSCore.framework/MPSCore.tbd
2026-06-03T08:46:46.5772620Z x iPhoneOS16.5.sdk/System/Library/Frameworks/MetalPerformanceShaders.framework/Frameworks/MPSFunctions.framework/
2026-06-03T08:46:46.5772930Z x iPhoneOS16.5.sdk/System/Library/Frameworks/MetalPerformanceShaders.framework/Frameworks/MPSFunctions.framework/Modules/
2026-06-03T08:46:46.5773290Z x iPhoneOS16.5.sdk/System/Library/Frameworks/MetalPerformanceShaders.framework/Frameworks/MPSFunctions.framework/Modules/module.modulemap
2026-06-03T08:46:46.5773620Z x iPhoneOS16.5.sdk/System/Library/Frameworks/MetalPerformanceShaders.framework/Frameworks/MPSFunctions.framework/MPSFunctions.tbd
2026-06-03T08:46:46.5773920Z x iPhoneOS16.5.sdk/System/Library/Frameworks/MetalPerformanceShaders.framework/Frameworks/MPSRayIntersector.framework/
2026-06-03T08:46:46.5774250Z x iPhoneOS16.5.sdk/System/Library/Frameworks/MetalPerformanceShaders.framework/Frameworks/MPSRayIntersector.framework/Modules/
2026-06-03T08:46:46.5774810Z x iPhoneOS16.5.sdk/System/Library/Frameworks/MetalPerformanceShaders.framework/Frameworks/MPSRayIntersector.framework/Modules/module.modulemap
2026-06-03T08:46:46.5775170Z x iPhoneOS16.5.sdk/System/Library/Frameworks/MetalPerformanceShaders.framework/Frameworks/MPSRayIntersector.framework/Headers/
2026-06-03T08:46:46.5775660Z x iPhoneOS16.5.sdk/System/Library/Frameworks/MetalPerformanceShaders.framework/Frameworks/MPSRayIntersector.framework/Headers/MPSAccelerationStructureGroup.h
2026-06-03T08:46:46.5776690Z x iPhoneOS16.5.sdk/System/Library/Frameworks/MetalPerformanceShaders.framework/Frameworks/MPSRayIntersector.framework/Headers/MPSTriangleAccelerationStructure.h
2026-06-03T08:46:46.5777060Z x iPhoneOS16.5.sdk/System/Library/Frameworks/MetalPerformanceShaders.framework/Frameworks/MPSRayIntersector.framework/Headers/MPSSVGF.h
2026-06-03T08:46:46.5777460Z x iPhoneOS16.5.sdk/System/Library/Frameworks/MetalPerformanceShaders.framework/Frameworks/MPSRayIntersector.framework/Headers/MPSAccelerationStructure.h
2026-06-03T08:46:46.5777930Z x iPhoneOS16.5.sdk/System/Library/Frameworks/MetalPerformanceShaders.framework/Frameworks/MPSRayIntersector.framework/Headers/MPSPolygonBuffer.h
2026-06-03T08:46:46.5778360Z x iPhoneOS16.5.sdk/System/Library/Frameworks/MetalPerformanceShaders.framework/Frameworks/MPSRayIntersector.framework/Headers/MPSInstanceAccelerationStructure.h
2026-06-03T08:46:46.5778750Z x iPhoneOS16.5.sdk/System/Library/Frameworks/MetalPerformanceShaders.framework/Frameworks/MPSRayIntersector.framework/Headers/MPSTemporalAA.h
2026-06-03T08:46:46.5779200Z x iPhoneOS16.5.sdk/System/Library/Frameworks/MetalPerformanceShaders.framework/Frameworks/MPSRayIntersector.framework/Headers/MPSQuadrilateralAccelerationStructure.h
2026-06-03T08:46:46.5779630Z x iPhoneOS16.5.sdk/System/Library/Frameworks/MetalPerformanceShaders.framework/Frameworks/MPSRayIntersector.framework/Headers/MPSPolygonAccelerationStructure.h
2026-06-03T08:46:46.5780040Z x iPhoneOS16.5.sdk/System/Library/Frameworks/MetalPerformanceShaders.framework/Frameworks/MPSRayIntersector.framework/Headers/MPSRayIntersector.h
2026-06-03T08:46:46.5780450Z x iPhoneOS16.5.sdk/System/Library/Frameworks/MetalPerformanceShaders.framework/Frameworks/MPSRayIntersector.framework/Headers/MPSRayIntersectorTypes.h
2026-06-03T08:46:46.5780810Z x iPhoneOS16.5.sdk/System/Library/Frameworks/MetalPerformanceShaders.framework/Frameworks/MPSRayIntersector.framework/MPSRayIntersector.tbd
2026-06-03T08:46:46.5781080Z x iPhoneOS16.5.sdk/System/Library/Frameworks/MetalPerformanceShaders.framework/Headers/
2026-06-03T08:46:46.5781390Z x iPhoneOS16.5.sdk/System/Library/Frameworks/MetalPerformanceShaders.framework/Headers/MetalPerformanceShaders.apinotes
2026-06-03T08:46:46.5781680Z x iPhoneOS16.5.sdk/System/Library/Frameworks/MetalPerformanceShaders.framework/Headers/MetalPerformanceShaders.h
2026-06-03T08:46:46.5782680Z x iPhoneOS16.5.sdk/System/Library/Frameworks/MetalPerformanceShaders.framework/MetalPerformanceShaders.tbd
2026-06-03T08:46:46.5782830Z x iPhoneOS16.5.sdk/System/Library/Frameworks/Vision.framework/
2026-06-03T08:46:46.5782980Z x iPhoneOS16.5.sdk/System/Library/Frameworks/Vision.framework/Modules/
2026-06-03T08:46:46.5783170Z x iPhoneOS16.5.sdk/System/Library/Frameworks/Vision.framework/Modules/module.modulemap
2026-06-03T08:46:46.5783440Z x iPhoneOS16.5.sdk/System/Library/Frameworks/Vision.framework/Headers/
2026-06-03T08:46:46.5783680Z x iPhoneOS16.5.sdk/System/Library/Frameworks/Vision.framework/Headers/VNRequestRevisionProviding.h
2026-06-03T08:46:46.5784230Z x iPhoneOS16.5.sdk/System/Library/Frameworks/Vision.framework/Headers/VNGenerateObjectnessBasedSaliencyImageRequest.h
2026-06-03T08:46:46.5784520Z x iPhoneOS16.5.sdk/System/Library/Frameworks/Vision.framework/Headers/VNDetectDocumentSegmentationRequest.h
2026-06-03T08:46:46.5784760Z x iPhoneOS16.5.sdk/System/Library/Frameworks/Vision.framework/Headers/VNDetectTextRectanglesRequest.h
2026-06-03T08:46:46.5784980Z x iPhoneOS16.5.sdk/System/Library/Frameworks/Vision.framework/Headers/VNTrackRectangleRequest.h
2026-06-03T08:46:46.5785350Z x iPhoneOS16.5.sdk/System/Library/Frameworks/Vision.framework/Headers/VNGeometryUtils.h
2026-06-03T08:46:46.5785580Z x iPhoneOS16.5.sdk/System/Library/Frameworks/Vision.framework/Headers/VNRecognizeTextRequest.h
2026-06-03T08:46:46.5785810Z x iPhoneOS16.5.sdk/System/Library/Frameworks/Vision.framework/Headers/VNDetectRectanglesRequest.h
2026-06-03T08:46:46.5786060Z x iPhoneOS16.5.sdk/System/Library/Frameworks/Vision.framework/Headers/VNUtils.h
2026-06-03T08:46:46.5786300Z x iPhoneOS16.5.sdk/System/Library/Frameworks/Vision.framework/Headers/VNDetectHumanHandPoseRequest.h
2026-06-03T08:46:46.5786560Z x iPhoneOS16.5.sdk/System/Library/Frameworks/Vision.framework/Headers/VNGenerateImageFeaturePrintRequest.h
2026-06-03T08:46:46.5786800Z x iPhoneOS16.5.sdk/System/Library/Frameworks/Vision.framework/Headers/VNImageRegistrationRequest.h
2026-06-03T08:46:46.5787010Z x iPhoneOS16.5.sdk/System/Library/Frameworks/Vision.framework/Headers/VNDetectContoursRequest.h
2026-06-03T08:46:46.5787330Z x iPhoneOS16.5.sdk/System/Library/Frameworks/Vision.framework/Headers/VNDetectHorizonRequest.h
2026-06-03T08:46:46.5787520Z x iPhoneOS16.5.sdk/System/Library/Frameworks/Vision.framework/Headers/VNDetectedPoint.h
2026-06-03T08:46:46.5787780Z x iPhoneOS16.5.sdk/System/Library/Frameworks/Vision.framework/Headers/VNDetectFaceCaptureQualityRequest.h
2026-06-03T08:46:46.5788020Z x iPhoneOS16.5.sdk/System/Library/Frameworks/Vision.framework/Headers/VNDefines.h
2026-06-03T08:46:46.5788240Z x iPhoneOS16.5.sdk/System/Library/Frameworks/Vision.framework/Headers/VNTargetedImageRequest.h
2026-06-03T08:46:46.5788480Z x iPhoneOS16.5.sdk/System/Library/Frameworks/Vision.framework/Headers/VNDetectHumanBodyPoseRequest.h
2026-06-03T08:46:46.5788720Z x iPhoneOS16.5.sdk/System/Library/Frameworks/Vision.framework/Headers/VNDetectFaceLandmarksRequest.h
2026-06-03T08:46:46.5788990Z x iPhoneOS16.5.sdk/System/Library/Frameworks/Vision.framework/Headers/VNGeneratePersonSegmentationRequest.h
2026-06-03T08:46:46.5789180Z x iPhoneOS16.5.sdk/System/Library/Frameworks/Vision.framework/Headers/VNFaceLandmarks.h
2026-06-03T08:46:46.5791410Z x iPhoneOS16.5.sdk/System/Library/Frameworks/Vision.framework/Headers/VNTypes.h
2026-06-03T08:46:46.5792620Z x iPhoneOS16.5.sdk/System/Library/Frameworks/Vision.framework/Headers/VNRequestHandler.h
2026-06-03T08:46:46.5793540Z x iPhoneOS16.5.sdk/System/Library/Frameworks/Vision.framework/Headers/VNTrackingRequest.h
2026-06-03T08:46:46.5794310Z x iPhoneOS16.5.sdk/System/Library/Frameworks/Vision.framework/Headers/VNCoreMLRequest.h
2026-06-03T08:46:46.5795320Z x iPhoneOS16.5.sdk/System/Library/Frameworks/Vision.framework/Headers/VNRecognizeAnimalsRequest.h
2026-06-03T08:46:46.5796130Z x iPhoneOS16.5.sdk/System/Library/Frameworks/Vision.framework/Headers/VNClassifyImageRequest.h
2026-06-03T08:46:46.5797540Z x iPhoneOS16.5.sdk/System/Library/Frameworks/Vision.framework/Headers/Vision.h
2026-06-03T08:46:46.5802830Z x iPhoneOS16.5.sdk/System/Library/Frameworks/Vision.framework/Headers/VNObservation.h
2026-06-03T08:46:46.5803730Z x iPhoneOS16.5.sdk/System/Library/Frameworks/Vision.framework/Headers/VNDetectTrajectoriesRequest.h
2026-06-03T08:46:46.5804680Z x iPhoneOS16.5.sdk/System/Library/Frameworks/Vision.framework/Headers/Vision.apinotes
2026-06-03T08:46:46.5805880Z x iPhoneOS16.5.sdk/System/Library/Frameworks/Vision.framework/Headers/VNDetectBarcodesRequest.h
2026-06-03T08:46:46.5806800Z x iPhoneOS16.5.sdk/System/Library/Frameworks/Vision.framework/Headers/VNVideoProcessor.h
2026-06-03T08:46:46.5807580Z x iPhoneOS16.5.sdk/System/Library/Frameworks/Vision.framework/Headers/VNGenerateOpticalFlowRequest.h
2026-06-03T08:46:46.5808450Z x iPhoneOS16.5.sdk/System/Library/Frameworks/Vision.framework/Headers/VNError.h
2026-06-03T08:46:46.5809400Z x iPhoneOS16.5.sdk/System/Library/Frameworks/Vision.framework/Headers/VNStatefulRequest.h
2026-06-03T08:46:46.5810470Z x iPhoneOS16.5.sdk/System/Library/Frameworks/Vision.framework/Headers/VNDetectFaceRectanglesRequest.h
2026-06-03T08:46:46.5811490Z x iPhoneOS16.5.sdk/System/Library/Frameworks/Vision.framework/Headers/VNGenerateAttentionBasedSaliencyImageRequest.h
2026-06-03T08:46:46.5812850Z x iPhoneOS16.5.sdk/System/Library/Frameworks/Vision.framework/Headers/VNRequest.h
2026-06-03T08:46:46.5813290Z x iPhoneOS16.5.sdk/System/Library/Frameworks/Vision.framework/Headers/VNTrackObjectRequest.h
2026-06-03T08:46:46.5814020Z x iPhoneOS16.5.sdk/System/Library/Frameworks/Vision.framework/Headers/VNFaceObservationAccepting.h
2026-06-03T08:46:46.5814870Z x iPhoneOS16.5.sdk/System/Library/Frameworks/Vision.framework/Headers/VNGeometry.h
2026-06-03T08:46:46.5821470Z x iPhoneOS16.5.sdk/System/Library/Frameworks/Vision.framework/Headers/VNDetectHumanRectanglesRequest.h
2026-06-03T08:46:46.5822380Z x iPhoneOS16.5.sdk/System/Library/Frameworks/Vision.framework/libfaceCore.tbd
2026-06-03T08:46:46.5823430Z x iPhoneOS16.5.sdk/System/Library/Frameworks/Vision.framework/Vision.tbd
2026-06-03T08:46:46.5824040Z x iPhoneOS16.5.sdk/System/Library/Frameworks/CloudKit.framework/
2026-06-03T08:46:46.5824510Z x iPhoneOS16.5.sdk/System/Library/Frameworks/CloudKit.framework/Modules/
2026-06-03T08:46:46.5825040Z x iPhoneOS16.5.sdk/System/Library/Frameworks/CloudKit.framework/Modules/CloudKit.swiftmodule/
2026-06-03T08:46:46.5830290Z x iPhoneOS16.5.sdk/System/Library/Frameworks/CloudKit.framework/Modules/CloudKit.swiftmodule/arm64e-apple-ios.swiftdoc
2026-06-03T08:46:46.5835190Z x iPhoneOS16.5.sdk/System/Library/Frameworks/CloudKit.framework/Modules/CloudKit.swiftmodule/arm64-apple-ios.swiftdoc
2026-06-03T08:46:46.5839090Z x iPhoneOS16.5.sdk/System/Library/Frameworks/CloudKit.framework/Modules/CloudKit.swiftmodule/arm64e-apple-ios.swiftinterface
2026-06-03T08:46:46.5843250Z x iPhoneOS16.5.sdk/System/Library/Frameworks/CloudKit.framework/Modules/CloudKit.swiftmodule/arm64-apple-ios.swiftinterface
2026-06-03T08:46:46.5844290Z x iPhoneOS16.5.sdk/System/Library/Frameworks/CloudKit.framework/Modules/module.modulemap
2026-06-03T08:46:46.5861780Z x iPhoneOS16.5.sdk/System/Library/Frameworks/CloudKit.framework/CloudKit.tbd
2026-06-03T08:46:46.5862030Z x iPhoneOS16.5.sdk/System/Library/Frameworks/CloudKit.framework/Headers/
2026-06-03T08:46:46.5863210Z x iPhoneOS16.5.sdk/System/Library/Frameworks/CloudKit.framework/Headers/CKFetchNotificationChangesOperation.h
2026-06-03T08:46:46.5864110Z x iPhoneOS16.5.sdk/System/Library/Frameworks/CloudKit.framework/Headers/CKFetchShareParticipantsOperation.h
2026-06-03T08:46:46.5865000Z x iPhoneOS16.5.sdk/System/Library/Frameworks/CloudKit.framework/Headers/NSItemProvider+CKSharingSupport.h
2026-06-03T08:46:46.5866050Z x iPhoneOS16.5.sdk/System/Library/Frameworks/CloudKit.framework/Headers/CKError.h
2026-06-03T08:46:46.5867410Z x iPhoneOS16.5.sdk/System/Library/Frameworks/CloudKit.framework/Headers/CKAsset.h
2026-06-03T08:46:46.5868390Z x iPhoneOS16.5.sdk/System/Library/Frameworks/CloudKit.framework/Headers/CKFetchRecordZoneChangesOperation.h
2026-06-03T08:46:46.5869400Z x iPhoneOS16.5.sdk/System/Library/Frameworks/CloudKit.framework/Headers/CKOperationGroup.h
2026-06-03T08:46:46.5874360Z x iPhoneOS16.5.sdk/System/Library/Frameworks/CloudKit.framework/Headers/CKNotification.h
2026-06-03T08:46:46.5875340Z x iPhoneOS16.5.sdk/System/Library/Frameworks/CloudKit.framework/Headers/CKFetchRecordChangesOperation.h
2026-06-03T08:46:46.5876880Z x iPhoneOS16.5.sdk/System/Library/Frameworks/CloudKit.framework/Headers/CKContainer.h
2026-06-03T08:46:46.5877570Z x iPhoneOS16.5.sdk/System/Library/Frameworks/CloudKit.framework/Headers/CKQuery.h
2026-06-03T08:46:46.5878600Z x iPhoneOS16.5.sdk/System/Library/Frameworks/CloudKit.framework/Headers/CKOperation.h
2026-06-03T08:46:46.5879530Z x iPhoneOS16.5.sdk/System/Library/Frameworks/CloudKit.framework/Headers/CKFetchWebAuthTokenOperation.h
2026-06-03T08:46:46.5880360Z x iPhoneOS16.5.sdk/System/Library/Frameworks/CloudKit.framework/Headers/CKAllowedSharingOptions.h
2026-06-03T08:46:46.5881180Z x iPhoneOS16.5.sdk/System/Library/Frameworks/CloudKit.framework/Headers/CKRecordZone.h
2026-06-03T08:46:46.5882450Z x iPhoneOS16.5.sdk/System/Library/Frameworks/CloudKit.framework/Headers/CKUserIdentityLookupInfo.h
2026-06-03T08:46:46.5883030Z x iPhoneOS16.5.sdk/System/Library/Frameworks/CloudKit.framework/Headers/CKRecordID.h
2026-06-03T08:46:46.5883880Z x iPhoneOS16.5.sdk/System/Library/Frameworks/CloudKit.framework/Headers/CKFetchShareMetadataOperation.h
2026-06-03T08:46:46.5888410Z x iPhoneOS16.5.sdk/System/Library/Frameworks/CloudKit.framework/Headers/CloudKit.apinotes
2026-06-03T08:46:46.5889390Z x iPhoneOS16.5.sdk/System/Library/Frameworks/CloudKit.framework/Headers/CKFetchRecordsOperation.h
2026-06-03T08:46:46.5890860Z x iPhoneOS16.5.sdk/System/Library/Frameworks/CloudKit.framework/Headers/CKShare.h
2026-06-03T08:46:46.5891140Z x iPhoneOS16.5.sdk/System/Library/Frameworks/CloudKit.framework/Headers/CloudKit.h
2026-06-03T08:46:46.5892230Z x iPhoneOS16.5.sdk/System/Library/Frameworks/CloudKit.framework/Headers/CKShareMetadata.h
2026-06-03T08:46:46.5893160Z x iPhoneOS16.5.sdk/System/Library/Frameworks/CloudKit.framework/Headers/CKUserIdentity.h
2026-06-03T08:46:46.5894030Z x iPhoneOS16.5.sdk/System/Library/Frameworks/CloudKit.framework/Headers/CKAcceptSharesOperation.h
2026-06-03T08:46:46.5894930Z x iPhoneOS16.5.sdk/System/Library/Frameworks/CloudKit.framework/Headers/CKDefines.h
2026-06-03T08:46:46.5896100Z x iPhoneOS16.5.sdk/System/Library/Frameworks/CloudKit.framework/Headers/CKFetchRecordZonesOperation.h
2026-06-03T08:46:46.5897040Z x iPhoneOS16.5.sdk/System/Library/Frameworks/CloudKit.framework/Headers/CKFetchDatabaseChangesOperation.h
2026-06-03T08:46:46.5898080Z x iPhoneOS16.5.sdk/System/Library/Frameworks/CloudKit.framework/Headers/CKSystemSharingUIObserver.h
2026-06-03T08:46:46.5899250Z x iPhoneOS16.5.sdk/System/Library/Frameworks/CloudKit.framework/Headers/CKLocationSortDescriptor.h
2026-06-03T08:46:46.5900010Z x iPhoneOS16.5.sdk/System/Library/Frameworks/CloudKit.framework/Headers/CKModifyRecordZonesOperation.h
2026-06-03T08:46:46.5901770Z x iPhoneOS16.5.sdk/System/Library/Frameworks/CloudKit.framework/Headers/CKDiscoverAllUserIdentitiesOperation.h
2026-06-03T08:46:46.5905700Z x iPhoneOS16.5.sdk/System/Library/Frameworks/CloudKit.framework/Headers/CKQueryOperation.h
2026-06-03T08:46:46.5906760Z x iPhoneOS16.5.sdk/System/Library/Frameworks/CloudKit.framework/Headers/CKSubscription.h
2026-06-03T08:46:46.5907710Z x iPhoneOS16.5.sdk/System/Library/Frameworks/CloudKit.framework/Headers/CKDatabase.h
2026-06-03T08:46:46.5908870Z x iPhoneOS16.5.sdk/System/Library/Frameworks/CloudKit.framework/Headers/CKDatabaseOperation.h
2026-06-03T08:46:46.5909670Z x iPhoneOS16.5.sdk/System/Library/Frameworks/CloudKit.framework/Headers/CKRecordZoneID.h
2026-06-03T08:46:46.5911100Z x iPhoneOS16.5.sdk/System/Library/Frameworks/CloudKit.framework/Headers/CKServerChangeToken.h
2026-06-03T08:46:46.5911930Z x iPhoneOS16.5.sdk/System/Library/Frameworks/CloudKit.framework/Headers/CKRecord.h
2026-06-03T08:46:46.5912830Z x iPhoneOS16.5.sdk/System/Library/Frameworks/CloudKit.framework/Headers/CKShareParticipant.h
2026-06-03T08:46:46.5913720Z x iPhoneOS16.5.sdk/System/Library/Frameworks/CloudKit.framework/Headers/CKMarkNotificationsReadOperation.h
2026-06-03T08:46:46.5914480Z x iPhoneOS16.5.sdk/System/Library/Frameworks/CloudKit.framework/Headers/CKModifySubscriptionsOperation.h
2026-06-03T08:46:46.5916070Z x iPhoneOS16.5.sdk/System/Library/Frameworks/CloudKit.framework/Headers/CKDiscoverUserIdentitiesOperation.h
2026-06-03T08:46:46.5916520Z x iPhoneOS16.5.sdk/System/Library/Frameworks/CloudKit.framework/Headers/CKModifyRecordsOperation.h
2026-06-03T08:46:46.5917370Z x iPhoneOS16.5.sdk/System/Library/Frameworks/CloudKit.framework/Headers/CKModifyBadgeOperation.h
2026-06-03T08:46:46.5922600Z x iPhoneOS16.5.sdk/System/Library/Frameworks/CloudKit.framework/Headers/CKReference.h
2026-06-03T08:46:46.5923640Z x iPhoneOS16.5.sdk/System/Library/Frameworks/CloudKit.framework/Headers/CKFetchSubscriptionsOperation.h
2026-06-03T08:46:46.5924000Z x iPhoneOS16.5.sdk/System/Library/Frameworks/MultipeerConnectivity.framework/
2026-06-03T08:46:46.5924480Z x iPhoneOS16.5.sdk/System/Library/Frameworks/MultipeerConnectivity.framework/Modules/
2026-06-03T08:46:46.5927250Z x iPhoneOS16.5.sdk/System/Library/Frameworks/MultipeerConnectivity.framework/Modules/module.modulemap
2026-06-03T08:46:46.5927530Z x iPhoneOS16.5.sdk/System/Library/Frameworks/MultipeerConnectivity.framework/Headers/
2026-06-03T08:46:46.5928140Z x iPhoneOS16.5.sdk/System/Library/Frameworks/MultipeerConnectivity.framework/Headers/MultipeerConnectivity.h
2026-06-03T08:46:46.5929190Z x iPhoneOS16.5.sdk/System/Library/Frameworks/MultipeerConnectivity.framework/Headers/MCError.h
2026-06-03T08:46:46.5930410Z x iPhoneOS16.5.sdk/System/Library/Frameworks/MultipeerConnectivity.framework/Headers/MCNearbyServiceBrowser.h
2026-06-03T08:46:46.5931300Z x iPhoneOS16.5.sdk/System/Library/Frameworks/MultipeerConnectivity.framework/Headers/MCBrowserViewController.h
2026-06-03T08:46:46.5932480Z x iPhoneOS16.5.sdk/System/Library/Frameworks/MultipeerConnectivity.framework/Headers/MCSession.h
2026-06-03T08:46:46.5934320Z x iPhoneOS16.5.sdk/System/Library/Frameworks/MultipeerConnectivity.framework/Headers/MCNearbyServiceAdvertiser.h
2026-06-03T08:46:46.5935520Z x iPhoneOS16.5.sdk/System/Library/Frameworks/MultipeerConnectivity.framework/Headers/MCPeerID.h
2026-06-03T08:46:46.5936440Z x iPhoneOS16.5.sdk/System/Library/Frameworks/MultipeerConnectivity.framework/Headers/MultipeerConnectivity.apinotes
2026-06-03T08:46:46.5937590Z x iPhoneOS16.5.sdk/System/Library/Frameworks/MultipeerConnectivity.framework/Headers/MCAdvertiserAssistant.h
2026-06-03T08:46:46.5938160Z x iPhoneOS16.5.sdk/System/Library/Frameworks/MultipeerConnectivity.framework/MultipeerConnectivity.tbd
2026-06-03T08:46:46.5939240Z x iPhoneOS16.5.sdk/System/Library/Frameworks/CarKey.framework/
2026-06-03T08:46:46.5939610Z x iPhoneOS16.5.sdk/System/Library/Frameworks/CarKey.framework/Modules/
2026-06-03T08:46:46.5941010Z x iPhoneOS16.5.sdk/System/Library/Frameworks/CarKey.framework/Modules/CarKey.swiftmodule/
2026-06-03T08:46:46.5945580Z x iPhoneOS16.5.sdk/System/Library/Frameworks/CarKey.framework/Modules/CarKey.swiftmodule/arm64e-apple-ios.swiftdoc
2026-06-03T08:46:46.5950220Z x iPhoneOS16.5.sdk/System/Library/Frameworks/CarKey.framework/Modules/CarKey.swiftmodule/arm64-apple-ios.swiftdoc
2026-06-03T08:46:46.5951840Z x iPhoneOS16.5.sdk/System/Library/Frameworks/CarKey.framework/Modules/CarKey.swiftmodule/arm64e-apple-ios.swiftinterface
2026-06-03T08:46:46.5952430Z x iPhoneOS16.5.sdk/System/Library/Frameworks/CarKey.framework/Modules/CarKey.swiftmodule/arm64-apple-ios.swiftinterface
2026-06-03T08:46:46.5953410Z x iPhoneOS16.5.sdk/System/Library/Frameworks/CarKey.framework/CarKey.tbd
2026-06-03T08:46:46.5953910Z x iPhoneOS16.5.sdk/System/Library/Frameworks/HealthKitUI.framework/
2026-06-03T08:46:46.5955120Z x iPhoneOS16.5.sdk/System/Library/Frameworks/HealthKitUI.framework/Modules/
2026-06-03T08:46:46.5955540Z x iPhoneOS16.5.sdk/System/Library/Frameworks/HealthKitUI.framework/Modules/module.modulemap
2026-06-03T08:46:46.5955950Z x iPhoneOS16.5.sdk/System/Library/Frameworks/HealthKitUI.framework/Headers/
2026-06-03T08:46:46.5956900Z x iPhoneOS16.5.sdk/System/Library/Frameworks/HealthKitUI.framework/Headers/HealthKitUI.h
2026-06-03T08:46:46.5957800Z x iPhoneOS16.5.sdk/System/Library/Frameworks/HealthKitUI.framework/Headers/HKActivityRingView.h
2026-06-03T08:46:46.5959040Z x iPhoneOS16.5.sdk/System/Library/Frameworks/HealthKitUI.framework/HealthKitUI.tbd
2026-06-03T08:46:46.5959560Z x iPhoneOS16.5.sdk/System/Library/Frameworks/NaturalLanguage.framework/
2026-06-03T08:46:46.5960110Z x iPhoneOS16.5.sdk/System/Library/Frameworks/NaturalLanguage.framework/Modules/
2026-06-03T08:46:46.5961400Z x iPhoneOS16.5.sdk/System/Library/Frameworks/NaturalLanguage.framework/Modules/module.modulemap
2026-06-03T08:46:46.5961620Z x iPhoneOS16.5.sdk/System/Library/Frameworks/NaturalLanguage.framework/Headers/
2026-06-03T08:46:46.5962480Z x iPhoneOS16.5.sdk/System/Library/Frameworks/NaturalLanguage.framework/Headers/NLLanguage.h
2026-06-03T08:46:46.5963460Z x iPhoneOS16.5.sdk/System/Library/Frameworks/NaturalLanguage.framework/Headers/NLLanguageRecognizer.h
2026-06-03T08:46:46.5968890Z x iPhoneOS16.5.sdk/System/Library/Frameworks/NaturalLanguage.framework/Headers/NLTagger.h
2026-06-03T08:46:46.5969700Z x iPhoneOS16.5.sdk/System/Library/Frameworks/NaturalLanguage.framework/Headers/NLTagScheme.h
2026-06-03T08:46:46.5970670Z x iPhoneOS16.5.sdk/System/Library/Frameworks/NaturalLanguage.framework/Headers/NLEmbedding.h
2026-06-03T08:46:46.5971700Z x iPhoneOS16.5.sdk/System/Library/Frameworks/NaturalLanguage.framework/Headers/NLModel.h
2026-06-03T08:46:46.5972630Z x iPhoneOS16.5.sdk/System/Library/Frameworks/NaturalLanguage.framework/Headers/NLTokenizer.h
2026-06-03T08:46:46.5974170Z x iPhoneOS16.5.sdk/System/Library/Frameworks/NaturalLanguage.framework/Headers/NLGazetteer.h
2026-06-03T08:46:46.5974720Z x iPhoneOS16.5.sdk/System/Library/Frameworks/NaturalLanguage.framework/Headers/NaturalLanguage.h
2026-06-03T08:46:46.5975810Z x iPhoneOS16.5.sdk/System/Library/Frameworks/NaturalLanguage.framework/NaturalLanguage.tbd
2026-06-03T08:46:46.5976430Z x iPhoneOS16.5.sdk/System/Library/Frameworks/SafetyKit.framework/
2026-06-03T08:46:46.5976890Z x iPhoneOS16.5.sdk/System/Library/Frameworks/SafetyKit.framework/Modules/
2026-06-03T08:46:46.5977770Z x iPhoneOS16.5.sdk/System/Library/Frameworks/SafetyKit.framework/Modules/module.modulemap
2026-06-03T08:46:46.5978280Z x iPhoneOS16.5.sdk/System/Library/Frameworks/SafetyKit.framework/Headers/
2026-06-03T08:46:46.5979310Z x iPhoneOS16.5.sdk/System/Library/Frameworks/SafetyKit.framework/Headers/SACrashDetectionEvent.h
2026-06-03T08:46:46.5980600Z x iPhoneOS16.5.sdk/System/Library/Frameworks/SafetyKit.framework/Headers/SAAuthorizationStatus.h
2026-06-03T08:46:46.5981200Z x iPhoneOS16.5.sdk/System/Library/Frameworks/SafetyKit.framework/Headers/SAError.h
2026-06-03T08:46:46.5982380Z x iPhoneOS16.5.sdk/System/Library/Frameworks/SafetyKit.framework/Headers/SAEmergencyResponseManager.h
2026-06-03T08:46:46.5983330Z x iPhoneOS16.5.sdk/System/Library/Frameworks/SafetyKit.framework/Headers/SACrashDetectionManager.h
2026-06-03T08:46:46.5984170Z x iPhoneOS16.5.sdk/System/Library/Frameworks/SafetyKit.framework/Headers/SABase.h
2026-06-03T08:46:46.5985850Z x iPhoneOS16.5.sdk/System/Library/Frameworks/SafetyKit.framework/Headers/SafetyKit.h
2026-06-03T08:46:46.5986200Z x iPhoneOS16.5.sdk/System/Library/Frameworks/SafetyKit.framework/SafetyKit.tbd
2026-06-03T08:46:46.5986760Z x iPhoneOS16.5.sdk/System/Library/Frameworks/MediaAccessibility.framework/
2026-06-03T08:46:46.5987260Z x iPhoneOS16.5.sdk/System/Library/Frameworks/MediaAccessibility.framework/Modules/
2026-06-03T08:46:46.5988130Z x iPhoneOS16.5.sdk/System/Library/Frameworks/MediaAccessibility.framework/Modules/module.modulemap
2026-06-03T08:46:46.5993140Z x iPhoneOS16.5.sdk/System/Library/Frameworks/MediaAccessibility.framework/Headers/
2026-06-03T08:46:46.5994190Z x iPhoneOS16.5.sdk/System/Library/Frameworks/MediaAccessibility.framework/Headers/MAImageCaptioning.h
2026-06-03T08:46:46.5995100Z x iPhoneOS16.5.sdk/System/Library/Frameworks/MediaAccessibility.framework/Headers/MediaAccessibility.h
2026-06-03T08:46:46.5996390Z x iPhoneOS16.5.sdk/System/Library/Frameworks/MediaAccessibility.framework/Headers/MAAudibleMedia.h
2026-06-03T08:46:46.5997410Z x iPhoneOS16.5.sdk/System/Library/Frameworks/MediaAccessibility.framework/Headers/MACaptionAppearance.h
2026-06-03T08:46:46.5998490Z x iPhoneOS16.5.sdk/System/Library/Frameworks/MediaAccessibility.framework/Headers/MAVideoAccommodations.h
2026-06-03T08:46:46.5999750Z x iPhoneOS16.5.sdk/System/Library/Frameworks/MediaAccessibility.framework/Headers/MADefinitions.h
2026-06-03T08:46:46.6000810Z x iPhoneOS16.5.sdk/System/Library/Frameworks/MediaAccessibility.framework/MediaAccessibility.tbd
2026-06-03T08:46:46.6001240Z x iPhoneOS16.5.sdk/System/Library/Frameworks/TabularData.framework/
2026-06-03T08:46:46.6001650Z x iPhoneOS16.5.sdk/System/Library/Frameworks/TabularData.framework/Modules/
2026-06-03T08:46:46.6002840Z x iPhoneOS16.5.sdk/System/Library/Frameworks/TabularData.framework/Modules/TabularData.swiftmodule/
2026-06-03T08:46:46.6037480Z x iPhoneOS16.5.sdk/System/Library/Frameworks/TabularData.framework/Modules/TabularData.swiftmodule/arm64e-apple-ios.swiftdoc
2026-06-03T08:46:46.6045020Z x iPhoneOS16.5.sdk/System/Library/Frameworks/TabularData.framework/Modules/TabularData.swiftmodule/arm64-apple-ios.swiftdoc
2026-06-03T08:46:46.6051290Z x iPhoneOS16.5.sdk/System/Library/Frameworks/TabularData.framework/Modules/TabularData.swiftmodule/arm64e-apple-ios.swiftinterface
2026-06-03T08:46:46.6054010Z x iPhoneOS16.5.sdk/System/Library/Frameworks/TabularData.framework/Modules/TabularData.swiftmodule/arm64-apple-ios.swiftinterface
2026-06-03T08:46:46.6061250Z x iPhoneOS16.5.sdk/System/Library/Frameworks/TabularData.framework/TabularData.tbd
2026-06-03T08:46:46.6061860Z x iPhoneOS16.5.sdk/System/Library/Frameworks/Matter.framework/
2026-06-03T08:46:46.6063410Z x iPhoneOS16.5.sdk/System/Library/Frameworks/Matter.framework/Modules/
2026-06-03T08:46:46.6064310Z x iPhoneOS16.5.sdk/System/Library/Frameworks/Matter.framework/Modules/module.modulemap
2026-06-03T08:46:46.6065000Z x iPhoneOS16.5.sdk/System/Library/Frameworks/Matter.framework/Headers/
2026-06-03T08:46:46.6066090Z x iPhoneOS16.5.sdk/System/Library/Frameworks/Matter.framework/Headers/MTRDeviceAttestationInfo.h
2026-06-03T08:46:46.6071180Z x iPhoneOS16.5.sdk/System/Library/Frameworks/Matter.framework/Headers/MTROTAProviderDelegate.h
2026-06-03T08:46:46.6072140Z x iPhoneOS16.5.sdk/System/Library/Frameworks/Matter.framework/Headers/MTRDefines.h
2026-06-03T08:46:46.6073160Z x iPhoneOS16.5.sdk/System/Library/Frameworks/Matter.framework/Headers/MTRThreadOperationalDataset.h
2026-06-03T08:46:46.6074420Z x iPhoneOS16.5.sdk/System/Library/Frameworks/Matter.framework/Headers/MTRDeviceControllerFactory.h
2026-06-03T08:46:46.6075130Z x iPhoneOS16.5.sdk/System/Library/Frameworks/Matter.framework/Headers/MTRError.h
2026-06-03T08:46:46.6101910Z x iPhoneOS16.5.sdk/System/Library/Frameworks/Matter.framework/Headers/MTRClusterConstants.h
2026-06-03T08:46:46.6103000Z x iPhoneOS16.5.sdk/System/Library/Frameworks/Matter.framework/Headers/MTRDeviceController.h
2026-06-03T08:46:46.6208620Z x iPhoneOS16.5.sdk/System/Library/Frameworks/Matter.framework/Headers/MTRCommandPayloadsObjc.h
2026-06-03T08:46:46.6234460Z x iPhoneOS16.5.sdk/System/Library/Frameworks/Matter.framework/Headers/MTROperationalCertificateIssuer.h
2026-06-03T08:46:46.6235330Z x iPhoneOS16.5.sdk/System/Library/Frameworks/Matter.framework/Headers/Matter.h
2026-06-03T08:46:46.6235570Z x iPhoneOS16.5.sdk/System/Library/Frameworks/Matter.framework/Headers/MTRDeviceController+XPC.h
2026-06-03T08:46:46.6235810Z x iPhoneOS16.5.sdk/System/Library/Frameworks/Matter.framework/Headers/MTRManualSetupPayloadParser.h
2026-06-03T08:46:46.6236000Z x iPhoneOS16.5.sdk/System/Library/Frameworks/Matter.framework/Headers/MTRSetupPayload.h
2026-06-03T08:46:46.6236290Z x iPhoneOS16.5.sdk/System/Library/Frameworks/Matter.framework/Headers/MTRDeviceControllerStartupParams.h
2026-06-03T08:46:46.6236510Z x iPhoneOS16.5.sdk/System/Library/Frameworks/Matter.framework/Headers/MTRCertificateInfo.h
2026-06-03T08:46:46.6236720Z x iPhoneOS16.5.sdk/System/Library/Frameworks/Matter.framework/Headers/MTRCSRInfo.h
2026-06-03T08:46:46.6237010Z x iPhoneOS16.5.sdk/System/Library/Frameworks/Matter.framework/Headers/MTRDeviceAttestationDelegate.h
2026-06-03T08:46:46.6237210Z x iPhoneOS16.5.sdk/System/Library/Frameworks/Matter.framework/Headers/MTRCertificates.h
2026-06-03T08:46:46.6237450Z x iPhoneOS16.5.sdk/System/Library/Frameworks/Matter.framework/Headers/MTRClusterStateCacheContainer.h
2026-06-03T08:46:46.6237690Z x iPhoneOS16.5.sdk/System/Library/Frameworks/Matter.framework/Headers/MTRDeviceControllerDelegate.h
2026-06-03T08:46:46.6237950Z x iPhoneOS16.5.sdk/System/Library/Frameworks/Matter.framework/Headers/MTROnboardingPayloadParser.h
2026-06-03T08:46:46.6238140Z x iPhoneOS16.5.sdk/System/Library/Frameworks/Matter.framework/Headers/MTRDevice.h
2026-06-03T08:46:46.6238320Z x iPhoneOS16.5.sdk/System/Library/Frameworks/Matter.framework/Headers/MTRStorage.h
2026-06-03T08:46:46.6238560Z x iPhoneOS16.5.sdk/System/Library/Frameworks/Matter.framework/Headers/MTRAsyncCallbackWorkQueue.h
2026-06-03T08:46:46.6238920Z x iPhoneOS16.5.sdk/System/Library/Frameworks/Matter.framework/Headers/MTRBaseDevice.h
2026-06-03T08:46:46.6239100Z x iPhoneOS16.5.sdk/System/Library/Frameworks/Matter.framework/Headers/MTRKeypair.h
2026-06-03T08:46:46.6239290Z x iPhoneOS16.5.sdk/System/Library/Frameworks/Matter.framework/Headers/MTRCluster.h
2026-06-03T08:46:46.6239500Z x iPhoneOS16.5.sdk/System/Library/Frameworks/Matter.framework/Headers/MTROTAHeader.h
2026-06-03T08:46:46.6239670Z x iPhoneOS16.5.sdk/System/Library/Frameworks/Matter.framework/Headers/MTRLogging.h
2026-06-03T08:46:46.6239910Z x iPhoneOS16.5.sdk/System/Library/Frameworks/Matter.framework/Headers/MTRQRCodeSetupPayloadParser.h
2026-06-03T08:46:46.6270990Z x iPhoneOS16.5.sdk/System/Library/Frameworks/Matter.framework/Headers/MTRBaseClusters.h
2026-06-03T08:46:46.6290890Z x iPhoneOS16.5.sdk/System/Library/Frameworks/Matter.framework/Headers/MTRClusters.h
2026-06-03T08:46:46.6292050Z x iPhoneOS16.5.sdk/System/Library/Frameworks/Matter.framework/Headers/MTRCommissioningParameters.h
2026-06-03T08:46:46.6297010Z x iPhoneOS16.5.sdk/System/Library/Frameworks/Matter.framework/Headers/MTRStructsObjc.h
2026-06-03T08:46:46.6298150Z x iPhoneOS16.5.sdk/System/Library/Frameworks/Matter.framework/Matter.tbd
2026-06-03T08:46:46.6298830Z x iPhoneOS16.5.sdk/System/Library/Frameworks/MobileCoreServices.framework/
2026-06-03T08:46:46.6299320Z x iPhoneOS16.5.sdk/System/Library/Frameworks/MobileCoreServices.framework/Modules/
2026-06-03T08:46:46.6301100Z x iPhoneOS16.5.sdk/System/Library/Frameworks/MobileCoreServices.framework/Modules/module.modulemap
2026-06-03T08:46:46.6301400Z x iPhoneOS16.5.sdk/System/Library/Frameworks/MobileCoreServices.framework/Headers/
2026-06-03T08:46:46.6307130Z x iPhoneOS16.5.sdk/System/Library/Frameworks/MobileCoreServices.framework/Headers/MobileCoreServices.h
2026-06-03T08:46:46.6308040Z x iPhoneOS16.5.sdk/System/Library/Frameworks/MobileCoreServices.framework/Headers/UTType.h
2026-06-03T08:46:46.6308990Z x iPhoneOS16.5.sdk/System/Library/Frameworks/MobileCoreServices.framework/Headers/UTCoreTypes.h
2026-06-03T08:46:46.6309780Z x iPhoneOS16.5.sdk/System/Library/Frameworks/MobileCoreServices.framework/MobileCoreServices.tbd
2026-06-03T08:46:46.6310190Z x iPhoneOS16.5.sdk/System/Library/Frameworks/MetalFX.framework/
2026-06-03T08:46:46.6310810Z x iPhoneOS16.5.sdk/System/Library/Frameworks/MetalFX.framework/Modules/
2026-06-03T08:46:46.6311660Z x iPhoneOS16.5.sdk/System/Library/Frameworks/MetalFX.framework/Modules/module.modulemap
2026-06-03T08:46:46.6312370Z x iPhoneOS16.5.sdk/System/Library/Frameworks/MetalFX.framework/MetalFX.tbd
2026-06-03T08:46:46.6312750Z x iPhoneOS16.5.sdk/System/Library/Frameworks/MetalFX.framework/Headers/
2026-06-03T08:46:46.6313620Z x iPhoneOS16.5.sdk/System/Library/Frameworks/MetalFX.framework/Headers/MTLFXSpatialScaler.h
2026-06-03T08:46:46.6314540Z x iPhoneOS16.5.sdk/System/Library/Frameworks/MetalFX.framework/Headers/MetalFX.apinotes
2026-06-03T08:46:46.6315710Z x iPhoneOS16.5.sdk/System/Library/Frameworks/MetalFX.framework/Headers/MetalFX.h
2026-06-03T08:46:46.6329220Z x iPhoneOS16.5.sdk/System/Library/Frameworks/MetalFX.framework/Headers/MTLFXTemporalScaler.h
2026-06-03T08:46:46.6329430Z x iPhoneOS16.5.sdk/System/Library/Frameworks/ExtensionKit.framework/
2026-06-03T08:46:46.6329640Z x iPhoneOS16.5.sdk/System/Library/Frameworks/ExtensionKit.framework/Modules/
2026-06-03T08:46:46.6329920Z x iPhoneOS16.5.sdk/System/Library/Frameworks/ExtensionKit.framework/Modules/module.modulemap
2026-06-03T08:46:46.6330180Z x iPhoneOS16.5.sdk/System/Library/Frameworks/ExtensionKit.framework/Headers/
2026-06-03T08:46:46.6330610Z x iPhoneOS16.5.sdk/System/Library/Frameworks/ExtensionKit.framework/Headers/EXHostViewController.h
2026-06-03T08:46:46.6332040Z x iPhoneOS16.5.sdk/System/Library/Frameworks/ExtensionKit.framework/Headers/EXAppExtensionBrowserViewController.h
2026-06-03T08:46:46.6333880Z x iPhoneOS16.5.sdk/System/Library/Frameworks/ExtensionKit.framework/Headers/ExtensionKit.h
2026-06-03T08:46:46.6335010Z x iPhoneOS16.5.sdk/System/Library/Frameworks/ExtensionKit.framework/ExtensionKit.tbd
2026-06-03T08:46:46.6335250Z x iPhoneOS16.5.sdk/System/Library/Frameworks/OSLog.framework/
2026-06-03T08:46:46.6335610Z x iPhoneOS16.5.sdk/System/Library/Frameworks/OSLog.framework/Modules/
2026-06-03T08:46:46.6337820Z x iPhoneOS16.5.sdk/System/Library/Frameworks/OSLog.framework/Modules/module.modulemap
2026-06-03T08:46:46.6338010Z x iPhoneOS16.5.sdk/System/Library/Frameworks/OSLog.framework/Headers/
2026-06-03T08:46:46.6338330Z x iPhoneOS16.5.sdk/System/Library/Frameworks/OSLog.framework/Headers/EntryActivity.h
2026-06-03T08:46:46.6345880Z x iPhoneOS16.5.sdk/System/Library/Frameworks/OSLog.framework/Headers/EntrySignpost.h
2026-06-03T08:46:46.6346090Z x iPhoneOS16.5.sdk/System/Library/Frameworks/OSLog.framework/Headers/Entry.h
2026-06-03T08:46:46.6346320Z x iPhoneOS16.5.sdk/System/Library/Frameworks/OSLog.framework/Headers/Enumerator.h
2026-06-03T08:46:46.6350070Z x iPhoneOS16.5.sdk/System/Library/Frameworks/OSLog.framework/Headers/OSLog.h
2026-06-03T08:46:46.6351070Z x iPhoneOS16.5.sdk/System/Library/Frameworks/OSLog.framework/Headers/EntryBoundary.h
2026-06-03T08:46:46.6352040Z x iPhoneOS16.5.sdk/System/Library/Frameworks/OSLog.framework/Headers/EntryLog.h
2026-06-03T08:46:46.6353740Z x iPhoneOS16.5.sdk/System/Library/Frameworks/OSLog.framework/Headers/MessageComponent.h
2026-06-03T08:46:46.6354200Z x iPhoneOS16.5.sdk/System/Library/Frameworks/OSLog.framework/Headers/Store.h
2026-06-03T08:46:46.6355080Z x iPhoneOS16.5.sdk/System/Library/Frameworks/OSLog.framework/Headers/Position.h
2026-06-03T08:46:46.6356200Z x iPhoneOS16.5.sdk/System/Library/Frameworks/OSLog.framework/OSLog.tbd
2026-06-03T08:46:46.6356580Z x iPhoneOS16.5.sdk/System/Library/Frameworks/AVRouting.framework/
2026-06-03T08:46:46.6357010Z x iPhoneOS16.5.sdk/System/Library/Frameworks/AVRouting.framework/Modules/
2026-06-03T08:46:46.6357890Z x iPhoneOS16.5.sdk/System/Library/Frameworks/AVRouting.framework/Modules/module.modulemap
2026-06-03T08:46:46.6358450Z x iPhoneOS16.5.sdk/System/Library/Frameworks/AVRouting.framework/Headers/
2026-06-03T08:46:46.6359690Z x iPhoneOS16.5.sdk/System/Library/Frameworks/AVRouting.framework/Headers/AVCustomRoutingActionItem.h
2026-06-03T08:46:46.6360310Z x iPhoneOS16.5.sdk/System/Library/Frameworks/AVRouting.framework/Headers/AVCustomRoutingEvent.h
2026-06-03T08:46:46.6361260Z x iPhoneOS16.5.sdk/System/Library/Frameworks/AVRouting.framework/Headers/AVCustomDeviceRoute.h
2026-06-03T08:46:46.6362360Z x iPhoneOS16.5.sdk/System/Library/Frameworks/AVRouting.framework/Headers/AVRouting.h
2026-06-03T08:46:46.6363450Z x iPhoneOS16.5.sdk/System/Library/Frameworks/AVRouting.framework/Headers/AVRoutingDefines.h
2026-06-03T08:46:46.6364810Z x iPhoneOS16.5.sdk/System/Library/Frameworks/AVRouting.framework/Headers/AVCustomRoutingController.h
2026-06-03T08:46:46.6365190Z x iPhoneOS16.5.sdk/System/Library/Frameworks/AVRouting.framework/AVRouting.tbd
2026-06-03T08:46:46.6365680Z x iPhoneOS16.5.sdk/System/Library/Frameworks/CoreMotion.framework/
2026-06-03T08:46:46.6366080Z x iPhoneOS16.5.sdk/System/Library/Frameworks/CoreMotion.framework/Modules/
2026-06-03T08:46:46.6366940Z x iPhoneOS16.5.sdk/System/Library/Frameworks/CoreMotion.framework/Modules/module.modulemap
2026-06-03T08:46:46.6367380Z x iPhoneOS16.5.sdk/System/Library/Frameworks/CoreMotion.framework/Headers/
2026-06-03T08:46:46.6368470Z x iPhoneOS16.5.sdk/System/Library/Frameworks/CoreMotion.framework/Headers/CMRotationRateData.h
2026-06-03T08:46:46.6370810Z x iPhoneOS16.5.sdk/System/Library/Frameworks/CoreMotion.framework/Headers/CMAmbientPressure.h
2026-06-03T08:46:46.6371040Z x iPhoneOS16.5.sdk/System/Library/Frameworks/CoreMotion.framework/Headers/CMAccelerometer.h
2026-06-03T08:46:46.6371880Z x iPhoneOS16.5.sdk/System/Library/Frameworks/CoreMotion.framework/Headers/CMLogItem.h
2026-06-03T08:46:46.6372620Z x iPhoneOS16.5.sdk/System/Library/Frameworks/CoreMotion.framework/Headers/CoreMotion.h
2026-06-03T08:46:46.6373470Z x iPhoneOS16.5.sdk/System/Library/Frameworks/CoreMotion.framework/Headers/CMError.h
2026-06-03T08:46:46.6374450Z x iPhoneOS16.5.sdk/System/Library/Frameworks/CoreMotion.framework/Headers/CMFallDetectionEvent.h
2026-06-03T08:46:46.6375260Z x iPhoneOS16.5.sdk/System/Library/Frameworks/CoreMotion.framework/Headers/CMAltimeter.h
2026-06-03T08:46:46.6380750Z x iPhoneOS16.5.sdk/System/Library/Frameworks/CoreMotion.framework/Headers/CMPedometer.h
2026-06-03T08:46:46.6386740Z x iPhoneOS16.5.sdk/System/Library/Frameworks/CoreMotion.framework/Headers/CMMotionActivityManager.h
2026-06-03T08:46:46.6387160Z x iPhoneOS16.5.sdk/System/Library/Frameworks/CoreMotion.framework/Headers/CMAltitude.h
2026-06-03T08:46:46.6387480Z x iPhoneOS16.5.sdk/System/Library/Frameworks/CoreMotion.framework/Headers/CMAbsoluteAltitude.h
2026-06-03T08:46:46.6387700Z x iPhoneOS16.5.sdk/System/Library/Frameworks/CoreMotion.framework/Headers/CMAvailability.h
2026-06-03T08:46:46.6388010Z x iPhoneOS16.5.sdk/System/Library/Frameworks/CoreMotion.framework/Headers/CMFallDetectionManager.h
2026-06-03T08:46:46.6389610Z x iPhoneOS16.5.sdk/System/Library/Frameworks/CoreMotion.framework/Headers/CMMotionManager.h
2026-06-03T08:46:46.6390430Z x iPhoneOS16.5.sdk/System/Library/Frameworks/CoreMotion.framework/Headers/CMRecordedPressureData.h
2026-06-03T08:46:46.6391180Z x iPhoneOS16.5.sdk/System/Library/Frameworks/CoreMotion.framework/Headers/CMAuthorization.h
2026-06-03T08:46:46.6398000Z x iPhoneOS16.5.sdk/System/Library/Frameworks/CoreMotion.framework/Headers/CMSensorRecorder.h
2026-06-03T08:46:46.6398390Z x iPhoneOS16.5.sdk/System/Library/Frameworks/CoreMotion.framework/Headers/CMHeadphoneMotionManager.h
2026-06-03T08:46:46.6398730Z x iPhoneOS16.5.sdk/System/Library/Frameworks/CoreMotion.framework/Headers/CMHeadphoneMotionManagerDelegate.h
2026-06-03T08:46:46.6398990Z x iPhoneOS16.5.sdk/System/Library/Frameworks/CoreMotion.framework/Headers/CMDeviceMotion.h
2026-06-03T08:46:46.6399280Z x iPhoneOS16.5.sdk/System/Library/Frameworks/CoreMotion.framework/Headers/CMMovementDisorderManager.h
2026-06-03T08:46:46.6400530Z x iPhoneOS16.5.sdk/System/Library/Frameworks/CoreMotion.framework/Headers/CMStepCounter.h
2026-06-03T08:46:46.6402580Z x iPhoneOS16.5.sdk/System/Library/Frameworks/CoreMotion.framework/Headers/CMGyro.h
2026-06-03T08:46:46.6403390Z x iPhoneOS16.5.sdk/System/Library/Frameworks/CoreMotion.framework/Headers/CMRecordedAccelerometerData.h
2026-06-03T08:46:46.6404740Z x iPhoneOS16.5.sdk/System/Library/Frameworks/CoreMotion.framework/Headers/CMWaterSubmersionData.h
2026-06-03T08:46:46.6405150Z x iPhoneOS16.5.sdk/System/Library/Frameworks/CoreMotion.framework/Headers/CMMotionActivity.h
2026-06-03T08:46:46.6406050Z x iPhoneOS16.5.sdk/System/Library/Frameworks/CoreMotion.framework/Headers/CMWaterSubmersionManager.h
2026-06-03T08:46:46.6406900Z x iPhoneOS16.5.sdk/System/Library/Frameworks/CoreMotion.framework/Headers/CMErrorDomain.h
2026-06-03T08:46:46.6407830Z x iPhoneOS16.5.sdk/System/Library/Frameworks/CoreMotion.framework/Headers/CMAttitude.h
2026-06-03T08:46:46.6408690Z x iPhoneOS16.5.sdk/System/Library/Frameworks/CoreMotion.framework/Headers/CMMagnetometer.h
2026-06-03T08:46:46.6409800Z x iPhoneOS16.5.sdk/System/Library/Frameworks/CoreMotion.framework/CoreMotion.tbd
2026-06-03T08:46:46.6410350Z x iPhoneOS16.5.sdk/System/Library/Frameworks/AVFoundation.framework/
2026-06-03T08:46:46.6410890Z x iPhoneOS16.5.sdk/System/Library/Frameworks/AVFoundation.framework/Modules/
2026-06-03T08:46:46.6411820Z x iPhoneOS16.5.sdk/System/Library/Frameworks/AVFoundation.framework/Modules/module.modulemap
2026-06-03T08:46:46.6412320Z x iPhoneOS16.5.sdk/System/Library/Frameworks/AVFoundation.framework/Headers/
2026-06-03T08:46:46.6423200Z x iPhoneOS16.5.sdk/System/Library/Frameworks/AVFoundation.framework/Headers/AVCaptureVideoPreviewLayer.h
2026-06-03T08:46:46.6423590Z x iPhoneOS16.5.sdk/System/Library/Frameworks/AVFoundation.framework/Headers/AVAudioPlayer.h
2026-06-03T08:46:46.6423870Z x iPhoneOS16.5.sdk/System/Library/Frameworks/AVFoundation.framework/Headers/AVAssetVariant.h
2026-06-03T08:46:46.6425200Z x iPhoneOS16.5.sdk/System/Library/Frameworks/AVFoundation.framework/Headers/AVCaptureSystemPressure.h
2026-06-03T08:46:46.6427720Z x iPhoneOS16.5.sdk/System/Library/Frameworks/AVFoundation.framework/Headers/AVUtilities.h
2026-06-03T08:46:46.6428160Z x iPhoneOS16.5.sdk/System/Library/Frameworks/AVFoundation.framework/Headers/AVCaptureStillImageOutput.h
2026-06-03T08:46:46.6428480Z x iPhoneOS16.5.sdk/System/Library/Frameworks/AVFoundation.framework/Headers/AVCaptureAudioDataOutput.h
2026-06-03T08:46:46.6433110Z x iPhoneOS16.5.sdk/System/Library/Frameworks/AVFoundation.framework/Headers/AVPlayerItemOutput.h
2026-06-03T08:46:46.6434350Z x iPhoneOS16.5.sdk/System/Library/Frameworks/AVFoundation.framework/Headers/AVAssetTrackSegment.h
2026-06-03T08:46:46.6435620Z x iPhoneOS16.5.sdk/System/Library/Frameworks/AVFoundation.framework/Headers/AVAudioMixerNode.h
2026-06-03T08:46:46.6436730Z x iPhoneOS16.5.sdk/System/Library/Frameworks/AVFoundation.framework/Headers/AVAssetSegmentReport.h
2026-06-03T08:46:46.6437900Z x iPhoneOS16.5.sdk/System/Library/Frameworks/AVFoundation.framework/Headers/AVAssetPlaybackAssistant.h
2026-06-03T08:46:46.6439040Z x iPhoneOS16.5.sdk/System/Library/Frameworks/AVFoundation.framework/Headers/AVCompositionTrack.h
2026-06-03T08:46:46.6440880Z x iPhoneOS16.5.sdk/System/Library/Frameworks/AVFoundation.framework/Headers/AVSampleBufferDisplayLayer.h
2026-06-03T08:46:46.6445590Z x iPhoneOS16.5.sdk/System/Library/Frameworks/AVFoundation.framework/Headers/AVCaptureSessionPreset.h
2026-06-03T08:46:46.6446750Z x iPhoneOS16.5.sdk/System/Library/Frameworks/AVFoundation.framework/Headers/AVComposition.h
2026-06-03T08:46:46.6447540Z x iPhoneOS16.5.sdk/System/Library/Frameworks/AVFoundation.framework/Headers/AVAudioSessionTypes.h
2026-06-03T08:46:46.6448580Z x iPhoneOS16.5.sdk/System/Library/Frameworks/AVFoundation.framework/Headers/AVCaptureVideoDataOutput.h
2026-06-03T08:46:46.6449290Z x iPhoneOS16.5.sdk/System/Library/Frameworks/AVFoundation.framework/Headers/AVAudioMixing.h
2026-06-03T08:46:46.6451030Z x iPhoneOS16.5.sdk/System/Library/Frameworks/AVFoundation.framework/Headers/AVAudioUnitGenerator.h
2026-06-03T08:46:46.6451320Z x iPhoneOS16.5.sdk/System/Library/Frameworks/AVFoundation.framework/Headers/AVAudioSession.h
2026-06-03T08:46:46.6452340Z x iPhoneOS16.5.sdk/System/Library/Frameworks/AVFoundation.framework/Headers/AVDisplayCriteria.h
2026-06-03T08:46:46.6456750Z x iPhoneOS16.5.sdk/System/Library/Frameworks/AVFoundation.framework/Headers/AVError.h
2026-06-03T08:46:46.6457720Z x iPhoneOS16.5.sdk/System/Library/Frameworks/AVFoundation.framework/Headers/AVAudioUnitMIDIInstrument.h
2026-06-03T08:46:46.6458880Z x iPhoneOS16.5.sdk/System/Library/Frameworks/AVFoundation.framework/Headers/AVMetadataFormat.h
2026-06-03T08:46:46.6460130Z x iPhoneOS16.5.sdk/System/Library/Frameworks/AVFoundation.framework/Headers/AVAudioUnitDelay.h
2026-06-03T08:46:46.6466020Z x iPhoneOS16.5.sdk/System/Library/Frameworks/AVFoundation.framework/Headers/AVTimedMetadataGroup.h
2026-06-03T08:46:46.6466950Z x iPhoneOS16.5.sdk/System/Library/Frameworks/AVFoundation.framework/Headers/AVAudioUnit.h
2026-06-03T08:46:46.6468010Z x iPhoneOS16.5.sdk/System/Library/Frameworks/AVFoundation.framework/Headers/AVAudioSettings.h
2026-06-03T08:46:46.6470290Z x iPhoneOS16.5.sdk/System/Library/Frameworks/AVFoundation.framework/Headers/AVTextStyleRule.h
2026-06-03T08:46:46.6470590Z x iPhoneOS16.5.sdk/System/Library/Frameworks/AVFoundation.framework/Headers/AVPlayerInterstitialEventController.h
2026-06-03T08:46:46.6470870Z x iPhoneOS16.5.sdk/System/Library/Frameworks/AVFoundation.framework/Headers/AVFoundation.h
2026-06-03T08:46:46.6471670Z x iPhoneOS16.5.sdk/System/Library/Frameworks/AVFoundation.framework/Headers/AVBase.h
2026-06-03T08:46:46.6472610Z x iPhoneOS16.5.sdk/System/Library/Frameworks/AVFoundation.framework/Headers/AVAudioPlayerNode.h
2026-06-03T08:46:46.6478940Z x iPhoneOS16.5.sdk/System/Library/Frameworks/AVFoundation.framework/Headers/AVCaptureDepthDataOutput.h
2026-06-03T08:46:46.6480920Z x iPhoneOS16.5.sdk/System/Library/Frameworks/AVFoundation.framework/Headers/AVSampleBufferAudioRenderer.h
2026-06-03T08:46:46.6481550Z x iPhoneOS16.5.sdk/System/Library/Frameworks/AVFoundation.framework/Headers/AVAudioEnvironmentNode.h
2026-06-03T08:46:46.6481850Z x iPhoneOS16.5.sdk/System/Library/Frameworks/AVFoundation.framework/Headers/AVAudioTypes.h
2026-06-03T08:46:46.6482800Z x iPhoneOS16.5.sdk/System/Library/Frameworks/AVFoundation.framework/Headers/AVAudioConnectionPoint.h
2026-06-03T08:46:46.6488300Z x iPhoneOS16.5.sdk/System/Library/Frameworks/AVFoundation.framework/Headers/AVContentKeySession.h
2026-06-03T08:46:46.6489250Z x iPhoneOS16.5.sdk/System/Library/Frameworks/AVFoundation.framework/Headers/AVCompositionTrackSegment.h
2026-06-03T08:46:46.6490610Z x iPhoneOS16.5.sdk/System/Library/Frameworks/AVFoundation.framework/Headers/AVPlayerLayer.h
2026-06-03T08:46:46.6527740Z x iPhoneOS16.5.sdk/System/Library/Frameworks/AVFoundation.framework/Headers/AVMovie.h
2026-06-03T08:46:46.6528540Z x iPhoneOS16.5.sdk/System/Library/Frameworks/AVFoundation.framework/Headers/AVPlayerLooper.h
2026-06-03T08:46:46.6529590Z x iPhoneOS16.5.sdk/System/Library/Frameworks/AVFoundation.framework/Headers/AVPlayerItemMediaDataCollector.h
2026-06-03T08:46:46.6530380Z x iPhoneOS16.5.sdk/System/Library/Frameworks/AVFoundation.framework/Headers/AVAnimation.h
2026-06-03T08:46:46.6531260Z x iPhoneOS16.5.sdk/System/Library/Frameworks/AVFoundation.framework/Headers/AVAudioUnitTimeEffect.h
2026-06-03T08:46:46.6536800Z x iPhoneOS16.5.sdk/System/Library/Frameworks/AVFoundation.framework/Headers/AVMetadataIdentifiers.h
2026-06-03T08:46:46.6537760Z x iPhoneOS16.5.sdk/System/Library/Frameworks/AVFoundation.framework/Headers/AVMediaSelectionGroup.h
2026-06-03T08:46:46.6538770Z x iPhoneOS16.5.sdk/System/Library/Frameworks/AVFoundation.framework/Headers/AVOutputSettingsAssistant.h
2026-06-03T08:46:46.6539620Z x iPhoneOS16.5.sdk/System/Library/Frameworks/AVFoundation.framework/Headers/AVGeometry.h
2026-06-03T08:46:46.6540570Z x iPhoneOS16.5.sdk/System/Library/Frameworks/AVFoundation.framework/Headers/AVMediaSelection.h
2026-06-03T08:46:46.6545750Z x iPhoneOS16.5.sdk/System/Library/Frameworks/AVFoundation.framework/Headers/AVAudioUnitDistortion.h
2026-06-03T08:46:46.6546850Z x iPhoneOS16.5.sdk/System/Library/Frameworks/AVFoundation.framework/Headers/AVMIDIPlayer.h
2026-06-03T08:46:46.6552330Z x iPhoneOS16.5.sdk/System/Library/Frameworks/AVFoundation.framework/Headers/AVFoundation.apinotes
2026-06-03T08:46:46.6592580Z x iPhoneOS16.5.sdk/System/Library/Frameworks/AVFoundation.framework/Headers/AVCaptureDevice.h
2026-06-03T08:46:46.6593760Z x iPhoneOS16.5.sdk/System/Library/Frameworks/AVFoundation.framework/Headers/AVAssetExportSession.h
2026-06-03T08:46:46.6599920Z x iPhoneOS16.5.sdk/System/Library/Frameworks/AVFoundation.framework/Headers/AVAssetReaderOutput.h
2026-06-03T08:46:46.6602040Z x iPhoneOS16.5.sdk/System/Library/Frameworks/AVFoundation.framework/Headers/AVAudioProcessingSettings.h
2026-06-03T08:46:46.6609650Z x iPhoneOS16.5.sdk/System/Library/Frameworks/AVFoundation.framework/Headers/AVCaptureInput.h
2026-06-03T08:46:46.6610520Z x iPhoneOS16.5.sdk/System/Library/Frameworks/AVFoundation.framework/Headers/AVAudioSessionRoute.h
2026-06-03T08:46:46.6617180Z x iPhoneOS16.5.sdk/System/Library/Frameworks/AVFoundation.framework/Headers/AVVideoComposition.h
2026-06-03T08:46:46.6618060Z x iPhoneOS16.5.sdk/System/Library/Frameworks/AVFoundation.framework/Headers/AVTime.h
2026-06-03T08:46:46.6619270Z x iPhoneOS16.5.sdk/System/Library/Frameworks/AVFoundation.framework/Headers/AVAudioFile.h
2026-06-03T08:46:46.6620690Z x iPhoneOS16.5.sdk/System/Library/Frameworks/AVFoundation.framework/Headers/AVAudioUnitEQ.h
2026-06-03T08:46:46.6621020Z x iPhoneOS16.5.sdk/System/Library/Frameworks/AVFoundation.framework/Headers/AVAsynchronousKeyValueLoading.h
2026-06-03T08:46:46.6622040Z x iPhoneOS16.5.sdk/System/Library/Frameworks/AVFoundation.framework/Headers/AVAudioEngine.h
2026-06-03T08:46:46.6622950Z x iPhoneOS16.5.sdk/System/Library/Frameworks/AVFoundation.framework/Headers/AVAudioConverter.h
2026-06-03T08:46:46.6628290Z x iPhoneOS16.5.sdk/System/Library/Frameworks/AVFoundation.framework/Headers/AVPlaybackCoordinator.h
2026-06-03T08:46:46.6629660Z x iPhoneOS16.5.sdk/System/Library/Frameworks/AVFoundation.framework/Headers/AVAudioBuffer.h
2026-06-03T08:46:46.6630200Z x iPhoneOS16.5.sdk/System/Library/Frameworks/AVFoundation.framework/Headers/AVAudioNode.h
2026-06-03T08:46:46.6631010Z x iPhoneOS16.5.sdk/System/Library/Frameworks/AVFoundation.framework/Headers/AVQueuedSampleBufferRendering.h
2026-06-03T08:46:46.6631700Z x iPhoneOS16.5.sdk/System/Library/Frameworks/AVFoundation.framework/Headers/AVSynchronizedLayer.h
2026-06-03T08:46:46.6632430Z x iPhoneOS16.5.sdk/System/Library/Frameworks/AVFoundation.framework/Headers/AVAudioUnitReverb.h
2026-06-03T08:46:46.6633300Z x iPhoneOS16.5.sdk/System/Library/Frameworks/AVFoundation.framework/Headers/AVAudioIONode.h
2026-06-03T08:46:46.6634520Z x iPhoneOS16.5.sdk/System/Library/Frameworks/AVFoundation.framework/Headers/AVAssetTrack.h
2026-06-03T08:46:46.6640550Z x iPhoneOS16.5.sdk/System/Library/Frameworks/AVFoundation.framework/Headers/AVPlayerItem.h
2026-06-03T08:46:46.6743320Z x iPhoneOS16.5.sdk/System/Library/Frameworks/AVFoundation.framework/Headers/AVSemanticSegmentationMatte.h
2026-06-03T08:46:46.6745600Z x iPhoneOS16.5.sdk/System/Library/Frameworks/AVFoundation.framework/Headers/AVFCore.h
2026-06-03T08:46:46.6745830Z x iPhoneOS16.5.sdk/System/Library/Frameworks/AVFoundation.framework/Headers/AVPlayer.h
2026-06-03T08:46:46.6746130Z x iPhoneOS16.5.sdk/System/Library/Frameworks/AVFoundation.framework/Headers/AVAudioRecorder.h
2026-06-03T08:46:46.6746430Z x iPhoneOS16.5.sdk/System/Library/Frameworks/AVFoundation.framework/Headers/AVAssetResourceLoader.h
2026-06-03T08:46:46.6746700Z x iPhoneOS16.5.sdk/System/Library/Frameworks/AVFoundation.framework/Headers/AVAudioFormat.h
2026-06-03T08:46:46.6746960Z x iPhoneOS16.5.sdk/System/Library/Frameworks/AVFoundation.framework/Headers/AVDepthData.h
2026-06-03T08:46:46.6747230Z x iPhoneOS16.5.sdk/System/Library/Frameworks/AVFoundation.framework/Headers/AVMediaFormat.h
2026-06-03T08:46:46.6747550Z x iPhoneOS16.5.sdk/System/Library/Frameworks/AVFoundation.framework/Headers/AVAssetReader.h
2026-06-03T08:46:46.6747860Z x iPhoneOS16.5.sdk/System/Library/Frameworks/AVFoundation.framework/Headers/AVPortraitEffectsMatte.h
2026-06-03T08:46:46.6748170Z x iPhoneOS16.5.sdk/System/Library/Frameworks/AVFoundation.framework/Headers/AVAudioSessionDeprecated.h
2026-06-03T08:46:46.6748450Z x iPhoneOS16.5.sdk/System/Library/Frameworks/AVFoundation.framework/Headers/AVAudioUnitTimePitch.h
2026-06-03T08:46:46.6750060Z x iPhoneOS16.5.sdk/System/Library/Frameworks/AVFoundation.framework/Headers/AVAudioUnitComponent.h
2026-06-03T08:46:46.6750360Z x iPhoneOS16.5.sdk/System/Library/Frameworks/AVFoundation.framework/Headers/AVCaptureSession.h
2026-06-03T08:46:46.6751380Z x iPhoneOS16.5.sdk/System/Library/Frameworks/AVFoundation.framework/Headers/AVSampleBufferGenerator.h
2026-06-03T08:46:46.6752060Z x iPhoneOS16.5.sdk/System/Library/Frameworks/AVFoundation.framework/Headers/AVPlayerMediaSelectionCriteria.h
2026-06-03T08:46:46.6752390Z x iPhoneOS16.5.sdk/System/Library/Frameworks/AVFoundation.framework/Headers/AVCaptureMetadataOutput.h
2026-06-03T08:46:46.6752730Z x iPhoneOS16.5.sdk/System/Library/Frameworks/AVFoundation.framework/Headers/AVCaptureDeskViewApplication.h
2026-06-03T08:46:46.6753040Z x iPhoneOS16.5.sdk/System/Library/Frameworks/AVFoundation.framework/Headers/AVAssetWriter.h
2026-06-03T08:46:46.6753290Z x iPhoneOS16.5.sdk/System/Library/Frameworks/AVFoundation.framework/Headers/AVAudioTime.h
2026-06-03T08:46:46.6753560Z x iPhoneOS16.5.sdk/System/Library/Frameworks/AVFoundation.framework/Headers/AVAssetCache.h
2026-06-03T08:46:46.6753870Z x iPhoneOS16.5.sdk/System/Library/Frameworks/AVFoundation.framework/Headers/AVAssetDownloadTask.h
2026-06-03T08:46:46.6754180Z x iPhoneOS16.5.sdk/System/Library/Frameworks/AVFoundation.framework/Headers/AVAudioChannelLayout.h
2026-06-03T08:46:46.6755770Z x iPhoneOS16.5.sdk/System/Library/Frameworks/AVFoundation.framework/Headers/AVCaptureOutput.h
2026-06-03T08:46:46.6756270Z x iPhoneOS16.5.sdk/System/Library/Frameworks/AVFoundation.framework/Headers/AVFCapture.h
2026-06-03T08:46:46.6756830Z x iPhoneOS16.5.sdk/System/Library/Frameworks/AVFoundation.framework/Headers/AVVideoCompositing.h
2026-06-03T08:46:46.6758960Z x iPhoneOS16.5.sdk/System/Library/Frameworks/AVFoundation.framework/Headers/AVSampleBufferRenderSynchronizer.h
2026-06-03T08:46:46.6759200Z x iPhoneOS16.5.sdk/System/Library/Frameworks/AVFoundation.framework/Headers/AVSpeechSynthesis.h
2026-06-03T08:46:46.6759520Z x iPhoneOS16.5.sdk/System/Library/Frameworks/AVFoundation.framework/Headers/AVCameraCalibrationData.h
2026-06-03T08:46:46.6759810Z x iPhoneOS16.5.sdk/System/Library/Frameworks/AVFoundation.framework/Headers/AVCaptureFileOutput.h
2026-06-03T08:46:46.6760080Z x iPhoneOS16.5.sdk/System/Library/Frameworks/AVFoundation.framework/Headers/AVAssetTrackGroup.h
2026-06-03T08:46:46.6760330Z x iPhoneOS16.5.sdk/System/Library/Frameworks/AVFoundation.framework/Headers/AVAsset.h
2026-06-03T08:46:46.6760980Z x iPhoneOS16.5.sdk/System/Library/Frameworks/AVFoundation.framework/Headers/AVAudioSequencer.h
2026-06-03T08:46:46.6761260Z x iPhoneOS16.5.sdk/System/Library/Frameworks/AVFoundation.framework/Headers/AVVideoSettings.h
2026-06-03T08:46:46.6761510Z x iPhoneOS16.5.sdk/System/Library/Frameworks/AVFoundation.framework/Headers/AVFAudio.h
2026-06-03T08:46:46.6761780Z x iPhoneOS16.5.sdk/System/Library/Frameworks/AVFoundation.framework/Headers/AVAudioUnitEffect.h
2026-06-03T08:46:46.6762060Z x iPhoneOS16.5.sdk/System/Library/Frameworks/AVFoundation.framework/Headers/AVCaptureOutputBase.h
2026-06-03T08:46:46.6762290Z x iPhoneOS16.5.sdk/System/Library/Frameworks/AVFoundation.framework/Headers/AVAssetWriterInput.h
2026-06-03T08:46:46.6762610Z x iPhoneOS16.5.sdk/System/Library/Frameworks/AVFoundation.framework/Headers/AVCapturePhotoOutput.h
2026-06-03T08:46:46.6762860Z x iPhoneOS16.5.sdk/System/Library/Frameworks/AVFoundation.framework/Headers/AVAudioMix.h
2026-06-03T08:46:46.6763310Z x iPhoneOS16.5.sdk/System/Library/Frameworks/AVFoundation.framework/Headers/AVCaptureDataOutputSynchronizer.h
2026-06-03T08:46:46.6763620Z x iPhoneOS16.5.sdk/System/Library/Frameworks/AVFoundation.framework/Headers/AVPlayerItemTrack.h
2026-06-03T08:46:46.6763990Z x iPhoneOS16.5.sdk/System/Library/Frameworks/AVFoundation.framework/Headers/AVMetadataObject.h
2026-06-03T08:46:46.6764320Z x iPhoneOS16.5.sdk/System/Library/Frameworks/AVFoundation.framework/Headers/AVAudioUnitVarispeed.h
2026-06-03T08:46:46.6764650Z x iPhoneOS16.5.sdk/System/Library/Frameworks/AVFoundation.framework/Headers/AVAssetDownloadStorageManager.h
2026-06-03T08:46:46.6764920Z x iPhoneOS16.5.sdk/System/Library/Frameworks/AVFoundation.framework/Headers/AVAudioUnitSampler.h
2026-06-03T08:46:46.6765220Z x iPhoneOS16.5.sdk/System/Library/Frameworks/AVFoundation.framework/Headers/AVRouteDetector.h
2026-06-03T08:46:46.6765660Z x iPhoneOS16.5.sdk/System/Library/Frameworks/AVFoundation.framework/Headers/AVAssetImageGenerator.h
2026-06-03T08:46:46.6765930Z x iPhoneOS16.5.sdk/System/Library/Frameworks/AVFoundation.framework/Headers/AVSampleCursor.h
2026-06-03T08:46:46.6766190Z x iPhoneOS16.5.sdk/System/Library/Frameworks/AVFoundation.framework/Headers/AVMovieTrack.h
2026-06-03T08:46:46.6770030Z x iPhoneOS16.5.sdk/System/Library/Frameworks/AVFoundation.framework/Headers/AVMetadataItem.h
2026-06-03T08:46:46.6772190Z x iPhoneOS16.5.sdk/System/Library/Frameworks/AVFoundation.framework/Headers/AVCaptureAudioPreviewOutput.h
2026-06-03T08:46:46.6788840Z x iPhoneOS16.5.sdk/System/Library/Frameworks/AVFoundation.framework/AVFoundation.tbd
2026-06-03T08:46:46.6789400Z x iPhoneOS16.5.sdk/System/Library/Frameworks/MetalPerformanceShadersGraph.framework/
2026-06-03T08:46:46.6789940Z x iPhoneOS16.5.sdk/System/Library/Frameworks/MetalPerformanceShadersGraph.framework/Modules/
2026-06-03T08:46:46.6791070Z x iPhoneOS16.5.sdk/System/Library/Frameworks/MetalPerformanceShadersGraph.framework/Modules/module.modulemap
2026-06-03T08:46:46.6791500Z x iPhoneOS16.5.sdk/System/Library/Frameworks/MetalPerformanceShadersGraph.framework/Headers/
2026-06-03T08:46:46.6796200Z x iPhoneOS16.5.sdk/System/Library/Frameworks/MetalPerformanceShadersGraph.framework/Headers/MPSGraphTensorShapeOps.h
2026-06-03T08:46:46.6798070Z x iPhoneOS16.5.sdk/System/Library/Frameworks/MetalPerformanceShadersGraph.framework/Headers/MPSGraphConvolutionOps.h
2026-06-03T08:46:46.6798430Z x iPhoneOS16.5.sdk/System/Library/Frameworks/MetalPerformanceShadersGraph.framework/Headers/MPSGraphCumulativeOps.h
2026-06-03T08:46:46.6802330Z x iPhoneOS16.5.sdk/System/Library/Frameworks/MetalPerformanceShadersGraph.framework/Headers/MPSGraphScatterNDOps.h
2026-06-03T08:46:46.6803350Z x iPhoneOS16.5.sdk/System/Library/Frameworks/MetalPerformanceShadersGraph.framework/Headers/MPSGraphMatrixInverseOps.h
2026-06-03T08:46:46.6803870Z x iPhoneOS16.5.sdk/System/Library/Frameworks/MetalPerformanceShadersGraph.framework/Headers/MPSGraphTensorData.h
2026-06-03T08:46:46.6805470Z x iPhoneOS16.5.sdk/System/Library/Frameworks/MetalPerformanceShadersGraph.framework/Headers/MPSGraphConvolutionTransposeOps.h
2026-06-03T08:46:46.6806490Z x iPhoneOS16.5.sdk/System/Library/Frameworks/MetalPerformanceShadersGraph.framework/Headers/MPSGraphSampleGridOps.h
2026-06-03T08:46:46.6807720Z x iPhoneOS16.5.sdk/System/Library/Frameworks/MetalPerformanceShadersGraph.framework/Headers/MPSGraphCore.h
2026-06-03T08:46:46.6808510Z x iPhoneOS16.5.sdk/System/Library/Frameworks/MetalPerformanceShadersGraph.framework/Headers/MPSGraphMemoryOps.h
2026-06-03T08:46:46.6813390Z x iPhoneOS16.5.sdk/System/Library/Frameworks/MetalPerformanceShadersGraph.framework/Headers/MPSGraphDepthwiseConvolutionOps.h
2026-06-03T08:46:46.6814420Z x iPhoneOS16.5.sdk/System/Library/Frameworks/MetalPerformanceShadersGraph.framework/Headers/MPSGraphTensor.h
2026-06-03T08:46:46.6815660Z x iPhoneOS16.5.sdk/System/Library/Frameworks/MetalPerformanceShadersGraph.framework/Headers/MPSGraphAutomaticDifferentiation.h
2026-06-03T08:46:46.6816740Z x iPhoneOS16.5.sdk/System/Library/Frameworks/MetalPerformanceShadersGraph.framework/Headers/MPSGraphControlFlowOps.h
2026-06-03T08:46:46.6817700Z x iPhoneOS16.5.sdk/System/Library/Frameworks/MetalPerformanceShadersGraph.framework/Headers/MPSGraphActivationOps.h
2026-06-03T08:46:46.6818620Z x iPhoneOS16.5.sdk/System/Library/Frameworks/MetalPerformanceShadersGraph.framework/Headers/MPSGraphTopKOps.h
2026-06-03T08:46:46.6819790Z x iPhoneOS16.5.sdk/System/Library/Frameworks/MetalPerformanceShadersGraph.framework/Headers/MPSGraphRandomOps.h
2026-06-03T08:46:46.6824210Z x iPhoneOS16.5.sdk/System/Library/Frameworks/MetalPerformanceShadersGraph.framework/Headers/MPSGraphArithmeticOps.h
2026-06-03T08:46:46.6825680Z x iPhoneOS16.5.sdk/System/Library/Frameworks/MetalPerformanceShadersGraph.framework/Headers/MPSGraphLinearAlgebraOps.h
2026-06-03T08:46:46.6826600Z x iPhoneOS16.5.sdk/System/Library/Frameworks/MetalPerformanceShadersGraph.framework/Headers/MPSGraphStencilOps.h
2026-06-03T08:46:46.6827820Z x iPhoneOS16.5.sdk/System/Library/Frameworks/MetalPerformanceShadersGraph.framework/Headers/MPSGraphReductionOps.h
2026-06-03T08:46:46.6829030Z x iPhoneOS16.5.sdk/System/Library/Frameworks/MetalPerformanceShadersGraph.framework/Headers/MetalPerformanceShadersGraph.h
2026-06-03T08:46:46.6830090Z x iPhoneOS16.5.sdk/System/Library/Frameworks/MetalPerformanceShadersGraph.framework/Headers/MPSGraphOneHotOps.h
2026-06-03T08:46:46.6831040Z x iPhoneOS16.5.sdk/System/Library/Frameworks/MetalPerformanceShadersGraph.framework/Headers/MPSGraphSparseOps.h
2026-06-03T08:46:46.6845950Z x iPhoneOS16.5.sdk/System/Library/Frameworks/MetalPerformanceShadersGraph.framework/Headers/MPSGraphNormalizationOps.h
2026-06-03T08:46:46.6848440Z x iPhoneOS16.5.sdk/System/Library/Frameworks/MetalPerformanceShadersGraph.framework/Headers/MPSGraphMatrixMultiplicationOps.h
2026-06-03T08:46:46.6849190Z x iPhoneOS16.5.sdk/System/Library/Frameworks/MetalPerformanceShadersGraph.framework/Headers/MPSGraphOptimizerOps.h
2026-06-03T08:46:46.6850180Z x iPhoneOS16.5.sdk/System/Library/Frameworks/MetalPerformanceShadersGraph.framework/Headers/MPSGraphOperation.h
2026-06-03T08:46:46.6851570Z x iPhoneOS16.5.sdk/System/Library/Frameworks/MetalPerformanceShadersGraph.framework/Headers/MPSGraphRNNOps.h
2026-06-03T08:46:46.6856250Z x iPhoneOS16.5.sdk/System/Library/Frameworks/MetalPerformanceShadersGraph.framework/Headers/MPSGraphGatherOps.h
2026-06-03T08:46:46.6857350Z x iPhoneOS16.5.sdk/System/Library/Frameworks/MetalPerformanceShadersGraph.framework/Headers/MPSGraphLossOps.h
2026-06-03T08:46:46.6858280Z x iPhoneOS16.5.sdk/System/Library/Frameworks/MetalPerformanceShadersGraph.framework/Headers/MPSGraphDevice.h
2026-06-03T08:46:46.6859220Z x iPhoneOS16.5.sdk/System/Library/Frameworks/MetalPerformanceShadersGraph.framework/Headers/MPSGraphQuantizationOps.h
2026-06-03T08:46:46.6860290Z x iPhoneOS16.5.sdk/System/Library/Frameworks/MetalPerformanceShadersGraph.framework/Headers/MPSGraph.h
2026-06-03T08:46:46.6861430Z x iPhoneOS16.5.sdk/System/Library/Frameworks/MetalPerformanceShadersGraph.framework/Headers/MPSGraphSortOps.h
2026-06-03T08:46:46.6865280Z x iPhoneOS16.5.sdk/System/Library/Frameworks/MetalPerformanceShadersGraph.framework/Headers/MPSGraphExecutable.h
2026-06-03T08:46:46.6866470Z x iPhoneOS16.5.sdk/System/Library/Frameworks/MetalPerformanceShadersGraph.framework/Headers/MPSGraphPoolingOps.h
2026-06-03T08:46:46.6867380Z x iPhoneOS16.5.sdk/System/Library/Frameworks/MetalPerformanceShadersGraph.framework/Headers/MPSGraphResizeOps.h
2026-06-03T08:46:46.6868360Z x iPhoneOS16.5.sdk/System/Library/Frameworks/MetalPerformanceShadersGraph.framework/MetalPerformanceShadersGraph.tbd
2026-06-03T08:46:46.6868610Z x iPhoneOS16.5.sdk/System/Library/Frameworks/Intents.framework/
2026-06-03T08:46:46.6869140Z x iPhoneOS16.5.sdk/System/Library/Frameworks/Intents.framework/Modules/
2026-06-03T08:46:46.6870200Z x iPhoneOS16.5.sdk/System/Library/Frameworks/Intents.framework/Modules/module.modulemap
2026-06-03T08:46:46.6871020Z x iPhoneOS16.5.sdk/System/Library/Frameworks/Intents.framework/Headers/
2026-06-03T08:46:46.6871870Z x iPhoneOS16.5.sdk/System/Library/Frameworks/Intents.framework/Headers/INRecurrenceFrequency.h
2026-06-03T08:46:46.6872860Z x iPhoneOS16.5.sdk/System/Library/Frameworks/Intents.framework/Headers/INLocationSearchTypeResolutionResult.h
2026-06-03T08:46:46.6876750Z x iPhoneOS16.5.sdk/System/Library/Frameworks/Intents.framework/Headers/INStartAudioCallIntent_Deprecated.h
2026-06-03T08:46:46.6877620Z x iPhoneOS16.5.sdk/System/Library/Frameworks/Intents.framework/Headers/INSendMessageIntent.h
2026-06-03T08:46:46.6878580Z x iPhoneOS16.5.sdk/System/Library/Frameworks/Intents.framework/Headers/NSUserActivity+IntentsAdditions.h
2026-06-03T08:46:46.6879810Z x iPhoneOS16.5.sdk/System/Library/Frameworks/Intents.framework/Headers/INHangUpCallIntentResponse.h
2026-06-03T08:46:46.6880410Z x iPhoneOS16.5.sdk/System/Library/Frameworks/Intents.framework/Headers/INFocusStatusCenter.h
2026-06-03T08:46:46.6881750Z x iPhoneOS16.5.sdk/System/Library/Frameworks/Intents.framework/Headers/INUpdateMediaAffinityIntent.h
2026-06-03T08:46:46.6882300Z x iPhoneOS16.5.sdk/System/Library/Frameworks/Intents.framework/Headers/INCallCapability.h
2026-06-03T08:46:46.6883500Z x iPhoneOS16.5.sdk/System/Library/Frameworks/Intents.framework/Headers/INPersonRelationship.h
2026-06-03T08:46:46.6884320Z x iPhoneOS16.5.sdk/System/Library/Frameworks/Intents.framework/Headers/INVoiceShortcut.h
2026-06-03T08:46:46.6885190Z x iPhoneOS16.5.sdk/System/Library/Frameworks/Intents.framework/Headers/INTimeIntervalResolutionResult.h
2026-06-03T08:46:46.6886230Z x iPhoneOS16.5.sdk/System/Library/Frameworks/Intents.framework/Headers/INSetMessageAttributeIntent.h
2026-06-03T08:46:46.6887440Z x iPhoneOS16.5.sdk/System/Library/Frameworks/Intents.framework/Headers/INBooleanResolutionResult.h
2026-06-03T08:46:46.6888030Z x iPhoneOS16.5.sdk/System/Library/Frameworks/Intents.framework/Headers/INOutgoingMessageTypeResolutionResult.h
2026-06-03T08:46:46.6888910Z x iPhoneOS16.5.sdk/System/Library/Frameworks/Intents.framework/Headers/INGetReservationDetailsIntentResponse.h
2026-06-03T08:46:46.6889690Z x iPhoneOS16.5.sdk/System/Library/Frameworks/Intents.framework/Headers/INCarAudioSourceResolutionResult.h
2026-06-03T08:46:46.6890670Z x iPhoneOS16.5.sdk/System/Library/Frameworks/Intents.framework/Headers/INCarDefroster.h
2026-06-03T08:46:46.6892150Z x iPhoneOS16.5.sdk/System/Library/Frameworks/Intents.framework/Headers/INResumeWorkoutIntentResponse.h
2026-06-03T08:46:46.6892450Z x iPhoneOS16.5.sdk/System/Library/Frameworks/Intents.framework/Headers/INSetRadioStationIntent.h
2026-06-03T08:46:46.6893570Z x iPhoneOS16.5.sdk/System/Library/Frameworks/Intents.framework/Headers/INCarAirCirculationMode.h
2026-06-03T08:46:46.6894440Z x iPhoneOS16.5.sdk/System/Library/Frameworks/Intents.framework/Headers/INWorkoutLocationTypeResolutionResult.h
2026-06-03T08:46:46.6895170Z x iPhoneOS16.5.sdk/System/Library/Frameworks/Intents.framework/Headers/INBillTypeResolutionResult.h
2026-06-03T08:46:46.6898890Z x iPhoneOS16.5.sdk/System/Library/Frameworks/Intents.framework/Headers/INRequestRideIntent.h
2026-06-03T08:46:46.6900270Z x iPhoneOS16.5.sdk/System/Library/Frameworks/Intents.framework/Headers/INAnswerCallIntentResponse.h
2026-06-03T08:46:46.6901240Z x iPhoneOS16.5.sdk/System/Library/Frameworks/Intents.framework/Headers/INUserContext.h
2026-06-03T08:46:46.6902160Z x iPhoneOS16.5.sdk/System/Library/Frameworks/Intents.framework/Headers/INTaskType.h
2026-06-03T08:46:46.6903190Z x iPhoneOS16.5.sdk/System/Library/Frameworks/Intents.framework/Headers/INTextNoteContent.h
2026-06-03T08:46:46.6904540Z x iPhoneOS16.5.sdk/System/Library/Frameworks/Intents.framework/Headers/INPlacemarkResolutionResult.h
2026-06-03T08:46:46.6906460Z x iPhoneOS16.5.sdk/System/Library/Frameworks/Intents.framework/Headers/INPlayMediaPlaybackSpeedResolutionResult.h
2026-06-03T08:46:46.6907140Z x iPhoneOS16.5.sdk/System/Library/Frameworks/Intents.framework/Headers/INGetUserCurrentRestaurantReservationBookingsIntent.h
2026-06-03T08:46:46.6907940Z x iPhoneOS16.5.sdk/System/Library/Frameworks/Intents.framework/Headers/INMediaDestination.h
2026-06-03T08:46:46.6908820Z x iPhoneOS16.5.sdk/System/Library/Frameworks/Intents.framework/Headers/INPriceRange.h
2026-06-03T08:46:46.6909790Z x iPhoneOS16.5.sdk/System/Library/Frameworks/Intents.framework/Headers/INAddTasksIntent_Deprecated.h
2026-06-03T08:46:46.6910590Z x iPhoneOS16.5.sdk/System/Library/Frameworks/Intents.framework/Headers/INMassResolutionResult.h
2026-06-03T08:46:46.6911730Z x iPhoneOS16.5.sdk/System/Library/Frameworks/Intents.framework/Headers/INIntentResponses.h
2026-06-03T08:46:46.6912560Z x iPhoneOS16.5.sdk/System/Library/Frameworks/Intents.framework/Headers/INBillPayeeResolutionResult.h
2026-06-03T08:46:46.6913500Z x iPhoneOS16.5.sdk/System/Library/Frameworks/Intents.framework/Headers/INDateSearchType.h
2026-06-03T08:46:46.6914470Z x iPhoneOS16.5.sdk/System/Library/Frameworks/Intents.framework/Headers/INMessageAttributeOptionsResolutionResult.h
2026-06-03T08:46:46.6915240Z x iPhoneOS16.5.sdk/System/Library/Frameworks/Intents.framework/Headers/INSendPaymentIntent.h
2026-06-03T08:46:46.6916870Z x iPhoneOS16.5.sdk/System/Library/Frameworks/Intents.framework/Headers/INGetAvailableRestaurantReservationBookingDefaultsIntent.h
2026-06-03T08:46:46.6917200Z x iPhoneOS16.5.sdk/System/Library/Frameworks/Intents.framework/Headers/INPhotoAttributeOptions.h
2026-06-03T08:46:46.6918050Z x iPhoneOS16.5.sdk/System/Library/Frameworks/Intents.framework/Headers/INPaymentAmount.h
2026-06-03T08:46:46.6919000Z x iPhoneOS16.5.sdk/System/Library/Frameworks/Intents.framework/Headers/INMediaSortOrder.h
2026-06-03T08:46:46.6920020Z x iPhoneOS16.5.sdk/System/Library/Frameworks/Intents.framework/Headers/INIntegerResolutionResult.h
2026-06-03T08:46:46.6921240Z x iPhoneOS16.5.sdk/System/Library/Frameworks/Intents.framework/Headers/INRadioType.h
2026-06-03T08:46:46.6925330Z x iPhoneOS16.5.sdk/System/Library/Frameworks/Intents.framework/Headers/INTemporalEventTriggerTypeOptionsResolutionResult.h
2026-06-03T08:46:46.6926300Z x iPhoneOS16.5.sdk/System/Library/Frameworks/Intents.framework/Headers/INVocabulary.h
2026-06-03T08:46:46.6927340Z x iPhoneOS16.5.sdk/System/Library/Frameworks/Intents.framework/Headers/INDeleteTasksTaskListResolutionResult.h
2026-06-03T08:46:46.6928530Z x iPhoneOS16.5.sdk/System/Library/Frameworks/Intents.framework/Headers/INSearchForMessagesIntentResponse.h
2026-06-03T08:46:46.6929360Z x iPhoneOS16.5.sdk/System/Library/Frameworks/Intents.framework/Headers/INDateComponentsRangeResolutionResult.h
2026-06-03T08:46:46.6930990Z x iPhoneOS16.5.sdk/System/Library/Frameworks/Intents.framework/Headers/INTicketedEvent.h
2026-06-03T08:46:46.6931700Z x iPhoneOS16.5.sdk/System/Library/Frameworks/Intents.framework/Headers/INUpcomingMediaManager.h
2026-06-03T08:46:46.6932910Z x iPhoneOS16.5.sdk/System/Library/Frameworks/Intents.framework/Headers/INMediaDestinationType.h
2026-06-03T08:46:46.6933740Z x iPhoneOS16.5.sdk/System/Library/Frameworks/Intents.framework/Headers/INRelevantShortcutStore.h
2026-06-03T08:46:46.6934980Z x iPhoneOS16.5.sdk/System/Library/Frameworks/Intents.framework/Headers/INCurrencyAmountResolutionResult.h
2026-06-03T08:46:46.6935940Z x iPhoneOS16.5.sdk/System/Library/Frameworks/Intents.framework/Headers/INTemperatureResolutionResult.h
2026-06-03T08:46:46.6937260Z x iPhoneOS16.5.sdk/System/Library/Frameworks/Intents.framework/Headers/INDoubleResolutionResult.h
2026-06-03T08:46:46.6937960Z x iPhoneOS16.5.sdk/System/Library/Frameworks/Intents.framework/Headers/INNote.h
2026-06-03T08:46:46.6939170Z x iPhoneOS16.5.sdk/System/Library/Frameworks/Intents.framework/Headers/INMediaAffinityTypeResolutionResult.h
2026-06-03T08:46:46.6940240Z x iPhoneOS16.5.sdk/System/Library/Frameworks/Intents.framework/Headers/INGetCarLockStatusIntentResponse.h
2026-06-03T08:46:46.6941190Z x iPhoneOS16.5.sdk/System/Library/Frameworks/Intents.framework/Headers/INImageNoteContent.h
2026-06-03T08:46:46.6942690Z x iPhoneOS16.5.sdk/System/Library/Frameworks/Intents.framework/Headers/INGetCarPowerLevelStatusIntent.h
2026-06-03T08:46:46.6944170Z x iPhoneOS16.5.sdk/System/Library/Frameworks/Intents.framework/Headers/INLodgingReservation.h
2026-06-03T08:46:46.6945220Z x iPhoneOS16.5.sdk/System/Library/Frameworks/Intents.framework/Headers/INVoiceShortcutCenter.h
2026-06-03T08:46:46.6945980Z x iPhoneOS16.5.sdk/System/Library/Frameworks/Intents.framework/Headers/INPerson.h
2026-06-03T08:46:46.6949980Z x iPhoneOS16.5.sdk/System/Library/Frameworks/Intents.framework/Headers/Intents_Generated.h
2026-06-03T08:46:46.6951270Z x iPhoneOS16.5.sdk/System/Library/Frameworks/Intents.framework/Headers/INObjectCollection.h
2026-06-03T08:46:46.6952860Z x iPhoneOS16.5.sdk/System/Library/Frameworks/Intents.framework/Headers/INTrainTrip.h
2026-06-03T08:46:46.6953860Z x iPhoneOS16.5.sdk/System/Library/Frameworks/Intents.framework/Headers/INFlight.h
2026-06-03T08:46:46.6954660Z x iPhoneOS16.5.sdk/System/Library/Frameworks/Intents.framework/Headers/INRelativeSetting.h
2026-06-03T08:46:46.6955480Z x iPhoneOS16.5.sdk/System/Library/Frameworks/Intents.framework/Headers/INCarDefrosterResolutionResult.h
2026-06-03T08:46:46.6956350Z x iPhoneOS16.5.sdk/System/Library/Frameworks/Intents.framework/Headers/INExtension.h
2026-06-03T08:46:46.6958150Z x iPhoneOS16.5.sdk/System/Library/Frameworks/Intents.framework/Headers/INLocationSearchType.h
2026-06-03T08:46:46.6960090Z x iPhoneOS16.5.sdk/System/Library/Frameworks/Intents.framework/Headers/INListCarsIntent.h
2026-06-03T08:46:46.6960570Z x iPhoneOS16.5.sdk/System/Library/Frameworks/Intents.framework/Headers/INPaymentMethodType.h
2026-06-03T08:46:46.6961790Z x iPhoneOS16.5.sdk/System/Library/Frameworks/Intents.framework/Headers/INSetClimateSettingsInCarIntentResponse.h
2026-06-03T08:46:46.6962730Z x iPhoneOS16.5.sdk/System/Library/Frameworks/Intents.framework/Headers/INRideDriver.h
2026-06-03T08:46:46.6963730Z x iPhoneOS16.5.sdk/System/Library/Frameworks/Intents.framework/Headers/INMediaItem.h
2026-06-03T08:46:46.6965020Z x iPhoneOS16.5.sdk/System/Library/Frameworks/Intents.framework/Headers/INSearchForPhotosIntent.h
2026-06-03T08:46:46.6965750Z x iPhoneOS16.5.sdk/System/Library/Frameworks/Intents.framework/Headers/INRestaurantResolutionResult.h
2026-06-03T08:46:46.6967030Z x iPhoneOS16.5.sdk/System/Library/Frameworks/Intents.framework/Headers/INStartCallCallRecordToCallBackResolutionResult.h
2026-06-03T08:46:46.6968030Z x iPhoneOS16.5.sdk/System/Library/Frameworks/Intents.framework/Headers/INStartPhotoPlaybackIntentResponse.h
2026-06-03T08:46:46.6968760Z x iPhoneOS16.5.sdk/System/Library/Frameworks/Intents.framework/Headers/INGetRideStatusIntent.h
2026-06-03T08:46:46.6970310Z x iPhoneOS16.5.sdk/System/Library/Frameworks/Intents.framework/Headers/INBusTrip.h
2026-06-03T08:46:46.6971290Z x iPhoneOS16.5.sdk/System/Library/Frameworks/Intents.framework/Headers/INBookRestaurantReservationIntentResponse.h
2026-06-03T08:46:46.6972240Z x iPhoneOS16.5.sdk/System/Library/Frameworks/Intents.framework/Headers/INCallRecordType.h
2026-06-03T08:46:46.6973260Z x iPhoneOS16.5.sdk/System/Library/Frameworks/Intents.framework/Headers/INEnumResolutionResult.h
2026-06-03T08:46:46.6974090Z x iPhoneOS16.5.sdk/System/Library/Frameworks/Intents.framework/Headers/INObjectResolutionResult.h
2026-06-03T08:46:46.6975120Z x iPhoneOS16.5.sdk/System/Library/Frameworks/Intents.framework/Headers/INSearchForMessagesIntent_Deprecated.h
2026-06-03T08:46:46.6976160Z x iPhoneOS16.5.sdk/System/Library/Frameworks/Intents.framework/Headers/INCancelRideIntentResponse.h
2026-06-03T08:46:46.6977040Z x iPhoneOS16.5.sdk/System/Library/Frameworks/Intents.framework/Headers/NSExtensionContext+ShareExtension.h
2026-06-03T08:46:46.6981300Z x iPhoneOS16.5.sdk/System/Library/Frameworks/Intents.framework/Headers/INCancelWorkoutIntentResponse.h
2026-06-03T08:46:46.6982240Z x iPhoneOS16.5.sdk/System/Library/Frameworks/Intents.framework/Headers/INAddMediaIntentResponse.h
2026-06-03T08:46:46.6983130Z x iPhoneOS16.5.sdk/System/Library/Frameworks/Intents.framework/Headers/INCurrencyAmount.h
2026-06-03T08:46:46.6984360Z x iPhoneOS16.5.sdk/System/Library/Frameworks/Intents.framework/Headers/INIntentErrors.h
2026-06-03T08:46:46.6985720Z x iPhoneOS16.5.sdk/System/Library/Frameworks/Intents.framework/Headers/INPersonHandleLabel.h
2026-06-03T08:46:46.6986710Z x iPhoneOS16.5.sdk/System/Library/Frameworks/Intents.framework/Headers/INAddTasksIntent.h
2026-06-03T08:46:46.6990870Z x iPhoneOS16.5.sdk/System/Library/Frameworks/Intents.framework/Headers/Intents.apinotes
2026-06-03T08:46:46.6991810Z x iPhoneOS16.5.sdk/System/Library/Frameworks/Intents.framework/Headers/INRestaurantOffer.h
2026-06-03T08:46:46.6992790Z x iPhoneOS16.5.sdk/System/Library/Frameworks/Intents.framework/Headers/INSearchForMessagesIntent.h
2026-06-03T08:46:46.6993970Z x iPhoneOS16.5.sdk/System/Library/Frameworks/Intents.framework/Headers/INSearchForNotebookItemsIntent_Deprecated.h
2026-06-03T08:46:46.6995180Z x iPhoneOS16.5.sdk/System/Library/Frameworks/Intents.framework/Headers/INCarSeatResolutionResult.h
2026-06-03T08:46:46.6996290Z x iPhoneOS16.5.sdk/System/Library/Frameworks/Intents.framework/Headers/INDateComponentsRange.h
2026-06-03T08:46:46.6999790Z x iPhoneOS16.5.sdk/System/Library/Frameworks/Intents.framework/Headers/INPerson_Deprecated.h
2026-06-03T08:46:46.7000960Z x iPhoneOS16.5.sdk/System/Library/Frameworks/Intents.framework/Headers/INTask.h
2026-06-03T08:46:46.7001970Z x iPhoneOS16.5.sdk/System/Library/Frameworks/Intents.framework/Headers/INIntentResolutionResult+Custom.h
2026-06-03T08:46:46.7003240Z x iPhoneOS16.5.sdk/System/Library/Frameworks/Intents.framework/Headers/INRelevanceProvider.h
2026-06-03T08:46:46.7004140Z x iPhoneOS16.5.sdk/System/Library/Frameworks/Intents.framework/Headers/INTaskPriority.h
2026-06-03T08:46:46.7005490Z x iPhoneOS16.5.sdk/System/Library/Frameworks/Intents.framework/Headers/INVisualCodeTypeResolutionResult.h
2026-06-03T08:46:46.7006460Z x iPhoneOS16.5.sdk/System/Library/Frameworks/Intents.framework/Headers/INMediaReference.h
2026-06-03T08:46:46.7007790Z x iPhoneOS16.5.sdk/System/Library/Frameworks/Intents.framework/Headers/INDayOfWeekOptions.h
2026-06-03T08:46:46.7008870Z x iPhoneOS16.5.sdk/System/Library/Frameworks/Intents.framework/Headers/INRidePhase.h
2026-06-03T08:46:46.7009770Z x iPhoneOS16.5.sdk/System/Library/Frameworks/Intents.framework/Headers/INCarHeadUnit.h
2026-06-03T08:46:46.7010980Z x iPhoneOS16.5.sdk/System/Library/Frameworks/Intents.framework/Headers/INMediaUserContext.h
2026-06-03T08:46:46.7012080Z x iPhoneOS16.5.sdk/System/Library/Frameworks/Intents.framework/Headers/INDeleteTasksTaskResolutionResult.h
2026-06-03T08:46:46.7013230Z x iPhoneOS16.5.sdk/System/Library/Frameworks/Intents.framework/Headers/INTemporalEventTriggerResolutionResult.h
2026-06-03T08:46:46.7014840Z x iPhoneOS16.5.sdk/System/Library/Frameworks/Intents.framework/Headers/INAirport.h
2026-06-03T08:46:46.7015260Z x iPhoneOS16.5.sdk/System/Library/Frameworks/Intents.framework/Headers/INCreateTaskListIntent.h
2026-06-03T08:46:46.7016720Z x iPhoneOS16.5.sdk/System/Library/Frameworks/Intents.framework/Headers/INSetDefrosterSettingsInCarIntent_Deprecated.h
2026-06-03T08:46:46.7017590Z x iPhoneOS16.5.sdk/System/Library/Frameworks/Intents.framework/Headers/INStringResolutionResult.h
2026-06-03T08:46:46.7018570Z x iPhoneOS16.5.sdk/System/Library/Frameworks/Intents.framework/Headers/INImage.h
2026-06-03T08:46:46.7019520Z x iPhoneOS16.5.sdk/System/Library/Frameworks/Intents.framework/Headers/INSetMessageAttributeIntentResponse.h
2026-06-03T08:46:46.7020790Z x iPhoneOS16.5.sdk/System/Library/Frameworks/Intents.framework/Headers/INCreateTaskListIntentResponse.h
2026-06-03T08:46:46.7021590Z x iPhoneOS16.5.sdk/System/Library/Frameworks/Intents.framework/Headers/INPlayMediaIntent.h
2026-06-03T08:46:46.7022500Z x iPhoneOS16.5.sdk/System/Library/Frameworks/Intents.framework/Headers/INDefaultCardTemplate.h
2026-06-03T08:46:46.7023540Z x iPhoneOS16.5.sdk/System/Library/Frameworks/Intents.framework/Headers/INReservationActionType.h
2026-06-03T08:46:46.7027270Z x iPhoneOS16.5.sdk/System/Library/Frameworks/Intents.framework/Headers/INSetCarLockStatusIntent.h
2026-06-03T08:46:46.7028550Z x iPhoneOS16.5.sdk/System/Library/Frameworks/Intents.framework/Headers/INPerson+SiriAdditions.h
2026-06-03T08:46:46.7029420Z x iPhoneOS16.5.sdk/System/Library/Frameworks/Intents.framework/Headers/INGetCarPowerLevelStatusIntentResponse.h
2026-06-03T08:46:46.7030480Z x iPhoneOS16.5.sdk/System/Library/Frameworks/Intents.framework/Headers/INGetUserCurrentRestaurantReservationBookingsIntentResponse.h
2026-06-03T08:46:46.7031070Z x iPhoneOS16.5.sdk/System/Library/Frameworks/Intents.framework/Headers/INPayBillIntentResponse.h
2026-06-03T08:46:46.7031910Z x iPhoneOS16.5.sdk/System/Library/Frameworks/Intents.framework/Headers/INBoatReservation.h
2026-06-03T08:46:46.7032820Z x iPhoneOS16.5.sdk/System/Library/Frameworks/Intents.framework/Headers/INMediaSearch_Deprecated.h
2026-06-03T08:46:46.7033920Z x iPhoneOS16.5.sdk/System/Library/Frameworks/Intents.framework/Headers/INTermsAndConditions.h
2026-06-03T08:46:46.7034840Z x iPhoneOS16.5.sdk/System/Library/Frameworks/Intents.framework/Headers/INFocusStatus.h
2026-06-03T08:46:46.7035680Z x iPhoneOS16.5.sdk/System/Library/Frameworks/Intents.framework/Headers/INRelativeSettingResolutionResult.h
2026-06-03T08:46:46.7036460Z x iPhoneOS16.5.sdk/System/Library/Frameworks/Intents.framework/Headers/INMediaAffinityType.h
2026-06-03T08:46:46.7037580Z x iPhoneOS16.5.sdk/System/Library/Frameworks/Intents.framework/Headers/INAddMediaMediaItemResolutionResult.h
2026-06-03T08:46:46.7039000Z x iPhoneOS16.5.sdk/System/Library/Frameworks/Intents.framework/Headers/INSetClimateSettingsInCarIntent_Deprecated.h
2026-06-03T08:46:46.7039770Z x iPhoneOS16.5.sdk/System/Library/Frameworks/Intents.framework/Headers/INCallRecord_Deprecated.h
2026-06-03T08:46:46.7040730Z x iPhoneOS16.5.sdk/System/Library/Frameworks/Intents.framework/Headers/INGetCarLockStatusIntent.h
2026-06-03T08:46:46.7041860Z x iPhoneOS16.5.sdk/System/Library/Frameworks/Intents.framework/Headers/INPersonResolutionResult.h
2026-06-03T08:46:46.7042980Z x iPhoneOS16.5.sdk/System/Library/Frameworks/Intents.framework/Headers/INSendMessageRecipientResolutionResult.h
2026-06-03T08:46:46.7043870Z x iPhoneOS16.5.sdk/System/Library/Frameworks/Intents.framework/Headers/INPauseWorkoutIntentResponse.h
2026-06-03T08:46:46.7044970Z x iPhoneOS16.5.sdk/System/Library/Frameworks/Intents.framework/Headers/INShortcut.h
2026-06-03T08:46:46.7046100Z x iPhoneOS16.5.sdk/System/Library/Frameworks/Intents.framework/Headers/INMediaItemResolutionResult.h
2026-06-03T08:46:46.7046530Z x iPhoneOS16.5.sdk/System/Library/Frameworks/Intents.framework/Headers/INReservation.h
2026-06-03T08:46:46.7047510Z x iPhoneOS16.5.sdk/System/Library/Frameworks/Intents.framework/Headers/INSendMessageIntentResponse.h
2026-06-03T08:46:46.7048400Z x iPhoneOS16.5.sdk/System/Library/Frameworks/Intents.framework/Headers/INSiriAuthorizationStatus.h
2026-06-03T08:46:46.7052420Z x iPhoneOS16.5.sdk/System/Library/Frameworks/Intents.framework/Headers/INListRideOptionsIntent.h
2026-06-03T08:46:46.7052680Z x iPhoneOS16.5.sdk/System/Library/Frameworks/Intents.framework/Headers/INCallCapabilityResolutionResult.h
2026-06-03T08:46:46.7053750Z x iPhoneOS16.5.sdk/System/Library/Frameworks/Intents.framework/Headers/INSendPaymentIntentResponse.h
2026-06-03T08:46:46.7054640Z x iPhoneOS16.5.sdk/System/Library/Frameworks/Intents.framework/Headers/INAddTasksTemporalEventTriggerResolutionResult.h
2026-06-03T08:46:46.7055670Z x iPhoneOS16.5.sdk/System/Library/Frameworks/Intents.framework/Headers/INStartAudioCallIntent.h
2026-06-03T08:46:46.7056380Z x iPhoneOS16.5.sdk/System/Library/Frameworks/Intents.framework/Headers/INSortType.h
2026-06-03T08:46:46.7057800Z x iPhoneOS16.5.sdk/System/Library/Frameworks/Intents.framework/Headers/INSetDefrosterSettingsInCarIntentResponse.h
2026-06-03T08:46:46.7058670Z x iPhoneOS16.5.sdk/System/Library/Frameworks/Intents.framework/Headers/INIntentResponse.h
2026-06-03T08:46:46.7059580Z x iPhoneOS16.5.sdk/System/Library/Frameworks/Intents.framework/Headers/INSearchForAccountsIntent.h
2026-06-03T08:46:46.7060800Z x iPhoneOS16.5.sdk/System/Library/Frameworks/Intents.framework/Headers/INGetAvailableRestaurantReservationBookingsIntent.h
2026-06-03T08:46:46.7061680Z x iPhoneOS16.5.sdk/System/Library/Frameworks/Intents.framework/Headers/INSpatialEventTriggerResolutionResult.h
2026-06-03T08:46:46.7063320Z x iPhoneOS16.5.sdk/System/Library/Frameworks/Intents.framework/Headers/INSearchForNotebookItemsIntentResponse.h
2026-06-03T08:46:46.7063790Z x iPhoneOS16.5.sdk/System/Library/Frameworks/Intents.framework/Headers/INAddTasksTargetTaskListResolutionResult.h
2026-06-03T08:46:46.7064690Z x iPhoneOS16.5.sdk/System/Library/Frameworks/Intents.framework/Headers/INListCarsIntentResponse.h
2026-06-03T08:46:46.7065830Z x iPhoneOS16.5.sdk/System/Library/Frameworks/Intents.framework/Headers/INCarSignalOptionsResolutionResult.h
2026-06-03T08:46:46.7066660Z x iPhoneOS16.5.sdk/System/Library/Frameworks/Intents.framework/Headers/INTicketedEventReservation.h
2026-06-03T08:46:46.7067510Z x iPhoneOS16.5.sdk/System/Library/Frameworks/Intents.framework/Headers/INRecurrenceRule.h
2026-06-03T08:46:46.7068690Z x iPhoneOS16.5.sdk/System/Library/Frameworks/Intents.framework/Headers/INSpeakableStringResolutionResult.h
2026-06-03T08:46:46.7069300Z x iPhoneOS16.5.sdk/System/Library/Frameworks/Intents.framework/Headers/INFileResolutionResult.h
2026-06-03T08:46:46.7070210Z x iPhoneOS16.5.sdk/System/Library/Frameworks/Intents.framework/Headers/INFlightReservation.h
2026-06-03T08:46:46.7073600Z x iPhoneOS16.5.sdk/System/Library/Frameworks/Intents.framework/Headers/INTransferMoneyIntent.h
2026-06-03T08:46:46.7074390Z x iPhoneOS16.5.sdk/System/Library/Frameworks/Intents.framework/Headers/INSnoozeTasksIntentResponse.h
2026-06-03T08:46:46.7076060Z x iPhoneOS16.5.sdk/System/Library/Frameworks/Intents.framework/Headers/INCallRecordTypeOptions.h
2026-06-03T08:46:46.7076350Z x iPhoneOS16.5.sdk/System/Library/Frameworks/Intents.framework/Headers/INNoteResolutionResult.h
2026-06-03T08:46:46.7077610Z x iPhoneOS16.5.sdk/System/Library/Frameworks/Intents.framework/Headers/INRestaurant.h
2026-06-03T08:46:46.7078350Z x iPhoneOS16.5.sdk/System/Library/Frameworks/Intents.framework/Headers/INCallRecordTypeResolutionResult.h
2026-06-03T08:46:46.7079240Z x iPhoneOS16.5.sdk/System/Library/Frameworks/Intents.framework/Headers/INAddMediaMediaDestinationResolutionResult.h
2026-06-03T08:46:46.7079930Z x iPhoneOS16.5.sdk/System/Library/Frameworks/Intents.framework/Headers/INAppendToNoteIntent.h
2026-06-03T08:46:46.7081280Z x iPhoneOS16.5.sdk/System/Library/Frameworks/Intents.framework/Headers/INRequestPaymentIntent.h
2026-06-03T08:46:46.7081760Z x iPhoneOS16.5.sdk/System/Library/Frameworks/Intents.framework/Headers/INBalanceTypeResolutionResult.h
2026-06-03T08:46:46.7082600Z x iPhoneOS16.5.sdk/System/Library/Frameworks/Intents.framework/Headers/INMessageAttributeResolutionResult.h
2026-06-03T08:46:46.7083430Z x iPhoneOS16.5.sdk/System/Library/Frameworks/Intents.framework/Headers/INStartVideoCallIntent.h
2026-06-03T08:46:46.7084400Z x iPhoneOS16.5.sdk/System/Library/Frameworks/Intents.framework/Headers/CLPlacemark+IntentsAdditions.h
2026-06-03T08:46:46.7086060Z x iPhoneOS16.5.sdk/System/Library/Frameworks/Intents.framework/Headers/INParameter.h
2026-06-03T08:46:46.7086320Z x iPhoneOS16.5.sdk/System/Library/Frameworks/Intents.framework/Headers/INTaskList.h
2026-06-03T08:46:46.7087550Z x iPhoneOS16.5.sdk/System/Library/Frameworks/Intents.framework/Headers/INFile.h
2026-06-03T08:46:46.7088450Z x iPhoneOS16.5.sdk/System/Library/Frameworks/Intents.framework/Headers/INRestaurantGuestResolutionResult.h
2026-06-03T08:46:46.7089450Z x iPhoneOS16.5.sdk/System/Library/Frameworks/Intents.framework/Headers/INRelativeReferenceResolutionResult.h
2026-06-03T08:46:46.7090140Z x iPhoneOS16.5.sdk/System/Library/Frameworks/Intents.framework/Headers/INBalanceAmount.h
2026-06-03T08:46:46.7091430Z x iPhoneOS16.5.sdk/System/Library/Frameworks/Intents.framework/Headers/INNoteContentType.h
2026-06-03T08:46:46.7092040Z x iPhoneOS16.5.sdk/System/Library/Frameworks/Intents.framework/Headers/INStartCallIntent.h
2026-06-03T08:46:46.7092820Z x iPhoneOS16.5.sdk/System/Library/Frameworks/Intents.framework/Headers/INEnergyResolutionResult.h
2026-06-03T08:46:46.7096450Z x iPhoneOS16.5.sdk/System/Library/Frameworks/Intents.framework/Headers/INPreferences.h
2026-06-03T08:46:46.7097220Z x iPhoneOS16.5.sdk/System/Library/Frameworks/Intents.framework/Headers/INEndWorkoutIntent.h
2026-06-03T08:46:46.7098460Z x iPhoneOS16.5.sdk/System/Library/Frameworks/Intents.framework/Headers/INSetProfileInCarIntentResponse.h
2026-06-03T08:46:46.7099380Z x iPhoneOS16.5.sdk/System/Library/Frameworks/Intents.framework/Headers/INRideDriver_Deprecated.h
2026-06-03T08:46:46.7100780Z x iPhoneOS16.5.sdk/System/Library/Frameworks/Intents.framework/Headers/INPlayMediaIntent_Deprecated.h
2026-06-03T08:46:46.7102080Z x iPhoneOS16.5.sdk/System/Library/Frameworks/Intents.framework/Headers/INCallRecordFilter.h
2026-06-03T08:46:46.7102970Z x iPhoneOS16.5.sdk/System/Library/Frameworks/Intents.framework/Headers/INNotebookItemType.h
2026-06-03T08:46:46.7103980Z x iPhoneOS16.5.sdk/System/Library/Frameworks/Intents.framework/Headers/INIntentHandlerProviding.h
2026-06-03T08:46:46.7105330Z x iPhoneOS16.5.sdk/System/Library/Frameworks/Intents.framework/Headers/INRideOption.h
2026-06-03T08:46:46.7105880Z x iPhoneOS16.5.sdk/System/Library/Frameworks/Intents.framework/Headers/INSpatialEvent.h
2026-06-03T08:46:46.7107310Z x iPhoneOS16.5.sdk/System/Library/Frameworks/Intents.framework/Headers/INTemporalEventTriggerTypeOptions.h
2026-06-03T08:46:46.7108300Z x iPhoneOS16.5.sdk/System/Library/Frameworks/Intents.framework/Headers/INSearchForPhotosIntentResponse.h
2026-06-03T08:46:46.7109230Z x iPhoneOS16.5.sdk/System/Library/Frameworks/Intents.framework/Headers/INRidePartySizeOption.h
2026-06-03T08:46:46.7110450Z x iPhoneOS16.5.sdk/System/Library/Frameworks/Intents.framework/Headers/INIntent.h
2026-06-03T08:46:46.7111920Z x iPhoneOS16.5.sdk/System/Library/Frameworks/Intents.framework/Headers/INSetSeatSettingsInCarIntent.h
2026-06-03T08:46:46.7113070Z x iPhoneOS16.5.sdk/System/Library/Frameworks/Intents.framework/Headers/INSendMessageIntent_Deprecated.h
2026-06-03T08:46:46.7113970Z x iPhoneOS16.5.sdk/System/Library/Frameworks/Intents.framework/Headers/INSetProfileInCarIntent.h
2026-06-03T08:46:46.7114930Z x iPhoneOS16.5.sdk/System/Library/Frameworks/Intents.framework/Headers/INPaymentAccount.h
2026-06-03T08:46:46.7115960Z x iPhoneOS16.5.sdk/System/Library/Frameworks/Intents.framework/Headers/INGetVisualCodeIntent.h
2026-06-03T08:46:46.7131060Z x iPhoneOS16.5.sdk/System/Library/Frameworks/Intents.framework/Headers/INIntents.h
2026-06-03T08:46:46.7131480Z x iPhoneOS16.5.sdk/System/Library/Frameworks/Intents.framework/Headers/INUpdateMediaAffinityIntentResponse.h
2026-06-03T08:46:46.7131780Z x iPhoneOS16.5.sdk/System/Library/Frameworks/Intents.framework/Headers/INTransferMoneyIntentResponse.h
2026-06-03T08:46:46.7132170Z x iPhoneOS16.5.sdk/System/Library/Frameworks/Intents.framework/Headers/INSearchForNotebookItemsIntent.h
2026-06-03T08:46:46.7132500Z x iPhoneOS16.5.sdk/System/Library/Frameworks/Intents.framework/Headers/INShortcutAvailabilityOptions.h
2026-06-03T08:46:46.7133450Z x iPhoneOS16.5.sdk/System/Library/Frameworks/Intents.framework/Headers/INStartCallIntent_Deprecated.h
2026-06-03T08:46:46.7134300Z x iPhoneOS16.5.sdk/System/Library/Frameworks/Intents.framework/Headers/INMediaItemType.h
2026-06-03T08:46:46.7135400Z x iPhoneOS16.5.sdk/System/Library/Frameworks/Intents.framework/Headers/INRestaurantReservationBooking.h
2026-06-03T08:46:46.7137170Z x iPhoneOS16.5.sdk/System/Library/Frameworks/Intents.framework/Headers/INSetAudioSourceInCarIntentResponse.h
2026-06-03T08:46:46.7138180Z x iPhoneOS16.5.sdk/System/Library/Frameworks/Intents.framework/Headers/INOutgoingMessageType.h
2026-06-03T08:46:46.7139190Z x iPhoneOS16.5.sdk/System/Library/Frameworks/Intents.framework/Headers/INListRideOptionsIntentResponse.h
2026-06-03T08:46:46.7139850Z x iPhoneOS16.5.sdk/System/Library/Frameworks/Intents.framework/Headers/INMessageAttribute.h
2026-06-03T08:46:46.7140650Z x iPhoneOS16.5.sdk/System/Library/Frameworks/Intents.framework/Headers/INCallRecord.h
2026-06-03T08:46:46.7142510Z x iPhoneOS16.5.sdk/System/Library/Frameworks/Intents.framework/Headers/INAppendToNoteIntentResponse.h
2026-06-03T08:46:46.7143760Z x iPhoneOS16.5.sdk/System/Library/Frameworks/Intents.framework/Headers/INRideCompletionStatus.h
2026-06-03T08:46:46.7144910Z x iPhoneOS16.5.sdk/System/Library/Frameworks/Intents.framework/Headers/INActivateCarSignalIntentResponse.h
2026-06-03T08:46:46.7145740Z x iPhoneOS16.5.sdk/System/Library/Frameworks/Intents.framework/Headers/INRentalCar.h
2026-06-03T08:46:46.7146700Z x iPhoneOS16.5.sdk/System/Library/Frameworks/Intents.framework/Headers/INSetTaskAttributeIntent.h
2026-06-03T08:46:46.7147560Z x iPhoneOS16.5.sdk/System/Library/Frameworks/Intents.framework/Headers/INTaskResolutionResult.h
2026-06-03T08:46:46.7148840Z x iPhoneOS16.5.sdk/System/Library/Frameworks/Intents.framework/Headers/INRentalCarReservation.h
2026-06-03T08:46:46.7149610Z x iPhoneOS16.5.sdk/System/Library/Frameworks/Intents.framework/Headers/INPersonHandle.h
2026-06-03T08:46:46.7150510Z x iPhoneOS16.5.sdk/System/Library/Frameworks/Intents.framework/Headers/NSString+Intents.h
2026-06-03T08:46:46.7153810Z x iPhoneOS16.5.sdk/System/Library/Frameworks/Intents.framework/Headers/INAnswerCallIntent.h
2026-06-03T08:46:46.7154720Z x iPhoneOS16.5.sdk/System/Library/Frameworks/Intents.framework/Headers/INStartWorkoutIntent.h
2026-06-03T08:46:46.7156510Z x iPhoneOS16.5.sdk/System/Library/Frameworks/Intents.framework/Headers/INGetRestaurantGuestIntent.h
2026-06-03T08:46:46.7156930Z x iPhoneOS16.5.sdk/System/Library/Frameworks/Intents.framework/Headers/INAirline.h
2026-06-03T08:46:46.7157890Z x iPhoneOS16.5.sdk/System/Library/Frameworks/Intents.framework/Headers/INEndWorkoutIntentResponse.h
2026-06-03T08:46:46.7159410Z x iPhoneOS16.5.sdk/System/Library/Frameworks/Intents.framework/Headers/INCarSeat.h
2026-06-03T08:46:46.7160590Z x iPhoneOS16.5.sdk/System/Library/Frameworks/Intents.framework/Headers/INPlaybackQueueLocationResolutionResult.h
2026-06-03T08:46:46.7161790Z x iPhoneOS16.5.sdk/System/Library/Frameworks/Intents.framework/Headers/INDateSearchTypeResolutionResult.h
2026-06-03T08:46:46.7163300Z x iPhoneOS16.5.sdk/System/Library/Frameworks/Intents.framework/Headers/INWorkoutNameIdentifier.h
2026-06-03T08:46:46.7164150Z x iPhoneOS16.5.sdk/System/Library/Frameworks/Intents.framework/Headers/INDeleteTasksIntentResponse.h
2026-06-03T08:46:46.7165250Z x iPhoneOS16.5.sdk/System/Library/Frameworks/Intents.framework/Headers/INMediaSearch.h
2026-06-03T08:46:46.7166320Z x iPhoneOS16.5.sdk/System/Library/Frameworks/Intents.framework/Headers/INWorkoutGoalUnitTypeResolutionResult.h
2026-06-03T08:46:46.7167470Z x iPhoneOS16.5.sdk/System/Library/Frameworks/Intents.framework/Headers/INPaymentAmountResolutionResult.h
2026-06-03T08:46:46.7169190Z x iPhoneOS16.5.sdk/System/Library/Frameworks/Intents.framework/Headers/INStartCallIntentResponse.h
2026-06-03T08:46:46.7169860Z x iPhoneOS16.5.sdk/System/Library/Frameworks/Intents.framework/Headers/INRequestRideIntentResponse.h
2026-06-03T08:46:46.7171100Z x iPhoneOS16.5.sdk/System/Library/Frameworks/Intents.framework/Headers/INRequestPaymentIntentResponse.h
2026-06-03T08:46:46.7172020Z x iPhoneOS16.5.sdk/System/Library/Frameworks/Intents.framework/Headers/INPaymentStatus.h
2026-06-03T08:46:46.7172950Z x iPhoneOS16.5.sdk/System/Library/Frameworks/Intents.framework/Headers/INBillDetails.h
2026-06-03T08:46:46.7174110Z x iPhoneOS16.5.sdk/System/Library/Frameworks/Intents.framework/Headers/INRideFeedbackTypeOptions.h
2026-06-03T08:46:46.7175360Z x iPhoneOS16.5.sdk/System/Library/Frameworks/Intents.framework/Headers/INVisualCodeType.h
2026-06-03T08:46:46.7176380Z x iPhoneOS16.5.sdk/System/Library/Frameworks/Intents.framework/Headers/INSetSeatSettingsInCarIntent_Deprecated.h
2026-06-03T08:46:46.7177430Z x iPhoneOS16.5.sdk/System/Library/Frameworks/Intents.framework/Headers/INSaveProfileInCarIntentResponse.h
2026-06-03T08:46:46.7178410Z x iPhoneOS16.5.sdk/System/Library/Frameworks/Intents.framework/Headers/INAirportGate.h
2026-06-03T08:46:46.7181830Z x iPhoneOS16.5.sdk/System/Library/Frameworks/Intents.framework/Headers/INSetTaskAttributeTemporalEventTriggerResolutionResult.h
2026-06-03T08:46:46.7183600Z x iPhoneOS16.5.sdk/System/Library/Frameworks/Intents.framework/Headers/INCarAudioSource.h
2026-06-03T08:46:46.7184000Z x iPhoneOS16.5.sdk/System/Library/Frameworks/Intents.framework/Headers/INSnoozeTasksIntent.h
2026-06-03T08:46:46.7185140Z x iPhoneOS16.5.sdk/System/Library/Frameworks/Intents.framework/Headers/INSetProfileInCarIntent_Deprecated.h
2026-06-03T08:46:46.7186160Z x iPhoneOS16.5.sdk/System/Library/Frameworks/Intents.framework/Headers/INMessage.h
2026-06-03T08:46:46.7187270Z x iPhoneOS16.5.sdk/System/Library/Frameworks/Intents.framework/Headers/INSpeakable.h
2026-06-03T08:46:46.7188520Z x iPhoneOS16.5.sdk/System/Library/Frameworks/Intents.framework/Headers/INResumeWorkoutIntent.h
2026-06-03T08:46:46.7189780Z x iPhoneOS16.5.sdk/System/Library/Frameworks/Intents.framework/Headers/INTemporalEventTrigger.h
2026-06-03T08:46:46.7190690Z x iPhoneOS16.5.sdk/System/Library/Frameworks/Intents.framework/Headers/INAccountType.h
2026-06-03T08:46:46.7191710Z x iPhoneOS16.5.sdk/System/Library/Frameworks/Intents.framework/Headers/INSearchCallHistoryIntentResponse.h
2026-06-03T08:46:46.7192580Z x iPhoneOS16.5.sdk/System/Library/Frameworks/Intents.framework/Headers/INPayBillIntent.h
2026-06-03T08:46:46.7193770Z x iPhoneOS16.5.sdk/System/Library/Frameworks/Intents.framework/Headers/INSendPaymentPayeeResolutionResult.h
2026-06-03T08:46:46.7201840Z x iPhoneOS16.5.sdk/System/Library/Frameworks/Intents.framework/Headers/INTrainReservation.h
2026-06-03T08:46:46.7202120Z x iPhoneOS16.5.sdk/System/Library/Frameworks/Intents.framework/Headers/INAddTasksIntentResponse.h
2026-06-03T08:46:46.7202410Z x iPhoneOS16.5.sdk/System/Library/Frameworks/Intents.framework/Headers/INSpeedResolutionResult.h
2026-06-03T08:46:46.7202810Z x iPhoneOS16.5.sdk/System/Library/Frameworks/Intents.framework/Headers/INCallRecordTypeOptionsResolutionResult.h
2026-06-03T08:46:46.7203160Z x iPhoneOS16.5.sdk/System/Library/Frameworks/Intents.framework/Headers/INSendMessageIntentDonationMetadata.h
2026-06-03T08:46:46.7203480Z x iPhoneOS16.5.sdk/System/Library/Frameworks/Intents.framework/Headers/INSetTaskAttributeIntentResponse.h
2026-06-03T08:46:46.7203790Z x iPhoneOS16.5.sdk/System/Library/Frameworks/Intents.framework/Headers/INPaymentStatusResolutionResult.h
2026-06-03T08:46:46.7204420Z x iPhoneOS16.5.sdk/System/Library/Frameworks/Intents.framework/Headers/INRideVehicle.h
2026-06-03T08:46:46.7205620Z x iPhoneOS16.5.sdk/System/Library/Frameworks/Intents.framework/Headers/INTaskListResolutionResult.h
2026-06-03T08:46:46.7206830Z x iPhoneOS16.5.sdk/System/Library/Frameworks/Intents.framework/Headers/INSendMessageIntentResponse_Deprecated.h
2026-06-03T08:46:46.7207910Z x iPhoneOS16.5.sdk/System/Library/Frameworks/Intents.framework/Headers/INRestaurantReservationUserBooking.h
2026-06-03T08:46:46.7208820Z x iPhoneOS16.5.sdk/System/Library/Frameworks/Intents.framework/Headers/INAmountType.h
2026-06-03T08:46:46.7210110Z x iPhoneOS16.5.sdk/System/Library/Frameworks/Intents.framework/Headers/INSetDefrosterSettingsInCarIntent.h
2026-06-03T08:46:46.7211120Z x iPhoneOS16.5.sdk/System/Library/Frameworks/Intents.framework/Headers/INSendRideFeedbackIntentResponse.h
2026-06-03T08:46:46.7212070Z x iPhoneOS16.5.sdk/System/Library/Frameworks/Intents.framework/Headers/INNoteContentTypeResolutionResult.h
2026-06-03T08:46:46.7213140Z x iPhoneOS16.5.sdk/System/Library/Frameworks/Intents.framework/Headers/INSetAudioSourceInCarIntent.h
2026-06-03T08:46:46.7214250Z x iPhoneOS16.5.sdk/System/Library/Frameworks/Intents.framework/Headers/INStartWorkoutIntentResponse.h
2026-06-03T08:46:46.7215720Z x iPhoneOS16.5.sdk/System/Library/Frameworks/Intents.framework/Headers/INTaskStatusResolutionResult.h
2026-06-03T08:46:46.7216370Z x iPhoneOS16.5.sdk/System/Library/Frameworks/Intents.framework/Headers/INSendMessageIntent+UserNotifications.h
2026-06-03T08:46:46.7217310Z x iPhoneOS16.5.sdk/System/Library/Frameworks/Intents.framework/Headers/INWorkoutLocationType.h
2026-06-03T08:46:46.7218350Z x iPhoneOS16.5.sdk/System/Library/Frameworks/Intents.framework/Headers/INBillType.h
2026-06-03T08:46:46.7219340Z x iPhoneOS16.5.sdk/System/Library/Frameworks/Intents.framework/Headers/INDeleteTasksIntent.h
2026-06-03T08:46:46.7220580Z x iPhoneOS16.5.sdk/System/Library/Frameworks/Intents.framework/Headers/INCallDestinationType.h
2026-06-03T08:46:46.7221800Z x iPhoneOS16.5.sdk/System/Library/Frameworks/Intents.framework/Headers/INCallRecordResolutionResult.h
2026-06-03T08:46:46.7223010Z x iPhoneOS16.5.sdk/System/Library/Frameworks/Intents.framework/Headers/INBalanceType.h
2026-06-03T08:46:46.7224350Z x iPhoneOS16.5.sdk/System/Library/Frameworks/Intents.framework/Headers/INAccountTypeResolutionResult.h
2026-06-03T08:46:46.7225180Z x iPhoneOS16.5.sdk/System/Library/Frameworks/Intents.framework/Headers/INSetClimateSettingsInCarIntent.h
2026-06-03T08:46:46.7226470Z x iPhoneOS16.5.sdk/System/Library/Frameworks/Intents.framework/Headers/INGetAvailableRestaurantReservationBookingsIntentResponse.h
2026-06-03T08:46:46.7227610Z x iPhoneOS16.5.sdk/System/Library/Frameworks/Intents.framework/Headers/INRestaurantGuest.h
2026-06-03T08:46:46.7231670Z x iPhoneOS16.5.sdk/System/Library/Frameworks/Intents.framework/Headers/INTicketedEventCategory.h
2026-06-03T08:46:46.7232630Z x iPhoneOS16.5.sdk/System/Library/Frameworks/Intents.framework/Headers/INWorkoutGoalUnitType.h
2026-06-03T08:46:46.7233410Z x iPhoneOS16.5.sdk/System/Library/Frameworks/Intents.framework/Headers/INSearchForMediaIntentResponse.h
2026-06-03T08:46:46.7234310Z x iPhoneOS16.5.sdk/System/Library/Frameworks/Intents.framework/Headers/INSpatialEventTrigger.h
2026-06-03T08:46:46.7235400Z x iPhoneOS16.5.sdk/System/Library/Frameworks/Intents.framework/Headers/INMessageAttributeOptions.h
2026-06-03T08:46:46.7236390Z x iPhoneOS16.5.sdk/System/Library/Frameworks/Intents.framework/Headers/Intents.h
2026-06-03T08:46:46.7237560Z x iPhoneOS16.5.sdk/System/Library/Frameworks/Intents.framework/Headers/INCallCapabilityOptions.h
2026-06-03T08:46:46.7238450Z x iPhoneOS16.5.sdk/System/Library/Frameworks/Intents.framework/Headers/INSetRadioStationIntentResponse.h
2026-06-03T08:46:46.7239230Z x iPhoneOS16.5.sdk/System/Library/Frameworks/Intents.framework/Headers/INCreateNoteIntent.h
2026-06-03T08:46:46.7240250Z x iPhoneOS16.5.sdk/System/Library/Frameworks/Intents.framework/Headers/INStartCallIntent+UserNotifications.h
2026-06-03T08:46:46.7241740Z x iPhoneOS16.5.sdk/System/Library/Frameworks/Intents.framework/Headers/INInteraction.h
2026-06-03T08:46:46.7242080Z x iPhoneOS16.5.sdk/System/Library/Frameworks/Intents.framework/Headers/INSearchForBillsIntentResponse.h
2026-06-03T08:46:46.7242930Z x iPhoneOS16.5.sdk/System/Library/Frameworks/Intents.framework/Headers/INCarSignalOptions.h
2026-06-03T08:46:46.7243890Z x iPhoneOS16.5.sdk/System/Library/Frameworks/Intents.framework/Headers/INBookRestaurantReservationIntent.h
2026-06-03T08:46:46.7244850Z x iPhoneOS16.5.sdk/System/Library/Frameworks/Intents.framework/Headers/INRelevantShortcut.h
2026-06-03T08:46:46.7245910Z x iPhoneOS16.5.sdk/System/Library/Frameworks/Intents.framework/Headers/INCarAirCirculationModeResolutionResult.h
2026-06-03T08:46:46.7247000Z x iPhoneOS16.5.sdk/System/Library/Frameworks/Intents.framework/Headers/INPaymentAccountResolutionResult.h
2026-06-03T08:46:46.7247710Z x iPhoneOS16.5.sdk/System/Library/Frameworks/Intents.framework/Headers/INGetRideStatusIntentResponse.h
2026-06-03T08:46:46.7248700Z x iPhoneOS16.5.sdk/System/Library/Frameworks/Intents.framework/Headers/INStartCallContactResolutionResult.h
2026-06-03T08:46:46.7249840Z x iPhoneOS16.5.sdk/System/Library/Frameworks/Intents.framework/Headers/INGetAvailableRestaurantReservationBookingDefaultsIntentResponse.h
2026-06-03T08:46:46.7253410Z x iPhoneOS16.5.sdk/System/Library/Frameworks/Intents.framework/Headers/INVolumeResolutionResult.h
2026-06-03T08:46:46.7254450Z x iPhoneOS16.5.sdk/System/Library/Frameworks/Intents.framework/Headers/INSendRideFeedbackIntent.h
2026-06-03T08:46:46.7255220Z x iPhoneOS16.5.sdk/System/Library/Frameworks/Intents.framework/Headers/INShareFocusStatusIntentResponse.h
2026-06-03T08:46:46.7256480Z x iPhoneOS16.5.sdk/System/Library/Frameworks/Intents.framework/Headers/INGetVisualCodeIntentResponse.h
2026-06-03T08:46:46.7257570Z x iPhoneOS16.5.sdk/System/Library/Frameworks/Intents.framework/Headers/INNoteContentResolutionResult.h
2026-06-03T08:46:46.7258980Z x iPhoneOS16.5.sdk/System/Library/Frameworks/Intents.framework/Headers/INReservationStatus.h
2026-06-03T08:46:46.7259660Z x iPhoneOS16.5.sdk/System/Library/Frameworks/Intents.framework/Headers/INSearchCallHistoryIntent_Deprecated.h
2026-06-03T08:46:46.7260410Z x iPhoneOS16.5.sdk/System/Library/Frameworks/Intents.framework/Headers/INRestaurantGuestDisplayPreferences.h
2026-06-03T08:46:46.7261480Z x iPhoneOS16.5.sdk/System/Library/Frameworks/Intents.framework/Headers/INIntentRestaurantReservation.h
2026-06-03T08:46:46.7262330Z x iPhoneOS16.5.sdk/System/Library/Frameworks/Intents.framework/Headers/INRequestPaymentCurrencyAmountResolutionResult.h
2026-06-03T08:46:46.7263150Z x iPhoneOS16.5.sdk/System/Library/Frameworks/Intents.framework/Headers/INSearchForAccountsIntentResponse.h
2026-06-03T08:46:46.7264330Z x iPhoneOS16.5.sdk/System/Library/Frameworks/Intents.framework/Headers/INPaymentMethodResolutionResult.h
2026-06-03T08:46:46.7264960Z x iPhoneOS16.5.sdk/System/Library/Frameworks/Intents.framework/Headers/INSetSeatSettingsInCarIntentResponse.h
2026-06-03T08:46:46.7265660Z x iPhoneOS16.5.sdk/System/Library/Frameworks/Intents.framework/Headers/INIntentDonationMetadata.h
2026-06-03T08:46:46.7266740Z x iPhoneOS16.5.sdk/System/Library/Frameworks/Intents.framework/Headers/INSetCarLockStatusIntentResponse.h
2026-06-03T08:46:46.7267740Z x iPhoneOS16.5.sdk/System/Library/Frameworks/Intents.framework/Headers/INURLResolutionResult.h
2026-06-03T08:46:46.7269380Z x iPhoneOS16.5.sdk/System/Library/Frameworks/Intents.framework/Headers/INTaskStatus.h
2026-06-03T08:46:46.7270500Z x iPhoneOS16.5.sdk/System/Library/Frameworks/Intents.framework/Headers/INSaveProfileInCarIntent.h
2026-06-03T08:46:46.7271410Z x iPhoneOS16.5.sdk/System/Library/Frameworks/Intents.framework/Headers/INSeat.h
2026-06-03T08:46:46.7272460Z x iPhoneOS16.5.sdk/System/Library/Frameworks/Intents.framework/Headers/INLengthResolutionResult.h
2026-06-03T08:46:46.7273490Z x iPhoneOS16.5.sdk/System/Library/Frameworks/Intents.framework/Headers/INSearchForBillsIntent.h
2026-06-03T08:46:46.7274720Z x iPhoneOS16.5.sdk/System/Library/Frameworks/Intents.framework/Headers/INPlayMediaMediaItemResolutionResult.h
2026-06-03T08:46:46.7276100Z x iPhoneOS16.5.sdk/System/Library/Frameworks/Intents.framework/Headers/INSendPaymentCurrencyAmountResolutionResult.h
2026-06-03T08:46:46.7279240Z x iPhoneOS16.5.sdk/System/Library/Frameworks/Intents.framework/Headers/INDateComponentsResolutionResult.h
2026-06-03T08:46:46.7280120Z x iPhoneOS16.5.sdk/System/Library/Frameworks/Intents.framework/Headers/INSearchForMediaIntent.h
2026-06-03T08:46:46.7281090Z x iPhoneOS16.5.sdk/System/Library/Frameworks/Intents.framework/Headers/INStartAudioCallIntentResponse.h
2026-06-03T08:46:46.7282160Z x iPhoneOS16.5.sdk/System/Library/Frameworks/Intents.framework/Headers/INRequestRideIntent_Deprecated.h
2026-06-03T08:46:46.7283570Z x iPhoneOS16.5.sdk/System/Library/Frameworks/Intents.framework/Headers/IntentsDefines.h
2026-06-03T08:46:46.7284470Z x iPhoneOS16.5.sdk/System/Library/Frameworks/Intents.framework/Headers/INSendMessageAttachment.h
2026-06-03T08:46:46.7285570Z x iPhoneOS16.5.sdk/System/Library/Frameworks/Intents.framework/Headers/INGetReservationDetailsIntent.h
2026-06-03T08:46:46.7286480Z x iPhoneOS16.5.sdk/System/Library/Frameworks/Intents.framework/Headers/INRideStatus.h
2026-06-03T08:46:46.7287310Z x iPhoneOS16.5.sdk/System/Library/Frameworks/Intents.framework/Headers/INCarChargingConnectorType.h
2026-06-03T08:46:46.7288240Z x iPhoneOS16.5.sdk/System/Library/Frameworks/Intents.framework/Headers/INPaymentRecord.h
2026-06-03T08:46:46.7289510Z x iPhoneOS16.5.sdk/System/Library/Frameworks/Intents.framework/Headers/INPaymentMethod.h
2026-06-03T08:46:46.7290160Z x iPhoneOS16.5.sdk/System/Library/Frameworks/Intents.framework/Headers/INAddMediaIntent.h
2026-06-03T08:46:46.7291150Z x iPhoneOS16.5.sdk/System/Library/Frameworks/Intents.framework/Headers/INActivateCarSignalIntent.h
2026-06-03T08:46:46.7292360Z x iPhoneOS16.5.sdk/System/Library/Frameworks/Intents.framework/Headers/INUpdateMediaAffinityMediaItemResolutionResult.h
2026-06-03T08:46:46.7292970Z x iPhoneOS16.5.sdk/System/Library/Frameworks/Intents.framework/Headers/INObject.h
2026-06-03T08:46:46.7294040Z x iPhoneOS16.5.sdk/System/Library/Frameworks/Intents.framework/Headers/INStartVideoCallIntentResponse.h
2026-06-03T08:46:46.7294960Z x iPhoneOS16.5.sdk/System/Library/Frameworks/Intents.framework/Headers/INGetRestaurantGuestIntentResponse.h
2026-06-03T08:46:46.7295810Z x iPhoneOS16.5.sdk/System/Library/Frameworks/Intents.framework/Headers/INDomainHandling.h
2026-06-03T08:46:46.7296750Z x iPhoneOS16.5.sdk/System/Library/Frameworks/Intents.framework/Headers/INPauseWorkoutIntent.h
2026-06-03T08:46:46.7299970Z x iPhoneOS16.5.sdk/System/Library/Frameworks/Intents.framework/Headers/INNotebookItemTypeResolutionResult.h
2026-06-03T08:46:46.7300990Z x iPhoneOS16.5.sdk/System/Library/Frameworks/Intents.framework/Headers/INIntentIdentifiers.h
2026-06-03T08:46:46.7302420Z x iPhoneOS16.5.sdk/System/Library/Frameworks/Intents.framework/Headers/INPlayMediaIntentResponse.h
2026-06-03T08:46:46.7303010Z x iPhoneOS16.5.sdk/System/Library/Frameworks/Intents.framework/Headers/INConditionalOperator.h
2026-06-03T08:46:46.7304120Z x iPhoneOS16.5.sdk/System/Library/Frameworks/Intents.framework/Headers/INReservationAction.h
2026-06-03T08:46:46.7305210Z x iPhoneOS16.5.sdk/System/Library/Frameworks/Intents.framework/Headers/INSearchCallHistoryIntent.h
2026-06-03T08:46:46.7306290Z x iPhoneOS16.5.sdk/System/Library/Frameworks/Intents.framework/Headers/INObjectSection.h
2026-06-03T08:46:46.7308590Z x iPhoneOS16.5.sdk/System/Library/Frameworks/Intents.framework/Headers/INPlaybackQueueLocation.h
2026-06-03T08:46:46.7309580Z x iPhoneOS16.5.sdk/System/Library/Frameworks/Intents.framework/Headers/INBusReservation.h
2026-06-03T08:46:46.7311950Z x iPhoneOS16.5.sdk/System/Library/Frameworks/Intents.framework/Headers/INCallAudioRoute.h
2026-06-03T08:46:46.7313070Z x iPhoneOS16.5.sdk/System/Library/Frameworks/Intents.framework/Headers/INSpeakableString.h
2026-06-03T08:46:46.7313620Z x iPhoneOS16.5.sdk/System/Library/Frameworks/Intents.framework/Headers/INRadioTypeResolutionResult.h
2026-06-03T08:46:46.7315200Z x iPhoneOS16.5.sdk/System/Library/Frameworks/Intents.framework/Headers/INCallDestinationTypeResolutionResult.h
2026-06-03T08:46:46.7317480Z x iPhoneOS16.5.sdk/System/Library/Frameworks/Intents.framework/Headers/INRestaurantReservation.h
2026-06-03T08:46:46.7318430Z x iPhoneOS16.5.sdk/System/Library/Frameworks/Intents.framework/Headers/INCallGroup.h
2026-06-03T08:46:46.7319500Z x iPhoneOS16.5.sdk/System/Library/Frameworks/Intents.framework/Headers/INPlaybackRepeatMode.h
2026-06-03T08:46:46.7320760Z x iPhoneOS16.5.sdk/System/Library/Frameworks/Intents.framework/Headers/INSearchForMediaMediaItemResolutionResult.h
2026-06-03T08:46:46.7321590Z x iPhoneOS16.5.sdk/System/Library/Frameworks/Intents.framework/Headers/INHangUpCallIntent.h
2026-06-03T08:46:46.7322800Z x iPhoneOS16.5.sdk/System/Library/Frameworks/Intents.framework/Headers/INRequestPaymentPayerResolutionResult.h
2026-06-03T08:46:46.7323980Z x iPhoneOS16.5.sdk/System/Library/Frameworks/Intents.framework/Headers/INMediaDestinationResolutionResult.h
2026-06-03T08:46:46.7324780Z x iPhoneOS16.5.sdk/System/Library/Frameworks/Intents.framework/Headers/INBoatTrip.h
2026-06-03T08:46:46.7325860Z x iPhoneOS16.5.sdk/System/Library/Frameworks/Intents.framework/Headers/INRelativeReference.h
2026-06-03T08:46:46.7326710Z x iPhoneOS16.5.sdk/System/Library/Frameworks/Intents.framework/Headers/INCar.h
2026-06-03T08:46:46.7327760Z x iPhoneOS16.5.sdk/System/Library/Frameworks/Intents.framework/Headers/INSnoozeTasksTaskResolutionResult.h
2026-06-03T08:46:46.7331960Z x iPhoneOS16.5.sdk/System/Library/Frameworks/Intents.framework/Headers/INCancelRideIntent.h
2026-06-03T08:46:46.7332670Z x iPhoneOS16.5.sdk/System/Library/Frameworks/Intents.framework/Headers/INRideFareLineItem.h
2026-06-03T08:46:46.7333760Z x iPhoneOS16.5.sdk/System/Library/Frameworks/Intents.framework/Headers/INShareFocusStatusIntent.h
2026-06-03T08:46:46.7334700Z x iPhoneOS16.5.sdk/System/Library/Frameworks/Intents.framework/Headers/INCreateNoteIntentResponse.h
2026-06-03T08:46:46.7335800Z x iPhoneOS16.5.sdk/System/Library/Frameworks/Intents.framework/Headers/INSaveProfileInCarIntent_Deprecated.h
2026-06-03T08:46:46.7336670Z x iPhoneOS16.5.sdk/System/Library/Frameworks/Intents.framework/Headers/INIntentResolutionResult.h
2026-06-03T08:46:46.7337720Z x iPhoneOS16.5.sdk/System/Library/Frameworks/Intents.framework/Headers/INSetTaskAttributeIntent_Deprecated.h
2026-06-03T08:46:46.7338710Z x iPhoneOS16.5.sdk/System/Library/Frameworks/Intents.framework/Headers/INBillPayee.h
2026-06-03T08:46:46.7339790Z x iPhoneOS16.5.sdk/System/Library/Frameworks/Intents.framework/Headers/INCancelWorkoutIntent.h
2026-06-03T08:46:46.7341040Z x iPhoneOS16.5.sdk/System/Library/Frameworks/Intents.framework/Headers/INStartCallCallCapabilityResolutionResult.h
2026-06-03T08:46:46.7341930Z x iPhoneOS16.5.sdk/System/Library/Frameworks/Intents.framework/Headers/INStartPhotoPlaybackIntent.h
2026-06-03T08:46:46.7343530Z x iPhoneOS16.5.sdk/System/Library/Frameworks/Intents.framework/Headers/INPlaybackRepeatModeResolutionResult.h
2026-06-03T08:46:46.7344520Z x iPhoneOS16.5.sdk/System/Library/Frameworks/Intents.framework/Headers/INNoteContent.h
2026-06-03T08:46:46.7345450Z x iPhoneOS16.5.sdk/System/Library/Frameworks/Intents.framework/Headers/INTaskPriorityResolutionResult.h
2026-06-03T08:46:46.7359990Z x iPhoneOS16.5.sdk/System/Library/Frameworks/Intents.framework/Intents.tbd
2026-06-03T08:46:46.7360430Z x iPhoneOS16.5.sdk/System/Library/Frameworks/ProximityReader.framework/
2026-06-03T08:46:46.7360990Z x iPhoneOS16.5.sdk/System/Library/Frameworks/ProximityReader.framework/Modules/
2026-06-03T08:46:46.7362200Z x iPhoneOS16.5.sdk/System/Library/Frameworks/ProximityReader.framework/Modules/module.modulemap
2026-06-03T08:46:46.7362900Z x iPhoneOS16.5.sdk/System/Library/Frameworks/ProximityReader.framework/Modules/ProximityReader.swiftmodule/
2026-06-03T08:46:46.7369830Z x iPhoneOS16.5.sdk/System/Library/Frameworks/ProximityReader.framework/Modules/ProximityReader.swiftmodule/arm64e-apple-ios.swiftdoc
2026-06-03T08:46:46.7375460Z x iPhoneOS16.5.sdk/System/Library/Frameworks/ProximityReader.framework/Modules/ProximityReader.swiftmodule/arm64-apple-ios.swiftdoc
2026-06-03T08:46:46.7376460Z x iPhoneOS16.5.sdk/System/Library/Frameworks/ProximityReader.framework/Modules/ProximityReader.swiftmodule/arm64e-apple-ios.swiftinterface
2026-06-03T08:46:46.7380350Z x iPhoneOS16.5.sdk/System/Library/Frameworks/ProximityReader.framework/Modules/ProximityReader.swiftmodule/arm64-apple-ios.swiftinterface
2026-06-03T08:46:46.7385640Z x iPhoneOS16.5.sdk/System/Library/Frameworks/ProximityReader.framework/ProximityReader.tbd
2026-06-03T08:46:46.7386140Z x iPhoneOS16.5.sdk/System/Library/Frameworks/ProximityReader.framework/Headers/
2026-06-03T08:46:46.7387080Z x iPhoneOS16.5.sdk/System/Library/Frameworks/ProximityReader.framework/Headers/ProximityReader.h
2026-06-03T08:46:46.7387550Z x iPhoneOS16.5.sdk/System/Library/Frameworks/ContactsUI.framework/
2026-06-03T08:46:46.7388730Z x iPhoneOS16.5.sdk/System/Library/Frameworks/ContactsUI.framework/Modules/
2026-06-03T08:46:46.7389320Z x iPhoneOS16.5.sdk/System/Library/Frameworks/ContactsUI.framework/Modules/module.modulemap
2026-06-03T08:46:46.7389900Z x iPhoneOS16.5.sdk/System/Library/Frameworks/ContactsUI.framework/Modules/ContactsUI.swiftmodule/
2026-06-03T08:46:46.7390850Z x iPhoneOS16.5.sdk/System/Library/Frameworks/ContactsUI.framework/Modules/ContactsUI.swiftmodule/arm64e-apple-ios.swiftdoc
2026-06-03T08:46:46.7391880Z x iPhoneOS16.5.sdk/System/Library/Frameworks/ContactsUI.framework/Modules/ContactsUI.swiftmodule/arm64-apple-ios.swiftdoc
2026-06-03T08:46:46.7392920Z x iPhoneOS16.5.sdk/System/Library/Frameworks/ContactsUI.framework/Modules/ContactsUI.swiftmodule/arm64e-apple-ios.swiftinterface
2026-06-03T08:46:46.7393970Z x iPhoneOS16.5.sdk/System/Library/Frameworks/ContactsUI.framework/Modules/ContactsUI.swiftmodule/arm64-apple-ios.swiftinterface
2026-06-03T08:46:46.7394870Z x iPhoneOS16.5.sdk/System/Library/Frameworks/ContactsUI.framework/Headers/
2026-06-03T08:46:46.7395740Z x iPhoneOS16.5.sdk/System/Library/Frameworks/ContactsUI.framework/Headers/CNContactPickerViewController.h
2026-06-03T08:46:46.7396750Z x iPhoneOS16.5.sdk/System/Library/Frameworks/ContactsUI.framework/Headers/UIApplicationShortcutIcon+Contacts.h
2026-06-03T08:46:46.7397530Z x iPhoneOS16.5.sdk/System/Library/Frameworks/ContactsUI.framework/Headers/ContactsUI.h
2026-06-03T08:46:46.7406320Z x iPhoneOS16.5.sdk/System/Library/Frameworks/ContactsUI.framework/Headers/CNContactViewController.h
2026-06-03T08:46:46.7407130Z x iPhoneOS16.5.sdk/System/Library/Frameworks/ContactsUI.framework/ContactsUI.tbd
2026-06-03T08:46:46.7407480Z x iPhoneOS16.5.sdk/System/Library/Frameworks/SwiftUI.framework/
2026-06-03T08:46:46.7408610Z x iPhoneOS16.5.sdk/System/Library/Frameworks/SwiftUI.framework/Modules/
2026-06-03T08:46:46.7409400Z x iPhoneOS16.5.sdk/System/Library/Frameworks/SwiftUI.framework/Modules/module.modulemap
2026-06-03T08:46:46.7409740Z x iPhoneOS16.5.sdk/System/Library/Frameworks/SwiftUI.framework/Modules/SwiftUI.swiftmodule/
2026-06-03T08:46:46.7679900Z x iPhoneOS16.5.sdk/System/Library/Frameworks/SwiftUI.framework/Modules/SwiftUI.swiftmodule/arm64e-apple-ios.swiftdoc
2026-06-03T08:46:46.7740670Z x iPhoneOS16.5.sdk/System/Library/Frameworks/SwiftUI.framework/Modules/SwiftUI.swiftmodule/arm64-apple-ios.swiftdoc
2026-06-03T08:46:46.7800850Z x iPhoneOS16.5.sdk/System/Library/Frameworks/SwiftUI.framework/Modules/SwiftUI.swiftmodule/arm64e-apple-ios.swiftinterface
2026-06-03T08:46:46.7833820Z x iPhoneOS16.5.sdk/System/Library/Frameworks/SwiftUI.framework/Modules/SwiftUI.swiftmodule/arm64-apple-ios.swiftinterface
2026-06-03T08:46:46.7834070Z x iPhoneOS16.5.sdk/System/Library/Frameworks/SwiftUI.framework/Headers/
2026-06-03T08:46:46.7836560Z x iPhoneOS16.5.sdk/System/Library/Frameworks/SwiftUI.framework/Headers/SwiftUI.h
2026-06-03T08:46:46.7997600Z x iPhoneOS16.5.sdk/System/Library/Frameworks/SwiftUI.framework/SwiftUI.tbd
2026-06-03T08:46:46.8099140Z x iPhoneOS16.5.sdk/System/Library/Frameworks/DriverKit.framework/
2026-06-03T08:46:46.8201960Z x iPhoneOS16.5.sdk/System/Library/Frameworks/DriverKit.framework/DriverKit.tbd
2026-06-03T08:46:46.8311800Z x iPhoneOS16.5.sdk/System/Library/Frameworks/ReplayKit.framework/
2026-06-03T08:46:46.8412990Z x iPhoneOS16.5.sdk/System/Library/Frameworks/ReplayKit.framework/Modules/
2026-06-03T08:46:46.8514250Z x iPhoneOS16.5.sdk/System/Library/Frameworks/ReplayKit.framework/Modules/module.modulemap
2026-06-03T08:46:46.8515400Z x iPhoneOS16.5.sdk/System/Library/Frameworks/ReplayKit.framework/Headers/
2026-06-03T08:46:46.8624820Z x iPhoneOS16.5.sdk/System/Library/Frameworks/ReplayKit.framework/Headers/RPBroadcastConfiguration.h
2026-06-03T08:46:46.8727590Z x iPhoneOS16.5.sdk/System/Library/Frameworks/ReplayKit.framework/Headers/RPError.h
2026-06-03T08:46:46.8828790Z x iPhoneOS16.5.sdk/System/Library/Frameworks/ReplayKit.framework/Headers/RPBroadcastExtension.h
2026-06-03T08:46:46.8848670Z x iPhoneOS16.5.sdk/System/Library/Frameworks/ReplayKit.framework/Headers/ReplayKit.h
2026-06-03T08:46:46.8850230Z x iPhoneOS16.5.sdk/System/Library/Frameworks/ReplayKit.framework/Headers/RPBroadcast.h
2026-06-03T08:46:46.8851740Z x iPhoneOS16.5.sdk/System/Library/Frameworks/ReplayKit.framework/Headers/RPPreviewViewController.h
2026-06-03T08:46:46.8853290Z x iPhoneOS16.5.sdk/System/Library/Frameworks/ReplayKit.framework/Headers/RPScreenRecorder.h
2026-06-03T08:46:46.8854640Z x iPhoneOS16.5.sdk/System/Library/Frameworks/ReplayKit.framework/ReplayKit.tbd
2026-06-03T08:46:46.8855810Z x iPhoneOS16.5.sdk/System/Library/Frameworks/AdServices.framework/
2026-06-03T08:46:46.8858930Z x iPhoneOS16.5.sdk/System/Library/Frameworks/AdServices.framework/Modules/
2026-06-03T08:46:46.8860650Z x iPhoneOS16.5.sdk/System/Library/Frameworks/AdServices.framework/Modules/module.modulemap
2026-06-03T08:46:46.8861920Z x iPhoneOS16.5.sdk/System/Library/Frameworks/AdServices.framework/Headers/
2026-06-03T08:46:46.8863170Z x iPhoneOS16.5.sdk/System/Library/Frameworks/AdServices.framework/Headers/AdServices.h
2026-06-03T08:46:46.8864450Z x iPhoneOS16.5.sdk/System/Library/Frameworks/AdServices.framework/Headers/AAAttribution.h
2026-06-03T08:46:46.8865260Z x iPhoneOS16.5.sdk/System/Library/Frameworks/AdServices.framework/AdServices.tbd
2026-06-03T08:46:46.8865760Z x iPhoneOS16.5.sdk/System/Library/Frameworks/DeveloperToolsSupport.framework/
2026-06-03T08:46:46.8866440Z x iPhoneOS16.5.sdk/System/Library/Frameworks/DeveloperToolsSupport.framework/Modules/
2026-06-03T08:46:46.8867040Z x iPhoneOS16.5.sdk/System/Library/Frameworks/DeveloperToolsSupport.framework/Modules/module.modulemap
2026-06-03T08:46:46.8867740Z x iPhoneOS16.5.sdk/System/Library/Frameworks/DeveloperToolsSupport.framework/Modules/DeveloperToolsSupport.swiftmodule/
2026-06-03T08:46:46.8869420Z x iPhoneOS16.5.sdk/System/Library/Frameworks/DeveloperToolsSupport.framework/Modules/DeveloperToolsSupport.swiftmodule/arm64e-apple-ios.swiftdoc
2026-06-03T08:46:46.8870330Z x iPhoneOS16.5.sdk/System/Library/Frameworks/DeveloperToolsSupport.framework/Modules/DeveloperToolsSupport.swiftmodule/arm64-apple-ios.swiftdoc
2026-06-03T08:46:46.8871370Z x iPhoneOS16.5.sdk/System/Library/Frameworks/DeveloperToolsSupport.framework/Modules/DeveloperToolsSupport.swiftmodule/arm64e-apple-ios.swiftinterface
2026-06-03T08:46:46.8872310Z x iPhoneOS16.5.sdk/System/Library/Frameworks/DeveloperToolsSupport.framework/Modules/DeveloperToolsSupport.swiftmodule/arm64-apple-ios.swiftinterface
2026-06-03T08:46:46.8873080Z x iPhoneOS16.5.sdk/System/Library/Frameworks/DeveloperToolsSupport.framework/DeveloperToolsSupport.tbd
2026-06-03T08:46:46.8873780Z x iPhoneOS16.5.sdk/System/Library/Frameworks/LocalAuthenticationEmbeddedUI.framework/
2026-06-03T08:46:46.8875430Z x iPhoneOS16.5.sdk/System/Library/Frameworks/LocalAuthenticationEmbeddedUI.framework/Modules/
2026-06-03T08:46:46.8876020Z x iPhoneOS16.5.sdk/System/Library/Frameworks/LocalAuthenticationEmbeddedUI.framework/Modules/module.modulemap
2026-06-03T08:46:46.8877700Z x iPhoneOS16.5.sdk/System/Library/Frameworks/LocalAuthenticationEmbeddedUI.framework/Headers/
2026-06-03T08:46:46.8878550Z x iPhoneOS16.5.sdk/System/Library/Frameworks/LocalAuthenticationEmbeddedUI.framework/Headers/LAPresentationContext.h
2026-06-03T08:46:46.8879250Z x iPhoneOS16.5.sdk/System/Library/Frameworks/LocalAuthenticationEmbeddedUI.framework/Headers/LARight+UI.h
2026-06-03T08:46:46.8880010Z x iPhoneOS16.5.sdk/System/Library/Frameworks/LocalAuthenticationEmbeddedUI.framework/Headers/LocalAuthenticationEmbeddedUI.h
2026-06-03T08:46:46.8881560Z x iPhoneOS16.5.sdk/System/Library/Frameworks/LocalAuthenticationEmbeddedUI.framework/LocalAuthenticationEmbeddedUI.tbd
2026-06-03T08:46:46.8882180Z x iPhoneOS16.5.sdk/System/Library/Frameworks/GameplayKit.framework/
2026-06-03T08:46:46.8882620Z x iPhoneOS16.5.sdk/System/Library/Frameworks/GameplayKit.framework/Modules/
2026-06-03T08:46:46.8883130Z x iPhoneOS16.5.sdk/System/Library/Frameworks/GameplayKit.framework/Modules/module.modulemap
2026-06-03T08:46:46.8883780Z x iPhoneOS16.5.sdk/System/Library/Frameworks/GameplayKit.framework/Headers/
2026-06-03T08:46:46.8884300Z x iPhoneOS16.5.sdk/System/Library/Frameworks/GameplayKit.framework/Headers/SpriteKit+Additions.h
2026-06-03T08:46:46.8884850Z x iPhoneOS16.5.sdk/System/Library/Frameworks/GameplayKit.framework/Headers/GKGraph.h
2026-06-03T08:46:46.8885410Z x iPhoneOS16.5.sdk/System/Library/Frameworks/GameplayKit.framework/Headers/GKScene.h
2026-06-03T08:46:46.8885920Z x iPhoneOS16.5.sdk/System/Library/Frameworks/GameplayKit.framework/Headers/GKQuadtree.h
2026-06-03T08:46:46.8886470Z x iPhoneOS16.5.sdk/System/Library/Frameworks/GameplayKit.framework/Headers/GKObstacleGraph.h
2026-06-03T08:46:46.8887250Z x iPhoneOS16.5.sdk/System/Library/Frameworks/GameplayKit.framework/Headers/GKRandomDistribution.h
2026-06-03T08:46:46.8887840Z x iPhoneOS16.5.sdk/System/Library/Frameworks/GameplayKit.framework/Headers/GKMinmaxStrategist.h
2026-06-03T08:46:46.8889270Z x iPhoneOS16.5.sdk/System/Library/Frameworks/GameplayKit.framework/Headers/GKGameModel.h
2026-06-03T08:46:46.8889820Z x iPhoneOS16.5.sdk/System/Library/Frameworks/GameplayKit.framework/Headers/GKGoal.h
2026-06-03T08:46:46.8890400Z x iPhoneOS16.5.sdk/System/Library/Frameworks/GameplayKit.framework/Headers/SceneKit+Additions.h
2026-06-03T08:46:46.8891090Z x iPhoneOS16.5.sdk/System/Library/Frameworks/GameplayKit.framework/Headers/GKComponent.h
2026-06-03T08:46:46.8891620Z x iPhoneOS16.5.sdk/System/Library/Frameworks/GameplayKit.framework/Headers/GKNoiseMap.h
2026-06-03T08:46:46.8893670Z x iPhoneOS16.5.sdk/System/Library/Frameworks/GameplayKit.framework/Headers/GKCompositeBehavior.h
2026-06-03T08:46:46.8894290Z x iPhoneOS16.5.sdk/System/Library/Frameworks/GameplayKit.framework/Headers/GKRTree.h
2026-06-03T08:46:46.8894800Z x iPhoneOS16.5.sdk/System/Library/Frameworks/GameplayKit.framework/Headers/GKSKNodeComponent.h
2026-06-03T08:46:46.8895460Z x iPhoneOS16.5.sdk/System/Library/Frameworks/GameplayKit.framework/Headers/GKRuleSystem.h
2026-06-03T08:46:46.8895970Z x iPhoneOS16.5.sdk/System/Library/Frameworks/GameplayKit.framework/Headers/GKGridGraph.h
2026-06-03T08:46:46.8896570Z x iPhoneOS16.5.sdk/System/Library/Frameworks/GameplayKit.framework/Headers/GKRandomSource.h
2026-06-03T08:46:46.8897170Z x iPhoneOS16.5.sdk/System/Library/Frameworks/GameplayKit.framework/Headers/GKStrategist.h
2026-06-03T08:46:46.8897670Z x iPhoneOS16.5.sdk/System/Library/Frameworks/GameplayKit.framework/Headers/GKDecisionTree.h
2026-06-03T08:46:46.8898400Z x iPhoneOS16.5.sdk/System/Library/Frameworks/GameplayKit.framework/Headers/GKVersion.h
2026-06-03T08:46:46.8899810Z x iPhoneOS16.5.sdk/System/Library/Frameworks/GameplayKit.framework/Headers/GameplayKit.h
2026-06-03T08:46:46.8913520Z x iPhoneOS16.5.sdk/System/Library/Frameworks/GameplayKit.framework/Headers/GKMeshGraph.h
2026-06-03T08:46:46.8914150Z x iPhoneOS16.5.sdk/System/Library/Frameworks/GameplayKit.framework/Headers/GKEntity.h
2026-06-03T08:46:46.8914680Z x iPhoneOS16.5.sdk/System/Library/Frameworks/GameplayKit.framework/Headers/GKNoiseSource.h
2026-06-03T08:46:46.8915390Z x iPhoneOS16.5.sdk/System/Library/Frameworks/GameplayKit.framework/Headers/GameplayKit.apinotes
2026-06-03T08:46:46.8915980Z x iPhoneOS16.5.sdk/System/Library/Frameworks/GameplayKit.framework/Headers/GKAgent.h
2026-06-03T08:46:46.8916470Z x iPhoneOS16.5.sdk/System/Library/Frameworks/GameplayKit.framework/Headers/GKNoise.h
2026-06-03T08:46:46.8916970Z x iPhoneOS16.5.sdk/System/Library/Frameworks/GameplayKit.framework/Headers/GKOctree.h
2026-06-03T08:46:46.8917470Z x iPhoneOS16.5.sdk/System/Library/Frameworks/GameplayKit.framework/Headers/GKState.h
2026-06-03T08:46:46.8918010Z x iPhoneOS16.5.sdk/System/Library/Frameworks/GameplayKit.framework/Headers/GKStateMachine.h
2026-06-03T08:46:46.8918540Z x iPhoneOS16.5.sdk/System/Library/Frameworks/GameplayKit.framework/Headers/GKObstacle.h
2026-06-03T08:46:46.8919060Z x iPhoneOS16.5.sdk/System/Library/Frameworks/GameplayKit.framework/Headers/GKBehavior.h
2026-06-03T08:46:46.8919620Z x iPhoneOS16.5.sdk/System/Library/Frameworks/GameplayKit.framework/Headers/GKMonteCarloStrategist.h
2026-06-03T08:46:46.8920520Z x iPhoneOS16.5.sdk/System/Library/Frameworks/GameplayKit.framework/Headers/GKPath.h
2026-06-03T08:46:46.8921170Z x iPhoneOS16.5.sdk/System/Library/Frameworks/GameplayKit.framework/Headers/GameplayKitBase.h
2026-06-03T08:46:46.8921860Z x iPhoneOS16.5.sdk/System/Library/Frameworks/GameplayKit.framework/Headers/GKSCNNodeComponent.h
2026-06-03T08:46:46.8922460Z x iPhoneOS16.5.sdk/System/Library/Frameworks/GameplayKit.framework/Headers/GKGraphNode.h
2026-06-03T08:46:46.8923970Z x iPhoneOS16.5.sdk/System/Library/Frameworks/GameplayKit.framework/Headers/GKPrimitives.h
2026-06-03T08:46:46.8924520Z x iPhoneOS16.5.sdk/System/Library/Frameworks/GameplayKit.framework/GameplayKit.tbd
2026-06-03T08:46:46.8924930Z x iPhoneOS16.5.sdk/System/Library/Frameworks/QuartzCore.framework/
2026-06-03T08:46:46.8925360Z x iPhoneOS16.5.sdk/System/Library/Frameworks/QuartzCore.framework/Modules/
2026-06-03T08:46:46.8926020Z x iPhoneOS16.5.sdk/System/Library/Frameworks/QuartzCore.framework/Modules/module.modulemap
2026-06-03T08:46:46.8926620Z x iPhoneOS16.5.sdk/System/Library/Frameworks/QuartzCore.framework/QuartzCore.tbd
2026-06-03T08:46:46.8927070Z x iPhoneOS16.5.sdk/System/Library/Frameworks/QuartzCore.framework/Headers/
2026-06-03T08:46:46.8927670Z x iPhoneOS16.5.sdk/System/Library/Frameworks/QuartzCore.framework/Headers/CoreAnimation.h
2026-06-03T08:46:46.8928150Z x iPhoneOS16.5.sdk/System/Library/Frameworks/QuartzCore.framework/Headers/CAEAGLLayer.h
2026-06-03T08:46:46.8928730Z x iPhoneOS16.5.sdk/System/Library/Frameworks/QuartzCore.framework/Headers/CATransformLayer.h
2026-06-03T08:46:46.8930070Z x iPhoneOS16.5.sdk/System/Library/Frameworks/QuartzCore.framework/Headers/CATiledLayer.h
2026-06-03T08:46:46.8930690Z x iPhoneOS16.5.sdk/System/Library/Frameworks/QuartzCore.framework/Headers/CATransform3D.h
2026-06-03T08:46:46.8931180Z x iPhoneOS16.5.sdk/System/Library/Frameworks/QuartzCore.framework/Headers/CAEmitterLayer.h
2026-06-03T08:46:46.8931670Z x iPhoneOS16.5.sdk/System/Library/Frameworks/QuartzCore.framework/Headers/QuartzCore.h
2026-06-03T08:46:46.8932180Z x iPhoneOS16.5.sdk/System/Library/Frameworks/QuartzCore.framework/Headers/CAMediaTimingFunction.h
2026-06-03T08:46:46.8932730Z x iPhoneOS16.5.sdk/System/Library/Frameworks/QuartzCore.framework/Headers/CAReplicatorLayer.h
2026-06-03T08:46:46.8933220Z x iPhoneOS16.5.sdk/System/Library/Frameworks/QuartzCore.framework/Headers/CAAnimation.h
2026-06-03T08:46:46.8933700Z x iPhoneOS16.5.sdk/System/Library/Frameworks/QuartzCore.framework/Headers/CAEDRMetadata.h
2026-06-03T08:46:46.8934170Z x iPhoneOS16.5.sdk/System/Library/Frameworks/QuartzCore.framework/Headers/CATextLayer.h
2026-06-03T08:46:46.8934650Z x iPhoneOS16.5.sdk/System/Library/Frameworks/QuartzCore.framework/Headers/CAEmitterCell.h
2026-06-03T08:46:46.8935130Z x iPhoneOS16.5.sdk/System/Library/Frameworks/QuartzCore.framework/Headers/CADisplayLink.h
2026-06-03T08:46:46.8935610Z x iPhoneOS16.5.sdk/System/Library/Frameworks/QuartzCore.framework/Headers/CAMetalLayer.h
2026-06-03T08:46:46.8936090Z x iPhoneOS16.5.sdk/System/Library/Frameworks/QuartzCore.framework/Headers/CAScrollLayer.h
2026-06-03T08:46:46.8936950Z x iPhoneOS16.5.sdk/System/Library/Frameworks/QuartzCore.framework/Headers/QuartzCore.apinotes
2026-06-03T08:46:46.8937480Z x iPhoneOS16.5.sdk/System/Library/Frameworks/QuartzCore.framework/Headers/CAGradientLayer.h
2026-06-03T08:46:46.8937980Z x iPhoneOS16.5.sdk/System/Library/Frameworks/QuartzCore.framework/Headers/CABase.h
2026-06-03T08:46:46.8938440Z x iPhoneOS16.5.sdk/System/Library/Frameworks/QuartzCore.framework/Headers/CARenderer.h
2026-06-03T08:46:46.8939650Z x iPhoneOS16.5.sdk/System/Library/Frameworks/QuartzCore.framework/Headers/CALayer.h
2026-06-03T08:46:46.8940150Z x iPhoneOS16.5.sdk/System/Library/Frameworks/QuartzCore.framework/Headers/CATransaction.h
2026-06-03T08:46:46.8940670Z x iPhoneOS16.5.sdk/System/Library/Frameworks/QuartzCore.framework/Headers/CAFrameRateRange.h
2026-06-03T08:46:46.8941280Z x iPhoneOS16.5.sdk/System/Library/Frameworks/QuartzCore.framework/Headers/CAValueFunction.h
2026-06-03T08:46:46.8941770Z x iPhoneOS16.5.sdk/System/Library/Frameworks/QuartzCore.framework/Headers/CAMediaTiming.h
2026-06-03T08:46:46.8942310Z x iPhoneOS16.5.sdk/System/Library/Frameworks/QuartzCore.framework/Headers/CAShapeLayer.h
2026-06-03T08:46:46.8942740Z x iPhoneOS16.5.sdk/System/Library/Frameworks/Social.framework/
2026-06-03T08:46:46.9044130Z x iPhoneOS16.5.sdk/System/Library/Frameworks/Social.framework/Modules/
2026-06-03T08:46:46.9145120Z x iPhoneOS16.5.sdk/System/Library/Frameworks/Social.framework/Modules/module.modulemap
2026-06-03T08:46:46.9175770Z x iPhoneOS16.5.sdk/System/Library/Frameworks/Social.framework/Social.tbd
2026-06-03T08:46:46.9176420Z x iPhoneOS16.5.sdk/System/Library/Frameworks/Social.framework/Headers/
2026-06-03T08:46:46.9176970Z x iPhoneOS16.5.sdk/System/Library/Frameworks/Social.framework/Headers/SLServiceTypes.h
2026-06-03T08:46:46.9178410Z x iPhoneOS16.5.sdk/System/Library/Frameworks/Social.framework/Headers/SLComposeViewController.h
2026-06-03T08:46:46.9179170Z x iPhoneOS16.5.sdk/System/Library/Frameworks/Social.framework/Headers/SLComposeSheetConfigurationItem.h
2026-06-03T08:46:46.9179830Z x iPhoneOS16.5.sdk/System/Library/Frameworks/Social.framework/Headers/SocialDefines.h
2026-06-03T08:46:46.9180330Z x iPhoneOS16.5.sdk/System/Library/Frameworks/Social.framework/Headers/SLRequest.h
2026-06-03T08:46:46.9180900Z x iPhoneOS16.5.sdk/System/Library/Frameworks/Social.framework/Headers/Social.h
2026-06-03T08:46:46.9181450Z x iPhoneOS16.5.sdk/System/Library/Frameworks/Social.framework/Headers/SLComposeServiceViewController.h
2026-06-03T08:46:46.9181970Z x iPhoneOS16.5.sdk/System/Library/Frameworks/EventKitUI.framework/
2026-06-03T08:46:46.9182390Z x iPhoneOS16.5.sdk/System/Library/Frameworks/EventKitUI.framework/Modules/
2026-06-03T08:46:46.9182880Z x iPhoneOS16.5.sdk/System/Library/Frameworks/EventKitUI.framework/Modules/module.modulemap
2026-06-03T08:46:46.9183380Z x iPhoneOS16.5.sdk/System/Library/Frameworks/EventKitUI.framework/Headers/
2026-06-03T08:46:46.9183900Z x iPhoneOS16.5.sdk/System/Library/Frameworks/EventKitUI.framework/Headers/EKEventViewController.h
2026-06-03T08:46:46.9184460Z x iPhoneOS16.5.sdk/System/Library/Frameworks/EventKitUI.framework/Headers/EventKitUI.h
2026-06-03T08:46:46.9185030Z x iPhoneOS16.5.sdk/System/Library/Frameworks/EventKitUI.framework/Headers/UIFont+EKDayOccurrenceView.h
2026-06-03T08:46:46.9185740Z x iPhoneOS16.5.sdk/System/Library/Frameworks/EventKitUI.framework/Headers/EKEventEditViewController.h
2026-06-03T08:46:46.9187230Z x iPhoneOS16.5.sdk/System/Library/Frameworks/EventKitUI.framework/Headers/EventKitUIDefines.h
2026-06-03T08:46:46.9187940Z x iPhoneOS16.5.sdk/System/Library/Frameworks/EventKitUI.framework/Headers/EventKitUI.apinotes
2026-06-03T08:46:46.9188600Z x iPhoneOS16.5.sdk/System/Library/Frameworks/EventKitUI.framework/Headers/EventKitUIBundle.h
2026-06-03T08:46:46.9189250Z x iPhoneOS16.5.sdk/System/Library/Frameworks/EventKitUI.framework/Headers/EKCalendarChooser.h
2026-06-03T08:46:46.9189890Z x iPhoneOS16.5.sdk/System/Library/Frameworks/EventKitUI.framework/EventKitUI.tbd
2026-06-03T08:46:46.9190600Z x iPhoneOS16.5.sdk/System/Library/Frameworks/CryptoKit.framework/
2026-06-03T08:46:46.9199200Z x iPhoneOS16.5.sdk/System/Library/Frameworks/CryptoKit.framework/Modules/
2026-06-03T08:46:46.9199970Z x iPhoneOS16.5.sdk/System/Library/Frameworks/CryptoKit.framework/Modules/CryptoKit.swiftmodule/
2026-06-03T08:46:46.9200740Z x iPhoneOS16.5.sdk/System/Library/Frameworks/CryptoKit.framework/Modules/CryptoKit.swiftmodule/arm64e-apple-ios.swiftdoc
2026-06-03T08:46:46.9201500Z x iPhoneOS16.5.sdk/System/Library/Frameworks/CryptoKit.framework/Modules/CryptoKit.swiftmodule/arm64-apple-ios.swiftdoc
2026-06-03T08:46:46.9202360Z x iPhoneOS16.5.sdk/System/Library/Frameworks/CryptoKit.framework/Modules/CryptoKit.swiftmodule/arm64e-apple-ios.swiftinterface
2026-06-03T08:46:46.9203160Z x iPhoneOS16.5.sdk/System/Library/Frameworks/CryptoKit.framework/Modules/CryptoKit.swiftmodule/arm64-apple-ios.swiftinterface
2026-06-03T08:46:46.9203960Z x iPhoneOS16.5.sdk/System/Library/Frameworks/CryptoKit.framework/CryptoKit.tbd
2026-06-03T08:46:46.9204450Z x iPhoneOS16.5.sdk/System/Library/Frameworks/ExposureNotification.framework/
2026-06-03T08:46:46.9204950Z x iPhoneOS16.5.sdk/System/Library/Frameworks/ExposureNotification.framework/Modules/
2026-06-03T08:46:46.9205600Z x iPhoneOS16.5.sdk/System/Library/Frameworks/ExposureNotification.framework/Modules/module.modulemap
2026-06-03T08:46:46.9207070Z x iPhoneOS16.5.sdk/System/Library/Frameworks/ExposureNotification.framework/Headers/
2026-06-03T08:46:46.9207630Z x iPhoneOS16.5.sdk/System/Library/Frameworks/ExposureNotification.framework/Headers/ENManager.h
2026-06-03T08:46:46.9208490Z x iPhoneOS16.5.sdk/System/Library/Frameworks/ExposureNotification.framework/Headers/ExposureNotification.h
2026-06-03T08:46:46.9209340Z x iPhoneOS16.5.sdk/System/Library/Frameworks/ExposureNotification.framework/Headers/ENCommon.h
2026-06-03T08:46:46.9210280Z x iPhoneOS16.5.sdk/System/Library/Frameworks/ExposureNotification.framework/ExposureNotification.tbd
2026-06-03T08:46:46.9210940Z x iPhoneOS16.5.sdk/System/Library/Frameworks/IdentityLookupUI.framework/
2026-06-03T08:46:46.9211840Z x iPhoneOS16.5.sdk/System/Library/Frameworks/IdentityLookupUI.framework/Modules/
2026-06-03T08:46:46.9212340Z x iPhoneOS16.5.sdk/System/Library/Frameworks/IdentityLookupUI.framework/Modules/module.modulemap
2026-06-03T08:46:46.9213020Z x iPhoneOS16.5.sdk/System/Library/Frameworks/IdentityLookupUI.framework/Headers/
2026-06-03T08:46:46.9213690Z x iPhoneOS16.5.sdk/System/Library/Frameworks/IdentityLookupUI.framework/Headers/ILClassificationUIExtensionViewController.h
2026-06-03T08:46:46.9214700Z x iPhoneOS16.5.sdk/System/Library/Frameworks/IdentityLookupUI.framework/Headers/ILClassificationUIExtensionContext.h
2026-06-03T08:46:46.9215410Z x iPhoneOS16.5.sdk/System/Library/Frameworks/IdentityLookupUI.framework/Headers/IdentityLookupUI.h
2026-06-03T08:46:46.9216010Z x iPhoneOS16.5.sdk/System/Library/Frameworks/IdentityLookupUI.framework/IdentityLookupUI.tbd
2026-06-03T08:46:46.9216510Z x iPhoneOS16.5.sdk/System/Library/Frameworks/PHASE.framework/
2026-06-03T08:46:46.9216910Z x iPhoneOS16.5.sdk/System/Library/Frameworks/PHASE.framework/Modules/
2026-06-03T08:46:46.9217380Z x iPhoneOS16.5.sdk/System/Library/Frameworks/PHASE.framework/Modules/module.modulemap
2026-06-03T08:46:46.9217850Z x iPhoneOS16.5.sdk/System/Library/Frameworks/PHASE.framework/PHASE.tbd
2026-06-03T08:46:46.9218270Z x iPhoneOS16.5.sdk/System/Library/Frameworks/PHASE.framework/Headers/
2026-06-03T08:46:46.9218720Z x iPhoneOS16.5.sdk/System/Library/Frameworks/PHASE.framework/Headers/PHASEOccluder.h
2026-06-03T08:46:46.9220100Z x iPhoneOS16.5.sdk/System/Library/Frameworks/PHASE.framework/Headers/PHASESpatialPipeline.h
2026-06-03T08:46:46.9222240Z x iPhoneOS16.5.sdk/System/Library/Frameworks/PHASE.framework/Headers/PHASEShape.h
2026-06-03T08:46:46.9222730Z x iPhoneOS16.5.sdk/System/Library/Frameworks/PHASE.framework/Headers/PHASEMaterial.h
2026-06-03T08:46:46.9223260Z x iPhoneOS16.5.sdk/System/Library/Frameworks/PHASE.framework/Headers/PHASEMixer.h
2026-06-03T08:46:46.9224010Z x iPhoneOS16.5.sdk/System/Library/Frameworks/PHASE.framework/Headers/PHASESoundEventNodes.h
2026-06-03T08:46:46.9224720Z x iPhoneOS16.5.sdk/System/Library/Frameworks/PHASE.framework/Headers/PHASEListener.h
2026-06-03T08:46:46.9225250Z x iPhoneOS16.5.sdk/System/Library/Frameworks/PHASE.framework/Headers/PHASE.h
2026-06-03T08:46:46.9225750Z x iPhoneOS16.5.sdk/System/Library/Frameworks/PHASE.framework/Headers/PHASEAssetRegistry.h
2026-06-03T08:46:46.9226350Z x iPhoneOS16.5.sdk/System/Library/Frameworks/PHASE.framework/Headers/PHASEGeneratorParameters.h
2026-06-03T08:46:46.9226890Z x iPhoneOS16.5.sdk/System/Library/Frameworks/PHASE.framework/Headers/PHASESource.h
2026-06-03T08:46:46.9227380Z x iPhoneOS16.5.sdk/System/Library/Frameworks/PHASE.framework/Headers/PHASEEngine.h
2026-06-03T08:46:46.9227860Z x iPhoneOS16.5.sdk/System/Library/Frameworks/PHASE.framework/Headers/PHASETypes.h
2026-06-03T08:46:46.9228460Z x iPhoneOS16.5.sdk/System/Library/Frameworks/PHASE.framework/Headers/PHASEEnvelope.h
2026-06-03T08:46:46.9228980Z x iPhoneOS16.5.sdk/System/Library/Frameworks/PHASE.framework/Headers/PHASEGroupPreset.h
2026-06-03T08:46:46.9229550Z x iPhoneOS16.5.sdk/System/Library/Frameworks/PHASE.framework/Headers/PHASEMetaParameter.h
2026-06-03T08:46:46.9230060Z x iPhoneOS16.5.sdk/System/Library/Frameworks/PHASE.framework/Headers/PHASEDucker.h
2026-06-03T08:46:46.9230550Z x iPhoneOS16.5.sdk/System/Library/Frameworks/PHASE.framework/Headers/PHASEGroup.h
2026-06-03T08:46:46.9231040Z x iPhoneOS16.5.sdk/System/Library/Frameworks/PHASE.framework/Headers/PHASEObject.h
2026-06-03T08:46:46.9231560Z x iPhoneOS16.5.sdk/System/Library/Frameworks/PHASE.framework/Headers/PHASEDirectivityModel.h
2026-06-03T08:46:46.9233670Z x iPhoneOS16.5.sdk/System/Library/Frameworks/PHASE.framework/Headers/PHASEDefinition.h
2026-06-03T08:46:46.9234400Z x iPhoneOS16.5.sdk/System/Library/Frameworks/PHASE.framework/Headers/PHASEMedium.h
2026-06-03T08:46:46.9235110Z x iPhoneOS16.5.sdk/System/Library/Frameworks/PHASE.framework/Headers/PHASEDistanceModel.h
2026-06-03T08:46:46.9235740Z x iPhoneOS16.5.sdk/System/Library/Frameworks/PHASE.framework/Headers/PHASESoundEvent.h
2026-06-03T08:46:46.9236240Z x iPhoneOS16.5.sdk/System/Library/Frameworks/CoreAudioKit.framework/
2026-06-03T08:46:46.9236800Z x iPhoneOS16.5.sdk/System/Library/Frameworks/CoreAudioKit.framework/Modules/
2026-06-03T08:46:46.9238440Z x iPhoneOS16.5.sdk/System/Library/Frameworks/CoreAudioKit.framework/Modules/module.modulemap
2026-06-03T08:46:46.9239080Z x iPhoneOS16.5.sdk/System/Library/Frameworks/CoreAudioKit.framework/Modules/CoreAudioKit.swiftmodule/
2026-06-03T08:46:46.9239780Z x iPhoneOS16.5.sdk/System/Library/Frameworks/CoreAudioKit.framework/Modules/CoreAudioKit.swiftmodule/arm64e-apple-ios.swiftdoc
2026-06-03T08:46:46.9240550Z x iPhoneOS16.5.sdk/System/Library/Frameworks/CoreAudioKit.framework/Modules/CoreAudioKit.swiftmodule/arm64-apple-ios.swiftdoc
2026-06-03T08:46:46.9241350Z x iPhoneOS16.5.sdk/System/Library/Frameworks/CoreAudioKit.framework/Modules/CoreAudioKit.swiftmodule/arm64e-apple-ios.swiftinterface
2026-06-03T08:46:46.9242170Z x iPhoneOS16.5.sdk/System/Library/Frameworks/CoreAudioKit.framework/Modules/CoreAudioKit.swiftmodule/arm64-apple-ios.swiftinterface
2026-06-03T08:46:46.9242800Z x iPhoneOS16.5.sdk/System/Library/Frameworks/CoreAudioKit.framework/Headers/
2026-06-03T08:46:46.9243350Z x iPhoneOS16.5.sdk/System/Library/Frameworks/CoreAudioKit.framework/Headers/CAInterAppAudioSwitcherView.h
2026-06-03T08:46:46.9244000Z x iPhoneOS16.5.sdk/System/Library/Frameworks/CoreAudioKit.framework/Headers/AUGenericViewController.h
2026-06-03T08:46:46.9244660Z x iPhoneOS16.5.sdk/System/Library/Frameworks/CoreAudioKit.framework/Headers/CAInterAppAudioTransportView.h
2026-06-03T08:46:46.9245360Z x iPhoneOS16.5.sdk/System/Library/Frameworks/CoreAudioKit.framework/Headers/CABTMIDILocalPeripheralViewController.h
2026-06-03T08:46:46.9246070Z x iPhoneOS16.5.sdk/System/Library/Frameworks/CoreAudioKit.framework/Headers/CABTMIDICentralViewController.h
2026-06-03T08:46:46.9246840Z x iPhoneOS16.5.sdk/System/Library/Frameworks/CoreAudioKit.framework/Headers/CoreAudioKit.h
2026-06-03T08:46:46.9272110Z x iPhoneOS16.5.sdk/System/Library/Frameworks/CoreAudioKit.framework/Headers/AUViewController.h
2026-06-03T08:46:46.9272670Z x iPhoneOS16.5.sdk/System/Library/Frameworks/CoreAudioKit.framework/CoreAudioKit.tbd
2026-06-03T08:46:46.9273130Z x iPhoneOS16.5.sdk/System/Library/Frameworks/CoreAudio.framework/
2026-06-03T08:46:46.9273820Z x iPhoneOS16.5.sdk/System/Library/Frameworks/CoreAudio.framework/Modules/
2026-06-03T08:46:46.9274680Z x iPhoneOS16.5.sdk/System/Library/Frameworks/CoreAudio.framework/Modules/module.modulemap
2026-06-03T08:46:46.9275170Z x iPhoneOS16.5.sdk/System/Library/Frameworks/CoreAudio.framework/Headers/
2026-06-03T08:46:46.9275620Z x iPhoneOS16.5.sdk/System/Library/Frameworks/CoreAudio.framework/Headers/CoreAudioTypes.h
2026-06-03T08:46:46.9276260Z x iPhoneOS16.5.sdk/System/Library/Frameworks/CoreAudio.framework/CoreAudio.tbd
2026-06-03T08:46:46.9276760Z x iPhoneOS16.5.sdk/System/Library/Frameworks/Accessibility.framework/
2026-06-03T08:46:46.9277690Z x iPhoneOS16.5.sdk/System/Library/Frameworks/Accessibility.framework/Modules/
2026-06-03T08:46:46.9278180Z x iPhoneOS16.5.sdk/System/Library/Frameworks/Accessibility.framework/Modules/module.modulemap
2026-06-03T08:46:46.9278850Z x iPhoneOS16.5.sdk/System/Library/Frameworks/Accessibility.framework/Modules/Accessibility.swiftmodule/
2026-06-03T08:46:46.9279770Z x iPhoneOS16.5.sdk/System/Library/Frameworks/Accessibility.framework/Modules/Accessibility.swiftmodule/arm64e-apple-ios.swiftdoc
2026-06-03T08:46:46.9280540Z x iPhoneOS16.5.sdk/System/Library/Frameworks/Accessibility.framework/Modules/Accessibility.swiftmodule/arm64-apple-ios.swiftdoc
2026-06-03T08:46:46.9281370Z x iPhoneOS16.5.sdk/System/Library/Frameworks/Accessibility.framework/Modules/Accessibility.swiftmodule/arm64e-apple-ios.swiftinterface
2026-06-03T08:46:46.9282150Z x iPhoneOS16.5.sdk/System/Library/Frameworks/Accessibility.framework/Modules/Accessibility.swiftmodule/arm64-apple-ios.swiftinterface
2026-06-03T08:46:46.9282810Z x iPhoneOS16.5.sdk/System/Library/Frameworks/Accessibility.framework/Headers/
2026-06-03T08:46:46.9283330Z x iPhoneOS16.5.sdk/System/Library/Frameworks/Accessibility.framework/Headers/AXBrailleMap.h
2026-06-03T08:46:46.9284060Z x iPhoneOS16.5.sdk/System/Library/Frameworks/Accessibility.framework/Headers/AXCustomContent.h
2026-06-03T08:46:46.9284610Z x iPhoneOS16.5.sdk/System/Library/Frameworks/Accessibility.framework/Headers/AXColorUtilities.h
2026-06-03T08:46:46.9285250Z x iPhoneOS16.5.sdk/System/Library/Frameworks/Accessibility.framework/Headers/AXHearingUtilities.h
2026-06-03T08:46:46.9285990Z x iPhoneOS16.5.sdk/System/Library/Frameworks/Accessibility.framework/Headers/Accessibility.h
2026-06-03T08:46:46.9286620Z x iPhoneOS16.5.sdk/System/Library/Frameworks/Accessibility.framework/Headers/AXFoundation.h
2026-06-03T08:46:46.9287200Z x iPhoneOS16.5.sdk/System/Library/Frameworks/Accessibility.framework/Headers/AXAudiograph.h
2026-06-03T08:46:46.9287690Z x iPhoneOS16.5.sdk/System/Library/Frameworks/Accessibility.framework/Accessibility.tbd
2026-06-03T08:46:46.9288130Z x iPhoneOS16.5.sdk/System/Library/Frameworks/CoreLocation.framework/
2026-06-03T08:46:46.9289450Z x iPhoneOS16.5.sdk/System/Library/Frameworks/CoreLocation.framework/Modules/
2026-06-03T08:46:46.9289960Z x iPhoneOS16.5.sdk/System/Library/Frameworks/CoreLocation.framework/Modules/module.modulemap
2026-06-03T08:46:46.9290470Z x iPhoneOS16.5.sdk/System/Library/Frameworks/CoreLocation.framework/Headers/
2026-06-03T08:46:46.9291040Z x iPhoneOS16.5.sdk/System/Library/Frameworks/CoreLocation.framework/Headers/CLAvailability.h
2026-06-03T08:46:46.9291970Z x iPhoneOS16.5.sdk/System/Library/Frameworks/CoreLocation.framework/Headers/CLLocationManagerDelegate.h
2026-06-03T08:46:46.9292630Z x iPhoneOS16.5.sdk/System/Library/Frameworks/CoreLocation.framework/Headers/CLLocationPushServiceError.h
2026-06-03T08:46:46.9293410Z x iPhoneOS16.5.sdk/System/Library/Frameworks/CoreLocation.framework/Headers/CoreLocation.apinotes
2026-06-03T08:46:46.9294240Z x iPhoneOS16.5.sdk/System/Library/Frameworks/CoreLocation.framework/Headers/CLGeocoder.h
2026-06-03T08:46:46.9294840Z x iPhoneOS16.5.sdk/System/Library/Frameworks/CoreLocation.framework/Headers/CLLocationPushServiceExtension.h
2026-06-03T08:46:46.9295520Z x iPhoneOS16.5.sdk/System/Library/Frameworks/CoreLocation.framework/Headers/CLError.h
2026-06-03T08:46:46.9296100Z x iPhoneOS16.5.sdk/System/Library/Frameworks/CoreLocation.framework/Headers/CoreLocation.h
2026-06-03T08:46:46.9296700Z x iPhoneOS16.5.sdk/System/Library/Frameworks/CoreLocation.framework/Headers/CLLocationManager+CLVisitExtensions.h
2026-06-03T08:46:46.9297350Z x iPhoneOS16.5.sdk/System/Library/Frameworks/CoreLocation.framework/Headers/CLPlacemark.h
2026-06-03T08:46:46.9298560Z x iPhoneOS16.5.sdk/System/Library/Frameworks/CoreLocation.framework/Headers/CLRegion.h
2026-06-03T08:46:46.9299170Z x iPhoneOS16.5.sdk/System/Library/Frameworks/CoreLocation.framework/Headers/CLBeaconRegion.h
2026-06-03T08:46:46.9299750Z x iPhoneOS16.5.sdk/System/Library/Frameworks/CoreLocation.framework/Headers/CLLocation.h
2026-06-03T08:46:46.9300260Z x iPhoneOS16.5.sdk/System/Library/Frameworks/CoreLocation.framework/Headers/CLLocationManager.h
2026-06-03T08:46:46.9300830Z x iPhoneOS16.5.sdk/System/Library/Frameworks/CoreLocation.framework/Headers/CLErrorDomain.h
2026-06-03T08:46:46.9301310Z x iPhoneOS16.5.sdk/System/Library/Frameworks/CoreLocation.framework/Headers/CLVisit.h
2026-06-03T08:46:46.9301950Z x iPhoneOS16.5.sdk/System/Library/Frameworks/CoreLocation.framework/Headers/CLBeaconIdentityConstraint.h
2026-06-03T08:46:46.9302570Z x iPhoneOS16.5.sdk/System/Library/Frameworks/CoreLocation.framework/Headers/CLCircularRegion.h
2026-06-03T08:46:46.9303170Z x iPhoneOS16.5.sdk/System/Library/Frameworks/CoreLocation.framework/Headers/CLHeading.h
2026-06-03T08:46:46.9303890Z x iPhoneOS16.5.sdk/System/Library/Frameworks/CoreLocation.framework/CoreLocation.tbd
2026-06-03T08:46:46.9304550Z x iPhoneOS16.5.sdk/System/Library/Frameworks/ManagedSettings.framework/
2026-06-03T08:46:46.9305080Z x iPhoneOS16.5.sdk/System/Library/Frameworks/ManagedSettings.framework/Modules/
2026-06-03T08:46:46.9305680Z x iPhoneOS16.5.sdk/System/Library/Frameworks/ManagedSettings.framework/Modules/ManagedSettings.swiftmodule/
2026-06-03T08:46:46.9306420Z x iPhoneOS16.5.sdk/System/Library/Frameworks/ManagedSettings.framework/Modules/ManagedSettings.swiftmodule/arm64e-apple-ios.swiftdoc
2026-06-03T08:46:46.9307230Z x iPhoneOS16.5.sdk/System/Library/Frameworks/ManagedSettings.framework/Modules/ManagedSettings.swiftmodule/arm64-apple-ios.swiftdoc
2026-06-03T08:46:46.9308060Z x iPhoneOS16.5.sdk/System/Library/Frameworks/ManagedSettings.framework/Modules/ManagedSettings.swiftmodule/arm64e-apple-ios.swiftinterface
2026-06-03T08:46:46.9308900Z x iPhoneOS16.5.sdk/System/Library/Frameworks/ManagedSettings.framework/Modules/ManagedSettings.swiftmodule/arm64-apple-ios.swiftinterface
2026-06-03T08:46:46.9309610Z x iPhoneOS16.5.sdk/System/Library/Frameworks/ManagedSettings.framework/ManagedSettings.tbd
2026-06-03T08:46:46.9310100Z x iPhoneOS16.5.sdk/System/Library/Frameworks/CoreFoundation.framework/
2026-06-03T08:46:46.9310570Z x iPhoneOS16.5.sdk/System/Library/Frameworks/CoreFoundation.framework/Modules/
2026-06-03T08:46:46.9311070Z x iPhoneOS16.5.sdk/System/Library/Frameworks/CoreFoundation.framework/Modules/module.modulemap
2026-06-03T08:46:46.9311550Z x iPhoneOS16.5.sdk/System/Library/Frameworks/CoreFoundation.framework/Headers/
2026-06-03T08:46:46.9312030Z x iPhoneOS16.5.sdk/System/Library/Frameworks/CoreFoundation.framework/Headers/CFBase.h
2026-06-03T08:46:46.9312570Z x iPhoneOS16.5.sdk/System/Library/Frameworks/CoreFoundation.framework/Headers/CFCharacterSet.h
2026-06-03T08:46:46.9313150Z x iPhoneOS16.5.sdk/System/Library/Frameworks/CoreFoundation.framework/Headers/CFUUID.h
2026-06-03T08:46:46.9313730Z x iPhoneOS16.5.sdk/System/Library/Frameworks/CoreFoundation.framework/Headers/CFAttributedString.h
2026-06-03T08:46:46.9314510Z x iPhoneOS16.5.sdk/System/Library/Frameworks/CoreFoundation.framework/Headers/CoreFoundation.h
2026-06-03T08:46:46.9316020Z x iPhoneOS16.5.sdk/System/Library/Frameworks/CoreFoundation.framework/Headers/CFUtilities.h
2026-06-03T08:46:46.9316580Z x iPhoneOS16.5.sdk/System/Library/Frameworks/CoreFoundation.framework/Headers/CFFileDescriptor.h
2026-06-03T08:46:46.9317230Z x iPhoneOS16.5.sdk/System/Library/Frameworks/CoreFoundation.framework/Headers/CFDate.h
2026-06-03T08:46:46.9317730Z x iPhoneOS16.5.sdk/System/Library/Frameworks/CoreFoundation.framework/Headers/CFData.h
2026-06-03T08:46:46.9318330Z x iPhoneOS16.5.sdk/System/Library/Frameworks/CoreFoundation.framework/Headers/CFRunLoop.h
2026-06-03T08:46:46.9318880Z x iPhoneOS16.5.sdk/System/Library/Frameworks/CoreFoundation.framework/Headers/CFBundle.h
2026-06-03T08:46:46.9319430Z x iPhoneOS16.5.sdk/System/Library/Frameworks/CoreFoundation.framework/Headers/CFLocale.h
2026-06-03T08:46:46.9320220Z x iPhoneOS16.5.sdk/System/Library/Frameworks/CoreFoundation.framework/Headers/CFCalendar.h
2026-06-03T08:46:46.9320800Z x iPhoneOS16.5.sdk/System/Library/Frameworks/CoreFoundation.framework/Headers/CFBinaryHeap.h
2026-06-03T08:46:46.9321410Z x iPhoneOS16.5.sdk/System/Library/Frameworks/CoreFoundation.framework/Headers/CFNotificationCenter.h
2026-06-03T08:46:46.9321970Z x iPhoneOS16.5.sdk/System/Library/Frameworks/CoreFoundation.framework/Headers/CFFileSecurity.h
2026-06-03T08:46:46.9322530Z x iPhoneOS16.5.sdk/System/Library/Frameworks/CoreFoundation.framework/Headers/CFTree.h
2026-06-03T08:46:46.9323050Z x iPhoneOS16.5.sdk/System/Library/Frameworks/CoreFoundation.framework/Headers/CFBitVector.h
2026-06-03T08:46:46.9323710Z x iPhoneOS16.5.sdk/System/Library/Frameworks/CoreFoundation.framework/Headers/CFByteOrder.h
2026-06-03T08:46:46.9325040Z x iPhoneOS16.5.sdk/System/Library/Frameworks/CoreFoundation.framework/Headers/CFDictionary.h
2026-06-03T08:46:46.9325700Z x iPhoneOS16.5.sdk/System/Library/Frameworks/CoreFoundation.framework/Headers/CFXMLNode.h
2026-06-03T08:46:46.9326340Z x iPhoneOS16.5.sdk/System/Library/Frameworks/CoreFoundation.framework/Headers/CFStringEncodingExt.h
2026-06-03T08:46:46.9326940Z x iPhoneOS16.5.sdk/System/Library/Frameworks/CoreFoundation.framework/Headers/CFTimeZone.h
2026-06-03T08:46:46.9327460Z x iPhoneOS16.5.sdk/System/Library/Frameworks/CoreFoundation.framework/Headers/CFNumberFormatter.h
2026-06-03T08:46:46.9328110Z x iPhoneOS16.5.sdk/System/Library/Frameworks/CoreFoundation.framework/Headers/CFPropertyList.h
2026-06-03T08:46:46.9328730Z x iPhoneOS16.5.sdk/System/Library/Frameworks/CoreFoundation.framework/Headers/CFError.h
2026-06-03T08:46:46.9329320Z x iPhoneOS16.5.sdk/System/Library/Frameworks/CoreFoundation.framework/Headers/CFUserNotification.h
2026-06-03T08:46:46.9330010Z x iPhoneOS16.5.sdk/System/Library/Frameworks/CoreFoundation.framework/Headers/CFURLEnumerator.h
2026-06-03T08:46:46.9330740Z x iPhoneOS16.5.sdk/System/Library/Frameworks/CoreFoundation.framework/Headers/CFMachPort.h
2026-06-03T08:46:46.9331280Z x iPhoneOS16.5.sdk/System/Library/Frameworks/CoreFoundation.framework/Headers/CFMessagePort.h
2026-06-03T08:46:46.9331870Z x iPhoneOS16.5.sdk/System/Library/Frameworks/CoreFoundation.framework/Headers/CFAvailability.h
2026-06-03T08:46:46.9332450Z x iPhoneOS16.5.sdk/System/Library/Frameworks/CoreFoundation.framework/Headers/CFPlugInCOM.h
2026-06-03T08:46:46.9333040Z x iPhoneOS16.5.sdk/System/Library/Frameworks/CoreFoundation.framework/Headers/CFSocket.h
2026-06-03T08:46:46.9333610Z x iPhoneOS16.5.sdk/System/Library/Frameworks/CoreFoundation.framework/Headers/CFArray.h
2026-06-03T08:46:46.9334260Z x iPhoneOS16.5.sdk/System/Library/Frameworks/CoreFoundation.framework/Headers/CFURL.h
2026-06-03T08:46:46.9334820Z x iPhoneOS16.5.sdk/System/Library/Frameworks/CoreFoundation.framework/Headers/CFBag.h
2026-06-03T08:46:46.9335290Z x iPhoneOS16.5.sdk/System/Library/Frameworks/CoreFoundation.framework/Headers/CFStream.h
2026-06-03T08:46:46.9335810Z x iPhoneOS16.5.sdk/System/Library/Frameworks/CoreFoundation.framework/Headers/CFStringTokenizer.h
2026-06-03T08:46:46.9336590Z x iPhoneOS16.5.sdk/System/Library/Frameworks/CoreFoundation.framework/Headers/CFURLAccess.h
2026-06-03T08:46:46.9337230Z x iPhoneOS16.5.sdk/System/Library/Frameworks/CoreFoundation.framework/Headers/CFString.h
2026-06-03T08:46:46.9337850Z x iPhoneOS16.5.sdk/System/Library/Frameworks/CoreFoundation.framework/Headers/CFXMLParser.h
2026-06-03T08:46:46.9338480Z x iPhoneOS16.5.sdk/System/Library/Frameworks/CoreFoundation.framework/Headers/CFPreferences.h
2026-06-03T08:46:46.9339010Z x iPhoneOS16.5.sdk/System/Library/Frameworks/CoreFoundation.framework/Headers/CFDateFormatter.h
2026-06-03T08:46:46.9339580Z x iPhoneOS16.5.sdk/System/Library/Frameworks/CoreFoundation.framework/Headers/CFCGTypes.h
2026-06-03T08:46:46.9340110Z x iPhoneOS16.5.sdk/System/Library/Frameworks/CoreFoundation.framework/Headers/CFSet.h
2026-06-03T08:46:46.9340680Z x iPhoneOS16.5.sdk/System/Library/Frameworks/CoreFoundation.framework/Headers/CFNumber.h
2026-06-03T08:46:46.9341310Z x iPhoneOS16.5.sdk/System/Library/Frameworks/CoreFoundation.framework/Headers/CFPlugIn.h
2026-06-03T08:46:46.9341840Z x iPhoneOS16.5.sdk/System/Library/Frameworks/CoreFoundation.framework/CoreFoundation.tbd
2026-06-03T08:46:46.9342290Z x iPhoneOS16.5.sdk/System/Library/Frameworks/_SpriteKit_SwiftUI.framework/
2026-06-03T08:46:46.9342750Z x iPhoneOS16.5.sdk/System/Library/Frameworks/_SpriteKit_SwiftUI.framework/Modules/
2026-06-03T08:46:46.9343450Z x iPhoneOS16.5.sdk/System/Library/Frameworks/_SpriteKit_SwiftUI.framework/Modules/_SpriteKit_SwiftUI.swiftmodule/
2026-06-03T08:46:46.9344220Z x iPhoneOS16.5.sdk/System/Library/Frameworks/_SpriteKit_SwiftUI.framework/Modules/_SpriteKit_SwiftUI.swiftmodule/arm64e-apple-ios.swiftdoc
2026-06-03T08:46:46.9345000Z x iPhoneOS16.5.sdk/System/Library/Frameworks/_SpriteKit_SwiftUI.framework/Modules/_SpriteKit_SwiftUI.swiftmodule/arm64-apple-ios.swiftdoc
2026-06-03T08:46:46.9346540Z x iPhoneOS16.5.sdk/System/Library/Frameworks/_SpriteKit_SwiftUI.framework/Modules/_SpriteKit_SwiftUI.swiftmodule/arm64e-apple-ios.swiftinterface
2026-06-03T08:46:46.9347380Z x iPhoneOS16.5.sdk/System/Library/Frameworks/_SpriteKit_SwiftUI.framework/Modules/_SpriteKit_SwiftUI.swiftmodule/arm64-apple-ios.swiftinterface
2026-06-03T08:46:46.9348350Z x iPhoneOS16.5.sdk/System/Library/Frameworks/_SpriteKit_SwiftUI.framework/_SpriteKit_SwiftUI.tbd
2026-06-03T08:46:46.9348880Z x iPhoneOS16.5.sdk/System/Library/Frameworks/_DeviceActivity_SwiftUI.framework/
2026-06-03T08:46:46.9349350Z x iPhoneOS16.5.sdk/System/Library/Frameworks/_DeviceActivity_SwiftUI.framework/Modules/
2026-06-03T08:46:46.9350180Z x iPhoneOS16.5.sdk/System/Library/Frameworks/_DeviceActivity_SwiftUI.framework/Modules/_DeviceActivity_SwiftUI.swiftmodule/
2026-06-03T08:46:46.9351050Z x iPhoneOS16.5.sdk/System/Library/Frameworks/_DeviceActivity_SwiftUI.framework/Modules/_DeviceActivity_SwiftUI.swiftmodule/arm64e-apple-ios.swiftdoc
2026-06-03T08:46:46.9352690Z x iPhoneOS16.5.sdk/System/Library/Frameworks/_DeviceActivity_SwiftUI.framework/Modules/_DeviceActivity_SwiftUI.swiftmodule/arm64-apple-ios.swiftdoc
2026-06-03T08:46:46.9353560Z x iPhoneOS16.5.sdk/System/Library/Frameworks/_DeviceActivity_SwiftUI.framework/Modules/_DeviceActivity_SwiftUI.swiftmodule/arm64e-apple-ios.swiftinterface
2026-06-03T08:46:46.9354530Z x iPhoneOS16.5.sdk/System/Library/Frameworks/_DeviceActivity_SwiftUI.framework/Modules/_DeviceActivity_SwiftUI.swiftmodule/arm64-apple-ios.swiftinterface
2026-06-03T08:46:46.9355310Z x iPhoneOS16.5.sdk/System/Library/Frameworks/_DeviceActivity_SwiftUI.framework/_DeviceActivity_SwiftUI.tbd
2026-06-03T08:46:46.9355800Z x iPhoneOS16.5.sdk/System/Library/Frameworks/AddressBook.framework/
2026-06-03T08:46:46.9356250Z x iPhoneOS16.5.sdk/System/Library/Frameworks/AddressBook.framework/Modules/
2026-06-03T08:46:46.9356750Z x iPhoneOS16.5.sdk/System/Library/Frameworks/AddressBook.framework/Modules/module.modulemap
2026-06-03T08:46:46.9357240Z x iPhoneOS16.5.sdk/System/Library/Frameworks/AddressBook.framework/Headers/
2026-06-03T08:46:46.9357880Z x iPhoneOS16.5.sdk/System/Library/Frameworks/AddressBook.framework/Headers/AddressBookDefines.h
2026-06-03T08:46:46.9358560Z x iPhoneOS16.5.sdk/System/Library/Frameworks/AddressBook.framework/Headers/AddressBook.h
2026-06-03T08:46:46.9359080Z x iPhoneOS16.5.sdk/System/Library/Frameworks/AddressBook.framework/Headers/ABRecord.h
2026-06-03T08:46:46.9359620Z x iPhoneOS16.5.sdk/System/Library/Frameworks/AddressBook.framework/Headers/ABMultiValue.h
2026-06-03T08:46:46.9360750Z x iPhoneOS16.5.sdk/System/Library/Frameworks/AddressBook.framework/Headers/ABPerson.h
2026-06-03T08:46:46.9361220Z x iPhoneOS16.5.sdk/System/Library/Frameworks/AddressBook.framework/Headers/ABAddressBook.h
2026-06-03T08:46:46.9361820Z x iPhoneOS16.5.sdk/System/Library/Frameworks/AddressBook.framework/Headers/ABSource.h
2026-06-03T08:46:46.9362350Z x iPhoneOS16.5.sdk/System/Library/Frameworks/AddressBook.framework/Headers/ABGroup.h
2026-06-03T08:46:46.9362820Z x iPhoneOS16.5.sdk/System/Library/Frameworks/AddressBook.framework/AddressBook.tbd
2026-06-03T08:46:46.9363400Z x iPhoneOS16.5.sdk/System/Library/Frameworks/_HomeKit_SwiftUI.framework/
2026-06-03T08:46:46.9363870Z x iPhoneOS16.5.sdk/System/Library/Frameworks/_HomeKit_SwiftUI.framework/Modules/
2026-06-03T08:46:46.9364460Z x iPhoneOS16.5.sdk/System/Library/Frameworks/_HomeKit_SwiftUI.framework/Modules/_HomeKit_SwiftUI.swiftmodule/
2026-06-03T08:46:46.9365220Z x iPhoneOS16.5.sdk/System/Library/Frameworks/_HomeKit_SwiftUI.framework/Modules/_HomeKit_SwiftUI.swiftmodule/arm64e-apple-ios.swiftdoc
2026-06-03T08:46:46.9366030Z x iPhoneOS16.5.sdk/System/Library/Frameworks/_HomeKit_SwiftUI.framework/Modules/_HomeKit_SwiftUI.swiftmodule/arm64-apple-ios.swiftdoc
2026-06-03T08:46:46.9366850Z x iPhoneOS16.5.sdk/System/Library/Frameworks/_HomeKit_SwiftUI.framework/Modules/_HomeKit_SwiftUI.swiftmodule/arm64e-apple-ios.swiftinterface
2026-06-03T08:46:46.9367680Z x iPhoneOS16.5.sdk/System/Library/Frameworks/_HomeKit_SwiftUI.framework/Modules/_HomeKit_SwiftUI.swiftmodule/arm64-apple-ios.swiftinterface
2026-06-03T08:46:46.9368330Z x iPhoneOS16.5.sdk/System/Library/Frameworks/_HomeKit_SwiftUI.framework/_HomeKit_SwiftUI.tbd
2026-06-03T08:46:46.9368830Z x iPhoneOS16.5.sdk/System/Library/Frameworks/CreateMLComponents.framework/
2026-06-03T08:46:46.9369360Z x iPhoneOS16.5.sdk/System/Library/Frameworks/CreateMLComponents.framework/Modules/
2026-06-03T08:46:46.9369980Z x iPhoneOS16.5.sdk/System/Library/Frameworks/CreateMLComponents.framework/Modules/CreateMLComponents.swiftmodule/
2026-06-03T08:46:46.9371440Z x iPhoneOS16.5.sdk/System/Library/Frameworks/CreateMLComponents.framework/Modules/CreateMLComponents.swiftmodule/arm64e-apple-ios.swiftdoc
2026-06-03T08:46:46.9372320Z x iPhoneOS16.5.sdk/System/Library/Frameworks/CreateMLComponents.framework/Modules/CreateMLComponents.swiftmodule/arm64-apple-ios.swiftdoc
2026-06-03T08:46:46.9373160Z x iPhoneOS16.5.sdk/System/Library/Frameworks/CreateMLComponents.framework/Modules/CreateMLComponents.swiftmodule/arm64e-apple-ios.swiftinterface
2026-06-03T08:46:46.9374030Z x iPhoneOS16.5.sdk/System/Library/Frameworks/CreateMLComponents.framework/Modules/CreateMLComponents.swiftmodule/arm64-apple-ios.swiftinterface
2026-06-03T08:46:46.9375460Z x iPhoneOS16.5.sdk/System/Library/Frameworks/CreateMLComponents.framework/CreateMLComponents.tbd
2026-06-03T08:46:46.9376210Z x iPhoneOS16.5.sdk/System/Library/Frameworks/MessageUI.framework/
2026-06-03T08:46:46.9376590Z x iPhoneOS16.5.sdk/System/Library/Frameworks/MessageUI.framework/Modules/
2026-06-03T08:46:46.9377150Z x iPhoneOS16.5.sdk/System/Library/Frameworks/MessageUI.framework/Modules/module.modulemap
2026-06-03T08:46:46.9377600Z x iPhoneOS16.5.sdk/System/Library/Frameworks/MessageUI.framework/Headers/
2026-06-03T08:46:46.9378090Z x iPhoneOS16.5.sdk/System/Library/Frameworks/MessageUI.framework/Headers/MessageUI.apinotes
2026-06-03T08:46:46.9378750Z x iPhoneOS16.5.sdk/System/Library/Frameworks/MessageUI.framework/Headers/MFMessageComposeViewController.h
2026-06-03T08:46:46.9379310Z x iPhoneOS16.5.sdk/System/Library/Frameworks/MessageUI.framework/Headers/MessageUI.h
2026-06-03T08:46:46.9380080Z x iPhoneOS16.5.sdk/System/Library/Frameworks/MessageUI.framework/Headers/MFMailComposeViewController.h
2026-06-03T08:46:46.9380670Z x iPhoneOS16.5.sdk/System/Library/Frameworks/MessageUI.framework/MessageUI.tbd
2026-06-03T08:46:46.9381110Z x iPhoneOS16.5.sdk/System/Library/Frameworks/UIKit.framework/
2026-06-03T08:46:46.9381520Z x iPhoneOS16.5.sdk/System/Library/Frameworks/UIKit.framework/Modules/
2026-06-03T08:46:46.9381990Z x iPhoneOS16.5.sdk/System/Library/Frameworks/UIKit.framework/Modules/module.modulemap
2026-06-03T08:46:46.9382460Z x iPhoneOS16.5.sdk/System/Library/Frameworks/UIKit.framework/UIKit.tbd
2026-06-03T08:46:46.9382890Z x iPhoneOS16.5.sdk/System/Library/Frameworks/UIKit.framework/Headers/
2026-06-03T08:46:46.9383380Z x iPhoneOS16.5.sdk/System/Library/Frameworks/UIKit.framework/Headers/UILargeContentViewer.h
2026-06-03T08:46:46.9383850Z x iPhoneOS16.5.sdk/System/Library/Frameworks/UIKit.framework/Headers/NSShadow.h
2026-06-03T08:46:46.9384460Z x iPhoneOS16.5.sdk/System/Library/Frameworks/UIKit.framework/Headers/UIInputView.h
2026-06-03T08:46:46.9384950Z x iPhoneOS16.5.sdk/System/Library/Frameworks/UIKit.framework/Headers/UIControl.h
2026-06-03T08:46:46.9385470Z x iPhoneOS16.5.sdk/System/Library/Frameworks/UIKit.framework/Headers/UIToolTipInteraction.h
2026-06-03T08:46:46.9386150Z x iPhoneOS16.5.sdk/System/Library/Frameworks/UIKit.framework/Headers/UIFontPickerViewControllerConfiguration.h
2026-06-03T08:46:46.9393410Z x iPhoneOS16.5.sdk/System/Library/Frameworks/UIKit.framework/Headers/UIContextMenuConfiguration.h
2026-06-03T08:46:46.9394080Z x iPhoneOS16.5.sdk/System/Library/Frameworks/UIKit.framework/Headers/UITableViewHeaderFooterView.h
2026-06-03T08:46:46.9394570Z x iPhoneOS16.5.sdk/System/Library/Frameworks/UIKit.framework/Headers/UIWindow.h
2026-06-03T08:46:46.9395070Z x iPhoneOS16.5.sdk/System/Library/Frameworks/UIKit.framework/Headers/UIPrintInfo.h
2026-06-03T08:46:46.9395550Z x iPhoneOS16.5.sdk/System/Library/Frameworks/UIKit.framework/Headers/UIContextualAction.h
2026-06-03T08:46:46.9396120Z x iPhoneOS16.5.sdk/System/Library/Frameworks/UIKit.framework/Headers/UIBarButtonItemAppearance.h
2026-06-03T08:46:46.9396680Z x iPhoneOS16.5.sdk/System/Library/Frameworks/UIKit.framework/Headers/UICollectionView.h
2026-06-03T08:46:46.9397240Z x iPhoneOS16.5.sdk/System/Library/Frameworks/UIKit.framework/Headers/UICollectionViewController.h
2026-06-03T08:46:46.9397860Z x iPhoneOS16.5.sdk/System/Library/Frameworks/UIKit.framework/Headers/UIDocumentProperties.h
2026-06-03T08:46:46.9398490Z x iPhoneOS16.5.sdk/System/Library/Frameworks/UIKit.framework/Headers/UITextInput.h
2026-06-03T08:46:46.9399060Z x iPhoneOS16.5.sdk/System/Library/Frameworks/UIKit.framework/Headers/UITextDragURLPreviews.h
2026-06-03T08:46:46.9399620Z x iPhoneOS16.5.sdk/System/Library/Frameworks/UIKit.framework/Headers/UITabBarItem.h
2026-06-03T08:46:46.9400280Z x iPhoneOS16.5.sdk/System/Library/Frameworks/UIKit.framework/Headers/UIViewControllerTransitionCoordinator.h
2026-06-03T08:46:46.9400840Z x iPhoneOS16.5.sdk/System/Library/Frameworks/UIKit.framework/Headers/UITextInputTraits.h
2026-06-03T08:46:46.9401370Z x iPhoneOS16.5.sdk/System/Library/Frameworks/UIKit.framework/Headers/NSFileProviderExtension.h
2026-06-03T08:46:46.9402060Z x iPhoneOS16.5.sdk/System/Library/Frameworks/UIKit.framework/Headers/UIAction.h
2026-06-03T08:46:46.9402610Z x iPhoneOS16.5.sdk/System/Library/Frameworks/UIKit.framework/Headers/UITextInteraction.h
2026-06-03T08:46:46.9403410Z x iPhoneOS16.5.sdk/System/Library/Frameworks/UIKit.framework/Headers/UITargetedDragPreview.h
2026-06-03T08:46:46.9404200Z x iPhoneOS16.5.sdk/System/Library/Frameworks/UIKit.framework/Headers/UIWindowSceneGeometryPreferencesMac.h
2026-06-03T08:46:46.9405630Z x iPhoneOS16.5.sdk/System/Library/Frameworks/UIKit.framework/Headers/NSTextList.h
2026-06-03T08:46:46.9406160Z x iPhoneOS16.5.sdk/System/Library/Frameworks/UIKit.framework/Headers/UIAccessibilityLocationDescriptor.h
2026-06-03T08:46:46.9406810Z x iPhoneOS16.5.sdk/System/Library/Frameworks/UIKit.framework/Headers/ShareSheet.h
2026-06-03T08:46:46.9407540Z x iPhoneOS16.5.sdk/System/Library/Frameworks/UIKit.framework/Headers/UIStackView.h
2026-06-03T08:46:46.9408160Z x iPhoneOS16.5.sdk/System/Library/Frameworks/UIKit.framework/Headers/UIDataSourceTranslating.h
2026-06-03T08:46:46.9409380Z x iPhoneOS16.5.sdk/System/Library/Frameworks/UIKit.framework/Headers/UINavigationBarAppearance.h
2026-06-03T08:46:46.9409930Z x iPhoneOS16.5.sdk/System/Library/Frameworks/UIKit.framework/Headers/UIGravityBehavior.h
2026-06-03T08:46:46.9410630Z x iPhoneOS16.5.sdk/System/Library/Frameworks/UIKit.framework/Headers/UIApplicationShortcutItem.h
2026-06-03T08:46:46.9411190Z x iPhoneOS16.5.sdk/System/Library/Frameworks/UIKit.framework/Headers/UIListSeparatorConfiguration.h
2026-06-03T08:46:46.9411710Z x iPhoneOS16.5.sdk/System/Library/Frameworks/UIKit.framework/Headers/NSLayoutConstraint.h
2026-06-03T08:46:46.9412210Z x iPhoneOS16.5.sdk/System/Library/Frameworks/UIKit.framework/Headers/UIPointerInteraction.h
2026-06-03T08:46:46.9412940Z x iPhoneOS16.5.sdk/System/Library/Frameworks/UIKit.framework/Headers/UICollectionViewUpdateItem.h
2026-06-03T08:46:46.9413560Z x iPhoneOS16.5.sdk/System/Library/Frameworks/UIKit.framework/Headers/UIDocumentInteractionController.h
2026-06-03T08:46:46.9414120Z x iPhoneOS16.5.sdk/System/Library/Frameworks/UIKit.framework/Headers/UIAccessibilityAdditions.h
2026-06-03T08:46:46.9414810Z x iPhoneOS16.5.sdk/System/Library/Frameworks/UIKit.framework/Headers/UICollectionViewCompositionalLayout.h
2026-06-03T08:46:46.9415480Z x iPhoneOS16.5.sdk/System/Library/Frameworks/UIKit.framework/Headers/UILocalizedIndexedCollation.h
2026-06-03T08:46:46.9416020Z x iPhoneOS16.5.sdk/System/Library/Frameworks/UIKit.framework/Headers/UIPageViewController.h
2026-06-03T08:46:46.9417190Z x iPhoneOS16.5.sdk/System/Library/Frameworks/UIKit.framework/Headers/UIPrinterPickerController.h
2026-06-03T08:46:46.9417710Z x iPhoneOS16.5.sdk/System/Library/Frameworks/UIKit.framework/Headers/UIResponder.h
2026-06-03T08:46:46.9418180Z x iPhoneOS16.5.sdk/System/Library/Frameworks/UIKit.framework/Headers/UIViewAnimating.h
2026-06-03T08:46:46.9418730Z x iPhoneOS16.5.sdk/System/Library/Frameworks/UIKit.framework/Headers/UIBarButtonItemGroup.h
2026-06-03T08:46:46.9419220Z x iPhoneOS16.5.sdk/System/Library/Frameworks/UIKit.framework/Headers/UIProgressView.h
2026-06-03T08:46:46.9419740Z x iPhoneOS16.5.sdk/System/Library/Frameworks/UIKit.framework/Headers/UIDragInteraction.h
2026-06-03T08:46:46.9420240Z x iPhoneOS16.5.sdk/System/Library/Frameworks/UIKit.framework/Headers/UIGraphics.h
2026-06-03T08:46:46.9420750Z x iPhoneOS16.5.sdk/System/Library/Frameworks/UIKit.framework/Headers/NSItemProvider+UIKitAdditions.h
2026-06-03T08:46:46.9421280Z x iPhoneOS16.5.sdk/System/Library/Frameworks/UIKit.framework/Headers/NSTextAttachment.h
2026-06-03T08:46:46.9421800Z x iPhoneOS16.5.sdk/System/Library/Frameworks/UIKit.framework/Headers/DocumentManager.h
2026-06-03T08:46:46.9422320Z x iPhoneOS16.5.sdk/System/Library/Frameworks/UIKit.framework/Headers/UITabBarController.h
2026-06-03T08:46:46.9422860Z x iPhoneOS16.5.sdk/System/Library/Frameworks/UIKit.framework/Headers/UIPopoverSupport.h
2026-06-03T08:46:46.9423390Z x iPhoneOS16.5.sdk/System/Library/Frameworks/UIKit.framework/Headers/NSTextLineFragment.h
2026-06-03T08:46:46.9423950Z x iPhoneOS16.5.sdk/System/Library/Frameworks/UIKit.framework/Headers/UIGestureRecognizerSubclass.h
2026-06-03T08:46:46.9424550Z x iPhoneOS16.5.sdk/System/Library/Frameworks/UIKit.framework/Headers/UICollectionViewFlowLayout.h
2026-06-03T08:46:46.9425050Z x iPhoneOS16.5.sdk/System/Library/Frameworks/UIKit.framework/Headers/NSLayoutManager.h
2026-06-03T08:46:46.9425610Z x iPhoneOS16.5.sdk/System/Library/Frameworks/UIKit.framework/Headers/UIDocumentMenuViewController.h
2026-06-03T08:46:46.9426270Z x iPhoneOS16.5.sdk/System/Library/Frameworks/UIKit.framework/Headers/UIDocumentPickerViewController.h
2026-06-03T08:46:46.9426850Z x iPhoneOS16.5.sdk/System/Library/Frameworks/UIKit.framework/Headers/UITextField.h
2026-06-03T08:46:46.9428520Z x iPhoneOS16.5.sdk/System/Library/Frameworks/UIKit.framework/Headers/UITextDropping.h
2026-06-03T08:46:46.9429380Z x iPhoneOS16.5.sdk/System/Library/Frameworks/UIKit.framework/Headers/UIActivityViewController.h
2026-06-03T08:46:46.9430090Z x iPhoneOS16.5.sdk/System/Library/Frameworks/UIKit.framework/Headers/UICollectionLayoutList.h
2026-06-03T08:46:46.9430710Z x iPhoneOS16.5.sdk/System/Library/Frameworks/UIKit.framework/Headers/UIRotationGestureRecognizer.h
2026-06-03T08:46:46.9431230Z x iPhoneOS16.5.sdk/System/Library/Frameworks/UIKit.framework/Headers/UIAlertController.h
2026-06-03T08:46:46.9431760Z x iPhoneOS16.5.sdk/System/Library/Frameworks/UIKit.framework/Headers/UIViewController.h
2026-06-03T08:46:46.9432240Z x iPhoneOS16.5.sdk/System/Library/Frameworks/UIKit.framework/Headers/UIAccessibilityZoom.h
2026-06-03T08:46:46.9432790Z x iPhoneOS16.5.sdk/System/Library/Frameworks/UIKit.framework/Headers/UIGraphicsPDFRenderer.h
2026-06-03T08:46:46.9433350Z x iPhoneOS16.5.sdk/System/Library/Frameworks/UIKit.framework/Headers/UIHoverGestureRecognizer.h
2026-06-03T08:46:46.9434070Z x iPhoneOS16.5.sdk/System/Library/Frameworks/UIKit.framework/Headers/UIUserNotificationSettings.h
2026-06-03T08:46:46.9434620Z x iPhoneOS16.5.sdk/System/Library/Frameworks/UIKit.framework/Headers/UINavigationItem.h
2026-06-03T08:46:46.9435170Z x iPhoneOS16.5.sdk/System/Library/Frameworks/UIKit.framework/Headers/UIWindowSceneActivationRequestOptions.h
2026-06-03T08:46:46.9435750Z x iPhoneOS16.5.sdk/System/Library/Frameworks/UIKit.framework/Headers/UIDragItem.h
2026-06-03T08:46:46.9436260Z x iPhoneOS16.5.sdk/System/Library/Frameworks/UIKit.framework/Headers/UIEditMenuInteraction.h
2026-06-03T08:46:46.9436780Z x iPhoneOS16.5.sdk/System/Library/Frameworks/UIKit.framework/Headers/UIStepper.h
2026-06-03T08:46:46.9437260Z x iPhoneOS16.5.sdk/System/Library/Frameworks/UIKit.framework/Headers/UIBezierPath.h
2026-06-03T08:46:46.9437810Z x iPhoneOS16.5.sdk/System/Library/Frameworks/UIKit.framework/Headers/UIAccessibilityContainer.h
2026-06-03T08:46:46.9438350Z x iPhoneOS16.5.sdk/System/Library/Frameworks/UIKit.framework/Headers/UIPageControl.h
2026-06-03T08:46:46.9438830Z x iPhoneOS16.5.sdk/System/Library/Frameworks/UIKit.framework/Headers/UIKitCore.h
2026-06-03T08:46:46.9439360Z x iPhoneOS16.5.sdk/System/Library/Frameworks/UIKit.framework/Headers/UIWindowScene.h
2026-06-03T08:46:46.9439920Z x iPhoneOS16.5.sdk/System/Library/Frameworks/UIKit.framework/Headers/UICollectionViewTransitionLayout.h
2026-06-03T08:46:46.9440590Z x iPhoneOS16.5.sdk/System/Library/Frameworks/UIKit.framework/Headers/UIPopoverPresentationControllerSourceItem.h
2026-06-03T08:46:46.9441240Z x iPhoneOS16.5.sdk/System/Library/Frameworks/UIKit.framework/Headers/UILongPressGestureRecognizer.h
2026-06-03T08:46:46.9441830Z x iPhoneOS16.5.sdk/System/Library/Frameworks/UIKit.framework/Headers/UISpringLoadedInteraction.h
2026-06-03T08:46:46.9442380Z x iPhoneOS16.5.sdk/System/Library/Frameworks/UIKit.framework/Headers/UIDragPreview.h
2026-06-03T08:46:46.9442910Z x iPhoneOS16.5.sdk/System/Library/Frameworks/UIKit.framework/Headers/UIViewPropertyAnimator.h
2026-06-03T08:46:46.9443490Z x iPhoneOS16.5.sdk/System/Library/Frameworks/UIKit.framework/Headers/UICellConfigurationState.h
2026-06-03T08:46:46.9444220Z x iPhoneOS16.5.sdk/System/Library/Frameworks/UIKit.framework/Headers/UILayoutGuide.h
2026-06-03T08:46:46.9444870Z x iPhoneOS16.5.sdk/System/Library/Frameworks/UIKit.framework/Headers/NSAttributedString.h
2026-06-03T08:46:46.9445390Z x iPhoneOS16.5.sdk/System/Library/Frameworks/UIKit.framework/Headers/UIConfigurationState.h
2026-06-03T08:46:46.9447350Z x iPhoneOS16.5.sdk/System/Library/Frameworks/UIKit.framework/Headers/UITextItemInteraction.h
2026-06-03T08:46:46.9449100Z x iPhoneOS16.5.sdk/System/Library/Frameworks/UIKit.framework/Headers/UIPanGestureRecognizer.h
2026-06-03T08:46:46.9449780Z x iPhoneOS16.5.sdk/System/Library/Frameworks/UIKit.framework/Headers/UICalendarSelectionSingleDate.h
2026-06-03T08:46:46.9450440Z x iPhoneOS16.5.sdk/System/Library/Frameworks/UIKit.framework/Headers/UIMenuBuilder.h
2026-06-03T08:46:46.9451170Z x iPhoneOS16.5.sdk/System/Library/Frameworks/UIKit.framework/Headers/NSTextLayoutFragment.h
2026-06-03T08:46:46.9451710Z x iPhoneOS16.5.sdk/System/Library/Frameworks/UIKit.framework/Headers/UIAppearance.h
2026-06-03T08:46:46.9452220Z x iPhoneOS16.5.sdk/System/Library/Frameworks/UIKit.framework/Headers/UISceneDefinitions.h
2026-06-03T08:46:46.9452770Z x iPhoneOS16.5.sdk/System/Library/Frameworks/UIKit.framework/Headers/UIPopoverBackgroundView.h
2026-06-03T08:46:46.9453320Z x iPhoneOS16.5.sdk/System/Library/Frameworks/UIKit.framework/Headers/NSTextListElement.h
2026-06-03T08:46:46.9453840Z x iPhoneOS16.5.sdk/System/Library/Frameworks/UIKit.framework/Headers/UIMotionEffect.h
2026-06-03T08:46:46.9454340Z x iPhoneOS16.5.sdk/System/Library/Frameworks/UIKit.framework/Headers/UIPickerView.h
2026-06-03T08:46:46.9454830Z x iPhoneOS16.5.sdk/System/Library/Frameworks/UIKit.framework/Headers/UIDevice.h
2026-06-03T08:46:46.9455320Z x iPhoneOS16.5.sdk/System/Library/Frameworks/UIKit.framework/Headers/UIScrollView.h
2026-06-03T08:46:46.9455990Z x iPhoneOS16.5.sdk/System/Library/Frameworks/UIKit.framework/Headers/UIFoundation.h
2026-06-03T08:46:46.9456650Z x iPhoneOS16.5.sdk/System/Library/Frameworks/UIKit.framework/Headers/UISearchContainerViewController.h
2026-06-03T08:46:46.9458120Z x iPhoneOS16.5.sdk/System/Library/Frameworks/UIKit.framework/Headers/UIFontMetrics.h
2026-06-03T08:46:46.9458650Z x iPhoneOS16.5.sdk/System/Library/Frameworks/UIKit.framework/Headers/UITextPasteDelegate.h
2026-06-03T08:46:46.9460150Z x iPhoneOS16.5.sdk/System/Library/Frameworks/UIKit.framework/Headers/UISceneEnhancedStateRestoration.h
2026-06-03T08:46:46.9460730Z x iPhoneOS16.5.sdk/System/Library/Frameworks/UIKit.framework/Headers/UIGeometry.h
2026-06-03T08:46:46.9461250Z x iPhoneOS16.5.sdk/System/Library/Frameworks/UIKit.framework/Headers/UIFocus.h
2026-06-03T08:46:46.9461790Z x iPhoneOS16.5.sdk/System/Library/Frameworks/UIKit.framework/Headers/UIDragPreviewParameters.h
2026-06-03T08:46:46.9462380Z x iPhoneOS16.5.sdk/System/Library/Frameworks/UIKit.framework/Headers/UIViewConfigurationState.h
2026-06-03T08:46:46.9462940Z x iPhoneOS16.5.sdk/System/Library/Frameworks/UIKit.framework/Headers/UIScene.h
2026-06-03T08:46:46.9463470Z x iPhoneOS16.5.sdk/System/Library/Frameworks/UIKit.framework/Headers/UIMenuElement.h
2026-06-03T08:46:46.9463990Z x iPhoneOS16.5.sdk/System/Library/Frameworks/UIKit.framework/Headers/UISceneSession.h
2026-06-03T08:46:46.9464570Z x iPhoneOS16.5.sdk/System/Library/Frameworks/UIKit.framework/Headers/UIWindowSceneActivationAction.h
2026-06-03T08:46:46.9465210Z x iPhoneOS16.5.sdk/System/Library/Frameworks/UIKit.framework/Headers/UIContentConfiguration.h
2026-06-03T08:46:46.9465910Z x iPhoneOS16.5.sdk/System/Library/Frameworks/UIKit.framework/Headers/UIRegion.h
2026-06-03T08:46:46.9466460Z x iPhoneOS16.5.sdk/System/Library/Frameworks/UIKit.framework/Headers/UIPopoverPresentationController.h
2026-06-03T08:46:46.9467050Z x iPhoneOS16.5.sdk/System/Library/Frameworks/UIKit.framework/Headers/UIDynamicItemBehavior.h
2026-06-03T08:46:46.9467670Z x iPhoneOS16.5.sdk/System/Library/Frameworks/UIKit.framework/Headers/UIActivityItemsConfigurationReading.h
2026-06-03T08:46:46.9468240Z x iPhoneOS16.5.sdk/System/Library/Frameworks/UIKit.framework/Headers/UIToolbar.h
2026-06-03T08:46:46.9468750Z x iPhoneOS16.5.sdk/System/Library/Frameworks/UIKit.framework/Headers/NSTextElement.h
2026-06-03T08:46:46.9469270Z x iPhoneOS16.5.sdk/System/Library/Frameworks/UIKit.framework/Headers/UIFontDescriptor.h
2026-06-03T08:46:46.9469820Z x iPhoneOS16.5.sdk/System/Library/Frameworks/UIKit.framework/Headers/UITrackingLayoutGuide.h
2026-06-03T08:46:46.9470410Z x iPhoneOS16.5.sdk/System/Library/Frameworks/UIKit.framework/Headers/NSToolbar+UIKitAdditions.h
2026-06-03T08:46:46.9470670Z x iPhoneOS16.5.sdk/System/Library/Frameworks/UIKit.framework/Headers/UIActivityIndicatorView.h
2026-06-03T08:46:46.9470940Z x iPhoneOS16.5.sdk/System/Library/Frameworks/UIKit.framework/Headers/UISplitViewController.h
2026-06-03T08:46:46.9471230Z x iPhoneOS16.5.sdk/System/Library/Frameworks/UIKit.framework/Headers/UIPresentationController.h
2026-06-03T08:46:46.9471710Z x iPhoneOS16.5.sdk/System/Library/Frameworks/UIKit.framework/Headers/UIFindSession.h
2026-06-03T08:46:46.9472040Z x iPhoneOS16.5.sdk/System/Library/Frameworks/UIKit.framework/Headers/UIFontPickerViewController.h
2026-06-03T08:46:46.9472270Z x iPhoneOS16.5.sdk/System/Library/Frameworks/UIKit.framework/Headers/UIDatePicker.h
2026-06-03T08:46:46.9472510Z x iPhoneOS16.5.sdk/System/Library/Frameworks/UIKit.framework/Headers/UIPrintPaper.h
2026-06-03T08:46:46.9472690Z x iPhoneOS16.5.sdk/System/Library/Frameworks/UIKit.framework/Headers/UIBarItem.h
2026-06-03T08:46:46.9472880Z x iPhoneOS16.5.sdk/System/Library/Frameworks/UIKit.framework/Headers/UIPointerStyle.h
2026-06-03T08:46:46.9473650Z x iPhoneOS16.5.sdk/System/Library/Frameworks/UIKit.framework/Headers/UITouch.h
2026-06-03T08:46:46.9473960Z x iPhoneOS16.5.sdk/System/Library/Frameworks/UIKit.framework/Headers/UIPushBehavior.h
2026-06-03T08:46:46.9474520Z x iPhoneOS16.5.sdk/System/Library/Frameworks/UIKit.framework/Headers/UINavigationBar.h
2026-06-03T08:46:46.9474830Z x iPhoneOS16.5.sdk/System/Library/Frameworks/UIKit.framework/Headers/UIDropInteraction.h
2026-06-03T08:46:46.9475140Z x iPhoneOS16.5.sdk/System/Library/Frameworks/UIKit.framework/Headers/NSTextViewportLayoutController.h
2026-06-03T08:46:46.9575960Z x iPhoneOS16.5.sdk/System/Library/Frameworks/UIKit.framework/Headers/NSText.h
2026-06-03T08:46:46.9657950Z x iPhoneOS16.5.sdk/System/Library/Frameworks/UIKit.framework/Headers/PrintKitUI.h
2026-06-03T08:46:46.9658660Z x iPhoneOS16.5.sdk/System/Library/Frameworks/UIKit.framework/Headers/UICalendarView.h
2026-06-03T08:46:46.9661780Z x iPhoneOS16.5.sdk/System/Library/Frameworks/UIKit.framework/Headers/UITextDragPreviewRenderer.h
2026-06-03T08:46:46.9662180Z x iPhoneOS16.5.sdk/System/Library/Frameworks/UIKit.framework/Headers/UITextSearching.h
2026-06-03T08:46:46.9662740Z x iPhoneOS16.5.sdk/System/Library/Frameworks/UIKit.framework/Headers/UISearchDisplayController.h
2026-06-03T08:46:46.9663200Z x iPhoneOS16.5.sdk/System/Library/Frameworks/UIKit.framework/Headers/UIVisualEffect.h
2026-06-03T08:46:46.9663840Z x iPhoneOS16.5.sdk/System/Library/Frameworks/UIKit.framework/Headers/UIStringDrawing.h
2026-06-03T08:46:46.9664280Z x iPhoneOS16.5.sdk/System/Library/Frameworks/UIKit.framework/Headers/UICollectionViewCell.h
2026-06-03T08:46:46.9664620Z x iPhoneOS16.5.sdk/System/Library/Frameworks/UIKit.framework/Headers/UIKit.h
2026-06-03T08:46:46.9665220Z x iPhoneOS16.5.sdk/System/Library/Frameworks/UIKit.framework/Headers/UIVisualEffectView.h
2026-06-03T08:46:46.9666230Z x iPhoneOS16.5.sdk/System/Library/Frameworks/UIKit.framework/Headers/UIImageConfiguration.h
2026-06-03T08:46:46.9666520Z x iPhoneOS16.5.sdk/System/Library/Frameworks/UIKit.framework/Headers/UIPencilInteraction.h
2026-06-03T08:46:46.9666850Z x iPhoneOS16.5.sdk/System/Library/Frameworks/UIKit.framework/Headers/UISceneOptions.h
2026-06-03T08:46:46.9667230Z x iPhoneOS16.5.sdk/System/Library/Frameworks/UIKit.framework/Headers/UIUserActivity.h
2026-06-03T08:46:46.9667690Z x iPhoneOS16.5.sdk/System/Library/Frameworks/UIKit.framework/Headers/UIImpactFeedbackGenerator.h
2026-06-03T08:46:46.9668260Z x iPhoneOS16.5.sdk/System/Library/Frameworks/UIKit.framework/Headers/UIBlurEffect.h
2026-06-03T08:46:46.9668670Z x iPhoneOS16.5.sdk/System/Library/Frameworks/UIKit.framework/Headers/UITextChecker.h
2026-06-03T08:46:46.9669050Z x iPhoneOS16.5.sdk/System/Library/Frameworks/UIKit.framework/Headers/NSDataAsset.h
2026-06-03T08:46:46.9669440Z x iPhoneOS16.5.sdk/System/Library/Frameworks/UIKit.framework/Headers/UIFocusMovementHint.h
2026-06-03T08:46:46.9669880Z x iPhoneOS16.5.sdk/System/Library/Frameworks/UIKit.framework/Headers/UISelectionFeedbackGenerator.h
2026-06-03T08:46:46.9670250Z x iPhoneOS16.5.sdk/System/Library/Frameworks/UIKit.framework/Headers/UIPrintFormatter.h
2026-06-03T08:46:46.9670610Z x iPhoneOS16.5.sdk/System/Library/Frameworks/UIKit.framework/Headers/UILexicon.h
2026-06-03T08:46:46.9670990Z x iPhoneOS16.5.sdk/System/Library/Frameworks/UIKit.framework/Headers/UIBarButtonItem.h
2026-06-03T08:46:46.9671790Z x iPhoneOS16.5.sdk/System/Library/Frameworks/UIKit.framework/Headers/UIAccessibilityContentSizeCategoryImageAdjusting.h
2026-06-03T08:46:46.9672180Z x iPhoneOS16.5.sdk/System/Library/Frameworks/UIKit.framework/Headers/UIAlert.h
2026-06-03T08:46:46.9672600Z x iPhoneOS16.5.sdk/System/Library/Frameworks/UIKit.framework/Headers/UIAccessibilityCustomRotor.h
2026-06-03T08:46:46.9673020Z x iPhoneOS16.5.sdk/System/Library/Frameworks/UIKit.framework/Headers/UIAccessibilityConstants.h
2026-06-03T08:46:46.9673420Z x iPhoneOS16.5.sdk/System/Library/Frameworks/UIKit.framework/Headers/UIAttachmentBehavior.h
2026-06-03T08:46:46.9673880Z x iPhoneOS16.5.sdk/System/Library/Frameworks/UIKit.framework/Headers/UIPasteConfigurationSupporting.h
2026-06-03T08:46:46.9674250Z x iPhoneOS16.5.sdk/System/Library/Frameworks/UIKit.framework/Headers/UIStatusBarManager.h
2026-06-03T08:46:46.9675240Z x iPhoneOS16.5.sdk/System/Library/Frameworks/UIKit.framework/Headers/UISwipeActionsConfiguration.h
2026-06-03T08:46:46.9675840Z x iPhoneOS16.5.sdk/System/Library/Frameworks/UIKit.framework/Headers/UIMenu.h
2026-06-03T08:46:46.9676240Z x iPhoneOS16.5.sdk/System/Library/Frameworks/UIKit.framework/Headers/UIWindowSceneGeometry.h
2026-06-03T08:46:46.9676660Z x iPhoneOS16.5.sdk/System/Library/Frameworks/UIKit.framework/Headers/UITapGestureRecognizer.h
2026-06-03T08:46:46.9678020Z x iPhoneOS16.5.sdk/System/Library/Frameworks/UIKit.framework/Headers/NSTextRange.h
2026-06-03T08:46:46.9678340Z x iPhoneOS16.5.sdk/System/Library/Frameworks/UIKit.framework/Headers/UIPinchGestureRecognizer.h
2026-06-03T08:46:46.9678580Z x iPhoneOS16.5.sdk/System/Library/Frameworks/UIKit.framework/Headers/UIMenuSystem.h
2026-06-03T08:46:46.9678960Z x iPhoneOS16.5.sdk/System/Library/Frameworks/UIKit.framework/Headers/UIScreenshotService.h
2026-06-03T08:46:46.9679370Z x iPhoneOS16.5.sdk/System/Library/Frameworks/UIKit.framework/Headers/UIFeedbackGenerator.h
2026-06-03T08:46:46.9679790Z x iPhoneOS16.5.sdk/System/Library/Frameworks/UIKit.framework/Headers/UICollectionViewLayout.h
2026-06-03T08:46:46.9680240Z x iPhoneOS16.5.sdk/System/Library/Frameworks/UIKit.framework/Headers/UIConfigurationColorTransformer.h
2026-06-03T08:46:46.9680670Z x iPhoneOS16.5.sdk/System/Library/Frameworks/UIKit.framework/Headers/UIEventAttributionView.h
2026-06-03T08:46:46.9682430Z x iPhoneOS16.5.sdk/System/Library/Frameworks/UIKit.framework/Headers/UIPrintError.h
2026-06-03T08:46:46.9682770Z x iPhoneOS16.5.sdk/System/Library/Frameworks/UIKit.framework/Headers/UIBackgroundConfiguration.h
2026-06-03T08:46:46.9683010Z x iPhoneOS16.5.sdk/System/Library/Frameworks/UIKit.framework/Headers/UIOpenURLContext.h
2026-06-03T08:46:46.9683570Z x iPhoneOS16.5.sdk/System/Library/Frameworks/UIKit.framework/Headers/UIDocumentBrowserViewController.h
2026-06-03T08:46:46.9684040Z x iPhoneOS16.5.sdk/System/Library/Frameworks/UIKit.framework/Headers/UIDocumentPickerExtensionViewController.h
2026-06-03T08:46:46.9684320Z x iPhoneOS16.5.sdk/System/Library/Frameworks/UIKit.framework/Headers/NSLayoutAnchor.h
2026-06-03T08:46:46.9684720Z x iPhoneOS16.5.sdk/System/Library/Frameworks/UIKit.framework/Headers/UIButtonConfiguration.h
2026-06-03T08:46:46.9685070Z x iPhoneOS16.5.sdk/System/Library/Frameworks/UIKit.framework/Headers/UIColorWell.h
2026-06-03T08:46:46.9685440Z x iPhoneOS16.5.sdk/System/Library/Frameworks/UIKit.framework/Headers/UIPointerRegion.h
2026-06-03T08:46:46.9685820Z x iPhoneOS16.5.sdk/System/Library/Frameworks/UIKit.framework/Headers/UIImageAsset.h
2026-06-03T08:46:46.9686180Z x iPhoneOS16.5.sdk/System/Library/Frameworks/UIKit.framework/Headers/UIMenuLeaf.h
2026-06-03T08:46:46.9686580Z x iPhoneOS16.5.sdk/System/Library/Frameworks/UIKit.framework/Headers/UIPreviewInteraction.h
2026-06-03T08:46:46.9686970Z x iPhoneOS16.5.sdk/System/Library/Frameworks/UIKit.framework/Headers/UITargetedPreview.h
2026-06-03T08:46:46.9687390Z x iPhoneOS16.5.sdk/System/Library/Frameworks/UIKit.framework/Headers/NSTextSelectionNavigation.h
2026-06-03T08:46:46.9687750Z x iPhoneOS16.5.sdk/System/Library/Frameworks/UIKit.framework/Headers/UIKitDefines.h
2026-06-03T08:46:46.9688340Z x iPhoneOS16.5.sdk/System/Library/Frameworks/UIKit.framework/Headers/UIWindowSceneGeometryPreferencesIOS.h
2026-06-03T08:46:46.9688870Z x iPhoneOS16.5.sdk/System/Library/Frameworks/UIKit.framework/Headers/UIFocusDebugger.h
2026-06-03T08:46:46.9689250Z x iPhoneOS16.5.sdk/System/Library/Frameworks/UIKit.framework/Headers/UIPreviewParameters.h
2026-06-03T08:46:46.9690580Z x iPhoneOS16.5.sdk/System/Library/Frameworks/UIKit.framework/Headers/UIColorPickerViewController.h
2026-06-03T08:46:46.9692120Z x iPhoneOS16.5.sdk/System/Library/Frameworks/UIKit.framework/Headers/UIDeferredMenuElement.h
2026-06-03T08:46:46.9693150Z x iPhoneOS16.5.sdk/System/Library/Frameworks/UIKit.framework/Headers/UILocalNotification.h
2026-06-03T08:46:46.9694060Z x iPhoneOS16.5.sdk/System/Library/Frameworks/UIKit.framework/Headers/UIStoryboard.h
2026-06-03T08:46:46.9695490Z x iPhoneOS16.5.sdk/System/Library/Frameworks/UIKit.framework/Headers/NSStringDrawing.h
2026-06-03T08:46:46.9696420Z x iPhoneOS16.5.sdk/System/Library/Frameworks/UIKit.framework/Headers/UIRefreshControl.h
2026-06-03T08:46:46.9697200Z x iPhoneOS16.5.sdk/System/Library/Frameworks/UIKit.framework/Headers/UINib.h
2026-06-03T08:46:46.9698220Z x iPhoneOS16.5.sdk/System/Library/Frameworks/UIKit.framework/Headers/UICollectionViewListCell.h
2026-06-03T08:46:46.9699240Z x iPhoneOS16.5.sdk/System/Library/Frameworks/UIKit.framework/Headers/UINavigationController.h
2026-06-03T08:46:46.9700170Z x iPhoneOS16.5.sdk/System/Library/Frameworks/UIKit.framework/Headers/UIAlertView.h
2026-06-03T08:46:46.9701110Z x iPhoneOS16.5.sdk/System/Library/Frameworks/UIKit.framework/Headers/UIWindowSceneActivationInteraction.h
2026-06-03T08:46:46.9702130Z x iPhoneOS16.5.sdk/System/Library/Frameworks/UIKit.framework/Headers/NSDiffableDataSourceSectionSnapshot.h
2026-06-03T08:46:46.9703340Z x iPhoneOS16.5.sdk/System/Library/Frameworks/UIKit.framework/Headers/UIScreenEdgePanGestureRecognizer.h
2026-06-03T08:46:46.9704370Z x iPhoneOS16.5.sdk/System/Library/Frameworks/UIKit.framework/Headers/UIFocusEffect.h
2026-06-03T08:46:46.9705240Z x iPhoneOS16.5.sdk/System/Library/Frameworks/UIKit.framework/Headers/UIAccelerometer.h
2026-06-03T08:46:46.9705640Z x iPhoneOS16.5.sdk/System/Library/Frameworks/UIKit.framework/Headers/UIWindowSceneGeometryPreferences.h
2026-06-03T08:46:46.9706130Z x iPhoneOS16.5.sdk/System/Library/Frameworks/UIKit.framework/Headers/UIContentSizeCategoryAdjusting.h
2026-06-03T08:46:46.9706550Z x iPhoneOS16.5.sdk/System/Library/Frameworks/UIKit.framework/Headers/UIPrintInteractionController.h
2026-06-03T08:46:46.9706890Z x iPhoneOS16.5.sdk/System/Library/Frameworks/UIKit.framework/Headers/UIReferenceLibraryViewController.h
2026-06-03T08:46:46.9707180Z x iPhoneOS16.5.sdk/System/Library/Frameworks/UIKit.framework/Headers/UIGraphicsImageRenderer.h
2026-06-03T08:46:46.9707450Z x iPhoneOS16.5.sdk/System/Library/Frameworks/UIKit.framework/Headers/UIPointerLockState.h
2026-06-03T08:46:46.9707730Z x iPhoneOS16.5.sdk/System/Library/Frameworks/UIKit.framework/Headers/UITableViewController.h
2026-06-03T08:46:46.9707980Z x iPhoneOS16.5.sdk/System/Library/Frameworks/UIKit.framework/Headers/UIBandSelectionInteraction.h
2026-06-03T08:46:46.9708170Z x iPhoneOS16.5.sdk/System/Library/Frameworks/UIKit.framework/Headers/UITabBar.h
2026-06-03T08:46:46.9708490Z x iPhoneOS16.5.sdk/System/Library/Frameworks/UIKit.framework/Headers/UIGuidedAccessRestrictions.h
2026-06-03T08:46:46.9708810Z x iPhoneOS16.5.sdk/System/Library/Frameworks/UIKit.framework/Headers/NSTouchBar+UIKitAdditions.h
2026-06-03T08:46:46.9709190Z x iPhoneOS16.5.sdk/System/Library/Frameworks/UIKit.framework/Headers/UICellAccessory.h
2026-06-03T08:46:46.9711050Z x iPhoneOS16.5.sdk/System/Library/Frameworks/UIKit.framework/Headers/UIViewControllerTransitioning.h
2026-06-03T08:46:46.9711470Z x iPhoneOS16.5.sdk/System/Library/Frameworks/UIKit.framework/Headers/UIVideoEditorController.h
2026-06-03T08:46:46.9711920Z x iPhoneOS16.5.sdk/System/Library/Frameworks/UIKit.framework/Headers/NSUserActivity+NSItemProvider.h
2026-06-03T08:46:46.9712680Z x iPhoneOS16.5.sdk/System/Library/Frameworks/UIKit.framework/Headers/UIContentSizeCategory.h
2026-06-03T08:46:46.9712950Z x iPhoneOS16.5.sdk/System/Library/Frameworks/UIKit.framework/Headers/UIPrintServiceExtension.h
2026-06-03T08:46:46.9713170Z x iPhoneOS16.5.sdk/System/Library/Frameworks/UIKit.framework/Headers/UIBarAppearance.h
2026-06-03T08:46:46.9713360Z x iPhoneOS16.5.sdk/System/Library/Frameworks/UIKit.framework/Headers/UIDocument.h
2026-06-03T08:46:46.9713530Z x iPhoneOS16.5.sdk/System/Library/Frameworks/UIKit.framework/Headers/UISwitch.h
2026-06-03T08:46:46.9713790Z x iPhoneOS16.5.sdk/System/Library/Frameworks/UIKit.framework/Headers/UICalendarViewDecoration.h
2026-06-03T08:46:46.9714080Z x iPhoneOS16.5.sdk/System/Library/Frameworks/UIKit.framework/Headers/UIPasteConfiguration.h
2026-06-03T08:46:46.9714360Z x iPhoneOS16.5.sdk/System/Library/Frameworks/UIKit.framework/Headers/UISearchController.h
2026-06-03T08:46:46.9714850Z x iPhoneOS16.5.sdk/System/Library/Frameworks/UIKit.framework/Headers/NSTextStorage.h
2026-06-03T08:46:46.9715080Z x iPhoneOS16.5.sdk/System/Library/Frameworks/UIKit.framework/Headers/UIImage.h
2026-06-03T08:46:46.9715390Z x iPhoneOS16.5.sdk/System/Library/Frameworks/UIKit.framework/Headers/UIResponder+UIActivityItemsConfiguration.h
2026-06-03T08:46:46.9715760Z x iPhoneOS16.5.sdk/System/Library/Frameworks/UIKit.framework/Headers/UIPointerAccessory.h
2026-06-03T08:46:46.9716140Z x iPhoneOS16.5.sdk/System/Library/Frameworks/UIKit.framework/Headers/UIDataDetectors.h
2026-06-03T08:46:46.9716610Z x iPhoneOS16.5.sdk/System/Library/Frameworks/UIKit.framework/Headers/UIFindInteraction.h
2026-06-03T08:46:46.9716950Z x iPhoneOS16.5.sdk/System/Library/Frameworks/UIKit.framework/Headers/UIFont.h
2026-06-03T08:46:46.9717380Z x iPhoneOS16.5.sdk/System/Library/Frameworks/UIKit.framework/Headers/UISheetPresentationController.h
2026-06-03T08:46:46.9717810Z x iPhoneOS16.5.sdk/System/Library/Frameworks/UIKit.framework/Headers/UICloudSharingController.h
2026-06-03T08:46:46.9718190Z x iPhoneOS16.5.sdk/System/Library/Frameworks/UIKit.framework/Headers/UIInterface.h
2026-06-03T08:46:46.9718570Z x iPhoneOS16.5.sdk/System/Library/Frameworks/UIKit.framework/Headers/UIImagePickerController.h
2026-06-03T08:46:46.9718870Z x iPhoneOS16.5.sdk/System/Library/Frameworks/UIKit.framework/Headers/UIBehavioralStyle.h
2026-06-03T08:46:46.9719220Z x iPhoneOS16.5.sdk/System/Library/Frameworks/UIKit.framework/Headers/UIEvent.h
2026-06-03T08:46:46.9719630Z x iPhoneOS16.5.sdk/System/Library/Frameworks/UIKit.framework/Headers/UITimingParameters.h
2026-06-03T08:46:46.9720060Z x iPhoneOS16.5.sdk/System/Library/Frameworks/UIKit.framework/Headers/UIPrintPageRenderer.h
2026-06-03T08:46:46.9720420Z x iPhoneOS16.5.sdk/System/Library/Frameworks/UIKit.framework/Headers/UIView.h
2026-06-03T08:46:46.9720830Z x iPhoneOS16.5.sdk/System/Library/Frameworks/UIKit.framework/Headers/UIStoryboardSegue.h
2026-06-03T08:46:46.9721240Z x iPhoneOS16.5.sdk/System/Library/Frameworks/UIKit.framework/Headers/UITabBarAppearance.h
2026-06-03T08:46:46.9721710Z x iPhoneOS16.5.sdk/System/Library/Frameworks/UIKit.framework/Headers/UISceneWindowingBehaviors.h
2026-06-03T08:46:46.9722100Z x iPhoneOS16.5.sdk/System/Library/Frameworks/UIKit.framework/Headers/UITextView.h
2026-06-03T08:46:46.9722580Z x iPhoneOS16.5.sdk/System/Library/Frameworks/UIKit.framework/Headers/UIIndirectScribbleInteraction.h
2026-06-03T08:46:46.9722920Z x iPhoneOS16.5.sdk/System/Library/Frameworks/UIKit.framework/Headers/UISwipeGestureRecognizer.h
2026-06-03T08:46:46.9723210Z x iPhoneOS16.5.sdk/System/Library/Frameworks/UIKit.framework/Headers/UIActivityItemsConfiguration.h
2026-06-03T08:46:46.9723760Z x iPhoneOS16.5.sdk/System/Library/Frameworks/UIKit.framework/Headers/UIStoryboardPopoverSegue.h
2026-06-03T08:46:46.9724260Z x iPhoneOS16.5.sdk/System/Library/Frameworks/UIKit.framework/Headers/UITableViewCell.h
2026-06-03T08:46:46.9724910Z x iPhoneOS16.5.sdk/System/Library/Frameworks/UIKit.framework/Headers/UIApplication.h
2026-06-03T08:46:46.9725460Z x iPhoneOS16.5.sdk/System/Library/Frameworks/UIKit.framework/Headers/UIAccessibility.h
2026-06-03T08:46:46.9725750Z x iPhoneOS16.5.sdk/System/Library/Frameworks/UIKit.framework/Headers/UIVibrancyEffect.h
2026-06-03T08:46:46.9737570Z x iPhoneOS16.5.sdk/System/Library/Frameworks/UIKit.framework/Headers/UIScribbleInteraction.h
2026-06-03T08:46:46.9737890Z x iPhoneOS16.5.sdk/System/Library/Frameworks/UIKit.framework/Headers/UIGuidedAccess.h
2026-06-03T08:46:46.9738410Z x iPhoneOS16.5.sdk/System/Library/Frameworks/UIKit.framework/Headers/UICollectionViewItemRegistration.h
2026-06-03T08:46:46.9738860Z x iPhoneOS16.5.sdk/System/Library/Frameworks/UIKit.framework/Headers/UIDiffableDataSource.h
2026-06-03T08:46:46.9739320Z x iPhoneOS16.5.sdk/System/Library/Frameworks/UIKit.framework/Headers/UIListContentConfiguration.h
2026-06-03T08:46:46.9739730Z x iPhoneOS16.5.sdk/System/Library/Frameworks/UIKit.framework/Headers/UISearchBar.h
2026-06-03T08:46:46.9740430Z x iPhoneOS16.5.sdk/System/Library/Frameworks/UIKit.framework/Headers/UIDragSession.h
2026-06-03T08:46:46.9740870Z x iPhoneOS16.5.sdk/System/Library/Frameworks/UIKit.framework/Headers/UIPopoverController.h
2026-06-03T08:46:46.9741270Z x iPhoneOS16.5.sdk/System/Library/Frameworks/UIKit.framework/Headers/UIPress.h
2026-06-03T08:46:46.9741760Z x iPhoneOS16.5.sdk/System/Library/Frameworks/UIKit.framework/Headers/UIListContentImageProperties.h
2026-06-03T08:46:46.9742170Z x iPhoneOS16.5.sdk/System/Library/Frameworks/UIKit.framework/Headers/UIDynamicBehavior.h
2026-06-03T08:46:46.9742570Z x iPhoneOS16.5.sdk/System/Library/Frameworks/UIKit.framework/Headers/UIFocusSystem.h
2026-06-03T08:46:46.9743040Z x iPhoneOS16.5.sdk/System/Library/Frameworks/UIKit.framework/Headers/UISceneActivationConditions.h
2026-06-03T08:46:46.9743480Z x iPhoneOS16.5.sdk/System/Library/Frameworks/UIKit.framework/Headers/UIStateRestoration.h
2026-06-03T08:46:46.9743880Z x iPhoneOS16.5.sdk/System/Library/Frameworks/UIKit.framework/Headers/UIScreen.h
2026-06-03T08:46:46.9744300Z x iPhoneOS16.5.sdk/System/Library/Frameworks/UIKit.framework/Headers/NSTextSelection.h
2026-06-03T08:46:46.9744720Z x iPhoneOS16.5.sdk/System/Library/Frameworks/UIKit.framework/Headers/UIPrinter.h
2026-06-03T08:46:46.9745130Z x iPhoneOS16.5.sdk/System/Library/Frameworks/UIKit.framework/Headers/UIBarCommon.h
2026-06-03T08:46:46.9745550Z x iPhoneOS16.5.sdk/System/Library/Frameworks/UIKit.framework/Headers/UIManagedDocument.h
2026-06-03T08:46:46.9745940Z x iPhoneOS16.5.sdk/System/Library/Frameworks/UIKit.framework/Headers/UIButton.h
2026-06-03T08:46:46.9746300Z x iPhoneOS16.5.sdk/System/Library/Frameworks/UIKit.framework/Headers/UIKey.h
2026-06-03T08:46:46.9746920Z x iPhoneOS16.5.sdk/System/Library/Frameworks/UIKit.framework/Headers/UICollisionBehavior.h
2026-06-03T08:46:46.9747410Z x iPhoneOS16.5.sdk/System/Library/Frameworks/UIKit.framework/Headers/UIAccessibilityElement.h
2026-06-03T08:46:46.9747850Z x iPhoneOS16.5.sdk/System/Library/Frameworks/UIKit.framework/Headers/UIScreenMode.h
2026-06-03T08:46:46.9748330Z x iPhoneOS16.5.sdk/System/Library/Frameworks/UIKit.framework/Headers/UINotificationFeedbackGenerator.h
2026-06-03T08:46:46.9748740Z x iPhoneOS16.5.sdk/System/Library/Frameworks/UIKit.framework/Headers/UIPasteControl.h
2026-06-03T08:46:46.9750480Z x iPhoneOS16.5.sdk/System/Library/Frameworks/UIKit.framework/Headers/UITextDragging.h
2026-06-03T08:46:46.9751520Z x iPhoneOS16.5.sdk/System/Library/Frameworks/UIKit.framework/Headers/UIGraphicsRenderer.h
2026-06-03T08:46:46.9751790Z x iPhoneOS16.5.sdk/System/Library/Frameworks/UIKit.framework/Headers/UIPressesEvent.h
2026-06-03T08:46:46.9752040Z x iPhoneOS16.5.sdk/System/Library/Frameworks/UIKit.framework/Headers/UISegmentedControl.h
2026-06-03T08:46:46.9752360Z x iPhoneOS16.5.sdk/System/Library/Frameworks/UIKit.framework/Headers/UITextFormattingCoordinator.h
2026-06-03T08:46:46.9752770Z x iPhoneOS16.5.sdk/System/Library/Frameworks/UIKit.framework/Headers/UITextDropProposal.h
2026-06-03T08:46:46.9758350Z x iPhoneOS16.5.sdk/System/Library/Frameworks/UIKit.framework/Headers/UICalendarSelectionMultiDate.h
2026-06-03T08:46:46.9759610Z x iPhoneOS16.5.sdk/System/Library/Frameworks/UIKit.framework/Headers/UIGraphicsRendererSubclass.h
2026-06-03T08:46:46.9760820Z x iPhoneOS16.5.sdk/System/Library/Frameworks/UIKit.framework/Headers/UIFocusGuide.h
2026-06-03T08:46:46.9761060Z x iPhoneOS16.5.sdk/System/Library/Frameworks/UIKit.framework/Headers/UITimingCurveProvider.h
2026-06-03T08:46:46.9761330Z x iPhoneOS16.5.sdk/System/Library/Frameworks/UIKit.framework/Headers/NSTextContainer.h
2026-06-03T08:46:46.9761570Z x iPhoneOS16.5.sdk/System/Library/Frameworks/UIKit.framework/Headers/UIActionSheet.h
2026-06-03T08:46:46.9761850Z x iPhoneOS16.5.sdk/System/Library/Frameworks/UIKit.framework/Headers/UIContextMenuInteraction.h
2026-06-03T08:46:46.9762110Z x iPhoneOS16.5.sdk/System/Library/Frameworks/UIKit.framework/Headers/UITextInputContext.h
2026-06-03T08:46:46.9762300Z x iPhoneOS16.5.sdk/System/Library/Frameworks/UIKit.framework/Headers/UIInteraction.h
2026-06-03T08:46:46.9762810Z x iPhoneOS16.5.sdk/System/Library/Frameworks/UIKit.framework/Headers/NSTextContentManager.h
2026-06-03T08:46:46.9763070Z x iPhoneOS16.5.sdk/System/Library/Frameworks/UIKit.framework/Headers/UITraitCollection.h
2026-06-03T08:46:46.9763340Z x iPhoneOS16.5.sdk/System/Library/Frameworks/UIKit.framework/Headers/UINibLoading.h
2026-06-03T08:46:46.9784400Z x iPhoneOS16.5.sdk/System/Library/Frameworks/UIKit.framework/Headers/UNNotificationResponse+UIKitAdditions.h
2026-06-03T08:46:46.9785380Z x iPhoneOS16.5.sdk/System/Library/Frameworks/UIKit.framework/Headers/UISpringLoadedInteractionSupporting.h
2026-06-03T08:46:46.9841130Z x iPhoneOS16.5.sdk/System/Library/Frameworks/UIKit.framework/Headers/UIInputViewController.h
2026-06-03T08:46:46.9841570Z x iPhoneOS16.5.sdk/System/Library/Frameworks/UIKit.framework/Headers/NSTextLayoutManager.h
2026-06-03T08:46:46.9841860Z x iPhoneOS16.5.sdk/System/Library/Frameworks/UIKit.framework/Headers/UIAccessibilityCustomAction.h
2026-06-03T08:46:46.9842150Z x iPhoneOS16.5.sdk/System/Library/Frameworks/UIKit.framework/Headers/UISearchSuggestion.h
2026-06-03T08:46:46.9858360Z x iPhoneOS16.5.sdk/System/Library/Frameworks/UIKit.framework/Headers/UIWindowSceneActivationConfiguration.h
2026-06-03T08:46:46.9858680Z x iPhoneOS16.5.sdk/System/Library/Frameworks/UIKit.framework/Headers/UIDocumentBrowserAction.h
2026-06-03T08:46:46.9858970Z x iPhoneOS16.5.sdk/System/Library/Frameworks/UIKit.framework/Headers/UIEventAttribution.h
2026-06-03T08:46:46.9859530Z x iPhoneOS16.5.sdk/System/Library/Frameworks/UIKit.framework/Headers/UISnapBehavior.h
2026-06-03T08:46:46.9859860Z x iPhoneOS16.5.sdk/System/Library/Frameworks/UIKit.framework/Headers/UITableView.h
2026-06-03T08:46:46.9860100Z x iPhoneOS16.5.sdk/System/Library/Frameworks/UIKit.framework/Headers/UISlider.h
2026-06-03T08:46:46.9860360Z x iPhoneOS16.5.sdk/System/Library/Frameworks/UIKit.framework/Headers/UIGestureRecognizer.h
2026-06-03T08:46:46.9860700Z x iPhoneOS16.5.sdk/System/Library/Frameworks/UIKit.framework/Headers/UIListContentTextProperties.h
2026-06-03T08:46:46.9929420Z x iPhoneOS16.5.sdk/System/Library/Frameworks/UIKit.framework/Headers/NSIndexPath+UIKitAdditions.h
2026-06-03T08:46:46.9929730Z x iPhoneOS16.5.sdk/System/Library/Frameworks/UIKit.framework/Headers/UIPasteboard.h
2026-06-03T08:46:46.9929990Z x iPhoneOS16.5.sdk/System/Library/Frameworks/UIKit.framework/Headers/UIWebView.h
2026-06-03T08:46:46.9930330Z x iPhoneOS16.5.sdk/System/Library/Frameworks/UIKit.framework/Headers/UIAccessibilityIdentification.h
2026-06-03T08:46:46.9930570Z x iPhoneOS16.5.sdk/System/Library/Frameworks/UIKit.framework/Headers/UIActivity.h
2026-06-03T08:46:46.9930810Z x iPhoneOS16.5.sdk/System/Library/Frameworks/UIKit.framework/Headers/UIKeyConstants.h
2026-06-03T08:46:46.9931060Z x iPhoneOS16.5.sdk/System/Library/Frameworks/UIKit.framework/Headers/UICalendarSelection.h
2026-06-03T08:46:46.9931300Z x iPhoneOS16.5.sdk/System/Library/Frameworks/UIKit.framework/Headers/UIFieldBehavior.h
2026-06-03T08:46:46.9931530Z x iPhoneOS16.5.sdk/System/Library/Frameworks/UIKit.framework/Headers/UILabel.h
2026-06-03T08:46:46.9932310Z x iPhoneOS16.5.sdk/System/Library/Frameworks/UIKit.framework/Headers/UISearchTextField.h
2026-06-03T08:46:47.0052940Z x iPhoneOS16.5.sdk/System/Library/Frameworks/UIKit.framework/Headers/UIImageView.h
2026-06-03T08:46:47.0053700Z x iPhoneOS16.5.sdk/System/Library/Frameworks/UIKit.framework/Headers/UICommand.h
2026-06-03T08:46:47.0060790Z x iPhoneOS16.5.sdk/System/Library/Frameworks/UIKit.framework/Headers/UIDynamicAnimator.h
2026-06-03T08:46:47.0061250Z x iPhoneOS16.5.sdk/System/Library/Frameworks/UIKit.framework/Headers/UIKit.apinotes
2026-06-03T08:46:47.0061940Z x iPhoneOS16.5.sdk/System/Library/Frameworks/UIKit.framework/Headers/NSParagraphStyle.h
2026-06-03T08:46:47.0062330Z x iPhoneOS16.5.sdk/System/Library/Frameworks/UIKit.framework/Headers/UINibDeclarations.h
2026-06-03T08:46:47.0062630Z x iPhoneOS16.5.sdk/System/Library/Frameworks/UIKit.framework/Headers/UIMenuController.h
2026-06-03T08:46:47.0063180Z x iPhoneOS16.5.sdk/System/Library/Frameworks/UIKit.framework/Headers/UIFocusAnimationCoordinator.h
2026-06-03T08:46:47.0063770Z x iPhoneOS16.5.sdk/System/Library/Frameworks/UIKit.framework/Headers/UIActivityItemProvider.h
2026-06-03T08:46:47.0064130Z x iPhoneOS16.5.sdk/System/Library/Frameworks/UIKit.framework/Headers/UIImageSymbolConfiguration.h
2026-06-03T08:46:47.0064700Z x iPhoneOS16.5.sdk/System/Library/Frameworks/UIKit.framework/Headers/UITextPasteConfigurationSupporting.h
2026-06-03T08:46:47.0065040Z x iPhoneOS16.5.sdk/System/Library/Frameworks/UIKit.framework/Headers/UIToolbarAppearance.h
2026-06-03T08:46:47.0065380Z x iPhoneOS16.5.sdk/System/Library/Frameworks/UIKit.framework/Headers/UIKeyboardLayoutGuide.h
2026-06-03T08:46:47.0065680Z x iPhoneOS16.5.sdk/System/Library/Frameworks/UIKit.framework/Headers/UIKeyCommand.h
2026-06-03T08:46:47.0066000Z x iPhoneOS16.5.sdk/System/Library/Frameworks/UIKit.framework/Headers/UIColor.h
2026-06-03T08:46:47.0066240Z x iPhoneOS16.5.sdk/System/Library/Frameworks/FamilyControls.framework/
2026-06-03T08:46:47.0066550Z x iPhoneOS16.5.sdk/System/Library/Frameworks/FamilyControls.framework/Modules/
2026-06-03T08:46:47.0066940Z x iPhoneOS16.5.sdk/System/Library/Frameworks/FamilyControls.framework/Modules/FamilyControls.swiftmodule/
2026-06-03T08:46:47.0067450Z x iPhoneOS16.5.sdk/System/Library/Frameworks/FamilyControls.framework/Modules/FamilyControls.swiftmodule/arm64e-apple-ios.swiftdoc
2026-06-03T08:46:47.0067890Z x iPhoneOS16.5.sdk/System/Library/Frameworks/FamilyControls.framework/Modules/FamilyControls.swiftmodule/arm64-apple-ios.swiftdoc
2026-06-03T08:46:47.0068550Z x iPhoneOS16.5.sdk/System/Library/Frameworks/FamilyControls.framework/Modules/FamilyControls.swiftmodule/arm64e-apple-ios.swiftinterface
2026-06-03T08:46:47.0069800Z x iPhoneOS16.5.sdk/System/Library/Frameworks/FamilyControls.framework/Modules/FamilyControls.swiftmodule/arm64-apple-ios.swiftinterface
2026-06-03T08:46:47.0088080Z x iPhoneOS16.5.sdk/System/Library/Frameworks/FamilyControls.framework/FamilyControls.tbd
2026-06-03T08:46:47.0189010Z x iPhoneOS16.5.sdk/System/Library/Frameworks/_SceneKit_SwiftUI.framework/
2026-06-03T08:46:47.0350930Z x iPhoneOS16.5.sdk/System/Library/Frameworks/_SceneKit_SwiftUI.framework/Modules/
2026-06-03T08:46:47.0499220Z x iPhoneOS16.5.sdk/System/Library/Frameworks/_SceneKit_SwiftUI.framework/Modules/_SceneKit_SwiftUI.swiftmodule/
2026-06-03T08:46:47.0600200Z x iPhoneOS16.5.sdk/System/Library/Frameworks/_SceneKit_SwiftUI.framework/Modules/_SceneKit_SwiftUI.swiftmodule/arm64e-apple-ios.swiftdoc
2026-06-03T08:46:47.0701080Z x iPhoneOS16.5.sdk/System/Library/Frameworks/_SceneKit_SwiftUI.framework/Modules/_SceneKit_SwiftUI.swiftmodule/arm64-apple-ios.swiftdoc
2026-06-03T08:46:47.0805540Z x iPhoneOS16.5.sdk/System/Library/Frameworks/_SceneKit_SwiftUI.framework/Modules/_SceneKit_SwiftUI.swiftmodule/arm64e-apple-ios.swiftinterface
2026-06-03T08:46:47.0911970Z x iPhoneOS16.5.sdk/System/Library/Frameworks/_SceneKit_SwiftUI.framework/Modules/_SceneKit_SwiftUI.swiftmodule/arm64-apple-ios.swiftinterface
2026-06-03T08:46:47.1076550Z x iPhoneOS16.5.sdk/System/Library/Frameworks/_SceneKit_SwiftUI.framework/_SceneKit_SwiftUI.tbd
2026-06-03T08:46:47.1179360Z x iPhoneOS16.5.sdk/System/Library/Frameworks/AutomaticAssessmentConfiguration.framework/
2026-06-03T08:46:47.1278950Z x iPhoneOS16.5.sdk/System/Library/Frameworks/AutomaticAssessmentConfiguration.framework/AutomaticAssessmentConfiguration.tbd
2026-06-03T08:46:47.1380410Z x iPhoneOS16.5.sdk/System/Library/Frameworks/AutomaticAssessmentConfiguration.framework/Modules/
2026-06-03T08:46:47.1480660Z x iPhoneOS16.5.sdk/System/Library/Frameworks/AutomaticAssessmentConfiguration.framework/Modules/module.modulemap
2026-06-03T08:46:47.1581870Z x iPhoneOS16.5.sdk/System/Library/Frameworks/AutomaticAssessmentConfiguration.framework/Frameworks/
2026-06-03T08:46:47.1598510Z x iPhoneOS16.5.sdk/System/Library/Frameworks/AutomaticAssessmentConfiguration.framework/Frameworks/AACClient.framework/
2026-06-03T08:46:47.1599710Z x iPhoneOS16.5.sdk/System/Library/Frameworks/AutomaticAssessmentConfiguration.framework/Frameworks/AACClient.framework/AACClient.tbd
2026-06-03T08:46:47.1601530Z x iPhoneOS16.5.sdk/System/Library/Frameworks/AutomaticAssessmentConfiguration.framework/Frameworks/AACDependencies.framework/
2026-06-03T08:46:47.1605530Z x iPhoneOS16.5.sdk/System/Library/Frameworks/AutomaticAssessmentConfiguration.framework/Frameworks/AACDependencies.framework/AACDependencies.tbd
2026-06-03T08:46:47.1606400Z x iPhoneOS16.5.sdk/System/Library/Frameworks/AutomaticAssessmentConfiguration.framework/Headers/
2026-06-03T08:46:47.1607110Z x iPhoneOS16.5.sdk/System/Library/Frameworks/AutomaticAssessmentConfiguration.framework/Headers/AEErrors.h
2026-06-03T08:46:47.1607890Z x iPhoneOS16.5.sdk/System/Library/Frameworks/AutomaticAssessmentConfiguration.framework/Headers/AEAssessmentApplication.h
2026-06-03T08:46:47.1608680Z x iPhoneOS16.5.sdk/System/Library/Frameworks/AutomaticAssessmentConfiguration.framework/Headers/AEAssessmentSession.h
2026-06-03T08:46:47.1614530Z x iPhoneOS16.5.sdk/System/Library/Frameworks/AutomaticAssessmentConfiguration.framework/Headers/AutomaticAssessmentConfiguration.h
2026-06-03T08:46:47.1615970Z x iPhoneOS16.5.sdk/System/Library/Frameworks/AutomaticAssessmentConfiguration.framework/Headers/AEAssessmentSessionDelegate.h
2026-06-03T08:46:47.1616660Z x iPhoneOS16.5.sdk/System/Library/Frameworks/AutomaticAssessmentConfiguration.framework/Headers/AEVisibility.h
2026-06-03T08:46:47.1617350Z x iPhoneOS16.5.sdk/System/Library/Frameworks/AutomaticAssessmentConfiguration.framework/Headers/AEAssessmentConfiguration.h
2026-06-03T08:46:47.1618120Z x iPhoneOS16.5.sdk/System/Library/Frameworks/AutomaticAssessmentConfiguration.framework/Headers/AEAssessmentParticipantConfiguration.h
2026-06-03T08:46:47.1618720Z x iPhoneOS16.5.sdk/System/Library/Frameworks/CoreData.framework/
2026-06-03T08:46:47.1619090Z x iPhoneOS16.5.sdk/System/Library/Frameworks/CoreData.framework/Modules/
2026-06-03T08:46:47.1619530Z x iPhoneOS16.5.sdk/System/Library/Frameworks/CoreData.framework/Modules/module.modulemap
2026-06-03T08:46:47.1620050Z x iPhoneOS16.5.sdk/System/Library/Frameworks/CoreData.framework/Modules/CoreData.swiftcrossimport/
2026-06-03T08:46:47.1620680Z x iPhoneOS16.5.sdk/System/Library/Frameworks/CoreData.framework/Modules/CoreData.swiftcrossimport/CloudKit.swiftoverlay
2026-06-03T08:46:47.1621270Z x iPhoneOS16.5.sdk/System/Library/Frameworks/CoreData.framework/Modules/CoreData.swiftmodule/
2026-06-03T08:46:47.1621860Z x iPhoneOS16.5.sdk/System/Library/Frameworks/CoreData.framework/Modules/CoreData.swiftmodule/arm64e-apple-ios.swiftdoc
2026-06-03T08:46:47.1622530Z x iPhoneOS16.5.sdk/System/Library/Frameworks/CoreData.framework/Modules/CoreData.swiftmodule/arm64-apple-ios.swiftdoc
2026-06-03T08:46:47.1623210Z x iPhoneOS16.5.sdk/System/Library/Frameworks/CoreData.framework/Modules/CoreData.swiftmodule/arm64e-apple-ios.swiftinterface
2026-06-03T08:46:47.1623910Z x iPhoneOS16.5.sdk/System/Library/Frameworks/CoreData.framework/Modules/CoreData.swiftmodule/arm64-apple-ios.swiftinterface
2026-06-03T08:46:47.1624450Z x iPhoneOS16.5.sdk/System/Library/Frameworks/CoreData.framework/Headers/
2026-06-03T08:46:47.1625240Z x iPhoneOS16.5.sdk/System/Library/Frameworks/CoreData.framework/Headers/NSPersistentCloudKitContainerOptions.h
2026-06-03T08:46:47.1625820Z x iPhoneOS16.5.sdk/System/Library/Frameworks/CoreData.framework/Headers/NSBatchDeleteRequest.h
2026-06-03T08:46:47.1626350Z x iPhoneOS16.5.sdk/System/Library/Frameworks/CoreData.framework/Headers/NSAtomicStoreCacheNode.h
2026-06-03T08:46:47.1626870Z x iPhoneOS16.5.sdk/System/Library/Frameworks/CoreData.framework/Headers/NSSaveChangesRequest.h
2026-06-03T08:46:47.1627410Z x iPhoneOS16.5.sdk/System/Library/Frameworks/CoreData.framework/Headers/NSPersistentStoreRequest.h
2026-06-03T08:46:47.1628110Z x iPhoneOS16.5.sdk/System/Library/Frameworks/CoreData.framework/Headers/CoreData.apinotes
2026-06-03T08:46:47.1628610Z x iPhoneOS16.5.sdk/System/Library/Frameworks/CoreData.framework/Headers/NSPropertyMapping.h
2026-06-03T08:46:47.1629250Z x iPhoneOS16.5.sdk/System/Library/Frameworks/CoreData.framework/Headers/NSFetchedResultsController.h
2026-06-03T08:46:47.1629830Z x iPhoneOS16.5.sdk/System/Library/Frameworks/CoreData.framework/Headers/NSPersistentHistoryTransaction.h
2026-06-03T08:46:47.1630410Z x iPhoneOS16.5.sdk/System/Library/Frameworks/CoreData.framework/Headers/NSPersistentHistoryChange.h
2026-06-03T08:46:47.1630910Z x iPhoneOS16.5.sdk/System/Library/Frameworks/CoreData.framework/Headers/CoreData.h
2026-06-03T08:46:47.1631370Z x iPhoneOS16.5.sdk/System/Library/Frameworks/CoreData.framework/Headers/NSMergePolicy.h
2026-06-03T08:46:47.1631840Z x iPhoneOS16.5.sdk/System/Library/Frameworks/CoreData.framework/Headers/NSAtomicStore.h
2026-06-03T08:46:47.1632330Z x iPhoneOS16.5.sdk/System/Library/Frameworks/CoreData.framework/Headers/NSEntityDescription.h
2026-06-03T08:46:47.1632900Z x iPhoneOS16.5.sdk/System/Library/Frameworks/CoreData.framework/Headers/NSPersistentCloudKitContainer_Sharing.h
2026-06-03T08:46:47.1633550Z x iPhoneOS16.5.sdk/System/Library/Frameworks/CoreData.framework/Headers/NSPersistentCloudKitContainerEventRequest.h
2026-06-03T08:46:47.1634200Z x iPhoneOS16.5.sdk/System/Library/Frameworks/CoreData.framework/Headers/NSPersistentHistoryChangeRequest.h
2026-06-03T08:46:47.1634780Z x iPhoneOS16.5.sdk/System/Library/Frameworks/CoreData.framework/Headers/NSRelationshipDescription.h
2026-06-03T08:46:47.1635290Z x iPhoneOS16.5.sdk/System/Library/Frameworks/CoreData.framework/Headers/NSFetchRequest.h
2026-06-03T08:46:47.1635800Z x iPhoneOS16.5.sdk/System/Library/Frameworks/CoreData.framework/Headers/NSPersistentHistoryToken.h
2026-06-03T08:46:47.1636320Z x iPhoneOS16.5.sdk/System/Library/Frameworks/CoreData.framework/Headers/CoreData_CloudKit.h
2026-06-03T08:46:47.1636860Z x iPhoneOS16.5.sdk/System/Library/Frameworks/CoreData.framework/Headers/NSPersistentStoreCoordinator.h
2026-06-03T08:46:47.1637440Z x iPhoneOS16.5.sdk/System/Library/Frameworks/CoreData.framework/Headers/NSPersistentCloudKitContainer.h
2026-06-03T08:46:47.1638010Z x iPhoneOS16.5.sdk/System/Library/Frameworks/CoreData.framework/Headers/NSFetchRequestExpression.h
2026-06-03T08:46:47.1638540Z x iPhoneOS16.5.sdk/System/Library/Frameworks/CoreData.framework/Headers/NSBatchInsertRequest.h
2026-06-03T08:46:47.1639060Z x iPhoneOS16.5.sdk/System/Library/Frameworks/CoreData.framework/Headers/NSQueryGenerationToken.h
2026-06-03T08:46:47.1639710Z x iPhoneOS16.5.sdk/System/Library/Frameworks/CoreData.framework/Headers/NSManagedObject.h
2026-06-03T08:46:47.1640350Z x iPhoneOS16.5.sdk/System/Library/Frameworks/CoreData.framework/Headers/NSPersistentStoreResult.h
2026-06-03T08:46:47.1640880Z x iPhoneOS16.5.sdk/System/Library/Frameworks/CoreData.framework/Headers/NSManagedObjectModel.h
2026-06-03T08:46:47.1641400Z x iPhoneOS16.5.sdk/System/Library/Frameworks/CoreData.framework/Headers/NSExpressionDescription.h
2026-06-03T08:46:47.1641950Z x iPhoneOS16.5.sdk/System/Library/Frameworks/CoreData.framework/Headers/NSBatchUpdateRequest.h
2026-06-03T08:46:47.1642490Z x iPhoneOS16.5.sdk/System/Library/Frameworks/CoreData.framework/Headers/NSPersistentStoreDescription.h
2026-06-03T08:46:47.1643310Z x iPhoneOS16.5.sdk/System/Library/Frameworks/CoreData.framework/Headers/NSIncrementalStoreNode.h
2026-06-03T08:46:47.1643850Z x iPhoneOS16.5.sdk/System/Library/Frameworks/CoreData.framework/Headers/NSPropertyDescription.h
2026-06-03T08:46:47.1644370Z x iPhoneOS16.5.sdk/System/Library/Frameworks/CoreData.framework/Headers/NSAttributeDescription.h
2026-06-03T08:46:47.1644910Z x iPhoneOS16.5.sdk/System/Library/Frameworks/CoreData.framework/Headers/NSPersistentContainer.h
2026-06-03T08:46:47.1645440Z x iPhoneOS16.5.sdk/System/Library/Frameworks/CoreData.framework/Headers/NSFetchIndexDescription.h
2026-06-03T08:46:47.1646180Z x iPhoneOS16.5.sdk/System/Library/Frameworks/CoreData.framework/Headers/NSDerivedAttributeDescription.h
2026-06-03T08:46:47.1646730Z x iPhoneOS16.5.sdk/System/Library/Frameworks/CoreData.framework/Headers/NSIncrementalStore.h
2026-06-03T08:46:47.1647230Z x iPhoneOS16.5.sdk/System/Library/Frameworks/CoreData.framework/Headers/NSManagedObjectID.h
2026-06-03T08:46:47.1647970Z x iPhoneOS16.5.sdk/System/Library/Frameworks/CoreData.framework/Headers/CoreDataDefines.h
2026-06-03T08:46:47.1648630Z x iPhoneOS16.5.sdk/System/Library/Frameworks/CoreData.framework/Headers/NSMigrationManager.h
2026-06-03T08:46:47.1649180Z x iPhoneOS16.5.sdk/System/Library/Frameworks/CoreData.framework/Headers/NSFetchIndexElementDescription.h
2026-06-03T08:46:47.1657340Z x iPhoneOS16.5.sdk/System/Library/Frameworks/CoreData.framework/Headers/NSPersistentCloudKitContainerEvent.h
2026-06-03T08:46:47.1658910Z x iPhoneOS16.5.sdk/System/Library/Frameworks/CoreData.framework/Headers/NSMappingModel.h
2026-06-03T08:46:47.1660900Z x iPhoneOS16.5.sdk/System/Library/Frameworks/CoreData.framework/Headers/CoreDataErrors.h
2026-06-03T08:46:47.1661430Z x iPhoneOS16.5.sdk/System/Library/Frameworks/CoreData.framework/Headers/NSEntityMapping.h
2026-06-03T08:46:47.1661920Z x iPhoneOS16.5.sdk/System/Library/Frameworks/CoreData.framework/Headers/NSPersistentStore.h
2026-06-03T08:46:47.1662450Z x iPhoneOS16.5.sdk/System/Library/Frameworks/CoreData.framework/Headers/NSEntityMigrationPolicy.h
2026-06-03T08:46:47.1663030Z x iPhoneOS16.5.sdk/System/Library/Frameworks/CoreData.framework/Headers/NSCoreDataCoreSpotlightDelegate.h
2026-06-03T08:46:47.1663660Z x iPhoneOS16.5.sdk/System/Library/Frameworks/CoreData.framework/Headers/NSPersistentCloudKitContainer_SwiftOverlay.h
2026-06-03T08:46:47.1664260Z x iPhoneOS16.5.sdk/System/Library/Frameworks/CoreData.framework/Headers/NSManagedObjectContext.h
2026-06-03T08:46:47.1664810Z x iPhoneOS16.5.sdk/System/Library/Frameworks/CoreData.framework/Headers/NSFetchedPropertyDescription.h
2026-06-03T08:46:47.1665370Z x iPhoneOS16.5.sdk/System/Library/Frameworks/CoreData.framework/CoreData.tbd
2026-06-03T08:46:47.1665880Z x iPhoneOS16.5.sdk/System/Library/Frameworks/Accelerate.framework/
2026-06-03T08:46:47.1666260Z x iPhoneOS16.5.sdk/System/Library/Frameworks/Accelerate.framework/Modules/
2026-06-03T08:46:47.1666710Z x iPhoneOS16.5.sdk/System/Library/Frameworks/Accelerate.framework/Modules/module.modulemap
2026-06-03T08:46:47.1667170Z x iPhoneOS16.5.sdk/System/Library/Frameworks/Accelerate.framework/Frameworks/
2026-06-03T08:46:47.1667630Z x iPhoneOS16.5.sdk/System/Library/Frameworks/Accelerate.framework/Frameworks/vecLib.framework/
2026-06-03T08:46:47.1668190Z x iPhoneOS16.5.sdk/System/Library/Frameworks/Accelerate.framework/Frameworks/vecLib.framework/libSparse.tbd
2026-06-03T08:46:47.1668780Z x iPhoneOS16.5.sdk/System/Library/Frameworks/Accelerate.framework/Frameworks/vecLib.framework/Headers/
2026-06-03T08:46:47.1669370Z x iPhoneOS16.5.sdk/System/Library/Frameworks/Accelerate.framework/Frameworks/vecLib.framework/Headers/Sparse/
2026-06-03T08:46:47.1669990Z x iPhoneOS16.5.sdk/System/Library/Frameworks/Accelerate.framework/Frameworks/vecLib.framework/Headers/Sparse/BLAS.h
2026-06-03T08:46:47.1670640Z x iPhoneOS16.5.sdk/System/Library/Frameworks/Accelerate.framework/Frameworks/vecLib.framework/Headers/Sparse/Sparse.h
2026-06-03T08:46:47.1671290Z x iPhoneOS16.5.sdk/System/Library/Frameworks/Accelerate.framework/Frameworks/vecLib.framework/Headers/Sparse/Solve.h
2026-06-03T08:46:47.1672070Z x iPhoneOS16.5.sdk/System/Library/Frameworks/Accelerate.framework/Frameworks/vecLib.framework/Headers/Sparse/SolveImplementation.h
2026-06-03T08:46:47.1672760Z x iPhoneOS16.5.sdk/System/Library/Frameworks/Accelerate.framework/Frameworks/vecLib.framework/Headers/Sparse/Types.h
2026-06-03T08:46:47.1673460Z x iPhoneOS16.5.sdk/System/Library/Frameworks/Accelerate.framework/Frameworks/vecLib.framework/Headers/Sparse/SolveImplementationTyped.h
2026-06-03T08:46:47.1674140Z x iPhoneOS16.5.sdk/System/Library/Frameworks/Accelerate.framework/Frameworks/vecLib.framework/Headers/BNNS/
2026-06-03T08:46:47.1674790Z x iPhoneOS16.5.sdk/System/Library/Frameworks/Accelerate.framework/Frameworks/vecLib.framework/Headers/BNNS/bnns_structures.h
2026-06-03T08:46:47.1675670Z x iPhoneOS16.5.sdk/System/Library/Frameworks/Accelerate.framework/Frameworks/vecLib.framework/Headers/BNNS/bnns_constants.h
2026-06-03T08:46:47.1676440Z x iPhoneOS16.5.sdk/System/Library/Frameworks/Accelerate.framework/Frameworks/vecLib.framework/Headers/BNNS/bnns.h
2026-06-03T08:46:47.1677080Z x iPhoneOS16.5.sdk/System/Library/Frameworks/Accelerate.framework/Frameworks/vecLib.framework/Headers/LinearAlgebra/
2026-06-03T08:46:47.1678080Z x iPhoneOS16.5.sdk/System/Library/Frameworks/Accelerate.framework/Frameworks/vecLib.framework/Headers/LinearAlgebra/splat.h
2026-06-03T08:46:47.1678790Z x iPhoneOS16.5.sdk/System/Library/Frameworks/Accelerate.framework/Frameworks/vecLib.framework/Headers/LinearAlgebra/LinearAlgebra.h
2026-06-03T08:46:47.1679510Z x iPhoneOS16.5.sdk/System/Library/Frameworks/Accelerate.framework/Frameworks/vecLib.framework/Headers/LinearAlgebra/object.h
2026-06-03T08:46:47.1680200Z x iPhoneOS16.5.sdk/System/Library/Frameworks/Accelerate.framework/Frameworks/vecLib.framework/Headers/LinearAlgebra/base.h
2026-06-03T08:46:47.1681040Z x iPhoneOS16.5.sdk/System/Library/Frameworks/Accelerate.framework/Frameworks/vecLib.framework/Headers/LinearAlgebra/linear_systems.h
2026-06-03T08:46:47.1681860Z x iPhoneOS16.5.sdk/System/Library/Frameworks/Accelerate.framework/Frameworks/vecLib.framework/Headers/LinearAlgebra/matrix.h
2026-06-03T08:46:47.1682570Z x iPhoneOS16.5.sdk/System/Library/Frameworks/Accelerate.framework/Frameworks/vecLib.framework/Headers/LinearAlgebra/vector.h
2026-06-03T08:46:47.1683430Z x iPhoneOS16.5.sdk/System/Library/Frameworks/Accelerate.framework/Frameworks/vecLib.framework/Headers/LinearAlgebra/arithmetic.h
2026-06-03T08:46:47.1684140Z x iPhoneOS16.5.sdk/System/Library/Frameworks/Accelerate.framework/Frameworks/vecLib.framework/Headers/LinearAlgebra/norms.h
2026-06-03T08:46:47.1684820Z x iPhoneOS16.5.sdk/System/Library/Frameworks/Accelerate.framework/Frameworks/vecLib.framework/Headers/vForce.h
2026-06-03T08:46:47.1685490Z x iPhoneOS16.5.sdk/System/Library/Frameworks/Accelerate.framework/Frameworks/vecLib.framework/Headers/lapack.h
2026-06-03T08:46:47.1686170Z x iPhoneOS16.5.sdk/System/Library/Frameworks/Accelerate.framework/Frameworks/vecLib.framework/Headers/vBigNum.h
2026-06-03T08:46:47.1686850Z x iPhoneOS16.5.sdk/System/Library/Frameworks/Accelerate.framework/Frameworks/vecLib.framework/Headers/blas_new.h
2026-06-03T08:46:47.1687520Z x iPhoneOS16.5.sdk/System/Library/Frameworks/Accelerate.framework/Frameworks/vecLib.framework/Headers/vecLibTypes.h
2026-06-03T08:46:47.1688200Z x iPhoneOS16.5.sdk/System/Library/Frameworks/Accelerate.framework/Frameworks/vecLib.framework/Headers/vfp.h
2026-06-03T08:46:47.1688850Z x iPhoneOS16.5.sdk/System/Library/Frameworks/Accelerate.framework/Frameworks/vecLib.framework/Headers/cblas_new.h
2026-06-03T08:46:47.1689520Z x iPhoneOS16.5.sdk/System/Library/Frameworks/Accelerate.framework/Frameworks/vecLib.framework/Headers/vectorOps.h
2026-06-03T08:46:47.1690170Z x iPhoneOS16.5.sdk/System/Library/Frameworks/Accelerate.framework/Frameworks/vecLib.framework/Headers/cblas.h
2026-06-03T08:46:47.1690800Z x iPhoneOS16.5.sdk/System/Library/Frameworks/Accelerate.framework/Frameworks/vecLib.framework/Headers/vDSP.h
2026-06-03T08:46:47.1691570Z x iPhoneOS16.5.sdk/System/Library/Frameworks/Accelerate.framework/Frameworks/vecLib.framework/Headers/clapack.h
2026-06-03T08:46:47.1692250Z x iPhoneOS16.5.sdk/System/Library/Frameworks/Accelerate.framework/Frameworks/vecLib.framework/Headers/vecLib.h
2026-06-03T08:46:47.1692930Z x iPhoneOS16.5.sdk/System/Library/Frameworks/Accelerate.framework/Frameworks/vecLib.framework/Headers/lapack_version.h
2026-06-03T08:46:47.1693640Z x iPhoneOS16.5.sdk/System/Library/Frameworks/Accelerate.framework/Frameworks/vecLib.framework/Headers/fortran_blas.h
2026-06-03T08:46:47.1694350Z x iPhoneOS16.5.sdk/System/Library/Frameworks/Accelerate.framework/Frameworks/vecLib.framework/Headers/vDSP_translate.h
2026-06-03T08:46:47.1694990Z x iPhoneOS16.5.sdk/System/Library/Frameworks/Accelerate.framework/Frameworks/vecLib.framework/Headers/Quadrature/
2026-06-03T08:46:47.1695660Z x iPhoneOS16.5.sdk/System/Library/Frameworks/Accelerate.framework/Frameworks/vecLib.framework/Headers/Quadrature/Integration.h
2026-06-03T08:46:47.1696460Z x iPhoneOS16.5.sdk/System/Library/Frameworks/Accelerate.framework/Frameworks/vecLib.framework/Headers/Quadrature/Quadrature.h
2026-06-03T08:46:47.1697300Z x iPhoneOS16.5.sdk/System/Library/Frameworks/Accelerate.framework/Frameworks/vecLib.framework/Headers/vBasicOps.h
2026-06-03T08:46:47.1698980Z x iPhoneOS16.5.sdk/System/Library/Frameworks/Accelerate.framework/Frameworks/vecLib.framework/Headers/lapack_types.h
2026-06-03T08:46:47.1699790Z x iPhoneOS16.5.sdk/System/Library/Frameworks/Accelerate.framework/Frameworks/vecLib.framework/libLAPACK.tbd
2026-06-03T08:46:47.1700410Z x iPhoneOS16.5.sdk/System/Library/Frameworks/Accelerate.framework/Frameworks/vecLib.framework/libQuadrature.tbd
2026-06-03T08:46:47.1701030Z x iPhoneOS16.5.sdk/System/Library/Frameworks/Accelerate.framework/Frameworks/vecLib.framework/libSparseBLAS.tbd
2026-06-03T08:46:47.1701630Z x iPhoneOS16.5.sdk/System/Library/Frameworks/Accelerate.framework/Frameworks/vecLib.framework/libBNNS.tbd
2026-06-03T08:46:47.1702330Z x iPhoneOS16.5.sdk/System/Library/Frameworks/Accelerate.framework/Frameworks/vecLib.framework/libvMisc.tbd
2026-06-03T08:46:47.1702940Z x iPhoneOS16.5.sdk/System/Library/Frameworks/Accelerate.framework/Frameworks/vecLib.framework/libLinearAlgebra.tbd
2026-06-03T08:46:47.1704060Z x iPhoneOS16.5.sdk/System/Library/Frameworks/Accelerate.framework/Frameworks/vecLib.framework/libBLAS.tbd
2026-06-03T08:46:47.1704640Z x iPhoneOS16.5.sdk/System/Library/Frameworks/Accelerate.framework/Frameworks/vecLib.framework/libvDSP.tbd
2026-06-03T08:46:47.1705320Z x iPhoneOS16.5.sdk/System/Library/Frameworks/Accelerate.framework/Frameworks/vImage.framework/
2026-06-03T08:46:47.1705870Z x iPhoneOS16.5.sdk/System/Library/Frameworks/Accelerate.framework/Frameworks/vImage.framework/Headers/
2026-06-03T08:46:47.1706470Z x iPhoneOS16.5.sdk/System/Library/Frameworks/Accelerate.framework/Frameworks/vImage.framework/Headers/Convolution.h
2026-06-03T08:46:47.1707140Z x iPhoneOS16.5.sdk/System/Library/Frameworks/Accelerate.framework/Frameworks/vImage.framework/Headers/vImage_Types.h
2026-06-03T08:46:47.1707790Z x iPhoneOS16.5.sdk/System/Library/Frameworks/Accelerate.framework/Frameworks/vImage.framework/Headers/vImage_Utilities.h
2026-06-03T08:46:47.1708440Z x iPhoneOS16.5.sdk/System/Library/Frameworks/Accelerate.framework/Frameworks/vImage.framework/Headers/Transform.h
2026-06-03T08:46:47.1709050Z x iPhoneOS16.5.sdk/System/Library/Frameworks/Accelerate.framework/Frameworks/vImage.framework/Headers/vImage.h
2026-06-03T08:46:47.1709700Z x iPhoneOS16.5.sdk/System/Library/Frameworks/Accelerate.framework/Frameworks/vImage.framework/Headers/vImage_CVUtilities.h
2026-06-03T08:46:47.1710370Z x iPhoneOS16.5.sdk/System/Library/Frameworks/Accelerate.framework/Frameworks/vImage.framework/Headers/BasicImageTypes.h
2026-06-03T08:46:47.1711010Z x iPhoneOS16.5.sdk/System/Library/Frameworks/Accelerate.framework/Frameworks/vImage.framework/Headers/Alpha.h
2026-06-03T08:46:47.1711630Z x iPhoneOS16.5.sdk/System/Library/Frameworks/Accelerate.framework/Frameworks/vImage.framework/Headers/Morphology.h
2026-06-03T08:46:47.1712400Z x iPhoneOS16.5.sdk/System/Library/Frameworks/Accelerate.framework/Frameworks/vImage.framework/Headers/Geometry.h
2026-06-03T08:46:47.1713030Z x iPhoneOS16.5.sdk/System/Library/Frameworks/Accelerate.framework/Frameworks/vImage.framework/Headers/Histogram.h
2026-06-03T08:46:47.1713650Z x iPhoneOS16.5.sdk/System/Library/Frameworks/Accelerate.framework/Frameworks/vImage.framework/Headers/Conversion.h
2026-06-03T08:46:47.1714250Z x iPhoneOS16.5.sdk/System/Library/Frameworks/Accelerate.framework/Frameworks/vImage.framework/vImage.tbd
2026-06-03T08:46:47.1714820Z x iPhoneOS16.5.sdk/System/Library/Frameworks/Accelerate.framework/Frameworks/vImage.framework/Libraries/
2026-06-03T08:46:47.1715450Z x iPhoneOS16.5.sdk/System/Library/Frameworks/Accelerate.framework/Frameworks/vImage.framework/Libraries/libCGInterfaces.tbd
2026-06-03T08:46:47.1715990Z x iPhoneOS16.5.sdk/System/Library/Frameworks/Accelerate.framework/Headers/
2026-06-03T08:46:47.1716510Z x iPhoneOS16.5.sdk/System/Library/Frameworks/Accelerate.framework/Headers/Accelerate.h
2026-06-03T08:46:47.1717130Z x iPhoneOS16.5.sdk/System/Library/Frameworks/Accelerate.framework/Headers/Accelerate.apinotes
2026-06-03T08:46:47.1717890Z x iPhoneOS16.5.sdk/System/Library/Frameworks/Accelerate.framework/Accelerate.tbd
2026-06-03T08:46:47.1718290Z x iPhoneOS16.5.sdk/System/Library/Frameworks/_MapKit_SwiftUI.framework/
2026-06-03T08:46:47.1718700Z x iPhoneOS16.5.sdk/System/Library/Frameworks/_MapKit_SwiftUI.framework/Modules/
2026-06-03T08:46:47.1719200Z x iPhoneOS16.5.sdk/System/Library/Frameworks/_MapKit_SwiftUI.framework/Modules/_MapKit_SwiftUI.swiftmodule/
2026-06-03T08:46:47.1719870Z x iPhoneOS16.5.sdk/System/Library/Frameworks/_MapKit_SwiftUI.framework/Modules/_MapKit_SwiftUI.swiftmodule/arm64e-apple-ios.swiftdoc
2026-06-03T08:46:47.1720600Z x iPhoneOS16.5.sdk/System/Library/Frameworks/_MapKit_SwiftUI.framework/Modules/_MapKit_SwiftUI.swiftmodule/arm64-apple-ios.swiftdoc
2026-06-03T08:46:47.1721350Z x iPhoneOS16.5.sdk/System/Library/Frameworks/_MapKit_SwiftUI.framework/Modules/_MapKit_SwiftUI.swiftmodule/arm64e-apple-ios.swiftinterface
2026-06-03T08:46:47.1722110Z x iPhoneOS16.5.sdk/System/Library/Frameworks/_MapKit_SwiftUI.framework/Modules/_MapKit_SwiftUI.swiftmodule/arm64-apple-ios.swiftinterface
2026-06-03T08:46:47.1722730Z x iPhoneOS16.5.sdk/System/Library/Frameworks/_MapKit_SwiftUI.framework/_MapKit_SwiftUI.tbd
2026-06-03T08:46:47.1723160Z x iPhoneOS16.5.sdk/System/Library/Frameworks/ImageCaptureCore.framework/
2026-06-03T08:46:47.1723580Z x iPhoneOS16.5.sdk/System/Library/Frameworks/ImageCaptureCore.framework/Modules/
2026-06-03T08:46:47.1724060Z x iPhoneOS16.5.sdk/System/Library/Frameworks/ImageCaptureCore.framework/Modules/module.modulemap
2026-06-03T08:46:47.1724560Z x iPhoneOS16.5.sdk/System/Library/Frameworks/ImageCaptureCore.framework/Headers/
2026-06-03T08:46:47.1725090Z x iPhoneOS16.5.sdk/System/Library/Frameworks/ImageCaptureCore.framework/Headers/ImageCaptureConstants.h
2026-06-03T08:46:47.1725700Z x iPhoneOS16.5.sdk/System/Library/Frameworks/ImageCaptureCore.framework/Headers/ICScannerBandData.h
2026-06-03T08:46:47.1726260Z x iPhoneOS16.5.sdk/System/Library/Frameworks/ImageCaptureCore.framework/Headers/ICDeviceBrowser.h
2026-06-03T08:46:47.1726830Z x iPhoneOS16.5.sdk/System/Library/Frameworks/ImageCaptureCore.framework/Headers/ICScannerFunctionalUnits.h
2026-06-03T08:46:47.1727390Z x iPhoneOS16.5.sdk/System/Library/Frameworks/ImageCaptureCore.framework/Headers/ICCameraFile.h
2026-06-03T08:46:47.1727910Z x iPhoneOS16.5.sdk/System/Library/Frameworks/ImageCaptureCore.framework/Headers/ICCameraItem.h
2026-06-03T08:46:47.1728420Z x iPhoneOS16.5.sdk/System/Library/Frameworks/ImageCaptureCore.framework/Headers/ICDevice.h
2026-06-03T08:46:47.1728930Z x iPhoneOS16.5.sdk/System/Library/Frameworks/ImageCaptureCore.framework/Headers/ICCameraDevice.h
2026-06-03T08:46:47.1729490Z x iPhoneOS16.5.sdk/System/Library/Frameworks/ImageCaptureCore.framework/Headers/ICScannerDevice.h
2026-06-03T08:46:47.1730040Z x iPhoneOS16.5.sdk/System/Library/Frameworks/ImageCaptureCore.framework/Headers/ImageCaptureCore.h
2026-06-03T08:46:47.1730680Z x iPhoneOS16.5.sdk/System/Library/Frameworks/ImageCaptureCore.framework/Headers/ICCameraFolder.h
2026-06-03T08:46:47.1731250Z x iPhoneOS16.5.sdk/System/Library/Frameworks/ImageCaptureCore.framework/Headers/ImageCapturePlatform.h
2026-06-03T08:46:47.1731820Z x iPhoneOS16.5.sdk/System/Library/Frameworks/ImageCaptureCore.framework/ImageCaptureCore.tbd
2026-06-03T08:46:47.1732250Z x iPhoneOS16.5.sdk/System/Library/Frameworks/ClassKit.framework/
2026-06-03T08:46:47.1732600Z x iPhoneOS16.5.sdk/System/Library/Frameworks/ClassKit.framework/Modules/
2026-06-03T08:46:47.1733040Z x iPhoneOS16.5.sdk/System/Library/Frameworks/ClassKit.framework/Modules/module.modulemap
2026-06-03T08:46:47.1733480Z x iPhoneOS16.5.sdk/System/Library/Frameworks/ClassKit.framework/ClassKit.tbd
2026-06-03T08:46:47.1733900Z x iPhoneOS16.5.sdk/System/Library/Frameworks/ClassKit.framework/Headers/
2026-06-03T08:46:47.1734590Z x iPhoneOS16.5.sdk/System/Library/Frameworks/ClassKit.framework/Headers/CLSContextProvider.h
2026-06-03T08:46:47.1735080Z x iPhoneOS16.5.sdk/System/Library/Frameworks/ClassKit.framework/Headers/CLSObject.h
2026-06-03T08:46:47.1735530Z x iPhoneOS16.5.sdk/System/Library/Frameworks/ClassKit.framework/Headers/CLSScoreItem.h
2026-06-03T08:46:47.1736060Z x iPhoneOS16.5.sdk/System/Library/Frameworks/ClassKit.framework/Headers/CLSProgressReportingCapability.h
2026-06-03T08:46:47.1736580Z x iPhoneOS16.5.sdk/System/Library/Frameworks/ClassKit.framework/Headers/CLSActivity.h
2026-06-03T08:46:47.1737020Z x iPhoneOS16.5.sdk/System/Library/Frameworks/ClassKit.framework/Headers/ClassKit.h
2026-06-03T08:46:47.1737530Z x iPhoneOS16.5.sdk/System/Library/Frameworks/ClassKit.framework/Headers/NSUserActivity+CLSDeepLinks.h
2026-06-03T08:46:47.1738040Z x iPhoneOS16.5.sdk/System/Library/Frameworks/ClassKit.framework/Headers/CLSContext.h
2026-06-03T08:46:47.1738520Z x iPhoneOS16.5.sdk/System/Library/Frameworks/ClassKit.framework/Headers/CLSDefines.h
2026-06-03T08:46:47.1738990Z x iPhoneOS16.5.sdk/System/Library/Frameworks/ClassKit.framework/Headers/CLSQuantityItem.h
2026-06-03T08:46:47.1739460Z x iPhoneOS16.5.sdk/System/Library/Frameworks/ClassKit.framework/Headers/CLSDataStore.h
2026-06-03T08:46:47.1742790Z x iPhoneOS16.5.sdk/System/Library/Frameworks/ClassKit.framework/Headers/CLSActivityItem.h
2026-06-03T08:46:47.1743300Z x iPhoneOS16.5.sdk/System/Library/Frameworks/ClassKit.framework/Headers/CLSBinaryItem.h
2026-06-03T08:46:47.1743730Z x iPhoneOS16.5.sdk/System/Library/Frameworks/BackgroundAssets.framework/
2026-06-03T08:46:47.1744150Z x iPhoneOS16.5.sdk/System/Library/Frameworks/BackgroundAssets.framework/Modules/
2026-06-03T08:46:47.1746280Z x iPhoneOS16.5.sdk/System/Library/Frameworks/BackgroundAssets.framework/Modules/module.modulemap
2026-06-03T08:46:47.1747140Z x iPhoneOS16.5.sdk/System/Library/Frameworks/BackgroundAssets.framework/Modules/BackgroundAssets.swiftmodule/
2026-06-03T08:46:47.1747850Z x iPhoneOS16.5.sdk/System/Library/Frameworks/BackgroundAssets.framework/Modules/BackgroundAssets.swiftmodule/arm64e-apple-ios.swiftdoc
2026-06-03T08:46:47.1748630Z x iPhoneOS16.5.sdk/System/Library/Frameworks/BackgroundAssets.framework/Modules/BackgroundAssets.swiftmodule/arm64-apple-ios.swiftdoc
2026-06-03T08:46:47.1749430Z x iPhoneOS16.5.sdk/System/Library/Frameworks/BackgroundAssets.framework/Modules/BackgroundAssets.swiftmodule/arm64e-apple-ios.swiftinterface
2026-06-03T08:46:47.1750240Z x iPhoneOS16.5.sdk/System/Library/Frameworks/BackgroundAssets.framework/Modules/BackgroundAssets.swiftmodule/arm64-apple-ios.swiftinterface
2026-06-03T08:46:47.1750860Z x iPhoneOS16.5.sdk/System/Library/Frameworks/BackgroundAssets.framework/Headers/
2026-06-03T08:46:47.1751330Z x iPhoneOS16.5.sdk/System/Library/Frameworks/BackgroundAssets.framework/Headers/BADownload.h
2026-06-03T08:46:47.1751850Z x iPhoneOS16.5.sdk/System/Library/Frameworks/BackgroundAssets.framework/Headers/BABase.h
2026-06-03T08:46:47.1752460Z x iPhoneOS16.5.sdk/System/Library/Frameworks/BackgroundAssets.framework/Headers/BackgroundAssets.apinotes
2026-06-03T08:46:47.1761960Z x iPhoneOS16.5.sdk/System/Library/Frameworks/BackgroundAssets.framework/Headers/BAAppExtensionInfo.h
2026-06-03T08:46:47.1767090Z x iPhoneOS16.5.sdk/System/Library/Frameworks/BackgroundAssets.framework/Headers/BackgroundAssets.h
2026-06-03T08:46:47.1767700Z x iPhoneOS16.5.sdk/System/Library/Frameworks/BackgroundAssets.framework/Headers/BADownloaderExtension.h
2026-06-03T08:46:47.1768240Z x iPhoneOS16.5.sdk/System/Library/Frameworks/BackgroundAssets.framework/Headers/BATypes.h
2026-06-03T08:46:47.1768780Z x iPhoneOS16.5.sdk/System/Library/Frameworks/BackgroundAssets.framework/Headers/BADownloadManager.h
2026-06-03T08:46:47.1769330Z x iPhoneOS16.5.sdk/System/Library/Frameworks/BackgroundAssets.framework/Headers/BAURLDownload.h
2026-06-03T08:46:47.1769870Z x iPhoneOS16.5.sdk/System/Library/Frameworks/BackgroundAssets.framework/BackgroundAssets.tbd
2026-06-03T08:46:47.1770450Z x iPhoneOS16.5.sdk/System/Library/Frameworks/UserNotifications.framework/
2026-06-03T08:46:47.1770880Z x iPhoneOS16.5.sdk/System/Library/Frameworks/UserNotifications.framework/Modules/
2026-06-03T08:46:47.1771400Z x iPhoneOS16.5.sdk/System/Library/Frameworks/UserNotifications.framework/Modules/module.modulemap
2026-06-03T08:46:47.1771890Z x iPhoneOS16.5.sdk/System/Library/Frameworks/UserNotifications.framework/Headers/
2026-06-03T08:46:47.1772410Z x iPhoneOS16.5.sdk/System/Library/Frameworks/UserNotifications.framework/Headers/UNNotificationActionIcon.h
2026-06-03T08:46:47.1773020Z x iPhoneOS16.5.sdk/System/Library/Frameworks/UserNotifications.framework/Headers/UNNotificationResponse.h
2026-06-03T08:46:47.1773570Z x iPhoneOS16.5.sdk/System/Library/Frameworks/UserNotifications.framework/Headers/UNError.h
2026-06-03T08:46:47.1774250Z x iPhoneOS16.5.sdk/System/Library/Frameworks/UserNotifications.framework/Headers/UNNotificationContent.h
2026-06-03T08:46:47.1774850Z x iPhoneOS16.5.sdk/System/Library/Frameworks/UserNotifications.framework/Headers/NSString+UserNotifications.h
2026-06-03T08:46:47.1775460Z x iPhoneOS16.5.sdk/System/Library/Frameworks/UserNotifications.framework/Headers/UserNotifications.h
2026-06-03T08:46:47.1776040Z x iPhoneOS16.5.sdk/System/Library/Frameworks/UserNotifications.framework/Headers/UNNotificationSettings.h
2026-06-03T08:46:47.1776630Z x iPhoneOS16.5.sdk/System/Library/Frameworks/UserNotifications.framework/Headers/UNNotificationTrigger.h
2026-06-03T08:46:47.1777210Z x iPhoneOS16.5.sdk/System/Library/Frameworks/UserNotifications.framework/Headers/UNNotificationRequest.h
2026-06-03T08:46:47.1777790Z x iPhoneOS16.5.sdk/System/Library/Frameworks/UserNotifications.framework/Headers/UNNotification.h
2026-06-03T08:46:47.1778730Z x iPhoneOS16.5.sdk/System/Library/Frameworks/UserNotifications.framework/Headers/UNNotificationAttachment.h
2026-06-03T08:46:47.1779480Z x iPhoneOS16.5.sdk/System/Library/Frameworks/UserNotifications.framework/Headers/UserNotifications.apinotes
2026-06-03T08:46:47.1780190Z x iPhoneOS16.5.sdk/System/Library/Frameworks/UserNotifications.framework/Headers/UNUserNotificationCenter.h
2026-06-03T08:46:47.1780830Z x iPhoneOS16.5.sdk/System/Library/Frameworks/UserNotifications.framework/Headers/UNNotificationServiceExtension.h
2026-06-03T08:46:47.1781450Z x iPhoneOS16.5.sdk/System/Library/Frameworks/UserNotifications.framework/Headers/UNNotificationSound.h
2026-06-03T08:46:47.1784240Z x iPhoneOS16.5.sdk/System/Library/Frameworks/UserNotifications.framework/Headers/UNNotificationAction.h
2026-06-03T08:46:47.1784850Z x iPhoneOS16.5.sdk/System/Library/Frameworks/UserNotifications.framework/Headers/UNNotificationCategory.h
2026-06-03T08:46:47.1785420Z x iPhoneOS16.5.sdk/System/Library/Frameworks/UserNotifications.framework/UserNotifications.tbd
2026-06-03T08:46:47.1785920Z x iPhoneOS16.5.sdk/System/Library/Frameworks/_AuthenticationServices_SwiftUI.framework
2026-06-03T08:46:47.1786340Z x iPhoneOS16.5.sdk/System/Library/Frameworks/StoreKit.framework/
2026-06-03T08:46:47.1786720Z x iPhoneOS16.5.sdk/System/Library/Frameworks/StoreKit.framework/Modules/
2026-06-03T08:46:47.1787250Z x iPhoneOS16.5.sdk/System/Library/Frameworks/StoreKit.framework/Modules/module.modulemap
2026-06-03T08:46:47.1787880Z x iPhoneOS16.5.sdk/System/Library/Frameworks/StoreKit.framework/Modules/StoreKit.swiftcrossimport/
2026-06-03T08:46:47.1788500Z x iPhoneOS16.5.sdk/System/Library/Frameworks/StoreKit.framework/Modules/StoreKit.swiftcrossimport/SwiftUI.swiftoverlay
2026-06-03T08:46:47.1791350Z x iPhoneOS16.5.sdk/System/Library/Frameworks/StoreKit.framework/Modules/StoreKit.swiftmodule/
2026-06-03T08:46:47.1793670Z x iPhoneOS16.5.sdk/System/Library/Frameworks/StoreKit.framework/Modules/StoreKit.swiftmodule/arm64e-apple-ios.swiftdoc
2026-06-03T08:46:47.1794920Z x iPhoneOS16.5.sdk/System/Library/Frameworks/StoreKit.framework/Modules/StoreKit.swiftmodule/arm64-apple-ios.swiftdoc
2026-06-03T08:46:47.1798340Z x iPhoneOS16.5.sdk/System/Library/Frameworks/StoreKit.framework/Modules/StoreKit.swiftmodule/arm64e-apple-ios.swiftinterface
2026-06-03T08:46:47.1800680Z x iPhoneOS16.5.sdk/System/Library/Frameworks/StoreKit.framework/Modules/StoreKit.swiftmodule/arm64-apple-ios.swiftinterface
2026-06-03T08:46:47.1803870Z x iPhoneOS16.5.sdk/System/Library/Frameworks/StoreKit.framework/StoreKit.tbd
2026-06-03T08:46:47.1804250Z  34 16.6M   34 5806k    0     0  3309k      0  0:00:05  0:00:01  0:00:04 4072k
2026-06-03T08:46:47.1804620Z x iPhoneOS16.5.sdk/System/Library/Frameworks/StoreKit.framework/Headers/
2026-06-03T08:46:47.1805080Z x iPhoneOS16.5.sdk/System/Library/Frameworks/StoreKit.framework/Headers/SKArcadeService.h
2026-06-03T08:46:47.1805580Z x iPhoneOS16.5.sdk/System/Library/Frameworks/StoreKit.framework/Headers/SKPaymentDiscount.h
2026-06-03T08:46:47.1806050Z x iPhoneOS16.5.sdk/System/Library/Frameworks/StoreKit.framework/Headers/SKError.h
2026-06-03T08:46:47.1806500Z x iPhoneOS16.5.sdk/System/Library/Frameworks/StoreKit.framework/Headers/SKStorefront.h
2026-06-03T08:46:47.1808900Z x iPhoneOS16.5.sdk/System/Library/Frameworks/StoreKit.framework/Headers/SKAdNetwork.h
2026-06-03T08:46:47.1809460Z x iPhoneOS16.5.sdk/System/Library/Frameworks/StoreKit.framework/Headers/SKCloudServiceSetupViewController.h
2026-06-03T08:46:47.1810070Z x iPhoneOS16.5.sdk/System/Library/Frameworks/StoreKit.framework/Headers/SKAdImpression.h
2026-06-03T08:46:47.1810560Z x iPhoneOS16.5.sdk/System/Library/Frameworks/StoreKit.framework/Headers/StoreKit.apinotes
2026-06-03T08:46:47.1811020Z x iPhoneOS16.5.sdk/System/Library/Frameworks/StoreKit.framework/Headers/SKDownload.h
2026-06-03T08:46:47.1811480Z x iPhoneOS16.5.sdk/System/Library/Frameworks/StoreKit.framework/Headers/SKPayment.h
2026-06-03T08:46:47.1811950Z x iPhoneOS16.5.sdk/System/Library/Frameworks/StoreKit.framework/Headers/SKProductDiscount.h
2026-06-03T08:46:47.1812520Z x iPhoneOS16.5.sdk/System/Library/Frameworks/StoreKit.framework/Headers/SKPaymentTransaction.h
2026-06-03T08:46:47.1813020Z x iPhoneOS16.5.sdk/System/Library/Frameworks/StoreKit.framework/Headers/StoreKitDefines.h
2026-06-03T08:46:47.1813490Z x iPhoneOS16.5.sdk/System/Library/Frameworks/StoreKit.framework/Headers/SKRequest.h
2026-06-03T08:46:47.1813940Z x iPhoneOS16.5.sdk/System/Library/Frameworks/StoreKit.framework/Headers/SKOverlay.h
2026-06-03T08:46:47.1814430Z x iPhoneOS16.5.sdk/System/Library/Frameworks/StoreKit.framework/Headers/SKReceiptRefreshRequest.h
2026-06-03T08:46:47.1814980Z x iPhoneOS16.5.sdk/System/Library/Frameworks/StoreKit.framework/Headers/SKStoreProductViewController.h
2026-06-03T08:46:47.1815540Z x iPhoneOS16.5.sdk/System/Library/Frameworks/StoreKit.framework/Headers/SKStoreReviewController.h
2026-06-03T08:46:47.1816060Z x iPhoneOS16.5.sdk/System/Library/Frameworks/StoreKit.framework/Headers/SKPaymentQueue.h
2026-06-03T08:46:47.1816520Z x iPhoneOS16.5.sdk/System/Library/Frameworks/StoreKit.framework/Headers/StoreKit.h
2026-06-03T08:46:47.1817050Z x iPhoneOS16.5.sdk/System/Library/Frameworks/StoreKit.framework/Headers/SKProductStorePromotionController.h
2026-06-03T08:46:47.1817580Z x iPhoneOS16.5.sdk/System/Library/Frameworks/StoreKit.framework/Headers/SKANError.h
2026-06-03T08:46:47.1818260Z x iPhoneOS16.5.sdk/System/Library/Frameworks/StoreKit.framework/Headers/SKProduct.h
2026-06-03T08:46:47.1818840Z x iPhoneOS16.5.sdk/System/Library/Frameworks/StoreKit.framework/Headers/SKProductsRequest.h
2026-06-03T08:46:47.1819370Z x iPhoneOS16.5.sdk/System/Library/Frameworks/StoreKit.framework/Headers/SKCloudServiceController.h
2026-06-03T08:46:47.1819920Z x iPhoneOS16.5.sdk/System/Library/Frameworks/StoreKit.framework/Headers/SKOverlayTransitionContext.h
2026-06-03T08:46:47.1820470Z x iPhoneOS16.5.sdk/System/Library/Frameworks/StoreKit.framework/Headers/SKOverlayConfiguration.h
2026-06-03T08:46:47.1820950Z x iPhoneOS16.5.sdk/System/Library/Frameworks/_CoreLocationUI_SwiftUI.framework/
2026-06-03T08:46:47.1821410Z x iPhoneOS16.5.sdk/System/Library/Frameworks/_CoreLocationUI_SwiftUI.framework/Modules/
2026-06-03T08:46:47.1821930Z x iPhoneOS16.5.sdk/System/Library/Frameworks/_CoreLocationUI_SwiftUI.framework/Modules/module.modulemap
2026-06-03T08:46:47.1822720Z x iPhoneOS16.5.sdk/System/Library/Frameworks/_CoreLocationUI_SwiftUI.framework/Modules/_CoreLocationUI_SwiftUI.swiftmodule/
2026-06-03T08:46:47.1824540Z x iPhoneOS16.5.sdk/System/Library/Frameworks/_CoreLocationUI_SwiftUI.framework/Modules/_CoreLocationUI_SwiftUI.swiftmodule/arm64e-apple-ios.swiftdoc
2026-06-03T08:46:47.1825400Z x iPhoneOS16.5.sdk/System/Library/Frameworks/_CoreLocationUI_SwiftUI.framework/Modules/_CoreLocationUI_SwiftUI.swiftmodule/arm64-apple-ios.swiftdoc
2026-06-03T08:46:47.1826240Z x iPhoneOS16.5.sdk/System/Library/Frameworks/_CoreLocationUI_SwiftUI.framework/Modules/_CoreLocationUI_SwiftUI.swiftmodule/arm64e-apple-ios.swiftinterface
2026-06-03T08:46:47.1827100Z x iPhoneOS16.5.sdk/System/Library/Frameworks/_CoreLocationUI_SwiftUI.framework/Modules/_CoreLocationUI_SwiftUI.swiftmodule/arm64-apple-ios.swiftinterface
2026-06-03T08:46:47.1827760Z x iPhoneOS16.5.sdk/System/Library/Frameworks/_CoreLocationUI_SwiftUI.framework/Headers/
2026-06-03T08:46:47.1828320Z x iPhoneOS16.5.sdk/System/Library/Frameworks/_CoreLocationUI_SwiftUI.framework/Headers/_CoreLocationUI_SwiftUI.h
2026-06-03T08:46:47.1828940Z x iPhoneOS16.5.sdk/System/Library/Frameworks/_CoreLocationUI_SwiftUI.framework/_CoreLocationUI_SwiftUI.tbd
2026-06-03T08:46:47.1829410Z x iPhoneOS16.5.sdk/System/Library/Frameworks/AudioUnit.framework/
2026-06-03T08:46:47.1829780Z x iPhoneOS16.5.sdk/System/Library/Frameworks/AudioUnit.framework/Modules/
2026-06-03T08:46:47.1830210Z x iPhoneOS16.5.sdk/System/Library/Frameworks/AudioUnit.framework/Modules/module.modulemap
2026-06-03T08:46:47.1830660Z x iPhoneOS16.5.sdk/System/Library/Frameworks/AudioUnit.framework/Headers/
2026-06-03T08:46:47.1831090Z x iPhoneOS16.5.sdk/System/Library/Frameworks/AudioUnit.framework/Headers/AudioCodec.h
2026-06-03T08:46:47.1831560Z x iPhoneOS16.5.sdk/System/Library/Frameworks/AudioUnit.framework/Headers/AudioComponent.h
2026-06-03T08:46:47.1832030Z x iPhoneOS16.5.sdk/System/Library/Frameworks/AudioUnit.framework/Headers/AUParameters.h
2026-06-03T08:46:47.1832500Z x iPhoneOS16.5.sdk/System/Library/Frameworks/AudioUnit.framework/Headers/MusicDevice.h
2026-06-03T08:46:47.1832980Z x iPhoneOS16.5.sdk/System/Library/Frameworks/AudioUnit.framework/Headers/AUComponent.h
2026-06-03T08:46:47.1833470Z x iPhoneOS16.5.sdk/System/Library/Frameworks/AudioUnit.framework/Headers/AudioUnitProperties.h
2026-06-03T08:46:47.1833990Z x iPhoneOS16.5.sdk/System/Library/Frameworks/AudioUnit.framework/Headers/AudioUnitParameters.h
2026-06-03T08:46:47.1834540Z x iPhoneOS16.5.sdk/System/Library/Frameworks/AudioUnit.framework/Headers/AUAudioUnitImplementation.h
2026-06-03T08:46:47.1835040Z x iPhoneOS16.5.sdk/System/Library/Frameworks/AudioUnit.framework/Headers/AudioUnit.h
2026-06-03T08:46:47.1835510Z x iPhoneOS16.5.sdk/System/Library/Frameworks/AudioUnit.framework/Headers/AudioOutputUnit.h
2026-06-03T08:46:47.1835990Z x iPhoneOS16.5.sdk/System/Library/Frameworks/AudioUnit.framework/Headers/AUAudioUnit.h
2026-06-03T08:46:47.1836400Z x iPhoneOS16.5.sdk/System/Library/Frameworks/Contacts.framework/
2026-06-03T08:46:47.1836750Z x iPhoneOS16.5.sdk/System/Library/Frameworks/Contacts.framework/Modules/
2026-06-03T08:46:47.1837290Z x iPhoneOS16.5.sdk/System/Library/Frameworks/Contacts.framework/Modules/module.modulemap
2026-06-03T08:46:47.1837800Z x iPhoneOS16.5.sdk/System/Library/Frameworks/Contacts.framework/Modules/Contacts.swiftmodule/
2026-06-03T08:46:47.1838390Z x iPhoneOS16.5.sdk/System/Library/Frameworks/Contacts.framework/Modules/Contacts.swiftmodule/arm64e-apple-ios.swiftdoc
2026-06-03T08:46:47.1839060Z x iPhoneOS16.5.sdk/System/Library/Frameworks/Contacts.framework/Modules/Contacts.swiftmodule/arm64-apple-ios.swiftdoc
2026-06-03T08:46:47.1839740Z x iPhoneOS16.5.sdk/System/Library/Frameworks/Contacts.framework/Modules/Contacts.swiftmodule/arm64e-apple-ios.swiftinterface
2026-06-03T08:46:47.1840470Z x iPhoneOS16.5.sdk/System/Library/Frameworks/Contacts.framework/Modules/Contacts.swiftmodule/arm64-apple-ios.swiftinterface
2026-06-03T08:46:47.1862800Z x iPhoneOS16.5.sdk/System/Library/Frameworks/Contacts.framework/Headers/
2026-06-03T08:46:47.1863250Z x iPhoneOS16.5.sdk/System/Library/Frameworks/Contacts.framework/Headers/CNGroup.h
2026-06-03T08:46:47.1863780Z x iPhoneOS16.5.sdk/System/Library/Frameworks/Contacts.framework/Headers/CNPostalAddressFormatter.h
2026-06-03T08:46:47.1864330Z x iPhoneOS16.5.sdk/System/Library/Frameworks/Contacts.framework/Headers/CNGroup+Predicates.h
2026-06-03T08:46:47.1864840Z x iPhoneOS16.5.sdk/System/Library/Frameworks/Contacts.framework/Headers/CNContactFormatter.h
2026-06-03T08:46:47.1865350Z x iPhoneOS16.5.sdk/System/Library/Frameworks/Contacts.framework/Headers/CNContactFetchRequest.h
2026-06-03T08:46:47.1865850Z x iPhoneOS16.5.sdk/System/Library/Frameworks/Contacts.framework/Headers/CNFetchRequest.h
2026-06-03T08:46:47.1866460Z x iPhoneOS16.5.sdk/System/Library/Frameworks/Contacts.framework/Headers/CNContactRelation.h
2026-06-03T08:46:47.1866990Z x iPhoneOS16.5.sdk/System/Library/Frameworks/Contacts.framework/Headers/CNChangeHistoryEvent.h
2026-06-03T08:46:47.1867520Z x iPhoneOS16.5.sdk/System/Library/Frameworks/Contacts.framework/Headers/ContactsDefines.h
2026-06-03T08:46:47.1868060Z x iPhoneOS16.5.sdk/System/Library/Frameworks/Contacts.framework/Headers/CNContactVCardSerialization.h
2026-06-03T08:46:47.1868580Z x iPhoneOS16.5.sdk/System/Library/Frameworks/Contacts.framework/Headers/CNContainer.h
2026-06-03T08:46:47.1869180Z x iPhoneOS16.5.sdk/System/Library/Frameworks/Contacts.framework/Headers/CNInstantMessageAddress.h
2026-06-03T08:46:47.1869710Z x iPhoneOS16.5.sdk/System/Library/Frameworks/Contacts.framework/Headers/CNContainer+Predicates.h
2026-06-03T08:46:47.1870220Z x iPhoneOS16.5.sdk/System/Library/Frameworks/Contacts.framework/Headers/Contacts.apinotes
2026-06-03T08:46:47.1870700Z x iPhoneOS16.5.sdk/System/Library/Frameworks/Contacts.framework/Headers/CNSaveRequest.h
2026-06-03T08:46:47.1871170Z x iPhoneOS16.5.sdk/System/Library/Frameworks/Contacts.framework/Headers/CNMutableGroup.h
2026-06-03T08:46:47.1871630Z x iPhoneOS16.5.sdk/System/Library/Frameworks/Contacts.framework/Headers/CNContact.h
2026-06-03T08:46:47.1872100Z x iPhoneOS16.5.sdk/System/Library/Frameworks/Contacts.framework/Headers/CNPostalAddress.h
2026-06-03T08:46:47.1872560Z x iPhoneOS16.5.sdk/System/Library/Frameworks/Contacts.framework/Headers/Contacts.h
2026-06-03T08:46:47.1873070Z x iPhoneOS16.5.sdk/System/Library/Frameworks/Contacts.framework/Headers/CNMutablePostalAddress.h
2026-06-03T08:46:47.1873610Z x iPhoneOS16.5.sdk/System/Library/Frameworks/Contacts.framework/Headers/CNContact+NSItemProvider.h
2026-06-03T08:46:47.1874160Z x iPhoneOS16.5.sdk/System/Library/Frameworks/Contacts.framework/Headers/CNChangeHistoryFetchRequest.h
2026-06-03T08:46:47.1874980Z x iPhoneOS16.5.sdk/System/Library/Frameworks/Contacts.framework/Headers/CNError.h
2026-06-03T08:46:47.1875440Z x iPhoneOS16.5.sdk/System/Library/Frameworks/Contacts.framework/Headers/CNMutableContact.h
2026-06-03T08:46:47.1875940Z x iPhoneOS16.5.sdk/System/Library/Frameworks/Contacts.framework/Headers/CNContactProperty.h
2026-06-03T08:46:47.1876440Z x iPhoneOS16.5.sdk/System/Library/Frameworks/Contacts.framework/Headers/CNLabeledValue.h
2026-06-03T08:46:47.1877110Z x iPhoneOS16.5.sdk/System/Library/Frameworks/Contacts.framework/Headers/CNSocialProfile.h
2026-06-03T08:46:47.1877990Z x iPhoneOS16.5.sdk/System/Library/Frameworks/Contacts.framework/Headers/CNContactsUserDefaults.h
2026-06-03T08:46:47.1878710Z x iPhoneOS16.5.sdk/System/Library/Frameworks/Contacts.framework/Headers/CNFetchResult.h
2026-06-03T08:46:47.1879210Z x iPhoneOS16.5.sdk/System/Library/Frameworks/Contacts.framework/Headers/CNContact+Predicates.h
2026-06-03T08:46:47.1879700Z x iPhoneOS16.5.sdk/System/Library/Frameworks/Contacts.framework/Headers/CNContactStore.h
2026-06-03T08:46:47.1880180Z x iPhoneOS16.5.sdk/System/Library/Frameworks/Contacts.framework/Headers/CNPhoneNumber.h
2026-06-03T08:46:47.1880680Z x iPhoneOS16.5.sdk/System/Library/Frameworks/Contacts.framework/Contacts.tbd
2026-06-03T08:46:47.1881160Z x iPhoneOS16.5.sdk/System/Library/Frameworks/WidgetKit.framework/
2026-06-03T08:46:47.1881630Z x iPhoneOS16.5.sdk/System/Library/Frameworks/WidgetKit.framework/Modules/
2026-06-03T08:46:47.1882170Z x iPhoneOS16.5.sdk/System/Library/Frameworks/WidgetKit.framework/Modules/module.modulemap
2026-06-03T08:46:47.1882700Z x iPhoneOS16.5.sdk/System/Library/Frameworks/WidgetKit.framework/Modules/WidgetKit.swiftmodule/
2026-06-03T08:46:47.1883410Z x iPhoneOS16.5.sdk/System/Library/Frameworks/WidgetKit.framework/Modules/WidgetKit.swiftmodule/arm64e-apple-ios.swiftdoc
2026-06-03T08:46:47.1884180Z x iPhoneOS16.5.sdk/System/Library/Frameworks/WidgetKit.framework/Modules/WidgetKit.swiftmodule/arm64-apple-ios.swiftdoc
2026-06-03T08:46:47.1884880Z x iPhoneOS16.5.sdk/System/Library/Frameworks/WidgetKit.framework/Modules/WidgetKit.swiftmodule/arm64e-apple-ios.swiftinterface
2026-06-03T08:46:47.1885590Z x iPhoneOS16.5.sdk/System/Library/Frameworks/WidgetKit.framework/Modules/WidgetKit.swiftmodule/arm64-apple-ios.swiftinterface
2026-06-03T08:46:47.1886410Z x iPhoneOS16.5.sdk/System/Library/Frameworks/WidgetKit.framework/Headers/
2026-06-03T08:46:47.1886870Z x iPhoneOS16.5.sdk/System/Library/Frameworks/WidgetKit.framework/Headers/WidgetKit.h
2026-06-03T08:46:47.1887360Z x iPhoneOS16.5.sdk/System/Library/Frameworks/WidgetKit.framework/Headers/WGWidgetDefines.h
2026-06-03T08:46:47.1887830Z x iPhoneOS16.5.sdk/System/Library/Frameworks/WidgetKit.framework/WidgetKit.tbd
2026-06-03T08:46:47.1888240Z x iPhoneOS16.5.sdk/System/Library/Frameworks/OpenAL.framework/
2026-06-03T08:46:47.1888590Z x iPhoneOS16.5.sdk/System/Library/Frameworks/OpenAL.framework/Modules/
2026-06-03T08:46:47.1889010Z x iPhoneOS16.5.sdk/System/Library/Frameworks/OpenAL.framework/Modules/module.modulemap
2026-06-03T08:46:47.1889440Z x iPhoneOS16.5.sdk/System/Library/Frameworks/OpenAL.framework/Headers/
2026-06-03T08:46:47.1889880Z x iPhoneOS16.5.sdk/System/Library/Frameworks/OpenAL.framework/Headers/oalStaticBufferExtension.h
2026-06-03T08:46:47.1890370Z x iPhoneOS16.5.sdk/System/Library/Frameworks/OpenAL.framework/Headers/OpenAL.h
2026-06-03T08:46:47.1890860Z x iPhoneOS16.5.sdk/System/Library/Frameworks/OpenAL.framework/Headers/oalMacOSX_OALExtensions.h
2026-06-03T08:46:47.1891320Z x iPhoneOS16.5.sdk/System/Library/Frameworks/OpenAL.framework/Headers/al.h
2026-06-03T08:46:47.1891740Z x iPhoneOS16.5.sdk/System/Library/Frameworks/OpenAL.framework/Headers/alc.h
2026-06-03T08:46:47.1892130Z x iPhoneOS16.5.sdk/System/Library/Frameworks/OpenAL.framework/OpenAL.tbd
2026-06-03T08:46:47.1892480Z x iPhoneOS16.5.sdk/System/Library/Frameworks/GSS.framework/
2026-06-03T08:46:47.1892830Z x iPhoneOS16.5.sdk/System/Library/Frameworks/GSS.framework/Modules/
2026-06-03T08:46:47.1893220Z x iPhoneOS16.5.sdk/System/Library/Frameworks/GSS.framework/Modules/module.modulemap
2026-06-03T08:46:47.1893680Z x iPhoneOS16.5.sdk/System/Library/Frameworks/GSS.framework/GSS.tbd
2026-06-03T08:46:47.1894090Z x iPhoneOS16.5.sdk/System/Library/Frameworks/GSS.framework/Headers/
2026-06-03T08:46:47.1894470Z x iPhoneOS16.5.sdk/System/Library/Frameworks/GSS.framework/Headers/gssapi_krb5.h
2026-06-03T08:46:47.1894920Z x iPhoneOS16.5.sdk/System/Library/Frameworks/GSS.framework/Headers/gssapi_spnego.h
2026-06-03T08:46:47.1895460Z x iPhoneOS16.5.sdk/System/Library/Frameworks/GSS.framework/Headers/gssapi_protos.h
2026-06-03T08:46:47.1895900Z x iPhoneOS16.5.sdk/System/Library/Frameworks/GSS.framework/Headers/gssapi_oid.h
2026-06-03T08:46:47.1896330Z x iPhoneOS16.5.sdk/System/Library/Frameworks/GSS.framework/Headers/gssapi_apple.h
2026-06-03T08:46:47.1896740Z x iPhoneOS16.5.sdk/System/Library/Frameworks/GSS.framework/Headers/gssapi.h
2026-06-03T08:46:47.1897140Z x iPhoneOS16.5.sdk/System/Library/Frameworks/GSS.framework/Headers/GSS.h
2026-06-03T08:46:47.1897520Z x iPhoneOS16.5.sdk/System/Library/Frameworks/DeviceActivity.framework/
2026-06-03T08:46:47.1897910Z x iPhoneOS16.5.sdk/System/Library/Frameworks/DeviceActivity.framework/Modules/
2026-06-03T08:46:47.1898450Z x iPhoneOS16.5.sdk/System/Library/Frameworks/DeviceActivity.framework/Modules/DeviceActivity.swiftcrossimport/
2026-06-03T08:46:47.1899250Z x iPhoneOS16.5.sdk/System/Library/Frameworks/DeviceActivity.framework/Modules/DeviceActivity.swiftcrossimport/SwiftUI.swiftoverlay
2026-06-03T08:46:47.1899950Z x iPhoneOS16.5.sdk/System/Library/Frameworks/DeviceActivity.framework/Modules/DeviceActivity.swiftmodule/
2026-06-03T08:46:47.1900680Z x iPhoneOS16.5.sdk/System/Library/Frameworks/DeviceActivity.framework/Modules/DeviceActivity.swiftmodule/arm64e-apple-ios.swiftdoc
2026-06-03T08:46:47.1901420Z x iPhoneOS16.5.sdk/System/Library/Frameworks/DeviceActivity.framework/Modules/DeviceActivity.swiftmodule/arm64-apple-ios.swiftdoc
2026-06-03T08:46:47.1902280Z x iPhoneOS16.5.sdk/System/Library/Frameworks/DeviceActivity.framework/Modules/DeviceActivity.swiftmodule/arm64e-apple-ios.swiftinterface
2026-06-03T08:46:47.1903090Z x iPhoneOS16.5.sdk/System/Library/Frameworks/DeviceActivity.framework/Modules/DeviceActivity.swiftmodule/arm64-apple-ios.swiftinterface
2026-06-03T08:46:47.1903730Z x iPhoneOS16.5.sdk/System/Library/Frameworks/DeviceActivity.framework/DeviceActivity.tbd
2026-06-03T08:46:47.1904180Z x iPhoneOS16.5.sdk/System/Library/Frameworks/_AppIntents_UIKit.framework/
2026-06-03T08:46:47.1904600Z x iPhoneOS16.5.sdk/System/Library/Frameworks/_AppIntents_UIKit.framework/Modules/
2026-06-03T08:46:47.1905120Z x iPhoneOS16.5.sdk/System/Library/Frameworks/_AppIntents_UIKit.framework/Modules/_AppIntents_UIKit.swiftmodule/
2026-06-03T08:46:47.1905810Z x iPhoneOS16.5.sdk/System/Library/Frameworks/_AppIntents_UIKit.framework/Modules/_AppIntents_UIKit.swiftmodule/arm64e-apple-ios.swiftdoc
2026-06-03T08:46:47.1906560Z x iPhoneOS16.5.sdk/System/Library/Frameworks/_AppIntents_UIKit.framework/Modules/_AppIntents_UIKit.swiftmodule/arm64-apple-ios.swiftdoc
2026-06-03T08:46:47.1907330Z x iPhoneOS16.5.sdk/System/Library/Frameworks/_AppIntents_UIKit.framework/Modules/_AppIntents_UIKit.swiftmodule/arm64e-apple-ios.swiftinterface
2026-06-03T08:46:47.1908130Z x iPhoneOS16.5.sdk/System/Library/Frameworks/_AppIntents_UIKit.framework/Modules/_AppIntents_UIKit.swiftmodule/arm64-apple-ios.swiftinterface
2026-06-03T08:46:47.1908790Z x iPhoneOS16.5.sdk/System/Library/Frameworks/_AppIntents_UIKit.framework/_AppIntents_UIKit.tbd
2026-06-03T08:46:47.1909240Z x iPhoneOS16.5.sdk/System/Library/Frameworks/GameKit.framework/
2026-06-03T08:46:47.1909590Z x iPhoneOS16.5.sdk/System/Library/Frameworks/GameKit.framework/Modules/
2026-06-03T08:46:47.1910020Z x iPhoneOS16.5.sdk/System/Library/Frameworks/GameKit.framework/Modules/module.modulemap
2026-06-03T08:46:47.1911200Z x iPhoneOS16.5.sdk/System/Library/Frameworks/GameKit.framework/Headers/
2026-06-03T08:46:47.1911640Z x iPhoneOS16.5.sdk/System/Library/Frameworks/GameKit.framework/Headers/GKAccessPoint.h
2026-06-03T08:46:47.1912170Z x iPhoneOS16.5.sdk/System/Library/Frameworks/GameKit.framework/Headers/GKGameSessionEventListener.h
2026-06-03T08:46:47.1912690Z x iPhoneOS16.5.sdk/System/Library/Frameworks/GameKit.framework/Headers/GKChallenge.h
2026-06-03T08:46:47.1913180Z x iPhoneOS16.5.sdk/System/Library/Frameworks/GameKit.framework/Headers/GKLeaderboardScore.h
2026-06-03T08:46:47.1913810Z x iPhoneOS16.5.sdk/System/Library/Frameworks/GameKit.framework/Headers/GKPublicProtocols.h
2026-06-03T08:46:47.1914330Z x iPhoneOS16.5.sdk/System/Library/Frameworks/GameKit.framework/Headers/GKSavedGameListener.h
2026-06-03T08:46:47.1914840Z x iPhoneOS16.5.sdk/System/Library/Frameworks/GameKit.framework/Headers/GKBasePlayer.h
2026-06-03T08:46:47.1915330Z x iPhoneOS16.5.sdk/System/Library/Frameworks/GameKit.framework/Headers/GKPeerPickerController.h
2026-06-03T08:46:47.1916540Z x iPhoneOS16.5.sdk/System/Library/Frameworks/GameKit.framework/Headers/GKAchievementDescription.h
2026-06-03T08:46:47.1917210Z x iPhoneOS16.5.sdk/System/Library/Frameworks/GameKit.framework/Headers/GKLeaderboardSet.h
2026-06-03T08:46:47.1917790Z x iPhoneOS16.5.sdk/System/Library/Frameworks/GameKit.framework/Headers/GKEventListener.h
2026-06-03T08:46:47.1918290Z x iPhoneOS16.5.sdk/System/Library/Frameworks/GameKit.framework/Headers/GKNotificationBanner.h
2026-06-03T08:46:47.1918920Z x iPhoneOS16.5.sdk/System/Library/Frameworks/GameKit.framework/Headers/GKChallengeEventHandler.h
2026-06-03T08:46:47.1919420Z x iPhoneOS16.5.sdk/System/Library/Frameworks/GameKit.framework/Headers/GKMatchmaker.h
2026-06-03T08:46:47.1919940Z x iPhoneOS16.5.sdk/System/Library/Frameworks/GameKit.framework/Headers/GKAchievementViewController.h
2026-06-03T08:46:47.1920500Z x iPhoneOS16.5.sdk/System/Library/Frameworks/GameKit.framework/Headers/GKLeaderboardViewController.h
2026-06-03T08:46:47.1921000Z x iPhoneOS16.5.sdk/System/Library/Frameworks/GameKit.framework/Headers/GKError.h
2026-06-03T08:46:47.1921840Z x iPhoneOS16.5.sdk/System/Library/Frameworks/GameKit.framework/Headers/GKLocalPlayer.h
2026-06-03T08:46:47.1922310Z x iPhoneOS16.5.sdk/System/Library/Frameworks/GameKit.framework/Headers/GKVoiceChat.h
2026-06-03T08:46:47.1922840Z x iPhoneOS16.5.sdk/System/Library/Frameworks/GameKit.framework/Headers/GKDefines.h
2026-06-03T08:46:47.1923380Z x iPhoneOS16.5.sdk/System/Library/Frameworks/GameKit.framework/Headers/GameKit.apinotes
2026-06-03T08:46:47.1924010Z x iPhoneOS16.5.sdk/System/Library/Frameworks/GameKit.framework/Headers/GKVoiceChatService.h
2026-06-03T08:46:47.1924640Z x iPhoneOS16.5.sdk/System/Library/Frameworks/GameKit.framework/Headers/GKPlayer.h
2026-06-03T08:46:47.1926000Z x iPhoneOS16.5.sdk/System/Library/Frameworks/GameKit.framework/Headers/GKAchievement.h
2026-06-03T08:46:47.1926550Z x iPhoneOS16.5.sdk/System/Library/Frameworks/GameKit.framework/Headers/GKTurnBasedMatchmakerViewController.h
2026-06-03T08:46:47.1927180Z x iPhoneOS16.5.sdk/System/Library/Frameworks/GameKit.framework/Headers/GKSession.h
2026-06-03T08:46:47.1927620Z x iPhoneOS16.5.sdk/System/Library/Frameworks/GameKit.framework/Headers/GKScore.h
2026-06-03T08:46:47.1928180Z x iPhoneOS16.5.sdk/System/Library/Frameworks/GameKit.framework/Headers/GKGameSessionError.h
2026-06-03T08:46:47.1928680Z x iPhoneOS16.5.sdk/System/Library/Frameworks/GameKit.framework/Headers/GKSessionError.h
2026-06-03T08:46:47.1929390Z x iPhoneOS16.5.sdk/System/Library/Frameworks/GameKit.framework/Headers/GKFriendRequestComposeViewController.h
2026-06-03T08:46:47.1930000Z x iPhoneOS16.5.sdk/System/Library/Frameworks/GameKit.framework/Headers/GameKit.h
2026-06-03T08:46:47.1930570Z x iPhoneOS16.5.sdk/System/Library/Frameworks/GameKit.framework/Headers/GKGameCenterViewController.h
2026-06-03T08:46:47.1931870Z x iPhoneOS16.5.sdk/System/Library/Frameworks/GameKit.framework/Headers/GKGameSession.h
2026-06-03T08:46:47.1932350Z x iPhoneOS16.5.sdk/System/Library/Frameworks/GameKit.framework/Headers/GKPublicConstants.h
2026-06-03T08:46:47.1932910Z x iPhoneOS16.5.sdk/System/Library/Frameworks/GameKit.framework/Headers/GKSavedGame.h
2026-06-03T08:46:47.1933490Z x iPhoneOS16.5.sdk/System/Library/Frameworks/GameKit.framework/Headers/GKMatchmakerViewController.h
2026-06-03T08:46:47.1934010Z x iPhoneOS16.5.sdk/System/Library/Frameworks/GameKit.framework/Headers/GKLeaderboard.h
2026-06-03T08:46:47.1934620Z x iPhoneOS16.5.sdk/System/Library/Frameworks/GameKit.framework/Headers/GKGameSessionSharingViewController.h
2026-06-03T08:46:47.1935230Z x iPhoneOS16.5.sdk/System/Library/Frameworks/GameKit.framework/Headers/GKMatch.h
2026-06-03T08:46:47.1935900Z x iPhoneOS16.5.sdk/System/Library/Frameworks/GameKit.framework/Headers/GKCloudPlayer.h
2026-06-03T08:46:47.1936630Z x iPhoneOS16.5.sdk/System/Library/Frameworks/GameKit.framework/Headers/GKLeaderboardEntry.h
2026-06-03T08:46:47.1937200Z x iPhoneOS16.5.sdk/System/Library/Frameworks/GameKit.framework/Headers/GKTurnBasedMatch.h
2026-06-03T08:46:47.1937730Z x iPhoneOS16.5.sdk/System/Library/Frameworks/GameKit.framework/GameKit.tbd
2026-06-03T08:46:47.1938130Z x iPhoneOS16.5.sdk/System/Library/Frameworks/CoreTelephony.framework/
2026-06-03T08:46:47.1938600Z x iPhoneOS16.5.sdk/System/Library/Frameworks/CoreTelephony.framework/Modules/
2026-06-03T08:46:47.1939190Z x iPhoneOS16.5.sdk/System/Library/Frameworks/CoreTelephony.framework/Modules/module.modulemap
2026-06-03T08:46:47.1939990Z x iPhoneOS16.5.sdk/System/Library/Frameworks/CoreTelephony.framework/CoreTelephony.tbd
2026-06-03T08:46:47.1940680Z x iPhoneOS16.5.sdk/System/Library/Frameworks/CoreTelephony.framework/Headers/
2026-06-03T08:46:47.1941250Z x iPhoneOS16.5.sdk/System/Library/Frameworks/CoreTelephony.framework/Headers/CTSubscriber.h
2026-06-03T08:46:47.1941800Z x iPhoneOS16.5.sdk/System/Library/Frameworks/CoreTelephony.framework/Headers/CTSubscriberInfo.h
2026-06-03T08:46:47.1942410Z x iPhoneOS16.5.sdk/System/Library/Frameworks/CoreTelephony.framework/Headers/CTCellularPlanProvisioningRequest.h
2026-06-03T08:46:47.1951790Z x iPhoneOS16.5.sdk/System/Library/Frameworks/CoreTelephony.framework/Headers/CTTelephonyNetworkInfo.h
2026-06-03T08:46:47.1952370Z x iPhoneOS16.5.sdk/System/Library/Frameworks/CoreTelephony.framework/Headers/CTCallCenter.h
2026-06-03T08:46:47.1953010Z x iPhoneOS16.5.sdk/System/Library/Frameworks/CoreTelephony.framework/Headers/CoreTelephonyDefines.h
2026-06-03T08:46:47.1953630Z x iPhoneOS16.5.sdk/System/Library/Frameworks/CoreTelephony.framework/Headers/CTCellularData.h
2026-06-03T08:46:47.1954140Z x iPhoneOS16.5.sdk/System/Library/Frameworks/CoreTelephony.framework/Headers/CTCarrier.h
2026-06-03T08:46:47.1954620Z x iPhoneOS16.5.sdk/System/Library/Frameworks/CoreTelephony.framework/Headers/CTCall.h
2026-06-03T08:46:47.1955160Z x iPhoneOS16.5.sdk/System/Library/Frameworks/CoreTelephony.framework/Headers/CTCellularPlanProvisioning.h
2026-06-03T08:46:47.1955670Z x iPhoneOS16.5.sdk/System/Library/Frameworks/CoreTelephony.framework/Support/
2026-06-03T08:46:47.1956190Z x iPhoneOS16.5.sdk/System/Library/Frameworks/CoreTelephony.framework/Support/libCommCenterMCommandDrivers.tbd
2026-06-03T08:46:47.1956810Z x iPhoneOS16.5.sdk/System/Library/Frameworks/CoreTelephony.framework/Support/libSystemDetermination.tbd
2026-06-03T08:46:47.1957490Z x iPhoneOS16.5.sdk/System/Library/Frameworks/CoreTelephony.framework/Support/libCommCenterBase.tbd
2026-06-03T08:46:47.1958450Z x iPhoneOS16.5.sdk/System/Library/Frameworks/CoreTelephony.framework/Support/libCommCenterCommandDrivers.tbd
2026-06-03T08:46:47.1959120Z x iPhoneOS16.5.sdk/System/Library/Frameworks/CoreTelephony.framework/Support/libCellularDecoders.tbd
2026-06-03T08:46:47.1959690Z x iPhoneOS16.5.sdk/System/Library/Frameworks/CoreTelephony.framework/Support/CTParser.framework/
2026-06-03T08:46:47.1960410Z x iPhoneOS16.5.sdk/System/Library/Frameworks/CoreTelephony.framework/Support/CTParser.framework/CTParser.tbd
2026-06-03T08:46:47.1961240Z x iPhoneOS16.5.sdk/System/Library/Frameworks/CoreTelephony.framework/Support/libCommCenterAWDMetrics.tbd
2026-06-03T08:46:47.1961880Z x iPhoneOS16.5.sdk/System/Library/Frameworks/CoreTelephony.framework/Support/libCommCenterKCommandDrivers.tbd
2026-06-03T08:46:47.1962510Z x iPhoneOS16.5.sdk/System/Library/Frameworks/CoreTelephony.framework/Support/libCommCenterCNTargetData.tbd
2026-06-03T08:46:47.1962990Z x iPhoneOS16.5.sdk/System/Library/Frameworks/ImageIO.framework/
2026-06-03T08:46:47.1963360Z x iPhoneOS16.5.sdk/System/Library/Frameworks/ImageIO.framework/Modules/
2026-06-03T08:46:47.1963800Z x iPhoneOS16.5.sdk/System/Library/Frameworks/ImageIO.framework/Modules/module.modulemap
2026-06-03T08:46:47.1964390Z x iPhoneOS16.5.sdk/System/Library/Frameworks/ImageIO.framework/Headers/
2026-06-03T08:46:47.1964850Z x iPhoneOS16.5.sdk/System/Library/Frameworks/ImageIO.framework/Headers/CGImageDestination.h
2026-06-03T08:46:47.1965470Z x iPhoneOS16.5.sdk/System/Library/Frameworks/ImageIO.framework/Headers/ImageIO.h
2026-06-03T08:46:47.1965930Z x iPhoneOS16.5.sdk/System/Library/Frameworks/ImageIO.framework/Headers/CGImageAnimation.h
2026-06-03T08:46:47.1966430Z x iPhoneOS16.5.sdk/System/Library/Frameworks/ImageIO.framework/Headers/CGImageSource.h
2026-06-03T08:46:47.1966890Z x iPhoneOS16.5.sdk/System/Library/Frameworks/ImageIO.framework/Headers/CGImageMetadata.h
2026-06-03T08:46:47.1967460Z x iPhoneOS16.5.sdk/System/Library/Frameworks/ImageIO.framework/Headers/ImageIOBase.h
2026-06-03T08:46:47.1968070Z x iPhoneOS16.5.sdk/System/Library/Frameworks/ImageIO.framework/Headers/CGImageProperties.h
2026-06-03T08:46:47.1968660Z x iPhoneOS16.5.sdk/System/Library/Frameworks/ImageIO.framework/ImageIO.tbd
2026-06-03T08:46:47.1969030Z x iPhoneOS16.5.sdk/System/Library/Frameworks/Photos.framework/
2026-06-03T08:46:47.1969380Z x iPhoneOS16.5.sdk/System/Library/Frameworks/Photos.framework/Modules/
2026-06-03T08:46:47.1969790Z x iPhoneOS16.5.sdk/System/Library/Frameworks/Photos.framework/Modules/module.modulemap
2026-06-03T08:46:47.1970230Z x iPhoneOS16.5.sdk/System/Library/Frameworks/Photos.framework/Headers/
2026-06-03T08:46:47.1970640Z x iPhoneOS16.5.sdk/System/Library/Frameworks/Photos.framework/Headers/PHProject.h
2026-06-03T08:46:47.1971070Z x iPhoneOS16.5.sdk/System/Library/Frameworks/Photos.framework/Headers/PHCollection.h
2026-06-03T08:46:47.1971540Z x iPhoneOS16.5.sdk/System/Library/Frameworks/Photos.framework/Headers/PHAdjustmentData.h
2026-06-03T08:46:47.1972030Z x iPhoneOS16.5.sdk/System/Library/Frameworks/Photos.framework/Headers/PHProjectChangeRequest.h
2026-06-03T08:46:47.1972550Z x iPhoneOS16.5.sdk/System/Library/Frameworks/Photos.framework/Headers/PHAssetChangeRequest.h
2026-06-03T08:46:47.1972740Z x iPhoneOS16.5.sdk/System/Library/Frameworks/Photos.framework/Headers/PHFetchResult.h
2026-06-03T08:46:47.1972980Z x iPhoneOS16.5.sdk/System/Library/Frameworks/Photos.framework/Headers/PHLivePhotoEditingContext.h
2026-06-03T08:46:47.1973150Z x iPhoneOS16.5.sdk/System/Library/Frameworks/Photos.framework/Headers/PHChange.h
2026-06-03T08:46:47.1973370Z x iPhoneOS16.5.sdk/System/Library/Frameworks/Photos.framework/Headers/PHPersistentChangeToken.h
2026-06-03T08:46:47.1973540Z x iPhoneOS16.5.sdk/System/Library/Frameworks/Photos.framework/Headers/PHAsset.h
2026-06-03T08:46:47.1973730Z x iPhoneOS16.5.sdk/System/Library/Frameworks/Photos.framework/Headers/PHPhotoLibrary.h
2026-06-03T08:46:47.1973920Z x iPhoneOS16.5.sdk/System/Library/Frameworks/Photos.framework/Headers/PhotosTypes.h
2026-06-03T08:46:47.1974160Z x iPhoneOS16.5.sdk/System/Library/Frameworks/Photos.framework/Headers/PHAssetCollectionChangeRequest.h
2026-06-03T08:46:47.1974390Z x iPhoneOS16.5.sdk/System/Library/Frameworks/Photos.framework/Headers/PHAssetCreationRequest.h
2026-06-03T08:46:47.1974610Z x iPhoneOS16.5.sdk/System/Library/Frameworks/Photos.framework/Headers/PHAssetResourceManager.h
2026-06-03T08:46:47.1974820Z x iPhoneOS16.5.sdk/System/Library/Frameworks/Photos.framework/Headers/PHContentEditingInput.h
2026-06-03T08:46:47.1975000Z x iPhoneOS16.5.sdk/System/Library/Frameworks/Photos.framework/Headers/Photos.apinotes
2026-06-03T08:46:47.1975250Z x iPhoneOS16.5.sdk/System/Library/Frameworks/Photos.framework/Headers/PHPersistentObjectChangeDetails.h
2026-06-03T08:46:47.1975470Z x iPhoneOS16.5.sdk/System/Library/Frameworks/Photos.framework/Headers/PHContentEditingOutput.h
2026-06-03T08:46:47.1975660Z x iPhoneOS16.5.sdk/System/Library/Frameworks/Photos.framework/Headers/PHAssetResource.h
2026-06-03T08:46:47.1975840Z x iPhoneOS16.5.sdk/System/Library/Frameworks/Photos.framework/Headers/PHLivePhoto.h
2026-06-03T08:46:47.1976030Z x iPhoneOS16.5.sdk/System/Library/Frameworks/Photos.framework/Headers/PHImageManager.h
2026-06-03T08:46:47.1976280Z x iPhoneOS16.5.sdk/System/Library/Frameworks/Photos.framework/Headers/PHObject.h
2026-06-03T08:46:47.1976540Z x iPhoneOS16.5.sdk/System/Library/Frameworks/Photos.framework/Headers/PHPersistentChangeFetchResult.h
2026-06-03T08:46:47.1976740Z x iPhoneOS16.5.sdk/System/Library/Frameworks/Photos.framework/Headers/PHCloudIdentifier.h
2026-06-03T08:46:47.1976930Z x iPhoneOS16.5.sdk/System/Library/Frameworks/Photos.framework/Headers/PHChangeRequest.h
2026-06-03T08:46:47.1977120Z x iPhoneOS16.5.sdk/System/Library/Frameworks/Photos.framework/Headers/PHFetchOptions.h
2026-06-03T08:46:47.1977290Z x iPhoneOS16.5.sdk/System/Library/Frameworks/Photos.framework/Headers/PHError.h
2026-06-03T08:46:47.1977460Z x iPhoneOS16.5.sdk/System/Library/Frameworks/Photos.framework/Headers/Photos.h
2026-06-03T08:46:47.1977700Z x iPhoneOS16.5.sdk/System/Library/Frameworks/Photos.framework/Headers/PHCollectionListChangeRequest.h
2026-06-03T08:46:47.1977980Z x iPhoneOS16.5.sdk/System/Library/Frameworks/Photos.framework/Headers/PHPersistentChange.h
2026-06-03T08:46:47.1978160Z x iPhoneOS16.5.sdk/System/Library/Frameworks/Photos.framework/Photos.tbd
2026-06-03T08:46:47.1978310Z x iPhoneOS16.5.sdk/System/Library/Frameworks/MatterSupport.framework/
2026-06-03T08:46:47.1978480Z x iPhoneOS16.5.sdk/System/Library/Frameworks/MatterSupport.framework/Modules/
2026-06-03T08:46:47.1978730Z x iPhoneOS16.5.sdk/System/Library/Frameworks/MatterSupport.framework/Modules/MatterSupport.swiftmodule/
2026-06-03T08:46:47.1979080Z x iPhoneOS16.5.sdk/System/Library/Frameworks/MatterSupport.framework/Modules/MatterSupport.swiftmodule/arm64e-apple-ios.swiftdoc
2026-06-03T08:46:47.1979400Z x iPhoneOS16.5.sdk/System/Library/Frameworks/MatterSupport.framework/Modules/MatterSupport.swiftmodule/arm64-apple-ios.swiftdoc
2026-06-03T08:46:47.1979760Z x iPhoneOS16.5.sdk/System/Library/Frameworks/MatterSupport.framework/Modules/MatterSupport.swiftmodule/arm64e-apple-ios.swiftinterface
2026-06-03T08:46:47.1980100Z x iPhoneOS16.5.sdk/System/Library/Frameworks/MatterSupport.framework/Modules/MatterSupport.swiftmodule/arm64-apple-ios.swiftinterface
2026-06-03T08:46:47.1980330Z x iPhoneOS16.5.sdk/System/Library/Frameworks/MatterSupport.framework/Modules/module.modulemap
2026-06-03T08:46:47.1980520Z x iPhoneOS16.5.sdk/System/Library/Frameworks/MatterSupport.framework/MatterSupport.tbd
2026-06-03T08:46:47.1980760Z x iPhoneOS16.5.sdk/System/Library/Frameworks/MatterSupport.framework/Headers/
2026-06-03T08:46:47.1980970Z x iPhoneOS16.5.sdk/System/Library/Frameworks/MatterSupport.framework/Headers/MatterSupport.h
2026-06-03T08:46:47.1981110Z x iPhoneOS16.5.sdk/System/Library/Frameworks/DataDetection.framework/
2026-06-03T08:46:47.1981280Z x iPhoneOS16.5.sdk/System/Library/Frameworks/DataDetection.framework/Modules/
2026-06-03T08:46:47.1981490Z x iPhoneOS16.5.sdk/System/Library/Frameworks/DataDetection.framework/Modules/module.modulemap
2026-06-03T08:46:47.1981690Z x iPhoneOS16.5.sdk/System/Library/Frameworks/DataDetection.framework/DataDetection.tbd
2026-06-03T08:46:47.1981850Z x iPhoneOS16.5.sdk/System/Library/Frameworks/DataDetection.framework/Headers/
2026-06-03T08:46:47.1982050Z x iPhoneOS16.5.sdk/System/Library/Frameworks/DataDetection.framework/Headers/DDMatch.h
2026-06-03T08:46:47.1982260Z x iPhoneOS16.5.sdk/System/Library/Frameworks/DataDetection.framework/Headers/DataDetection.h
2026-06-03T08:46:47.1982480Z x iPhoneOS16.5.sdk/System/Library/Frameworks/DataDetection.framework/Headers/DataDetectionBase.h
2026-06-03T08:46:47.1982620Z x iPhoneOS16.5.sdk/System/Library/Frameworks/AppIntents.framework/
2026-06-03T08:46:47.1982780Z x iPhoneOS16.5.sdk/System/Library/Frameworks/AppIntents.framework/Modules/
2026-06-03T08:46:47.1982980Z x iPhoneOS16.5.sdk/System/Library/Frameworks/AppIntents.framework/Modules/module.modulemap
2026-06-03T08:46:47.1983210Z x iPhoneOS16.5.sdk/System/Library/Frameworks/AppIntents.framework/Modules/AppIntents.swiftmodule/
2026-06-03T08:46:47.1983520Z x iPhoneOS16.5.sdk/System/Library/Frameworks/AppIntents.framework/Modules/AppIntents.swiftmodule/arm64e-apple-ios.swiftdoc
2026-06-03T08:46:47.1984050Z x iPhoneOS16.5.sdk/System/Library/Frameworks/AppIntents.framework/Modules/AppIntents.swiftmodule/arm64-apple-ios.swiftdoc
2026-06-03T08:46:47.1984410Z x iPhoneOS16.5.sdk/System/Library/Frameworks/AppIntents.framework/Modules/AppIntents.swiftmodule/arm64e-apple-ios.swiftinterface
2026-06-03T08:46:47.1984740Z x iPhoneOS16.5.sdk/System/Library/Frameworks/AppIntents.framework/Modules/AppIntents.swiftmodule/arm64-apple-ios.swiftinterface
2026-06-03T08:46:47.1984990Z x iPhoneOS16.5.sdk/System/Library/Frameworks/AppIntents.framework/Modules/AppIntents.swiftcrossimport/
2026-06-03T08:46:47.1985290Z x iPhoneOS16.5.sdk/System/Library/Frameworks/AppIntents.framework/Modules/AppIntents.swiftcrossimport/UIKit.swiftoverlay
2026-06-03T08:46:47.1985600Z x iPhoneOS16.5.sdk/System/Library/Frameworks/AppIntents.framework/Modules/AppIntents.swiftcrossimport/SwiftUI.swiftoverlay
2026-06-03T08:46:47.1985830Z x iPhoneOS16.5.sdk/System/Library/Frameworks/AppIntents.framework/Headers/
2026-06-03T08:46:47.1986070Z x iPhoneOS16.5.sdk/System/Library/Frameworks/AppIntents.framework/Headers/AppIntents.h
2026-06-03T08:46:47.1986240Z x iPhoneOS16.5.sdk/System/Library/Frameworks/AppIntents.framework/AppIntents.tbd
2026-06-03T08:46:47.1986390Z x iPhoneOS16.5.sdk/System/Library/Frameworks/_QuickLook_SwiftUI.framework/
2026-06-03T08:46:47.1986560Z x iPhoneOS16.5.sdk/System/Library/Frameworks/_QuickLook_SwiftUI.framework/Modules/
2026-06-03T08:46:47.1986840Z x iPhoneOS16.5.sdk/System/Library/Frameworks/_QuickLook_SwiftUI.framework/Modules/_QuickLook_SwiftUI.swiftmodule/
2026-06-03T08:46:47.1987180Z x iPhoneOS16.5.sdk/System/Library/Frameworks/_QuickLook_SwiftUI.framework/Modules/_QuickLook_SwiftUI.swiftmodule/arm64e-apple-ios.swiftdoc
2026-06-03T08:46:47.1987510Z x iPhoneOS16.5.sdk/System/Library/Frameworks/_QuickLook_SwiftUI.framework/Modules/_QuickLook_SwiftUI.swiftmodule/arm64-apple-ios.swiftdoc
2026-06-03T08:46:47.1987880Z x iPhoneOS16.5.sdk/System/Library/Frameworks/_QuickLook_SwiftUI.framework/Modules/_QuickLook_SwiftUI.swiftmodule/arm64e-apple-ios.swiftinterface
2026-06-03T08:46:47.1988240Z x iPhoneOS16.5.sdk/System/Library/Frameworks/_QuickLook_SwiftUI.framework/Modules/_QuickLook_SwiftUI.swiftmodule/arm64-apple-ios.swiftinterface
2026-06-03T08:46:47.1988460Z x iPhoneOS16.5.sdk/System/Library/Frameworks/_QuickLook_SwiftUI.framework/_QuickLook_SwiftUI.tbd
2026-06-03T08:46:47.1988590Z x iPhoneOS16.5.sdk/System/Library/Frameworks/PushKit.framework/
2026-06-03T08:46:47.1988730Z x iPhoneOS16.5.sdk/System/Library/Frameworks/PushKit.framework/Modules/
2026-06-03T08:46:47.1988930Z x iPhoneOS16.5.sdk/System/Library/Frameworks/PushKit.framework/Modules/module.modulemap
2026-06-03T08:46:47.1989080Z x iPhoneOS16.5.sdk/System/Library/Frameworks/PushKit.framework/Headers/
2026-06-03T08:46:47.1989270Z x iPhoneOS16.5.sdk/System/Library/Frameworks/PushKit.framework/Headers/PKPushRegistry.h
2026-06-03T08:46:47.1989470Z x iPhoneOS16.5.sdk/System/Library/Frameworks/PushKit.framework/Headers/PKPushCredentials.h
2026-06-03T08:46:47.1989670Z x iPhoneOS16.5.sdk/System/Library/Frameworks/PushKit.framework/Headers/PKPushPayload.h
2026-06-03T08:46:47.1989850Z x iPhoneOS16.5.sdk/System/Library/Frameworks/PushKit.framework/Headers/PushKit.h
2026-06-03T08:46:47.1990040Z x iPhoneOS16.5.sdk/System/Library/Frameworks/PushKit.framework/Headers/PushKit.apinotes
2026-06-03T08:46:47.1990230Z x iPhoneOS16.5.sdk/System/Library/Frameworks/PushKit.framework/Headers/PKDefines.h
2026-06-03T08:46:47.1990390Z x iPhoneOS16.5.sdk/System/Library/Frameworks/PushKit.framework/PushKit.tbd
2026-06-03T08:46:47.1990510Z x iPhoneOS16.5.sdk/System/Library/Frameworks/iAd.framework/
2026-06-03T08:46:47.1990640Z x iPhoneOS16.5.sdk/System/Library/Frameworks/iAd.framework/Modules/
2026-06-03T08:46:47.1990820Z x iPhoneOS16.5.sdk/System/Library/Frameworks/iAd.framework/Modules/module.modulemap
2026-06-03T08:46:47.1990950Z x iPhoneOS16.5.sdk/System/Library/Frameworks/iAd.framework/Headers/
2026-06-03T08:46:47.1991110Z x iPhoneOS16.5.sdk/System/Library/Frameworks/iAd.framework/Headers/iAd.h
2026-06-03T08:46:47.1991350Z x iPhoneOS16.5.sdk/System/Library/Frameworks/iAd.framework/Headers/ADClient.h
2026-06-03T08:46:47.1991520Z x iPhoneOS16.5.sdk/System/Library/Frameworks/iAd.framework/Headers/iAd.apinotes
2026-06-03T08:46:47.1991660Z x iPhoneOS16.5.sdk/System/Library/Frameworks/iAd.framework/iAd.tbd
2026-06-03T08:46:47.1991820Z x iPhoneOS16.5.sdk/System/Library/Frameworks/ExtensionFoundation.framework/
2026-06-03T08:46:47.1992020Z x iPhoneOS16.5.sdk/System/Library/Frameworks/ExtensionFoundation.framework/Modules/
2026-06-03T08:46:47.1992280Z x iPhoneOS16.5.sdk/System/Library/Frameworks/ExtensionFoundation.framework/Modules/module.modulemap
2026-06-03T08:46:47.1992460Z x iPhoneOS16.5.sdk/System/Library/Frameworks/ExtensionFoundation.framework/Headers/
2026-06-03T08:46:47.1992720Z x iPhoneOS16.5.sdk/System/Library/Frameworks/ExtensionFoundation.framework/Headers/ExtensionFoundation.h
2026-06-03T08:46:47.1993110Z x iPhoneOS16.5.sdk/System/Library/Frameworks/ExtensionFoundation.framework/Headers/EXMacros.h
2026-06-03T08:46:47.1993350Z x iPhoneOS16.5.sdk/System/Library/Frameworks/ExtensionFoundation.framework/ExtensionFoundation.tbd
2026-06-03T08:46:47.1993500Z x iPhoneOS16.5.sdk/System/Library/Frameworks/IdentityLookup.framework/
2026-06-03T08:46:47.1993680Z x iPhoneOS16.5.sdk/System/Library/Frameworks/IdentityLookup.framework/Modules/
2026-06-03T08:46:47.1993890Z x iPhoneOS16.5.sdk/System/Library/Frameworks/IdentityLookup.framework/Modules/module.modulemap
2026-06-03T08:46:47.1994060Z x iPhoneOS16.5.sdk/System/Library/Frameworks/IdentityLookup.framework/Headers/
2026-06-03T08:46:47.1994320Z x iPhoneOS16.5.sdk/System/Library/Frameworks/IdentityLookup.framework/Headers/ILClassificationResponse.h
2026-06-03T08:46:47.1994540Z x iPhoneOS16.5.sdk/System/Library/Frameworks/IdentityLookup.framework/Headers/ILCommunication.h
2026-06-03T08:46:47.1994850Z x iPhoneOS16.5.sdk/System/Library/Frameworks/IdentityLookup.framework/Headers/ILMessageFilterCapabilitiesQueryRequest.h
2026-06-03T08:46:47.1995140Z x iPhoneOS16.5.sdk/System/Library/Frameworks/IdentityLookup.framework/Headers/ILCallClassificationRequest.h
2026-06-03T08:46:47.1995390Z x iPhoneOS16.5.sdk/System/Library/Frameworks/IdentityLookup.framework/Headers/IdentityLookup.apinotes
2026-06-03T08:46:47.1995610Z x iPhoneOS16.5.sdk/System/Library/Frameworks/IdentityLookup.framework/Headers/IdentityLookup.h
2026-06-03T08:46:47.1995870Z x iPhoneOS16.5.sdk/System/Library/Frameworks/IdentityLookup.framework/Headers/ILMessageFilterQueryRequest.h
2026-06-03T08:46:47.1996070Z x iPhoneOS16.5.sdk/System/Library/Frameworks/IdentityLookup.framework/Headers/ILBase.h
2026-06-03T08:46:47.1996300Z x iPhoneOS16.5.sdk/System/Library/Frameworks/IdentityLookup.framework/Headers/ILMessageFilterError.h
2026-06-03T08:46:47.1996580Z x iPhoneOS16.5.sdk/System/Library/Frameworks/IdentityLookup.framework/Headers/ILMessageFilterQueryHandling.h
2026-06-03T08:46:47.1996830Z x iPhoneOS16.5.sdk/System/Library/Frameworks/IdentityLookup.framework/Headers/ILMessageFilterExtension.h
2026-06-03T08:46:47.1997060Z x iPhoneOS16.5.sdk/System/Library/Frameworks/IdentityLookup.framework/Headers/ILNetworkResponse.h
2026-06-03T08:46:47.1997300Z x iPhoneOS16.5.sdk/System/Library/Frameworks/IdentityLookup.framework/Headers/ILCallCommunication.h
2026-06-03T08:46:47.1997610Z x iPhoneOS16.5.sdk/System/Library/Frameworks/IdentityLookup.framework/Headers/ILMessageFilterCapabilitiesQueryHandling.h
2026-06-03T08:46:47.1997880Z x iPhoneOS16.5.sdk/System/Library/Frameworks/IdentityLookup.framework/Headers/ILMessageFilterQueryResponse.h
2026-06-03T08:46:47.1998160Z x iPhoneOS16.5.sdk/System/Library/Frameworks/IdentityLookup.framework/Headers/ILMessageFilterExtensionContext.h
2026-06-03T08:46:47.1998520Z x iPhoneOS16.5.sdk/System/Library/Frameworks/IdentityLookup.framework/Headers/ILMessageClassificationRequest.h
2026-06-03T08:46:47.1998760Z x iPhoneOS16.5.sdk/System/Library/Frameworks/IdentityLookup.framework/Headers/ILMessageFilterAction.h
2026-06-03T08:46:47.1999020Z x iPhoneOS16.5.sdk/System/Library/Frameworks/IdentityLookup.framework/Headers/ILClassificationRequest.h
2026-06-03T08:46:47.1999340Z x iPhoneOS16.5.sdk/System/Library/Frameworks/IdentityLookup.framework/Headers/ILClassificationActions.h
2026-06-03T08:46:47.1999590Z x iPhoneOS16.5.sdk/System/Library/Frameworks/IdentityLookup.framework/Headers/ILMessageCommunication.h
2026-06-03T08:46:47.1999900Z x iPhoneOS16.5.sdk/System/Library/Frameworks/IdentityLookup.framework/Headers/ILMessageFilterCapabilitiesQueryResponse.h
2026-06-03T08:46:47.2000100Z x iPhoneOS16.5.sdk/System/Library/Frameworks/IdentityLookup.framework/IdentityLookup.tbd
2026-06-03T08:46:47.2000240Z x iPhoneOS16.5.sdk/System/Library/Frameworks/_AVKit_SwiftUI.framework/
2026-06-03T08:46:47.2000410Z x iPhoneOS16.5.sdk/System/Library/Frameworks/_AVKit_SwiftUI.framework/Modules/
2026-06-03T08:46:47.2000660Z x iPhoneOS16.5.sdk/System/Library/Frameworks/_AVKit_SwiftUI.framework/Modules/_AVKit_SwiftUI.swiftmodule/
2026-06-03T08:46:47.2001030Z x iPhoneOS16.5.sdk/System/Library/Frameworks/_AVKit_SwiftUI.framework/Modules/_AVKit_SwiftUI.swiftmodule/arm64e-apple-ios.swiftdoc
2026-06-03T08:46:47.2001370Z x iPhoneOS16.5.sdk/System/Library/Frameworks/_AVKit_SwiftUI.framework/Modules/_AVKit_SwiftUI.swiftmodule/arm64-apple-ios.swiftdoc
2026-06-03T08:46:47.2001710Z x iPhoneOS16.5.sdk/System/Library/Frameworks/_AVKit_SwiftUI.framework/Modules/_AVKit_SwiftUI.swiftmodule/arm64e-apple-ios.swiftinterface
2026-06-03T08:46:47.2002040Z x iPhoneOS16.5.sdk/System/Library/Frameworks/_AVKit_SwiftUI.framework/Modules/_AVKit_SwiftUI.swiftmodule/arm64-apple-ios.swiftinterface
2026-06-03T08:46:47.2002230Z x iPhoneOS16.5.sdk/System/Library/Frameworks/_AVKit_SwiftUI.framework/_AVKit_SwiftUI.tbd
2026-06-03T08:46:47.2002360Z x iPhoneOS16.5.sdk/System/Library/Frameworks/Combine.framework/
2026-06-03T08:46:47.2002510Z x iPhoneOS16.5.sdk/System/Library/Frameworks/Combine.framework/Modules/
2026-06-03T08:46:47.2002720Z x iPhoneOS16.5.sdk/System/Library/Frameworks/Combine.framework/Modules/Combine.swiftmodule/
2026-06-03T08:46:47.2003010Z x iPhoneOS16.5.sdk/System/Library/Frameworks/Combine.framework/Modules/Combine.swiftmodule/arm64e-apple-ios.swiftdoc
2026-06-03T08:46:47.2003300Z x iPhoneOS16.5.sdk/System/Library/Frameworks/Combine.framework/Modules/Combine.swiftmodule/arm64-apple-ios.swiftdoc
2026-06-03T08:46:47.2003600Z x iPhoneOS16.5.sdk/System/Library/Frameworks/Combine.framework/Modules/Combine.swiftmodule/arm64e-apple-ios.swiftinterface
2026-06-03T08:46:47.2003900Z x iPhoneOS16.5.sdk/System/Library/Frameworks/Combine.framework/Modules/Combine.swiftmodule/arm64-apple-ios.swiftinterface
2026-06-03T08:46:47.2004060Z x iPhoneOS16.5.sdk/System/Library/Frameworks/Combine.framework/Combine.tbd
2026-06-03T08:46:47.2004190Z x iPhoneOS16.5.sdk/System/Library/Frameworks/ScreenTime.framework/
2026-06-03T08:46:47.2004340Z x iPhoneOS16.5.sdk/System/Library/Frameworks/ScreenTime.framework/Modules/
2026-06-03T08:46:47.2004550Z x iPhoneOS16.5.sdk/System/Library/Frameworks/ScreenTime.framework/Modules/module.modulemap
2026-06-03T08:46:47.2004730Z x iPhoneOS16.5.sdk/System/Library/Frameworks/ScreenTime.framework/ScreenTime.tbd
2026-06-03T08:46:47.2004880Z x iPhoneOS16.5.sdk/System/Library/Frameworks/ScreenTime.framework/Headers/
2026-06-03T08:46:47.2005070Z x iPhoneOS16.5.sdk/System/Library/Frameworks/ScreenTime.framework/Headers/ScreenTime.h
2026-06-03T08:46:47.2005310Z x iPhoneOS16.5.sdk/System/Library/Frameworks/ScreenTime.framework/Headers/STScreenTimeConfiguration.h
2026-06-03T08:46:47.2005540Z x iPhoneOS16.5.sdk/System/Library/Frameworks/ScreenTime.framework/Headers/STWebpageController.h
2026-06-03T08:46:47.2005730Z x iPhoneOS16.5.sdk/System/Library/Frameworks/ScreenTime.framework/Headers/STWebHistory.h
2026-06-03T08:46:47.2005860Z x iPhoneOS16.5.sdk/System/Library/Frameworks/PassKit.framework/
2026-06-03T08:46:47.2006010Z x iPhoneOS16.5.sdk/System/Library/Frameworks/PassKit.framework/Modules/
2026-06-03T08:46:47.2006200Z x iPhoneOS16.5.sdk/System/Library/Frameworks/PassKit.framework/Modules/module.modulemap
2026-06-03T08:46:47.2006430Z x iPhoneOS16.5.sdk/System/Library/Frameworks/PassKit.framework/Modules/PassKit.swiftcrossimport/
2026-06-03T08:46:47.2006790Z x iPhoneOS16.5.sdk/System/Library/Frameworks/PassKit.framework/Modules/PassKit.swiftcrossimport/SwiftUI.swiftoverlay
2026-06-03T08:46:47.2006940Z x iPhoneOS16.5.sdk/System/Library/Frameworks/PassKit.framework/Headers/
2026-06-03T08:46:47.2007150Z x iPhoneOS16.5.sdk/System/Library/Frameworks/PassKit.framework/Headers/PKIdentityDocument.h
2026-06-03T08:46:47.2007350Z x iPhoneOS16.5.sdk/System/Library/Frameworks/PassKit.framework/Headers/PKShippingMethod.h
2026-06-03T08:46:47.2007610Z x iPhoneOS16.5.sdk/System/Library/Frameworks/PassKit.framework/Headers/PKStoredValuePassBalance.h
2026-06-03T08:46:47.2007880Z x iPhoneOS16.5.sdk/System/Library/Frameworks/PassKit.framework/Headers/PKDisbursementAuthorizationController.h
2026-06-03T08:46:47.2008130Z x iPhoneOS16.5.sdk/System/Library/Frameworks/PassKit.framework/Headers/PKStoredValuePassProperties.h
2026-06-03T08:46:47.2008390Z x iPhoneOS16.5.sdk/System/Library/Frameworks/PassKit.framework/Headers/PKContact.h
2026-06-03T08:46:47.2008570Z x iPhoneOS16.5.sdk/System/Library/Frameworks/PassKit.framework/Headers/PassKit.h
2026-06-03T08:46:47.2008840Z x iPhoneOS16.5.sdk/System/Library/Frameworks/PassKit.framework/Headers/PKIssuerProvisioningExtensionStatus.h
2026-06-03T08:46:47.2009040Z x iPhoneOS16.5.sdk/System/Library/Frameworks/PassKit.framework/Headers/PKPaymentRequest.h
2026-06-03T08:46:47.2009270Z x iPhoneOS16.5.sdk/System/Library/Frameworks/PassKit.framework/Headers/PKSecureElementPass.h
2026-06-03T08:46:47.2009440Z x iPhoneOS16.5.sdk/System/Library/Frameworks/PassKit.framework/Headers/PKObject.h
2026-06-03T08:46:47.2009620Z x iPhoneOS16.5.sdk/System/Library/Frameworks/PassKit.framework/Headers/PKError.h
2026-06-03T08:46:47.2009840Z x iPhoneOS16.5.sdk/System/Library/Frameworks/PassKit.framework/Headers/PKPaymentRequestStatus.h
2026-06-03T08:46:47.2010060Z x iPhoneOS16.5.sdk/System/Library/Frameworks/PassKit.framework/Headers/PKIdentityIntentToStore.h
2026-06-03T08:46:47.2010330Z x iPhoneOS16.5.sdk/System/Library/Frameworks/PassKit.framework/Headers/PKPaymentAuthorizationController.h
2026-06-03T08:46:47.2010570Z x iPhoneOS16.5.sdk/System/Library/Frameworks/PassKit.framework/Headers/PKAddCarKeyPassConfiguration.h
2026-06-03T08:46:47.2010900Z x iPhoneOS16.5.sdk/System/Library/Frameworks/PassKit.framework/Headers/PKIssuerProvisioningExtensionAuthorizationProviding.h
2026-06-03T08:46:47.2011130Z x iPhoneOS16.5.sdk/System/Library/Frameworks/PassKit.framework/Headers/PKAddPassesViewController.h
2026-06-03T08:46:47.2011390Z x iPhoneOS16.5.sdk/System/Library/Frameworks/PassKit.framework/Headers/PKAddPaymentPassViewController.h
2026-06-03T08:46:47.2011610Z x iPhoneOS16.5.sdk/System/Library/Frameworks/PassKit.framework/Headers/PKDeferredPaymentRequest.h
2026-06-03T08:46:47.2011860Z x iPhoneOS16.5.sdk/System/Library/Frameworks/PassKit.framework/Headers/PKBarcodeEventMetadataRequest.h
2026-06-03T08:46:47.2012120Z x iPhoneOS16.5.sdk/System/Library/Frameworks/PassKit.framework/Headers/PKAddShareablePassConfiguration.h
2026-06-03T08:46:47.2012310Z x iPhoneOS16.5.sdk/System/Library/Frameworks/PassKit.framework/Headers/PKPaymentToken.h
2026-06-03T08:46:47.2012530Z x iPhoneOS16.5.sdk/System/Library/Frameworks/PassKit.framework/Headers/PKDisbursementVoucher.h
2026-06-03T08:46:47.2012820Z x iPhoneOS16.5.sdk/System/Library/Frameworks/PassKit.framework/Headers/PKPaymentAuthorizationViewController.h
2026-06-03T08:46:47.2013060Z x iPhoneOS16.5.sdk/System/Library/Frameworks/PassKit.framework/Headers/PKAddPaymentPassRequest.h
2026-06-03T08:46:47.2013260Z x iPhoneOS16.5.sdk/System/Library/Frameworks/PassKit.framework/Headers/PKAddPassButton.h
2026-06-03T08:46:47.2013430Z x iPhoneOS16.5.sdk/System/Library/Frameworks/PassKit.framework/Headers/PKPass.h
2026-06-03T08:46:47.2013660Z x iPhoneOS16.5.sdk/System/Library/Frameworks/PassKit.framework/Headers/PKPaymentMerchantSession.h
2026-06-03T08:46:47.2013930Z x iPhoneOS16.5.sdk/System/Library/Frameworks/PassKit.framework/Headers/PKIssuerProvisioningExtensionHandler.h
2026-06-03T08:46:47.2014590Z x iPhoneOS16.5.sdk/System/Library/Frameworks/PassKit.framework/Headers/PKPaymentPass.h
2026-06-03T08:46:47.2014940Z x iPhoneOS16.5.sdk/System/Library/Frameworks/PassKit.framework/Headers/PKDisbursementRequest.h
2026-06-03T08:46:47.2015200Z x iPhoneOS16.5.sdk/System/Library/Frameworks/PassKit.framework/Headers/PKDeferredPaymentSummaryItem.h
2026-06-03T08:46:47.2015450Z x iPhoneOS16.5.sdk/System/Library/Frameworks/PassKit.framework/Headers/PKVehicleConnectionSession.h
2026-06-03T08:46:47.2015650Z x iPhoneOS16.5.sdk/System/Library/Frameworks/PassKit.framework/Headers/PKPaymentButton.h
2026-06-03T08:46:47.2015950Z x iPhoneOS16.5.sdk/System/Library/Frameworks/PassKit.framework/Headers/PKIssuerProvisioningExtensionPassEntry.h
2026-06-03T08:46:47.2016230Z x iPhoneOS16.5.sdk/System/Library/Frameworks/PassKit.framework/Headers/PKAutomaticReloadPaymentSummaryItem.h
2026-06-03T08:46:47.2016520Z x iPhoneOS16.5.sdk/System/Library/Frameworks/PassKit.framework/Headers/PKIdentityElement.h
2026-06-03T08:46:47.2016740Z x iPhoneOS16.5.sdk/System/Library/Frameworks/PassKit.framework/Headers/PKPaymentSummaryItem.h
2026-06-03T08:46:47.2016960Z x iPhoneOS16.5.sdk/System/Library/Frameworks/PassKit.framework/Headers/PKPaymentTokenContext.h
2026-06-03T08:46:47.2017150Z x iPhoneOS16.5.sdk/System/Library/Frameworks/PassKit.framework/Headers/PKConstants.h
2026-06-03T08:46:47.2017340Z x iPhoneOS16.5.sdk/System/Library/Frameworks/PassKit.framework/Headers/PKPassLibrary.h
2026-06-03T08:46:47.2017540Z x iPhoneOS16.5.sdk/System/Library/Frameworks/PassKit.framework/Headers/PKIdentityButton.h
2026-06-03T08:46:47.2017730Z x iPhoneOS16.5.sdk/System/Library/Frameworks/PassKit.framework/Headers/PKLabeledValue.h
2026-06-03T08:46:47.2018040Z x iPhoneOS16.5.sdk/System/Library/Frameworks/PassKit.framework/Headers/PKDateComponentsRange.h
2026-06-03T08:46:47.2018340Z x iPhoneOS16.5.sdk/System/Library/Frameworks/PassKit.framework/Headers/PKShareSecureElementPassViewController.h
2026-06-03T08:46:47.2018600Z x iPhoneOS16.5.sdk/System/Library/Frameworks/PassKit.framework/Headers/PKRecurringPaymentSummaryItem.h
2026-06-03T08:46:47.2018790Z x iPhoneOS16.5.sdk/System/Library/Frameworks/PassKit.framework/Headers/PKPaymentMethod.h
2026-06-03T08:46:47.2019170Z x iPhoneOS16.5.sdk/System/Library/Frameworks/PassKit.framework/Headers/PKAddSecureElementPassConfiguration.h
2026-06-03T08:46:47.2019500Z x iPhoneOS16.5.sdk/System/Library/Frameworks/PassKit.framework/Headers/PKPaymentInformationEventExtension.h
2026-06-03T08:46:47.2019740Z x iPhoneOS16.5.sdk/System/Library/Frameworks/PassKit.framework/Headers/PKSuicaPassProperties.h
2026-06-03T08:46:47.2020210Z x iPhoneOS16.5.sdk/System/Library/Frameworks/PassKit.framework/Headers/PKPaymentAuthorizationViewControllerDelegate.h
2026-06-03T08:46:47.2020400Z x iPhoneOS16.5.sdk/System/Library/Frameworks/PassKit.framework/Headers/PKPayment.h
2026-06-03T08:46:47.2020800Z x iPhoneOS16.5.sdk/System/Library/Frameworks/PassKit.framework/Headers/PKAddSecureElementPassViewController.h
2026-06-03T08:46:47.2021050Z x iPhoneOS16.5.sdk/System/Library/Frameworks/PassKit.framework/Headers/PKTransitPassProperties.h
2026-06-03T08:46:47.2021250Z x iPhoneOS16.5.sdk/System/Library/Frameworks/PassKit.framework/Headers/PKIdentityRequest.h
2026-06-03T08:46:47.2021560Z x iPhoneOS16.5.sdk/System/Library/Frameworks/PassKit.framework/Headers/PKIssuerProvisioningExtensionPaymentPassEntry.h
2026-06-03T08:46:47.2021880Z x iPhoneOS16.5.sdk/System/Library/Frameworks/PassKit.framework/Headers/PKIdentityError.h
2026-06-03T08:46:47.2022120Z x iPhoneOS16.5.sdk/System/Library/Frameworks/PassKit.framework/Headers/PKRecurringPaymentRequest.h
2026-06-03T08:46:47.2022370Z x iPhoneOS16.5.sdk/System/Library/Frameworks/PassKit.framework/Headers/PKIdentityDocumentDescriptor.h
2026-06-03T08:46:47.2022620Z x iPhoneOS16.5.sdk/System/Library/Frameworks/PassKit.framework/Headers/PKAutomaticReloadPaymentRequest.h
2026-06-03T08:46:47.2022880Z x iPhoneOS16.5.sdk/System/Library/Frameworks/PassKit.framework/Headers/PKIdentityAuthorizationController.h
2026-06-03T08:46:47.2023240Z x iPhoneOS16.5.sdk/System/Library/Frameworks/PassKit.framework/Headers/PassKit.apinotes
2026-06-03T08:46:47.2023410Z x iPhoneOS16.5.sdk/System/Library/Frameworks/PassKit.framework/PassKit.tbd
2026-06-03T08:46:47.2023580Z x iPhoneOS16.5.sdk/System/Library/Frameworks/UserNotificationsUI.framework/
2026-06-03T08:46:47.2023770Z x iPhoneOS16.5.sdk/System/Library/Frameworks/UserNotificationsUI.framework/Modules/
2026-06-03T08:46:47.2024010Z x iPhoneOS16.5.sdk/System/Library/Frameworks/UserNotificationsUI.framework/Modules/module.modulemap
2026-06-03T08:46:47.2024190Z x iPhoneOS16.5.sdk/System/Library/Frameworks/UserNotificationsUI.framework/Headers/
2026-06-03T08:46:47.2024470Z x iPhoneOS16.5.sdk/System/Library/Frameworks/UserNotificationsUI.framework/Headers/UserNotificationsUI.h
2026-06-03T08:46:47.2024770Z x iPhoneOS16.5.sdk/System/Library/Frameworks/UserNotificationsUI.framework/Headers/UNNotificationContentExtension.h
2026-06-03T08:46:47.2025230Z x iPhoneOS16.5.sdk/System/Library/Frameworks/UserNotificationsUI.framework/UserNotificationsUI.tbd
2026-06-03T08:46:47.2025390Z x iPhoneOS16.5.sdk/System/Library/Frameworks/LinkPresentation.framework/
2026-06-03T08:46:47.2025570Z x iPhoneOS16.5.sdk/System/Library/Frameworks/LinkPresentation.framework/Modules/
2026-06-03T08:46:47.2025800Z x iPhoneOS16.5.sdk/System/Library/Frameworks/LinkPresentation.framework/Modules/module.modulemap
2026-06-03T08:46:47.2025970Z x iPhoneOS16.5.sdk/System/Library/Frameworks/LinkPresentation.framework/Headers/
2026-06-03T08:46:47.2026200Z x iPhoneOS16.5.sdk/System/Library/Frameworks/LinkPresentation.framework/Headers/LPLinkMetadata.h
2026-06-03T08:46:47.2026410Z x iPhoneOS16.5.sdk/System/Library/Frameworks/LinkPresentation.framework/Headers/LPError.h
2026-06-03T08:46:47.2026650Z x iPhoneOS16.5.sdk/System/Library/Frameworks/LinkPresentation.framework/Headers/LPFoundation.h
2026-06-03T08:46:47.2026860Z x iPhoneOS16.5.sdk/System/Library/Frameworks/LinkPresentation.framework/Headers/LPLinkView.h
2026-06-03T08:46:47.2027110Z x iPhoneOS16.5.sdk/System/Library/Frameworks/LinkPresentation.framework/Headers/LPMetadataProvider.h
2026-06-03T08:46:47.2027340Z x iPhoneOS16.5.sdk/System/Library/Frameworks/LinkPresentation.framework/Headers/LinkPresentation.h
2026-06-03T08:46:47.2027550Z x iPhoneOS16.5.sdk/System/Library/Frameworks/LinkPresentation.framework/LinkPresentation.tbd
2026-06-03T08:46:47.2027700Z x iPhoneOS16.5.sdk/System/Library/Frameworks/SoundAnalysis.framework/
2026-06-03T08:46:47.2027870Z x iPhoneOS16.5.sdk/System/Library/Frameworks/SoundAnalysis.framework/Modules/
2026-06-03T08:46:47.2028090Z x iPhoneOS16.5.sdk/System/Library/Frameworks/SoundAnalysis.framework/Modules/module.modulemap
2026-06-03T08:46:47.2028250Z x iPhoneOS16.5.sdk/System/Library/Frameworks/SoundAnalysis.framework/Headers/
2026-06-03T08:46:47.2028510Z x iPhoneOS16.5.sdk/System/Library/Frameworks/SoundAnalysis.framework/Headers/SNTimeDurationConstraint.h
2026-06-03T08:46:47.2028700Z x iPhoneOS16.5.sdk/System/Library/Frameworks/SoundAnalysis.framework/Headers/SNError.h
2026-06-03T08:46:47.2028950Z x iPhoneOS16.5.sdk/System/Library/Frameworks/SoundAnalysis.framework/Headers/SNClassificationResult.h
2026-06-03T08:46:47.2029140Z x iPhoneOS16.5.sdk/System/Library/Frameworks/SoundAnalysis.framework/Headers/SNResult.h
2026-06-03T08:46:47.2029380Z x iPhoneOS16.5.sdk/System/Library/Frameworks/SoundAnalysis.framework/Headers/SNClassifySoundRequest.h
2026-06-03T08:46:47.2029600Z x iPhoneOS16.5.sdk/System/Library/Frameworks/SoundAnalysis.framework/Headers/SNDefines.h
2026-06-03T08:46:47.2029800Z x iPhoneOS16.5.sdk/System/Library/Frameworks/SoundAnalysis.framework/Headers/SNAnalyzer.h
2026-06-03T08:46:47.2030000Z x iPhoneOS16.5.sdk/System/Library/Frameworks/SoundAnalysis.framework/Headers/SoundAnalysis.h
2026-06-03T08:46:47.2030200Z x iPhoneOS16.5.sdk/System/Library/Frameworks/SoundAnalysis.framework/Headers/SNTypes.h
2026-06-03T08:46:47.2030430Z x iPhoneOS16.5.sdk/System/Library/Frameworks/SoundAnalysis.framework/Headers/SoundAnalysis.apinotes
2026-06-03T08:46:47.2030820Z x iPhoneOS16.5.sdk/System/Library/Frameworks/SoundAnalysis.framework/Headers/SNRequest.h
2026-06-03T08:46:47.2031100Z x iPhoneOS16.5.sdk/System/Library/Frameworks/SoundAnalysis.framework/SoundAnalysis.tbd
2026-06-03T08:46:47.2031250Z x iPhoneOS16.5.sdk/System/Library/Frameworks/FileProviderUI.framework/
2026-06-03T08:46:47.2031440Z x iPhoneOS16.5.sdk/System/Library/Frameworks/FileProviderUI.framework/Modules/
2026-06-03T08:46:47.2031660Z x iPhoneOS16.5.sdk/System/Library/Frameworks/FileProviderUI.framework/Modules/module.modulemap
2026-06-03T08:46:47.2031990Z x iPhoneOS16.5.sdk/System/Library/Frameworks/FileProviderUI.framework/Headers/
2026-06-03T08:46:47.2032190Z x iPhoneOS16.5.sdk/System/Library/Frameworks/FileProviderUI.framework/Headers/FPUIBase.h
2026-06-03T08:46:47.2032620Z x iPhoneOS16.5.sdk/System/Library/Frameworks/FileProviderUI.framework/Headers/FPUIActionExtensionViewController.h
2026-06-03T08:46:47.2033640Z x iPhoneOS16.5.sdk/System/Library/Frameworks/FileProviderUI.framework/Headers/FPUIActionExtensionContext.h
2026-06-03T08:46:47.2033860Z x iPhoneOS16.5.sdk/System/Library/Frameworks/FileProviderUI.framework/Headers/FileProviderUI.h
2026-06-03T08:46:47.2034070Z x iPhoneOS16.5.sdk/System/Library/Frameworks/FileProviderUI.framework/FileProviderUI.tbd
2026-06-03T08:46:47.2034190Z x iPhoneOS16.5.sdk/System/Library/Frameworks/Twitter.framework/
2026-06-03T08:46:47.2034350Z x iPhoneOS16.5.sdk/System/Library/Frameworks/Twitter.framework/Modules/
2026-06-03T08:46:47.2034540Z x iPhoneOS16.5.sdk/System/Library/Frameworks/Twitter.framework/Modules/module.modulemap
2026-06-03T08:46:47.2034710Z x iPhoneOS16.5.sdk/System/Library/Frameworks/Twitter.framework/Headers/
2026-06-03T08:46:47.2034960Z x iPhoneOS16.5.sdk/System/Library/Frameworks/Twitter.framework/Headers/TWTweetComposeViewController.h
2026-06-03T08:46:47.2035130Z x iPhoneOS16.5.sdk/System/Library/Frameworks/Twitter.framework/Headers/Twitter.h
2026-06-03T08:46:47.2035310Z x iPhoneOS16.5.sdk/System/Library/Frameworks/Twitter.framework/Headers/TWRequest.h
2026-06-03T08:46:47.2035470Z x iPhoneOS16.5.sdk/System/Library/Frameworks/Twitter.framework/Twitter.tbd
2026-06-03T08:46:47.2035600Z x iPhoneOS16.5.sdk/System/Library/Frameworks/MLCompute.framework/
2026-06-03T08:46:47.2035750Z x iPhoneOS16.5.sdk/System/Library/Frameworks/MLCompute.framework/Modules/
2026-06-03T08:46:47.2035950Z x iPhoneOS16.5.sdk/System/Library/Frameworks/MLCompute.framework/Modules/module.modulemap
2026-06-03T08:46:47.2036100Z x iPhoneOS16.5.sdk/System/Library/Frameworks/MLCompute.framework/Headers/
2026-06-03T08:46:47.2036300Z x iPhoneOS16.5.sdk/System/Library/Frameworks/MLCompute.framework/Headers/MLCSplitLayer.h
2026-06-03T08:46:47.2036540Z x iPhoneOS16.5.sdk/System/Library/Frameworks/MLCompute.framework/Headers/MLCMultiheadAttentionLayer.h
2026-06-03T08:46:47.2036760Z x iPhoneOS16.5.sdk/System/Library/Frameworks/MLCompute.framework/Headers/MLCTensorDescriptor.h
2026-06-03T08:46:47.2036980Z x iPhoneOS16.5.sdk/System/Library/Frameworks/MLCompute.framework/Headers/MLCYOLOLossLayer.h
2026-06-03T08:46:47.2037170Z x iPhoneOS16.5.sdk/System/Library/Frameworks/MLCompute.framework/Headers/MLCLossLayer.h
2026-06-03T08:46:47.2037380Z x iPhoneOS16.5.sdk/System/Library/Frameworks/MLCompute.framework/Headers/MLCDropoutLayer.h
2026-06-03T08:46:47.2037620Z x iPhoneOS16.5.sdk/System/Library/Frameworks/MLCompute.framework/Headers/MLCBatchNormalizationLayer.h
2026-06-03T08:46:47.2037820Z x iPhoneOS16.5.sdk/System/Library/Frameworks/MLCompute.framework/Headers/MLCScatterLayer.h
2026-06-03T08:46:47.2038030Z x iPhoneOS16.5.sdk/System/Library/Frameworks/MLCompute.framework/Headers/MLCUpsampleLayer.h
2026-06-03T08:46:47.2038210Z x iPhoneOS16.5.sdk/System/Library/Frameworks/MLCompute.framework/Headers/MLCDevice.h
2026-06-03T08:46:47.2038440Z x iPhoneOS16.5.sdk/System/Library/Frameworks/MLCompute.framework/Headers/MLCFullyConnectedLayer.h
2026-06-03T08:46:47.2038640Z x iPhoneOS16.5.sdk/System/Library/Frameworks/MLCompute.framework/Headers/MLCMatMulLayer.h
2026-06-03T08:46:47.2038860Z x iPhoneOS16.5.sdk/System/Library/Frameworks/MLCompute.framework/Headers/MLCConvolutionLayer.h
2026-06-03T08:46:47.2039200Z x iPhoneOS16.5.sdk/System/Library/Frameworks/MLCompute.framework/Headers/MLCGroupNormalizationLayer.h
2026-06-03T08:46:47.2039460Z x iPhoneOS16.5.sdk/System/Library/Frameworks/MLCompute.framework/Headers/MLCInstanceNormalizationLayer.h
2026-06-03T08:46:47.2039670Z x iPhoneOS16.5.sdk/System/Library/Frameworks/MLCompute.framework/Headers/MLCInferenceGraph.h
2026-06-03T08:46:47.2040000Z x iPhoneOS16.5.sdk/System/Library/Frameworks/MLCompute.framework/Headers/MLCTypes.h
2026-06-03T08:46:47.2040220Z x iPhoneOS16.5.sdk/System/Library/Frameworks/MLCompute.framework/Headers/MLCRMSPropOptimizer.h
2026-06-03T08:46:47.2040400Z x iPhoneOS16.5.sdk/System/Library/Frameworks/MLCompute.framework/Headers/MLCLayer.h
2026-06-03T08:46:47.2040660Z x iPhoneOS16.5.sdk/System/Library/Frameworks/MLCompute.framework/Headers/MLCMultiheadAttentionDescriptor.h
2026-06-03T08:46:47.2040950Z x iPhoneOS16.5.sdk/System/Library/Frameworks/MLCompute.framework/Headers/MLCReductionLayer.h
2026-06-03T08:46:47.2041180Z x iPhoneOS16.5.sdk/System/Library/Frameworks/MLCompute.framework/Headers/MLCOptimizerDescriptor.h
2026-06-03T08:46:47.2041490Z x iPhoneOS16.5.sdk/System/Library/Frameworks/MLCompute.framework/Headers/MLCArithmeticLayer.h
2026-06-03T08:46:47.2041750Z x iPhoneOS16.5.sdk/System/Library/Frameworks/MLCompute.framework/Headers/MLCLayerNormalizationLayer.h
2026-06-03T08:46:47.2041960Z x iPhoneOS16.5.sdk/System/Library/Frameworks/MLCompute.framework/Headers/MLCMatMulDescriptor.h
2026-06-03T08:46:47.2042190Z x iPhoneOS16.5.sdk/System/Library/Frameworks/MLCompute.framework/Headers/MLCActivationDescriptor.h
2026-06-03T08:46:47.2042530Z x iPhoneOS16.5.sdk/System/Library/Frameworks/MLCompute.framework/Headers/MLCTensorOptimizerDeviceData.h
2026-06-03T08:46:47.2042740Z x iPhoneOS16.5.sdk/System/Library/Frameworks/MLCompute.framework/Headers/MLCPoolingLayer.h
2026-06-03T08:46:47.2042940Z x iPhoneOS16.5.sdk/System/Library/Frameworks/MLCompute.framework/Headers/MLCTensorData.h
2026-06-03T08:46:47.2043240Z x iPhoneOS16.5.sdk/System/Library/Frameworks/MLCompute.framework/Headers/MLCLossDescriptor.h
2026-06-03T08:46:47.2043460Z x iPhoneOS16.5.sdk/System/Library/Frameworks/MLCompute.framework/Headers/MLCSoftmaxLayer.h
2026-06-03T08:46:47.2043650Z x iPhoneOS16.5.sdk/System/Library/Frameworks/MLCompute.framework/Headers/MLCPlatform.h
2026-06-03T08:46:47.2043860Z x iPhoneOS16.5.sdk/System/Library/Frameworks/MLCompute.framework/Headers/MLCComparisonLayer.h
2026-06-03T08:46:47.2044070Z x iPhoneOS16.5.sdk/System/Library/Frameworks/MLCompute.framework/Headers/MLCAdamWOptimizer.h
2026-06-03T08:46:47.2045120Z x iPhoneOS16.5.sdk/System/Library/Frameworks/MLCompute.framework/Headers/MLCDefines.h
2026-06-03T08:46:47.2045370Z x iPhoneOS16.5.sdk/System/Library/Frameworks/MLCompute.framework/Headers/MLCActivationLayer.h
2026-06-03T08:46:47.2045610Z x iPhoneOS16.5.sdk/System/Library/Frameworks/MLCompute.framework/Headers/MLCEmbeddingDescriptor.h
2026-06-03T08:46:47.2045810Z x iPhoneOS16.5.sdk/System/Library/Frameworks/MLCompute.framework/Headers/MLCompute.h
2026-06-03T08:46:47.2046020Z x iPhoneOS16.5.sdk/System/Library/Frameworks/MLCompute.framework/Headers/MLCTrainingGraph.h
2026-06-03T08:46:47.2046240Z x iPhoneOS16.5.sdk/System/Library/Frameworks/MLCompute.framework/Headers/MLCYOLOLossDescriptor.h
2026-06-03T08:46:47.2046450Z x iPhoneOS16.5.sdk/System/Library/Frameworks/MLCompute.framework/Headers/MLCLSTMDescriptor.h
2026-06-03T08:46:47.2046660Z x iPhoneOS16.5.sdk/System/Library/Frameworks/MLCompute.framework/Headers/MLCReshapeLayer.h
2026-06-03T08:46:47.2046850Z x iPhoneOS16.5.sdk/System/Library/Frameworks/MLCompute.framework/Headers/MLCSliceLayer.h
2026-06-03T08:46:47.2047080Z x iPhoneOS16.5.sdk/System/Library/Frameworks/MLCompute.framework/Headers/MLCPoolingDescriptor.h
2026-06-03T08:46:47.2047330Z x iPhoneOS16.5.sdk/System/Library/Frameworks/MLCompute.framework/Headers/MLCConvolutionDescriptor.h
2026-06-03T08:46:47.2047550Z x iPhoneOS16.5.sdk/System/Library/Frameworks/MLCompute.framework/Headers/MLCEmbeddingLayer.h
2026-06-03T08:46:47.2047900Z x iPhoneOS16.5.sdk/System/Library/Frameworks/MLCompute.framework/Headers/MLCLSTMLayer.h
2026-06-03T08:46:47.2048120Z x iPhoneOS16.5.sdk/System/Library/Frameworks/MLCompute.framework/Headers/MLCGatherLayer.h
2026-06-03T08:46:47.2048330Z x iPhoneOS16.5.sdk/System/Library/Frameworks/MLCompute.framework/Headers/MLCSGDOptimizer.h
2026-06-03T08:46:47.2048520Z x iPhoneOS16.5.sdk/System/Library/Frameworks/MLCompute.framework/Headers/MLCTensor.h
2026-06-03T08:46:47.2048740Z x iPhoneOS16.5.sdk/System/Library/Frameworks/MLCompute.framework/Headers/MLCConcatenationLayer.h
2026-06-03T08:46:47.2048950Z x iPhoneOS16.5.sdk/System/Library/Frameworks/MLCompute.framework/Headers/MLCAdamOptimizer.h
2026-06-03T08:46:47.2049170Z x iPhoneOS16.5.sdk/System/Library/Frameworks/MLCompute.framework/Headers/MLCTensorParameter.h
2026-06-03T08:46:47.2049370Z x iPhoneOS16.5.sdk/System/Library/Frameworks/MLCompute.framework/Headers/MLCOptimizer.h
2026-06-03T08:46:47.2049640Z x iPhoneOS16.5.sdk/System/Library/Frameworks/MLCompute.framework/Headers/MLCGramMatrixLayer.h
2026-06-03T08:46:47.2049860Z x iPhoneOS16.5.sdk/System/Library/Frameworks/MLCompute.framework/Headers/MLCTransposeLayer.h
2026-06-03T08:46:47.2050050Z x iPhoneOS16.5.sdk/System/Library/Frameworks/MLCompute.framework/Headers/MLCGraph.h
2026-06-03T08:46:47.2050260Z x iPhoneOS16.5.sdk/System/Library/Frameworks/MLCompute.framework/Headers/MLCSelectionLayer.h
2026-06-03T08:46:47.2050470Z x iPhoneOS16.5.sdk/System/Library/Frameworks/MLCompute.framework/Headers/MLCPaddingLayer.h
2026-06-03T08:46:47.2050640Z x iPhoneOS16.5.sdk/System/Library/Frameworks/MLCompute.framework/MLCompute.tbd
2026-06-03T08:46:47.2050780Z x iPhoneOS16.5.sdk/System/Library/Frameworks/WeatherKit.framework/
2026-06-03T08:46:47.2050930Z x iPhoneOS16.5.sdk/System/Library/Frameworks/WeatherKit.framework/Modules/
2026-06-03T08:46:47.2051170Z x iPhoneOS16.5.sdk/System/Library/Frameworks/WeatherKit.framework/Modules/WeatherKit.swiftmodule/
2026-06-03T08:46:47.2051500Z x iPhoneOS16.5.sdk/System/Library/Frameworks/WeatherKit.framework/Modules/WeatherKit.swiftmodule/arm64e-apple-ios.swiftdoc
2026-06-03T08:46:47.2051810Z x iPhoneOS16.5.sdk/System/Library/Frameworks/WeatherKit.framework/Modules/WeatherKit.swiftmodule/arm64-apple-ios.swiftdoc
2026-06-03T08:46:47.2052140Z x iPhoneOS16.5.sdk/System/Library/Frameworks/WeatherKit.framework/Modules/WeatherKit.swiftmodule/arm64e-apple-ios.swiftinterface
2026-06-03T08:46:47.2052460Z x iPhoneOS16.5.sdk/System/Library/Frameworks/WeatherKit.framework/Modules/WeatherKit.swiftmodule/arm64-apple-ios.swiftinterface
2026-06-03T08:46:47.2052660Z x iPhoneOS16.5.sdk/System/Library/Frameworks/WeatherKit.framework/WeatherKit.tbd
2026-06-03T08:46:47.2052800Z x iPhoneOS16.5.sdk/System/Library/Frameworks/ActivityKit.framework/
2026-06-03T08:46:47.2052960Z x iPhoneOS16.5.sdk/System/Library/Frameworks/ActivityKit.framework/Modules/
2026-06-03T08:46:47.2053210Z x iPhoneOS16.5.sdk/System/Library/Frameworks/ActivityKit.framework/Modules/ActivityKit.swiftmodule/
2026-06-03T08:46:47.2053530Z x iPhoneOS16.5.sdk/System/Library/Frameworks/ActivityKit.framework/Modules/ActivityKit.swiftmodule/arm64e-apple-ios.swiftdoc
2026-06-03T08:46:47.2053860Z x iPhoneOS16.5.sdk/System/Library/Frameworks/ActivityKit.framework/Modules/ActivityKit.swiftmodule/arm64-apple-ios.swiftdoc
2026-06-03T08:46:47.2054190Z x iPhoneOS16.5.sdk/System/Library/Frameworks/ActivityKit.framework/Modules/ActivityKit.swiftmodule/arm64e-apple-ios.swiftinterface
2026-06-03T08:46:47.2054520Z x iPhoneOS16.5.sdk/System/Library/Frameworks/ActivityKit.framework/Modules/ActivityKit.swiftmodule/arm64-apple-ios.swiftinterface
2026-06-03T08:46:47.2054730Z x iPhoneOS16.5.sdk/System/Library/Frameworks/ActivityKit.framework/Modules/module.modulemap
2026-06-03T08:46:47.2054890Z x iPhoneOS16.5.sdk/System/Library/Frameworks/ActivityKit.framework/Headers/
2026-06-03T08:46:47.2055090Z x iPhoneOS16.5.sdk/System/Library/Frameworks/ActivityKit.framework/Headers/ActivityKit.h
2026-06-03T08:46:47.2055280Z x iPhoneOS16.5.sdk/System/Library/Frameworks/ActivityKit.framework/ActivityKit.tbd
2026-06-03T08:46:47.2055490Z x iPhoneOS16.5.sdk/System/Library/Frameworks/CoreImage.framework/
2026-06-03T08:46:47.2055650Z x iPhoneOS16.5.sdk/System/Library/Frameworks/CoreImage.framework/Modules/
2026-06-03T08:46:47.2055920Z x iPhoneOS16.5.sdk/System/Library/Frameworks/CoreImage.framework/Modules/module.modulemap
2026-06-03T08:46:47.2056100Z x iPhoneOS16.5.sdk/System/Library/Frameworks/CoreImage.framework/CoreImage.tbd
2026-06-03T08:46:47.2056410Z x iPhoneOS16.5.sdk/System/Library/Frameworks/CoreImage.framework/Headers/
2026-06-03T08:46:47.2157240Z x iPhoneOS16.5.sdk/System/Library/Frameworks/CoreImage.framework/Headers/CIImageProvider.h
2026-06-03T08:46:47.2258040Z x iPhoneOS16.5.sdk/System/Library/Frameworks/CoreImage.framework/Headers/CISampler.h
2026-06-03T08:46:47.2358790Z x iPhoneOS16.5.sdk/System/Library/Frameworks/CoreImage.framework/Headers/CIDetector.h
2026-06-03T08:46:47.2460120Z x iPhoneOS16.5.sdk/System/Library/Frameworks/CoreImage.framework/Headers/CIKernel.h
2026-06-03T08:46:47.2561900Z x iPhoneOS16.5.sdk/System/Library/Frameworks/CoreImage.framework/Headers/CIFilterGenerator.h
2026-06-03T08:46:47.2662860Z x iPhoneOS16.5.sdk/System/Library/Frameworks/CoreImage.framework/Headers/CIKernelMetalLib.h
2026-06-03T08:46:47.2763860Z x iPhoneOS16.5.sdk/System/Library/Frameworks/CoreImage.framework/Headers/CoreImage.apinotes
2026-06-03T08:46:47.2864790Z x iPhoneOS16.5.sdk/System/Library/Frameworks/CoreImage.framework/Headers/CIRAWFilter_Deprecated.h
2026-06-03T08:46:47.2965600Z x iPhoneOS16.5.sdk/System/Library/Frameworks/CoreImage.framework/Headers/CIFilterBuiltins.h
2026-06-03T08:46:47.3074410Z x iPhoneOS16.5.sdk/System/Library/Frameworks/CoreImage.framework/Headers/CIColor.h
2026-06-03T08:46:47.3175340Z x iPhoneOS16.5.sdk/System/Library/Frameworks/CoreImage.framework/Headers/CIBarcodeDescriptor.h
2026-06-03T08:46:47.3276180Z x iPhoneOS16.5.sdk/System/Library/Frameworks/CoreImage.framework/Headers/CIPlugInInterface.h
2026-06-03T08:46:47.3377090Z x iPhoneOS16.5.sdk/System/Library/Frameworks/CoreImage.framework/Headers/CIImageAccumulator.h
2026-06-03T08:46:47.3478220Z x iPhoneOS16.5.sdk/System/Library/Frameworks/CoreImage.framework/Headers/CIImage.h
2026-06-03T08:46:47.3579510Z x iPhoneOS16.5.sdk/System/Library/Frameworks/CoreImage.framework/Headers/CIVector.h
2026-06-03T08:46:47.3686790Z x iPhoneOS16.5.sdk/System/Library/Frameworks/CoreImage.framework/Headers/CIFeature.h
2026-06-03T08:46:47.3789650Z x iPhoneOS16.5.sdk/System/Library/Frameworks/CoreImage.framework/Headers/CIImageProcessor.h
2026-06-03T08:46:47.3892020Z x iPhoneOS16.5.sdk/System/Library/Frameworks/CoreImage.framework/Headers/CoreImage.h
2026-06-03T08:46:47.4004250Z x iPhoneOS16.5.sdk/System/Library/Frameworks/CoreImage.framework/Headers/CIPlugIn.h
2026-06-03T08:46:47.4106960Z x iPhoneOS16.5.sdk/System/Library/Frameworks/CoreImage.framework/Headers/CIFilterShape.h
2026-06-03T08:46:47.4208920Z x iPhoneOS16.5.sdk/System/Library/Frameworks/CoreImage.framework/Headers/CIFilter.h
2026-06-03T08:46:47.4311360Z x iPhoneOS16.5.sdk/System/Library/Frameworks/CoreImage.framework/Headers/CIFilterConstructor.h
2026-06-03T08:46:47.4415780Z x iPhoneOS16.5.sdk/System/Library/Frameworks/CoreImage.framework/Headers/CIRenderDestination.h
2026-06-03T08:46:47.4517120Z x iPhoneOS16.5.sdk/System/Library/Frameworks/CoreImage.framework/Headers/CoreImageDefines.h
2026-06-03T08:46:47.4618350Z x iPhoneOS16.5.sdk/System/Library/Frameworks/CoreImage.framework/Headers/CIRAWFilter.h
2026-06-03T08:46:47.4720260Z x iPhoneOS16.5.sdk/System/Library/Frameworks/CoreImage.framework/Headers/CIContext.h
2026-06-03T08:46:47.4821910Z x iPhoneOS16.5.sdk/System/Library/Frameworks/CoreGraphics.framework/
2026-06-03T08:46:47.4846240Z x iPhoneOS16.5.sdk/System/Library/Frameworks/CoreGraphics.framework/Modules/
2026-06-03T08:46:47.4846820Z x iPhoneOS16.5.sdk/System/Library/Frameworks/CoreGraphics.framework/Modules/module.modulemap
2026-06-03T08:46:47.4847400Z x iPhoneOS16.5.sdk/System/Library/Frameworks/CoreGraphics.framework/Headers/
2026-06-03T08:46:47.4848100Z x iPhoneOS16.5.sdk/System/Library/Frameworks/CoreGraphics.framework/Headers/CGDataProvider.h
2026-06-03T08:46:47.4848700Z x iPhoneOS16.5.sdk/System/Library/Frameworks/CoreGraphics.framework/Headers/CGPDFStream.h
2026-06-03T08:46:47.4849280Z x iPhoneOS16.5.sdk/System/Library/Frameworks/CoreGraphics.framework/Headers/CGBitmapContext.h
2026-06-03T08:46:47.4849850Z x iPhoneOS16.5.sdk/System/Library/Frameworks/CoreGraphics.framework/Headers/CGPDFString.h
2026-06-03T08:46:47.4850400Z x iPhoneOS16.5.sdk/System/Library/Frameworks/CoreGraphics.framework/Headers/CGError.h
2026-06-03T08:46:47.4850920Z x iPhoneOS16.5.sdk/System/Library/Frameworks/CoreGraphics.framework/Headers/CGFont.h
2026-06-03T08:46:47.4851460Z x iPhoneOS16.5.sdk/System/Library/Frameworks/CoreGraphics.framework/Headers/CGGradient.h
2026-06-03T08:46:47.4852300Z x iPhoneOS16.5.sdk/System/Library/Frameworks/CoreGraphics.framework/Headers/CGPDFScanner.h
2026-06-03T08:46:47.4853030Z x iPhoneOS16.5.sdk/System/Library/Frameworks/CoreGraphics.framework/Headers/CGAffineTransform.h
2026-06-03T08:46:47.4853630Z x iPhoneOS16.5.sdk/System/Library/Frameworks/CoreGraphics.framework/Headers/CGPDFDictionary.h
2026-06-03T08:46:47.4854190Z x iPhoneOS16.5.sdk/System/Library/Frameworks/CoreGraphics.framework/Headers/CGPath.h
2026-06-03T08:46:47.4854880Z x iPhoneOS16.5.sdk/System/Library/Frameworks/CoreGraphics.framework/Headers/CGColorSpace.h
2026-06-03T08:46:47.4855450Z x iPhoneOS16.5.sdk/System/Library/Frameworks/CoreGraphics.framework/Headers/CGPDFPage.h
2026-06-03T08:46:47.4856960Z x iPhoneOS16.5.sdk/System/Library/Frameworks/CoreGraphics.framework/Headers/CGLayer.h
2026-06-03T08:46:47.4857560Z x iPhoneOS16.5.sdk/System/Library/Frameworks/CoreGraphics.framework/Headers/CGPDFObject.h
2026-06-03T08:46:47.4858160Z x iPhoneOS16.5.sdk/System/Library/Frameworks/CoreGraphics.framework/Headers/CGPDFOperatorTable.h
2026-06-03T08:46:47.4858730Z x iPhoneOS16.5.sdk/System/Library/Frameworks/CoreGraphics.framework/Headers/CGColor.h
2026-06-03T08:46:47.4908180Z x iPhoneOS16.5.sdk/System/Library/Frameworks/CoreGraphics.framework/Headers/CGColorConversionInfo.h
2026-06-03T08:46:47.4909040Z x iPhoneOS16.5.sdk/System/Library/Frameworks/CoreGraphics.framework/Headers/CGImage.h
2026-06-03T08:46:47.4910550Z x iPhoneOS16.5.sdk/System/Library/Frameworks/CoreGraphics.framework/Headers/CGBase.h
2026-06-03T08:46:47.4911170Z x iPhoneOS16.5.sdk/System/Library/Frameworks/CoreGraphics.framework/Headers/CoreGraphics.apinotes
2026-06-03T08:46:47.4911790Z x iPhoneOS16.5.sdk/System/Library/Frameworks/CoreGraphics.framework/Headers/CGPDFDocument.h
2026-06-03T08:46:47.4912480Z x iPhoneOS16.5.sdk/System/Library/Frameworks/CoreGraphics.framework/Headers/CGFunction.h
2026-06-03T08:46:47.4913300Z x iPhoneOS16.5.sdk/System/Library/Frameworks/CoreGraphics.framework/Headers/CGContext.h
2026-06-03T08:46:47.4913850Z x iPhoneOS16.5.sdk/System/Library/Frameworks/CoreGraphics.framework/Headers/CGShading.h
2026-06-03T08:46:47.4914430Z x iPhoneOS16.5.sdk/System/Library/Frameworks/CoreGraphics.framework/Headers/CoreGraphics.h
2026-06-03T08:46:47.4915010Z x iPhoneOS16.5.sdk/System/Library/Frameworks/CoreGraphics.framework/Headers/CGDataConsumer.h
2026-06-03T08:46:47.4915580Z x iPhoneOS16.5.sdk/System/Library/Frameworks/CoreGraphics.framework/Headers/CGPattern.h
2026-06-03T08:46:47.4916150Z x iPhoneOS16.5.sdk/System/Library/Frameworks/CoreGraphics.framework/Headers/CGPDFContentStream.h
2026-06-03T08:46:47.4916730Z x iPhoneOS16.5.sdk/System/Library/Frameworks/CoreGraphics.framework/Headers/CGGeometry.h
2026-06-03T08:46:47.4917290Z x iPhoneOS16.5.sdk/System/Library/Frameworks/CoreGraphics.framework/Headers/CGPDFContext.h
2026-06-03T08:46:47.4918850Z x iPhoneOS16.5.sdk/System/Library/Frameworks/CoreGraphics.framework/Headers/CGConvertColorDataWithFormat.h
2026-06-03T08:46:47.4919410Z x iPhoneOS16.5.sdk/System/Library/Frameworks/CoreGraphics.framework/Headers/CGPDFArray.h
2026-06-03T08:46:47.4919900Z x iPhoneOS16.5.sdk/System/Library/Frameworks/CoreGraphics.framework/CoreGraphics.tbd
2026-06-03T08:46:47.4920500Z x iPhoneOS16.5.sdk/System/Library/Frameworks/CoreText.framework/
2026-06-03T08:46:47.4920880Z x iPhoneOS16.5.sdk/System/Library/Frameworks/CoreText.framework/Modules/
2026-06-03T08:46:47.4921340Z x iPhoneOS16.5.sdk/System/Library/Frameworks/CoreText.framework/Modules/module.modulemap
2026-06-03T08:46:47.4921840Z x iPhoneOS16.5.sdk/System/Library/Frameworks/CoreText.framework/Headers/
2026-06-03T08:46:47.4923070Z x iPhoneOS16.5.sdk/System/Library/Frameworks/CoreText.framework/Headers/CTFont.h
2026-06-03T08:46:47.4923580Z x iPhoneOS16.5.sdk/System/Library/Frameworks/CoreText.framework/Headers/CTFontCollection.h
2026-06-03T08:46:47.4924060Z x iPhoneOS16.5.sdk/System/Library/Frameworks/CoreText.framework/Headers/CoreText.h
2026-06-03T08:46:47.4924530Z x iPhoneOS16.5.sdk/System/Library/Frameworks/CoreText.framework/Headers/CoreText.apinotes
2026-06-03T08:46:47.4925060Z x iPhoneOS16.5.sdk/System/Library/Frameworks/CoreText.framework/Headers/CTFontDescriptor.h
2026-06-03T08:46:47.4926010Z x iPhoneOS16.5.sdk/System/Library/Frameworks/CoreText.framework/Headers/CTFontTraits.h
2026-06-03T08:46:47.4926490Z x iPhoneOS16.5.sdk/System/Library/Frameworks/CoreText.framework/Headers/CTTypesetter.h
2026-06-03T08:46:47.4926940Z x iPhoneOS16.5.sdk/System/Library/Frameworks/CoreText.framework/Headers/CTLine.h
2026-06-03T08:46:47.4927380Z x iPhoneOS16.5.sdk/System/Library/Frameworks/CoreText.framework/Headers/CTDefines.h
2026-06-03T08:46:47.4927820Z x iPhoneOS16.5.sdk/System/Library/Frameworks/CoreText.framework/Headers/SFNTTypes.h
2026-06-03T08:46:47.4928310Z x iPhoneOS16.5.sdk/System/Library/Frameworks/CoreText.framework/Headers/CTRubyAnnotation.h
2026-06-03T08:46:47.4928770Z x iPhoneOS16.5.sdk/System/Library/Frameworks/CoreText.framework/Headers/CTFrame.h
2026-06-03T08:46:47.4929230Z x iPhoneOS16.5.sdk/System/Library/Frameworks/CoreText.framework/Headers/CTRunDelegate.h
2026-06-03T08:46:47.4929700Z x iPhoneOS16.5.sdk/System/Library/Frameworks/CoreText.framework/Headers/SFNTLayoutTypes.h
2026-06-03T08:46:47.4930210Z x iPhoneOS16.5.sdk/System/Library/Frameworks/CoreText.framework/Headers/CTFontManager.h
2026-06-03T08:46:47.4930700Z x iPhoneOS16.5.sdk/System/Library/Frameworks/CoreText.framework/Headers/CTFontManagerErrors.h
2026-06-03T08:46:47.4931180Z x iPhoneOS16.5.sdk/System/Library/Frameworks/CoreText.framework/Headers/CTRun.h
2026-06-03T08:46:47.4931610Z x iPhoneOS16.5.sdk/System/Library/Frameworks/CoreText.framework/Headers/CTTextTab.h
2026-06-03T08:46:47.4932080Z x iPhoneOS16.5.sdk/System/Library/Frameworks/CoreText.framework/Headers/CTStringAttributes.h
2026-06-03T08:46:47.4932580Z x iPhoneOS16.5.sdk/System/Library/Frameworks/CoreText.framework/Headers/CTParagraphStyle.h
2026-06-03T08:46:47.4933060Z x iPhoneOS16.5.sdk/System/Library/Frameworks/CoreText.framework/Headers/CTFramesetter.h
2026-06-03T08:46:47.4933520Z x iPhoneOS16.5.sdk/System/Library/Frameworks/CoreText.framework/Headers/CTGlyphInfo.h
2026-06-03T08:46:47.4933960Z x iPhoneOS16.5.sdk/System/Library/Frameworks/CoreText.framework/CoreText.tbd
2026-06-03T08:46:47.4934340Z x iPhoneOS16.5.sdk/System/Library/Frameworks/Security.framework/
2026-06-03T08:46:47.4934700Z x iPhoneOS16.5.sdk/System/Library/Frameworks/Security.framework/Modules/
2026-06-03T08:46:47.4935120Z x iPhoneOS16.5.sdk/System/Library/Frameworks/Security.framework/Modules/module.modulemap
2026-06-03T08:46:47.4935550Z x iPhoneOS16.5.sdk/System/Library/Frameworks/Security.framework/Headers/
2026-06-03T08:46:47.4935990Z x iPhoneOS16.5.sdk/System/Library/Frameworks/Security.framework/Headers/SecProtocolOptions.h
2026-06-03T08:46:47.4936510Z x iPhoneOS16.5.sdk/System/Library/Frameworks/Security.framework/Headers/SecProtocolObject.h
2026-06-03T08:46:47.4937140Z x iPhoneOS16.5.sdk/System/Library/Frameworks/Security.framework/Headers/CipherSuite.h
2026-06-03T08:46:47.4937740Z x iPhoneOS16.5.sdk/System/Library/Frameworks/Security.framework/Headers/SecProtocolMetadata.h
2026-06-03T08:46:47.4938220Z x iPhoneOS16.5.sdk/System/Library/Frameworks/Security.framework/Headers/SecItem.h
2026-06-03T08:46:47.4938870Z x iPhoneOS16.5.sdk/System/Library/Frameworks/Security.framework/Headers/SecProtocolTypes.h
2026-06-03T08:46:47.4939400Z x iPhoneOS16.5.sdk/System/Library/Frameworks/Security.framework/Headers/SecSharedCredential.h
2026-06-03T08:46:47.4939910Z x iPhoneOS16.5.sdk/System/Library/Frameworks/Security.framework/Headers/SecImportExport.h
2026-06-03T08:46:47.4940390Z x iPhoneOS16.5.sdk/System/Library/Frameworks/Security.framework/Headers/SecureTransport.h
2026-06-03T08:46:47.4940860Z x iPhoneOS16.5.sdk/System/Library/Frameworks/Security.framework/Headers/SecPolicy.h
2026-06-03T08:46:47.4941300Z x iPhoneOS16.5.sdk/System/Library/Frameworks/Security.framework/Headers/SecRandom.h
2026-06-03T08:46:47.4941780Z x iPhoneOS16.5.sdk/System/Library/Frameworks/Security.framework/Headers/SecCertificate.h
2026-06-03T08:46:47.4942230Z x iPhoneOS16.5.sdk/System/Library/Frameworks/Security.framework/Headers/SecKey.h
2026-06-03T08:46:47.4942790Z x iPhoneOS16.5.sdk/System/Library/Frameworks/Security.framework/Headers/SecAccessControl.h
2026-06-03T08:46:47.4943280Z x iPhoneOS16.5.sdk/System/Library/Frameworks/Security.framework/Headers/SecIdentity.h
2026-06-03T08:46:47.4944060Z x iPhoneOS16.5.sdk/System/Library/Frameworks/Security.framework/Headers/SecTrust.h
2026-06-03T08:46:47.4944530Z x iPhoneOS16.5.sdk/System/Library/Frameworks/Security.framework/Headers/SecBase.h
2026-06-03T08:46:47.4945000Z x iPhoneOS16.5.sdk/System/Library/Frameworks/Security.framework/Headers/Security.apinotes
2026-06-03T08:46:47.4945470Z x iPhoneOS16.5.sdk/System/Library/Frameworks/Security.framework/Headers/Security.h
2026-06-03T08:46:47.4945890Z x iPhoneOS16.5.sdk/System/Library/Frameworks/Security.framework/Security.tbd
2026-06-03T08:46:47.4946280Z x iPhoneOS16.5.sdk/System/Library/Frameworks/SharedWithYou.framework/
2026-06-03T08:46:47.4946680Z x iPhoneOS16.5.sdk/System/Library/Frameworks/SharedWithYou.framework/Modules/
2026-06-03T08:46:47.4947140Z x iPhoneOS16.5.sdk/System/Library/Frameworks/SharedWithYou.framework/Modules/module.modulemap
2026-06-03T08:46:47.4947710Z x iPhoneOS16.5.sdk/System/Library/Frameworks/SharedWithYou.framework/Modules/SharedWithYou.swiftmodule/
2026-06-03T08:46:47.4948380Z x iPhoneOS16.5.sdk/System/Library/Frameworks/SharedWithYou.framework/Modules/SharedWithYou.swiftmodule/arm64e-apple-ios.swiftdoc
2026-06-03T08:46:47.4949120Z x iPhoneOS16.5.sdk/System/Library/Frameworks/SharedWithYou.framework/Modules/SharedWithYou.swiftmodule/arm64-apple-ios.swiftdoc
2026-06-03T08:46:47.4949870Z x iPhoneOS16.5.sdk/System/Library/Frameworks/SharedWithYou.framework/Modules/SharedWithYou.swiftmodule/arm64e-apple-ios.swiftinterface
2026-06-03T08:46:47.4950880Z x iPhoneOS16.5.sdk/System/Library/Frameworks/SharedWithYou.framework/Modules/SharedWithYou.swiftmodule/arm64-apple-ios.swiftinterface
2026-06-03T08:46:47.4951510Z x iPhoneOS16.5.sdk/System/Library/Frameworks/SharedWithYou.framework/Headers/
2026-06-03T08:46:47.4951980Z x iPhoneOS16.5.sdk/System/Library/Frameworks/SharedWithYou.framework/Headers/SharedWithYou.h
2026-06-03T08:46:47.4952490Z x iPhoneOS16.5.sdk/System/Library/Frameworks/SharedWithYou.framework/Headers/SWHighlight.h
2026-06-03T08:46:47.4953060Z x iPhoneOS16.5.sdk/System/Library/Frameworks/SharedWithYou.framework/Headers/SWCollaborationHighlight.h
2026-06-03T08:46:47.4953620Z x iPhoneOS16.5.sdk/System/Library/Frameworks/SharedWithYou.framework/Headers/SWHighlightEvent.h
2026-06-03T08:46:47.4954190Z x iPhoneOS16.5.sdk/System/Library/Frameworks/SharedWithYou.framework/Headers/SWHighlightPersistenceEvent.h
2026-06-03T08:46:47.4954780Z x iPhoneOS16.5.sdk/System/Library/Frameworks/SharedWithYou.framework/Headers/SWHighlightChangeEvent.h
2026-06-03T08:46:47.4955300Z x iPhoneOS16.5.sdk/System/Library/Frameworks/SharedWithYou.framework/Headers/SWErrors.h
2026-06-03T08:46:47.4955880Z x iPhoneOS16.5.sdk/System/Library/Frameworks/SharedWithYou.framework/Headers/NSItemProvider+SWCollaborationMetadata.h
2026-06-03T08:46:47.4956510Z x iPhoneOS16.5.sdk/System/Library/Frameworks/SharedWithYou.framework/Headers/SWHighlightMentionEvent.h
2026-06-03T08:46:47.4957180Z x iPhoneOS16.5.sdk/System/Library/Frameworks/SharedWithYou.framework/Headers/SWHighlightCenter.h
2026-06-03T08:46:47.4957810Z x iPhoneOS16.5.sdk/System/Library/Frameworks/SharedWithYou.framework/Headers/SWRemoveParticipantAlertController.h
2026-06-03T08:46:47.4958770Z x iPhoneOS16.5.sdk/System/Library/Frameworks/SharedWithYou.framework/Headers/SWCollaborationView.h
2026-06-03T08:46:47.4959320Z x iPhoneOS16.5.sdk/System/Library/Frameworks/SharedWithYou.framework/Headers/SWAttributionView.h
2026-06-03T08:46:47.4959910Z x iPhoneOS16.5.sdk/System/Library/Frameworks/SharedWithYou.framework/Headers/SWHighlightMembershipEvent.h
2026-06-03T08:46:47.4960450Z x iPhoneOS16.5.sdk/System/Library/Frameworks/SharedWithYou.framework/SharedWithYou.tbd
2026-06-03T08:46:47.4960830Z x iPhoneOS16.5.sdk/System/Library/RelevanceEngine/
2026-06-03T08:46:47.4961140Z x iPhoneOS16.5.sdk/System/Library/RelevanceEngine/NanoDataSources/
2026-06-03T08:46:47.4961820Z x iPhoneOS16.5.sdk/System/Library/RelevanceEngine/NanoDataSources/RelevanceEngineWeather.bundle/
2026-06-03T08:46:47.4962550Z x iPhoneOS16.5.sdk/System/Library/RelevanceEngine/NanoDataSources/RelevanceEngineWeather.bundle/RelevanceEngineWeather.tbd
2026-06-03T08:46:47.4963320Z x iPhoneOS16.5.sdk/System/Library/RelevanceEngine/NanoDataSources/NanoMapsNavigationCompanionDataSource.bundle/
2026-06-03T08:46:47.4964120Z x iPhoneOS16.5.sdk/System/Library/RelevanceEngine/NanoDataSources/NanoMapsNavigationCompanionDataSource.bundle/NanoMapsNavigationCompanionDataSource.tbd
2026-06-03T08:46:47.4964860Z x iPhoneOS16.5.sdk/System/Library/RelevanceEngine/NanoDataSources/NanoMapsSampleDataSource.bundle/
2026-06-03T08:46:47.4965510Z x iPhoneOS16.5.sdk/System/Library/RelevanceEngine/NanoDataSources/NanoMapsSampleDataSource.bundle/NanoMapsSampleDataSource.tbd
2026-06-03T08:46:47.4966150Z x iPhoneOS16.5.sdk/System/Library/RelevanceEngine/NanoDataSources/RelevanceEngineSolar.bundle/
2026-06-03T08:46:47.4966760Z x iPhoneOS16.5.sdk/System/Library/RelevanceEngine/NanoDataSources/RelevanceEngineSolar.bundle/RelevanceEngineSolar.tbd
2026-06-03T08:46:47.4967360Z x iPhoneOS16.5.sdk/System/Library/RelevanceEngine/NanoDataSources/RelevanceEngineHome.bundle/
2026-06-03T08:46:47.4967960Z x iPhoneOS16.5.sdk/System/Library/RelevanceEngine/NanoDataSources/RelevanceEngineHome.bundle/RelevanceEngineHome.tbd
2026-06-03T08:46:47.4968420Z x iPhoneOS16.5.sdk/System/Library/CoreAccessories/
2026-06-03T08:46:47.4968700Z x iPhoneOS16.5.sdk/System/Library/CoreAccessories/PlugIns/
2026-06-03T08:46:47.4969040Z x iPhoneOS16.5.sdk/System/Library/CoreAccessories/PlugIns/Transports/
2026-06-03T08:46:47.4969490Z x iPhoneOS16.5.sdk/System/Library/CoreAccessories/PlugIns/Transports/IOAccessoryManager.transport/
2026-06-03T08:46:47.4970110Z x iPhoneOS16.5.sdk/System/Library/CoreAccessories/PlugIns/Transports/IOAccessoryManager.transport/IOAccessoryManager.tbd
2026-06-03T08:46:47.4970720Z x iPhoneOS16.5.sdk/System/Library/CoreAccessories/PlugIns/Transports/USBHost.transport/
2026-06-03T08:46:47.4971230Z x iPhoneOS16.5.sdk/System/Library/CoreAccessories/PlugIns/Transports/USBHost.transport/USBHost.tbd
2026-06-03T08:46:47.4971740Z x iPhoneOS16.5.sdk/System/Library/CoreAccessories/PlugIns/Transports/NFC.transport/
2026-06-03T08:46:47.4972210Z x iPhoneOS16.5.sdk/System/Library/CoreAccessories/PlugIns/Transports/NFC.transport/NFC.tbd
2026-06-03T08:46:47.4972640Z x iPhoneOS16.5.sdk/System/Library/CoreAccessories/PlugIns/Platform/
2026-06-03T08:46:47.4973060Z x iPhoneOS16.5.sdk/System/Library/CoreAccessories/PlugIns/Platform/WiFiSharing.platform/
2026-06-03T08:46:47.4973890Z x iPhoneOS16.5.sdk/System/Library/CoreAccessories/PlugIns/Platform/WiFiSharing.platform/WiFiSharing.tbd
2026-06-03T08:46:47.4974470Z x iPhoneOS16.5.sdk/System/Library/CoreAccessories/PlugIns/Platform/Platform-Bluetooth.platform/
2026-06-03T08:46:47.4975110Z x iPhoneOS16.5.sdk/System/Library/CoreAccessories/PlugIns/Platform/Platform-Bluetooth.platform/Platform-Bluetooth.tbd
2026-06-03T08:46:47.4975700Z x iPhoneOS16.5.sdk/System/Library/CoreAccessories/PlugIns/Platform/System.platform/
2026-06-03T08:46:47.4976290Z x iPhoneOS16.5.sdk/System/Library/CoreAccessories/PlugIns/Platform/System.platform/System.tbd
2026-06-03T08:46:47.4976790Z x iPhoneOS16.5.sdk/System/Library/CoreAccessories/PlugIns/Platform/IOKit.platform/
2026-06-03T08:46:47.4977260Z x iPhoneOS16.5.sdk/System/Library/CoreAccessories/PlugIns/Platform/IOKit.platform/IOKit.tbd
2026-06-03T08:46:47.4977690Z x iPhoneOS16.5.sdk/System/Library/CoreAccessories/PlugIns/Features/
2026-06-03T08:46:47.4978130Z x iPhoneOS16.5.sdk/System/Library/CoreAccessories/PlugIns/Features/BLEPairing-iOS.feature/
2026-06-03T08:46:47.4978690Z x iPhoneOS16.5.sdk/System/Library/CoreAccessories/PlugIns/Features/BLEPairing-iOS.feature/BLEPairing-iOS.tbd
2026-06-03T08:46:47.4979330Z x iPhoneOS16.5.sdk/System/Library/CoreAccessories/PlugIns/Features/OOBBTPairing-iOS.feature/
2026-06-03T08:46:47.4979940Z x iPhoneOS16.5.sdk/System/Library/CoreAccessories/PlugIns/Features/OOBBTPairing-iOS.feature/OOBBTPairing-iOS.tbd
2026-06-03T08:46:47.4981490Z x iPhoneOS16.5.sdk/System/Library/CoreAccessories/PlugIns/Features/Communications-iOS.feature/
2026-06-03T08:46:47.4982120Z x iPhoneOS16.5.sdk/System/Library/CoreAccessories/PlugIns/Features/Communications-iOS.feature/Communications-iOS.tbd
2026-06-03T08:46:47.4982720Z x iPhoneOS16.5.sdk/System/Library/CoreAccessories/PlugIns/Features/MediaLibrary-iOS.feature/
2026-06-03T08:46:47.4983300Z x iPhoneOS16.5.sdk/System/Library/CoreAccessories/PlugIns/Features/MediaLibrary-iOS.feature/MediaLibrary-iOS.tbd
2026-06-03T08:46:47.4983870Z x iPhoneOS16.5.sdk/System/Library/CoreAccessories/PlugIns/Features/NowPlaying-iOS.feature/
2026-06-03T08:46:47.4984450Z x iPhoneOS16.5.sdk/System/Library/CoreAccessories/PlugIns/Features/NowPlaying-iOS.feature/NowPlaying-iOS.tbd
2026-06-03T08:46:47.4984970Z x iPhoneOS16.5.sdk/System/Library/CoreAccessories/PlugIns/Features/HID.feature/
2026-06-03T08:46:47.4985410Z x iPhoneOS16.5.sdk/System/Library/CoreAccessories/PlugIns/Features/HID.feature/HID.tbd
2026-06-03T08:46:47.4985900Z x iPhoneOS16.5.sdk/System/Library/CoreAccessories/PlugIns/Features/Navigation-iOS.feature/
2026-06-03T08:46:47.4986460Z x iPhoneOS16.5.sdk/System/Library/CoreAccessories/PlugIns/Features/Navigation-iOS.feature/Navigation-iOS.tbd
2026-06-03T08:46:47.4987020Z x iPhoneOS16.5.sdk/System/Library/CoreAccessories/PlugIns/Features/AssistiveTouch-iOS.feature/
2026-06-03T08:46:47.4987620Z x iPhoneOS16.5.sdk/System/Library/CoreAccessories/PlugIns/Features/AssistiveTouch-iOS.feature/AssistiveTouch-iOS.tbd
2026-06-03T08:46:47.4988100Z x iPhoneOS16.5.sdk/System/Library/Messages/
2026-06-03T08:46:47.4988340Z x iPhoneOS16.5.sdk/System/Library/Messages/PlugIns/
2026-06-03T08:46:47.4988650Z x iPhoneOS16.5.sdk/System/Library/Messages/PlugIns/SMS.imservice/
2026-06-03T08:46:47.4989010Z x iPhoneOS16.5.sdk/System/Library/Messages/PlugIns/SMS.imservice/SMS.tbd
2026-06-03T08:46:47.4989380Z x iPhoneOS16.5.sdk/System/Library/Messages/PlugIns/FaceTime.imservice/
2026-06-03T08:46:47.4989780Z x iPhoneOS16.5.sdk/System/Library/Messages/PlugIns/FaceTime.imservice/FaceTime.tbd
2026-06-03T08:46:47.4990200Z x iPhoneOS16.5.sdk/System/Library/Messages/PlugIns/iMessage.imservice/
2026-06-03T08:46:47.4990610Z x iPhoneOS16.5.sdk/System/Library/Messages/PlugIns/iMessage.imservice/iMessage.tbd
2026-06-03T08:46:47.4990970Z x iPhoneOS16.5.sdk/System/Library/UserEventPlugins/
2026-06-03T08:46:47.4991310Z x iPhoneOS16.5.sdk/System/Library/UserEventPlugins/AppleHDQGasGauge.plugin/
2026-06-03T08:46:47.4991790Z x iPhoneOS16.5.sdk/System/Library/UserEventPlugins/AppleHDQGasGauge.plugin/AppleHDQGasGauge.tbd
2026-06-03T08:46:47.4992190Z x iPhoneOS16.5.sdk/System/Library/MediaCapture/
2026-06-03T08:46:47.4992460Z x iPhoneOS16.5.sdk/System/Library/MediaCapture/H13ISP.tbd
2026-06-03T08:46:47.4992730Z x iPhoneOS16.5.sdk/System/Library/VideoEncoders/
2026-06-03T08:46:47.4993050Z x iPhoneOS16.5.sdk/System/Library/VideoEncoders/AppleProResSWEncoder.tbd
2026-06-03T08:46:47.4993390Z x iPhoneOS16.5.sdk/System/Library/VideoEncoders/H9.tbd
2026-06-03T08:46:47.4993680Z x iPhoneOS16.5.sdk/System/Library/VideoEncoders/VCH263.tbd
2026-06-03T08:46:47.4994080Z x iPhoneOS16.5.sdk/System/Library/VideoEncoders/JPEGH1.tbd
2026-06-03T08:46:47.4994440Z x iPhoneOS16.5.sdk/System/Library/VideoEncoders/AppleProResHWEncoder.tbd
2026-06-03T08:46:47.4994790Z x iPhoneOS16.5.sdk/System/Library/VideoEncoders/H264H9.tbd
2026-06-03T08:46:47.4995850Z x iPhoneOS16.5.sdk/System/Library/NanoTimeKit/
2026-06-03T08:46:47.4996120Z x iPhoneOS16.5.sdk/System/Library/NanoTimeKit/FaceBundles/
2026-06-03T08:46:47.4996530Z x iPhoneOS16.5.sdk/System/Library/NanoTimeKit/FaceBundles/NTKAegirFaceBundleCompanion.bundle/
2026-06-03T08:46:47.4997160Z x iPhoneOS16.5.sdk/System/Library/NanoTimeKit/FaceBundles/NTKAegirFaceBundleCompanion.bundle/NTKAegirFaceBundleCompanion.tbd
2026-06-03T08:46:47.4997810Z x iPhoneOS16.5.sdk/System/Library/NanoTimeKit/FaceBundles/NTKSnowglobeFaceBundleCompanion.bundle/
2026-06-03T08:46:47.4998470Z x iPhoneOS16.5.sdk/System/Library/NanoTimeKit/FaceBundles/NTKSnowglobeFaceBundleCompanion.bundle/NTKSnowglobeFaceBundleCompanion.tbd
2026-06-03T08:46:47.4999240Z x iPhoneOS16.5.sdk/System/Library/NanoTimeKit/FaceBundles/NTKGalleonFaceBundleCompanion.bundle/
2026-06-03T08:46:47.4999890Z x iPhoneOS16.5.sdk/System/Library/NanoTimeKit/FaceBundles/NTKGalleonFaceBundleCompanion.bundle/NTKGalleonFaceBundleCompanion.tbd
2026-06-03T08:46:47.5000580Z x iPhoneOS16.5.sdk/System/Library/NanoTimeKit/FaceBundles/NTKExtragalacticFaceBundleCompanion.bundle/
2026-06-03T08:46:47.5001300Z x iPhoneOS16.5.sdk/System/Library/NanoTimeKit/FaceBundles/NTKExtragalacticFaceBundleCompanion.bundle/NTKExtragalacticFaceBundleCompanion.tbd
2026-06-03T08:46:47.5001910Z x iPhoneOS16.5.sdk/System/Library/NanoTimeKit/ComplicationBundles/
2026-06-03T08:46:47.5002350Z x iPhoneOS16.5.sdk/System/Library/NanoTimeKit/ComplicationBundles/WeatherComplications.bundle/
2026-06-03T08:46:47.5002960Z x iPhoneOS16.5.sdk/System/Library/NanoTimeKit/ComplicationBundles/WeatherComplications.bundle/WeatherComplications.tbd
2026-06-03T08:46:47.5003630Z x iPhoneOS16.5.sdk/System/Library/NanoTimeKit/ComplicationBundles/NanoMenstrualCyclesComplication.bundle/
2026-06-03T08:46:47.5004380Z x iPhoneOS16.5.sdk/System/Library/NanoTimeKit/ComplicationBundles/NanoMenstrualCyclesComplication.bundle/NanoMenstrualCyclesComplication.tbd
2026-06-03T08:46:47.5005070Z x iPhoneOS16.5.sdk/System/Library/NanoTimeKit/ComplicationBundles/MessagesComplication.bundle/
2026-06-03T08:46:47.5005700Z x iPhoneOS16.5.sdk/System/Library/NanoTimeKit/ComplicationBundles/MessagesComplication.bundle/MessagesComplication.tbd
2026-06-03T08:46:47.5006320Z x iPhoneOS16.5.sdk/System/Library/NanoTimeKit/ComplicationBundles/NanoCompassComplications.bundle/
2026-06-03T08:46:47.5006970Z x iPhoneOS16.5.sdk/System/Library/NanoTimeKit/ComplicationBundles/NanoCompassComplications.bundle/NanoCompassComplications.tbd
2026-06-03T08:46:47.5007650Z x iPhoneOS16.5.sdk/System/Library/NanoTimeKit/ComplicationBundles/NanoBooksComplicationsCompanion.bundle/
2026-06-03T08:46:47.5008390Z x iPhoneOS16.5.sdk/System/Library/NanoTimeKit/ComplicationBundles/NanoBooksComplicationsCompanion.bundle/NanoBooksComplicationsCompanion.tbd
2026-06-03T08:46:47.5009100Z x iPhoneOS16.5.sdk/System/Library/NanoTimeKit/ComplicationBundles/NanoSleepComplication.bundle/
2026-06-03T08:46:47.5009720Z x iPhoneOS16.5.sdk/System/Library/NanoTimeKit/ComplicationBundles/NanoSleepComplication.bundle/NanoSleepComplication.tbd
2026-06-03T08:46:47.5010350Z x iPhoneOS16.5.sdk/System/Library/NanoTimeKit/ComplicationBundles/WorldClockComplications.bundle/
2026-06-03T08:46:47.5010990Z x iPhoneOS16.5.sdk/System/Library/NanoTimeKit/ComplicationBundles/WorldClockComplications.bundle/WorldClockComplications.tbd
2026-06-03T08:46:47.5011510Z x iPhoneOS16.5.sdk/System/Library/PreferenceBundles/
2026-06-03T08:46:47.5011860Z x iPhoneOS16.5.sdk/System/Library/PreferenceBundles/MobilePhoneSettings.bundle/
2026-06-03T08:46:47.5013090Z x iPhoneOS16.5.sdk/System/Library/PreferenceBundles/MobilePhoneSettings.bundle/MobilePhoneSettings.tbd
2026-06-03T08:46:47.5013600Z x iPhoneOS16.5.sdk/System/Library/PreferenceBundles/VPNPreferences.bundle/
2026-06-03T08:46:47.5014300Z x iPhoneOS16.5.sdk/System/Library/PreferenceBundles/VPNPreferences.bundle/VPNPreferences.tbd
2026-06-03T08:46:47.5014780Z x iPhoneOS16.5.sdk/System/Library/PreferenceBundles/BluetoothSettings.bundle/
2026-06-03T08:46:47.5015260Z x iPhoneOS16.5.sdk/System/Library/PreferenceBundles/BluetoothSettings.bundle/BluetoothSettings.tbd
2026-06-03T08:46:47.5016060Z x iPhoneOS16.5.sdk/System/Library/PreferenceBundles/WirelessModemSettings.bundle/
2026-06-03T08:46:47.5016620Z x iPhoneOS16.5.sdk/System/Library/PreferenceBundles/WirelessModemSettings.bundle/WirelessModemSettings.tbd
2026-06-03T08:46:47.5017150Z x iPhoneOS16.5.sdk/System/Library/PreferenceBundles/KeyboardSettings.bundle/
2026-06-03T08:46:47.5017630Z x iPhoneOS16.5.sdk/System/Library/PreferenceBundles/KeyboardSettings.bundle/KeyboardSettings.tbd
2026-06-03T08:46:47.5020000Z x iPhoneOS16.5.sdk/System/Library/PreferenceBundles/MobileCalSettings.bundle/
2026-06-03T08:46:47.5020650Z x iPhoneOS16.5.sdk/System/Library/PreferenceBundles/MobileCalSettings.bundle/MobileCalSettings.tbd
2026-06-03T08:46:47.5021150Z x iPhoneOS16.5.sdk/System/Library/PreferenceBundles/EDGESettings.bundle/
2026-06-03T08:46:47.5021590Z x iPhoneOS16.5.sdk/System/Library/PreferenceBundles/EDGESettings.bundle/EDGESettings.tbd
2026-06-03T08:46:47.5022050Z x iPhoneOS16.5.sdk/System/Library/PreferenceBundles/CarrierSettings.bundle/
2026-06-03T08:46:47.5022520Z x iPhoneOS16.5.sdk/System/Library/PreferenceBundles/CarrierSettings.bundle/CarrierSettings.tbd
2026-06-03T08:46:47.5025060Z x iPhoneOS16.5.sdk/System/Library/PreferenceBundles/AirPortSettings.bundle/
2026-06-03T08:46:47.5025550Z x iPhoneOS16.5.sdk/System/Library/PreferenceBundles/AirPortSettings.bundle/AirPortSettings.tbd
2026-06-03T08:46:47.5026040Z x iPhoneOS16.5.sdk/System/Library/PreferenceBundles/ContactsSettings.bundle/
2026-06-03T08:46:47.5028270Z x iPhoneOS16.5.sdk/System/Library/PreferenceBundles/ContactsSettings.bundle/ContactsSettings.tbd
2026-06-03T08:46:47.5028850Z x iPhoneOS16.5.sdk/System/Library/PreferenceBundles/ScheduleSettings.bundle/
2026-06-03T08:46:47.5029390Z x iPhoneOS16.5.sdk/System/Library/PreferenceBundles/ScheduleSettings.bundle/ScheduleSettings.tbd
2026-06-03T08:46:47.5038090Z x iPhoneOS16.5.sdk/System/Library/Assistant/
2026-06-03T08:46:47.5038350Z x iPhoneOS16.5.sdk/System/Library/Assistant/Plugins/
2026-06-03T08:46:47.5038720Z x iPhoneOS16.5.sdk/System/Library/Assistant/Plugins/LocaleSettings.assistantBundle/
2026-06-03T08:46:47.5039240Z x iPhoneOS16.5.sdk/System/Library/Assistant/Plugins/LocaleSettings.assistantBundle/LocaleSettings.tbd
2026-06-03T08:46:47.5039720Z x iPhoneOS16.5.sdk/System/Library/Assistant/Plugins/GEO.assistantBundle/
2026-06-03T08:46:47.5040130Z x iPhoneOS16.5.sdk/System/Library/Assistant/Plugins/GEO.assistantBundle/GEO.tbd
2026-06-03T08:46:47.5040560Z x iPhoneOS16.5.sdk/System/Library/Assistant/Plugins/Media.assistantBundle/
2026-06-03T08:46:47.5041010Z x iPhoneOS16.5.sdk/System/Library/Assistant/Plugins/Media.assistantBundle/Media.tbd
2026-06-03T08:46:47.5041500Z x iPhoneOS16.5.sdk/System/Library/Assistant/Plugins/SynapseSyncPlugin.assistantBundle/
2026-06-03T08:46:47.5042060Z x iPhoneOS16.5.sdk/System/Library/Assistant/Plugins/SynapseSyncPlugin.assistantBundle/SynapseSyncPlugin.tbd
2026-06-03T08:46:47.5042580Z x iPhoneOS16.5.sdk/System/Library/Assistant/Plugins/Calendar.assistantBundle/
2026-06-03T08:46:47.5043050Z x iPhoneOS16.5.sdk/System/Library/Assistant/Plugins/Calendar.assistantBundle/Calendar.tbd
2026-06-03T08:46:47.5043520Z x iPhoneOS16.5.sdk/System/Library/Assistant/Plugins/HMAssistant.assistantBundle/
2026-06-03T08:46:47.5044020Z x iPhoneOS16.5.sdk/System/Library/Assistant/Plugins/HMAssistant.assistantBundle/HMAssistant.tbd
2026-06-03T08:46:47.5044520Z x iPhoneOS16.5.sdk/System/Library/Assistant/Plugins/SurfStatusSync.assistantBundle/
2026-06-03T08:46:47.5045030Z x iPhoneOS16.5.sdk/System/Library/Assistant/Plugins/SurfStatusSync.assistantBundle/SurfStatusSync.tbd
2026-06-03T08:46:47.5045530Z x iPhoneOS16.5.sdk/System/Library/Assistant/Plugins/Routine.assistantBundle/
2026-06-03T08:46:47.5046090Z x iPhoneOS16.5.sdk/System/Library/Assistant/Plugins/Routine.assistantBundle/Routine.tbd
2026-06-03T08:46:47.5046560Z x iPhoneOS16.5.sdk/System/Library/Assistant/Plugins/Podcasts.assistantBundle/
2026-06-03T08:46:47.5047010Z x iPhoneOS16.5.sdk/System/Library/Assistant/Plugins/Podcasts.assistantBundle/Podcasts.tbd
2026-06-03T08:46:47.5047660Z x iPhoneOS16.5.sdk/System/Library/Assistant/Plugins/CorrectionsProfilesSync.assistantBundle/
2026-06-03T08:46:47.5048280Z x iPhoneOS16.5.sdk/System/Library/Assistant/Plugins/CorrectionsProfilesSync.assistantBundle/CorrectionsProfilesSync.tbd
2026-06-03T08:46:47.5048840Z x iPhoneOS16.5.sdk/System/Library/Assistant/Plugins/Contacts.assistantBundle/
2026-06-03T08:46:47.5049290Z x iPhoneOS16.5.sdk/System/Library/Assistant/Plugins/Contacts.assistantBundle/Contacts.tbd
2026-06-03T08:46:47.5049970Z x iPhoneOS16.5.sdk/System/Library/Assistant/Plugins/Phone.assistantBundle/
2026-06-03T08:46:47.5050400Z x iPhoneOS16.5.sdk/System/Library/Assistant/Plugins/Phone.assistantBundle/Phone.tbd
2026-06-03T08:46:47.5050870Z x iPhoneOS16.5.sdk/System/Library/Assistant/Plugins/AssistantTTSPlugin.assistantBundle/
2026-06-03T08:46:47.5051440Z x iPhoneOS16.5.sdk/System/Library/Assistant/Plugins/AssistantTTSPlugin.assistantBundle/AssistantTTSPlugin.tbd
2026-06-03T08:46:47.5051910Z x iPhoneOS16.5.sdk/System/Library/Assistant/UIPlugins/
2026-06-03T08:46:47.5052280Z x iPhoneOS16.5.sdk/System/Library/Assistant/UIPlugins/SiriFindMyUIPlugin.siriUIBundle/
2026-06-03T08:46:47.5052810Z x iPhoneOS16.5.sdk/System/Library/Assistant/UIPlugins/SiriFindMyUIPlugin.siriUIBundle/Frameworks/
2026-06-03T08:46:47.5053670Z x iPhoneOS16.5.sdk/System/Library/Assistant/UIPlugins/SiriFindMyUIPlugin.siriUIBundle/Frameworks/SiriFindMyUI.framework/
2026-06-03T08:46:47.5054440Z x iPhoneOS16.5.sdk/System/Library/Assistant/UIPlugins/SiriFindMyUIPlugin.siriUIBundle/Frameworks/SiriFindMyUI.framework/SiriFindMyUI.tbd
2026-06-03T08:46:47.5054980Z x iPhoneOS16.5.sdk/System/Library/ProceduralWallpaper/
2026-06-03T08:46:47.5055350Z x iPhoneOS16.5.sdk/System/Library/ProceduralWallpaper/ProceduralWallpapers.bundle/
2026-06-03T08:46:47.5055900Z x iPhoneOS16.5.sdk/System/Library/ProceduralWallpaper/ProceduralWallpapers.bundle/ProceduralWallpapers.tbd
2026-06-03T08:46:47.5056330Z x iPhoneOS16.5.sdk/System/Library/HIDPlugins/
2026-06-03T08:46:47.5056670Z x iPhoneOS16.5.sdk/System/Library/HIDPlugins/AppleSPUAccCompassPlugin.plugin/
2026-06-03T08:46:47.5057250Z x iPhoneOS16.5.sdk/System/Library/HIDPlugins/AppleSPUAccCompassPlugin.plugin/AppleSPUAccCompassPlugin.tbd
2026-06-03T08:46:47.5057840Z x iPhoneOS16.5.sdk/System/Library/HIDPlugins/IOHIDT8027USBSessionFilter.plugin/
2026-06-03T08:46:47.5058380Z x iPhoneOS16.5.sdk/System/Library/HIDPlugins/IOHIDT8027USBSessionFilter.plugin/IOHIDT8027USBSessionFilter.tbd
2026-06-03T08:46:47.5058910Z x iPhoneOS16.5.sdk/System/Library/HIDPlugins/IOHIDPointerScrollFilter.plugin/
2026-06-03T08:46:47.5059440Z x iPhoneOS16.5.sdk/System/Library/HIDPlugins/IOHIDPointerScrollFilter.plugin/IOHIDPointerScrollFilter.tbd
2026-06-03T08:46:47.5059960Z x iPhoneOS16.5.sdk/System/Library/HIDPlugins/IOHIDEventProcessorFilter.plugin/
2026-06-03T08:46:47.5060490Z x iPhoneOS16.5.sdk/System/Library/HIDPlugins/IOHIDEventProcessorFilter.plugin/IOHIDEventProcessorFilter.tbd
2026-06-03T08:46:47.5061050Z x iPhoneOS16.5.sdk/System/Library/HIDPlugins/IOHIDEventSystemStatistics.plugin/
2026-06-03T08:46:47.5061750Z x iPhoneOS16.5.sdk/System/Library/HIDPlugins/IOHIDEventSystemStatistics.plugin/IOHIDEventSystemStatistics.tbd
2026-06-03T08:46:47.5062350Z x iPhoneOS16.5.sdk/System/Library/HIDPlugins/AppleSPUDispCompassPlugin.plugin/
2026-06-03T08:46:47.5062910Z x iPhoneOS16.5.sdk/System/Library/HIDPlugins/AppleSPUDispCompassPlugin.plugin/AppleSPUDispCompassPlugin.tbd
2026-06-03T08:46:47.5063430Z x iPhoneOS16.5.sdk/System/Library/HIDPlugins/IOHIDKeyboardFilter.plugin/
2026-06-03T08:46:47.5063970Z x iPhoneOS16.5.sdk/System/Library/HIDPlugins/IOHIDKeyboardFilter.plugin/IOHIDKeyboardFilter.tbd
2026-06-03T08:46:47.5064700Z x iPhoneOS16.5.sdk/System/Library/HIDPlugins/AttentionAwarenessFilter.plugin/
2026-06-03T08:46:47.5065250Z x iPhoneOS16.5.sdk/System/Library/HIDPlugins/AttentionAwarenessFilter.plugin/AttentionAwarenessFilter.tbd
2026-06-03T08:46:47.5065770Z x iPhoneOS16.5.sdk/System/Library/HIDPlugins/AppleSPUHIDStatistics.plugin/
2026-06-03T08:46:47.5066260Z x iPhoneOS16.5.sdk/System/Library/HIDPlugins/AppleSPUHIDStatistics.plugin/AppleSPUHIDStatistics.tbd
2026-06-03T08:46:47.5066680Z x iPhoneOS16.5.sdk/System/Library/TextInput/
2026-06-03T08:46:47.5066960Z x iPhoneOS16.5.sdk/System/Library/TextInput/TextInput_my.bundle/
2026-06-03T08:46:47.5067540Z x iPhoneOS16.5.sdk/System/Library/TextInput/TextInput_my.bundle/TextInput_my.tbd
2026-06-03T08:46:47.5067920Z x iPhoneOS16.5.sdk/System/Library/TextInput/TextInput_de.bundle/
2026-06-03T08:46:47.5068300Z x iPhoneOS16.5.sdk/System/Library/TextInput/TextInput_de.bundle/TextInput_de.tbd
2026-06-03T08:46:47.5068770Z x iPhoneOS16.5.sdk/System/Library/TextInput/TextInput_tr.bundle/
2026-06-03T08:46:47.5069140Z x iPhoneOS16.5.sdk/System/Library/TextInput/TextInput_tr.bundle/TextInput_tr.tbd
2026-06-03T08:46:47.5069520Z x iPhoneOS16.5.sdk/System/Library/TextInput/TextInput_yue.bundle/
2026-06-03T08:46:47.5069910Z x iPhoneOS16.5.sdk/System/Library/TextInput/TextInput_yue.bundle/TextInput_yue.tbd
2026-06-03T08:46:47.5070320Z x iPhoneOS16.5.sdk/System/Library/TextInput/TextInput_fr.bundle/
2026-06-03T08:46:47.5070700Z x iPhoneOS16.5.sdk/System/Library/TextInput/TextInput_fr.bundle/TextInput_fr.tbd
2026-06-03T08:46:47.5071070Z x iPhoneOS16.5.sdk/System/Library/TextInput/TextInput_th.bundle/
2026-06-03T08:46:47.5071450Z x iPhoneOS16.5.sdk/System/Library/TextInput/TextInput_th.bundle/TextInput_th.tbd
2026-06-03T08:46:47.5071820Z x iPhoneOS16.5.sdk/System/Library/TextInput/TextInput_cs.bundle/
2026-06-03T08:46:47.5072190Z x iPhoneOS16.5.sdk/System/Library/TextInput/TextInput_cs.bundle/TextInput_cs.tbd
2026-06-03T08:46:47.5072590Z x iPhoneOS16.5.sdk/System/Library/TextInput/TextInput_intl.bundle/
2026-06-03T08:46:47.5073010Z x iPhoneOS16.5.sdk/System/Library/TextInput/TextInput_intl.bundle/TextInput_intl.tbd
2026-06-03T08:46:47.5073410Z x iPhoneOS16.5.sdk/System/Library/TextInput/TextInput_chr.bundle/
2026-06-03T08:46:47.5073790Z x iPhoneOS16.5.sdk/System/Library/TextInput/TextInput_chr.bundle/TextInput_chr.tbd
2026-06-03T08:46:47.5074180Z x iPhoneOS16.5.sdk/System/Library/TextInput/TextInput_es.bundle/
2026-06-03T08:46:47.5074550Z x iPhoneOS16.5.sdk/System/Library/TextInput/TextInput_es.bundle/TextInput_es.tbd
2026-06-03T08:46:47.5074920Z x iPhoneOS16.5.sdk/System/Library/TextInput/TextInput_pt.bundle/
2026-06-03T08:46:47.5075290Z x iPhoneOS16.5.sdk/System/Library/TextInput/TextInput_pt.bundle/TextInput_pt.tbd
2026-06-03T08:46:47.5075670Z x iPhoneOS16.5.sdk/System/Library/TextInput/TextInput_mr.bundle/
2026-06-03T08:46:47.5076040Z x iPhoneOS16.5.sdk/System/Library/TextInput/TextInput_mr.bundle/TextInput_mr.tbd
2026-06-03T08:46:47.5076410Z x iPhoneOS16.5.sdk/System/Library/TextInput/TextInput_ko.bundle/
2026-06-03T08:46:47.5076820Z x iPhoneOS16.5.sdk/System/Library/TextInput/TextInput_ko.bundle/TextInput_ko.tbd
2026-06-03T08:46:47.5077200Z x iPhoneOS16.5.sdk/System/Library/TextInput/TextInput_mul.bundle/
2026-06-03T08:46:47.5077580Z x iPhoneOS16.5.sdk/System/Library/TextInput/TextInput_mul.bundle/TextInput_mul.tbd
2026-06-03T08:46:47.5077970Z x iPhoneOS16.5.sdk/System/Library/TextInput/TextInput_vi.bundle/
2026-06-03T08:46:47.5078340Z x iPhoneOS16.5.sdk/System/Library/TextInput/TextInput_vi.bundle/TextInput_vi.tbd
2026-06-03T08:46:47.5078720Z x iPhoneOS16.5.sdk/System/Library/TextInput/TextInput_en.bundle/
2026-06-03T08:46:47.5079080Z x iPhoneOS16.5.sdk/System/Library/TextInput/TextInput_en.bundle/TextInput_en.tbd
2026-06-03T08:46:47.5079460Z x iPhoneOS16.5.sdk/System/Library/TextInput/TextInput_sk.bundle/
2026-06-03T08:46:47.5079900Z x iPhoneOS16.5.sdk/System/Library/TextInput/TextInput_sk.bundle/TextInput_sk.tbd
2026-06-03T08:46:47.5080280Z x iPhoneOS16.5.sdk/System/Library/TextInput/TextInput_pa.bundle/
2026-06-03T08:46:47.5080720Z x iPhoneOS16.5.sdk/System/Library/TextInput/TextInput_pa.bundle/TextInput_pa.tbd
2026-06-03T08:46:47.5081110Z x iPhoneOS16.5.sdk/System/Library/TextInput/TextInput_bo.bundle/
2026-06-03T08:46:47.5081480Z x iPhoneOS16.5.sdk/System/Library/TextInput/TextInput_bo.bundle/TextInput_bo.tbd
2026-06-03T08:46:47.5081880Z x iPhoneOS16.5.sdk/System/Library/TextInput/TextInput_ta.bundle/
2026-06-03T08:46:47.5082250Z x iPhoneOS16.5.sdk/System/Library/TextInput/TextInput_ta.bundle/TextInput_ta.tbd
2026-06-03T08:46:47.5082640Z x iPhoneOS16.5.sdk/System/Library/TextInput/TextInput_si.bundle/
2026-06-03T08:46:47.5083010Z x iPhoneOS16.5.sdk/System/Library/TextInput/TextInput_si.bundle/TextInput_si.tbd
2026-06-03T08:46:47.5083380Z x iPhoneOS16.5.sdk/System/Library/TextInput/TextInput_hi.bundle/
2026-06-03T08:46:47.5083750Z x iPhoneOS16.5.sdk/System/Library/TextInput/TextInput_hi.bundle/TextInput_hi.tbd
2026-06-03T08:46:47.5084220Z x iPhoneOS16.5.sdk/System/Library/TextInput/TextInput_he.bundle/
2026-06-03T08:46:47.5084590Z x iPhoneOS16.5.sdk/System/Library/TextInput/TextInput_he.bundle/TextInput_he.tbd
2026-06-03T08:46:47.5085010Z x iPhoneOS16.5.sdk/System/Library/TextInput/TextInput_emoji.bundle/
2026-06-03T08:46:47.5085410Z x iPhoneOS16.5.sdk/System/Library/TextInput/TextInput_emoji.bundle/TextInput_emoji.tbd
2026-06-03T08:46:47.5085820Z x iPhoneOS16.5.sdk/System/Library/TextInput/TextInput_ug.bundle/
2026-06-03T08:46:47.5086190Z x iPhoneOS16.5.sdk/System/Library/TextInput/TextInput_ug.bundle/TextInput_ug.tbd
2026-06-03T08:46:47.5086570Z x iPhoneOS16.5.sdk/System/Library/TextInput/TextInput_zh.bundle/
2026-06-03T08:46:47.5086930Z x iPhoneOS16.5.sdk/System/Library/TextInput/TextInput_zh.bundle/TextInput_zh.tbd
2026-06-03T08:46:47.5087310Z x iPhoneOS16.5.sdk/System/Library/TextInput/TextInput_el.bundle/
2026-06-03T08:46:47.5087700Z x iPhoneOS16.5.sdk/System/Library/TextInput/TextInput_el.bundle/TextInput_el.tbd
2026-06-03T08:46:47.5088080Z x iPhoneOS16.5.sdk/System/Library/TextInput/TextInput_ja.bundle/
2026-06-03T08:46:47.5088450Z x iPhoneOS16.5.sdk/System/Library/TextInput/TextInput_ja.bundle/TextInput_ja.tbd
2026-06-03T08:46:47.5088860Z x iPhoneOS16.5.sdk/System/Library/TextInput/TextInput_haw.bundle/
2026-06-03T08:46:47.5089240Z x iPhoneOS16.5.sdk/System/Library/TextInput/TextInput_haw.bundle/TextInput_haw.tbd
2026-06-03T08:46:47.5089620Z x iPhoneOS16.5.sdk/System/Library/TextInput/TextInput_ca.bundle/
2026-06-03T08:46:47.5089990Z x iPhoneOS16.5.sdk/System/Library/TextInput/TextInput_ca.bundle/TextInput_ca.tbd
2026-06-03T08:46:47.5090340Z x iPhoneOS16.5.sdk/System/Library/DataClassMigrators/
2026-06-03T08:46:47.5090710Z x iPhoneOS16.5.sdk/System/Library/DataClassMigrators/MessagesDataMigrator.migrator/
2026-06-03T08:46:47.5091250Z x iPhoneOS16.5.sdk/System/Library/DataClassMigrators/MessagesDataMigrator.migrator/MessagesDataMigrator.tbd
2026-06-03T08:46:47.5091780Z x iPhoneOS16.5.sdk/System/Library/DataClassMigrators/DAAccount.migrator/
2026-06-03T08:46:47.5092210Z x iPhoneOS16.5.sdk/System/Library/DataClassMigrators/DAAccount.migrator/DAAccount.tbd
2026-06-03T08:46:47.5092700Z x iPhoneOS16.5.sdk/System/Library/DataClassMigrators/FaceTimeMigrator.migrator/
2026-06-03T08:46:47.5093200Z x iPhoneOS16.5.sdk/System/Library/DataClassMigrators/FaceTimeMigrator.migrator/FaceTimeMigrator.tbd
2026-06-03T08:46:47.5093630Z x iPhoneOS16.5.sdk/System/Library/SystemConfiguration/
2026-06-03T08:46:47.5094000Z x iPhoneOS16.5.sdk/System/Library/SystemConfiguration/CaptiveNetworkSupport.bundle/
2026-06-03T08:46:47.5094720Z x iPhoneOS16.5.sdk/System/Library/SystemConfiguration/CaptiveNetworkSupport.bundle/CaptiveNetworkSupport.tbd
2026-06-03T08:46:47.5095170Z x iPhoneOS16.5.sdk/System/Library/Extensions/
2026-06-03T08:46:47.5095470Z x iPhoneOS16.5.sdk/System/Library/Extensions/AppleSPU.kext/
2026-06-03T08:46:47.5095800Z x iPhoneOS16.5.sdk/System/Library/Extensions/AppleSPU.kext/PlugIns/
2026-06-03T08:46:47.5096250Z x iPhoneOS16.5.sdk/System/Library/Extensions/AppleSPU.kext/PlugIns/GNSSPassthroughLib.plugin/
2026-06-03T08:46:47.5096960Z x iPhoneOS16.5.sdk/System/Library/Extensions/AppleSPU.kext/PlugIns/GNSSPassthroughLib.plugin/GNSSPassthroughLib.tbd
2026-06-03T08:46:47.5097550Z x iPhoneOS16.5.sdk/System/Library/Extensions/AppleSPU.kext/PlugIns/AppleSPULib.plugin/
2026-06-03T08:46:47.5098080Z x iPhoneOS16.5.sdk/System/Library/Extensions/AppleSPU.kext/PlugIns/AppleSPULib.plugin/AppleSPULib.tbd
2026-06-03T08:46:47.5098570Z x iPhoneOS16.5.sdk/System/Library/Extensions/AppleHDQGasGaugeControl.kext/
2026-06-03T08:46:47.5098990Z x iPhoneOS16.5.sdk/System/Library/Extensions/AppleHDQGasGaugeControl.kext/PlugIns/
2026-06-03T08:46:47.5099540Z x iPhoneOS16.5.sdk/System/Library/Extensions/AppleHDQGasGaugeControl.kext/PlugIns/AppleHDQGasGaugeHID.plugin/
2026-06-03T08:46:47.5100250Z x iPhoneOS16.5.sdk/System/Library/Extensions/AppleHDQGasGaugeControl.kext/PlugIns/AppleHDQGasGaugeHID.plugin/AppleHDQGasGaugeHID.tbd
2026-06-03T08:46:47.5100910Z x iPhoneOS16.5.sdk/System/Library/Extensions/AGXMetalG14.bundle/
2026-06-03T08:46:47.5101290Z x iPhoneOS16.5.sdk/System/Library/Extensions/AGXMetalG14.bundle/AGXMetalG14.tbd
2026-06-03T08:46:47.5101690Z x iPhoneOS16.5.sdk/System/Library/Extensions/IOUSBDeviceFamily.kext/
2026-06-03T08:46:47.5102080Z x iPhoneOS16.5.sdk/System/Library/Extensions/IOUSBDeviceFamily.kext/PlugIns/
2026-06-03T08:46:47.5102870Z x iPhoneOS16.5.sdk/System/Library/Extensions/IOUSBDeviceFamily.kext/PlugIns/IOUSBDeviceLib.plugin/
2026-06-03T08:46:47.5103550Z x iPhoneOS16.5.sdk/System/Library/Extensions/IOUSBDeviceFamily.kext/PlugIns/IOUSBDeviceLib.plugin/IOUSBDeviceLib.tbd
2026-06-03T08:46:47.5104090Z x iPhoneOS16.5.sdk/System/Library/Extensions/AppleMultitouchSPI.kext/
2026-06-03T08:46:47.5104500Z x iPhoneOS16.5.sdk/System/Library/Extensions/AppleMultitouchSPI.kext/PlugIns/
2026-06-03T08:46:47.5105740Z x iPhoneOS16.5.sdk/System/Library/Extensions/AppleMultitouchSPI.kext/PlugIns/MultitouchHID.plugin/
2026-06-03T08:46:47.5106390Z x iPhoneOS16.5.sdk/System/Library/Extensions/AppleMultitouchSPI.kext/PlugIns/MultitouchHID.plugin/MultitouchHID.tbd
2026-06-03T08:46:47.5106930Z x iPhoneOS16.5.sdk/System/Library/Extensions/AppleMetalGLRenderer.bundle/
2026-06-03T08:46:47.5107420Z x iPhoneOS16.5.sdk/System/Library/Extensions/AppleMetalGLRenderer.bundle/AppleMetalGLRenderer.tbd
2026-06-03T08:46:47.5107900Z x iPhoneOS16.5.sdk/System/Library/Extensions/AGXGPURawCounterBundle.bundle/
2026-06-03T08:46:47.5108550Z x iPhoneOS16.5.sdk/System/Library/Extensions/AGXGPURawCounterBundle.bundle/AGXGPURawCounterBundle.tbd
2026-06-03T08:46:47.5109010Z x iPhoneOS16.5.sdk/System/Library/Extensions/IOHIDFamily.kext/
2026-06-03T08:46:47.5109440Z x iPhoneOS16.5.sdk/System/Library/Extensions/IOHIDFamily.kext/PlugIns/
2026-06-03T08:46:47.5109860Z x iPhoneOS16.5.sdk/System/Library/Extensions/IOHIDFamily.kext/PlugIns/IOHIDLib.plugin/
2026-06-03T08:46:47.5110400Z x iPhoneOS16.5.sdk/System/Library/Extensions/IOHIDFamily.kext/PlugIns/IOHIDLib.plugin/IOHIDLib.tbd
2026-06-03T08:46:47.5111200Z x iPhoneOS16.5.sdk/System/Library/VoiceServices/
2026-06-03T08:46:47.5111530Z x iPhoneOS16.5.sdk/System/Library/VoiceServices/PlugIns/
2026-06-03T08:46:47.5111900Z x iPhoneOS16.5.sdk/System/Library/VoiceServices/PlugIns/VoiceDial.vsplugin/
2026-06-03T08:46:47.5112440Z x iPhoneOS16.5.sdk/System/Library/VoiceServices/PlugIns/VoiceDial.vsplugin/VoiceDial.tbd
2026-06-03T08:46:47.5112830Z x iPhoneOS16.5.sdk/System/Library/CoreServices/
2026-06-03T08:46:47.5113130Z x iPhoneOS16.5.sdk/System/Library/CoreServices/SystemVersion.plist
2026-06-03T08:46:47.5113490Z x iPhoneOS16.5.sdk/System/Library/CoreServices/RawCamera.bundle/
2026-06-03T08:46:47.5113950Z x iPhoneOS16.5.sdk/System/Library/CoreServices/RawCamera.bundle/RawCamera.tbd
2026-06-03T08:46:47.5114910Z x iPhoneOS16.5.sdk/System/Library/PrivateFrameworks/
2026-06-03T08:46:47.5115230Z x iPhoneOS16.5.sdk/System/Library/PrivateFrameworks/FMF.framework/
2026-06-03T08:46:47.5115600Z x iPhoneOS16.5.sdk/System/Library/PrivateFrameworks/FMF.framework/FMF.tbd
2026-06-03T08:46:47.5116060Z x iPhoneOS16.5.sdk/System/Library/PrivateFrameworks/HealthRecordsWalletSupport.framework/
2026-06-03T08:46:47.5116800Z x iPhoneOS16.5.sdk/System/Library/PrivateFrameworks/HealthRecordsWalletSupport.framework/HealthRecordsWalletSupport.tbd
2026-06-03T08:46:47.5117370Z x iPhoneOS16.5.sdk/System/Library/PrivateFrameworks/APFoundation.framework/
2026-06-03T08:46:47.5117840Z x iPhoneOS16.5.sdk/System/Library/PrivateFrameworks/APFoundation.framework/APFoundation.tbd
2026-06-03T08:46:47.5118330Z x iPhoneOS16.5.sdk/System/Library/PrivateFrameworks/SiriTasks.framework/
2026-06-03T08:46:47.5119040Z x iPhoneOS16.5.sdk/System/Library/PrivateFrameworks/SiriTasks.framework/SiriTasks.tbd
2026-06-03T08:46:47.5119600Z x iPhoneOS16.5.sdk/System/Library/PrivateFrameworks/FMIPCore.framework/
2026-06-03T08:46:47.5120040Z x iPhoneOS16.5.sdk/System/Library/PrivateFrameworks/FMIPCore.framework/FMIPCore.tbd
2026-06-03T08:46:47.5120460Z x iPhoneOS16.5.sdk/System/Library/PrivateFrameworks/RESync.framework/
2026-06-03T08:46:47.5121180Z x iPhoneOS16.5.sdk/System/Library/PrivateFrameworks/RESync.framework/RESync.tbd
2026-06-03T08:46:47.5121660Z x iPhoneOS16.5.sdk/System/Library/PrivateFrameworks/UserNotificationsSettings.framework/
2026-06-03T08:46:47.5122340Z x iPhoneOS16.5.sdk/System/Library/PrivateFrameworks/UserNotificationsSettings.framework/UserNotificationsSettings.tbd
2026-06-03T08:46:47.5122880Z x iPhoneOS16.5.sdk/System/Library/PrivateFrameworks/StoreKitUI.framework/
2026-06-03T08:46:47.5123400Z x iPhoneOS16.5.sdk/System/Library/PrivateFrameworks/StoreKitUI.framework/StoreKitUI.tbd
2026-06-03T08:46:47.5124530Z x iPhoneOS16.5.sdk/System/Library/PrivateFrameworks/MenstrualAlgorithmsInternal.framework/
2026-06-03T08:46:47.5125160Z x iPhoneOS16.5.sdk/System/Library/PrivateFrameworks/MenstrualAlgorithmsInternal.framework/MenstrualAlgorithmsInternal.tbd
2026-06-03T08:46:47.5125730Z x iPhoneOS16.5.sdk/System/Library/PrivateFrameworks/PacketFilter.framework/
2026-06-03T08:46:47.5126200Z x iPhoneOS16.5.sdk/System/Library/PrivateFrameworks/PacketFilter.framework/PacketFilter.tbd
2026-06-03T08:46:47.5126670Z x iPhoneOS16.5.sdk/System/Library/PrivateFrameworks/CameraEditKit.framework/
2026-06-03T08:46:47.5127140Z x iPhoneOS16.5.sdk/System/Library/PrivateFrameworks/CameraEditKit.framework/CameraEditKit.tbd
2026-06-03T08:46:47.5127610Z x iPhoneOS16.5.sdk/System/Library/PrivateFrameworks/FMFUI.framework/
2026-06-03T08:46:47.5128000Z x iPhoneOS16.5.sdk/System/Library/PrivateFrameworks/FMFUI.framework/FMFUI.tbd
2026-06-03T08:46:47.5128440Z x iPhoneOS16.5.sdk/System/Library/PrivateFrameworks/CloudSharingUI.framework/
2026-06-03T08:46:47.5129170Z x iPhoneOS16.5.sdk/System/Library/PrivateFrameworks/CloudSharingUI.framework/CloudSharingUI.tbd
2026-06-03T08:46:47.5129800Z x iPhoneOS16.5.sdk/System/Library/PrivateFrameworks/DiagnosticsKit.framework/
2026-06-03T08:46:47.5130290Z x iPhoneOS16.5.sdk/System/Library/PrivateFrameworks/DiagnosticsKit.framework/DiagnosticsKit.tbd
2026-06-03T08:46:47.5130870Z x iPhoneOS16.5.sdk/System/Library/PrivateFrameworks/CoreUtilsExtras.framework/
2026-06-03T08:46:47.5131370Z x iPhoneOS16.5.sdk/System/Library/PrivateFrameworks/CoreUtilsExtras.framework/CoreUtilsExtras.tbd
2026-06-03T08:46:47.5131880Z x iPhoneOS16.5.sdk/System/Library/PrivateFrameworks/SiriAppResolution.framework/
2026-06-03T08:46:47.5132470Z x iPhoneOS16.5.sdk/System/Library/PrivateFrameworks/SiriAppResolution.framework/SiriAppResolution.tbd
2026-06-03T08:46:47.5133800Z x iPhoneOS16.5.sdk/System/Library/PrivateFrameworks/ReportingPlugin.framework/
2026-06-03T08:46:47.5134300Z x iPhoneOS16.5.sdk/System/Library/PrivateFrameworks/ReportingPlugin.framework/ReportingPlugin.tbd
2026-06-03T08:46:47.5134780Z x iPhoneOS16.5.sdk/System/Library/PrivateFrameworks/AdPlatforms.framework/
2026-06-03T08:46:47.5135230Z x iPhoneOS16.5.sdk/System/Library/PrivateFrameworks/AdPlatforms.framework/AdPlatforms.tbd
2026-06-03T08:46:47.5135710Z x iPhoneOS16.5.sdk/System/Library/PrivateFrameworks/FoundationODR.framework/
2026-06-03T08:46:47.5136220Z x iPhoneOS16.5.sdk/System/Library/PrivateFrameworks/FoundationODR.framework/FoundationODR.tbd
2026-06-03T08:46:47.5137060Z x iPhoneOS16.5.sdk/System/Library/PrivateFrameworks/iOSDiagnostics.framework/
2026-06-03T08:46:47.5137540Z x iPhoneOS16.5.sdk/System/Library/PrivateFrameworks/iOSDiagnostics.framework/iOSDiagnostics.tbd
2026-06-03T08:46:47.5138080Z x iPhoneOS16.5.sdk/System/Library/PrivateFrameworks/LocalSpeechRecognitionBridge.framework/
2026-06-03T08:46:47.5138740Z x iPhoneOS16.5.sdk/System/Library/PrivateFrameworks/LocalSpeechRecognitionBridge.framework/LocalSpeechRecognitionBridge.tbd
2026-06-03T08:46:47.5139360Z x iPhoneOS16.5.sdk/System/Library/PrivateFrameworks/MobileAccessoryUpdater.framework/
2026-06-03T08:46:47.5140030Z x iPhoneOS16.5.sdk/System/Library/PrivateFrameworks/MobileAccessoryUpdater.framework/MobileAccessoryUpdater.tbd
2026-06-03T08:46:47.5140570Z x iPhoneOS16.5.sdk/System/Library/PrivateFrameworks/CoreIDCred.framework/
2026-06-03T08:46:47.5141120Z x iPhoneOS16.5.sdk/System/Library/PrivateFrameworks/CoreIDCred.framework/CoreIDCred.tbd
2026-06-03T08:46:47.5141670Z x iPhoneOS16.5.sdk/System/Library/PrivateFrameworks/WiFiPeerToPeer.framework/
2026-06-03T08:46:47.5142240Z x iPhoneOS16.5.sdk/System/Library/PrivateFrameworks/WiFiPeerToPeer.framework/WiFiPeerToPeer.tbd
2026-06-03T08:46:47.5142840Z x iPhoneOS16.5.sdk/System/Library/PrivateFrameworks/SystemWake.framework/
2026-06-03T08:46:47.5143280Z x iPhoneOS16.5.sdk/System/Library/PrivateFrameworks/SystemWake.framework/SystemWake.tbd
2026-06-03T08:46:47.5143760Z x iPhoneOS16.5.sdk/System/Library/PrivateFrameworks/ParavirtualizedANE.framework/
2026-06-03T08:46:47.5144320Z x iPhoneOS16.5.sdk/System/Library/PrivateFrameworks/ParavirtualizedANE.framework/ParavirtualizedANE.tbd
2026-06-03T08:46:47.5145010Z x iPhoneOS16.5.sdk/System/Library/PrivateFrameworks/CoreSuggestionsInternals.framework/
2026-06-03T08:46:47.5145610Z x iPhoneOS16.5.sdk/System/Library/PrivateFrameworks/CoreSuggestionsInternals.framework/CoreSuggestionsInternals.tbd
2026-06-03T08:46:47.5146150Z x iPhoneOS16.5.sdk/System/Library/PrivateFrameworks/ActionKitUI.framework/
2026-06-03T08:46:47.5146720Z x iPhoneOS16.5.sdk/System/Library/PrivateFrameworks/ActionKitUI.framework/ActionKitUI.tbd
2026-06-03T08:46:47.5147160Z x iPhoneOS16.5.sdk/System/Library/PrivateFrameworks/OAuth.framework/
2026-06-03T08:46:47.5147560Z x iPhoneOS16.5.sdk/System/Library/PrivateFrameworks/OAuth.framework/OAuth.tbd
2026-06-03T08:46:47.5148060Z x iPhoneOS16.5.sdk/System/Library/PrivateFrameworks/OnBoardingKit.framework/
2026-06-03T08:46:47.5148520Z x iPhoneOS16.5.sdk/System/Library/PrivateFrameworks/OnBoardingKit.framework/OnBoardingKit.tbd
2026-06-03T08:46:47.5149060Z x iPhoneOS16.5.sdk/System/Library/PrivateFrameworks/CDMFoundation.framework/
2026-06-03T08:46:47.5149530Z x iPhoneOS16.5.sdk/System/Library/PrivateFrameworks/CDMFoundation.framework/CDMFoundation.tbd
2026-06-03T08:46:47.5150000Z x iPhoneOS16.5.sdk/System/Library/PrivateFrameworks/CacheDelete.framework/
2026-06-03T08:46:47.5150450Z x iPhoneOS16.5.sdk/System/Library/PrivateFrameworks/CacheDelete.framework/CacheDelete.tbd
2026-06-03T08:46:47.5150890Z x iPhoneOS16.5.sdk/System/Library/PrivateFrameworks/HomeAI.framework/
2026-06-03T08:46:47.5151370Z x iPhoneOS16.5.sdk/System/Library/PrivateFrameworks/HomeAI.framework/HomeAI.tbd
2026-06-03T08:46:47.5151920Z x iPhoneOS16.5.sdk/System/Library/PrivateFrameworks/SecureChannel.framework/
2026-06-03T08:46:47.5152390Z x iPhoneOS16.5.sdk/System/Library/PrivateFrameworks/SecureChannel.framework/SecureChannel.tbd
2026-06-03T08:46:47.5152980Z x iPhoneOS16.5.sdk/System/Library/PrivateFrameworks/Quagga.framework/
2026-06-03T08:46:47.5153390Z x iPhoneOS16.5.sdk/System/Library/PrivateFrameworks/Quagga.framework/Quagga.tbd
2026-06-03T08:46:47.5153820Z x iPhoneOS16.5.sdk/System/Library/PrivateFrameworks/StocksAnalytics.framework/
2026-06-03T08:46:47.5154410Z x iPhoneOS16.5.sdk/System/Library/PrivateFrameworks/StocksAnalytics.framework/StocksAnalytics.tbd
2026-06-03T08:46:47.5154990Z x iPhoneOS16.5.sdk/System/Library/PrivateFrameworks/NewsEngagement.framework/
2026-06-03T08:46:47.5156080Z x iPhoneOS16.5.sdk/System/Library/PrivateFrameworks/NewsEngagement.framework/NewsEngagement.tbd
2026-06-03T08:46:47.5156670Z x iPhoneOS16.5.sdk/System/Library/PrivateFrameworks/H10ISPServices.framework/
2026-06-03T08:46:47.5157260Z x iPhoneOS16.5.sdk/System/Library/PrivateFrameworks/H10ISPServices.framework/H10ISPServices.tbd
2026-06-03T08:46:47.5157900Z x iPhoneOS16.5.sdk/System/Library/PrivateFrameworks/H10ISPServices.framework/ISPAirPlay.tbd
2026-06-03T08:46:47.5158420Z x iPhoneOS16.5.sdk/System/Library/PrivateFrameworks/SiriLinkDataTools.framework/
2026-06-03T08:46:47.5159010Z x iPhoneOS16.5.sdk/System/Library/PrivateFrameworks/SiriLinkDataTools.framework/SiriLinkDataTools.tbd
2026-06-03T08:46:47.5159590Z x iPhoneOS16.5.sdk/System/Library/PrivateFrameworks/FamilyNotification.framework/
2026-06-03T08:46:47.5160180Z x iPhoneOS16.5.sdk/System/Library/PrivateFrameworks/FamilyNotification.framework/FamilyNotification.tbd
2026-06-03T08:46:47.5167750Z x iPhoneOS16.5.sdk/System/Library/PrivateFrameworks/CoreAutoLayout.framework/
2026-06-03T08:46:47.5168320Z x iPhoneOS16.5.sdk/System/Library/PrivateFrameworks/CoreAutoLayout.framework/CoreAutoLayout.tbd
2026-06-03T08:46:47.5168860Z x iPhoneOS16.5.sdk/System/Library/PrivateFrameworks/WatchQuickActionsServices.framework/
2026-06-03T08:46:47.5169470Z x iPhoneOS16.5.sdk/System/Library/PrivateFrameworks/WatchQuickActionsServices.framework/WatchQuickActionsServices.tbd
2026-06-03T08:46:47.5170000Z x iPhoneOS16.5.sdk/System/Library/PrivateFrameworks/Marco.framework/
2026-06-03T08:46:47.5170400Z x iPhoneOS16.5.sdk/System/Library/PrivateFrameworks/Marco.framework/Marco.tbd
2026-06-03T08:46:47.5170820Z x iPhoneOS16.5.sdk/System/Library/PrivateFrameworks/GradientPoster.framework/
2026-06-03T08:46:47.5171300Z x iPhoneOS16.5.sdk/System/Library/PrivateFrameworks/GradientPoster.framework/GradientPoster.tbd
2026-06-03T08:46:47.5171780Z x iPhoneOS16.5.sdk/System/Library/PrivateFrameworks/iCloudDriveCore.framework/
2026-06-03T08:46:47.5172270Z x iPhoneOS16.5.sdk/System/Library/PrivateFrameworks/iCloudDriveCore.framework/iCloudDriveCore.tbd
2026-06-03T08:46:47.5172800Z x iPhoneOS16.5.sdk/System/Library/PrivateFrameworks/HearingUtilities.framework/
2026-06-03T08:46:47.5173300Z x iPhoneOS16.5.sdk/System/Library/PrivateFrameworks/HearingUtilities.framework/HearingUtilities.tbd
2026-06-03T08:46:47.5173820Z x iPhoneOS16.5.sdk/System/Library/PrivateFrameworks/SiriEmergencyIntents.framework/
2026-06-03T08:46:47.5174370Z x iPhoneOS16.5.sdk/System/Library/PrivateFrameworks/SiriEmergencyIntents.framework/SiriEmergencyIntents.tbd
2026-06-03T08:46:47.5175540Z x iPhoneOS16.5.sdk/System/Library/PrivateFrameworks/kperf.framework/
2026-06-03T08:46:47.5175930Z x iPhoneOS16.5.sdk/System/Library/PrivateFrameworks/kperf.framework/kperf.tbd
2026-06-03T08:46:47.5176350Z x iPhoneOS16.5.sdk/System/Library/PrivateFrameworks/TranslationUI.framework/
2026-06-03T08:46:47.5176900Z x iPhoneOS16.5.sdk/System/Library/PrivateFrameworks/TranslationUI.framework/TranslationUI.tbd
2026-06-03T08:46:47.5177090Z x iPhoneOS16.5.sdk/System/Library/PrivateFrameworks/BookLibraryCore.framework/
2026-06-03T08:46:47.5177350Z x iPhoneOS16.5.sdk/System/Library/PrivateFrameworks/BookLibraryCore.framework/BookLibraryCore.tbd
2026-06-03T08:46:47.5177570Z x iPhoneOS16.5.sdk/System/Library/PrivateFrameworks/AccessibilityRemoteServices.framework/
2026-06-03T08:46:47.5177890Z x iPhoneOS16.5.sdk/System/Library/PrivateFrameworks/AccessibilityRemoteServices.framework/AccessibilityRemoteServices.tbd
2026-06-03T08:46:47.5178050Z x iPhoneOS16.5.sdk/System/Library/PrivateFrameworks/VisageHRTF.framework/
2026-06-03T08:46:47.5178350Z x iPhoneOS16.5.sdk/System/Library/PrivateFrameworks/VisageHRTF.framework/VisageHRTF.tbd
2026-06-03T08:46:47.5178510Z x iPhoneOS16.5.sdk/System/Library/PrivateFrameworks/IPTelephony.framework/
2026-06-03T08:46:47.5178690Z x iPhoneOS16.5.sdk/System/Library/PrivateFrameworks/IPTelephony.framework/Support/
2026-06-03T08:46:47.5178940Z x iPhoneOS16.5.sdk/System/Library/PrivateFrameworks/IPTelephony.framework/Support/libIPTelephony.tbd
2026-06-03T08:46:47.5179330Z x iPhoneOS16.5.sdk/System/Library/PrivateFrameworks/CoreIDCredBuilder.framework/
2026-06-03T08:46:47.5179700Z x iPhoneOS16.5.sdk/System/Library/PrivateFrameworks/CoreIDCredBuilder.framework/CoreIDCredBuilder.tbd
2026-06-03T08:46:47.5179880Z x iPhoneOS16.5.sdk/System/Library/PrivateFrameworks/ProactiveSupport.framework/
2026-06-03T08:46:47.5180130Z x iPhoneOS16.5.sdk/System/Library/PrivateFrameworks/ProactiveSupport.framework/ProactiveSupport.tbd
2026-06-03T08:46:47.5180360Z x iPhoneOS16.5.sdk/System/Library/PrivateFrameworks/SpeakerRecognition.framework/
2026-06-03T08:46:47.5180630Z x iPhoneOS16.5.sdk/System/Library/PrivateFrameworks/SpeakerRecognition.framework/SpeakerRecognition.tbd
2026-06-03T08:46:47.5180810Z x iPhoneOS16.5.sdk/System/Library/PrivateFrameworks/ActivityUIServices.framework/
2026-06-03T08:46:47.5182330Z x iPhoneOS16.5.sdk/System/Library/PrivateFrameworks/ActivityUIServices.framework/ActivityUIServices.tbd
2026-06-03T08:46:47.5185460Z x iPhoneOS16.5.sdk/System/Library/PrivateFrameworks/PowerlogFullOperators.framework/
2026-06-03T08:46:47.5186660Z x iPhoneOS16.5.sdk/System/Library/PrivateFrameworks/PowerlogFullOperators.framework/PowerlogFullOperators.tbd
2026-06-03T08:46:47.5186900Z x iPhoneOS16.5.sdk/System/Library/PrivateFrameworks/HardwareDiagnostics.framework/
2026-06-03T08:46:47.5187170Z x iPhoneOS16.5.sdk/System/Library/PrivateFrameworks/HardwareDiagnostics.framework/HardwareDiagnostics.tbd
2026-06-03T08:46:47.5187360Z x iPhoneOS16.5.sdk/System/Library/PrivateFrameworks/KeychainCircle.framework/
2026-06-03T08:46:47.5187590Z x iPhoneOS16.5.sdk/System/Library/PrivateFrameworks/KeychainCircle.framework/KeychainCircle.tbd
2026-06-03T08:46:47.5187770Z x iPhoneOS16.5.sdk/System/Library/PrivateFrameworks/GameCenterUICore.framework/
2026-06-03T08:46:47.5188030Z x iPhoneOS16.5.sdk/System/Library/PrivateFrameworks/GameCenterUICore.framework/GameCenterUICore.tbd
2026-06-03T08:46:47.5188200Z x iPhoneOS16.5.sdk/System/Library/PrivateFrameworks/NanoLeash.framework/
2026-06-03T08:46:47.5188400Z x iPhoneOS16.5.sdk/System/Library/PrivateFrameworks/NanoLeash.framework/NanoLeash.tbd
2026-06-03T08:46:47.5188560Z x iPhoneOS16.5.sdk/System/Library/PrivateFrameworks/TextInputUI.framework/
2026-06-03T08:46:47.5188770Z x iPhoneOS16.5.sdk/System/Library/PrivateFrameworks/TextInputUI.framework/TextInputUI.tbd
2026-06-03T08:46:47.5188950Z x iPhoneOS16.5.sdk/System/Library/PrivateFrameworks/AvatarPersistence.framework/
2026-06-03T08:46:47.5189210Z x iPhoneOS16.5.sdk/System/Library/PrivateFrameworks/AvatarPersistence.framework/AvatarPersistence.tbd
2026-06-03T08:46:47.5189430Z x iPhoneOS16.5.sdk/System/Library/PrivateFrameworks/AccessibilityRemoteUIServices.framework/
2026-06-03T08:46:47.5189760Z x iPhoneOS16.5.sdk/System/Library/PrivateFrameworks/AccessibilityRemoteUIServices.framework/AccessibilityRemoteUIServices.tbd
2026-06-03T08:46:47.5189980Z x iPhoneOS16.5.sdk/System/Library/PrivateFrameworks/AGXCompilerConnection-S2A8.framework/
2026-06-03T08:46:47.5190300Z x iPhoneOS16.5.sdk/System/Library/PrivateFrameworks/AGXCompilerConnection-S2A8.framework/AGXCompilerConnection-S2A8.tbd
2026-06-03T08:46:47.5190480Z x iPhoneOS16.5.sdk/System/Library/PrivateFrameworks/SpeechDetector.framework/
2026-06-03T08:46:47.5190700Z x iPhoneOS16.5.sdk/System/Library/PrivateFrameworks/SpeechDetector.framework/SpeechDetector.tbd
2026-06-03T08:46:47.5190880Z x iPhoneOS16.5.sdk/System/Library/PrivateFrameworks/PhotosUICore.framework/
2026-06-03T08:46:47.5191090Z x iPhoneOS16.5.sdk/System/Library/PrivateFrameworks/PhotosUICore.framework/PhotosUICore.tbd
2026-06-03T08:46:47.5191280Z x iPhoneOS16.5.sdk/System/Library/PrivateFrameworks/WebBookmarksSwift.framework/
2026-06-03T08:46:47.5191540Z x iPhoneOS16.5.sdk/System/Library/PrivateFrameworks/WebBookmarksSwift.framework/WebBookmarksSwift.tbd
2026-06-03T08:46:47.5191720Z x iPhoneOS16.5.sdk/System/Library/PrivateFrameworks/TSUtility.framework/
2026-06-03T08:46:47.5191910Z x iPhoneOS16.5.sdk/System/Library/PrivateFrameworks/TSUtility.framework/TSUtility.tbd
2026-06-03T08:46:47.5192230Z x iPhoneOS16.5.sdk/System/Library/PrivateFrameworks/SleepDaemon.framework/
2026-06-03T08:46:47.5192460Z x iPhoneOS16.5.sdk/System/Library/PrivateFrameworks/SleepDaemon.framework/SleepDaemon.tbd
2026-06-03T08:46:47.5192610Z x iPhoneOS16.5.sdk/System/Library/PrivateFrameworks/VectorKit.framework/
2026-06-03T08:46:47.5192920Z x iPhoneOS16.5.sdk/System/Library/PrivateFrameworks/VectorKit.framework/VectorKit.tbd
2026-06-03T08:46:47.5193100Z x iPhoneOS16.5.sdk/System/Library/PrivateFrameworks/HeartRhythmUI.framework/
2026-06-03T08:46:47.5193410Z x iPhoneOS16.5.sdk/System/Library/PrivateFrameworks/HeartRhythmUI.framework/HeartRhythmUI.tbd
2026-06-03T08:46:47.5193620Z x iPhoneOS16.5.sdk/System/Library/PrivateFrameworks/ProactiveMagicalMoments.framework/
2026-06-03T08:46:47.5193910Z x iPhoneOS16.5.sdk/System/Library/PrivateFrameworks/ProactiveMagicalMoments.framework/ProactiveMagicalMoments.tbd
2026-06-03T08:46:47.5194350Z x iPhoneOS16.5.sdk/System/Library/PrivateFrameworks/WebUI.framework/
2026-06-03T08:46:47.5194530Z x iPhoneOS16.5.sdk/System/Library/PrivateFrameworks/WebUI.framework/WebUI.tbd
2026-06-03T08:46:47.5194780Z x iPhoneOS16.5.sdk/System/Library/PrivateFrameworks/PhotosFormats.framework/
2026-06-03T08:46:47.5195010Z x iPhoneOS16.5.sdk/System/Library/PrivateFrameworks/PhotosFormats.framework/PhotosFormats.tbd
2026-06-03T08:46:47.5195160Z x iPhoneOS16.5.sdk/System/Library/PrivateFrameworks/MLAssetIO.framework/
2026-06-03T08:46:47.5195350Z x iPhoneOS16.5.sdk/System/Library/PrivateFrameworks/MLAssetIO.framework/MLAssetIO.tbd
2026-06-03T08:46:47.5195520Z x iPhoneOS16.5.sdk/System/Library/PrivateFrameworks/IAPAuthentication.framework/
2026-06-03T08:46:47.5212660Z x iPhoneOS16.5.sdk/System/Library/PrivateFrameworks/IAPAuthentication.framework/IAPAuthentication.tbd
2026-06-03T08:46:47.5212850Z x iPhoneOS16.5.sdk/System/Library/PrivateFrameworks/CoreDuetContext.framework/
2026-06-03T08:46:47.5213080Z x iPhoneOS16.5.sdk/System/Library/PrivateFrameworks/CoreDuetContext.framework/CoreDuetContext.tbd
2026-06-03T08:46:47.5213290Z x iPhoneOS16.5.sdk/System/Library/PrivateFrameworks/ComplicationDisplay.framework/
2026-06-03T08:46:47.5213560Z x iPhoneOS16.5.sdk/System/Library/PrivateFrameworks/ComplicationDisplay.framework/ComplicationDisplay.tbd
2026-06-03T08:46:47.5213740Z x iPhoneOS16.5.sdk/System/Library/PrivateFrameworks/AppleCVAPhoto.framework/
2026-06-03T08:46:47.5213960Z x iPhoneOS16.5.sdk/System/Library/PrivateFrameworks/AppleCVAPhoto.framework/AppleCVAPhoto.tbd
2026-06-03T08:46:47.5214120Z x iPhoneOS16.5.sdk/System/Library/PrivateFrameworks/SiriFindMy.framework/
2026-06-03T08:46:47.5214420Z x iPhoneOS16.5.sdk/System/Library/PrivateFrameworks/SiriFindMy.framework/SiriFindMy.tbd
2026-06-03T08:46:47.5214610Z x iPhoneOS16.5.sdk/System/Library/PrivateFrameworks/CellularPlanManager.framework/
2026-06-03T08:46:47.5214870Z x iPhoneOS16.5.sdk/System/Library/PrivateFrameworks/CellularPlanManager.framework/CellularPlanManager.tbd
2026-06-03T08:46:47.5215080Z x iPhoneOS16.5.sdk/System/Library/PrivateFrameworks/UserNotificationsUIKit.framework/
2026-06-03T08:46:47.5215380Z x iPhoneOS16.5.sdk/System/Library/PrivateFrameworks/UserNotificationsUIKit.framework/UserNotificationsUIKit.tbd
2026-06-03T08:46:47.5215550Z x iPhoneOS16.5.sdk/System/Library/PrivateFrameworks/SeymourClient.framework/
2026-06-03T08:46:47.5215780Z x iPhoneOS16.5.sdk/System/Library/PrivateFrameworks/SeymourClient.framework/SeymourClient.tbd
2026-06-03T08:46:47.5215990Z x iPhoneOS16.5.sdk/System/Library/PrivateFrameworks/HealthMedicationsWidgetUI.framework/
2026-06-03T08:46:47.5216290Z x iPhoneOS16.5.sdk/System/Library/PrivateFrameworks/HealthMedicationsWidgetUI.framework/HealthMedicationsWidgetUI.tbd
2026-06-03T08:46:47.5216460Z x iPhoneOS16.5.sdk/System/Library/PrivateFrameworks/RTTUtilities.framework/
2026-06-03T08:46:47.5216670Z x iPhoneOS16.5.sdk/System/Library/PrivateFrameworks/RTTUtilities.framework/RTTUtilities.tbd
2026-06-03T08:46:47.5216810Z x iPhoneOS16.5.sdk/System/Library/PrivateFrameworks/Gambit.framework/
2026-06-03T08:46:47.5216990Z x iPhoneOS16.5.sdk/System/Library/PrivateFrameworks/Gambit.framework/Gambit.tbd
2026-06-03T08:46:47.5217270Z x iPhoneOS16.5.sdk/System/Library/PrivateFrameworks/MessagesSupport.framework/
2026-06-03T08:46:47.5217510Z x iPhoneOS16.5.sdk/System/Library/PrivateFrameworks/MessagesSupport.framework/MessagesSupport.tbd
2026-06-03T08:46:47.5217690Z x iPhoneOS16.5.sdk/System/Library/PrivateFrameworks/MediaLibraryCore.framework/
2026-06-03T08:46:47.5217970Z x iPhoneOS16.5.sdk/System/Library/PrivateFrameworks/MediaLibraryCore.framework/MediaLibraryCore.tbd
2026-06-03T08:46:47.5218160Z x iPhoneOS16.5.sdk/System/Library/PrivateFrameworks/ExchangeSyncExpress.framework/
2026-06-03T08:46:47.5218430Z x iPhoneOS16.5.sdk/System/Library/PrivateFrameworks/ExchangeSyncExpress.framework/ExchangeSyncExpress.tbd
2026-06-03T08:46:47.5218580Z x iPhoneOS16.5.sdk/System/Library/PrivateFrameworks/TSReading.framework/
2026-06-03T08:46:47.5218850Z x iPhoneOS16.5.sdk/System/Library/PrivateFrameworks/TSReading.framework/TSReading.tbd
2026-06-03T08:46:47.5219050Z x iPhoneOS16.5.sdk/System/Library/PrivateFrameworks/PegasusConfiguration.framework/
2026-06-03T08:46:47.5219320Z x iPhoneOS16.5.sdk/System/Library/PrivateFrameworks/PegasusConfiguration.framework/PegasusConfiguration.tbd
2026-06-03T08:46:47.5219510Z x iPhoneOS16.5.sdk/System/Library/PrivateFrameworks/AudiogramIngestion.framework/
2026-06-03T08:46:47.5219760Z x iPhoneOS16.5.sdk/System/Library/PrivateFrameworks/AudiogramIngestion.framework/AudiogramIngestion.tbd
2026-06-03T08:46:47.5219910Z x iPhoneOS16.5.sdk/System/Library/PrivateFrameworks/Heimdal.framework/
2026-06-03T08:46:47.5220090Z x iPhoneOS16.5.sdk/System/Library/PrivateFrameworks/Heimdal.framework/Heimdal.tbd
2026-06-03T08:46:47.5220240Z x iPhoneOS16.5.sdk/System/Library/PrivateFrameworks/CertInfo.framework/
2026-06-03T08:46:47.5220440Z x iPhoneOS16.5.sdk/System/Library/PrivateFrameworks/CertInfo.framework/CertInfo.tbd
2026-06-03T08:46:47.5220640Z x iPhoneOS16.5.sdk/System/Library/PrivateFrameworks/IMCorePipeline.framework/
2026-06-03T08:46:47.5220880Z x iPhoneOS16.5.sdk/System/Library/PrivateFrameworks/IMCorePipeline.framework/IMCorePipeline.tbd
2026-06-03T08:46:47.5221130Z x iPhoneOS16.5.sdk/System/Library/PrivateFrameworks/ParsecModel.framework/
2026-06-03T08:46:47.5221340Z x iPhoneOS16.5.sdk/System/Library/PrivateFrameworks/ParsecModel.framework/ParsecModel.tbd
2026-06-03T08:46:47.5221550Z x iPhoneOS16.5.sdk/System/Library/PrivateFrameworks/SiriInferredHelpfulness.framework/
2026-06-03T08:46:47.5221920Z x iPhoneOS16.5.sdk/System/Library/PrivateFrameworks/SiriInferredHelpfulness.framework/SiriInferredHelpfulness.tbd
2026-06-03T08:46:47.5222070Z x iPhoneOS16.5.sdk/System/Library/PrivateFrameworks/NewsFeed.framework/
2026-06-03T08:46:47.5222260Z x iPhoneOS16.5.sdk/System/Library/PrivateFrameworks/NewsFeed.framework/NewsFeed.tbd
2026-06-03T08:46:47.5222440Z x iPhoneOS16.5.sdk/System/Library/PrivateFrameworks/SystemApertureUI.framework/
2026-06-03T08:46:47.5222760Z x iPhoneOS16.5.sdk/System/Library/PrivateFrameworks/SystemApertureUI.framework/SystemApertureUI.tbd
2026-06-03T08:46:47.5222960Z x iPhoneOS16.5.sdk/System/Library/PrivateFrameworks/ContextKitPrediction.framework/
2026-06-03T08:46:47.5223230Z x iPhoneOS16.5.sdk/System/Library/PrivateFrameworks/ContextKitPrediction.framework/ContextKitPrediction.tbd
2026-06-03T08:46:47.5223420Z x iPhoneOS16.5.sdk/System/Library/PrivateFrameworks/AccessoryBLEPairing.framework/
2026-06-03T08:46:47.5223680Z x iPhoneOS16.5.sdk/System/Library/PrivateFrameworks/AccessoryBLEPairing.framework/AccessoryBLEPairing.tbd
2026-06-03T08:46:47.5223850Z x iPhoneOS16.5.sdk/System/Library/PrivateFrameworks/MailServices.framework/
2026-06-03T08:46:47.5224060Z x iPhoneOS16.5.sdk/System/Library/PrivateFrameworks/MailServices.framework/MailServices.tbd
2026-06-03T08:46:47.5224290Z x iPhoneOS16.5.sdk/System/Library/PrivateFrameworks/PerfPowerTelemetryMetadata.framework/
2026-06-03T08:46:47.5225220Z x iPhoneOS16.5.sdk/System/Library/PrivateFrameworks/PerfPowerTelemetryMetadata.framework/PerfPowerTelemetryMetadata.tbd
2026-06-03T08:46:47.5225510Z x iPhoneOS16.5.sdk/System/Library/PrivateFrameworks/MobileMailUI.framework/
2026-06-03T08:46:47.5225730Z x iPhoneOS16.5.sdk/System/Library/PrivateFrameworks/MobileMailUI.framework/MobileMailUI.tbd
2026-06-03T08:46:47.5225910Z x iPhoneOS16.5.sdk/System/Library/PrivateFrameworks/AskPermission.framework/
2026-06-03T08:46:47.5226130Z x iPhoneOS16.5.sdk/System/Library/PrivateFrameworks/AskPermission.framework/AskPermission.tbd
2026-06-03T08:46:47.5226310Z x iPhoneOS16.5.sdk/System/Library/PrivateFrameworks/HealthPluginHost.framework/
2026-06-03T08:46:47.5226560Z x iPhoneOS16.5.sdk/System/Library/PrivateFrameworks/HealthPluginHost.framework/HealthPluginHost.tbd
2026-06-03T08:46:47.5226740Z x iPhoneOS16.5.sdk/System/Library/PrivateFrameworks/DSRemotePairing.framework/
2026-06-03T08:46:47.5226970Z x iPhoneOS16.5.sdk/System/Library/PrivateFrameworks/DSRemotePairing.framework/DSRemotePairing.tbd
2026-06-03T08:46:47.5227180Z x iPhoneOS16.5.sdk/System/Library/PrivateFrameworks/AppleCVA.framework/
2026-06-03T08:46:47.5227380Z x iPhoneOS16.5.sdk/System/Library/PrivateFrameworks/AppleCVA.framework/AppleCVA.tbd
2026-06-03T08:46:47.5227530Z x iPhoneOS16.5.sdk/System/Library/PrivateFrameworks/Email.framework/
2026-06-03T08:46:47.5227690Z x iPhoneOS16.5.sdk/System/Library/PrivateFrameworks/Email.framework/Email.tbd
2026-06-03T08:46:47.5227850Z x iPhoneOS16.5.sdk/System/Library/PrivateFrameworks/AuthKitUI.framework/
2026-06-03T08:46:47.5228040Z x iPhoneOS16.5.sdk/System/Library/PrivateFrameworks/AuthKitUI.framework/AuthKitUI.tbd
2026-06-03T08:46:47.5228230Z x iPhoneOS16.5.sdk/System/Library/PrivateFrameworks/AudioTransportCommon.framework/
2026-06-03T08:46:47.5228500Z x iPhoneOS16.5.sdk/System/Library/PrivateFrameworks/AudioTransportCommon.framework/AudioTransportCommon.tbd
2026-06-03T08:46:47.5229100Z x iPhoneOS16.5.sdk/System/Library/PrivateFrameworks/WelcomeKit.framework/
2026-06-03T08:46:47.5229320Z x iPhoneOS16.5.sdk/System/Library/PrivateFrameworks/WelcomeKit.framework/WelcomeKit.tbd
2026-06-03T08:46:47.5229480Z x iPhoneOS16.5.sdk/System/Library/PrivateFrameworks/CoreWiFi.framework/
2026-06-03T08:46:47.5229680Z x iPhoneOS16.5.sdk/System/Library/PrivateFrameworks/CoreWiFi.framework/CoreWiFi.tbd
2026-06-03T08:46:47.5229830Z x iPhoneOS16.5.sdk/System/Library/PrivateFrameworks/WPDaemon.framework/
2026-06-03T08:46:47.5230020Z x iPhoneOS16.5.sdk/System/Library/PrivateFrameworks/WPDaemon.framework/WPDaemon.tbd
2026-06-03T08:46:47.5230160Z x iPhoneOS16.5.sdk/System/Library/PrivateFrameworks/SetupKit.framework/
2026-06-03T08:46:47.5230360Z x iPhoneOS16.5.sdk/System/Library/PrivateFrameworks/SetupKit.framework/SetupKit.tbd
2026-06-03T08:46:47.5230550Z x iPhoneOS16.5.sdk/System/Library/PrivateFrameworks/DocumentManager.framework/
2026-06-03T08:46:47.5230780Z x iPhoneOS16.5.sdk/System/Library/PrivateFrameworks/DocumentManager.framework/DocumentManager.tbd
2026-06-03T08:46:47.5230970Z x iPhoneOS16.5.sdk/System/Library/PrivateFrameworks/DifferentialPrivacy.framework/
2026-06-03T08:46:47.5231240Z x iPhoneOS16.5.sdk/System/Library/PrivateFrameworks/DifferentialPrivacy.framework/DifferentialPrivacy.tbd
2026-06-03T08:46:47.5231410Z x iPhoneOS16.5.sdk/System/Library/PrivateFrameworks/PaperBoardUI.framework/
2026-06-03T08:46:47.5231620Z x iPhoneOS16.5.sdk/System/Library/PrivateFrameworks/PaperBoardUI.framework/PaperBoardUI.tbd
2026-06-03T08:46:47.5231770Z x iPhoneOS16.5.sdk/System/Library/PrivateFrameworks/Search.framework/
2026-06-03T08:46:47.5231940Z x iPhoneOS16.5.sdk/System/Library/PrivateFrameworks/Search.framework/Search.tbd
2026-06-03T08:46:47.5232100Z x iPhoneOS16.5.sdk/System/Library/PrivateFrameworks/ATFoundation.framework/
2026-06-03T08:46:47.5232320Z x iPhoneOS16.5.sdk/System/Library/PrivateFrameworks/ATFoundation.framework/ATFoundation.tbd
2026-06-03T08:46:47.5232460Z x iPhoneOS16.5.sdk/System/Library/PrivateFrameworks/CoreDAV.framework/
2026-06-03T08:46:47.5232650Z x iPhoneOS16.5.sdk/System/Library/PrivateFrameworks/CoreDAV.framework/CoreDAV.tbd
2026-06-03T08:46:47.5232790Z x iPhoneOS16.5.sdk/System/Library/PrivateFrameworks/Sharing.framework/
2026-06-03T08:46:47.5233210Z x iPhoneOS16.5.sdk/System/Library/PrivateFrameworks/Sharing.framework/Sharing.tbd
2026-06-03T08:46:47.5233420Z x iPhoneOS16.5.sdk/System/Library/PrivateFrameworks/FlightUtilitiesCore.framework/
2026-06-03T08:46:47.5233820Z x iPhoneOS16.5.sdk/System/Library/PrivateFrameworks/FlightUtilitiesCore.framework/FlightUtilitiesCore.tbd
2026-06-03T08:46:47.5234110Z x iPhoneOS16.5.sdk/System/Library/PrivateFrameworks/WatchControlAssets.framework/
2026-06-03T08:46:47.5234360Z x iPhoneOS16.5.sdk/System/Library/PrivateFrameworks/WatchControlAssets.framework/WatchControlAssets.tbd
2026-06-03T08:46:47.5234540Z x iPhoneOS16.5.sdk/System/Library/PrivateFrameworks/PowerlogControl.framework/
2026-06-03T08:46:47.5234790Z x iPhoneOS16.5.sdk/System/Library/PrivateFrameworks/PowerlogControl.framework/PowerlogControl.tbd
2026-06-03T08:46:47.5234940Z x iPhoneOS16.5.sdk/System/Library/PrivateFrameworks/SiriTTS.framework/
2026-06-03T08:46:47.5235200Z x iPhoneOS16.5.sdk/System/Library/PrivateFrameworks/SiriTTS.framework/SiriTTS.tbd
2026-06-03T08:46:47.5235380Z x iPhoneOS16.5.sdk/System/Library/PrivateFrameworks/ActivitySharing.framework/
2026-06-03T08:46:47.5235610Z x iPhoneOS16.5.sdk/System/Library/PrivateFrameworks/ActivitySharing.framework/ActivitySharing.tbd
2026-06-03T08:46:47.5235780Z x iPhoneOS16.5.sdk/System/Library/PrivateFrameworks/CoreBluetoothUI.framework/
2026-06-03T08:46:47.5236010Z x iPhoneOS16.5.sdk/System/Library/PrivateFrameworks/CoreBluetoothUI.framework/CoreBluetoothUI.tbd
2026-06-03T08:46:47.5236240Z x iPhoneOS16.5.sdk/System/Library/PrivateFrameworks/LighthouseReferenceResolution.framework/
2026-06-03T08:46:47.5236580Z x iPhoneOS16.5.sdk/System/Library/PrivateFrameworks/LighthouseReferenceResolution.framework/LighthouseReferenceResolution.tbd
2026-06-03T08:46:47.5236790Z x iPhoneOS16.5.sdk/System/Library/PrivateFrameworks/LighthouseBitacoraFramework.framework/
2026-06-03T08:46:47.5237120Z x iPhoneOS16.5.sdk/System/Library/PrivateFrameworks/LighthouseBitacoraFramework.framework/LighthouseBitacoraFramework.tbd
2026-06-03T08:46:47.5237390Z x iPhoneOS16.5.sdk/System/Library/PrivateFrameworks/ConstantClasses.framework/
2026-06-03T08:46:47.5237620Z x iPhoneOS16.5.sdk/System/Library/PrivateFrameworks/ConstantClasses.framework/ConstantClasses.tbd
2026-06-03T08:46:47.5237800Z x iPhoneOS16.5.sdk/System/Library/PrivateFrameworks/NanoMailKitServer.framework/
2026-06-03T08:46:47.5238040Z x iPhoneOS16.5.sdk/System/Library/PrivateFrameworks/NanoMailKitServer.framework/NanoMailKitServer.tbd
2026-06-03T08:46:47.5238230Z x iPhoneOS16.5.sdk/System/Library/PrivateFrameworks/AXFrontBoardUtils.framework/
2026-06-03T08:46:47.5238470Z x iPhoneOS16.5.sdk/System/Library/PrivateFrameworks/AXFrontBoardUtils.framework/AXFrontBoardUtils.tbd
2026-06-03T08:46:47.5238650Z x iPhoneOS16.5.sdk/System/Library/PrivateFrameworks/STSXPCHelperClient.framework/
2026-06-03T08:46:47.5238910Z x iPhoneOS16.5.sdk/System/Library/PrivateFrameworks/STSXPCHelperClient.framework/STSXPCHelperClient.tbd
2026-06-03T08:46:47.5239090Z x iPhoneOS16.5.sdk/System/Library/PrivateFrameworks/RemoteManagement.framework/
2026-06-03T08:46:47.5239310Z x iPhoneOS16.5.sdk/System/Library/PrivateFrameworks/RemoteManagement.framework/Frameworks/
2026-06-03T08:46:47.5239630Z x iPhoneOS16.5.sdk/System/Library/PrivateFrameworks/RemoteManagement.framework/Frameworks/RemoteManagementModel.framework/
2026-06-03T08:46:47.5240100Z x iPhoneOS16.5.sdk/System/Library/PrivateFrameworks/RemoteManagement.framework/Frameworks/RemoteManagementModel.framework/RemoteManagementModel.tbd
2026-06-03T08:46:47.5240440Z x iPhoneOS16.5.sdk/System/Library/PrivateFrameworks/RemoteManagement.framework/Frameworks/RemoteManagementProtocol.framework/
2026-06-03T08:46:47.5240850Z x iPhoneOS16.5.sdk/System/Library/PrivateFrameworks/RemoteManagement.framework/Frameworks/RemoteManagementProtocol.framework/RemoteManagementProtocol.tbd
2026-06-03T08:46:47.5241170Z x iPhoneOS16.5.sdk/System/Library/PrivateFrameworks/RemoteManagement.framework/Frameworks/RemoteManagementStore.framework/
2026-06-03T08:46:47.5241770Z x iPhoneOS16.5.sdk/System/Library/PrivateFrameworks/RemoteManagement.framework/Frameworks/RemoteManagementStore.framework/RemoteManagementStore.tbd
2026-06-03T08:46:47.5242180Z x iPhoneOS16.5.sdk/System/Library/PrivateFrameworks/RemoteManagement.framework/RemoteManagement.tbd
2026-06-03T08:46:47.5242330Z x iPhoneOS16.5.sdk/System/Library/PrivateFrameworks/C2.framework/
2026-06-03T08:46:47.5242480Z x iPhoneOS16.5.sdk/System/Library/PrivateFrameworks/C2.framework/C2.tbd
2026-06-03T08:46:47.5242650Z x iPhoneOS16.5.sdk/System/Library/PrivateFrameworks/BookDataStore.framework/
2026-06-03T08:46:47.5242870Z x iPhoneOS16.5.sdk/System/Library/PrivateFrameworks/BookDataStore.framework/BookDataStore.tbd
2026-06-03T08:46:47.5243110Z x iPhoneOS16.5.sdk/System/Library/PrivateFrameworks/NanoWeatherComplicationsCompanion.framework/
2026-06-03T08:46:47.5243470Z x iPhoneOS16.5.sdk/System/Library/PrivateFrameworks/NanoWeatherComplicationsCompanion.framework/NanoWeatherComplicationsCompanion.tbd
2026-06-03T08:46:47.5243800Z x iPhoneOS16.5.sdk/System/Library/PrivateFrameworks/BackgroundSystemTasks.framework/
2026-06-03T08:46:47.5244080Z x iPhoneOS16.5.sdk/System/Library/PrivateFrameworks/BackgroundSystemTasks.framework/BackgroundSystemTasks.tbd
2026-06-03T08:46:47.5244240Z x iPhoneOS16.5.sdk/System/Library/PrivateFrameworks/InertiaCam.framework/
2026-06-03T08:46:47.5244440Z x iPhoneOS16.5.sdk/System/Library/PrivateFrameworks/InertiaCam.framework/InertiaCam.tbd
2026-06-03T08:46:47.5244640Z x iPhoneOS16.5.sdk/System/Library/PrivateFrameworks/CameraImagingFramework.framework/
2026-06-03T08:46:47.5244920Z x iPhoneOS16.5.sdk/System/Library/PrivateFrameworks/CameraImagingFramework.framework/CameraImagingFramework.tbd
2026-06-03T08:46:47.5245110Z x iPhoneOS16.5.sdk/System/Library/PrivateFrameworks/LighthouseDictation.framework/
2026-06-03T08:46:47.5245380Z x iPhoneOS16.5.sdk/System/Library/PrivateFrameworks/LighthouseDictation.framework/LighthouseDictation.tbd
2026-06-03T08:46:47.5245540Z x iPhoneOS16.5.sdk/System/Library/PrivateFrameworks/JetPack.framework/
2026-06-03T08:46:47.5245710Z x iPhoneOS16.5.sdk/System/Library/PrivateFrameworks/JetPack.framework/JetPack.tbd
2026-06-03T08:46:47.5245900Z x iPhoneOS16.5.sdk/System/Library/PrivateFrameworks/CoreFollowUpUI.framework/
2026-06-03T08:46:47.5246130Z x iPhoneOS16.5.sdk/System/Library/PrivateFrameworks/CoreFollowUpUI.framework/CoreFollowUpUI.tbd
2026-06-03T08:46:47.5246310Z x iPhoneOS16.5.sdk/System/Library/PrivateFrameworks/SiriTimeInternal.framework/
2026-06-03T08:46:47.5246550Z x iPhoneOS16.5.sdk/System/Library/PrivateFrameworks/SiriTimeInternal.framework/SiriTimeInternal.tbd
2026-06-03T08:46:47.5246730Z x iPhoneOS16.5.sdk/System/Library/PrivateFrameworks/HealthAlgorithms.framework/
2026-06-03T08:46:47.5246970Z x iPhoneOS16.5.sdk/System/Library/PrivateFrameworks/HealthAlgorithms.framework/HealthAlgorithms.tbd
2026-06-03T08:46:47.5247150Z x iPhoneOS16.5.sdk/System/Library/PrivateFrameworks/CoreCaptureControl.framework/
2026-06-03T08:46:47.5247420Z x iPhoneOS16.5.sdk/System/Library/PrivateFrameworks/CoreCaptureControl.framework/CoreCaptureControl.tbd
2026-06-03T08:46:47.5247600Z x iPhoneOS16.5.sdk/System/Library/PrivateFrameworks/TelephonyUtilities.framework/
2026-06-03T08:46:47.5247860Z x iPhoneOS16.5.sdk/System/Library/PrivateFrameworks/TelephonyUtilities.framework/TelephonyUtilities.tbd
2026-06-03T08:46:47.5248010Z x iPhoneOS16.5.sdk/System/Library/PrivateFrameworks/ContentKit.framework/
2026-06-03T08:46:47.5248210Z x iPhoneOS16.5.sdk/System/Library/PrivateFrameworks/ContentKit.framework/ContentKit.tbd
2026-06-03T08:46:47.5248370Z x iPhoneOS16.5.sdk/System/Library/PrivateFrameworks/NanoMediaAPI.framework/
2026-06-03T08:46:47.5248590Z x iPhoneOS16.5.sdk/System/Library/PrivateFrameworks/NanoMediaAPI.framework/NanoMediaAPI.tbd
2026-06-03T08:46:47.5248800Z x iPhoneOS16.5.sdk/System/Library/PrivateFrameworks/AggregateDictionaryHistory.framework/
2026-06-03T08:46:47.5249140Z x iPhoneOS16.5.sdk/System/Library/PrivateFrameworks/AggregateDictionaryHistory.framework/AggregateDictionaryHistory.tbd
2026-06-03T08:46:47.5249790Z x iPhoneOS16.5.sdk/System/Library/PrivateFrameworks/iCloudSubscriptionOptimizerPFLTraining.framework/
2026-06-03T08:46:47.5250240Z x iPhoneOS16.5.sdk/System/Library/PrivateFrameworks/iCloudSubscriptionOptimizerPFLTraining.framework/iCloudSubscriptionOptimizerPFLTraining.tbd
2026-06-03T08:46:47.5250490Z x iPhoneOS16.5.sdk/System/Library/PrivateFrameworks/NotesPreviewKit.framework/
2026-06-03T08:46:47.5250730Z x iPhoneOS16.5.sdk/System/Library/PrivateFrameworks/NotesPreviewKit.framework/NotesPreviewKit.tbd
2026-06-03T08:46:47.5250900Z x iPhoneOS16.5.sdk/System/Library/PrivateFrameworks/NewsURLBucket.framework/
2026-06-03T08:46:47.5251120Z x iPhoneOS16.5.sdk/System/Library/PrivateFrameworks/NewsURLBucket.framework/NewsURLBucket.tbd
2026-06-03T08:46:47.5251310Z x iPhoneOS16.5.sdk/System/Library/PrivateFrameworks/AccessibilityUIShared.framework/
2026-06-03T08:46:47.5251660Z x iPhoneOS16.5.sdk/System/Library/PrivateFrameworks/AccessibilityUIShared.framework/AccessibilityUIShared.tbd
2026-06-03T08:46:47.5251820Z x iPhoneOS16.5.sdk/System/Library/PrivateFrameworks/AppSSOUI.framework/
2026-06-03T08:46:47.5252010Z x iPhoneOS16.5.sdk/System/Library/PrivateFrameworks/AppSSOUI.framework/AppSSOUI.tbd
2026-06-03T08:46:47.5252200Z x iPhoneOS16.5.sdk/System/Library/PrivateFrameworks/SpeechRecognitionCore.framework/
2026-06-03T08:46:47.5252490Z x iPhoneOS16.5.sdk/System/Library/PrivateFrameworks/SpeechRecognitionCore.framework/SpeechRecognitionCore.tbd
2026-06-03T08:46:47.5252670Z x iPhoneOS16.5.sdk/System/Library/PrivateFrameworks/NCLaunchStats.framework/
2026-06-03T08:46:47.5252890Z x iPhoneOS16.5.sdk/System/Library/PrivateFrameworks/NCLaunchStats.framework/NCLaunchStats.tbd
2026-06-03T08:46:47.5253060Z x iPhoneOS16.5.sdk/System/Library/PrivateFrameworks/PreferencesUI.framework/
2026-06-03T08:46:47.5253280Z x iPhoneOS16.5.sdk/System/Library/PrivateFrameworks/PreferencesUI.framework/PreferencesUI.tbd
2026-06-03T08:46:47.5253480Z x iPhoneOS16.5.sdk/System/Library/PrivateFrameworks/HealthDaemonFoundation.framework/
2026-06-03T08:46:47.5253850Z x iPhoneOS16.5.sdk/System/Library/PrivateFrameworks/HealthDaemonFoundation.framework/HealthDaemonFoundation.tbd
2026-06-03T08:46:47.5254010Z x iPhoneOS16.5.sdk/System/Library/PrivateFrameworks/IDSKVStore.framework/
2026-06-03T08:46:47.5254210Z x iPhoneOS16.5.sdk/System/Library/PrivateFrameworks/IDSKVStore.framework/IDSKVStore.tbd
2026-06-03T08:46:47.5254390Z x iPhoneOS16.5.sdk/System/Library/PrivateFrameworks/QuickLookSupport.framework/
2026-06-03T08:46:47.5254640Z x iPhoneOS16.5.sdk/System/Library/PrivateFrameworks/QuickLookSupport.framework/QuickLookSupport.tbd
2026-06-03T08:46:47.5254840Z x iPhoneOS16.5.sdk/System/Library/PrivateFrameworks/NewsEngagementCollector.framework/
2026-06-03T08:46:47.5255130Z x iPhoneOS16.5.sdk/System/Library/PrivateFrameworks/NewsEngagementCollector.framework/NewsEngagementCollector.tbd
2026-06-03T08:46:47.5255330Z x iPhoneOS16.5.sdk/System/Library/PrivateFrameworks/PrivateSearchClient.framework/
2026-06-03T08:46:47.5255600Z x iPhoneOS16.5.sdk/System/Library/PrivateFrameworks/PrivateSearchClient.framework/PrivateSearchClient.tbd
2026-06-03T08:46:47.5255760Z x iPhoneOS16.5.sdk/System/Library/PrivateFrameworks/LowPowerMode.framework/
2026-06-03T08:46:47.5255980Z x iPhoneOS16.5.sdk/System/Library/PrivateFrameworks/LowPowerMode.framework/LowPowerMode.tbd
2026-06-03T08:46:47.5256150Z x iPhoneOS16.5.sdk/System/Library/PrivateFrameworks/OSIntelligence.framework/
2026-06-03T08:46:47.5256390Z x iPhoneOS16.5.sdk/System/Library/PrivateFrameworks/OSIntelligence.framework/OSIntelligence.tbd
2026-06-03T08:46:47.5256570Z x iPhoneOS16.5.sdk/System/Library/PrivateFrameworks/HoverTextServices.framework/
2026-06-03T08:46:47.5256820Z x iPhoneOS16.5.sdk/System/Library/PrivateFrameworks/HoverTextServices.framework/HoverTextServices.tbd
2026-06-03T08:46:47.5257260Z x iPhoneOS16.5.sdk/System/Library/PrivateFrameworks/BulletinBoard.framework/
2026-06-03T08:46:47.5257500Z x iPhoneOS16.5.sdk/System/Library/PrivateFrameworks/BulletinBoard.framework/BulletinBoard.tbd
2026-06-03T08:46:47.5257770Z x iPhoneOS16.5.sdk/System/Library/PrivateFrameworks/SiriAudioIntentUtils.framework/
2026-06-03T08:46:47.5258050Z x iPhoneOS16.5.sdk/System/Library/PrivateFrameworks/SiriAudioIntentUtils.framework/SiriAudioIntentUtils.tbd
2026-06-03T08:46:47.5258280Z x iPhoneOS16.5.sdk/System/Library/PrivateFrameworks/SiriNaturalLanguageGeneration.framework/
2026-06-03T08:46:47.5258620Z x iPhoneOS16.5.sdk/System/Library/PrivateFrameworks/SiriNaturalLanguageGeneration.framework/SiriNaturalLanguageGeneration.tbd
2026-06-03T08:46:47.5258810Z x iPhoneOS16.5.sdk/System/Library/PrivateFrameworks/FitnessCoachingCore.framework/
2026-06-03T08:46:47.5259080Z x iPhoneOS16.5.sdk/System/Library/PrivateFrameworks/FitnessCoachingCore.framework/FitnessCoachingCore.tbd
2026-06-03T08:46:47.5259240Z x iPhoneOS16.5.sdk/System/Library/PrivateFrameworks/SpringBoard.framework/
2026-06-03T08:46:47.5259510Z x iPhoneOS16.5.sdk/System/Library/PrivateFrameworks/SpringBoard.framework/SpringBoard.tbd
2026-06-03T08:46:47.5259690Z x iPhoneOS16.5.sdk/System/Library/PrivateFrameworks/CoreServicesStore.framework/
2026-06-03T08:46:47.5259940Z x iPhoneOS16.5.sdk/System/Library/PrivateFrameworks/CoreServicesStore.framework/CoreServicesStore.tbd
2026-06-03T08:46:47.5260120Z x iPhoneOS16.5.sdk/System/Library/PrivateFrameworks/MobileActivation.framework/
2026-06-03T08:46:47.5260360Z x iPhoneOS16.5.sdk/System/Library/PrivateFrameworks/MobileActivation.framework/MobileActivation.tbd
2026-06-03T08:46:47.5260520Z x iPhoneOS16.5.sdk/System/Library/PrivateFrameworks/PersonaKit.framework/
2026-06-03T08:46:47.5260720Z x iPhoneOS16.5.sdk/System/Library/PrivateFrameworks/PersonaKit.framework/PersonaKit.tbd
2026-06-03T08:46:47.5260880Z x iPhoneOS16.5.sdk/System/Library/PrivateFrameworks/GameCenterUI.framework/
2026-06-03T08:46:47.5261100Z x iPhoneOS16.5.sdk/System/Library/PrivateFrameworks/GameCenterUI.framework/GameCenterUI.tbd
2026-06-03T08:46:47.5261270Z x iPhoneOS16.5.sdk/System/Library/PrivateFrameworks/DialogEngine.framework/
2026-06-03T08:46:47.5261480Z x iPhoneOS16.5.sdk/System/Library/PrivateFrameworks/DialogEngine.framework/DialogEngine.tbd
2026-06-03T08:46:47.5261670Z x iPhoneOS16.5.sdk/System/Library/PrivateFrameworks/DoNotDisturbServer.framework/
2026-06-03T08:46:47.5261920Z x iPhoneOS16.5.sdk/System/Library/PrivateFrameworks/DoNotDisturbServer.framework/DoNotDisturbServer.tbd
2026-06-03T08:46:47.5262130Z x iPhoneOS16.5.sdk/System/Library/PrivateFrameworks/SiriSystemCommandsIntents.framework/
2026-06-03T08:46:47.5262440Z x iPhoneOS16.5.sdk/System/Library/PrivateFrameworks/SiriSystemCommandsIntents.framework/SiriSystemCommandsIntents.tbd
2026-06-03T08:46:47.5262630Z x iPhoneOS16.5.sdk/System/Library/PrivateFrameworks/SiriReferenceResolver.framework/
2026-06-03T08:46:47.5262910Z x iPhoneOS16.5.sdk/System/Library/PrivateFrameworks/SiriReferenceResolver.framework/SiriReferenceResolver.tbd
2026-06-03T08:46:47.5263090Z x iPhoneOS16.5.sdk/System/Library/PrivateFrameworks/XGBoostFramework.framework/
2026-06-03T08:46:47.5263350Z x iPhoneOS16.5.sdk/System/Library/PrivateFrameworks/XGBoostFramework.framework/XGBoostFramework.tbd
2026-06-03T08:46:47.5263670Z x iPhoneOS16.5.sdk/System/Library/PrivateFrameworks/AppleNeuralEngine.framework/
2026-06-03T08:46:47.5264210Z x iPhoneOS16.5.sdk/System/Library/PrivateFrameworks/AppleNeuralEngine.framework/AppleNeuralEngine.tbd
2026-06-03T08:46:47.5264500Z x iPhoneOS16.5.sdk/System/Library/PrivateFrameworks/AXIDSServices.framework/
2026-06-03T08:46:47.5264730Z x iPhoneOS16.5.sdk/System/Library/PrivateFrameworks/AXIDSServices.framework/AXIDSServices.tbd
2026-06-03T08:46:47.5264920Z x iPhoneOS16.5.sdk/System/Library/PrivateFrameworks/CorePhoneNumbers.framework/
2026-06-03T08:46:47.5265160Z x iPhoneOS16.5.sdk/System/Library/PrivateFrameworks/CorePhoneNumbers.framework/CorePhoneNumbers.tbd
2026-06-03T08:46:47.5265360Z x iPhoneOS16.5.sdk/System/Library/PrivateFrameworks/BackgroundTaskAgent.framework/
2026-06-03T08:46:47.5265630Z x iPhoneOS16.5.sdk/System/Library/PrivateFrameworks/BackgroundTaskAgent.framework/BackgroundTaskAgent.tbd
2026-06-03T08:46:47.5266050Z x iPhoneOS16.5.sdk/System/Library/PrivateFrameworks/AACCore.framework/
2026-06-03T08:46:47.5266250Z x iPhoneOS16.5.sdk/System/Library/PrivateFrameworks/AACCore.framework/AACCore.tbd
2026-06-03T08:46:47.5266420Z x iPhoneOS16.5.sdk/System/Library/PrivateFrameworks/CardServices.framework/
2026-06-03T08:46:47.5266640Z x iPhoneOS16.5.sdk/System/Library/PrivateFrameworks/CardServices.framework/CardServices.tbd
2026-06-03T08:46:47.5266790Z x iPhoneOS16.5.sdk/System/Library/PrivateFrameworks/WeatherMaps.framework/
2026-06-03T08:46:47.5267000Z x iPhoneOS16.5.sdk/System/Library/PrivateFrameworks/WeatherMaps.framework/WeatherMaps.tbd
2026-06-03T08:46:47.5267180Z x iPhoneOS16.5.sdk/System/Library/PrivateFrameworks/IMAssistantCore.framework/
2026-06-03T08:46:47.5267410Z x iPhoneOS16.5.sdk/System/Library/PrivateFrameworks/IMAssistantCore.framework/IMAssistantCore.tbd
2026-06-03T08:46:47.5267620Z x iPhoneOS16.5.sdk/System/Library/PrivateFrameworks/TipKit2.framework/
2026-06-03T08:46:47.5267810Z x iPhoneOS16.5.sdk/System/Library/PrivateFrameworks/TipKit2.framework/TipKit2.tbd
2026-06-03T08:46:47.5268010Z x iPhoneOS16.5.sdk/System/Library/PrivateFrameworks/AssistantSettingsSupport.framework/
2026-06-03T08:46:47.5268320Z x iPhoneOS16.5.sdk/System/Library/PrivateFrameworks/AssistantSettingsSupport.framework/AssistantSettingsSupport.tbd
2026-06-03T08:46:47.5268530Z x iPhoneOS16.5.sdk/System/Library/PrivateFrameworks/PrivateFederatedLearning.framework/
2026-06-03T08:46:47.5268830Z x iPhoneOS16.5.sdk/System/Library/PrivateFrameworks/PrivateFederatedLearning.framework/PrivateFederatedLearning.tbd
2026-06-03T08:46:47.5269000Z x iPhoneOS16.5.sdk/System/Library/PrivateFrameworks/CoreRepairLite.framework/
2026-06-03T08:46:47.5269230Z x iPhoneOS16.5.sdk/System/Library/PrivateFrameworks/CoreRepairLite.framework/CoreRepairLite.tbd
2026-06-03T08:46:47.5269410Z x iPhoneOS16.5.sdk/System/Library/PrivateFrameworks/AirPlayReceiver.framework/
2026-06-03T08:46:47.5269640Z x iPhoneOS16.5.sdk/System/Library/PrivateFrameworks/AirPlayReceiver.framework/AirPlayReceiver.tbd
2026-06-03T08:46:47.5269810Z x iPhoneOS16.5.sdk/System/Library/PrivateFrameworks/CoreChartSwift.framework/
2026-06-03T08:46:47.5270130Z x iPhoneOS16.5.sdk/System/Library/PrivateFrameworks/CoreChartSwift.framework/CoreChartSwift.tbd
2026-06-03T08:46:47.5270310Z x iPhoneOS16.5.sdk/System/Library/PrivateFrameworks/SyncedModels.framework/
2026-06-03T08:46:47.5270990Z x iPhoneOS16.5.sdk/System/Library/PrivateFrameworks/SyncedModels.framework/SyncedModels.tbd
2026-06-03T08:46:47.5271230Z x iPhoneOS16.5.sdk/System/Library/PrivateFrameworks/BiometricSupport.framework/
2026-06-03T08:46:47.5271470Z x iPhoneOS16.5.sdk/System/Library/PrivateFrameworks/BiometricSupport.framework/BiometricSupport.tbd
2026-06-03T08:46:47.5271650Z x iPhoneOS16.5.sdk/System/Library/PrivateFrameworks/ClarityFoundation.framework/
2026-06-03T08:46:47.5271900Z x iPhoneOS16.5.sdk/System/Library/PrivateFrameworks/ClarityFoundation.framework/ClarityFoundation.tbd
2026-06-03T08:46:47.5272160Z x iPhoneOS16.5.sdk/System/Library/PrivateFrameworks/ClipServices.framework/
2026-06-03T08:46:47.5272370Z x iPhoneOS16.5.sdk/System/Library/PrivateFrameworks/ClipServices.framework/ClipServices.tbd
2026-06-03T08:46:47.5272550Z x iPhoneOS16.5.sdk/System/Library/PrivateFrameworks/IntentsServices.framework/
2026-06-03T08:46:47.5272780Z x iPhoneOS16.5.sdk/System/Library/PrivateFrameworks/IntentsServices.framework/IntentsServices.tbd
2026-06-03T08:46:47.5272990Z x iPhoneOS16.5.sdk/System/Library/PrivateFrameworks/SiriReferenceResolution.framework/
2026-06-03T08:46:47.5273300Z x iPhoneOS16.5.sdk/System/Library/PrivateFrameworks/SiriReferenceResolution.framework/SiriReferenceResolution.tbd
2026-06-03T08:46:47.5273460Z x iPhoneOS16.5.sdk/System/Library/PrivateFrameworks/GPURawCounter.framework/
2026-06-03T08:46:47.5273680Z x iPhoneOS16.5.sdk/System/Library/PrivateFrameworks/GPURawCounter.framework/GPURawCounter.tbd
2026-06-03T08:46:47.5273950Z x iPhoneOS16.5.sdk/System/Library/PrivateFrameworks/IMSharedUtilities.framework/
2026-06-03T08:46:47.5274290Z x iPhoneOS16.5.sdk/System/Library/PrivateFrameworks/IMSharedUtilities.framework/IMSharedUtilities.tbd
2026-06-03T08:46:47.5274480Z x iPhoneOS16.5.sdk/System/Library/PrivateFrameworks/PostSiriEngagement.framework/
2026-06-03T08:46:47.5274740Z x iPhoneOS16.5.sdk/System/Library/PrivateFrameworks/PostSiriEngagement.framework/PostSiriEngagement.tbd
2026-06-03T08:46:47.5274900Z x iPhoneOS16.5.sdk/System/Library/PrivateFrameworks/NotesShared.framework/
2026-06-03T08:46:47.5275190Z x iPhoneOS16.5.sdk/System/Library/PrivateFrameworks/NotesShared.framework/NotesShared.tbd
2026-06-03T08:46:47.5275340Z x iPhoneOS16.5.sdk/System/Library/PrivateFrameworks/ActionKit.framework/
2026-06-03T08:46:47.5275530Z x iPhoneOS16.5.sdk/System/Library/PrivateFrameworks/ActionKit.framework/ActionKit.tbd
2026-06-03T08:46:47.5275710Z x iPhoneOS16.5.sdk/System/Library/PrivateFrameworks/LocationSupport.framework/
2026-06-03T08:46:47.5276030Z x iPhoneOS16.5.sdk/System/Library/PrivateFrameworks/LocationSupport.framework/LocationSupport.tbd
2026-06-03T08:46:47.5276200Z x iPhoneOS16.5.sdk/System/Library/PrivateFrameworks/FMNetworking.framework/
2026-06-03T08:46:47.5276410Z x iPhoneOS16.5.sdk/System/Library/PrivateFrameworks/FMNetworking.framework/FMNetworking.tbd
2026-06-03T08:46:47.5276560Z x iPhoneOS16.5.sdk/System/Library/PrivateFrameworks/AutoLoop.framework/
2026-06-03T08:46:47.5276750Z x iPhoneOS16.5.sdk/System/Library/PrivateFrameworks/AutoLoop.framework/AutoLoop.tbd
2026-06-03T08:46:47.5276890Z x iPhoneOS16.5.sdk/System/Library/PrivateFrameworks/TouchML.framework/
2026-06-03T08:46:47.5277070Z x iPhoneOS16.5.sdk/System/Library/PrivateFrameworks/TouchML.framework/TouchML.tbd
2026-06-03T08:46:47.5277220Z x iPhoneOS16.5.sdk/System/Library/PrivateFrameworks/CoreDuet.framework/
2026-06-03T08:46:47.5277410Z x iPhoneOS16.5.sdk/System/Library/PrivateFrameworks/CoreDuet.framework/CoreDuet.tbd
2026-06-03T08:46:47.5277580Z x iPhoneOS16.5.sdk/System/Library/PrivateFrameworks/ActivityRingsUI.framework/
2026-06-03T08:46:47.5277810Z x iPhoneOS16.5.sdk/System/Library/PrivateFrameworks/ActivityRingsUI.framework/ActivityRingsUI.tbd
2026-06-03T08:46:47.5278020Z x iPhoneOS16.5.sdk/System/Library/PrivateFrameworks/CoreAccessoriesFeatures.framework/
2026-06-03T08:46:47.5278310Z x iPhoneOS16.5.sdk/System/Library/PrivateFrameworks/CoreAccessoriesFeatures.framework/CoreAccessoriesFeatures.tbd
2026-06-03T08:46:47.5278480Z x iPhoneOS16.5.sdk/System/Library/PrivateFrameworks/SIMSetupSupport.framework/
2026-06-03T08:46:47.5278720Z x iPhoneOS16.5.sdk/System/Library/PrivateFrameworks/SIMSetupSupport.framework/SIMSetupSupport.tbd
2026-06-03T08:46:47.5278870Z x iPhoneOS16.5.sdk/System/Library/PrivateFrameworks/CoreUtils.framework/
2026-06-03T08:46:47.5279060Z x iPhoneOS16.5.sdk/System/Library/PrivateFrameworks/CoreUtils.framework/CoreUtils.tbd
2026-06-03T08:46:47.5279230Z x iPhoneOS16.5.sdk/System/Library/PrivateFrameworks/PosterBoardUI.framework/
2026-06-03T08:46:47.5279470Z x iPhoneOS16.5.sdk/System/Library/PrivateFrameworks/PosterBoardUI.framework/PosterBoardUI.tbd
2026-06-03T08:46:47.5279660Z x iPhoneOS16.5.sdk/System/Library/PrivateFrameworks/AXMediaUtilities.framework/
2026-06-03T08:46:47.5279900Z x iPhoneOS16.5.sdk/System/Library/PrivateFrameworks/AXMediaUtilities.framework/AXMediaUtilities.tbd
2026-06-03T08:46:47.5280060Z x iPhoneOS16.5.sdk/System/Library/PrivateFrameworks/CoverSheet.framework/
2026-06-03T08:46:47.5280880Z x iPhoneOS16.5.sdk/System/Library/PrivateFrameworks/CoverSheet.framework/CoverSheet.tbd
2026-06-03T08:46:47.5342080Z x iPhoneOS16.5.sdk/System/Library/PrivateFrameworks/LimitAdTracking.framework/
2026-06-03T08:46:47.5342400Z x iPhoneOS16.5.sdk/System/Library/PrivateFrameworks/LimitAdTracking.framework/LimitAdTracking.tbd
2026-06-03T08:46:47.5342650Z x iPhoneOS16.5.sdk/System/Library/PrivateFrameworks/ProactiveEventTracker.framework/
2026-06-03T08:46:47.5342990Z x iPhoneOS16.5.sdk/System/Library/PrivateFrameworks/ProactiveEventTracker.framework/ProactiveEventTracker.tbd
2026-06-03T08:46:47.5343210Z x iPhoneOS16.5.sdk/System/Library/PrivateFrameworks/MusicUI.framework/
2026-06-03T08:46:47.5343570Z x iPhoneOS16.5.sdk/System/Library/PrivateFrameworks/MusicUI.framework/MusicUI.tbd
2026-06-03T08:46:47.5343850Z x iPhoneOS16.5.sdk/System/Library/PrivateFrameworks/ContactsDonationFeedback.framework/
2026-06-03T08:46:47.5344200Z x iPhoneOS16.5.sdk/System/Library/PrivateFrameworks/ContactsDonationFeedback.framework/ContactsDonationFeedback.tbd
2026-06-03T08:46:47.5344650Z x iPhoneOS16.5.sdk/System/Library/PrivateFrameworks/CommonUtilities.framework/
2026-06-03T08:46:47.5345080Z x iPhoneOS16.5.sdk/System/Library/PrivateFrameworks/CommonUtilities.framework/CommonUtilities.tbd
2026-06-03T08:46:47.5346130Z x iPhoneOS16.5.sdk/System/Library/PrivateFrameworks/SpotlightDaemon.framework/
2026-06-03T08:46:47.5346420Z x iPhoneOS16.5.sdk/System/Library/PrivateFrameworks/SpotlightDaemon.framework/SpotlightDaemon.tbd
2026-06-03T08:46:47.5346870Z x iPhoneOS16.5.sdk/System/Library/PrivateFrameworks/SiriDialogEngine.framework/
2026-06-03T08:46:47.5347200Z x iPhoneOS16.5.sdk/System/Library/PrivateFrameworks/SiriDialogEngine.framework/SiriDialogEngine.tbd
2026-06-03T08:46:47.5347440Z x iPhoneOS16.5.sdk/System/Library/PrivateFrameworks/DevicePresence.framework/
2026-06-03T08:46:47.5347750Z x iPhoneOS16.5.sdk/System/Library/PrivateFrameworks/DevicePresence.framework/DevicePresence.tbd
2026-06-03T08:46:47.5348030Z x iPhoneOS16.5.sdk/System/Library/PrivateFrameworks/MessagesCloudSync.framework/
2026-06-03T08:46:47.5348360Z x iPhoneOS16.5.sdk/System/Library/PrivateFrameworks/MessagesCloudSync.framework/MessagesCloudSync.tbd
2026-06-03T08:46:47.5348650Z x iPhoneOS16.5.sdk/System/Library/PrivateFrameworks/PodcastsFoundation.framework/
2026-06-03T08:46:47.5348990Z x iPhoneOS16.5.sdk/System/Library/PrivateFrameworks/PodcastsFoundation.framework/PodcastsFoundation.tbd
2026-06-03T08:46:47.5349240Z x iPhoneOS16.5.sdk/System/Library/PrivateFrameworks/AssetExplorer.framework/
2026-06-03T08:46:47.5349510Z x iPhoneOS16.5.sdk/System/Library/PrivateFrameworks/AssetExplorer.framework/AssetExplorer.tbd
2026-06-03T08:46:47.5349960Z x iPhoneOS16.5.sdk/System/Library/PrivateFrameworks/CoreCaptureDaemon.framework/
2026-06-03T08:46:47.5350250Z x iPhoneOS16.5.sdk/System/Library/PrivateFrameworks/CoreCaptureDaemon.framework/CoreCaptureDaemon.tbd
2026-06-03T08:46:47.5350420Z x iPhoneOS16.5.sdk/System/Library/PrivateFrameworks/Montreal.framework/
2026-06-03T08:46:47.5351910Z x iPhoneOS16.5.sdk/System/Library/PrivateFrameworks/Montreal.framework/Montreal.tbd
2026-06-03T08:46:47.5352180Z x iPhoneOS16.5.sdk/System/Library/PrivateFrameworks/CoreNameParser.framework/
2026-06-03T08:46:47.5352480Z x iPhoneOS16.5.sdk/System/Library/PrivateFrameworks/CoreNameParser.framework/CoreNameParser.tbd
2026-06-03T08:46:47.5352720Z x iPhoneOS16.5.sdk/System/Library/PrivateFrameworks/CoreSpeech.framework/
2026-06-03T08:46:47.5352970Z x iPhoneOS16.5.sdk/System/Library/PrivateFrameworks/CoreSpeech.framework/CoreSpeech.tbd
2026-06-03T08:46:47.5353200Z x iPhoneOS16.5.sdk/System/Library/PrivateFrameworks/MobileBackup.framework/
2026-06-03T08:46:47.5353470Z x iPhoneOS16.5.sdk/System/Library/PrivateFrameworks/MobileBackup.framework/MobileBackup.tbd
2026-06-03T08:46:47.5353730Z x iPhoneOS16.5.sdk/System/Library/PrivateFrameworks/PointerUISystemServices.framework/
2026-06-03T08:46:47.5354080Z x iPhoneOS16.5.sdk/System/Library/PrivateFrameworks/PointerUISystemServices.framework/PointerUISystemServices.tbd
2026-06-03T08:46:47.5354330Z x iPhoneOS16.5.sdk/System/Library/PrivateFrameworks/VideoSubscriberAccountUI.framework/
2026-06-03T08:46:47.5354680Z x iPhoneOS16.5.sdk/System/Library/PrivateFrameworks/VideoSubscriberAccountUI.framework/VideoSubscriberAccountUI.tbd
2026-06-03T08:46:47.5356060Z x iPhoneOS16.5.sdk/System/Library/PrivateFrameworks/SymptomReporter.framework/
2026-06-03T08:46:47.5356410Z x iPhoneOS16.5.sdk/System/Library/PrivateFrameworks/SymptomReporter.framework/SymptomReporter.tbd
2026-06-03T08:46:47.5356810Z x iPhoneOS16.5.sdk/System/Library/PrivateFrameworks/TypistFramework.framework/
2026-06-03T08:46:47.5357730Z x iPhoneOS16.5.sdk/System/Library/PrivateFrameworks/TypistFramework.framework/TypistFramework.tbd
2026-06-03T08:46:47.5358120Z x iPhoneOS16.5.sdk/System/Library/PrivateFrameworks/WelcomeKitUI.framework/
2026-06-03T08:46:47.5358590Z x iPhoneOS16.5.sdk/System/Library/PrivateFrameworks/WelcomeKitUI.framework/WelcomeKitUI.tbd
2026-06-03T08:46:47.5358890Z x iPhoneOS16.5.sdk/System/Library/PrivateFrameworks/RealityFusion.framework/
2026-06-03T08:46:47.5359170Z x iPhoneOS16.5.sdk/System/Library/PrivateFrameworks/RealityFusion.framework/RealityFusion.tbd
2026-06-03T08:46:47.5359410Z x iPhoneOS16.5.sdk/System/Library/PrivateFrameworks/ContextKitExtraction.framework/
2026-06-03T08:46:47.5359730Z x iPhoneOS16.5.sdk/System/Library/PrivateFrameworks/ContextKitExtraction.framework/ContextKitExtraction.tbd
2026-06-03T08:46:47.5359970Z x iPhoneOS16.5.sdk/System/Library/PrivateFrameworks/PrintKitUI.framework/
2026-06-03T08:46:47.5360310Z x iPhoneOS16.5.sdk/System/Library/PrivateFrameworks/PrintKitUI.framework/PrintKitUI.tbd
2026-06-03T08:46:47.5360550Z x iPhoneOS16.5.sdk/System/Library/PrivateFrameworks/EAFirmwareUpdater.framework/
2026-06-03T08:46:47.5360850Z x iPhoneOS16.5.sdk/System/Library/PrivateFrameworks/EAFirmwareUpdater.framework/EAFirmwareUpdater.tbd
2026-06-03T08:46:47.5361130Z x iPhoneOS16.5.sdk/System/Library/PrivateFrameworks/MediaGroupsDaemon.framework/
2026-06-03T08:46:47.5361440Z x iPhoneOS16.5.sdk/System/Library/PrivateFrameworks/MediaGroupsDaemon.framework/MediaGroupsDaemon.tbd
2026-06-03T08:46:47.5361750Z x iPhoneOS16.5.sdk/System/Library/PrivateFrameworks/MapsSync.framework/
2026-06-03T08:46:47.5361990Z x iPhoneOS16.5.sdk/System/Library/PrivateFrameworks/MapsSync.framework/MapsSync.tbd
2026-06-03T08:46:47.5362220Z x iPhoneOS16.5.sdk/System/Library/PrivateFrameworks/MessageSecurity.framework/
2026-06-03T08:46:47.5362500Z x iPhoneOS16.5.sdk/System/Library/PrivateFrameworks/MessageSecurity.framework/MessageSecurity.tbd
2026-06-03T08:46:47.5362860Z x iPhoneOS16.5.sdk/System/Library/PrivateFrameworks/FeatureFlags.framework/
2026-06-03T08:46:47.5363130Z x iPhoneOS16.5.sdk/System/Library/PrivateFrameworks/FeatureFlags.framework/FeatureFlags.tbd
2026-06-03T08:46:47.5363360Z x iPhoneOS16.5.sdk/System/Library/PrivateFrameworks/Disembark.framework/
2026-06-03T08:46:47.5363610Z x iPhoneOS16.5.sdk/System/Library/PrivateFrameworks/Disembark.framework/Disembark.tbd
2026-06-03T08:46:47.5363850Z x iPhoneOS16.5.sdk/System/Library/PrivateFrameworks/SettingsFoundation.framework/
2026-06-03T08:46:47.5364160Z x iPhoneOS16.5.sdk/System/Library/PrivateFrameworks/SettingsFoundation.framework/SettingsFoundation.tbd
2026-06-03T08:46:47.5364350Z x iPhoneOS16.5.sdk/System/Library/PrivateFrameworks/Moments2.framework/
2026-06-03T08:46:47.5364580Z x iPhoneOS16.5.sdk/System/Library/PrivateFrameworks/Moments2.framework/Moments2.tbd
2026-06-03T08:46:47.5364850Z x iPhoneOS16.5.sdk/System/Library/PrivateFrameworks/AXWatchRemoteScreenServices.framework/
2026-06-03T08:46:47.5365230Z x iPhoneOS16.5.sdk/System/Library/PrivateFrameworks/AXWatchRemoteScreenServices.framework/AXWatchRemoteScreenServices.tbd
2026-06-03T08:46:47.5365460Z x iPhoneOS16.5.sdk/System/Library/PrivateFrameworks/SecurityFoundation.framework/
2026-06-03T08:46:47.5365760Z x iPhoneOS16.5.sdk/System/Library/PrivateFrameworks/SecurityFoundation.framework/SecurityFoundation.tbd
2026-06-03T08:46:47.5366040Z x iPhoneOS16.5.sdk/System/Library/PrivateFrameworks/AccessibilityPlatformTranslation.framework/
2026-06-03T08:46:47.5366570Z x iPhoneOS16.5.sdk/System/Library/PrivateFrameworks/AccessibilityPlatformTranslation.framework/AccessibilityPlatformTranslation.tbd
2026-06-03T08:46:47.5367450Z x iPhoneOS16.5.sdk/System/Library/PrivateFrameworks/NewDeviceOutreach.framework/
2026-06-03T08:46:47.5367780Z x iPhoneOS16.5.sdk/System/Library/PrivateFrameworks/NewDeviceOutreach.framework/NewDeviceOutreach.tbd
2026-06-03T08:46:47.5368030Z x iPhoneOS16.5.sdk/System/Library/PrivateFrameworks/ActivitySharingUI.framework/
2026-06-03T08:46:47.5368510Z x iPhoneOS16.5.sdk/System/Library/PrivateFrameworks/ActivitySharingUI.framework/ActivitySharingUI.tbd
2026-06-03T08:46:47.5368930Z x iPhoneOS16.5.sdk/System/Library/PrivateFrameworks/CoverSheetKit.framework/
2026-06-03T08:46:47.5369240Z x iPhoneOS16.5.sdk/System/Library/PrivateFrameworks/CoverSheetKit.framework/CoverSheetKit.tbd
2026-06-03T08:46:47.5369560Z x iPhoneOS16.5.sdk/System/Library/PrivateFrameworks/PrivateSearchCore.framework/
2026-06-03T08:46:47.5369960Z x iPhoneOS16.5.sdk/System/Library/PrivateFrameworks/PrivateSearchCore.framework/PrivateSearchCore.tbd
2026-06-03T08:46:47.5370200Z x iPhoneOS16.5.sdk/System/Library/PrivateFrameworks/CalendarWidget.framework/
2026-06-03T08:46:47.5370510Z x iPhoneOS16.5.sdk/System/Library/PrivateFrameworks/CalendarWidget.framework/CalendarWidget.tbd
2026-06-03T08:46:47.5370780Z x iPhoneOS16.5.sdk/System/Library/PrivateFrameworks/ProactiveBlendingLayer_iOS.framework/
2026-06-03T08:46:47.5371330Z x iPhoneOS16.5.sdk/System/Library/PrivateFrameworks/ProactiveBlendingLayer_iOS.framework/ProactiveBlendingLayer_iOS.tbd
2026-06-03T08:46:47.5371690Z x iPhoneOS16.5.sdk/System/Library/PrivateFrameworks/AIMLExperimentationAnalytics.framework/
2026-06-03T08:46:47.5372090Z x iPhoneOS16.5.sdk/System/Library/PrivateFrameworks/AIMLExperimentationAnalytics.framework/AIMLExperimentationAnalytics.tbd
2026-06-03T08:46:47.5372410Z x iPhoneOS16.5.sdk/System/Library/PrivateFrameworks/UITriggerVC.framework/
2026-06-03T08:46:47.5372770Z x iPhoneOS16.5.sdk/System/Library/PrivateFrameworks/UITriggerVC.framework/UITriggerVC.tbd
2026-06-03T08:46:47.5373830Z x iPhoneOS16.5.sdk/System/Library/PrivateFrameworks/HDRProcessing.framework/
2026-06-03T08:46:47.5374110Z x iPhoneOS16.5.sdk/System/Library/PrivateFrameworks/HDRProcessing.framework/HDRProcessing.tbd
2026-06-03T08:46:47.5374320Z x iPhoneOS16.5.sdk/System/Library/PrivateFrameworks/AudioPasscode.framework/
2026-06-03T08:46:47.5374600Z x iPhoneOS16.5.sdk/System/Library/PrivateFrameworks/AudioPasscode.framework/AudioPasscode.tbd
2026-06-03T08:46:47.5374870Z x iPhoneOS16.5.sdk/System/Library/PrivateFrameworks/CMContinuityCaptureCore.framework/
2026-06-03T08:46:47.5380080Z x iPhoneOS16.5.sdk/System/Library/PrivateFrameworks/CMContinuityCaptureCore.framework/CMContinuityCaptureCore.tbd
2026-06-03T08:46:47.5381310Z x iPhoneOS16.5.sdk/System/Library/PrivateFrameworks/SiriCorrections.framework/
2026-06-03T08:46:47.5381710Z x iPhoneOS16.5.sdk/System/Library/PrivateFrameworks/SiriCorrections.framework/SiriCorrections.tbd
2026-06-03T08:46:47.5382030Z x iPhoneOS16.5.sdk/System/Library/PrivateFrameworks/FMCoreLite.framework/
2026-06-03T08:46:47.5382480Z x iPhoneOS16.5.sdk/System/Library/PrivateFrameworks/FMCoreLite.framework/FMCoreLite.tbd
2026-06-03T08:46:47.5382850Z x iPhoneOS16.5.sdk/System/Library/PrivateFrameworks/FitnessCoaching.framework/
2026-06-03T08:46:47.5389720Z x iPhoneOS16.5.sdk/System/Library/PrivateFrameworks/FitnessCoaching.framework/FitnessCoaching.tbd
2026-06-03T08:46:47.5390000Z x iPhoneOS16.5.sdk/System/Library/PrivateFrameworks/ContextSync.framework/
2026-06-03T08:46:47.5390550Z x iPhoneOS16.5.sdk/System/Library/PrivateFrameworks/ContextSync.framework/ContextSync.tbd
2026-06-03T08:46:47.5394570Z x iPhoneOS16.5.sdk/System/Library/PrivateFrameworks/CoreLocationReplay.framework/
2026-06-03T08:46:47.5395480Z x iPhoneOS16.5.sdk/System/Library/PrivateFrameworks/CoreLocationReplay.framework/CoreLocationReplay.tbd
2026-06-03T08:46:47.5395720Z x iPhoneOS16.5.sdk/System/Library/PrivateFrameworks/TelephonyXPCServer.framework/
2026-06-03T08:46:47.5396030Z x iPhoneOS16.5.sdk/System/Library/PrivateFrameworks/TelephonyXPCServer.framework/TelephonyXPCServer.tbd
2026-06-03T08:46:47.5396260Z x iPhoneOS16.5.sdk/System/Library/PrivateFrameworks/DEPClientLibrary.framework/
2026-06-03T08:46:47.5396600Z x iPhoneOS16.5.sdk/System/Library/PrivateFrameworks/DEPClientLibrary.framework/DEPClientLibrary.tbd
2026-06-03T08:46:47.5396850Z x iPhoneOS16.5.sdk/System/Library/PrivateFrameworks/MobileSafari.framework/
2026-06-03T08:46:47.5397150Z x iPhoneOS16.5.sdk/System/Library/PrivateFrameworks/MobileSafari.framework/MobileSafari.tbd
2026-06-03T08:46:47.5397490Z x iPhoneOS16.5.sdk/System/Library/PrivateFrameworks/MobileSafari.framework/PlugIns/
2026-06-03T08:46:47.5397790Z x iPhoneOS16.5.sdk/System/Library/PrivateFrameworks/MobileSafari.framework/PlugIns/Safari.wkbundle/
2026-06-03T08:46:47.5398120Z x iPhoneOS16.5.sdk/System/Library/PrivateFrameworks/MobileSafari.framework/PlugIns/Safari.wkbundle/Safari.tbd
2026-06-03T08:46:47.5398340Z x iPhoneOS16.5.sdk/System/Library/PrivateFrameworks/SpeechDictionary.framework/
2026-06-03T08:46:47.5398630Z x iPhoneOS16.5.sdk/System/Library/PrivateFrameworks/SpeechDictionary.framework/SpeechDictionary.tbd
2026-06-03T08:46:47.5398840Z x iPhoneOS16.5.sdk/System/Library/PrivateFrameworks/AirPlaySync.framework/
2026-06-03T08:46:47.5399090Z x iPhoneOS16.5.sdk/System/Library/PrivateFrameworks/AirPlaySync.framework/AirPlaySync.tbd
2026-06-03T08:46:47.5399330Z x iPhoneOS16.5.sdk/System/Library/PrivateFrameworks/MobileInstallation.framework/
2026-06-03T08:46:47.5399740Z x iPhoneOS16.5.sdk/System/Library/PrivateFrameworks/MobileInstallation.framework/MobileInstallation.tbd
2026-06-03T08:46:47.5399950Z x iPhoneOS16.5.sdk/System/Library/PrivateFrameworks/TrialProto.framework/
2026-06-03T08:46:47.5400190Z x iPhoneOS16.5.sdk/System/Library/PrivateFrameworks/TrialProto.framework/TrialProto.tbd
2026-06-03T08:46:47.5400560Z x iPhoneOS16.5.sdk/System/Library/PrivateFrameworks/NewsPersonalization.framework/
2026-06-03T08:46:47.5400870Z x iPhoneOS16.5.sdk/System/Library/PrivateFrameworks/NewsPersonalization.framework/NewsPersonalization.tbd
2026-06-03T08:46:47.5401080Z x iPhoneOS16.5.sdk/System/Library/PrivateFrameworks/DeviceOMatic.framework/
2026-06-03T08:46:47.5401350Z x iPhoneOS16.5.sdk/System/Library/PrivateFrameworks/DeviceOMatic.framework/DeviceOMatic.tbd
2026-06-03T08:46:47.5401580Z x iPhoneOS16.5.sdk/System/Library/PrivateFrameworks/SiriTaskEngagement.framework/
2026-06-03T08:46:47.5401880Z x iPhoneOS16.5.sdk/System/Library/PrivateFrameworks/SiriTaskEngagement.framework/SiriTaskEngagement.tbd
2026-06-03T08:46:47.5402160Z x iPhoneOS16.5.sdk/System/Library/PrivateFrameworks/ProfileValidatedAppIdentity.framework/
2026-06-03T08:46:47.5402530Z x iPhoneOS16.5.sdk/System/Library/PrivateFrameworks/ProfileValidatedAppIdentity.framework/ProfileValidatedAppIdentity.tbd
2026-06-03T08:46:47.5402740Z x iPhoneOS16.5.sdk/System/Library/PrivateFrameworks/MMCSServices.framework/
2026-06-03T08:46:47.5403010Z x iPhoneOS16.5.sdk/System/Library/PrivateFrameworks/MMCSServices.framework/MMCSServices.tbd
2026-06-03T08:46:47.5403200Z x iPhoneOS16.5.sdk/System/Library/PrivateFrameworks/Silex.framework/
2026-06-03T08:46:47.5403410Z x iPhoneOS16.5.sdk/System/Library/PrivateFrameworks/Silex.framework/Silex.tbd
2026-06-03T08:46:47.5403610Z x iPhoneOS16.5.sdk/System/Library/PrivateFrameworks/HealthUI.framework/
2026-06-03T08:46:47.5403840Z x iPhoneOS16.5.sdk/System/Library/PrivateFrameworks/HealthUI.framework/HealthUI.tbd
2026-06-03T08:46:47.5404050Z x iPhoneOS16.5.sdk/System/Library/PrivateFrameworks/CoreUARP.framework/
2026-06-03T08:46:47.5404280Z x iPhoneOS16.5.sdk/System/Library/PrivateFrameworks/CoreUARP.framework/CoreUARP.tbd
2026-06-03T08:46:47.5404520Z x iPhoneOS16.5.sdk/System/Library/PrivateFrameworks/SiriFlowEnvironment.framework/
2026-06-03T08:46:47.5404830Z x iPhoneOS16.5.sdk/System/Library/PrivateFrameworks/SiriFlowEnvironment.framework/SiriFlowEnvironment.tbd
2026-06-03T08:46:47.5405010Z x iPhoneOS16.5.sdk/System/Library/PrivateFrameworks/SOS.framework/
2026-06-03T08:46:47.5405240Z x iPhoneOS16.5.sdk/System/Library/PrivateFrameworks/SOS.framework/SOS.tbd
2026-06-03T08:46:47.5405450Z x iPhoneOS16.5.sdk/System/Library/PrivateFrameworks/CalendarDaemon.framework/
2026-06-03T08:46:47.5405830Z x iPhoneOS16.5.sdk/System/Library/PrivateFrameworks/CalendarDaemon.framework/CalendarDaemon.tbd
2026-06-03T08:46:47.5406130Z x iPhoneOS16.5.sdk/System/Library/PrivateFrameworks/HearingMLHelper.framework/
2026-06-03T08:46:47.5406480Z x iPhoneOS16.5.sdk/System/Library/PrivateFrameworks/HearingMLHelper.framework/HearingMLHelper.tbd
2026-06-03T08:46:47.5407660Z x iPhoneOS16.5.sdk/System/Library/PrivateFrameworks/SMBSearch.framework/
2026-06-03T08:46:47.5408040Z x iPhoneOS16.5.sdk/System/Library/PrivateFrameworks/SMBSearch.framework/SMBSearch.tbd
2026-06-03T08:46:47.5408310Z x iPhoneOS16.5.sdk/System/Library/PrivateFrameworks/SpringBoardFoundation.framework/
2026-06-03T08:46:47.5408660Z x iPhoneOS16.5.sdk/System/Library/PrivateFrameworks/SpringBoardFoundation.framework/SpringBoardFoundation.tbd
2026-06-03T08:46:47.5408910Z x iPhoneOS16.5.sdk/System/Library/PrivateFrameworks/SiriDailyBriefingInternal.framework/
2026-06-03T08:46:47.5409430Z x iPhoneOS16.5.sdk/System/Library/PrivateFrameworks/SiriDailyBriefingInternal.framework/SiriDailyBriefingInternal.tbd
2026-06-03T08:46:47.5409650Z x iPhoneOS16.5.sdk/System/Library/PrivateFrameworks/DropInCore.framework/
2026-06-03T08:46:47.5409900Z x iPhoneOS16.5.sdk/System/Library/PrivateFrameworks/DropInCore.framework/DropInCore.tbd
2026-06-03T08:46:47.5410220Z x iPhoneOS16.5.sdk/System/Library/PrivateFrameworks/PhotoFoundation.framework/
2026-06-03T08:46:47.5410510Z x iPhoneOS16.5.sdk/System/Library/PrivateFrameworks/PhotoFoundation.framework/PhotoFoundation.tbd
2026-06-03T08:46:47.5410770Z x iPhoneOS16.5.sdk/System/Library/PrivateFrameworks/_MusicKitInternal_SwiftUI.framework/
2026-06-03T08:46:47.5411110Z x iPhoneOS16.5.sdk/System/Library/PrivateFrameworks/_MusicKitInternal_SwiftUI.framework/_MusicKitInternal_SwiftUI.tbd
2026-06-03T08:46:47.5411320Z x iPhoneOS16.5.sdk/System/Library/PrivateFrameworks/WebInspector.framework/
2026-06-03T08:46:47.5411590Z x iPhoneOS16.5.sdk/System/Library/PrivateFrameworks/WebInspector.framework/WebInspector.tbd
2026-06-03T08:46:47.5411820Z x iPhoneOS16.5.sdk/System/Library/PrivateFrameworks/SiriKitInvocation.framework/
2026-06-03T08:46:47.5412120Z x iPhoneOS16.5.sdk/System/Library/PrivateFrameworks/SiriKitInvocation.framework/SiriKitInvocation.tbd
2026-06-03T08:46:47.5412350Z x iPhoneOS16.5.sdk/System/Library/PrivateFrameworks/MusicCarDisplayUI.framework/
2026-06-03T08:46:47.5412660Z x iPhoneOS16.5.sdk/System/Library/PrivateFrameworks/MusicCarDisplayUI.framework/MusicCarDisplayUI.tbd
2026-06-03T08:46:47.5412970Z x iPhoneOS16.5.sdk/System/Library/PrivateFrameworks/OSAServicesClient.framework/
2026-06-03T08:46:47.5413340Z x iPhoneOS16.5.sdk/System/Library/PrivateFrameworks/OSAServicesClient.framework/OSAServicesClient.tbd
2026-06-03T08:46:47.5413570Z x iPhoneOS16.5.sdk/System/Library/PrivateFrameworks/DeviceManagement.framework/
2026-06-03T08:46:47.5414910Z x iPhoneOS16.5.sdk/System/Library/PrivateFrameworks/DeviceManagement.framework/DeviceManagement.tbd
2026-06-03T08:46:47.5415130Z x iPhoneOS16.5.sdk/System/Library/PrivateFrameworks/AuthKit.framework/
2026-06-03T08:46:47.5415380Z x iPhoneOS16.5.sdk/System/Library/PrivateFrameworks/AuthKit.framework/AuthKit.tbd
2026-06-03T08:46:47.5415620Z x iPhoneOS16.5.sdk/System/Library/PrivateFrameworks/AppSSOCore.framework/
2026-06-03T08:46:47.5415880Z x iPhoneOS16.5.sdk/System/Library/PrivateFrameworks/AppSSOCore.framework/AppSSOCore.tbd
2026-06-03T08:46:47.5416080Z x iPhoneOS16.5.sdk/System/Library/PrivateFrameworks/MapsUI.framework/
2026-06-03T08:46:47.5416460Z x iPhoneOS16.5.sdk/System/Library/PrivateFrameworks/MapsUI.framework/MapsUI.tbd
2026-06-03T08:46:47.5416720Z x iPhoneOS16.5.sdk/System/Library/PrivateFrameworks/AccessoryAssistiveTouch.framework/
2026-06-03T08:46:47.5417070Z x iPhoneOS16.5.sdk/System/Library/PrivateFrameworks/AccessoryAssistiveTouch.framework/AccessoryAssistiveTouch.tbd
2026-06-03T08:46:47.5417270Z x iPhoneOS16.5.sdk/System/Library/PrivateFrameworks/CoreRE.framework/
2026-06-03T08:46:47.5417490Z x iPhoneOS16.5.sdk/System/Library/PrivateFrameworks/CoreRE.framework/CoreRE.tbd
2026-06-03T08:46:47.5417680Z x iPhoneOS16.5.sdk/System/Library/PrivateFrameworks/CalDAV.framework/
2026-06-03T08:46:47.5417900Z x iPhoneOS16.5.sdk/System/Library/PrivateFrameworks/CalDAV.framework/CalDAV.tbd
2026-06-03T08:46:47.5418200Z x iPhoneOS16.5.sdk/System/Library/PrivateFrameworks/ActionPredictionHeuristicsInternal.framework/
2026-06-03T08:46:47.5418730Z x iPhoneOS16.5.sdk/System/Library/PrivateFrameworks/ActionPredictionHeuristicsInternal.framework/ActionPredictionHeuristicsInternal.tbd
2026-06-03T08:46:47.5418990Z x iPhoneOS16.5.sdk/System/Library/PrivateFrameworks/SoftwareUpdateSettings.framework/
2026-06-03T08:46:47.5419330Z x iPhoneOS16.5.sdk/System/Library/PrivateFrameworks/SoftwareUpdateSettings.framework/SoftwareUpdateSettings.tbd
2026-06-03T08:46:47.5419610Z x iPhoneOS16.5.sdk/System/Library/PrivateFrameworks/BatteryCenter.framework/
2026-06-03T08:46:47.5419880Z x iPhoneOS16.5.sdk/System/Library/PrivateFrameworks/BatteryCenter.framework/BatteryCenter.tbd
2026-06-03T08:46:47.5420110Z x iPhoneOS16.5.sdk/System/Library/PrivateFrameworks/IMTranscoderAgent.framework/
2026-06-03T08:46:47.5420430Z x iPhoneOS16.5.sdk/System/Library/PrivateFrameworks/IMTranscoderAgent.framework/IMTranscoderAgent.tbd
2026-06-03T08:46:47.5420650Z x iPhoneOS16.5.sdk/System/Library/PrivateFrameworks/PhotoLibrary.framework/
2026-06-03T08:46:47.5420990Z x iPhoneOS16.5.sdk/System/Library/PrivateFrameworks/PhotoLibrary.framework/PhotoLibrary.tbd
2026-06-03T08:46:47.5421230Z x iPhoneOS16.5.sdk/System/Library/PrivateFrameworks/SystemStatusServer.framework/
2026-06-03T08:46:47.5421540Z x iPhoneOS16.5.sdk/System/Library/PrivateFrameworks/SystemStatusServer.framework/SystemStatusServer.tbd
2026-06-03T08:46:47.5421800Z x iPhoneOS16.5.sdk/System/Library/PrivateFrameworks/SoftwareUpdateCoreSupport.framework/
2026-06-03T08:46:47.5422160Z x iPhoneOS16.5.sdk/System/Library/PrivateFrameworks/SoftwareUpdateCoreSupport.framework/SoftwareUpdateCoreSupport.tbd
2026-06-03T08:46:47.5422390Z x iPhoneOS16.5.sdk/System/Library/PrivateFrameworks/PreviewsServicesUI.framework/
2026-06-03T08:46:47.5422700Z x iPhoneOS16.5.sdk/System/Library/PrivateFrameworks/PreviewsServicesUI.framework/PreviewsServicesUI.tbd
2026-06-03T08:46:47.5422940Z x iPhoneOS16.5.sdk/System/Library/PrivateFrameworks/ContainerManagerSystem.framework/
2026-06-03T08:46:47.5423280Z x iPhoneOS16.5.sdk/System/Library/PrivateFrameworks/ContainerManagerSystem.framework/ContainerManagerSystem.tbd
2026-06-03T08:46:47.5423540Z x iPhoneOS16.5.sdk/System/Library/PrivateFrameworks/DAEASOAuthFramework.framework/
2026-06-03T08:46:47.5423880Z x iPhoneOS16.5.sdk/System/Library/PrivateFrameworks/DAEASOAuthFramework.framework/DAEASOAuthFramework.tbd
2026-06-03T08:46:47.5424090Z x iPhoneOS16.5.sdk/System/Library/PrivateFrameworks/GPUSupport.framework/
2026-06-03T08:46:47.5424510Z x iPhoneOS16.5.sdk/System/Library/PrivateFrameworks/GPUSupport.framework/libGPUSupportMercury.tbd
2026-06-03T08:46:47.5424720Z x iPhoneOS16.5.sdk/System/Library/PrivateFrameworks/BiomeSync.framework/
2026-06-03T08:46:47.5425090Z x iPhoneOS16.5.sdk/System/Library/PrivateFrameworks/BiomeSync.framework/BiomeSync.tbd
2026-06-03T08:46:47.5425280Z x iPhoneOS16.5.sdk/System/Library/PrivateFrameworks/SiriVOX.framework/
2026-06-03T08:46:47.5425510Z x iPhoneOS16.5.sdk/System/Library/PrivateFrameworks/SiriVOX.framework/SiriVOX.tbd
2026-06-03T08:46:47.5425720Z x iPhoneOS16.5.sdk/System/Library/PrivateFrameworks/AccessoryHID.framework/
2026-06-03T08:46:47.5425990Z x iPhoneOS16.5.sdk/System/Library/PrivateFrameworks/AccessoryHID.framework/AccessoryHID.tbd
2026-06-03T08:46:47.5426210Z x iPhoneOS16.5.sdk/System/Library/PrivateFrameworks/BrookServices.framework/
2026-06-03T08:46:47.5426480Z x iPhoneOS16.5.sdk/System/Library/PrivateFrameworks/BrookServices.framework/BrookServices.tbd
2026-06-03T08:46:47.5426680Z x iPhoneOS16.5.sdk/System/Library/PrivateFrameworks/CoreIDVUI.framework/
2026-06-03T08:46:47.5426920Z x iPhoneOS16.5.sdk/System/Library/PrivateFrameworks/CoreIDVUI.framework/CoreIDVUI.tbd
2026-06-03T08:46:47.5427150Z x iPhoneOS16.5.sdk/System/Library/PrivateFrameworks/CryptoKitCBridging.framework/
2026-06-03T08:46:47.5427500Z x iPhoneOS16.5.sdk/System/Library/PrivateFrameworks/CryptoKitCBridging.framework/CryptoKitCBridging.tbd
2026-06-03T08:46:47.5428590Z x iPhoneOS16.5.sdk/System/Library/PrivateFrameworks/AlgosScoreFramework.framework/
2026-06-03T08:46:47.5428910Z x iPhoneOS16.5.sdk/System/Library/PrivateFrameworks/AlgosScoreFramework.framework/AlgosScoreFramework.tbd
2026-06-03T08:46:47.5429250Z x iPhoneOS16.5.sdk/System/Library/PrivateFrameworks/EventMetaDataExtractor.framework/
2026-06-03T08:46:47.5429600Z x iPhoneOS16.5.sdk/System/Library/PrivateFrameworks/EventMetaDataExtractor.framework/EventMetaDataExtractor.tbd
2026-06-03T08:46:47.5429800Z x iPhoneOS16.5.sdk/System/Library/PrivateFrameworks/TeaUI.framework/
2026-06-03T08:46:47.5430130Z x iPhoneOS16.5.sdk/System/Library/PrivateFrameworks/TeaUI.framework/TeaUI.tbd
2026-06-03T08:46:47.5430370Z x iPhoneOS16.5.sdk/System/Library/PrivateFrameworks/GPUToolsCapture.framework/
2026-06-03T08:46:47.5431490Z x iPhoneOS16.5.sdk/System/Library/PrivateFrameworks/GPUToolsCapture.framework/GPUToolsCapture.tbd
2026-06-03T08:46:47.5431690Z x iPhoneOS16.5.sdk/System/Library/PrivateFrameworks/ToneKit.framework/
2026-06-03T08:46:47.5431920Z x iPhoneOS16.5.sdk/System/Library/PrivateFrameworks/ToneKit.framework/ToneKit.tbd
2026-06-03T08:46:47.5432350Z x iPhoneOS16.5.sdk/System/Library/PrivateFrameworks/ActivityAwardsServices.framework/
2026-06-03T08:46:47.5432700Z x iPhoneOS16.5.sdk/System/Library/PrivateFrameworks/ActivityAwardsServices.framework/ActivityAwardsServices.tbd
2026-06-03T08:46:47.5432930Z x iPhoneOS16.5.sdk/System/Library/PrivateFrameworks/AutoBugCaptureCore.framework/
2026-06-03T08:46:47.5433230Z x iPhoneOS16.5.sdk/System/Library/PrivateFrameworks/AutoBugCaptureCore.framework/AutoBugCaptureCore.tbd
2026-06-03T08:46:47.5433430Z x iPhoneOS16.5.sdk/System/Library/PrivateFrameworks/AvatarUI.framework/
2026-06-03T08:46:47.5433800Z x iPhoneOS16.5.sdk/System/Library/PrivateFrameworks/AvatarUI.framework/AvatarUI.tbd
2026-06-03T08:46:47.5434040Z x iPhoneOS16.5.sdk/System/Library/PrivateFrameworks/SpotlightUIInternal.framework/
2026-06-03T08:46:47.5434350Z x iPhoneOS16.5.sdk/System/Library/PrivateFrameworks/SpotlightUIInternal.framework/SpotlightUIInternal.tbd
2026-06-03T08:46:47.5434580Z x iPhoneOS16.5.sdk/System/Library/PrivateFrameworks/ChronoServices.framework/
2026-06-03T08:46:47.5434860Z x iPhoneOS16.5.sdk/System/Library/PrivateFrameworks/ChronoServices.framework/ChronoServices.tbd
2026-06-03T08:46:47.5435060Z x iPhoneOS16.5.sdk/System/Library/PrivateFrameworks/PhotoVision.framework/
2026-06-03T08:46:47.5435320Z x iPhoneOS16.5.sdk/System/Library/PrivateFrameworks/PhotoVision.framework/PhotoVision.tbd
2026-06-03T08:46:47.5435570Z x iPhoneOS16.5.sdk/System/Library/PrivateFrameworks/BacklightServicesHost.framework/
2026-06-03T08:46:47.5438610Z x iPhoneOS16.5.sdk/System/Library/PrivateFrameworks/BacklightServicesHost.framework/BacklightServicesHost.tbd
2026-06-03T08:46:47.5441330Z x iPhoneOS16.5.sdk/System/Library/PrivateFrameworks/MMCS.framework/
2026-06-03T08:46:47.5445930Z x iPhoneOS16.5.sdk/System/Library/PrivateFrameworks/MMCS.framework/MMCS.tbd
2026-06-03T08:46:47.5446250Z x iPhoneOS16.5.sdk/System/Library/PrivateFrameworks/SPShared.framework/
2026-06-03T08:46:47.5446720Z x iPhoneOS16.5.sdk/System/Library/PrivateFrameworks/SPShared.framework/SPShared.tbd
2026-06-03T08:46:47.5447300Z x iPhoneOS16.5.sdk/System/Library/PrivateFrameworks/LocalAuthenticationPrivateUI.framework/
2026-06-03T08:46:47.5448930Z x iPhoneOS16.5.sdk/System/Library/PrivateFrameworks/LocalAuthenticationPrivateUI.framework/LocalAuthenticationPrivateUI.tbd
2026-06-03T08:46:47.5449150Z x iPhoneOS16.5.sdk/System/Library/PrivateFrameworks/MailKit.framework/
2026-06-03T08:46:47.5450010Z x iPhoneOS16.5.sdk/System/Library/PrivateFrameworks/MailKit.framework/MailKit.tbd
2026-06-03T08:46:47.5450560Z x iPhoneOS16.5.sdk/System/Library/PrivateFrameworks/PlugInKit.framework/
2026-06-03T08:46:47.5451620Z x iPhoneOS16.5.sdk/System/Library/PrivateFrameworks/PlugInKit.framework/PlugInKit.tbd
2026-06-03T08:46:47.5452120Z x iPhoneOS16.5.sdk/System/Library/PrivateFrameworks/BaseBoard.framework/
2026-06-03T08:46:47.5457800Z x iPhoneOS16.5.sdk/System/Library/PrivateFrameworks/BaseBoard.framework/BaseBoard.tbd
2026-06-03T08:46:47.5458460Z x iPhoneOS16.5.sdk/System/Library/PrivateFrameworks/ActivityAwardsClient.framework/
2026-06-03T08:46:47.5459750Z x iPhoneOS16.5.sdk/System/Library/PrivateFrameworks/ActivityAwardsClient.framework/ActivityAwardsClient.tbd
2026-06-03T08:46:47.5460010Z x iPhoneOS16.5.sdk/System/Library/PrivateFrameworks/ProactiveHarvesting.framework/
2026-06-03T08:46:47.5460750Z x iPhoneOS16.5.sdk/System/Library/PrivateFrameworks/ProactiveHarvesting.framework/ProactiveHarvesting.tbd
2026-06-03T08:46:47.5461190Z x iPhoneOS16.5.sdk/System/Library/PrivateFrameworks/MilAneflow.framework/
2026-06-03T08:46:47.5461950Z x iPhoneOS16.5.sdk/System/Library/PrivateFrameworks/MilAneflow.framework/MilAneflow.tbd
2026-06-03T08:46:47.5462590Z x iPhoneOS16.5.sdk/System/Library/PrivateFrameworks/MediaAnalysisServices.framework/
2026-06-03T08:46:47.5468930Z x iPhoneOS16.5.sdk/System/Library/PrivateFrameworks/MediaAnalysisServices.framework/MediaAnalysisServices.tbd
2026-06-03T08:46:47.5469450Z x iPhoneOS16.5.sdk/System/Library/PrivateFrameworks/PowerlogLiteOperators.framework/
2026-06-03T08:46:47.5489720Z x iPhoneOS16.5.sdk/System/Library/PrivateFrameworks/PowerlogLiteOperators.framework/PowerlogLiteOperators.tbd
2026-06-03T08:46:47.5489950Z x iPhoneOS16.5.sdk/System/Library/PrivateFrameworks/IMCore.framework/
2026-06-03T08:46:47.5496240Z x iPhoneOS16.5.sdk/System/Library/PrivateFrameworks/IMCore.framework/IMCore.tbd
2026-06-03T08:46:47.5496750Z x iPhoneOS16.5.sdk/System/Library/PrivateFrameworks/NewsServices.framework/
2026-06-03T08:46:47.5498650Z x iPhoneOS16.5.sdk/System/Library/PrivateFrameworks/NewsServices.framework/NewsServices.tbd
2026-06-03T08:46:47.5498940Z x iPhoneOS16.5.sdk/System/Library/PrivateFrameworks/NanoMusicSync.framework/
2026-06-03T08:46:47.5499700Z x iPhoneOS16.5.sdk/System/Library/PrivateFrameworks/NanoMusicSync.framework/NanoMusicSync.tbd
2026-06-03T08:46:47.5500050Z x iPhoneOS16.5.sdk/System/Library/PrivateFrameworks/TVUIKit.framework/
2026-06-03T08:46:47.5501550Z x iPhoneOS16.5.sdk/System/Library/PrivateFrameworks/TVUIKit.framework/TVUIKit.tbd
2026-06-03T08:46:47.5501910Z x iPhoneOS16.5.sdk/System/Library/PrivateFrameworks/MediaStream.framework/
2026-06-03T08:46:47.5502810Z x iPhoneOS16.5.sdk/System/Library/PrivateFrameworks/MediaStream.framework/MediaStream.tbd
2026-06-03T08:46:47.5503240Z x iPhoneOS16.5.sdk/System/Library/PrivateFrameworks/BoardServices.framework/
2026-06-03T08:46:47.5508340Z x iPhoneOS16.5.sdk/System/Library/PrivateFrameworks/BoardServices.framework/BoardServices.tbd
2026-06-03T08:46:47.5509240Z x iPhoneOS16.5.sdk/System/Library/PrivateFrameworks/Haptics.framework/
2026-06-03T08:46:47.5510480Z x iPhoneOS16.5.sdk/System/Library/PrivateFrameworks/Haptics.framework/Haptics.tbd
2026-06-03T08:46:47.5511170Z x iPhoneOS16.5.sdk/System/Library/PrivateFrameworks/CARP.framework/
2026-06-03T08:46:47.5513720Z x iPhoneOS16.5.sdk/System/Library/PrivateFrameworks/CARP.framework/CARP.tbd
2026-06-03T08:46:47.5514030Z x iPhoneOS16.5.sdk/System/Library/PrivateFrameworks/InternationalTextSearch.framework/
2026-06-03T08:46:47.5515230Z x iPhoneOS16.5.sdk/System/Library/PrivateFrameworks/InternationalTextSearch.framework/InternationalTextSearch.tbd
2026-06-03T08:46:47.5515570Z x iPhoneOS16.5.sdk/System/Library/PrivateFrameworks/AssertionServices.framework/
2026-06-03T08:46:47.5517040Z x iPhoneOS16.5.sdk/System/Library/PrivateFrameworks/AssertionServices.framework/AssertionServices.tbd
2026-06-03T08:46:47.5517330Z x iPhoneOS16.5.sdk/System/Library/PrivateFrameworks/FTServices.framework/
2026-06-03T08:46:47.5518570Z x iPhoneOS16.5.sdk/System/Library/PrivateFrameworks/FTServices.framework/FTServices.tbd
2026-06-03T08:46:47.5518900Z x iPhoneOS16.5.sdk/System/Library/PrivateFrameworks/MigrationKit.framework/
2026-06-03T08:46:47.5520860Z x iPhoneOS16.5.sdk/System/Library/PrivateFrameworks/MigrationKit.framework/MigrationKit.tbd
2026-06-03T08:46:47.5521480Z x iPhoneOS16.5.sdk/System/Library/PrivateFrameworks/ReminderKitUI.framework/
2026-06-03T08:46:47.5522480Z x iPhoneOS16.5.sdk/System/Library/PrivateFrameworks/ReminderKitUI.framework/ReminderKitUI.tbd
2026-06-03T08:46:47.5522960Z x iPhoneOS16.5.sdk/System/Library/PrivateFrameworks/BacklightServices.framework/
2026-06-03T08:46:47.5528370Z x iPhoneOS16.5.sdk/System/Library/PrivateFrameworks/BacklightServices.framework/BacklightServices.tbd
2026-06-03T08:46:47.5528770Z x iPhoneOS16.5.sdk/System/Library/PrivateFrameworks/CPAnalytics.framework/
2026-06-03T08:46:47.5529710Z x iPhoneOS16.5.sdk/System/Library/PrivateFrameworks/CPAnalytics.framework/CPAnalytics.tbd
2026-06-03T08:46:47.5530200Z x iPhoneOS16.5.sdk/System/Library/PrivateFrameworks/FilesActionsUI.framework/
2026-06-03T08:46:47.5531710Z x iPhoneOS16.5.sdk/System/Library/PrivateFrameworks/FilesActionsUI.framework/FilesActionsUI.tbd
2026-06-03T08:46:47.5532220Z x iPhoneOS16.5.sdk/System/Library/PrivateFrameworks/MessageLegacy.framework/
2026-06-03T08:46:47.5532730Z x iPhoneOS16.5.sdk/System/Library/PrivateFrameworks/MessageLegacy.framework/MailServices/
2026-06-03T08:46:47.5533240Z x iPhoneOS16.5.sdk/System/Library/PrivateFrameworks/MessageLegacy.framework/MailServices/IMAP.framework/
2026-06-03T08:46:47.5534280Z x iPhoneOS16.5.sdk/System/Library/PrivateFrameworks/MessageLegacy.framework/MailServices/IMAP.framework/IMAP.tbd
2026-06-03T08:46:47.5539440Z x iPhoneOS16.5.sdk/System/Library/PrivateFrameworks/MessageLegacy.framework/MessageLegacy.tbd
2026-06-03T08:46:47.5539770Z x iPhoneOS16.5.sdk/System/Library/PrivateFrameworks/SnippetUI.framework/
2026-06-03T08:46:47.5540780Z x iPhoneOS16.5.sdk/System/Library/PrivateFrameworks/SnippetUI.framework/SnippetUI.tbd
2026-06-03T08:46:47.5541020Z x iPhoneOS16.5.sdk/System/Library/PrivateFrameworks/RemoteStateDumpKit.framework/
2026-06-03T08:46:47.5542390Z x iPhoneOS16.5.sdk/System/Library/PrivateFrameworks/RemoteStateDumpKit.framework/RemoteStateDumpKit.tbd
2026-06-03T08:46:47.5542540Z x iPhoneOS16.5.sdk/System/Library/PrivateFrameworks/LiveFS.framework/
2026-06-03T08:46:47.5543370Z x iPhoneOS16.5.sdk/System/Library/PrivateFrameworks/LiveFS.framework/LiveFS.tbd
2026-06-03T08:46:47.5543700Z x iPhoneOS16.5.sdk/System/Library/PrivateFrameworks/RespiratoryHealthDaemon.framework/
2026-06-03T08:46:47.5544750Z x iPhoneOS16.5.sdk/System/Library/PrivateFrameworks/RespiratoryHealthDaemon.framework/RespiratoryHealthDaemon.tbd
2026-06-03T08:46:47.5544980Z x iPhoneOS16.5.sdk/System/Library/PrivateFrameworks/PosterKit.framework/
2026-06-03T08:46:47.5553180Z x iPhoneOS16.5.sdk/System/Library/PrivateFrameworks/PosterKit.framework/PosterKit.tbd
2026-06-03T08:46:47.5553550Z x iPhoneOS16.5.sdk/System/Library/PrivateFrameworks/SiriModes.framework/
2026-06-03T08:46:47.5554790Z x iPhoneOS16.5.sdk/System/Library/PrivateFrameworks/SiriModes.framework/SiriModes.tbd
2026-06-03T08:46:47.5555040Z x iPhoneOS16.5.sdk/System/Library/PrivateFrameworks/WebApp.framework/
2026-06-03T08:46:47.5558870Z x iPhoneOS16.5.sdk/System/Library/PrivateFrameworks/WebApp.framework/WebApp.tbd
2026-06-03T08:46:47.5559150Z x iPhoneOS16.5.sdk/System/Library/PrivateFrameworks/SiriPrivateLearningAnalytics.framework/
2026-06-03T08:46:47.5560870Z x iPhoneOS16.5.sdk/System/Library/PrivateFrameworks/SiriPrivateLearningAnalytics.framework/SiriPrivateLearningAnalytics.tbd
2026-06-03T08:46:47.5561100Z x iPhoneOS16.5.sdk/System/Library/PrivateFrameworks/MetalTools.framework/
2026-06-03T08:46:47.5568300Z x iPhoneOS16.5.sdk/System/Library/PrivateFrameworks/MetalTools.framework/MetalTools.tbd
2026-06-03T08:46:47.5568550Z x iPhoneOS16.5.sdk/System/Library/PrivateFrameworks/SiriMessageBus.framework/
2026-06-03T08:46:47.5568830Z x iPhoneOS16.5.sdk/System/Library/PrivateFrameworks/SiriMessageBus.framework/SiriMessageBus.tbd
2026-06-03T08:46:47.5569180Z x iPhoneOS16.5.sdk/System/Library/PrivateFrameworks/ContactsAssistantServices.framework/
2026-06-03T08:46:47.5569550Z x iPhoneOS16.5.sdk/System/Library/PrivateFrameworks/ContactsAssistantServices.framework/ContactsAssistantServices.tbd
2026-06-03T08:46:47.5569800Z x iPhoneOS16.5.sdk/System/Library/PrivateFrameworks/AXSoundDetectionUI.framework/
2026-06-03T08:46:47.5570560Z x iPhoneOS16.5.sdk/System/Library/PrivateFrameworks/AXSoundDetectionUI.framework/AXSoundDetectionUI.tbd
2026-06-03T08:46:47.5570820Z x iPhoneOS16.5.sdk/System/Library/PrivateFrameworks/AddressBookLegacy.framework/
2026-06-03T08:46:47.5577470Z x iPhoneOS16.5.sdk/System/Library/PrivateFrameworks/AddressBookLegacy.framework/AddressBookLegacy.tbd
2026-06-03T08:46:47.5577890Z x iPhoneOS16.5.sdk/System/Library/PrivateFrameworks/CloudSubscriptionFeatures.framework/
2026-06-03T08:46:47.5578270Z x iPhoneOS16.5.sdk/System/Library/PrivateFrameworks/CloudSubscriptionFeatures.framework/CloudSubscriptionFeatures.tbd
2026-06-03T08:46:47.5578690Z x iPhoneOS16.5.sdk/System/Library/PrivateFrameworks/PowerlogHelperdOperators.framework/
2026-06-03T08:46:47.5584580Z x iPhoneOS16.5.sdk/System/Library/PrivateFrameworks/PowerlogHelperdOperators.framework/PowerlogHelperdOperators.tbd
2026-06-03T08:46:47.5584940Z x iPhoneOS16.5.sdk/System/Library/PrivateFrameworks/TipsUI2.framework/
2026-06-03T08:46:47.5586450Z x iPhoneOS16.5.sdk/System/Library/PrivateFrameworks/TipsUI2.framework/TipsUI2.tbd
2026-06-03T08:46:47.5586810Z x iPhoneOS16.5.sdk/System/Library/PrivateFrameworks/CoreHAP.framework/
2026-06-03T08:46:47.5610500Z x iPhoneOS16.5.sdk/System/Library/PrivateFrameworks/CoreHAP.framework/CoreHAP.tbd
2026-06-03T08:46:47.5614350Z x iPhoneOS16.5.sdk/System/Library/PrivateFrameworks/StatusKitAgentCore.framework/
2026-06-03T08:46:47.5614680Z x iPhoneOS16.5.sdk/System/Library/PrivateFrameworks/StatusKitAgentCore.framework/StatusKitAgentCore.tbd
2026-06-03T08:46:47.5614900Z x iPhoneOS16.5.sdk/System/Library/PrivateFrameworks/SessionCore.framework/
2026-06-03T08:46:47.5615160Z x iPhoneOS16.5.sdk/System/Library/PrivateFrameworks/SessionCore.framework/SessionCore.tbd
2026-06-03T08:46:47.5617010Z x iPhoneOS16.5.sdk/System/Library/PrivateFrameworks/ASOctaneSupport.framework/
2026-06-03T08:46:47.5618240Z x iPhoneOS16.5.sdk/System/Library/PrivateFrameworks/ASOctaneSupport.framework/ASOctaneSupport.tbd
2026-06-03T08:46:47.5618530Z x iPhoneOS16.5.sdk/System/Library/PrivateFrameworks/ContinuousDialogManagerService.framework/
2026-06-03T08:46:47.5618940Z x iPhoneOS16.5.sdk/System/Library/PrivateFrameworks/ContinuousDialogManagerService.framework/ContinuousDialogManagerService.tbd
2026-06-03T08:46:47.5619170Z x iPhoneOS16.5.sdk/System/Library/PrivateFrameworks/IDSFoundation.framework/
2026-06-03T08:46:47.5630780Z x iPhoneOS16.5.sdk/System/Library/PrivateFrameworks/IDSFoundation.framework/IDSFoundation.tbd
2026-06-03T08:46:47.5631360Z x iPhoneOS16.5.sdk/System/Library/PrivateFrameworks/ContextualActionsClient.framework/
2026-06-03T08:46:47.5632440Z x iPhoneOS16.5.sdk/System/Library/PrivateFrameworks/ContextualActionsClient.framework/ContextualActionsClient.tbd
2026-06-03T08:46:47.5632860Z x iPhoneOS16.5.sdk/System/Library/PrivateFrameworks/SlideshowKit.framework/
2026-06-03T08:46:47.5633430Z x iPhoneOS16.5.sdk/System/Library/PrivateFrameworks/SlideshowKit.framework/Frameworks/
2026-06-03T08:46:47.5634060Z x iPhoneOS16.5.sdk/System/Library/PrivateFrameworks/SlideshowKit.framework/Frameworks/OpusKit.framework/
2026-06-03T08:46:47.5639090Z x iPhoneOS16.5.sdk/System/Library/PrivateFrameworks/SlideshowKit.framework/Frameworks/OpusKit.framework/OpusKit.tbd
2026-06-03T08:46:47.5639640Z x iPhoneOS16.5.sdk/System/Library/PrivateFrameworks/SlideshowKit.framework/Frameworks/OpusFoundation.framework/
2026-06-03T08:46:47.5680060Z x iPhoneOS16.5.sdk/System/Library/PrivateFrameworks/SlideshowKit.framework/Frameworks/OpusFoundation.framework/OpusFoundation.tbd
2026-06-03T08:46:47.5681040Z x iPhoneOS16.5.sdk/System/Library/PrivateFrameworks/SlideshowKit.framework/SlideshowKit.tbd
2026-06-03T08:46:47.5681290Z x iPhoneOS16.5.sdk/System/Library/PrivateFrameworks/TipsCore2.framework/
2026-06-03T08:46:47.5681550Z x iPhoneOS16.5.sdk/System/Library/PrivateFrameworks/TipsCore2.framework/TipsCore2.tbd
2026-06-03T08:46:47.5681860Z x iPhoneOS16.5.sdk/System/Library/PrivateFrameworks/ProactiveInputPredictionsInternals.framework/
2026-06-03T08:46:47.5683920Z x iPhoneOS16.5.sdk/System/Library/PrivateFrameworks/ProactiveInputPredictionsInternals.framework/ProactiveInputPredictionsInternals.tbd
2026-06-03T08:46:47.5684620Z x iPhoneOS16.5.sdk/System/Library/PrivateFrameworks/NewsAnalytics.framework/
2026-06-03T08:46:47.5686100Z x iPhoneOS16.5.sdk/System/Library/PrivateFrameworks/NewsAnalytics.framework/NewsAnalytics.tbd
2026-06-03T08:46:47.5686860Z x iPhoneOS16.5.sdk/System/Library/PrivateFrameworks/SiriAnalytics.framework/
2026-06-03T08:46:47.5688680Z x iPhoneOS16.5.sdk/System/Library/PrivateFrameworks/SiriAnalytics.framework/SiriAnalytics.tbd
2026-06-03T08:46:47.5689130Z x iPhoneOS16.5.sdk/System/Library/PrivateFrameworks/DiagnosticLogCollection.framework/
2026-06-03T08:46:47.5689490Z x iPhoneOS16.5.sdk/System/Library/PrivateFrameworks/DiagnosticLogCollection.framework/DiagnosticLogCollection.tbd
2026-06-03T08:46:47.5689730Z x iPhoneOS16.5.sdk/System/Library/PrivateFrameworks/IXATestAppRelay.framework/
2026-06-03T08:46:47.5690060Z x iPhoneOS16.5.sdk/System/Library/PrivateFrameworks/IXATestAppRelay.framework/IXATestAppRelay.tbd
2026-06-03T08:46:47.5690430Z x iPhoneOS16.5.sdk/System/Library/PrivateFrameworks/NLPLearner.framework/
2026-06-03T08:46:47.5690690Z x iPhoneOS16.5.sdk/System/Library/PrivateFrameworks/NLPLearner.framework/NLPLearner.tbd
2026-06-03T08:46:47.5690920Z x iPhoneOS16.5.sdk/System/Library/PrivateFrameworks/PencilPairingUI.framework/
2026-06-03T08:46:47.5691210Z x iPhoneOS16.5.sdk/System/Library/PrivateFrameworks/PencilPairingUI.framework/PencilPairingUI.tbd
2026-06-03T08:46:47.5691440Z x iPhoneOS16.5.sdk/System/Library/PrivateFrameworks/DiagnosticRequest.framework/
2026-06-03T08:46:47.5691740Z x iPhoneOS16.5.sdk/System/Library/PrivateFrameworks/DiagnosticRequest.framework/DiagnosticRequest.tbd
2026-06-03T08:46:47.5691980Z x iPhoneOS16.5.sdk/System/Library/PrivateFrameworks/BusinessServices.framework/
2026-06-03T08:46:47.5692270Z x iPhoneOS16.5.sdk/System/Library/PrivateFrameworks/BusinessServices.framework/BusinessServices.tbd
2026-06-03T08:46:47.5694050Z x iPhoneOS16.5.sdk/System/Library/PrivateFrameworks/SiriTranslationIntents.framework/
2026-06-03T08:46:47.5696670Z x iPhoneOS16.5.sdk/System/Library/PrivateFrameworks/SiriTranslationIntents.framework/SiriTranslationIntents.tbd
2026-06-03T08:46:47.5697470Z x iPhoneOS16.5.sdk/System/Library/PrivateFrameworks/SMBClientProvider.framework/
2026-06-03T08:46:47.5698550Z x iPhoneOS16.5.sdk/System/Library/PrivateFrameworks/SMBClientProvider.framework/SMBClientProvider.tbd
2026-06-03T08:46:47.5699170Z x iPhoneOS16.5.sdk/System/Library/PrivateFrameworks/ContactlessReaderUI.framework/
2026-06-03T08:46:47.5700680Z x iPhoneOS16.5.sdk/System/Library/PrivateFrameworks/ContactlessReaderUI.framework/ContactlessReaderUI.tbd
2026-06-03T08:46:47.5701310Z x iPhoneOS16.5.sdk/System/Library/PrivateFrameworks/EnhancedLoggingState.framework/
2026-06-03T08:46:47.5702120Z x iPhoneOS16.5.sdk/System/Library/PrivateFrameworks/EnhancedLoggingState.framework/EnhancedLoggingState.tbd
2026-06-03T08:46:47.5706170Z x iPhoneOS16.5.sdk/System/Library/PrivateFrameworks/HomeKitMatter.framework/
2026-06-03T08:46:47.5707380Z x iPhoneOS16.5.sdk/System/Library/PrivateFrameworks/HomeKitMatter.framework/HomeKitMatter.tbd
2026-06-03T08:46:47.5708000Z x iPhoneOS16.5.sdk/System/Library/PrivateFrameworks/LinguisticData.framework/
2026-06-03T08:46:47.5708710Z x iPhoneOS16.5.sdk/System/Library/PrivateFrameworks/LinguisticData.framework/LinguisticData.tbd
2026-06-03T08:46:47.5709230Z x iPhoneOS16.5.sdk/System/Library/PrivateFrameworks/QueryParser.framework/
2026-06-03T08:46:47.5709880Z x iPhoneOS16.5.sdk/System/Library/PrivateFrameworks/QueryParser.framework/QueryParser.tbd
2026-06-03T08:46:47.5710380Z x iPhoneOS16.5.sdk/System/Library/PrivateFrameworks/RemoteUI.framework/
2026-06-03T08:46:47.5710970Z x iPhoneOS16.5.sdk/System/Library/PrivateFrameworks/RemoteUI.framework/RemoteUI.tbd
2026-06-03T08:46:47.5711480Z x iPhoneOS16.5.sdk/System/Library/PrivateFrameworks/WebSheet.framework/
2026-06-03T08:46:47.5713140Z x iPhoneOS16.5.sdk/System/Library/PrivateFrameworks/WebSheet.framework/WebSheet.tbd
2026-06-03T08:46:47.5713710Z x iPhoneOS16.5.sdk/System/Library/PrivateFrameworks/HMFoundation.framework/
2026-06-03T08:46:47.5714390Z x iPhoneOS16.5.sdk/System/Library/PrivateFrameworks/HMFoundation.framework/HMFoundation.tbd
2026-06-03T08:46:47.5715240Z x iPhoneOS16.5.sdk/System/Library/PrivateFrameworks/PridePoster.framework/
2026-06-03T08:46:47.5720080Z x iPhoneOS16.5.sdk/System/Library/PrivateFrameworks/PridePoster.framework/PridePoster.tbd
2026-06-03T08:46:47.5721120Z x iPhoneOS16.5.sdk/System/Library/PrivateFrameworks/QLCharts.framework/
2026-06-03T08:46:47.5721990Z x iPhoneOS16.5.sdk/System/Library/PrivateFrameworks/QLCharts.framework/QLCharts.tbd
2026-06-03T08:46:47.5722240Z x iPhoneOS16.5.sdk/System/Library/PrivateFrameworks/ASEProcessing.framework/
2026-06-03T08:46:47.5722570Z x iPhoneOS16.5.sdk/System/Library/PrivateFrameworks/ASEProcessing.framework/ASEProcessing.tbd
2026-06-03T08:46:47.5722790Z x iPhoneOS16.5.sdk/System/Library/PrivateFrameworks/PodcastsKit.framework/
2026-06-03T08:46:47.5723060Z x iPhoneOS16.5.sdk/System/Library/PrivateFrameworks/PodcastsKit.framework/PodcastsKit.tbd
2026-06-03T08:46:47.5723510Z x iPhoneOS16.5.sdk/System/Library/PrivateFrameworks/NotesAnalytics.framework/
2026-06-03T08:46:47.5728730Z x iPhoneOS16.5.sdk/System/Library/PrivateFrameworks/NotesAnalytics.framework/NotesAnalytics.tbd
2026-06-03T08:46:47.5729550Z x iPhoneOS16.5.sdk/System/Library/PrivateFrameworks/SearchFoundation.framework/
2026-06-03T08:46:47.5751580Z x iPhoneOS16.5.sdk/System/Library/PrivateFrameworks/SearchFoundation.framework/SearchFoundation.tbd
2026-06-03T08:46:47.5751840Z x iPhoneOS16.5.sdk/System/Library/PrivateFrameworks/DictionaryUI.framework/
2026-06-03T08:46:47.5759340Z x iPhoneOS16.5.sdk/System/Library/PrivateFrameworks/DictionaryUI.framework/DictionaryUI.tbd
2026-06-03T08:46:47.5759620Z x iPhoneOS16.5.sdk/System/Library/PrivateFrameworks/MSUDataAccessor.framework/
2026-06-03T08:46:47.5759920Z x iPhoneOS16.5.sdk/System/Library/PrivateFrameworks/MSUDataAccessor.framework/MSUDataAccessor.tbd
2026-06-03T08:46:47.5760360Z x iPhoneOS16.5.sdk/System/Library/PrivateFrameworks/SafariCore.framework/
2026-06-03T08:46:47.5771740Z x iPhoneOS16.5.sdk/System/Library/PrivateFrameworks/SafariCore.framework/SafariCore.tbd
2026-06-03T08:46:47.5779390Z x iPhoneOS16.5.sdk/System/Library/PrivateFrameworks/CoreAnalytics.framework/
2026-06-03T08:46:47.5784300Z x iPhoneOS16.5.sdk/System/Library/PrivateFrameworks/CoreAnalytics.framework/CoreAnalytics.tbd
2026-06-03T08:46:47.5784550Z x iPhoneOS16.5.sdk/System/Library/PrivateFrameworks/AUSettings.framework/
2026-06-03T08:46:47.5787300Z x iPhoneOS16.5.sdk/System/Library/PrivateFrameworks/AUSettings.framework/AUSettings.tbd
2026-06-03T08:46:47.5787910Z x iPhoneOS16.5.sdk/System/Library/PrivateFrameworks/IOAccelMemoryInfo.framework/
2026-06-03T08:46:47.5795560Z x iPhoneOS16.5.sdk/System/Library/PrivateFrameworks/IOAccelMemoryInfo.framework/IOAccelMemoryInfo.tbd
2026-06-03T08:46:47.5796120Z x iPhoneOS16.5.sdk/System/Library/PrivateFrameworks/HangTracer.framework/
2026-06-03T08:46:47.5796500Z x iPhoneOS16.5.sdk/System/Library/PrivateFrameworks/HangTracer.framework/HangTracer.tbd
2026-06-03T08:46:47.5797020Z x iPhoneOS16.5.sdk/System/Library/PrivateFrameworks/SpringBoardUI.framework/
2026-06-03T08:46:47.5800670Z x iPhoneOS16.5.sdk/System/Library/PrivateFrameworks/SpringBoardUI.framework/SpringBoardUI.tbd
2026-06-03T08:46:47.5801330Z x iPhoneOS16.5.sdk/System/Library/PrivateFrameworks/RevealCore.framework/
2026-06-03T08:46:47.5802530Z x iPhoneOS16.5.sdk/System/Library/PrivateFrameworks/RevealCore.framework/RevealCore.tbd
2026-06-03T08:46:47.5802870Z x iPhoneOS16.5.sdk/System/Library/PrivateFrameworks/PaymentUI.framework/
2026-06-03T08:46:47.5804290Z x iPhoneOS16.5.sdk/System/Library/PrivateFrameworks/PaymentUI.framework/PaymentUI.tbd
2026-06-03T08:46:47.5804580Z x iPhoneOS16.5.sdk/System/Library/PrivateFrameworks/BacklightUIServices.framework/
2026-06-03T08:46:47.5806010Z x iPhoneOS16.5.sdk/System/Library/PrivateFrameworks/BacklightUIServices.framework/BacklightUIServices.tbd
2026-06-03T08:46:47.5806430Z x iPhoneOS16.5.sdk/System/Library/PrivateFrameworks/AppleIDSSOAuthentication.framework/
2026-06-03T08:46:47.5808060Z x iPhoneOS16.5.sdk/System/Library/PrivateFrameworks/AppleIDSSOAuthentication.framework/AppleIDSSOAuthentication.tbd
2026-06-03T08:46:47.5808320Z x iPhoneOS16.5.sdk/System/Library/PrivateFrameworks/AppStoreOverlays.framework/
2026-06-03T08:46:47.5809340Z x iPhoneOS16.5.sdk/System/Library/PrivateFrameworks/AppStoreOverlays.framework/AppStoreOverlays.tbd
2026-06-03T08:46:47.5809700Z x iPhoneOS16.5.sdk/System/Library/PrivateFrameworks/AOPHaptics.framework/
2026-06-03T08:46:47.5810940Z x iPhoneOS16.5.sdk/System/Library/PrivateFrameworks/AOPHaptics.framework/AOPHaptics.tbd
2026-06-03T08:46:47.5811310Z x iPhoneOS16.5.sdk/System/Library/PrivateFrameworks/AppStoreKit.framework/
2026-06-03T08:46:47.5812300Z x iPhoneOS16.5.sdk/System/Library/PrivateFrameworks/AppStoreKit.framework/AppStoreKit.tbd
2026-06-03T08:46:47.5812520Z x iPhoneOS16.5.sdk/System/Library/PrivateFrameworks/SDAPI.framework/
2026-06-03T08:46:47.5813950Z x iPhoneOS16.5.sdk/System/Library/PrivateFrameworks/SDAPI.framework/SDAPI.tbd
2026-06-03T08:46:47.5814540Z x iPhoneOS16.5.sdk/System/Library/PrivateFrameworks/PrototypeToolsUI.framework/
2026-06-03T08:46:47.5815320Z x iPhoneOS16.5.sdk/System/Library/PrivateFrameworks/PrototypeToolsUI.framework/PrototypeToolsUI.tbd
2026-06-03T08:46:47.5815560Z x iPhoneOS16.5.sdk/System/Library/PrivateFrameworks/MetricKitSource.framework/
2026-06-03T08:46:47.5816330Z x iPhoneOS16.5.sdk/System/Library/PrivateFrameworks/MetricKitSource.framework/MetricKitSource.tbd
2026-06-03T08:46:47.5816570Z x iPhoneOS16.5.sdk/System/Library/PrivateFrameworks/HAENotifications.framework/
2026-06-03T08:46:47.5824690Z x iPhoneOS16.5.sdk/System/Library/PrivateFrameworks/HAENotifications.framework/HAENotifications.tbd
2026-06-03T08:46:47.5824970Z x iPhoneOS16.5.sdk/System/Library/PrivateFrameworks/PreviewsOSSupportUI.framework/
2026-06-03T08:46:47.5825290Z x iPhoneOS16.5.sdk/System/Library/PrivateFrameworks/PreviewsOSSupportUI.framework/PreviewsOSSupportUI.tbd
2026-06-03T08:46:47.5825510Z x iPhoneOS16.5.sdk/System/Library/PrivateFrameworks/AppleAccount.framework/
2026-06-03T08:46:47.5828800Z x iPhoneOS16.5.sdk/System/Library/PrivateFrameworks/AppleAccount.framework/AppleAccount.tbd
2026-06-03T08:46:47.5829370Z x iPhoneOS16.5.sdk/System/Library/PrivateFrameworks/_MusicKitInternal_MediaPlaybackCore.framework/
2026-06-03T08:46:47.5830590Z x iPhoneOS16.5.sdk/System/Library/PrivateFrameworks/_MusicKitInternal_MediaPlaybackCore.framework/_MusicKitInternal_MediaPlaybackCore.tbd
2026-06-03T08:46:47.5830920Z x iPhoneOS16.5.sdk/System/Library/PrivateFrameworks/EAP8021X.framework/
2026-06-03T08:46:47.5832070Z x iPhoneOS16.5.sdk/System/Library/PrivateFrameworks/EAP8021X.framework/EAP8021X.tbd
2026-06-03T08:46:47.5838420Z x iPhoneOS16.5.sdk/System/Library/PrivateFrameworks/WatchdogClient.framework/
2026-06-03T08:46:47.5838730Z x iPhoneOS16.5.sdk/System/Library/PrivateFrameworks/WatchdogClient.framework/WatchdogClient.tbd
2026-06-03T08:46:47.5838970Z x iPhoneOS16.5.sdk/System/Library/PrivateFrameworks/SpeakThisServices.framework/
2026-06-03T08:46:47.5839660Z x iPhoneOS16.5.sdk/System/Library/PrivateFrameworks/SpeakThisServices.framework/SpeakThisServices.tbd
2026-06-03T08:46:47.5840400Z x iPhoneOS16.5.sdk/System/Library/PrivateFrameworks/GeoServices.framework/
2026-06-03T08:46:47.5889940Z x iPhoneOS16.5.sdk/System/Library/PrivateFrameworks/GeoServices.framework/GeoServices.tbd
2026-06-03T08:46:47.5890260Z x iPhoneOS16.5.sdk/System/Library/PrivateFrameworks/PhotosensitivityProcessing.framework/
2026-06-03T08:46:47.5891100Z x iPhoneOS16.5.sdk/System/Library/PrivateFrameworks/PhotosensitivityProcessing.framework/PhotosensitivityProcessing.tbd
2026-06-03T08:46:47.5922370Z x iPhoneOS16.5.sdk/System/Library/PrivateFrameworks/BiomeFlexibleStorage.framework/
2026-06-03T08:46:47.5924120Z x iPhoneOS16.5.sdk/System/Library/PrivateFrameworks/BiomeFlexibleStorage.framework/BiomeFlexibleStorage.tbd
2026-06-03T08:46:47.5924490Z x iPhoneOS16.5.sdk/System/Library/PrivateFrameworks/Announce.framework/
2026-06-03T08:46:47.5924890Z x iPhoneOS16.5.sdk/System/Library/PrivateFrameworks/Announce.framework/Announce.tbd
2026-06-03T08:46:47.5925300Z x iPhoneOS16.5.sdk/System/Library/PrivateFrameworks/AccessoryMediaLibrary.framework/
2026-06-03T08:46:47.5926000Z x iPhoneOS16.5.sdk/System/Library/PrivateFrameworks/AccessoryMediaLibrary.framework/AccessoryMediaLibrary.tbd
2026-06-03T08:46:47.5926250Z x iPhoneOS16.5.sdk/System/Library/PrivateFrameworks/ManagedSettingsObjC.framework/
2026-06-03T08:46:47.5927240Z x iPhoneOS16.5.sdk/System/Library/PrivateFrameworks/ManagedSettingsObjC.framework/ManagedSettingsObjC.tbd
2026-06-03T08:46:47.5927470Z x iPhoneOS16.5.sdk/System/Library/PrivateFrameworks/PegasusKit.framework/
2026-06-03T08:46:47.5927720Z x iPhoneOS16.5.sdk/System/Library/PrivateFrameworks/PegasusKit.framework/PegasusKit.tbd
2026-06-03T08:46:47.5927940Z x iPhoneOS16.5.sdk/System/Library/PrivateFrameworks/SampleAnalysis.framework/
2026-06-03T08:46:47.5928220Z x iPhoneOS16.5.sdk/System/Library/PrivateFrameworks/SampleAnalysis.framework/SampleAnalysis.tbd
2026-06-03T08:46:47.5928550Z x iPhoneOS16.5.sdk/System/Library/PrivateFrameworks/ProVideo.framework/
2026-06-03T08:46:47.5928790Z x iPhoneOS16.5.sdk/System/Library/PrivateFrameworks/ProVideo.framework/ProVideo.tbd
2026-06-03T08:46:47.5928980Z x iPhoneOS16.5.sdk/System/Library/PrivateFrameworks/Stocks.framework/
2026-06-03T08:46:47.5929350Z x iPhoneOS16.5.sdk/System/Library/PrivateFrameworks/Stocks.framework/Stocks.tbd
2026-06-03T08:46:47.5929740Z x iPhoneOS16.5.sdk/System/Library/PrivateFrameworks/BulletinDistributorCompanion.framework/
2026-06-03T08:46:47.5930600Z x iPhoneOS16.5.sdk/System/Library/PrivateFrameworks/BulletinDistributorCompanion.framework/BulletinDistributorCompanion.tbd
2026-06-03T08:46:47.5930790Z x iPhoneOS16.5.sdk/System/Library/PrivateFrameworks/Osprey.framework/
2026-06-03T08:46:47.5931190Z x iPhoneOS16.5.sdk/System/Library/PrivateFrameworks/Osprey.framework/Osprey.tbd
2026-06-03T08:46:47.5931540Z x iPhoneOS16.5.sdk/System/Library/PrivateFrameworks/RemindersUICore.framework/
2026-06-03T08:46:47.5931990Z x iPhoneOS16.5.sdk/System/Library/PrivateFrameworks/RemindersUICore.framework/RemindersUICore.tbd
2026-06-03T08:46:47.5932340Z x iPhoneOS16.5.sdk/System/Library/PrivateFrameworks/MPUFoundation.framework/
2026-06-03T08:46:47.5932710Z x iPhoneOS16.5.sdk/System/Library/PrivateFrameworks/MPUFoundation.framework/MPUFoundation.tbd
2026-06-03T08:46:47.5933020Z x iPhoneOS16.5.sdk/System/Library/PrivateFrameworks/NanoUniverse.framework/
2026-06-03T08:46:47.5933940Z x iPhoneOS16.5.sdk/System/Library/PrivateFrameworks/NanoUniverse.framework/NanoUniverse.tbd
2026-06-03T08:46:47.5934200Z x iPhoneOS16.5.sdk/System/Library/PrivateFrameworks/BluetoothServices.framework/
2026-06-03T08:46:47.5935190Z x iPhoneOS16.5.sdk/System/Library/PrivateFrameworks/BluetoothServices.framework/BluetoothServices.tbd
2026-06-03T08:46:47.5935570Z x iPhoneOS16.5.sdk/System/Library/PrivateFrameworks/MobileKeyBag.framework/
2026-06-03T08:46:47.5937080Z x iPhoneOS16.5.sdk/System/Library/PrivateFrameworks/MobileKeyBag.framework/MobileKeyBag.tbd
2026-06-03T08:46:47.5938180Z x iPhoneOS16.5.sdk/System/Library/PrivateFrameworks/AppPredictionUIFoundation.framework/
2026-06-03T08:46:47.5942810Z x iPhoneOS16.5.sdk/System/Library/PrivateFrameworks/AppPredictionUIFoundation.framework/AppPredictionUIFoundation.tbd
2026-06-03T08:46:47.5943200Z x iPhoneOS16.5.sdk/System/Library/PrivateFrameworks/TeaCharts.framework/
2026-06-03T08:46:47.5944270Z x iPhoneOS16.5.sdk/System/Library/PrivateFrameworks/TeaCharts.framework/TeaCharts.tbd
2026-06-03T08:46:47.5944520Z x iPhoneOS16.5.sdk/System/Library/PrivateFrameworks/DocumentCamera.framework/
2026-06-03T08:46:47.5945690Z x iPhoneOS16.5.sdk/System/Library/PrivateFrameworks/DocumentCamera.framework/DocumentCamera.tbd
2026-06-03T08:46:47.5946310Z x iPhoneOS16.5.sdk/System/Library/PrivateFrameworks/Engram.framework/
2026-06-03T08:46:47.5947680Z x iPhoneOS16.5.sdk/System/Library/PrivateFrameworks/Engram.framework/Engram.tbd
2026-06-03T08:46:47.5948160Z x iPhoneOS16.5.sdk/System/Library/PrivateFrameworks/CoreTime.framework/
2026-06-03T08:46:47.5953100Z x iPhoneOS16.5.sdk/System/Library/PrivateFrameworks/CoreTime.framework/CoreTime.tbd
2026-06-03T08:46:47.5953600Z x iPhoneOS16.5.sdk/System/Library/PrivateFrameworks/SoundScapesUtility.framework/
2026-06-03T08:46:47.5954700Z x iPhoneOS16.5.sdk/System/Library/PrivateFrameworks/SoundScapesUtility.framework/SoundScapesUtility.tbd
2026-06-03T08:46:47.5954960Z x iPhoneOS16.5.sdk/System/Library/PrivateFrameworks/DeviceToDeviceManager.framework/
2026-06-03T08:46:47.5955970Z x iPhoneOS16.5.sdk/System/Library/PrivateFrameworks/DeviceToDeviceManager.framework/DeviceToDeviceManager.tbd
2026-06-03T08:46:47.5956330Z x iPhoneOS16.5.sdk/System/Library/PrivateFrameworks/BiomeStreams.framework/
2026-06-03T08:46:47.5960800Z x iPhoneOS16.5.sdk/System/Library/PrivateFrameworks/BiomeStreams.framework/BiomeStreams.tbd
2026-06-03T08:46:47.5961410Z x iPhoneOS16.5.sdk/System/Library/PrivateFrameworks/SignpostNotification.framework/
2026-06-03T08:46:47.5966300Z x iPhoneOS16.5.sdk/System/Library/PrivateFrameworks/SignpostNotification.framework/SignpostNotification.tbd
2026-06-03T08:46:47.5966510Z x iPhoneOS16.5.sdk/System/Library/PrivateFrameworks/Bom.framework/
2026-06-03T08:46:47.5967350Z x iPhoneOS16.5.sdk/System/Library/PrivateFrameworks/Bom.framework/Bom.tbd
2026-06-03T08:46:47.5972430Z x iPhoneOS16.5.sdk/System/Library/PrivateFrameworks/AppleConvergedFirmwareUpdater.framework/
2026-06-03T08:46:47.5974800Z x iPhoneOS16.5.sdk/System/Library/PrivateFrameworks/AppleConvergedFirmwareUpdater.framework/AppleConvergedFirmwareUpdater.tbd
2026-06-03T08:46:47.5975030Z x iPhoneOS16.5.sdk/System/Library/PrivateFrameworks/iTunesStoreUI.framework/
2026-06-03T08:46:47.5980360Z x iPhoneOS16.5.sdk/System/Library/PrivateFrameworks/iTunesStoreUI.framework/iTunesStoreUI.tbd
2026-06-03T08:46:47.5980650Z x iPhoneOS16.5.sdk/System/Library/PrivateFrameworks/AppAttestInternal.framework/
2026-06-03T08:46:47.5985230Z x iPhoneOS16.5.sdk/System/Library/PrivateFrameworks/AppAttestInternal.framework/AppAttestInternal.tbd
2026-06-03T08:46:47.5985620Z x iPhoneOS16.5.sdk/System/Library/PrivateFrameworks/PeopleUIInternal.framework/
2026-06-03T08:46:47.5986620Z x iPhoneOS16.5.sdk/System/Library/PrivateFrameworks/PeopleUIInternal.framework/PeopleUIInternal.tbd
2026-06-03T08:46:47.5987060Z x iPhoneOS16.5.sdk/System/Library/PrivateFrameworks/DiskImages2.framework/
2026-06-03T08:46:47.5987960Z x iPhoneOS16.5.sdk/System/Library/PrivateFrameworks/DiskImages2.framework/DiskImages2.tbd
2026-06-03T08:46:47.5988370Z x iPhoneOS16.5.sdk/System/Library/PrivateFrameworks/ButtonResolver.framework/
2026-06-03T08:46:47.5989740Z x iPhoneOS16.5.sdk/System/Library/PrivateFrameworks/ButtonResolver.framework/ButtonResolver.tbd
2026-06-03T08:46:47.5989990Z x iPhoneOS16.5.sdk/System/Library/PrivateFrameworks/HomeDeviceSetup.framework/
2026-06-03T08:46:47.5990680Z x iPhoneOS16.5.sdk/System/Library/PrivateFrameworks/HomeDeviceSetup.framework/HomeDeviceSetup.tbd
2026-06-03T08:46:47.5991090Z x iPhoneOS16.5.sdk/System/Library/PrivateFrameworks/DistributedSensing.framework/
2026-06-03T08:46:47.5992050Z x iPhoneOS16.5.sdk/System/Library/PrivateFrameworks/DistributedSensing.framework/DistributedSensing.tbd
2026-06-03T08:46:47.5992320Z x iPhoneOS16.5.sdk/System/Library/PrivateFrameworks/VideoProcessing.framework/
2026-06-03T08:46:47.5997040Z x iPhoneOS16.5.sdk/System/Library/PrivateFrameworks/VideoProcessing.framework/VideoProcessing.tbd
2026-06-03T08:46:47.5997330Z x iPhoneOS16.5.sdk/System/Library/PrivateFrameworks/AppSupportUI.framework/
2026-06-03T08:46:47.5998680Z x iPhoneOS16.5.sdk/System/Library/PrivateFrameworks/AppSupportUI.framework/AppSupportUI.tbd
2026-06-03T08:46:47.5998930Z x iPhoneOS16.5.sdk/System/Library/PrivateFrameworks/ChronoUIServices.framework/
2026-06-03T08:46:47.5999660Z x iPhoneOS16.5.sdk/System/Library/PrivateFrameworks/ChronoUIServices.framework/ChronoUIServices.tbd
2026-06-03T08:46:47.6005720Z x iPhoneOS16.5.sdk/System/Library/PrivateFrameworks/AppleMediaServicesUI.framework/
2026-06-03T08:46:47.6007150Z x iPhoneOS16.5.sdk/System/Library/PrivateFrameworks/AppleMediaServicesUI.framework/AppleMediaServicesUI.tbd
2026-06-03T08:46:47.6007670Z x iPhoneOS16.5.sdk/System/Library/PrivateFrameworks/HealthMenstrualCyclesDaemon.framework/
2026-06-03T08:46:47.6009730Z x iPhoneOS16.5.sdk/System/Library/PrivateFrameworks/HealthMenstrualCyclesDaemon.framework/HealthMenstrualCyclesDaemon.tbd
2026-06-03T08:46:47.6010060Z x iPhoneOS16.5.sdk/System/Library/PrivateFrameworks/ConfigurationEngineModel.framework/
2026-06-03T08:46:47.6022140Z x iPhoneOS16.5.sdk/System/Library/PrivateFrameworks/ConfigurationEngineModel.framework/ConfigurationEngineModel.tbd
2026-06-03T08:46:47.6022440Z x iPhoneOS16.5.sdk/System/Library/PrivateFrameworks/HealthArticlesGeneration.framework/
2026-06-03T08:46:47.6023720Z x iPhoneOS16.5.sdk/System/Library/PrivateFrameworks/HealthArticlesGeneration.framework/HealthArticlesGeneration.tbd
2026-06-03T08:46:47.6035830Z x iPhoneOS16.5.sdk/System/Library/PrivateFrameworks/CellularBridgeUI.framework/
2026-06-03T08:46:47.6036480Z x iPhoneOS16.5.sdk/System/Library/PrivateFrameworks/CellularBridgeUI.framework/CellularBridgeUI.tbd
2026-06-03T08:46:47.6036740Z x iPhoneOS16.5.sdk/System/Library/PrivateFrameworks/CrashReporterSupport.framework/
2026-06-03T08:46:47.6037090Z x iPhoneOS16.5.sdk/System/Library/PrivateFrameworks/CrashReporterSupport.framework/CrashReporterSupport.tbd
2026-06-03T08:46:47.6037290Z x iPhoneOS16.5.sdk/System/Library/PrivateFrameworks/AppC3D.framework/
2026-06-03T08:46:47.6037530Z x iPhoneOS16.5.sdk/System/Library/PrivateFrameworks/AppC3D.framework/AppC3D.tbd
2026-06-03T08:46:47.6037790Z x iPhoneOS16.5.sdk/System/Library/PrivateFrameworks/MediaConversionService.framework/
2026-06-03T08:46:47.6038140Z x iPhoneOS16.5.sdk/System/Library/PrivateFrameworks/MediaConversionService.framework/MediaConversionService.tbd
2026-06-03T08:46:47.6038440Z x iPhoneOS16.5.sdk/System/Library/PrivateFrameworks/CBORLibrary.framework/
2026-06-03T08:46:47.6038700Z x iPhoneOS16.5.sdk/System/Library/PrivateFrameworks/CBORLibrary.framework/CBORLibrary.tbd
2026-06-03T08:46:47.6040120Z x iPhoneOS16.5.sdk/System/Library/PrivateFrameworks/InternalSwiftProtobuf.framework/
2026-06-03T08:46:47.6040490Z x iPhoneOS16.5.sdk/System/Library/PrivateFrameworks/InternalSwiftProtobuf.framework/InternalSwiftProtobuf.tbd
2026-06-03T08:46:47.6040730Z x iPhoneOS16.5.sdk/System/Library/PrivateFrameworks/PairingProximity.framework/
2026-06-03T08:46:47.6041070Z x iPhoneOS16.5.sdk/System/Library/PrivateFrameworks/PairingProximity.framework/PairingProximity.tbd
2026-06-03T08:46:47.6041340Z x iPhoneOS16.5.sdk/System/Library/PrivateFrameworks/MediaRemoteDaemonServices.framework/
2026-06-03T08:46:47.6041710Z x iPhoneOS16.5.sdk/System/Library/PrivateFrameworks/MediaRemoteDaemonServices.framework/MediaRemoteDaemonServices.tbd
2026-06-03T08:46:47.6042570Z x iPhoneOS16.5.sdk/System/Library/PrivateFrameworks/DragUI.framework/
2026-06-03T08:46:47.6043480Z x iPhoneOS16.5.sdk/System/Library/PrivateFrameworks/DragUI.framework/DragUI.tbd
2026-06-03T08:46:47.6044050Z x iPhoneOS16.5.sdk/System/Library/PrivateFrameworks/LoggingSupport.framework/
2026-06-03T08:46:47.6045730Z x iPhoneOS16.5.sdk/System/Library/PrivateFrameworks/LoggingSupport.framework/LoggingSupport.tbd
2026-06-03T08:46:47.6045950Z x iPhoneOS16.5.sdk/System/Library/PrivateFrameworks/Calculate.framework/
2026-06-03T08:46:47.6046840Z x iPhoneOS16.5.sdk/System/Library/PrivateFrameworks/Calculate.framework/Calculate.tbd
2026-06-03T08:46:47.6051370Z x iPhoneOS16.5.sdk/System/Library/PrivateFrameworks/NewsKit.framework/
2026-06-03T08:46:47.6051650Z x iPhoneOS16.5.sdk/System/Library/PrivateFrameworks/NewsKit.framework/NewsKit.tbd
2026-06-03T08:46:47.6051900Z x iPhoneOS16.5.sdk/System/Library/PrivateFrameworks/FoundInAppsPlugins.framework/
2026-06-03T08:46:47.6052210Z x iPhoneOS16.5.sdk/System/Library/PrivateFrameworks/FoundInAppsPlugins.framework/FoundInAppsPlugins.tbd
2026-06-03T08:46:47.6052550Z x iPhoneOS16.5.sdk/System/Library/PrivateFrameworks/AppConduit.framework/
2026-06-03T08:46:47.6052810Z x iPhoneOS16.5.sdk/System/Library/PrivateFrameworks/AppConduit.framework/AppConduit.tbd
2026-06-03T08:46:47.6053020Z x iPhoneOS16.5.sdk/System/Library/PrivateFrameworks/SPFinder.framework/
2026-06-03T08:46:47.6053390Z x iPhoneOS16.5.sdk/System/Library/PrivateFrameworks/SPFinder.framework/SPFinder.tbd
2026-06-03T08:46:47.6062520Z x iPhoneOS16.5.sdk/System/Library/PrivateFrameworks/AvatarKit.framework/
2026-06-03T08:46:47.6062850Z x iPhoneOS16.5.sdk/System/Library/PrivateFrameworks/AvatarKit.framework/AvatarKit.tbd
2026-06-03T08:46:47.6063130Z x iPhoneOS16.5.sdk/System/Library/PrivateFrameworks/UserNotificationsTranslation.framework/
2026-06-03T08:46:47.6063520Z x iPhoneOS16.5.sdk/System/Library/PrivateFrameworks/UserNotificationsTranslation.framework/UserNotificationsTranslation.tbd
2026-06-03T08:46:47.6064000Z x iPhoneOS16.5.sdk/System/Library/PrivateFrameworks/SafariSharedUI.framework/
2026-06-03T08:46:47.6072010Z x iPhoneOS16.5.sdk/System/Library/PrivateFrameworks/SafariSharedUI.framework/SafariSharedUI.tbd
2026-06-03T08:46:47.6072430Z x iPhoneOS16.5.sdk/System/Library/PrivateFrameworks/VisualAlert.framework/
2026-06-03T08:46:47.6072690Z x iPhoneOS16.5.sdk/System/Library/PrivateFrameworks/VisualAlert.framework/VisualAlert.tbd
2026-06-03T08:46:47.6072900Z x iPhoneOS16.5.sdk/System/Library/PrivateFrameworks/CameraKit.framework/
2026-06-03T08:46:47.6074430Z x iPhoneOS16.5.sdk/System/Library/PrivateFrameworks/CameraKit.framework/CameraKit.tbd
2026-06-03T08:46:47.6074780Z x iPhoneOS16.5.sdk/System/Library/PrivateFrameworks/AXRuntime.framework/
2026-06-03T08:46:47.6080560Z x iPhoneOS16.5.sdk/System/Library/PrivateFrameworks/AXRuntime.framework/AXRuntime.tbd
2026-06-03T08:46:47.6080890Z x iPhoneOS16.5.sdk/System/Library/PrivateFrameworks/CorePrediction.framework/
2026-06-03T08:46:47.6114450Z x iPhoneOS16.5.sdk/System/Library/PrivateFrameworks/CorePrediction.framework/CorePrediction.tbd
2026-06-03T08:46:47.6114720Z x iPhoneOS16.5.sdk/System/Library/PrivateFrameworks/HomeKitDaemon.framework/
2026-06-03T08:46:47.6139420Z x iPhoneOS16.5.sdk/System/Library/PrivateFrameworks/HomeKitDaemon.framework/HomeKitDaemon.tbd
2026-06-03T08:46:47.6139760Z x iPhoneOS16.5.sdk/System/Library/PrivateFrameworks/TrialServer.framework/
2026-06-03T08:46:47.6143320Z x iPhoneOS16.5.sdk/System/Library/PrivateFrameworks/TrialServer.framework/TrialServer.tbd
2026-06-03T08:46:47.6143710Z x iPhoneOS16.5.sdk/System/Library/PrivateFrameworks/RemoteTextInput.framework/
2026-06-03T08:46:47.6144810Z x iPhoneOS16.5.sdk/System/Library/PrivateFrameworks/RemoteTextInput.framework/RemoteTextInput.tbd
2026-06-03T08:46:47.6145100Z x iPhoneOS16.5.sdk/System/Library/PrivateFrameworks/HealthMobility.framework/
2026-06-03T08:46:47.6146100Z x iPhoneOS16.5.sdk/System/Library/PrivateFrameworks/HealthMobility.framework/HealthMobility.tbd
2026-06-03T08:46:47.6146520Z x iPhoneOS16.5.sdk/System/Library/PrivateFrameworks/BackBoardHIDEventProcessors.framework/
2026-06-03T08:46:47.6148480Z x iPhoneOS16.5.sdk/System/Library/PrivateFrameworks/BackBoardHIDEventProcessors.framework/BackBoardHIDEventProcessors.tbd
2026-06-03T08:46:47.6148970Z x iPhoneOS16.5.sdk/System/Library/PrivateFrameworks/AXSpeakFingerManager.framework/
2026-06-03T08:46:47.6149580Z x iPhoneOS16.5.sdk/System/Library/PrivateFrameworks/AXSpeakFingerManager.framework/AXSpeakFingerManager.tbd
2026-06-03T08:46:47.6150330Z x iPhoneOS16.5.sdk/System/Library/PrivateFrameworks/CoreIDVRGBLiveness.framework/
2026-06-03T08:46:47.6154590Z x iPhoneOS16.5.sdk/System/Library/PrivateFrameworks/CoreIDVRGBLiveness.framework/CoreIDVRGBLiveness.tbd
2026-06-03T08:46:47.6154840Z x iPhoneOS16.5.sdk/System/Library/PrivateFrameworks/IntelligenceEngine.framework/
2026-06-03T08:46:47.6166100Z x iPhoneOS16.5.sdk/System/Library/PrivateFrameworks/IntelligenceEngine.framework/IntelligenceEngine.tbd
2026-06-03T08:46:47.6166910Z x iPhoneOS16.5.sdk/System/Library/PrivateFrameworks/SharingUI.framework/
2026-06-03T08:46:47.6170050Z x iPhoneOS16.5.sdk/System/Library/PrivateFrameworks/SharingUI.framework/SharingUI.tbd
2026-06-03T08:46:47.6170290Z x iPhoneOS16.5.sdk/System/Library/PrivateFrameworks/MusicKitInternal.framework/
2026-06-03T08:46:47.6174900Z x iPhoneOS16.5.sdk/System/Library/PrivateFrameworks/MusicKitInternal.framework/MusicKitInternal.tbd
2026-06-03T08:46:47.6175240Z x iPhoneOS16.5.sdk/System/Library/PrivateFrameworks/UARPiCloud.framework/
2026-06-03T08:46:47.6176040Z x iPhoneOS16.5.sdk/System/Library/PrivateFrameworks/UARPiCloud.framework/UARPiCloud.tbd
2026-06-03T08:46:47.6176520Z x iPhoneOS16.5.sdk/System/Library/PrivateFrameworks/CoreODI.framework/
2026-06-03T08:46:47.6177350Z x iPhoneOS16.5.sdk/System/Library/PrivateFrameworks/CoreODI.framework/CoreODI.tbd
2026-06-03T08:46:47.6177950Z x iPhoneOS16.5.sdk/System/Library/PrivateFrameworks/NeutrinoCore.framework/
2026-06-03T08:46:47.6190040Z x iPhoneOS16.5.sdk/System/Library/PrivateFrameworks/NeutrinoCore.framework/NeutrinoCore.tbd
2026-06-03T08:46:47.6190380Z x iPhoneOS16.5.sdk/System/Library/PrivateFrameworks/SiriReferenceResolutionDataModel.framework/
2026-06-03T08:46:47.6190810Z x iPhoneOS16.5.sdk/System/Library/PrivateFrameworks/SiriReferenceResolutionDataModel.framework/SiriReferenceResolutionDataModel.tbd
2026-06-03T08:46:47.6191230Z x iPhoneOS16.5.sdk/System/Library/PrivateFrameworks/MobileDeviceLink.framework/
2026-06-03T08:46:47.6191530Z x iPhoneOS16.5.sdk/System/Library/PrivateFrameworks/MobileDeviceLink.framework/MobileDeviceLink.tbd
2026-06-03T08:46:47.6191760Z x iPhoneOS16.5.sdk/System/Library/PrivateFrameworks/LoginUILogViewer.framework/
2026-06-03T08:46:47.6192060Z x iPhoneOS16.5.sdk/System/Library/PrivateFrameworks/LoginUILogViewer.framework/LoginUILogViewer.tbd
2026-06-03T08:46:47.6192300Z x iPhoneOS16.5.sdk/System/Library/PrivateFrameworks/CloudPhotoLibrary.framework/
2026-06-03T08:46:47.6197880Z x iPhoneOS16.5.sdk/System/Library/PrivateFrameworks/CloudPhotoLibrary.framework/CloudPhotoLibrary.tbd
2026-06-03T08:46:47.6198110Z x iPhoneOS16.5.sdk/System/Library/PrivateFrameworks/Nexus.framework/
2026-06-03T08:46:47.6198900Z x iPhoneOS16.5.sdk/System/Library/PrivateFrameworks/Nexus.framework/Nexus.tbd
2026-06-03T08:46:47.6199310Z x iPhoneOS16.5.sdk/System/Library/PrivateFrameworks/SiriOntology.framework/
2026-06-03T08:46:47.6242120Z x iPhoneOS16.5.sdk/System/Library/PrivateFrameworks/SiriOntology.framework/SiriOntology.tbd
2026-06-03T08:46:47.6242420Z x iPhoneOS16.5.sdk/System/Library/PrivateFrameworks/Sleep.framework/
2026-06-03T08:46:47.6242660Z x iPhoneOS16.5.sdk/System/Library/PrivateFrameworks/Sleep.framework/Sleep.tbd
2026-06-03T08:46:47.6242860Z x iPhoneOS16.5.sdk/System/Library/PrivateFrameworks/PairedSync.framework/
2026-06-03T08:46:47.6243120Z x iPhoneOS16.5.sdk/System/Library/PrivateFrameworks/PairedSync.framework/PairedSync.tbd
2026-06-03T08:46:47.6243360Z x iPhoneOS16.5.sdk/System/Library/PrivateFrameworks/MallocStackLogging.framework/
2026-06-03T08:46:47.6243670Z x iPhoneOS16.5.sdk/System/Library/PrivateFrameworks/MallocStackLogging.framework/MallocStackLogging.tbd
2026-06-03T08:46:47.6243890Z x iPhoneOS16.5.sdk/System/Library/PrivateFrameworks/NeutrinoKit.framework/
2026-06-03T08:46:47.6244160Z x iPhoneOS16.5.sdk/System/Library/PrivateFrameworks/NeutrinoKit.framework/NeutrinoKit.tbd
2026-06-03T08:46:47.6244420Z x iPhoneOS16.5.sdk/System/Library/PrivateFrameworks/TextToSpeechMauiSupport.framework/
2026-06-03T08:46:47.6268240Z x iPhoneOS16.5.sdk/System/Library/PrivateFrameworks/TextToSpeechMauiSupport.framework/TextToSpeechMauiSupport.tbd
2026-06-03T08:46:47.6269010Z x iPhoneOS16.5.sdk/System/Library/PrivateFrameworks/BookCoverUtility.framework/
2026-06-03T08:46:47.6270260Z x iPhoneOS16.5.sdk/System/Library/PrivateFrameworks/BookCoverUtility.framework/BookCoverUtility.tbd
2026-06-03T08:46:47.6270790Z x iPhoneOS16.5.sdk/System/Library/PrivateFrameworks/HealthRecordsDaemon.framework/
2026-06-03T08:46:47.6271830Z x iPhoneOS16.5.sdk/System/Library/PrivateFrameworks/HealthRecordsDaemon.framework/HealthRecordsDaemon.tbd
2026-06-03T08:46:47.6272500Z x iPhoneOS16.5.sdk/System/Library/PrivateFrameworks/IntelligencePlatformCore.framework/
2026-06-03T08:46:47.6273510Z x iPhoneOS16.5.sdk/System/Library/PrivateFrameworks/IntelligencePlatformCore.framework/IntelligencePlatformCore.tbd
2026-06-03T08:46:47.6274020Z x iPhoneOS16.5.sdk/System/Library/PrivateFrameworks/CloudKitDaemon.framework/
2026-06-03T08:46:47.6275350Z x iPhoneOS16.5.sdk/System/Library/PrivateFrameworks/CloudKitDaemon.framework/CloudKitDaemon.tbd
2026-06-03T08:46:47.6275520Z x iPhoneOS16.5.sdk/System/Library/PrivateFrameworks/UIFoundation.framework/
2026-06-03T08:46:47.6285700Z x iPhoneOS16.5.sdk/System/Library/PrivateFrameworks/UIFoundation.framework/UIFoundation.tbd
2026-06-03T08:46:47.6285940Z x iPhoneOS16.5.sdk/System/Library/PrivateFrameworks/CombineCocoa.framework/
2026-06-03T08:46:47.6287160Z x iPhoneOS16.5.sdk/System/Library/PrivateFrameworks/CombineCocoa.framework/CombineCocoa.tbd
2026-06-03T08:46:47.6287780Z x iPhoneOS16.5.sdk/System/Library/PrivateFrameworks/DictionaryServices.framework/
2026-06-03T08:46:47.6288690Z x iPhoneOS16.5.sdk/System/Library/PrivateFrameworks/DictionaryServices.framework/DictionaryServices.tbd
2026-06-03T08:46:47.6289070Z x iPhoneOS16.5.sdk/System/Library/PrivateFrameworks/PersonaUI.framework/
2026-06-03T08:46:47.6290510Z x iPhoneOS16.5.sdk/System/Library/PrivateFrameworks/PersonaUI.framework/PersonaUI.tbd
2026-06-03T08:46:47.6290680Z x iPhoneOS16.5.sdk/System/Library/PrivateFrameworks/Preferences.framework/
2026-06-03T08:46:47.6295520Z x iPhoneOS16.5.sdk/System/Library/PrivateFrameworks/Preferences.framework/Preferences.tbd
2026-06-03T08:46:47.6296050Z x iPhoneOS16.5.sdk/System/Library/PrivateFrameworks/SoftwareUpdateServicesUI.framework/
2026-06-03T08:46:47.6297310Z x iPhoneOS16.5.sdk/System/Library/PrivateFrameworks/SoftwareUpdateServicesUI.framework/SoftwareUpdateServicesUI.tbd
2026-06-03T08:46:47.6297630Z x iPhoneOS16.5.sdk/System/Library/PrivateFrameworks/SiriTTSService.framework/
2026-06-03T08:46:47.6302740Z x iPhoneOS16.5.sdk/System/Library/PrivateFrameworks/SiriTTSService.framework/SiriTTSService.tbd
2026-06-03T08:46:47.6303160Z x iPhoneOS16.5.sdk/System/Library/PrivateFrameworks/AttributeGraph.framework/
2026-06-03T08:46:47.6304570Z x iPhoneOS16.5.sdk/System/Library/PrivateFrameworks/AttributeGraph.framework/AttributeGraph.tbd
2026-06-03T08:46:47.6304740Z x iPhoneOS16.5.sdk/System/Library/PrivateFrameworks/PhoneNumbers.framework/
2026-06-03T08:46:47.6305520Z x iPhoneOS16.5.sdk/System/Library/PrivateFrameworks/PhoneNumbers.framework/PhoneNumbers.tbd
2026-06-03T08:46:47.6306030Z x iPhoneOS16.5.sdk/System/Library/PrivateFrameworks/MessageProtection.framework/
2026-06-03T08:46:47.6306990Z x iPhoneOS16.5.sdk/System/Library/PrivateFrameworks/MessageProtection.framework/MessageProtection.tbd
2026-06-03T08:46:47.6307390Z x iPhoneOS16.5.sdk/System/Library/PrivateFrameworks/HIDPreferences.framework/
2026-06-03T08:46:47.6308450Z x iPhoneOS16.5.sdk/System/Library/PrivateFrameworks/HIDPreferences.framework/HIDPreferences.tbd
2026-06-03T08:46:47.6308860Z x iPhoneOS16.5.sdk/System/Library/PrivateFrameworks/ShareSheet.framework/
2026-06-03T08:46:47.6316920Z x iPhoneOS16.5.sdk/System/Library/PrivateFrameworks/ShareSheet.framework/ShareSheet.tbd
2026-06-03T08:46:47.6317240Z x iPhoneOS16.5.sdk/System/Library/PrivateFrameworks/CollectionViewCore.framework/
2026-06-03T08:46:47.6318220Z x iPhoneOS16.5.sdk/System/Library/PrivateFrameworks/CollectionViewCore.framework/CollectionViewCore.tbd
2026-06-03T08:46:47.6318790Z x iPhoneOS16.5.sdk/System/Library/PrivateFrameworks/MailWebProcessSupport.framework/
2026-06-03T08:46:47.6319780Z x iPhoneOS16.5.sdk/System/Library/PrivateFrameworks/MailWebProcessSupport.framework/MailWebProcessSupport.tbd
2026-06-03T08:46:47.6320300Z x iPhoneOS16.5.sdk/System/Library/PrivateFrameworks/CloudKitCode.framework/
2026-06-03T08:46:47.6325150Z x iPhoneOS16.5.sdk/System/Library/PrivateFrameworks/CloudKitCode.framework/CloudKitCode.tbd
2026-06-03T08:46:47.6325740Z x iPhoneOS16.5.sdk/System/Library/PrivateFrameworks/ScreenTimeSettingsUI.framework/
2026-06-03T08:46:47.6330990Z x iPhoneOS16.5.sdk/System/Library/PrivateFrameworks/ScreenTimeSettingsUI.framework/ScreenTimeSettingsUI.tbd
2026-06-03T08:46:47.6331530Z x iPhoneOS16.5.sdk/System/Library/PrivateFrameworks/ProactiveInsights.framework/
2026-06-03T08:46:47.6332560Z x iPhoneOS16.5.sdk/System/Library/PrivateFrameworks/ProactiveInsights.framework/ProactiveInsights.tbd
2026-06-03T08:46:47.6332800Z x iPhoneOS16.5.sdk/System/Library/PrivateFrameworks/MobileAsset.framework/
2026-06-03T08:46:47.6333870Z x iPhoneOS16.5.sdk/System/Library/PrivateFrameworks/MobileAsset.framework/MobileAsset.tbd
2026-06-03T08:46:47.6334260Z x iPhoneOS16.5.sdk/System/Library/PrivateFrameworks/BusinessServicesUI.framework/
2026-06-03T08:46:47.6335430Z x iPhoneOS16.5.sdk/System/Library/PrivateFrameworks/BusinessServicesUI.framework/BusinessServicesUI.tbd
2026-06-03T08:46:47.6335870Z x iPhoneOS16.5.sdk/System/Library/PrivateFrameworks/SiriInvocationAnalytics.framework/
2026-06-03T08:46:47.6337110Z x iPhoneOS16.5.sdk/System/Library/PrivateFrameworks/SiriInvocationAnalytics.framework/SiriInvocationAnalytics.tbd
2026-06-03T08:46:47.6337310Z x iPhoneOS16.5.sdk/System/Library/PrivateFrameworks/AppleFSCompression.framework/
2026-06-03T08:46:47.6338360Z x iPhoneOS16.5.sdk/System/Library/PrivateFrameworks/AppleFSCompression.framework/AppleFSCompression.tbd
2026-06-03T08:46:47.6338850Z x iPhoneOS16.5.sdk/System/Library/PrivateFrameworks/AppStoreUI.framework/
2026-06-03T08:46:47.6339870Z x iPhoneOS16.5.sdk/System/Library/PrivateFrameworks/AppStoreUI.framework/AppStoreUI.tbd
2026-06-03T08:46:47.6340370Z x iPhoneOS16.5.sdk/System/Library/PrivateFrameworks/MediaServices.framework/
2026-06-03T08:46:47.6345410Z x iPhoneOS16.5.sdk/System/Library/PrivateFrameworks/MediaServices.framework/MediaServices.tbd
2026-06-03T08:46:47.6345850Z x iPhoneOS16.5.sdk/System/Library/PrivateFrameworks/PhotosUIEdit.framework/
2026-06-03T08:46:47.6347350Z x iPhoneOS16.5.sdk/System/Library/PrivateFrameworks/PhotosUIEdit.framework/PhotosUIEdit.tbd
2026-06-03T08:46:47.6347600Z x iPhoneOS16.5.sdk/System/Library/PrivateFrameworks/NanoBackup.framework/
2026-06-03T08:46:47.6348530Z x iPhoneOS16.5.sdk/System/Library/PrivateFrameworks/NanoBackup.framework/NanoBackup.tbd
2026-06-03T08:46:47.6349070Z x iPhoneOS16.5.sdk/System/Library/PrivateFrameworks/SpeakTypingServices.framework/
2026-06-03T08:46:47.6349970Z x iPhoneOS16.5.sdk/System/Library/PrivateFrameworks/SpeakTypingServices.framework/SpeakTypingServices.tbd
2026-06-03T08:46:47.6350170Z x iPhoneOS16.5.sdk/System/Library/PrivateFrameworks/Radio.framework/
2026-06-03T08:46:47.6351170Z x iPhoneOS16.5.sdk/System/Library/PrivateFrameworks/Radio.framework/Radio.tbd
2026-06-03T08:46:47.6351750Z x iPhoneOS16.5.sdk/System/Library/PrivateFrameworks/HealthPlatform.framework/
2026-06-03T08:46:47.6356870Z x iPhoneOS16.5.sdk/System/Library/PrivateFrameworks/HealthPlatform.framework/HealthPlatform.tbd
2026-06-03T08:46:47.6357340Z x iPhoneOS16.5.sdk/System/Library/PrivateFrameworks/FindMyDeviceUI.framework/
2026-06-03T08:46:47.6358260Z x iPhoneOS16.5.sdk/System/Library/PrivateFrameworks/FindMyDeviceUI.framework/FindMyDeviceUI.tbd
2026-06-03T08:46:47.6358740Z x iPhoneOS16.5.sdk/System/Library/PrivateFrameworks/StocksUI.framework/
2026-06-03T08:46:47.6359730Z x iPhoneOS16.5.sdk/System/Library/PrivateFrameworks/StocksUI.framework/StocksUI.tbd
2026-06-03T08:46:47.6360100Z x iPhoneOS16.5.sdk/System/Library/PrivateFrameworks/SensorKitUI.framework/
2026-06-03T08:46:47.6361100Z x iPhoneOS16.5.sdk/System/Library/PrivateFrameworks/SensorKitUI.framework/SensorKitUI.tbd
2026-06-03T08:46:47.6361650Z x iPhoneOS16.5.sdk/System/Library/PrivateFrameworks/WebBookmarks.framework/
2026-06-03T08:46:47.6362690Z x iPhoneOS16.5.sdk/System/Library/PrivateFrameworks/WebBookmarks.framework/WebBookmarks.tbd
2026-06-03T08:46:47.6362940Z x iPhoneOS16.5.sdk/System/Library/PrivateFrameworks/WeatherFoundation.framework/
2026-06-03T08:46:47.6368460Z x iPhoneOS16.5.sdk/System/Library/PrivateFrameworks/WeatherFoundation.framework/WeatherFoundation.tbd
2026-06-03T08:46:47.6369080Z x iPhoneOS16.5.sdk/System/Library/PrivateFrameworks/HomeKitBackingStore.framework/
2026-06-03T08:46:47.6374720Z x iPhoneOS16.5.sdk/System/Library/PrivateFrameworks/HomeKitBackingStore.framework/HomeKitBackingStore.tbd
2026-06-03T08:46:47.6375250Z x iPhoneOS16.5.sdk/System/Library/PrivateFrameworks/Lexicon.framework/
2026-06-03T08:46:47.6376210Z x iPhoneOS16.5.sdk/System/Library/PrivateFrameworks/Lexicon.framework/Lexicon.tbd
2026-06-03T08:46:47.6376430Z x iPhoneOS16.5.sdk/System/Library/PrivateFrameworks/ChatKit.framework/
2026-06-03T08:46:47.6399700Z x iPhoneOS16.5.sdk/System/Library/PrivateFrameworks/ChatKit.framework/ChatKit.tbd
2026-06-03T08:46:47.6400260Z x iPhoneOS16.5.sdk/System/Library/PrivateFrameworks/MobileInBoxUpdate.framework/
2026-06-03T08:46:47.6400900Z x iPhoneOS16.5.sdk/System/Library/PrivateFrameworks/MobileInBoxUpdate.framework/MobileInBoxUpdate.tbd
2026-06-03T08:46:47.6401500Z x iPhoneOS16.5.sdk/System/Library/PrivateFrameworks/TTSAsset.framework/
2026-06-03T08:46:47.6402380Z x iPhoneOS16.5.sdk/System/Library/PrivateFrameworks/TTSAsset.framework/TTSAsset.tbd
2026-06-03T08:46:47.6402890Z x iPhoneOS16.5.sdk/System/Library/PrivateFrameworks/CoreRoutine.framework/
2026-06-03T08:46:47.6403740Z x iPhoneOS16.5.sdk/System/Library/PrivateFrameworks/CoreRoutine.framework/CoreRoutine.tbd
2026-06-03T08:46:47.6404920Z x iPhoneOS16.5.sdk/System/Library/PrivateFrameworks/NanoTimeKitCompanion.framework/
2026-06-03T08:46:47.6405650Z x iPhoneOS16.5.sdk/System/Library/PrivateFrameworks/NanoTimeKitCompanion.framework/NanoTimeKitCompanion.tbd
2026-06-03T08:46:47.6406050Z x iPhoneOS16.5.sdk/System/Library/PrivateFrameworks/MFAAuthentication.framework/
2026-06-03T08:46:47.6412140Z x iPhoneOS16.5.sdk/System/Library/PrivateFrameworks/MFAAuthentication.framework/MFAAuthentication.tbd
2026-06-03T08:46:47.6412450Z x iPhoneOS16.5.sdk/System/Library/PrivateFrameworks/FrontBoard.framework/
2026-06-03T08:46:47.6417050Z x iPhoneOS16.5.sdk/System/Library/PrivateFrameworks/FrontBoard.framework/FrontBoard.tbd
2026-06-03T08:46:47.6417780Z x iPhoneOS16.5.sdk/System/Library/PrivateFrameworks/TextInputChinese.framework/
2026-06-03T08:46:47.6418760Z x iPhoneOS16.5.sdk/System/Library/PrivateFrameworks/TextInputChinese.framework/TextInputChinese.tbd
2026-06-03T08:46:47.6419160Z x iPhoneOS16.5.sdk/System/Library/PrivateFrameworks/MediaCoreUI.framework/
2026-06-03T08:46:47.6420590Z x iPhoneOS16.5.sdk/System/Library/PrivateFrameworks/MediaCoreUI.framework/MediaCoreUI.tbd
2026-06-03T08:46:47.6420860Z x iPhoneOS16.5.sdk/System/Library/PrivateFrameworks/BackBoardHIDEventFoundation.framework/
2026-06-03T08:46:47.6421810Z x iPhoneOS16.5.sdk/System/Library/PrivateFrameworks/BackBoardHIDEventFoundation.framework/BackBoardHIDEventFoundation.tbd
2026-06-03T08:46:47.6422240Z x iPhoneOS16.5.sdk/System/Library/PrivateFrameworks/AudioSession.framework/
2026-06-03T08:46:47.6426470Z x iPhoneOS16.5.sdk/System/Library/PrivateFrameworks/AudioSession.framework/libSessionUtility.tbd
2026-06-03T08:46:47.6427310Z x iPhoneOS16.5.sdk/System/Library/PrivateFrameworks/AudioSession.framework/AudioSession.tbd
2026-06-03T08:46:47.6427740Z x iPhoneOS16.5.sdk/System/Library/PrivateFrameworks/CoreOptimization.framework/
2026-06-03T08:46:47.6429350Z x iPhoneOS16.5.sdk/System/Library/PrivateFrameworks/CoreOptimization.framework/CoreOptimization.tbd
2026-06-03T08:46:47.6429540Z x iPhoneOS16.5.sdk/System/Library/PrivateFrameworks/TelephonyXPCClient.framework/
2026-06-03T08:46:47.6430030Z x iPhoneOS16.5.sdk/System/Library/PrivateFrameworks/TelephonyXPCClient.framework/TelephonyXPCClient.tbd
2026-06-03T08:46:47.6430430Z x iPhoneOS16.5.sdk/System/Library/PrivateFrameworks/ControlCenterServices.framework/
2026-06-03T08:46:47.6435410Z x iPhoneOS16.5.sdk/System/Library/PrivateFrameworks/ControlCenterServices.framework/ControlCenterServices.tbd
2026-06-03T08:46:47.6435580Z x iPhoneOS16.5.sdk/System/Library/PrivateFrameworks/Eyedropper.framework/
2026-06-03T08:46:47.6436510Z x iPhoneOS16.5.sdk/System/Library/PrivateFrameworks/Eyedropper.framework/Eyedropper.tbd
2026-06-03T08:46:47.6436940Z x iPhoneOS16.5.sdk/System/Library/PrivateFrameworks/AGXCompilerCore-S2A8.framework/
2026-06-03T08:46:47.6437850Z x iPhoneOS16.5.sdk/System/Library/PrivateFrameworks/AGXCompilerCore-S2A8.framework/AGXCompilerCore-S2A8.tbd
2026-06-03T08:46:47.6438860Z x iPhoneOS16.5.sdk/System/Library/PrivateFrameworks/PreviewsOSSupport.framework/
2026-06-03T08:46:47.6439420Z x iPhoneOS16.5.sdk/System/Library/PrivateFrameworks/PreviewsOSSupport.framework/PreviewsOSSupport.tbd
2026-06-03T08:46:47.6439680Z x iPhoneOS16.5.sdk/System/Library/PrivateFrameworks/DiagnosticRequestService.framework/
2026-06-03T08:46:47.6440760Z x iPhoneOS16.5.sdk/System/Library/PrivateFrameworks/DiagnosticRequestService.framework/DiagnosticRequestService.tbd
2026-06-03T08:46:47.6441140Z x iPhoneOS16.5.sdk/System/Library/PrivateFrameworks/AuthenticationServicesCore.framework/
2026-06-03T08:46:47.6445960Z x iPhoneOS16.5.sdk/System/Library/PrivateFrameworks/AuthenticationServicesCore.framework/AuthenticationServicesCore.tbd
2026-06-03T08:46:47.6446220Z x iPhoneOS16.5.sdk/System/Library/PrivateFrameworks/WebGPU.framework/
2026-06-03T08:46:47.6447230Z x iPhoneOS16.5.sdk/System/Library/PrivateFrameworks/WebGPU.framework/WebGPU.tbd
2026-06-03T08:46:47.6447540Z x iPhoneOS16.5.sdk/System/Library/PrivateFrameworks/AXSoundDetection.framework/
2026-06-03T08:46:47.6448880Z x iPhoneOS16.5.sdk/System/Library/PrivateFrameworks/AXSoundDetection.framework/AXSoundDetection.tbd
2026-06-03T08:46:47.6449070Z x iPhoneOS16.5.sdk/System/Library/PrivateFrameworks/IdleTimerServices.framework/
2026-06-03T08:46:47.6449950Z x iPhoneOS16.5.sdk/System/Library/PrivateFrameworks/IdleTimerServices.framework/IdleTimerServices.tbd
2026-06-03T08:46:47.6450450Z x iPhoneOS16.5.sdk/System/Library/PrivateFrameworks/MailUI.framework/
2026-06-03T08:46:47.6451590Z x iPhoneOS16.5.sdk/System/Library/PrivateFrameworks/MailUI.framework/MailUI.tbd
2026-06-03T08:46:47.6452000Z x iPhoneOS16.5.sdk/System/Library/PrivateFrameworks/DigitalTouchShared.framework/
2026-06-03T08:46:47.6452960Z x iPhoneOS16.5.sdk/System/Library/PrivateFrameworks/DigitalTouchShared.framework/DigitalTouchShared.tbd
2026-06-03T08:46:47.6453460Z x iPhoneOS16.5.sdk/System/Library/PrivateFrameworks/HealthPlatformCore.framework/
2026-06-03T08:46:47.6457910Z x iPhoneOS16.5.sdk/System/Library/PrivateFrameworks/HealthPlatformCore.framework/HealthPlatformCore.tbd
2026-06-03T08:46:47.6458470Z x iPhoneOS16.5.sdk/System/Library/PrivateFrameworks/SiriPrivateLearningInference.framework/
2026-06-03T08:46:47.6459480Z x iPhoneOS16.5.sdk/System/Library/PrivateFrameworks/SiriPrivateLearningInference.framework/SiriPrivateLearningInference.tbd
2026-06-03T08:46:47.6459930Z x iPhoneOS16.5.sdk/System/Library/PrivateFrameworks/ActionPredictionHeuristics.framework/
2026-06-03T08:46:47.6460890Z x iPhoneOS16.5.sdk/System/Library/PrivateFrameworks/ActionPredictionHeuristics.framework/ActionPredictionHeuristics.tbd
2026-06-03T08:46:47.6461320Z x iPhoneOS16.5.sdk/System/Library/PrivateFrameworks/NanoComplicationSettings.framework/
2026-06-03T08:46:47.6462320Z x iPhoneOS16.5.sdk/System/Library/PrivateFrameworks/NanoComplicationSettings.framework/NanoComplicationSettings.tbd
2026-06-03T08:46:47.6462700Z x iPhoneOS16.5.sdk/System/Library/PrivateFrameworks/CloudPhotoServices.framework/
2026-06-03T08:46:47.6464160Z x iPhoneOS16.5.sdk/System/Library/PrivateFrameworks/CloudPhotoServices.framework/CloudPhotoServices.tbd
2026-06-03T08:46:47.6464640Z x iPhoneOS16.5.sdk/System/Library/PrivateFrameworks/AfibBurden.framework/
2026-06-03T08:46:47.6465910Z x iPhoneOS16.5.sdk/System/Library/PrivateFrameworks/AfibBurden.framework/AfibBurden.tbd
2026-06-03T08:46:47.6466360Z x iPhoneOS16.5.sdk/System/Library/PrivateFrameworks/SiriSuggestionsAPI.framework/
2026-06-03T08:46:47.6470950Z x iPhoneOS16.5.sdk/System/Library/PrivateFrameworks/SiriSuggestionsAPI.framework/SiriSuggestionsAPI.tbd
2026-06-03T08:46:47.6471540Z x iPhoneOS16.5.sdk/System/Library/PrivateFrameworks/TranslationUIServices.framework/
2026-06-03T08:46:47.6472570Z x iPhoneOS16.5.sdk/System/Library/PrivateFrameworks/TranslationUIServices.framework/TranslationUIServices.tbd
2026-06-03T08:46:47.6472880Z x iPhoneOS16.5.sdk/System/Library/PrivateFrameworks/CoreSuggestionsML.framework/
2026-06-03T08:46:47.6474170Z x iPhoneOS16.5.sdk/System/Library/PrivateFrameworks/CoreSuggestionsML.framework/CoreSuggestionsML.tbd
2026-06-03T08:46:47.6474730Z x iPhoneOS16.5.sdk/System/Library/PrivateFrameworks/TextToSpeechKonaSupport.framework/
2026-06-03T08:46:47.6475010Z x iPhoneOS16.5.sdk/System/Library/PrivateFrameworks/TextToSpeechKonaSupport.framework/Frameworks/
2026-06-03T08:46:47.6482450Z x iPhoneOS16.5.sdk/System/Library/PrivateFrameworks/TextToSpeechKonaSupport.framework/Frameworks/eng.tbd
2026-06-03T08:46:47.6485990Z x iPhoneOS16.5.sdk/System/Library/PrivateFrameworks/TextToSpeechKonaSupport.framework/Frameworks/ptb.tbd
2026-06-03T08:46:47.6489730Z x iPhoneOS16.5.sdk/System/Library/PrivateFrameworks/TextToSpeechKonaSupport.framework/Frameworks/frc.tbd
2026-06-03T08:46:47.6492730Z x iPhoneOS16.5.sdk/System/Library/PrivateFrameworks/TextToSpeechKonaSupport.framework/Frameworks/esm.tbd
2026-06-03T08:46:47.6495300Z x iPhoneOS16.5.sdk/System/Library/PrivateFrameworks/TextToSpeechKonaSupport.framework/Frameworks/fra.tbd
2026-06-03T08:46:47.6497430Z x iPhoneOS16.5.sdk/System/Library/PrivateFrameworks/TextToSpeechKonaSupport.framework/Frameworks/esp.tbd
2026-06-03T08:46:47.6499990Z x iPhoneOS16.5.sdk/System/Library/PrivateFrameworks/TextToSpeechKonaSupport.framework/Frameworks/enu.tbd
2026-06-03T08:46:47.6502930Z x iPhoneOS16.5.sdk/System/Library/PrivateFrameworks/TextToSpeechKonaSupport.framework/Frameworks/ita.tbd
2026-06-03T08:46:47.6506410Z x iPhoneOS16.5.sdk/System/Library/PrivateFrameworks/TextToSpeechKonaSupport.framework/Frameworks/fin.tbd
2026-06-03T08:46:47.6508020Z x iPhoneOS16.5.sdk/System/Library/PrivateFrameworks/TextToSpeechKonaSupport.framework/Frameworks/deu.tbd
2026-06-03T08:46:47.6513410Z x iPhoneOS16.5.sdk/System/Library/PrivateFrameworks/TextToSpeechKonaSupport.framework/Frameworks/eci.tbd
2026-06-03T08:46:47.6514430Z x iPhoneOS16.5.sdk/System/Library/PrivateFrameworks/TextToSpeechKonaSupport.framework/TextToSpeechKonaSupport.tbd
2026-06-03T08:46:47.6514900Z x iPhoneOS16.5.sdk/System/Library/PrivateFrameworks/SessionFoundation.framework/
2026-06-03T08:46:47.6515680Z x iPhoneOS16.5.sdk/System/Library/PrivateFrameworks/SessionFoundation.framework/SessionFoundation.tbd
2026-06-03T08:46:47.6516130Z x iPhoneOS16.5.sdk/System/Library/PrivateFrameworks/IOAccelerator.framework/
2026-06-03T08:46:47.6516990Z x iPhoneOS16.5.sdk/System/Library/PrivateFrameworks/IOAccelerator.framework/IOAccelerator.tbd
2026-06-03T08:46:47.6517380Z x iPhoneOS16.5.sdk/System/Library/PrivateFrameworks/WeatherUI.framework/
2026-06-03T08:46:47.6522090Z x iPhoneOS16.5.sdk/System/Library/PrivateFrameworks/WeatherUI.framework/WeatherUI.tbd
2026-06-03T08:46:47.6522490Z x iPhoneOS16.5.sdk/System/Library/PrivateFrameworks/CoreEmoji.framework/
2026-06-03T08:46:47.6523360Z x iPhoneOS16.5.sdk/System/Library/PrivateFrameworks/CoreEmoji.framework/CoreEmoji.tbd
2026-06-03T08:46:47.6523840Z x iPhoneOS16.5.sdk/System/Library/PrivateFrameworks/TextToSpeechBundleSupport.framework/
2026-06-03T08:46:47.6524880Z x iPhoneOS16.5.sdk/System/Library/PrivateFrameworks/TextToSpeechBundleSupport.framework/TextToSpeechBundleSupport.tbd
2026-06-03T08:46:47.6525270Z x iPhoneOS16.5.sdk/System/Library/PrivateFrameworks/AppleMediaServicesUIPaymentSheets.framework/
2026-06-03T08:46:47.6526300Z x iPhoneOS16.5.sdk/System/Library/PrivateFrameworks/AppleMediaServicesUIPaymentSheets.framework/AppleMediaServicesUIPaymentSheets.tbd
2026-06-03T08:46:47.6526500Z x iPhoneOS16.5.sdk/System/Library/PrivateFrameworks/FinHealth.framework/
2026-06-03T08:46:47.6531560Z x iPhoneOS16.5.sdk/System/Library/PrivateFrameworks/FinHealth.framework/FinHealth.tbd
2026-06-03T08:46:47.6532030Z x iPhoneOS16.5.sdk/System/Library/PrivateFrameworks/ScreenReaderOutput.framework/
2026-06-03T08:46:47.6533760Z x iPhoneOS16.5.sdk/System/Library/PrivateFrameworks/ScreenReaderOutput.framework/ScreenReaderOutput.tbd
2026-06-03T08:46:47.6534060Z x iPhoneOS16.5.sdk/System/Library/PrivateFrameworks/SearchUI.framework/
2026-06-03T08:46:47.6538900Z x iPhoneOS16.5.sdk/System/Library/PrivateFrameworks/SearchUI.framework/SearchUI.tbd
2026-06-03T08:46:47.6539380Z x iPhoneOS16.5.sdk/System/Library/PrivateFrameworks/AppleDepth.framework/
2026-06-03T08:46:47.6544270Z x iPhoneOS16.5.sdk/System/Library/PrivateFrameworks/AppleDepth.framework/AppleDepth.tbd
2026-06-03T08:46:47.6544620Z x iPhoneOS16.5.sdk/System/Library/PrivateFrameworks/VisualIntelligence.framework/
2026-06-03T08:46:47.6546660Z x iPhoneOS16.5.sdk/System/Library/PrivateFrameworks/VisualIntelligence.framework/VisualIntelligence.tbd
2026-06-03T08:46:47.6547440Z x iPhoneOS16.5.sdk/System/Library/PrivateFrameworks/ANECompiler.framework/
2026-06-03T08:46:47.6599080Z x iPhoneOS16.5.sdk/System/Library/PrivateFrameworks/ANECompiler.framework/ANECompiler.tbd
2026-06-03T08:46:47.6599590Z x iPhoneOS16.5.sdk/System/Library/PrivateFrameworks/ANECompiler.framework/libORTools.tbd
2026-06-03T08:46:47.6600370Z x iPhoneOS16.5.sdk/System/Library/PrivateFrameworks/SiriInferenceIntents.framework/
2026-06-03T08:46:47.6600980Z x iPhoneOS16.5.sdk/System/Library/PrivateFrameworks/SiriInferenceIntents.framework/SiriInferenceIntents.tbd
2026-06-03T08:46:47.6601950Z x iPhoneOS16.5.sdk/System/Library/PrivateFrameworks/AccessibilityUIViewServices.framework/
2026-06-03T08:46:47.6618550Z x iPhoneOS16.5.sdk/System/Library/PrivateFrameworks/AccessibilityUIViewServices.framework/AccessibilityUIViewServices.tbd
2026-06-03T08:46:47.6618870Z x iPhoneOS16.5.sdk/System/Library/PrivateFrameworks/Coordination.framework/
2026-06-03T08:46:47.6619190Z x iPhoneOS16.5.sdk/System/Library/PrivateFrameworks/Coordination.framework/Coordination.tbd
2026-06-03T08:46:47.6619460Z x iPhoneOS16.5.sdk/System/Library/PrivateFrameworks/PrototypeTools.framework/
2026-06-03T08:46:47.6619780Z x iPhoneOS16.5.sdk/System/Library/PrivateFrameworks/PrototypeTools.framework/PrototypeTools.tbd
2026-06-03T08:46:47.6620050Z x iPhoneOS16.5.sdk/System/Library/PrivateFrameworks/CopresenceCore.framework/
2026-06-03T08:46:47.6649450Z x iPhoneOS16.5.sdk/System/Library/PrivateFrameworks/CopresenceCore.framework/CopresenceCore.tbd
2026-06-03T08:46:47.6650100Z x iPhoneOS16.5.sdk/System/Library/PrivateFrameworks/AcousticMaterials.framework/
2026-06-03T08:46:47.6650780Z x iPhoneOS16.5.sdk/System/Library/PrivateFrameworks/AcousticMaterials.framework/AcousticMaterials.tbd
2026-06-03T08:46:47.6651420Z x iPhoneOS16.5.sdk/System/Library/PrivateFrameworks/TipsDaemon.framework/
2026-06-03T08:46:47.6652040Z x iPhoneOS16.5.sdk/System/Library/PrivateFrameworks/TipsDaemon.framework/TipsDaemon.tbd
2026-06-03T08:46:47.6652470Z x iPhoneOS16.5.sdk/System/Library/PrivateFrameworks/CoreChart.framework/
2026-06-03T08:46:47.6656490Z x iPhoneOS16.5.sdk/System/Library/PrivateFrameworks/CoreChart.framework/CoreChart.tbd
2026-06-03T08:46:47.6656800Z x iPhoneOS16.5.sdk/System/Library/PrivateFrameworks/CloudKitCodeProtobuf.framework/
2026-06-03T08:46:47.6658710Z x iPhoneOS16.5.sdk/System/Library/PrivateFrameworks/CloudKitCodeProtobuf.framework/CloudKitCodeProtobuf.tbd
2026-06-03T08:46:47.6659180Z x iPhoneOS16.5.sdk/System/Library/PrivateFrameworks/VoiceTriggerUI.framework/
2026-06-03T08:46:47.6661050Z x iPhoneOS16.5.sdk/System/Library/PrivateFrameworks/VoiceTriggerUI.framework/VoiceTriggerUI.tbd
2026-06-03T08:46:47.6661590Z x iPhoneOS16.5.sdk/System/Library/PrivateFrameworks/ControlCenterUI.framework/
2026-06-03T08:46:47.6664210Z x iPhoneOS16.5.sdk/System/Library/PrivateFrameworks/ControlCenterUI.framework/ControlCenterUI.tbd
2026-06-03T08:46:47.6668080Z x iPhoneOS16.5.sdk/System/Library/PrivateFrameworks/VoiceShortcutsUICardKitProviderSupport.framework/
2026-06-03T08:46:47.6669970Z x iPhoneOS16.5.sdk/System/Library/PrivateFrameworks/VoiceShortcutsUICardKitProviderSupport.framework/VoiceShortcutsUICardKitProviderSupport.tbd
2026-06-03T08:46:47.6670230Z x iPhoneOS16.5.sdk/System/Library/PrivateFrameworks/SignalCompression.framework/
2026-06-03T08:46:47.6672210Z x iPhoneOS16.5.sdk/System/Library/PrivateFrameworks/SignalCompression.framework/SignalCompression.tbd
2026-06-03T08:46:47.6674110Z x iPhoneOS16.5.sdk/System/Library/PrivateFrameworks/CHIPPlugin.framework/
2026-06-03T08:46:47.6677050Z x iPhoneOS16.5.sdk/System/Library/PrivateFrameworks/CHIPPlugin.framework/CHIPPlugin.tbd
2026-06-03T08:46:47.6678360Z x iPhoneOS16.5.sdk/System/Library/PrivateFrameworks/AVFCapture.framework/
2026-06-03T08:46:47.6694820Z x iPhoneOS16.5.sdk/System/Library/PrivateFrameworks/AVFCapture.framework/AVFCapture.tbd
2026-06-03T08:46:47.6696180Z x iPhoneOS16.5.sdk/System/Library/PrivateFrameworks/CloudKitDistributedSync.framework/
2026-06-03T08:46:47.6699240Z x iPhoneOS16.5.sdk/System/Library/PrivateFrameworks/CloudKitDistributedSync.framework/CloudKitDistributedSync.tbd
2026-06-03T08:46:47.6701320Z x iPhoneOS16.5.sdk/System/Library/PrivateFrameworks/NetworkRelay.framework/
2026-06-03T08:46:47.6704740Z x iPhoneOS16.5.sdk/System/Library/PrivateFrameworks/NetworkRelay.framework/NetworkRelay.tbd
2026-06-03T08:46:47.6706090Z x iPhoneOS16.5.sdk/System/Library/PrivateFrameworks/AppleCVHWA.framework/
2026-06-03T08:46:47.6709170Z x iPhoneOS16.5.sdk/System/Library/PrivateFrameworks/AppleCVHWA.framework/AppleCVHWA.tbd
2026-06-03T08:46:47.6710320Z x iPhoneOS16.5.sdk/System/Library/PrivateFrameworks/SafariShared.framework/
2026-06-03T08:46:47.6736500Z x iPhoneOS16.5.sdk/System/Library/PrivateFrameworks/SafariShared.framework/SafariShared.tbd
2026-06-03T08:46:47.6738040Z x iPhoneOS16.5.sdk/System/Library/PrivateFrameworks/SiriPowerInstrumentation.framework/
2026-06-03T08:46:47.6741200Z x iPhoneOS16.5.sdk/System/Library/PrivateFrameworks/SiriPowerInstrumentation.framework/SiriPowerInstrumentation.tbd
2026-06-03T08:46:47.6742320Z x iPhoneOS16.5.sdk/System/Library/PrivateFrameworks/Pasteboard.framework/
2026-06-03T08:46:47.6745780Z x iPhoneOS16.5.sdk/System/Library/PrivateFrameworks/Pasteboard.framework/Pasteboard.tbd
2026-06-03T08:46:47.6747030Z x iPhoneOS16.5.sdk/System/Library/PrivateFrameworks/ClipUIServices.framework/
2026-06-03T08:46:47.6750710Z x iPhoneOS16.5.sdk/System/Library/PrivateFrameworks/ClipUIServices.framework/ClipUIServices.tbd
2026-06-03T08:46:47.6751340Z x iPhoneOS16.5.sdk/System/Library/PrivateFrameworks/IOSurfaceAccelerator.framework/
2026-06-03T08:46:47.6752340Z x iPhoneOS16.5.sdk/System/Library/PrivateFrameworks/IOSurfaceAccelerator.framework/IOSurfaceAccelerator.tbd
2026-06-03T08:46:47.6753080Z x iPhoneOS16.5.sdk/System/Library/PrivateFrameworks/CheckerBoardServices.framework/
2026-06-03T08:46:47.6753850Z x iPhoneOS16.5.sdk/System/Library/PrivateFrameworks/CheckerBoardServices.framework/CheckerBoardServices.tbd
2026-06-03T08:46:47.6754380Z x iPhoneOS16.5.sdk/System/Library/PrivateFrameworks/DRMFoundation.framework/
2026-06-03T08:46:47.6755820Z x iPhoneOS16.5.sdk/System/Library/PrivateFrameworks/DRMFoundation.framework/DRMFoundation.tbd
2026-06-03T08:46:47.6756160Z x iPhoneOS16.5.sdk/System/Library/PrivateFrameworks/LighthouseCoreMLModelStore.framework/
2026-06-03T08:46:47.6756950Z x iPhoneOS16.5.sdk/System/Library/PrivateFrameworks/LighthouseCoreMLModelStore.framework/LighthouseCoreMLModelStore.tbd
2026-06-03T08:46:47.6758010Z x iPhoneOS16.5.sdk/System/Library/PrivateFrameworks/AccessibilityUIUtilities.framework/
2026-06-03T08:46:47.6758920Z x iPhoneOS16.5.sdk/System/Library/PrivateFrameworks/AccessibilityUIUtilities.framework/AccessibilityUIUtilities.tbd
2026-06-03T08:46:47.6759410Z x iPhoneOS16.5.sdk/System/Library/PrivateFrameworks/SeymourServices.framework/
2026-06-03T08:46:47.6764530Z x iPhoneOS16.5.sdk/System/Library/PrivateFrameworks/SeymourServices.framework/SeymourServices.tbd
2026-06-03T08:46:47.6765150Z x iPhoneOS16.5.sdk/System/Library/PrivateFrameworks/WirelessCoexManager.framework/
2026-06-03T08:46:47.6766410Z x iPhoneOS16.5.sdk/System/Library/PrivateFrameworks/WirelessCoexManager.framework/WirelessCoexManager.tbd
2026-06-03T08:46:47.6766840Z x iPhoneOS16.5.sdk/System/Library/PrivateFrameworks/Navigation.framework/
2026-06-03T08:46:47.6772360Z x iPhoneOS16.5.sdk/System/Library/PrivateFrameworks/Navigation.framework/Navigation.tbd
2026-06-03T08:46:47.6772950Z x iPhoneOS16.5.sdk/System/Library/PrivateFrameworks/NotesUI.framework/
2026-06-03T08:46:47.6782470Z x iPhoneOS16.5.sdk/System/Library/PrivateFrameworks/NotesUI.framework/NotesUI.tbd
2026-06-03T08:46:47.6784940Z x iPhoneOS16.5.sdk/System/Library/PrivateFrameworks/TextInputCore.framework/
2026-06-03T08:46:47.6807910Z x iPhoneOS16.5.sdk/System/Library/PrivateFrameworks/TextInputCore.framework/TextInputCore.tbd
2026-06-03T08:46:47.6808170Z x iPhoneOS16.5.sdk/System/Library/PrivateFrameworks/SpeechRecognitionCommandServices.framework/
2026-06-03T08:46:47.6810100Z x iPhoneOS16.5.sdk/System/Library/PrivateFrameworks/SpeechRecognitionCommandServices.framework/SpeechRecognitionCommandServices.tbd
2026-06-03T08:46:47.6810310Z x iPhoneOS16.5.sdk/System/Library/PrivateFrameworks/FSEvents.framework/
2026-06-03T08:46:47.6812070Z x iPhoneOS16.5.sdk/System/Library/PrivateFrameworks/FSEvents.framework/FSEvents.tbd
2026-06-03T08:46:47.6813950Z x iPhoneOS16.5.sdk/System/Library/PrivateFrameworks/MetricKitServices.framework/
2026-06-03T08:46:47.6816870Z x iPhoneOS16.5.sdk/System/Library/PrivateFrameworks/MetricKitServices.framework/MetricKitServices.tbd
2026-06-03T08:46:47.6818210Z x iPhoneOS16.5.sdk/System/Library/PrivateFrameworks/AppStoreDaemon.framework/
2026-06-03T08:46:47.6828620Z x iPhoneOS16.5.sdk/System/Library/PrivateFrameworks/AppStoreDaemon.framework/AppStoreDaemon.tbd
2026-06-03T08:46:47.6829160Z x iPhoneOS16.5.sdk/System/Library/PrivateFrameworks/SiriLiminal.framework/
2026-06-03T08:46:47.6830240Z x iPhoneOS16.5.sdk/System/Library/PrivateFrameworks/SiriLiminal.framework/SiriLiminal.tbd
2026-06-03T08:46:47.6830810Z x iPhoneOS16.5.sdk/System/Library/PrivateFrameworks/Celestial.framework/
2026-06-03T08:46:47.6836260Z x iPhoneOS16.5.sdk/System/Library/PrivateFrameworks/Celestial.framework/Celestial.tbd
2026-06-03T08:46:47.6836830Z x iPhoneOS16.5.sdk/System/Library/PrivateFrameworks/Mercury.framework/
2026-06-03T08:46:47.6837720Z x iPhoneOS16.5.sdk/System/Library/PrivateFrameworks/Mercury.framework/Mercury.tbd
2026-06-03T08:46:47.6838240Z x iPhoneOS16.5.sdk/System/Library/PrivateFrameworks/CardKit.framework/
2026-06-03T08:46:47.6839100Z x iPhoneOS16.5.sdk/System/Library/PrivateFrameworks/CardKit.framework/CardKit.tbd
2026-06-03T08:46:47.6839670Z x iPhoneOS16.5.sdk/System/Library/PrivateFrameworks/DigitalAccess.framework/
2026-06-03T08:46:47.6840620Z x iPhoneOS16.5.sdk/System/Library/PrivateFrameworks/DigitalAccess.framework/DigitalAccess.tbd
2026-06-03T08:46:47.6841090Z x iPhoneOS16.5.sdk/System/Library/PrivateFrameworks/SAML.framework/
2026-06-03T08:46:47.6842240Z x iPhoneOS16.5.sdk/System/Library/PrivateFrameworks/SAML.framework/SAML.tbd
2026-06-03T08:46:47.6842600Z x iPhoneOS16.5.sdk/System/Library/PrivateFrameworks/IMAVCore.framework/
2026-06-03T08:46:47.6843490Z x iPhoneOS16.5.sdk/System/Library/PrivateFrameworks/IMAVCore.framework/IMAVCore.tbd
2026-06-03T08:46:47.6844030Z x iPhoneOS16.5.sdk/System/Library/PrivateFrameworks/LiftUI.framework/
2026-06-03T08:46:47.6844850Z x iPhoneOS16.5.sdk/System/Library/PrivateFrameworks/LiftUI.framework/LiftUI.tbd
2026-06-03T08:46:47.6845390Z x iPhoneOS16.5.sdk/System/Library/PrivateFrameworks/CarPlaySupport.framework/
2026-06-03T08:46:47.6850220Z x iPhoneOS16.5.sdk/System/Library/PrivateFrameworks/CarPlaySupport.framework/CarPlaySupport.tbd
2026-06-03T08:46:47.6850570Z x iPhoneOS16.5.sdk/System/Library/PrivateFrameworks/BlastDoor.framework/
2026-06-03T08:46:47.6855570Z x iPhoneOS16.5.sdk/System/Library/PrivateFrameworks/BlastDoor.framework/BlastDoor.tbd
2026-06-03T08:46:47.6856020Z x iPhoneOS16.5.sdk/System/Library/PrivateFrameworks/CoreUI.framework/
2026-06-03T08:46:47.6860970Z x iPhoneOS16.5.sdk/System/Library/PrivateFrameworks/CoreUI.framework/CoreUI.tbd
2026-06-03T08:46:47.6862130Z x iPhoneOS16.5.sdk/System/Library/PrivateFrameworks/PDSAgent.framework/
2026-06-03T08:46:47.6862450Z x iPhoneOS16.5.sdk/System/Library/PrivateFrameworks/PDSAgent.framework/PDSAgent.tbd
2026-06-03T08:46:47.6862800Z x iPhoneOS16.5.sdk/System/Library/PrivateFrameworks/ContainerManagerUser.framework/
2026-06-03T08:46:47.6865370Z x iPhoneOS16.5.sdk/System/Library/PrivateFrameworks/ContainerManagerUser.framework/ContainerManagerUser.tbd
2026-06-03T08:46:47.6865850Z x iPhoneOS16.5.sdk/System/Library/PrivateFrameworks/TelephonyUI.framework/
2026-06-03T08:46:47.6867080Z x iPhoneOS16.5.sdk/System/Library/PrivateFrameworks/TelephonyUI.framework/TelephonyUI.tbd
2026-06-03T08:46:47.6867750Z x iPhoneOS16.5.sdk/System/Library/PrivateFrameworks/BiomeSequence.framework/
2026-06-03T08:46:47.6868370Z x iPhoneOS16.5.sdk/System/Library/PrivateFrameworks/BiomeSequence.framework/BiomeSequence.tbd
2026-06-03T08:46:47.6868830Z x iPhoneOS16.5.sdk/System/Library/PrivateFrameworks/WiFiAnalytics.framework/
2026-06-03T08:46:47.6875120Z x iPhoneOS16.5.sdk/System/Library/PrivateFrameworks/WiFiAnalytics.framework/WiFiAnalytics.tbd
2026-06-03T08:46:47.6875630Z x iPhoneOS16.5.sdk/System/Library/PrivateFrameworks/PerfPowerTelemetryReader.framework/
2026-06-03T08:46:47.6876710Z x iPhoneOS16.5.sdk/System/Library/PrivateFrameworks/PerfPowerTelemetryReader.framework/PerfPowerTelemetryReader.tbd
2026-06-03T08:46:47.6877140Z x iPhoneOS16.5.sdk/System/Library/PrivateFrameworks/DropIn.framework/
2026-06-03T08:46:47.6879730Z x iPhoneOS16.5.sdk/System/Library/PrivateFrameworks/DropIn.framework/DropIn.tbd
2026-06-03T08:46:47.6881590Z x iPhoneOS16.5.sdk/System/Library/PrivateFrameworks/PromotedContent.framework/
2026-06-03T08:46:47.6884260Z x iPhoneOS16.5.sdk/System/Library/PrivateFrameworks/PromotedContent.framework/PromotedContent.tbd
2026-06-03T08:46:47.6885740Z x iPhoneOS16.5.sdk/System/Library/PrivateFrameworks/DisembarkUI.framework/
2026-06-03T08:46:47.6896100Z x iPhoneOS16.5.sdk/System/Library/PrivateFrameworks/DisembarkUI.framework/DisembarkUI.tbd
2026-06-03T08:46:47.6897500Z x iPhoneOS16.5.sdk/System/Library/PrivateFrameworks/CoordinationCore.framework/
2026-06-03T08:46:47.6899970Z x iPhoneOS16.5.sdk/System/Library/PrivateFrameworks/CoordinationCore.framework/CoordinationCore.tbd
2026-06-03T08:46:47.6901530Z x iPhoneOS16.5.sdk/System/Library/PrivateFrameworks/SetupAssistantSupport.framework/
2026-06-03T08:46:47.6904050Z x iPhoneOS16.5.sdk/System/Library/PrivateFrameworks/SetupAssistantSupport.framework/SetupAssistantSupport.tbd
2026-06-03T08:46:47.6905390Z x iPhoneOS16.5.sdk/System/Library/PrivateFrameworks/HomeSharing.framework/
2026-06-03T08:46:47.6917390Z x iPhoneOS16.5.sdk/System/Library/PrivateFrameworks/HomeSharing.framework/HomeSharing.tbd
2026-06-03T08:46:47.6917590Z x iPhoneOS16.5.sdk/System/Library/PrivateFrameworks/PhotoAnalysis.framework/
2026-06-03T08:46:47.6922070Z x iPhoneOS16.5.sdk/System/Library/PrivateFrameworks/PhotoAnalysis.framework/PhotoAnalysis.tbd
2026-06-03T08:46:47.6922470Z x iPhoneOS16.5.sdk/System/Library/PrivateFrameworks/DeviceAccess.framework/
2026-06-03T08:46:47.6923460Z x iPhoneOS16.5.sdk/System/Library/PrivateFrameworks/DeviceAccess.framework/DeviceAccess.tbd
2026-06-03T08:46:47.6923900Z x iPhoneOS16.5.sdk/System/Library/PrivateFrameworks/AVConference.framework/
2026-06-03T08:46:47.6990160Z x iPhoneOS16.5.sdk/System/Library/PrivateFrameworks/AVConference.framework/AVConference.tbd
2026-06-03T08:46:47.6991050Z x iPhoneOS16.5.sdk/System/Library/PrivateFrameworks/AVConference.framework/Frameworks/
2026-06-03T08:46:47.6992060Z x iPhoneOS16.5.sdk/System/Library/PrivateFrameworks/AVConference.framework/Frameworks/ViceroyTrace.framework/
2026-06-03T08:46:47.7007060Z x iPhoneOS16.5.sdk/System/Library/PrivateFrameworks/AVConference.framework/Frameworks/ViceroyTrace.framework/ViceroyTrace.tbd
2026-06-03T08:46:47.7007340Z x iPhoneOS16.5.sdk/System/Library/PrivateFrameworks/AVConference.framework/Frameworks/snatmap.framework/
2026-06-03T08:46:47.7009980Z x iPhoneOS16.5.sdk/System/Library/PrivateFrameworks/AVConference.framework/Frameworks/snatmap.framework/snatmap.tbd
2026-06-03T08:46:47.7010820Z x iPhoneOS16.5.sdk/System/Library/PrivateFrameworks/AVConference.framework/Frameworks/LegacyHandle.framework/
2026-06-03T08:46:47.7012190Z x iPhoneOS16.5.sdk/System/Library/PrivateFrameworks/AVConference.framework/Frameworks/LegacyHandle.framework/LegacyHandle.tbd
2026-06-03T08:46:47.7012450Z x iPhoneOS16.5.sdk/System/Library/PrivateFrameworks/AVConference.framework/Frameworks/ICE.framework/
2026-06-03T08:46:47.7017790Z x iPhoneOS16.5.sdk/System/Library/PrivateFrameworks/AVConference.framework/Frameworks/ICE.framework/ICE.tbd
2026-06-03T08:46:47.7018400Z x iPhoneOS16.5.sdk/System/Library/PrivateFrameworks/AVConference.framework/Frameworks/SimpleKeyExchange.framework/
2026-06-03T08:46:47.7018790Z x iPhoneOS16.5.sdk/System/Library/PrivateFrameworks/AVConference.framework/Frameworks/SimpleKeyExchange.framework/SimpleKeyExchange.tbd
2026-06-03T08:46:47.7019270Z x iPhoneOS16.5.sdk/System/Library/PrivateFrameworks/AVConference.framework/Frameworks/GKSPerformance.framework/
2026-06-03T08:46:47.7091540Z x iPhoneOS16.5.sdk/System/Library/PrivateFrameworks/AVConference.framework/Frameworks/GKSPerformance.framework/GKSPerformance.tbd
2026-06-03T08:46:47.7091930Z x iPhoneOS16.5.sdk/System/Library/PrivateFrameworks/NewsSubscription.framework/
2026-06-03T08:46:47.7143250Z x iPhoneOS16.5.sdk/System/Library/PrivateFrameworks/NewsSubscription.framework/NewsSubscription.tbd
2026-06-03T08:46:47.7143510Z x iPhoneOS16.5.sdk/System/Library/PrivateFrameworks/NewsAds.framework/
2026-06-03T08:46:47.7144490Z x iPhoneOS16.5.sdk/System/Library/PrivateFrameworks/NewsAds.framework/NewsAds.tbd
2026-06-03T08:46:47.7145120Z x iPhoneOS16.5.sdk/System/Library/PrivateFrameworks/ManagedConfiguration.framework/
2026-06-03T08:46:47.7154640Z x iPhoneOS16.5.sdk/System/Library/PrivateFrameworks/ManagedConfiguration.framework/ManagedConfiguration.tbd
2026-06-03T08:46:47.7154910Z x iPhoneOS16.5.sdk/System/Library/PrivateFrameworks/SilexVideo.framework/
2026-06-03T08:46:47.7156020Z x iPhoneOS16.5.sdk/System/Library/PrivateFrameworks/SilexVideo.framework/SilexVideo.tbd
2026-06-03T08:46:47.7156500Z x iPhoneOS16.5.sdk/System/Library/PrivateFrameworks/MediaGroups.framework/
2026-06-03T08:46:47.7158060Z x iPhoneOS16.5.sdk/System/Library/PrivateFrameworks/MediaGroups.framework/MediaGroups.tbd
2026-06-03T08:46:47.7158270Z x iPhoneOS16.5.sdk/System/Library/PrivateFrameworks/APConfigurationSystem.framework/
2026-06-03T08:46:47.7159060Z x iPhoneOS16.5.sdk/System/Library/PrivateFrameworks/APConfigurationSystem.framework/APConfigurationSystem.tbd
2026-06-03T08:46:47.7159400Z x iPhoneOS16.5.sdk/System/Library/PrivateFrameworks/DiskArbitration.framework/
2026-06-03T08:46:47.7160430Z x iPhoneOS16.5.sdk/System/Library/PrivateFrameworks/DiskArbitration.framework/DiskArbitration.tbd
2026-06-03T08:46:47.7161000Z x iPhoneOS16.5.sdk/System/Library/PrivateFrameworks/AppleIDAuthSupport.framework/
2026-06-03T08:46:47.7162230Z x iPhoneOS16.5.sdk/System/Library/PrivateFrameworks/AppleIDAuthSupport.framework/AppleIDAuthSupport.tbd
2026-06-03T08:46:47.7162670Z x iPhoneOS16.5.sdk/System/Library/PrivateFrameworks/MessageSupport.framework/
2026-06-03T08:46:47.7164690Z x iPhoneOS16.5.sdk/System/Library/PrivateFrameworks/MessageSupport.framework/MessageSupport.tbd
2026-06-03T08:46:47.7165100Z x iPhoneOS16.5.sdk/System/Library/PrivateFrameworks/PointerUIServices.framework/
2026-06-03T08:46:47.7166160Z x iPhoneOS16.5.sdk/System/Library/PrivateFrameworks/PointerUIServices.framework/PointerUIServices.tbd
2026-06-03T08:46:47.7166750Z x iPhoneOS16.5.sdk/System/Library/PrivateFrameworks/CoreParsec.framework/
2026-06-03T08:46:47.7171730Z x iPhoneOS16.5.sdk/System/Library/PrivateFrameworks/CoreParsec.framework/CoreParsec.tbd
2026-06-03T08:46:47.7172260Z x iPhoneOS16.5.sdk/System/Library/PrivateFrameworks/MetricMeasurement.framework/
2026-06-03T08:46:47.7173280Z x iPhoneOS16.5.sdk/System/Library/PrivateFrameworks/MetricMeasurement.framework/MetricMeasurement.tbd
2026-06-03T08:46:47.7173780Z x iPhoneOS16.5.sdk/System/Library/PrivateFrameworks/Stateful.framework/
2026-06-03T08:46:47.7174950Z x iPhoneOS16.5.sdk/System/Library/PrivateFrameworks/Stateful.framework/Stateful.tbd
2026-06-03T08:46:47.7175160Z x iPhoneOS16.5.sdk/System/Library/PrivateFrameworks/MediaKit.framework/
2026-06-03T08:46:47.7180760Z x iPhoneOS16.5.sdk/System/Library/PrivateFrameworks/MediaKit.framework/MediaKit.tbd
2026-06-03T08:46:47.7181230Z x iPhoneOS16.5.sdk/System/Library/PrivateFrameworks/CarKit.framework/
2026-06-03T08:46:47.7182290Z x iPhoneOS16.5.sdk/System/Library/PrivateFrameworks/CarKit.framework/CarKit.tbd
2026-06-03T08:46:47.7182990Z x iPhoneOS16.5.sdk/System/Library/PrivateFrameworks/ConversationKit.framework/
2026-06-03T08:46:47.7286070Z x iPhoneOS16.5.sdk/System/Library/PrivateFrameworks/ConversationKit.framework/ConversationKit.tbd
2026-06-03T08:46:47.7287420Z x iPhoneOS16.5.sdk/System/Library/PrivateFrameworks/SoftwareUpdateCore.framework/
2026-06-03T08:46:47.7295930Z x iPhoneOS16.5.sdk/System/Library/PrivateFrameworks/SoftwareUpdateCore.framework/SoftwareUpdateCore.tbd
2026-06-03T08:46:47.7296650Z x iPhoneOS16.5.sdk/System/Library/PrivateFrameworks/SeymourUI.framework/
2026-06-03T08:46:47.7301830Z x iPhoneOS16.5.sdk/System/Library/PrivateFrameworks/SeymourUI.framework/SeymourUI.tbd
2026-06-03T08:46:47.7302470Z x iPhoneOS16.5.sdk/System/Library/PrivateFrameworks/MobileSoftwareUpdate.framework/
2026-06-03T08:46:47.7303540Z x iPhoneOS16.5.sdk/System/Library/PrivateFrameworks/MobileSoftwareUpdate.framework/MobileSoftwareUpdate.tbd
2026-06-03T08:46:47.7305570Z x iPhoneOS16.5.sdk/System/Library/PrivateFrameworks/AppleMobileFileIntegrity.framework/
2026-06-03T08:46:47.7306370Z x iPhoneOS16.5.sdk/System/Library/PrivateFrameworks/AppleMobileFileIntegrity.framework/AppleMobileFileIntegrity.tbd
2026-06-03T08:46:47.7307060Z x iPhoneOS16.5.sdk/System/Library/PrivateFrameworks/AppPredictionInternal.framework/
2026-06-03T08:46:47.7332590Z x iPhoneOS16.5.sdk/System/Library/PrivateFrameworks/AppPredictionInternal.framework/AppPredictionInternal.tbd
2026-06-03T08:46:47.7340530Z x iPhoneOS16.5.sdk/System/Library/PrivateFrameworks/SidecarCore.framework/
2026-06-03T08:46:47.7341150Z x iPhoneOS16.5.sdk/System/Library/PrivateFrameworks/SidecarCore.framework/SidecarCore.tbd
2026-06-03T08:46:47.7341780Z x iPhoneOS16.5.sdk/System/Library/PrivateFrameworks/Notes.framework/
2026-06-03T08:46:47.7342260Z x iPhoneOS16.5.sdk/System/Library/PrivateFrameworks/Notes.framework/Notes.tbd
2026-06-03T08:46:47.7342800Z x iPhoneOS16.5.sdk/System/Library/PrivateFrameworks/CarPlayUIServices.framework/
2026-06-03T08:46:47.7343420Z x iPhoneOS16.5.sdk/System/Library/PrivateFrameworks/CarPlayUIServices.framework/CarPlayUIServices.tbd
2026-06-03T08:46:47.7344990Z x iPhoneOS16.5.sdk/System/Library/PrivateFrameworks/MultitouchSupport.framework/
2026-06-03T08:46:47.7345600Z x iPhoneOS16.5.sdk/System/Library/PrivateFrameworks/MultitouchSupport.framework/MultitouchSupport.tbd
2026-06-03T08:46:47.7346190Z x iPhoneOS16.5.sdk/System/Library/PrivateFrameworks/AirPlayKit.framework/
2026-06-03T08:46:47.7346730Z x iPhoneOS16.5.sdk/System/Library/PrivateFrameworks/AirPlayKit.framework/AirPlayKit.tbd
2026-06-03T08:46:47.7347440Z x iPhoneOS16.5.sdk/System/Library/PrivateFrameworks/NewsUI2.framework/
2026-06-03T08:46:47.7348900Z x iPhoneOS16.5.sdk/System/Library/PrivateFrameworks/NewsUI2.framework/NewsUI2.tbd
2026-06-03T08:46:47.7349400Z x iPhoneOS16.5.sdk/System/Library/PrivateFrameworks/CVNLP.framework/
2026-06-03T08:46:47.7350090Z x iPhoneOS16.5.sdk/System/Library/PrivateFrameworks/CVNLP.framework/CVNLP.tbd
2026-06-03T08:46:47.7350620Z x iPhoneOS16.5.sdk/System/Library/PrivateFrameworks/SMBClientEngine.framework/
2026-06-03T08:46:47.7351310Z x iPhoneOS16.5.sdk/System/Library/PrivateFrameworks/SMBClientEngine.framework/SMBClientEngine.tbd
2026-06-03T08:46:47.7351930Z x iPhoneOS16.5.sdk/System/Library/PrivateFrameworks/AppPredictionFoundation.framework/
2026-06-03T08:46:47.7352740Z x iPhoneOS16.5.sdk/System/Library/PrivateFrameworks/AppPredictionFoundation.framework/AppPredictionFoundation.tbd
2026-06-03T08:46:47.7354440Z x iPhoneOS16.5.sdk/System/Library/PrivateFrameworks/AppState.framework/
2026-06-03T08:46:47.7355780Z x iPhoneOS16.5.sdk/System/Library/PrivateFrameworks/AppState.framework/AppState.tbd
2026-06-03T08:46:47.7356410Z x iPhoneOS16.5.sdk/System/Library/PrivateFrameworks/MobileContainerManager.framework/
2026-06-03T08:46:47.7357110Z x iPhoneOS16.5.sdk/System/Library/PrivateFrameworks/MobileContainerManager.framework/MobileContainerManager.tbd
2026-06-03T08:46:47.7357680Z x iPhoneOS16.5.sdk/System/Library/PrivateFrameworks/XCTTargetBootstrap.framework/
2026-06-03T08:46:47.7358360Z x iPhoneOS16.5.sdk/System/Library/PrivateFrameworks/XCTTargetBootstrap.framework/XCTTargetBootstrap.tbd
2026-06-03T08:46:47.7358910Z x iPhoneOS16.5.sdk/System/Library/PrivateFrameworks/AccessoryCommunications.framework/
2026-06-03T08:46:47.7359480Z x iPhoneOS16.5.sdk/System/Library/PrivateFrameworks/AccessoryCommunications.framework/AccessoryCommunications.tbd
2026-06-03T08:46:47.7360030Z x iPhoneOS16.5.sdk/System/Library/PrivateFrameworks/QuickLookUICore.framework/
2026-06-03T08:46:47.7361600Z x iPhoneOS16.5.sdk/System/Library/PrivateFrameworks/QuickLookUICore.framework/QuickLookUICore.tbd
2026-06-03T08:46:47.7362110Z x iPhoneOS16.5.sdk/System/Library/PrivateFrameworks/DocumentManagerUICore.framework/
2026-06-03T08:46:47.7363700Z x iPhoneOS16.5.sdk/System/Library/PrivateFrameworks/DocumentManagerUICore.framework/DocumentManagerUICore.tbd
2026-06-03T08:46:47.7364350Z x iPhoneOS16.5.sdk/System/Library/PrivateFrameworks/AppleMediaServicesUIDynamic.framework/
2026-06-03T08:46:47.7365130Z x iPhoneOS16.5.sdk/System/Library/PrivateFrameworks/AppleMediaServicesUIDynamic.framework/AppleMediaServicesUIDynamic.tbd
2026-06-03T08:46:47.7365810Z x iPhoneOS16.5.sdk/System/Library/PrivateFrameworks/AirPortAssistant.framework/
2026-06-03T08:46:47.7366320Z x iPhoneOS16.5.sdk/System/Library/PrivateFrameworks/AirPortAssistant.framework/AirPortAssistant.tbd
2026-06-03T08:46:47.7366780Z x iPhoneOS16.5.sdk/System/Library/PrivateFrameworks/APFS.framework/
2026-06-03T08:46:47.7367170Z x iPhoneOS16.5.sdk/System/Library/PrivateFrameworks/APFS.framework/APFS.tbd
2026-06-03T08:46:47.7367660Z x iPhoneOS16.5.sdk/System/Library/PrivateFrameworks/PaperKit.framework/
2026-06-03T08:46:47.7382830Z x iPhoneOS16.5.sdk/System/Library/PrivateFrameworks/PaperKit.framework/PaperKit.tbd
2026-06-03T08:46:47.7383440Z x iPhoneOS16.5.sdk/System/Library/PrivateFrameworks/VideoToolboxParavirtualizationSupport.framework/
2026-06-03T08:46:47.7384280Z x iPhoneOS16.5.sdk/System/Library/PrivateFrameworks/VideoToolboxParavirtualizationSupport.framework/VideoToolboxParavirtualizationSupport.tbd
2026-06-03T08:46:47.7384960Z x iPhoneOS16.5.sdk/System/Library/PrivateFrameworks/CoreSpeechFoundation.framework/
2026-06-03T08:46:47.7385590Z x iPhoneOS16.5.sdk/System/Library/PrivateFrameworks/CoreSpeechFoundation.framework/CoreSpeechFoundation.tbd
2026-06-03T08:46:47.7386120Z x iPhoneOS16.5.sdk/System/Library/PrivateFrameworks/CoreBrightness.framework/
2026-06-03T08:46:47.7391420Z x iPhoneOS16.5.sdk/System/Library/PrivateFrameworks/CoreBrightness.framework/CoreBrightness.tbd
2026-06-03T08:46:47.7392040Z x iPhoneOS16.5.sdk/System/Library/PrivateFrameworks/iCloudDriveService.framework/
2026-06-03T08:46:47.7392740Z x iPhoneOS16.5.sdk/System/Library/PrivateFrameworks/iCloudDriveService.framework/iCloudDriveService.tbd
2026-06-03T08:46:47.7393260Z x iPhoneOS16.5.sdk/System/Library/PrivateFrameworks/BookFoundation.framework/
2026-06-03T08:46:47.7393980Z x iPhoneOS16.5.sdk/System/Library/PrivateFrameworks/BookFoundation.framework/BookFoundation.tbd
2026-06-03T08:46:47.7394490Z x iPhoneOS16.5.sdk/System/Library/PrivateFrameworks/WirelessProximity.framework/
2026-06-03T08:46:47.7395260Z x iPhoneOS16.5.sdk/System/Library/PrivateFrameworks/WirelessProximity.framework/WirelessProximity.tbd
2026-06-03T08:46:47.7395790Z x iPhoneOS16.5.sdk/System/Library/PrivateFrameworks/ControlCenterUIKit.framework/
2026-06-03T08:46:47.7401430Z x iPhoneOS16.5.sdk/System/Library/PrivateFrameworks/ControlCenterUIKit.framework/ControlCenterUIKit.tbd
2026-06-03T08:46:47.7402010Z x iPhoneOS16.5.sdk/System/Library/PrivateFrameworks/WebCore.framework/
2026-06-03T08:46:47.7402420Z x iPhoneOS16.5.sdk/System/Library/PrivateFrameworks/WebCore.framework/Frameworks/
2026-06-03T08:46:47.7403290Z x iPhoneOS16.5.sdk/System/Library/PrivateFrameworks/WebCore.framework/Frameworks/libANGLE-shared.tbd
2026-06-03T08:46:47.7410350Z x iPhoneOS16.5.sdk/System/Library/PrivateFrameworks/WebCore.framework/Frameworks/libwebrtc.tbd
2026-06-03T08:46:47.7485030Z x iPhoneOS16.5.sdk/System/Library/PrivateFrameworks/WebCore.framework/WebCore.tbd
2026-06-03T08:46:47.7485860Z x iPhoneOS16.5.sdk/System/Library/PrivateFrameworks/PlacesKit.framework/
2026-06-03T08:46:47.7501370Z x iPhoneOS16.5.sdk/System/Library/PrivateFrameworks/PlacesKit.framework/PlacesKit.tbd
2026-06-03T08:46:47.7502030Z x iPhoneOS16.5.sdk/System/Library/PrivateFrameworks/DASDaemon.framework/
2026-06-03T08:46:47.7502570Z x iPhoneOS16.5.sdk/System/Library/PrivateFrameworks/DASDaemon.framework/DASDaemon.tbd
2026-06-03T08:46:47.7503250Z x iPhoneOS16.5.sdk/System/Library/PrivateFrameworks/WallpaperKit.framework/
2026-06-03T08:46:47.7503850Z x iPhoneOS16.5.sdk/System/Library/PrivateFrameworks/WallpaperKit.framework/WallpaperKit.tbd
2026-06-03T08:46:47.7504450Z x iPhoneOS16.5.sdk/System/Library/PrivateFrameworks/SpotlightFoundation.framework/
2026-06-03T08:46:47.7505250Z x iPhoneOS16.5.sdk/System/Library/PrivateFrameworks/SpotlightFoundation.framework/SpotlightFoundation.tbd
2026-06-03T08:46:47.7506680Z x iPhoneOS16.5.sdk/System/Library/PrivateFrameworks/DTXConnectionServices.framework/
2026-06-03T08:46:47.7507350Z x iPhoneOS16.5.sdk/System/Library/PrivateFrameworks/DTXConnectionServices.framework/DTXConnectionServices.tbd
2026-06-03T08:46:47.7508100Z x iPhoneOS16.5.sdk/System/Library/PrivateFrameworks/RTTUI.framework/
2026-06-03T08:46:47.7508590Z x iPhoneOS16.5.sdk/System/Library/PrivateFrameworks/RTTUI.framework/RTTUI.tbd
2026-06-03T08:46:47.7509230Z x iPhoneOS16.5.sdk/System/Library/PrivateFrameworks/StorageSettings.framework/
2026-06-03T08:46:47.7509820Z x iPhoneOS16.5.sdk/System/Library/PrivateFrameworks/StorageSettings.framework/StorageSettings.tbd
2026-06-03T08:46:47.7510400Z x iPhoneOS16.5.sdk/System/Library/PrivateFrameworks/UsageTracking.framework/
2026-06-03T08:46:47.7511950Z x iPhoneOS16.5.sdk/System/Library/PrivateFrameworks/UsageTracking.framework/UsageTracking.tbd
2026-06-03T08:46:47.7512430Z x iPhoneOS16.5.sdk/System/Library/PrivateFrameworks/FontServices.framework/
2026-06-03T08:46:47.7512900Z x iPhoneOS16.5.sdk/System/Library/PrivateFrameworks/FontServices.framework/FontServices.tbd
2026-06-03T08:46:47.7513430Z x iPhoneOS16.5.sdk/System/Library/PrivateFrameworks/FontServices.framework/libType1Scaler.tbd
2026-06-03T08:46:47.7514400Z x iPhoneOS16.5.sdk/System/Library/PrivateFrameworks/FontServices.framework/libhvf.tbd
2026-06-03T08:46:47.7515440Z x iPhoneOS16.5.sdk/System/Library/PrivateFrameworks/FontServices.framework/libFontParser.tbd
2026-06-03T08:46:47.7516510Z x iPhoneOS16.5.sdk/System/Library/PrivateFrameworks/FontServices.framework/libGSFontCache.tbd
2026-06-03T08:46:47.7517940Z x iPhoneOS16.5.sdk/System/Library/PrivateFrameworks/FontServices.framework/libGSFont.tbd
2026-06-03T08:46:47.7522280Z x iPhoneOS16.5.sdk/System/Library/PrivateFrameworks/DrawingKit.framework/
2026-06-03T08:46:47.7523160Z x iPhoneOS16.5.sdk/System/Library/PrivateFrameworks/DrawingKit.framework/DrawingKit.tbd
2026-06-03T08:46:47.7523720Z x iPhoneOS16.5.sdk/System/Library/PrivateFrameworks/SoundBoardServices.framework/
2026-06-03T08:46:47.7524510Z x iPhoneOS16.5.sdk/System/Library/PrivateFrameworks/SoundBoardServices.framework/SoundBoardServices.tbd
2026-06-03T08:46:47.7525100Z x iPhoneOS16.5.sdk/System/Library/PrivateFrameworks/MobileSync.framework/
2026-06-03T08:46:47.7525680Z x iPhoneOS16.5.sdk/System/Library/PrivateFrameworks/MobileSync.framework/MobileSync.tbd
2026-06-03T08:46:47.7526230Z x iPhoneOS16.5.sdk/System/Library/PrivateFrameworks/AutomationMode.framework/
2026-06-03T08:46:47.7527490Z x iPhoneOS16.5.sdk/System/Library/PrivateFrameworks/AutomationMode.framework/AutomationMode.tbd
2026-06-03T08:46:47.7527960Z x iPhoneOS16.5.sdk/System/Library/PrivateFrameworks/HelpKit.framework/
2026-06-03T08:46:47.7528690Z x iPhoneOS16.5.sdk/System/Library/PrivateFrameworks/HelpKit.framework/HelpKit.tbd
2026-06-03T08:46:47.7529240Z x iPhoneOS16.5.sdk/System/Library/PrivateFrameworks/CloudMediaServicesInterfaceKit.framework/
2026-06-03T08:46:47.7535100Z x iPhoneOS16.5.sdk/System/Library/PrivateFrameworks/CloudMediaServicesInterfaceKit.framework/CloudMediaServicesInterfaceKit.tbd
2026-06-03T08:46:47.7535950Z x iPhoneOS16.5.sdk/System/Library/PrivateFrameworks/DiskSpaceDiagnostics.framework/
2026-06-03T08:46:47.7537730Z x iPhoneOS16.5.sdk/System/Library/PrivateFrameworks/DiskSpaceDiagnostics.framework/DiskSpaceDiagnostics.tbd
2026-06-03T08:46:47.7538500Z x iPhoneOS16.5.sdk/System/Library/PrivateFrameworks/DataDetectorsCore.framework/
2026-06-03T08:46:47.7539040Z x iPhoneOS16.5.sdk/System/Library/PrivateFrameworks/DataDetectorsCore.framework/DataDetectorsCore.tbd
2026-06-03T08:46:47.7539580Z x iPhoneOS16.5.sdk/System/Library/PrivateFrameworks/DataDetectorsCore.framework/PlugIns/
2026-06-03T08:46:47.7540150Z x iPhoneOS16.5.sdk/System/Library/PrivateFrameworks/DataDetectorsCore.framework/PlugIns/PhoneNumbers.plugin/
2026-06-03T08:46:47.7540820Z x iPhoneOS16.5.sdk/System/Library/PrivateFrameworks/DataDetectorsCore.framework/PlugIns/PhoneNumbers.plugin/PhoneNumbers.tbd
2026-06-03T08:46:47.7541380Z x iPhoneOS16.5.sdk/System/Library/PrivateFrameworks/EditScript.framework/
2026-06-03T08:46:47.7542000Z x iPhoneOS16.5.sdk/System/Library/PrivateFrameworks/EditScript.framework/EditScript.tbd
2026-06-03T08:46:47.7542520Z x iPhoneOS16.5.sdk/System/Library/PrivateFrameworks/WebKitLegacy.framework/
2026-06-03T08:46:47.7546440Z x iPhoneOS16.5.sdk/System/Library/PrivateFrameworks/WebKitLegacy.framework/WebKitLegacy.tbd
2026-06-03T08:46:47.7547070Z x iPhoneOS16.5.sdk/System/Library/PrivateFrameworks/Feedback.framework/
2026-06-03T08:46:47.7548730Z x iPhoneOS16.5.sdk/System/Library/PrivateFrameworks/Feedback.framework/Feedback.tbd
2026-06-03T08:46:47.7549170Z x iPhoneOS16.5.sdk/System/Library/PrivateFrameworks/RemoteXPC.framework/
2026-06-03T08:46:47.7549640Z x iPhoneOS16.5.sdk/System/Library/PrivateFrameworks/RemoteXPC.framework/RemoteXPC.tbd
2026-06-03T08:46:47.7550220Z x iPhoneOS16.5.sdk/System/Library/PrivateFrameworks/SuggestionsSpotlightMetrics.framework/
2026-06-03T08:46:47.7551130Z x iPhoneOS16.5.sdk/System/Library/PrivateFrameworks/SuggestionsSpotlightMetrics.framework/SuggestionsSpotlightMetrics.tbd
2026-06-03T08:46:47.7551720Z x iPhoneOS16.5.sdk/System/Library/PrivateFrameworks/StorageData.framework/
2026-06-03T08:46:47.7552390Z x iPhoneOS16.5.sdk/System/Library/PrivateFrameworks/StorageData.framework/StorageData.tbd
2026-06-03T08:46:47.7552880Z x iPhoneOS16.5.sdk/System/Library/PrivateFrameworks/AppleServiceToolkit.framework/
2026-06-03T08:46:47.7554390Z x iPhoneOS16.5.sdk/System/Library/PrivateFrameworks/AppleServiceToolkit.framework/AppleServiceToolkit.tbd
2026-06-03T08:46:47.7555020Z x iPhoneOS16.5.sdk/System/Library/PrivateFrameworks/WebContentRestrictions.framework/
2026-06-03T08:46:47.7555880Z x iPhoneOS16.5.sdk/System/Library/PrivateFrameworks/WebContentRestrictions.framework/WebContentRestrictions.tbd
2026-06-03T08:46:47.7556440Z x iPhoneOS16.5.sdk/System/Library/PrivateFrameworks/IDSHashPersistence.framework/
2026-06-03T08:46:47.7559790Z x iPhoneOS16.5.sdk/System/Library/PrivateFrameworks/IDSHashPersistence.framework/IDSHashPersistence.tbd
2026-06-03T08:46:47.7560310Z x iPhoneOS16.5.sdk/System/Library/PrivateFrameworks/SiriUtilities.framework/
2026-06-03T08:46:47.7567340Z x iPhoneOS16.5.sdk/System/Library/PrivateFrameworks/SiriUtilities.framework/SiriUtilities.tbd
2026-06-03T08:46:47.7567790Z x iPhoneOS16.5.sdk/System/Library/PrivateFrameworks/CorePDF.framework/
2026-06-03T08:46:47.7573770Z x iPhoneOS16.5.sdk/System/Library/PrivateFrameworks/CorePDF.framework/CorePDF.tbd
2026-06-03T08:46:47.7574400Z x iPhoneOS16.5.sdk/System/Library/PrivateFrameworks/SiriAppLaunchIntents.framework/
2026-06-03T08:46:47.7575360Z x iPhoneOS16.5.sdk/System/Library/PrivateFrameworks/SiriAppLaunchIntents.framework/SiriAppLaunchIntents.tbd
2026-06-03T08:46:47.7575880Z x iPhoneOS16.5.sdk/System/Library/PrivateFrameworks/BagKit.framework/
2026-06-03T08:46:47.7576690Z x iPhoneOS16.5.sdk/System/Library/PrivateFrameworks/BagKit.framework/BagKit.tbd
2026-06-03T08:46:47.7577240Z x iPhoneOS16.5.sdk/System/Library/PrivateFrameworks/SensorKitHelper.framework/
2026-06-03T08:46:47.7578170Z x iPhoneOS16.5.sdk/System/Library/PrivateFrameworks/SensorKitHelper.framework/SensorKitHelper.tbd
2026-06-03T08:46:47.7578750Z x iPhoneOS16.5.sdk/System/Library/PrivateFrameworks/XavierNews.framework/
2026-06-03T08:46:47.7579810Z x iPhoneOS16.5.sdk/System/Library/PrivateFrameworks/XavierNews.framework/XavierNews.tbd
2026-06-03T08:46:47.7580380Z x iPhoneOS16.5.sdk/System/Library/PrivateFrameworks/PhotoBoothEffects.framework/
2026-06-03T08:46:47.7581210Z x iPhoneOS16.5.sdk/System/Library/PrivateFrameworks/PhotoBoothEffects.framework/PhotoBoothEffects.tbd
2026-06-03T08:46:47.7682390Z x iPhoneOS16.5.sdk/System/Library/PrivateFrameworks/AppleAccountUI.framework/
2026-06-03T08:46:47.7782670Z x iPhoneOS16.5.sdk/System/Library/PrivateFrameworks/AppleAccountUI.framework/AppleAccountUI.tbd
2026-06-03T08:46:47.7884450Z x iPhoneOS16.5.sdk/System/Library/PrivateFrameworks/AccessibilityUIService.framework/
2026-06-03T08:46:47.8044180Z x iPhoneOS16.5.sdk/System/Library/PrivateFrameworks/AccessibilityUIService.framework/AccessibilityUIService.tbd
2026-06-03T08:46:47.8159070Z x iPhoneOS16.5.sdk/System/Library/PrivateFrameworks/CoreSDB.framework/
2026-06-03T08:46:47.8318770Z x iPhoneOS16.5.sdk/System/Library/PrivateFrameworks/CoreSDB.framework/CoreSDB.tbd
2026-06-03T08:46:47.8422160Z x iPhoneOS16.5.sdk/System/Library/PrivateFrameworks/ProactiveShareSheetDataHarvestingLighthouse.framework/
2026-06-03T08:46:47.8521200Z x iPhoneOS16.5.sdk/System/Library/PrivateFrameworks/ProactiveShareSheetDataHarvestingLighthouse.framework/ProactiveShareSheetDataHarvestingLighthouse.tbd
2026-06-03T08:46:47.8623630Z x iPhoneOS16.5.sdk/System/Library/PrivateFrameworks/APTransport.framework/
2026-06-03T08:46:47.8724930Z x iPhoneOS16.5.sdk/System/Library/PrivateFrameworks/APTransport.framework/APTransport.tbd
2026-06-03T08:46:47.8826020Z x iPhoneOS16.5.sdk/System/Library/PrivateFrameworks/HealthMedicationsDaemonPlugin.framework/
2026-06-03T08:46:47.8928090Z x iPhoneOS16.5.sdk/System/Library/PrivateFrameworks/HealthMedicationsDaemonPlugin.framework/HealthMedicationsDaemonPlugin.tbd
2026-06-03T08:46:47.9030310Z x iPhoneOS16.5.sdk/System/Library/PrivateFrameworks/TuriCore.framework/
2026-06-03T08:46:47.9132230Z x iPhoneOS16.5.sdk/System/Library/PrivateFrameworks/TuriCore.framework/TuriCore.tbd
2026-06-03T08:46:47.9233420Z x iPhoneOS16.5.sdk/System/Library/PrivateFrameworks/ShazamInsights.framework/
2026-06-03T08:46:47.9333790Z x iPhoneOS16.5.sdk/System/Library/PrivateFrameworks/ShazamInsights.framework/ShazamInsights.tbd
2026-06-03T08:46:47.9434760Z x iPhoneOS16.5.sdk/System/Library/PrivateFrameworks/PrivacyAccounting.framework/
2026-06-03T08:46:47.9539950Z x iPhoneOS16.5.sdk/System/Library/PrivateFrameworks/PrivacyAccounting.framework/PrivacyAccounting.tbd
2026-06-03T08:46:47.9636720Z x iPhoneOS16.5.sdk/System/Library/PrivateFrameworks/SiriIntentEvents.framework/
2026-06-03T08:46:47.9737140Z x iPhoneOS16.5.sdk/System/Library/PrivateFrameworks/SiriIntentEvents.framework/SiriIntentEvents.tbd
2026-06-03T08:46:47.9838430Z x iPhoneOS16.5.sdk/System/Library/PrivateFrameworks/NanoPreferencesSync.framework/
2026-06-03T08:46:47.9869380Z x iPhoneOS16.5.sdk/System/Library/PrivateFrameworks/NanoPreferencesSync.framework/NanoPreferencesSync.tbd
2026-06-03T08:46:47.9869980Z x iPhoneOS16.5.sdk/System/Library/PrivateFrameworks/BatteryCenterUI.framework/
2026-06-03T08:46:47.9870500Z x iPhoneOS16.5.sdk/System/Library/PrivateFrameworks/BatteryCenterUI.framework/BatteryCenterUI.tbd
2026-06-03T08:46:47.9870990Z x iPhoneOS16.5.sdk/System/Library/PrivateFrameworks/SiriKitRuntime.framework/
2026-06-03T08:46:47.9871470Z x iPhoneOS16.5.sdk/System/Library/PrivateFrameworks/SiriKitRuntime.framework/SiriKitRuntime.tbd
2026-06-03T08:46:47.9871930Z x iPhoneOS16.5.sdk/System/Library/PrivateFrameworks/Cornobble.framework/
2026-06-03T08:46:47.9872360Z x iPhoneOS16.5.sdk/System/Library/PrivateFrameworks/Cornobble.framework/Cornobble.tbd
2026-06-03T08:46:47.9872800Z x iPhoneOS16.5.sdk/System/Library/PrivateFrameworks/BookUtility.framework/
2026-06-03T08:46:47.9873260Z x iPhoneOS16.5.sdk/System/Library/PrivateFrameworks/BookUtility.framework/BookUtility.tbd
2026-06-03T08:46:47.9873910Z x iPhoneOS16.5.sdk/System/Library/PrivateFrameworks/VisualVoicemail.framework/
2026-06-03T08:46:47.9874390Z x iPhoneOS16.5.sdk/System/Library/PrivateFrameworks/VisualVoicemail.framework/IMAP.vvservice/
2026-06-03T08:46:47.9875010Z x iPhoneOS16.5.sdk/System/Library/PrivateFrameworks/VisualVoicemail.framework/IMAP.vvservice/IMAP.tbd
2026-06-03T08:46:47.9875560Z x iPhoneOS16.5.sdk/System/Library/PrivateFrameworks/VisualVoicemail.framework/VisualVoicemail.tbd
2026-06-03T08:46:47.9876010Z x iPhoneOS16.5.sdk/System/Library/PrivateFrameworks/CPMS.framework/
2026-06-03T08:46:47.9876390Z x iPhoneOS16.5.sdk/System/Library/PrivateFrameworks/CPMS.framework/CPMS.tbd
2026-06-03T08:46:47.9876790Z x iPhoneOS16.5.sdk/System/Library/PrivateFrameworks/ITMLKit.framework/
2026-06-03T08:46:47.9877190Z x iPhoneOS16.5.sdk/System/Library/PrivateFrameworks/ITMLKit.framework/ITMLKit.tbd
2026-06-03T08:46:47.9877610Z x iPhoneOS16.5.sdk/System/Library/PrivateFrameworks/AssistantUI.framework/
2026-06-03T08:46:47.9878190Z x iPhoneOS16.5.sdk/System/Library/PrivateFrameworks/AssistantUI.framework/AssistantUI.tbd
2026-06-03T08:46:47.9878660Z x iPhoneOS16.5.sdk/System/Library/PrivateFrameworks/SiriAudioSupport.framework/
2026-06-03T08:46:47.9879160Z x iPhoneOS16.5.sdk/System/Library/PrivateFrameworks/SiriAudioSupport.framework/SiriAudioSupport.tbd
2026-06-03T08:46:47.9879660Z x iPhoneOS16.5.sdk/System/Library/PrivateFrameworks/AccessoryiAP2Shim.framework/
2026-06-03T08:46:47.9880170Z x iPhoneOS16.5.sdk/System/Library/PrivateFrameworks/AccessoryiAP2Shim.framework/AccessoryiAP2Shim.tbd
2026-06-03T08:46:47.9880670Z x iPhoneOS16.5.sdk/System/Library/PrivateFrameworks/HealthToolbox.framework/
2026-06-03T08:46:47.9881130Z x iPhoneOS16.5.sdk/System/Library/PrivateFrameworks/HealthToolbox.framework/HealthToolbox.tbd
2026-06-03T08:46:47.9881600Z x iPhoneOS16.5.sdk/System/Library/PrivateFrameworks/BiometricKit.framework/
2026-06-03T08:46:47.9882050Z x iPhoneOS16.5.sdk/System/Library/PrivateFrameworks/BiometricKit.framework/BiometricKit.tbd
2026-06-03T08:46:47.9882590Z x iPhoneOS16.5.sdk/System/Library/PrivateFrameworks/ProactiveSuggestionClientModel.framework/
2026-06-03T08:46:47.9883230Z x iPhoneOS16.5.sdk/System/Library/PrivateFrameworks/ProactiveSuggestionClientModel.framework/ProactiveSuggestionClientModel.tbd
2026-06-03T08:46:47.9883850Z x iPhoneOS16.5.sdk/System/Library/PrivateFrameworks/DeviceManagementTools.framework/
2026-06-03T08:46:47.9884410Z x iPhoneOS16.5.sdk/System/Library/PrivateFrameworks/DeviceManagementTools.framework/DeviceManagementTools.tbd
2026-06-03T08:46:47.9884940Z x iPhoneOS16.5.sdk/System/Library/PrivateFrameworks/BluetoothAudio.framework/
2026-06-03T08:46:47.9885420Z x iPhoneOS16.5.sdk/System/Library/PrivateFrameworks/BluetoothAudio.framework/BluetoothAudio.tbd
2026-06-03T08:46:47.9885910Z x iPhoneOS16.5.sdk/System/Library/PrivateFrameworks/SiriTasksEvaluation.framework/
2026-06-03T08:46:47.9886440Z x iPhoneOS16.5.sdk/System/Library/PrivateFrameworks/SiriTasksEvaluation.framework/SiriTasksEvaluation.tbd
2026-06-03T08:46:47.9886940Z x iPhoneOS16.5.sdk/System/Library/PrivateFrameworks/FriendKit.framework/
2026-06-03T08:46:47.9887370Z x iPhoneOS16.5.sdk/System/Library/PrivateFrameworks/FriendKit.framework/FriendKit.tbd
2026-06-03T08:46:47.9887830Z x iPhoneOS16.5.sdk/System/Library/PrivateFrameworks/CalendarFoundation.framework/
2026-06-03T08:46:47.9888350Z x iPhoneOS16.5.sdk/System/Library/PrivateFrameworks/CalendarFoundation.framework/CalendarFoundation.tbd
2026-06-03T08:46:47.9888940Z x iPhoneOS16.5.sdk/System/Library/PrivateFrameworks/SleepHealthDaemon.framework/
2026-06-03T08:46:47.9889450Z x iPhoneOS16.5.sdk/System/Library/PrivateFrameworks/SleepHealthDaemon.framework/SleepHealthDaemon.tbd
2026-06-03T08:46:47.9889950Z x iPhoneOS16.5.sdk/System/Library/PrivateFrameworks/CoreRepairKit.framework/
2026-06-03T08:46:47.9890420Z x iPhoneOS16.5.sdk/System/Library/PrivateFrameworks/CoreRepairKit.framework/CoreRepairKit.tbd
2026-06-03T08:46:47.9891000Z x iPhoneOS16.5.sdk/System/Library/PrivateFrameworks/AttentionAwareness.framework/
2026-06-03T08:46:47.9891620Z x iPhoneOS16.5.sdk/System/Library/PrivateFrameworks/AttentionAwareness.framework/AttentionAwareness.tbd
2026-06-03T08:46:47.9892190Z x iPhoneOS16.5.sdk/System/Library/PrivateFrameworks/IntentsFoundation.framework/
2026-06-03T08:46:47.9892700Z x iPhoneOS16.5.sdk/System/Library/PrivateFrameworks/IntentsFoundation.framework/IntentsFoundation.tbd
2026-06-03T08:46:47.9893200Z x iPhoneOS16.5.sdk/System/Library/PrivateFrameworks/CoreUtilsUI.framework/
2026-06-03T08:46:47.9893650Z x iPhoneOS16.5.sdk/System/Library/PrivateFrameworks/CoreUtilsUI.framework/CoreUtilsUI.tbd
2026-06-03T08:46:47.9894130Z x iPhoneOS16.5.sdk/System/Library/PrivateFrameworks/SchoolTimeSettingsUI.framework/
2026-06-03T08:46:47.9895940Z x iPhoneOS16.5.sdk/System/Library/PrivateFrameworks/SchoolTimeSettingsUI.framework/SchoolTimeSettingsUI.tbd
2026-06-03T08:46:47.9896460Z x iPhoneOS16.5.sdk/System/Library/PrivateFrameworks/MetricsKit.framework/
2026-06-03T08:46:47.9897000Z x iPhoneOS16.5.sdk/System/Library/PrivateFrameworks/MetricsKit.framework/MetricsKit.tbd
2026-06-03T08:46:47.9897440Z x iPhoneOS16.5.sdk/System/Library/PrivateFrameworks/iWorkXPC.framework/
2026-06-03T08:46:47.9897870Z x iPhoneOS16.5.sdk/System/Library/PrivateFrameworks/iWorkXPC.framework/iWorkXPC.tbd
2026-06-03T08:46:47.9898310Z x iPhoneOS16.5.sdk/System/Library/PrivateFrameworks/HomePodSettings.framework/
2026-06-03T08:46:47.9898830Z x iPhoneOS16.5.sdk/System/Library/PrivateFrameworks/HomePodSettings.framework/HomePodSettings.tbd
2026-06-03T08:46:47.9899300Z x iPhoneOS16.5.sdk/System/Library/PrivateFrameworks/RapportUI.framework/
2026-06-03T08:46:47.9899730Z x iPhoneOS16.5.sdk/System/Library/PrivateFrameworks/RapportUI.framework/RapportUI.tbd
2026-06-03T08:46:47.9900230Z x iPhoneOS16.5.sdk/System/Library/PrivateFrameworks/AXSpringBoardServerInstance.framework/
2026-06-03T08:46:47.9900850Z x iPhoneOS16.5.sdk/System/Library/PrivateFrameworks/AXSpringBoardServerInstance.framework/AXSpringBoardServerInstance.tbd
2026-06-03T08:46:47.9901440Z x iPhoneOS16.5.sdk/System/Library/PrivateFrameworks/CDDataAccessExpress.framework/
2026-06-03T08:46:47.9901970Z x iPhoneOS16.5.sdk/System/Library/PrivateFrameworks/CDDataAccessExpress.framework/CDDataAccessExpress.tbd
2026-06-03T08:46:47.9902500Z x iPhoneOS16.5.sdk/System/Library/PrivateFrameworks/ODCurareAnalysis.framework/
2026-06-03T08:46:47.9903090Z x iPhoneOS16.5.sdk/System/Library/PrivateFrameworks/ODCurareAnalysis.framework/ODCurareAnalysis.tbd
2026-06-03T08:46:47.9903630Z x iPhoneOS16.5.sdk/System/Library/PrivateFrameworks/SiriNaturalLanguageParsing.framework/
2026-06-03T08:46:47.9904240Z x iPhoneOS16.5.sdk/System/Library/PrivateFrameworks/SiriNaturalLanguageParsing.framework/SiriNaturalLanguageParsing.tbd
2026-06-03T08:46:47.9904790Z x iPhoneOS16.5.sdk/System/Library/PrivateFrameworks/PeopleUI.framework/
2026-06-03T08:46:47.9905210Z x iPhoneOS16.5.sdk/System/Library/PrivateFrameworks/PeopleUI.framework/PeopleUI.tbd
2026-06-03T08:46:47.9905690Z x iPhoneOS16.5.sdk/System/Library/PrivateFrameworks/HealthRecordsExtraction.framework/
2026-06-03T08:46:47.9906270Z x iPhoneOS16.5.sdk/System/Library/PrivateFrameworks/HealthRecordsExtraction.framework/HealthRecordsExtraction.tbd
2026-06-03T08:46:47.9906830Z x iPhoneOS16.5.sdk/System/Library/PrivateFrameworks/AXContainerServices.framework/
2026-06-03T08:46:47.9907370Z x iPhoneOS16.5.sdk/System/Library/PrivateFrameworks/AXContainerServices.framework/AXContainerServices.tbd
2026-06-03T08:46:47.9907890Z x iPhoneOS16.5.sdk/System/Library/PrivateFrameworks/StocksKit.framework/
2026-06-03T08:46:47.9908310Z x iPhoneOS16.5.sdk/System/Library/PrivateFrameworks/StocksKit.framework/StocksKit.tbd
2026-06-03T08:46:47.9909490Z x iPhoneOS16.5.sdk/System/Library/PrivateFrameworks/WelcomeKitCore.framework/
2026-06-03T08:46:47.9909990Z x iPhoneOS16.5.sdk/System/Library/PrivateFrameworks/WelcomeKitCore.framework/WelcomeKitCore.tbd
2026-06-03T08:46:47.9911120Z x iPhoneOS16.5.sdk/System/Library/PrivateFrameworks/AppleCV3DMOVKit.framework/
2026-06-03T08:46:47.9912280Z x iPhoneOS16.5.sdk/System/Library/PrivateFrameworks/AppleCV3DMOVKit.framework/AppleCV3DMOVKit.tbd
2026-06-03T08:46:47.9912870Z x iPhoneOS16.5.sdk/System/Library/PrivateFrameworks/ANSTKit.framework/
2026-06-03T08:46:47.9913280Z x iPhoneOS16.5.sdk/System/Library/PrivateFrameworks/ANSTKit.framework/ANSTKit.tbd
2026-06-03T08:46:47.9913730Z x iPhoneOS16.5.sdk/System/Library/PrivateFrameworks/ProximityControl.framework/
2026-06-03T08:46:47.9914230Z x iPhoneOS16.5.sdk/System/Library/PrivateFrameworks/ProximityControl.framework/ProximityControl.tbd
2026-06-03T08:46:47.9914780Z x iPhoneOS16.5.sdk/System/Library/PrivateFrameworks/AssistantCardServiceSupport.framework/
2026-06-03T08:46:47.9915410Z x iPhoneOS16.5.sdk/System/Library/PrivateFrameworks/AssistantCardServiceSupport.framework/AssistantCardServiceSupport.tbd
2026-06-03T08:46:47.9916030Z x iPhoneOS16.5.sdk/System/Library/PrivateFrameworks/WatchFacesWallpaperSupport.framework/
2026-06-03T08:46:47.9916770Z x iPhoneOS16.5.sdk/System/Library/PrivateFrameworks/WatchFacesWallpaperSupport.framework/WatchFacesWallpaperSupport.tbd
2026-06-03T08:46:47.9917310Z x iPhoneOS16.5.sdk/System/Library/PrivateFrameworks/CoreSVG.framework/
2026-06-03T08:46:47.9924220Z x iPhoneOS16.5.sdk/System/Library/PrivateFrameworks/CoreSVG.framework/CoreSVG.tbd
2026-06-03T08:46:47.9924680Z x iPhoneOS16.5.sdk/System/Library/PrivateFrameworks/StoreBookkeeper.framework/
2026-06-03T08:46:47.9925170Z x iPhoneOS16.5.sdk/System/Library/PrivateFrameworks/StoreBookkeeper.framework/StoreBookkeeper.tbd
2026-06-03T08:46:47.9925660Z x iPhoneOS16.5.sdk/System/Library/PrivateFrameworks/CoreSymbolication.framework/
2026-06-03T08:46:47.9926170Z x iPhoneOS16.5.sdk/System/Library/PrivateFrameworks/CoreSymbolication.framework/CoreSymbolication.tbd
2026-06-03T08:46:47.9926660Z x iPhoneOS16.5.sdk/System/Library/PrivateFrameworks/SSMLServices.framework/
2026-06-03T08:46:47.9927110Z x iPhoneOS16.5.sdk/System/Library/PrivateFrameworks/SSMLServices.framework/SSMLServices.tbd
2026-06-03T08:46:47.9927600Z x iPhoneOS16.5.sdk/System/Library/PrivateFrameworks/DeviceCheckInternal.framework/
2026-06-03T08:46:47.9928140Z x iPhoneOS16.5.sdk/System/Library/PrivateFrameworks/DeviceCheckInternal.framework/DeviceCheckInternal.tbd
2026-06-03T08:46:47.9928640Z x iPhoneOS16.5.sdk/System/Library/PrivateFrameworks/CoreIDVShared.framework/
2026-06-03T08:46:47.9929110Z x iPhoneOS16.5.sdk/System/Library/PrivateFrameworks/CoreIDVShared.framework/CoreIDVShared.tbd
2026-06-03T08:46:47.9929580Z x iPhoneOS16.5.sdk/System/Library/PrivateFrameworks/CTCarrierSpace.framework/
2026-06-03T08:46:47.9930050Z x iPhoneOS16.5.sdk/System/Library/PrivateFrameworks/CTCarrierSpace.framework/CTCarrierSpace.tbd
2026-06-03T08:46:47.9930960Z x iPhoneOS16.5.sdk/System/Library/PrivateFrameworks/SiriGeo.framework/
2026-06-03T08:46:47.9931390Z x iPhoneOS16.5.sdk/System/Library/PrivateFrameworks/SiriGeo.framework/SiriGeo.tbd
2026-06-03T08:46:47.9931800Z x iPhoneOS16.5.sdk/System/Library/PrivateFrameworks/NewsCore.framework/
2026-06-03T08:46:47.9932220Z x iPhoneOS16.5.sdk/System/Library/PrivateFrameworks/NewsCore.framework/NewsCore.tbd
2026-06-03T08:46:47.9932670Z x iPhoneOS16.5.sdk/System/Library/PrivateFrameworks/PegasusPersistence.framework/
2026-06-03T08:46:47.9933200Z x iPhoneOS16.5.sdk/System/Library/PrivateFrameworks/PegasusPersistence.framework/PegasusPersistence.tbd
2026-06-03T08:46:47.9933710Z x iPhoneOS16.5.sdk/System/Library/PrivateFrameworks/HealthRecordsUI.framework/
2026-06-03T08:46:47.9934190Z x iPhoneOS16.5.sdk/System/Library/PrivateFrameworks/HealthRecordsUI.framework/HealthRecordsUI.tbd
2026-06-03T08:46:47.9934660Z x iPhoneOS16.5.sdk/System/Library/PrivateFrameworks/AppleNVMe.framework/
2026-06-03T08:46:47.9935080Z x iPhoneOS16.5.sdk/System/Library/PrivateFrameworks/AppleNVMe.framework/AppleNVMe.tbd
2026-06-03T08:46:47.9935510Z x iPhoneOS16.5.sdk/System/Library/PrivateFrameworks/ClockKitUI.framework/
2026-06-03T08:46:47.9935940Z x iPhoneOS16.5.sdk/System/Library/PrivateFrameworks/ClockKitUI.framework/ClockKitUI.tbd
2026-06-03T08:46:47.9936390Z x iPhoneOS16.5.sdk/System/Library/PrivateFrameworks/SiriNLUTypes.framework/
2026-06-03T08:46:47.9937000Z x iPhoneOS16.5.sdk/System/Library/PrivateFrameworks/SiriNLUTypes.framework/SiriNLUTypes.tbd
2026-06-03T08:46:47.9937490Z x iPhoneOS16.5.sdk/System/Library/PrivateFrameworks/CoreODIEssentials.framework/
2026-06-03T08:46:47.9938000Z x iPhoneOS16.5.sdk/System/Library/PrivateFrameworks/CoreODIEssentials.framework/CoreODIEssentials.tbd
2026-06-03T08:46:47.9938490Z x iPhoneOS16.5.sdk/System/Library/PrivateFrameworks/SeymourCore.framework/
2026-06-03T08:46:47.9938940Z x iPhoneOS16.5.sdk/System/Library/PrivateFrameworks/SeymourCore.framework/SeymourCore.tbd
2026-06-03T08:46:47.9940040Z x iPhoneOS16.5.sdk/System/Library/PrivateFrameworks/PhoneNumberResolver.framework/
2026-06-03T08:46:47.9940570Z x iPhoneOS16.5.sdk/System/Library/PrivateFrameworks/PhoneNumberResolver.framework/PhoneNumberResolver.tbd
2026-06-03T08:46:47.9941070Z x iPhoneOS16.5.sdk/System/Library/PrivateFrameworks/CoreRecents.framework/
2026-06-03T08:46:47.9941590Z x iPhoneOS16.5.sdk/System/Library/PrivateFrameworks/CoreRecents.framework/CoreRecents.tbd
2026-06-03T08:46:47.9942090Z x iPhoneOS16.5.sdk/System/Library/PrivateFrameworks/AppleHIDTransportSupport.framework/
2026-06-03T08:46:47.9942680Z x iPhoneOS16.5.sdk/System/Library/PrivateFrameworks/AppleHIDTransportSupport.framework/AppleHIDTransportSupport.tbd
2026-06-03T08:46:47.9943260Z x iPhoneOS16.5.sdk/System/Library/PrivateFrameworks/StreamingExtractor.framework/
2026-06-03T08:46:47.9943790Z x iPhoneOS16.5.sdk/System/Library/PrivateFrameworks/StreamingExtractor.framework/StreamingExtractor.tbd
2026-06-03T08:46:47.9944270Z x iPhoneOS16.5.sdk/System/Library/PrivateFrameworks/PrintKit.framework/
2026-06-03T08:46:47.9944690Z x iPhoneOS16.5.sdk/System/Library/PrivateFrameworks/PrintKit.framework/PrintKit.tbd
2026-06-03T08:46:47.9945130Z x iPhoneOS16.5.sdk/System/Library/PrivateFrameworks/SleepWidgetUI.framework/
2026-06-03T08:46:47.9945600Z x iPhoneOS16.5.sdk/System/Library/PrivateFrameworks/SleepWidgetUI.framework/SleepWidgetUI.tbd
2026-06-03T08:46:47.9946090Z x iPhoneOS16.5.sdk/System/Library/PrivateFrameworks/PreviewShellKit.framework/
2026-06-03T08:46:47.9946600Z x iPhoneOS16.5.sdk/System/Library/PrivateFrameworks/PreviewShellKit.framework/PreviewShellKit.tbd
2026-06-03T08:46:47.9947070Z x iPhoneOS16.5.sdk/System/Library/PrivateFrameworks/PegasusAPI.framework/
2026-06-03T08:46:47.9947520Z x iPhoneOS16.5.sdk/System/Library/PrivateFrameworks/PegasusAPI.framework/PegasusAPI.tbd
2026-06-03T08:46:47.9947950Z x iPhoneOS16.5.sdk/System/Library/PrivateFrameworks/CompassUI.framework/
2026-06-03T08:46:47.9948400Z x iPhoneOS16.5.sdk/System/Library/PrivateFrameworks/CompassUI.framework/CompassUI.tbd
2026-06-03T08:46:47.9948850Z x iPhoneOS16.5.sdk/System/Library/PrivateFrameworks/WorkflowUICore.framework/
2026-06-03T08:46:47.9949320Z x iPhoneOS16.5.sdk/System/Library/PrivateFrameworks/WorkflowUICore.framework/WorkflowUICore.tbd
2026-06-03T08:46:47.9949840Z x iPhoneOS16.5.sdk/System/Library/PrivateFrameworks/RequestDispatcherBridges.framework/
2026-06-03T08:46:47.9950430Z x iPhoneOS16.5.sdk/System/Library/PrivateFrameworks/RequestDispatcherBridges.framework/RequestDispatcherBridges.tbd
2026-06-03T08:46:47.9950970Z x iPhoneOS16.5.sdk/System/Library/PrivateFrameworks/TVLatency.framework/
2026-06-03T08:46:47.9951390Z x iPhoneOS16.5.sdk/System/Library/PrivateFrameworks/TVLatency.framework/TVLatency.tbd
2026-06-03T08:46:47.9951820Z x iPhoneOS16.5.sdk/System/Library/PrivateFrameworks/iWorkImport.framework/
2026-06-03T08:46:47.9952900Z x iPhoneOS16.5.sdk/System/Library/PrivateFrameworks/iWorkImport.framework/Frameworks/
2026-06-03T08:46:47.9953420Z x iPhoneOS16.5.sdk/System/Library/PrivateFrameworks/iWorkImport.framework/Frameworks/TSUtility.framework/
2026-06-03T08:46:47.9954050Z x iPhoneOS16.5.sdk/System/Library/PrivateFrameworks/iWorkImport.framework/Frameworks/TSUtility.framework/TSUtility.tbd
2026-06-03T08:46:47.9954690Z x iPhoneOS16.5.sdk/System/Library/PrivateFrameworks/iWorkImport.framework/Frameworks/EquationKit.framework/
2026-06-03T08:46:47.9955430Z x iPhoneOS16.5.sdk/System/Library/PrivateFrameworks/iWorkImport.framework/Frameworks/EquationKit.framework/EquationKit.tbd
2026-06-03T08:46:47.9956080Z x iPhoneOS16.5.sdk/System/Library/PrivateFrameworks/iWorkImport.framework/Frameworks/TSStyles.framework/
2026-06-03T08:46:47.9956710Z x iPhoneOS16.5.sdk/System/Library/PrivateFrameworks/iWorkImport.framework/Frameworks/TSStyles.framework/TSStyles.tbd
2026-06-03T08:46:47.9957900Z x iPhoneOS16.5.sdk/System/Library/PrivateFrameworks/iWorkImport.framework/Frameworks/KeynoteQuicklook.framework/
2026-06-03T08:46:47.9958610Z x iPhoneOS16.5.sdk/System/Library/PrivateFrameworks/iWorkImport.framework/Frameworks/KeynoteQuicklook.framework/KeynoteQuicklook.tbd
2026-06-03T08:46:47.9959290Z x iPhoneOS16.5.sdk/System/Library/PrivateFrameworks/iWorkImport.framework/Frameworks/TSDrawables.framework/
2026-06-03T08:46:47.9959940Z x iPhoneOS16.5.sdk/System/Library/PrivateFrameworks/iWorkImport.framework/Frameworks/TSDrawables.framework/TSDrawables.tbd
2026-06-03T08:46:47.9960680Z x iPhoneOS16.5.sdk/System/Library/PrivateFrameworks/iWorkImport.framework/Frameworks/TQQuicklook.framework/
2026-06-03T08:46:47.9961330Z x iPhoneOS16.5.sdk/System/Library/PrivateFrameworks/iWorkImport.framework/Frameworks/TQQuicklook.framework/TQQuicklook.tbd
2026-06-03T08:46:47.9961980Z x iPhoneOS16.5.sdk/System/Library/PrivateFrameworks/iWorkImport.framework/Frameworks/TSPersistence.framework/
2026-06-03T08:46:47.9962650Z x iPhoneOS16.5.sdk/System/Library/PrivateFrameworks/iWorkImport.framework/Frameworks/TSPersistence.framework/TSPersistence.tbd
2026-06-03T08:46:47.9968950Z x iPhoneOS16.5.sdk/System/Library/PrivateFrameworks/iWorkImport.framework/Frameworks/TSText.framework/
2026-06-03T08:46:47.9979350Z x iPhoneOS16.5.sdk/System/Library/PrivateFrameworks/iWorkImport.framework/Frameworks/TSText.framework/TSText.tbd
2026-06-03T08:46:48.0013770Z x iPhoneOS16.5.sdk/System/Library/PrivateFrameworks/iWorkImport.framework/Frameworks/TSApplication.framework/
2026-06-03T08:46:48.0115070Z x iPhoneOS16.5.sdk/System/Library/PrivateFrameworks/iWorkImport.framework/Frameworks/TSApplication.framework/TSApplication.tbd
2026-06-03T08:46:48.0214330Z x iPhoneOS16.5.sdk/System/Library/PrivateFrameworks/iWorkImport.framework/Frameworks/NumbersQuicklook.framework/
2026-06-03T08:46:48.0228820Z x iPhoneOS16.5.sdk/System/Library/PrivateFrameworks/iWorkImport.framework/Frameworks/NumbersQuicklook.framework/NumbersQuicklook.tbd
2026-06-03T08:46:48.0229830Z x iPhoneOS16.5.sdk/System/Library/PrivateFrameworks/iWorkImport.framework/Frameworks/TSTables.framework/
2026-06-03T08:46:48.0230550Z x iPhoneOS16.5.sdk/System/Library/PrivateFrameworks/iWorkImport.framework/Frameworks/TSTables.framework/TSTables.tbd
2026-06-03T08:46:48.0231610Z x iPhoneOS16.5.sdk/System/Library/PrivateFrameworks/iWorkImport.framework/Frameworks/TSKit.framework/
2026-06-03T08:46:48.0232580Z x iPhoneOS16.5.sdk/System/Library/PrivateFrameworks/iWorkImport.framework/Frameworks/TSKit.framework/TSKit.tbd
2026-06-03T08:46:48.0233380Z x iPhoneOS16.5.sdk/System/Library/PrivateFrameworks/iWorkImport.framework/Frameworks/PagesQuicklook.framework/
2026-06-03T08:46:48.0234200Z x iPhoneOS16.5.sdk/System/Library/PrivateFrameworks/iWorkImport.framework/Frameworks/PagesQuicklook.framework/PagesQuicklook.tbd
2026-06-03T08:46:48.0235110Z x iPhoneOS16.5.sdk/System/Library/PrivateFrameworks/iWorkImport.framework/Frameworks/TSCalculationEngine.framework/
2026-06-03T08:46:48.0235950Z x iPhoneOS16.5.sdk/System/Library/PrivateFrameworks/iWorkImport.framework/Frameworks/TSCalculationEngine.framework/TSCalculationEngine.tbd
2026-06-03T08:46:48.0259690Z x iPhoneOS16.5.sdk/System/Library/PrivateFrameworks/iWorkImport.framework/Frameworks/TSCharts.framework/
2026-06-03T08:46:48.0260450Z x iPhoneOS16.5.sdk/System/Library/PrivateFrameworks/iWorkImport.framework/Frameworks/TSCharts.framework/TSCharts.tbd
2026-06-03T08:46:48.0261060Z x iPhoneOS16.5.sdk/System/Library/PrivateFrameworks/CameraUI.framework/
2026-06-03T08:46:48.0261590Z x iPhoneOS16.5.sdk/System/Library/PrivateFrameworks/CameraUI.framework/CameraUI.tbd
2026-06-03T08:46:48.0262310Z x iPhoneOS16.5.sdk/System/Library/PrivateFrameworks/PromotedContentUI.framework/
2026-06-03T08:46:48.0262930Z x iPhoneOS16.5.sdk/System/Library/PrivateFrameworks/PromotedContentUI.framework/PromotedContentUI.tbd
2026-06-03T08:46:48.0263530Z x iPhoneOS16.5.sdk/System/Library/PrivateFrameworks/HomeKitEventRouter.framework/
2026-06-03T08:46:48.0264140Z x iPhoneOS16.5.sdk/System/Library/PrivateFrameworks/HomeKitEventRouter.framework/HomeKitEventRouter.tbd
2026-06-03T08:46:48.0264640Z x iPhoneOS16.5.sdk/System/Library/PrivateFrameworks/AppleSauce.framework/
2026-06-03T08:46:48.0265080Z x iPhoneOS16.5.sdk/System/Library/PrivateFrameworks/AppleSauce.framework/AppleSauce.tbd
2026-06-03T08:46:48.0265590Z x iPhoneOS16.5.sdk/System/Library/PrivateFrameworks/ProactiveInputPredictions.framework/
2026-06-03T08:46:48.0266200Z x iPhoneOS16.5.sdk/System/Library/PrivateFrameworks/ProactiveInputPredictions.framework/ProactiveInputPredictions.tbd
2026-06-03T08:46:48.0266970Z x iPhoneOS16.5.sdk/System/Library/PrivateFrameworks/CinematicFraming.framework/
2026-06-03T08:46:48.0267520Z x iPhoneOS16.5.sdk/System/Library/PrivateFrameworks/CinematicFraming.framework/CinematicFraming.tbd
2026-06-03T08:46:48.0268010Z x iPhoneOS16.5.sdk/System/Library/PrivateFrameworks/StreamingZip.framework/
2026-06-03T08:46:48.0268470Z x iPhoneOS16.5.sdk/System/Library/PrivateFrameworks/StreamingZip.framework/StreamingZip.tbd
2026-06-03T08:46:48.0268960Z x iPhoneOS16.5.sdk/System/Library/PrivateFrameworks/ManagedSettingsSupport.framework/
2026-06-03T08:46:48.0269530Z x iPhoneOS16.5.sdk/System/Library/PrivateFrameworks/ManagedSettingsSupport.framework/ManagedSettingsSupport.tbd
2026-06-03T08:46:48.0270070Z x iPhoneOS16.5.sdk/System/Library/PrivateFrameworks/CTCarrierSpaceUI.framework/
2026-06-03T08:46:48.0270580Z x iPhoneOS16.5.sdk/System/Library/PrivateFrameworks/CTCarrierSpaceUI.framework/CTCarrierSpaceUI.tbd
2026-06-03T08:46:48.0271100Z x iPhoneOS16.5.sdk/System/Library/PrivateFrameworks/CoreDuetDaemonProtocol.framework/
2026-06-03T08:46:48.0271670Z x iPhoneOS16.5.sdk/System/Library/PrivateFrameworks/CoreDuetDaemonProtocol.framework/CoreDuetDaemonProtocol.tbd
2026-06-03T08:46:48.0272230Z x iPhoneOS16.5.sdk/System/Library/PrivateFrameworks/NewsURLResolution.framework/
2026-06-03T08:46:48.0272740Z x iPhoneOS16.5.sdk/System/Library/PrivateFrameworks/NewsURLResolution.framework/NewsURLResolution.tbd
2026-06-03T08:46:48.0273240Z x iPhoneOS16.5.sdk/System/Library/PrivateFrameworks/CoreSuggestions.framework/
2026-06-03T08:46:48.0273730Z x iPhoneOS16.5.sdk/System/Library/PrivateFrameworks/CoreSuggestions.framework/CoreSuggestions.tbd
2026-06-03T08:46:48.0274300Z x iPhoneOS16.5.sdk/System/Library/PrivateFrameworks/ContextualUnderstanding.framework/
2026-06-03T08:46:48.0274880Z x iPhoneOS16.5.sdk/System/Library/PrivateFrameworks/ContextualUnderstanding.framework/ContextualUnderstanding.tbd
2026-06-03T08:46:48.0275440Z x iPhoneOS16.5.sdk/System/Library/PrivateFrameworks/DMCToolsUIUtilities.framework/
2026-06-03T08:46:48.0275980Z x iPhoneOS16.5.sdk/System/Library/PrivateFrameworks/DMCToolsUIUtilities.framework/DMCToolsUIUtilities.tbd
2026-06-03T08:46:48.0276560Z x iPhoneOS16.5.sdk/System/Library/PrivateFrameworks/AppleTracingSupportSymbolication.framework/
2026-06-03T08:46:48.0277230Z x iPhoneOS16.5.sdk/System/Library/PrivateFrameworks/AppleTracingSupportSymbolication.framework/AppleTracingSupportSymbolication.tbd
2026-06-03T08:46:48.0277830Z x iPhoneOS16.5.sdk/System/Library/PrivateFrameworks/SiriSetup.framework/
2026-06-03T08:46:48.0278260Z x iPhoneOS16.5.sdk/System/Library/PrivateFrameworks/SiriSetup.framework/SiriSetup.tbd
2026-06-03T08:46:48.0278730Z x iPhoneOS16.5.sdk/System/Library/PrivateFrameworks/DMCEnrollmentProvider.framework/
2026-06-03T08:46:48.0279280Z x iPhoneOS16.5.sdk/System/Library/PrivateFrameworks/DMCEnrollmentProvider.framework/DMCEnrollmentProvider.tbd
2026-06-03T08:46:48.0279800Z x iPhoneOS16.5.sdk/System/Library/PrivateFrameworks/CoreIDVPAD.framework/
2026-06-03T08:46:48.0280230Z x iPhoneOS16.5.sdk/System/Library/PrivateFrameworks/CoreIDVPAD.framework/CoreIDVPAD.tbd
2026-06-03T08:46:48.0280760Z x iPhoneOS16.5.sdk/System/Library/PrivateFrameworks/SignpostSupport.framework/
2026-06-03T08:46:48.0281250Z x iPhoneOS16.5.sdk/System/Library/PrivateFrameworks/SignpostSupport.framework/SignpostSupport.tbd
2026-06-03T08:46:48.0281780Z x iPhoneOS16.5.sdk/System/Library/PrivateFrameworks/DocumentManagerExecutables.framework/
2026-06-03T08:46:48.0282390Z x iPhoneOS16.5.sdk/System/Library/PrivateFrameworks/DocumentManagerExecutables.framework/DocumentManagerExecutables.tbd
2026-06-03T08:46:48.0282960Z x iPhoneOS16.5.sdk/System/Library/PrivateFrameworks/HealthArticlesUI.framework/
2026-06-03T08:46:48.0283450Z x iPhoneOS16.5.sdk/System/Library/PrivateFrameworks/HealthArticlesUI.framework/HealthArticlesUI.tbd
2026-06-03T08:46:48.0284060Z x iPhoneOS16.5.sdk/System/Library/PrivateFrameworks/SiriPlaybackControlSupport.framework/
2026-06-03T08:46:48.0284880Z x iPhoneOS16.5.sdk/System/Library/PrivateFrameworks/SiriPlaybackControlSupport.framework/SiriPlaybackControlSupport.tbd
2026-06-03T08:46:48.0285450Z x iPhoneOS16.5.sdk/System/Library/PrivateFrameworks/EmojiFoundation.framework/
2026-06-03T08:46:48.0285940Z x iPhoneOS16.5.sdk/System/Library/PrivateFrameworks/EmojiFoundation.framework/EmojiFoundation.tbd
2026-06-03T08:46:48.0286440Z x iPhoneOS16.5.sdk/System/Library/PrivateFrameworks/NearFieldAccessory.framework/
2026-06-03T08:46:48.0286960Z x iPhoneOS16.5.sdk/System/Library/PrivateFrameworks/NearFieldAccessory.framework/NearFieldAccessory.tbd
2026-06-03T08:46:48.0287450Z x iPhoneOS16.5.sdk/System/Library/PrivateFrameworks/SiriUI.framework/
2026-06-03T08:46:48.0287850Z x iPhoneOS16.5.sdk/System/Library/PrivateFrameworks/SiriUI.framework/SiriUI.tbd
2026-06-03T08:46:48.0288250Z x iPhoneOS16.5.sdk/System/Library/PrivateFrameworks/FinanceKit.framework/
2026-06-03T08:46:48.0288690Z x iPhoneOS16.5.sdk/System/Library/PrivateFrameworks/FinanceKit.framework/FinanceKit.tbd
2026-06-03T08:46:48.0290160Z x iPhoneOS16.5.sdk/System/Library/PrivateFrameworks/MLKit.framework/
2026-06-03T08:46:48.0290630Z x iPhoneOS16.5.sdk/System/Library/PrivateFrameworks/MLKit.framework/MLKit.tbd
2026-06-03T08:46:48.0291060Z x iPhoneOS16.5.sdk/System/Library/PrivateFrameworks/Settings.framework/
2026-06-03T08:46:48.0291480Z x iPhoneOS16.5.sdk/System/Library/PrivateFrameworks/Settings.framework/Settings.tbd
2026-06-03T08:46:48.0291910Z x iPhoneOS16.5.sdk/System/Library/PrivateFrameworks/IMSharedUI.framework/
2026-06-03T08:46:48.0292350Z x iPhoneOS16.5.sdk/System/Library/PrivateFrameworks/IMSharedUI.framework/IMSharedUI.tbd
2026-06-03T08:46:48.0292800Z x iPhoneOS16.5.sdk/System/Library/PrivateFrameworks/SafetyAlerts.framework/
2026-06-03T08:46:48.0293280Z x iPhoneOS16.5.sdk/System/Library/PrivateFrameworks/SafetyAlerts.framework/SafetyAlerts.tbd
2026-06-03T08:46:48.0293760Z x iPhoneOS16.5.sdk/System/Library/PrivateFrameworks/TextRecognition.framework/
2026-06-03T08:46:48.0294250Z x iPhoneOS16.5.sdk/System/Library/PrivateFrameworks/TextRecognition.framework/TextRecognition.tbd
2026-06-03T08:46:48.0294720Z x iPhoneOS16.5.sdk/System/Library/PrivateFrameworks/SwiftNN.framework/
2026-06-03T08:46:48.0295130Z x iPhoneOS16.5.sdk/System/Library/PrivateFrameworks/SwiftNN.framework/SwiftNN.tbd
2026-06-03T08:46:48.0295590Z x iPhoneOS16.5.sdk/System/Library/PrivateFrameworks/LighthouseModelMonitoring.framework/
2026-06-03T08:46:48.0296190Z x iPhoneOS16.5.sdk/System/Library/PrivateFrameworks/LighthouseModelMonitoring.framework/LighthouseModelMonitoring.tbd
2026-06-03T08:46:48.0296730Z x iPhoneOS16.5.sdk/System/Library/PrivateFrameworks/ShazamCore.framework/
2026-06-03T08:46:48.0297180Z x iPhoneOS16.5.sdk/System/Library/PrivateFrameworks/ShazamCore.framework/ShazamCore.tbd
2026-06-03T08:46:48.0297670Z x iPhoneOS16.5.sdk/System/Library/PrivateFrameworks/RecapPerformanceTesting.framework/
2026-06-03T08:46:48.0298240Z x iPhoneOS16.5.sdk/System/Library/PrivateFrameworks/RecapPerformanceTesting.framework/RecapPerformanceTesting.tbd
2026-06-03T08:46:48.0298790Z x iPhoneOS16.5.sdk/System/Library/PrivateFrameworks/WiFiLogCapture.framework/
2026-06-03T08:46:48.0299420Z x iPhoneOS16.5.sdk/System/Library/PrivateFrameworks/WiFiLogCapture.framework/WiFiLogCapture.tbd
2026-06-03T08:46:48.0299900Z x iPhoneOS16.5.sdk/System/Library/PrivateFrameworks/NanoTimeKit.framework/
2026-06-03T08:46:48.0300360Z x iPhoneOS16.5.sdk/System/Library/PrivateFrameworks/NanoTimeKit.framework/NanoTimeKit.tbd
2026-06-03T08:46:48.0300800Z x iPhoneOS16.5.sdk/System/Library/PrivateFrameworks/BookLibrary.framework/
2026-06-03T08:46:48.0301250Z x iPhoneOS16.5.sdk/System/Library/PrivateFrameworks/BookLibrary.framework/BookLibrary.tbd
2026-06-03T08:46:48.0301720Z x iPhoneOS16.5.sdk/System/Library/PrivateFrameworks/SeparationAlerts.framework/
2026-06-03T08:46:48.0302230Z x iPhoneOS16.5.sdk/System/Library/PrivateFrameworks/SeparationAlerts.framework/SeparationAlerts.tbd
2026-06-03T08:46:48.0302740Z x iPhoneOS16.5.sdk/System/Library/PrivateFrameworks/MobileSpotlightIndex.framework/
2026-06-03T08:46:48.0303380Z x iPhoneOS16.5.sdk/System/Library/PrivateFrameworks/MobileSpotlightIndex.framework/MobileSpotlightIndex.tbd
2026-06-03T08:46:48.0304730Z x iPhoneOS16.5.sdk/System/Library/PrivateFrameworks/CoreMotionAlgorithms.framework/
2026-06-03T08:46:48.0305280Z x iPhoneOS16.5.sdk/System/Library/PrivateFrameworks/CoreMotionAlgorithms.framework/CoreMotionAlgorithms.tbd
2026-06-03T08:46:48.0305810Z x iPhoneOS16.5.sdk/System/Library/PrivateFrameworks/VisualLocalization.framework/
2026-06-03T08:46:48.0306330Z x iPhoneOS16.5.sdk/System/Library/PrivateFrameworks/VisualLocalization.framework/VisualLocalization.tbd
2026-06-03T08:46:48.0306970Z x iPhoneOS16.5.sdk/System/Library/PrivateFrameworks/OSAnalyticsPrivate.framework/
2026-06-03T08:46:48.0307500Z x iPhoneOS16.5.sdk/System/Library/PrivateFrameworks/OSAnalyticsPrivate.framework/OSAnalyticsPrivate.tbd
2026-06-03T08:46:48.0307970Z x iPhoneOS16.5.sdk/System/Library/PrivateFrameworks/Jet.framework/
2026-06-03T08:46:48.0308350Z x iPhoneOS16.5.sdk/System/Library/PrivateFrameworks/Jet.framework/Jet.tbd
2026-06-03T08:46:48.0308740Z x iPhoneOS16.5.sdk/System/Library/PrivateFrameworks/SnippetKit.framework/
2026-06-03T08:46:48.0309180Z x iPhoneOS16.5.sdk/System/Library/PrivateFrameworks/SnippetKit.framework/SnippetKit.tbd
2026-06-03T08:46:48.0309640Z x iPhoneOS16.5.sdk/System/Library/PrivateFrameworks/ChunkingLibrary.framework/
2026-06-03T08:46:48.0310120Z x iPhoneOS16.5.sdk/System/Library/PrivateFrameworks/ChunkingLibrary.framework/ChunkingLibrary.tbd
2026-06-03T08:46:48.0310580Z x iPhoneOS16.5.sdk/System/Library/PrivateFrameworks/IOGPU.framework/
2026-06-03T08:46:48.0310970Z x iPhoneOS16.5.sdk/System/Library/PrivateFrameworks/IOGPU.framework/IOGPU.tbd
2026-06-03T08:46:48.0311490Z x iPhoneOS16.5.sdk/System/Library/PrivateFrameworks/KRExperiments.framework/
2026-06-03T08:46:48.0311970Z x iPhoneOS16.5.sdk/System/Library/PrivateFrameworks/KRExperiments.framework/KRExperiments.tbd
2026-06-03T08:46:48.0312460Z x iPhoneOS16.5.sdk/System/Library/PrivateFrameworks/AUDeveloperSettings.framework/
2026-06-03T08:46:48.0313430Z x iPhoneOS16.5.sdk/System/Library/PrivateFrameworks/AUDeveloperSettings.framework/AUDeveloperSettings.tbd
2026-06-03T08:46:48.0313930Z x iPhoneOS16.5.sdk/System/Library/PrivateFrameworks/SFSymbols.framework/
2026-06-03T08:46:48.0314350Z x iPhoneOS16.5.sdk/System/Library/PrivateFrameworks/SFSymbols.framework/SFSymbols.tbd
2026-06-03T08:46:48.0314780Z x iPhoneOS16.5.sdk/System/Library/PrivateFrameworks/SiriCore.framework/
2026-06-03T08:46:48.0315190Z x iPhoneOS16.5.sdk/System/Library/PrivateFrameworks/SiriCore.framework/SiriCore.tbd
2026-06-03T08:46:48.0315650Z x iPhoneOS16.5.sdk/System/Library/PrivateFrameworks/HealthMenstrualCycles.framework/
2026-06-03T08:46:48.0316210Z x iPhoneOS16.5.sdk/System/Library/PrivateFrameworks/HealthMenstrualCycles.framework/HealthMenstrualCycles.tbd
2026-06-03T08:46:48.0316740Z x iPhoneOS16.5.sdk/System/Library/PrivateFrameworks/RespiratoryHealth.framework/
2026-06-03T08:46:48.0317250Z x iPhoneOS16.5.sdk/System/Library/PrivateFrameworks/RespiratoryHealth.framework/RespiratoryHealth.tbd
2026-06-03T08:46:48.0317850Z x iPhoneOS16.5.sdk/System/Library/PrivateFrameworks/CoreHandwriting.framework/
2026-06-03T08:46:48.0318340Z x iPhoneOS16.5.sdk/System/Library/PrivateFrameworks/CoreHandwriting.framework/CoreHandwriting.tbd
2026-06-03T08:46:48.0318840Z x iPhoneOS16.5.sdk/System/Library/PrivateFrameworks/MediaControlSender.framework/
2026-06-03T08:46:48.0319360Z x iPhoneOS16.5.sdk/System/Library/PrivateFrameworks/MediaControlSender.framework/MediaControlSender.tbd
2026-06-03T08:46:48.0319880Z x iPhoneOS16.5.sdk/System/Library/PrivateFrameworks/NetworkStatistics.framework/
2026-06-03T08:46:48.0320380Z x iPhoneOS16.5.sdk/System/Library/PrivateFrameworks/NetworkStatistics.framework/NetworkStatistics.tbd
2026-06-03T08:46:48.0320910Z x iPhoneOS16.5.sdk/System/Library/PrivateFrameworks/PrivacyDisclosureCore.framework/
2026-06-03T08:46:48.0321460Z x iPhoneOS16.5.sdk/System/Library/PrivateFrameworks/PrivacyDisclosureCore.framework/PrivacyDisclosureCore.tbd
2026-06-03T08:46:48.0322050Z x iPhoneOS16.5.sdk/System/Library/PrivateFrameworks/PowerLog.framework/
2026-06-03T08:46:48.0322470Z x iPhoneOS16.5.sdk/System/Library/PrivateFrameworks/PowerLog.framework/PowerLog.tbd
2026-06-03T08:46:48.0322930Z x iPhoneOS16.5.sdk/System/Library/PrivateFrameworks/ObjectUnderstanding.framework/
2026-06-03T08:46:48.0323470Z x iPhoneOS16.5.sdk/System/Library/PrivateFrameworks/ObjectUnderstanding.framework/ObjectUnderstanding.tbd
2026-06-03T08:46:48.0324010Z x iPhoneOS16.5.sdk/System/Library/PrivateFrameworks/ContactsAutocompleteUI.framework/
2026-06-03T08:46:48.0324580Z x iPhoneOS16.5.sdk/System/Library/PrivateFrameworks/ContactsAutocompleteUI.framework/ContactsAutocompleteUI.tbd
2026-06-03T08:46:48.0325110Z x iPhoneOS16.5.sdk/System/Library/PrivateFrameworks/VirtualGarage.framework/
2026-06-03T08:46:48.0325580Z x iPhoneOS16.5.sdk/System/Library/PrivateFrameworks/VirtualGarage.framework/VirtualGarage.tbd
2026-06-03T08:46:48.0326120Z x iPhoneOS16.5.sdk/System/Library/PrivateFrameworks/iCloudSubscriptionOptimizerDaemon.framework/
2026-06-03T08:46:48.0326810Z x iPhoneOS16.5.sdk/System/Library/PrivateFrameworks/iCloudSubscriptionOptimizerDaemon.framework/iCloudSubscriptionOptimizerDaemon.tbd
2026-06-03T08:46:48.0328050Z x iPhoneOS16.5.sdk/System/Library/PrivateFrameworks/CoreAUC.framework/
2026-06-03T08:46:48.0328460Z x iPhoneOS16.5.sdk/System/Library/PrivateFrameworks/CoreAUC.framework/CoreAUC.tbd
2026-06-03T08:46:48.0328900Z x iPhoneOS16.5.sdk/System/Library/PrivateFrameworks/UIAccessibility.framework/
2026-06-03T08:46:48.0329380Z x iPhoneOS16.5.sdk/System/Library/PrivateFrameworks/UIAccessibility.framework/UIAccessibility.tbd
2026-06-03T08:46:48.0329870Z x iPhoneOS16.5.sdk/System/Library/PrivateFrameworks/SiriNLUOverrides.framework/
2026-06-03T08:46:48.0330370Z x iPhoneOS16.5.sdk/System/Library/PrivateFrameworks/SiriNLUOverrides.framework/SiriNLUOverrides.tbd
2026-06-03T08:46:48.0330880Z x iPhoneOS16.5.sdk/System/Library/PrivateFrameworks/HealthVisualization.framework/
2026-06-03T08:46:48.0331480Z x iPhoneOS16.5.sdk/System/Library/PrivateFrameworks/HealthVisualization.framework/HealthVisualization.tbd
2026-06-03T08:46:48.0331980Z x iPhoneOS16.5.sdk/System/Library/PrivateFrameworks/SPOwner.framework/
2026-06-03T08:46:48.0332390Z x iPhoneOS16.5.sdk/System/Library/PrivateFrameworks/SPOwner.framework/SPOwner.tbd
2026-06-03T08:46:48.0332790Z x iPhoneOS16.5.sdk/System/Library/PrivateFrameworks/Message.framework/
2026-06-03T08:46:48.0333200Z x iPhoneOS16.5.sdk/System/Library/PrivateFrameworks/Message.framework/MailServices/
2026-06-03T08:46:48.0333700Z x iPhoneOS16.5.sdk/System/Library/PrivateFrameworks/Message.framework/MailServices/POP.framework/
2026-06-03T08:46:48.0334250Z x iPhoneOS16.5.sdk/System/Library/PrivateFrameworks/Message.framework/MailServices/POP.framework/POP.tbd
2026-06-03T08:46:48.0334760Z x iPhoneOS16.5.sdk/System/Library/PrivateFrameworks/Message.framework/Message.tbd
2026-06-03T08:46:48.0335170Z x iPhoneOS16.5.sdk/System/Library/PrivateFrameworks/CarPlayUI.framework/
2026-06-03T08:46:48.0335590Z x iPhoneOS16.5.sdk/System/Library/PrivateFrameworks/CarPlayUI.framework/CarPlayUI.tbd
2026-06-03T08:46:48.0336120Z x iPhoneOS16.5.sdk/System/Library/PrivateFrameworks/CloudServices.framework/
2026-06-03T08:46:48.0343740Z x iPhoneOS16.5.sdk/System/Library/PrivateFrameworks/CloudServices.framework/CloudServices.tbd
2026-06-03T08:46:48.0344200Z x iPhoneOS16.5.sdk/System/Library/PrivateFrameworks/TVPlayback.framework/
2026-06-03T08:46:48.0344650Z x iPhoneOS16.5.sdk/System/Library/PrivateFrameworks/TVPlayback.framework/TVPlayback.tbd
2026-06-03T08:46:48.0345110Z x iPhoneOS16.5.sdk/System/Library/PrivateFrameworks/AudioToolboxCore.framework/
2026-06-03T08:46:48.0345610Z x iPhoneOS16.5.sdk/System/Library/PrivateFrameworks/AudioToolboxCore.framework/AudioToolboxCore.tbd
2026-06-03T08:46:48.0346060Z x iPhoneOS16.5.sdk/System/Library/PrivateFrameworks/IAP.framework/
2026-06-03T08:46:48.0346430Z x iPhoneOS16.5.sdk/System/Library/PrivateFrameworks/IAP.framework/IAP.tbd
2026-06-03T08:46:48.0346940Z x iPhoneOS16.5.sdk/System/Library/PrivateFrameworks/RemoteServiceDiscovery.framework/
2026-06-03T08:46:48.0347510Z x iPhoneOS16.5.sdk/System/Library/PrivateFrameworks/RemoteServiceDiscovery.framework/RemoteServiceDiscovery.tbd
2026-06-03T08:46:48.0348070Z x iPhoneOS16.5.sdk/System/Library/PrivateFrameworks/DocumentManagerCore.framework/
2026-06-03T08:46:48.0348600Z x iPhoneOS16.5.sdk/System/Library/PrivateFrameworks/DocumentManagerCore.framework/DocumentManagerCore.tbd
2026-06-03T08:46:48.0349130Z x iPhoneOS16.5.sdk/System/Library/PrivateFrameworks/TextInputTestingKit.framework/
2026-06-03T08:46:48.0349660Z x iPhoneOS16.5.sdk/System/Library/PrivateFrameworks/TextInputTestingKit.framework/TextInputTestingKit.tbd
2026-06-03T08:46:48.0350200Z x iPhoneOS16.5.sdk/System/Library/PrivateFrameworks/HomePlatformSettingsUI.framework/
2026-06-03T08:46:48.0350770Z x iPhoneOS16.5.sdk/System/Library/PrivateFrameworks/HomePlatformSettingsUI.framework/HomePlatformSettingsUI.tbd
2026-06-03T08:46:48.0351320Z x iPhoneOS16.5.sdk/System/Library/PrivateFrameworks/AdPlatformsInternal.framework/
2026-06-03T08:46:48.0351860Z x iPhoneOS16.5.sdk/System/Library/PrivateFrameworks/AdPlatformsInternal.framework/AdPlatformsInternal.tbd
2026-06-03T08:46:48.0352350Z x iPhoneOS16.5.sdk/System/Library/PrivateFrameworks/TimeSync.framework/
2026-06-03T08:46:48.0352770Z x iPhoneOS16.5.sdk/System/Library/PrivateFrameworks/TimeSync.framework/TimeSync.tbd
2026-06-03T08:46:48.0353180Z x iPhoneOS16.5.sdk/System/Library/PrivateFrameworks/Netrb.framework/
2026-06-03T08:46:48.0353560Z x iPhoneOS16.5.sdk/System/Library/PrivateFrameworks/Netrb.framework/Netrb.tbd
2026-06-03T08:46:48.0353980Z x iPhoneOS16.5.sdk/System/Library/PrivateFrameworks/ARKitFoundation.framework/
2026-06-03T08:46:48.0354460Z x iPhoneOS16.5.sdk/System/Library/PrivateFrameworks/ARKitFoundation.framework/ARKitFoundation.tbd
2026-06-03T08:46:48.0354920Z x iPhoneOS16.5.sdk/System/Library/PrivateFrameworks/EmojiKit.framework/
2026-06-03T08:46:48.0355370Z x iPhoneOS16.5.sdk/System/Library/PrivateFrameworks/EmojiKit.framework/EmojiKit.tbd
2026-06-03T08:46:48.0355840Z x iPhoneOS16.5.sdk/System/Library/PrivateFrameworks/SocialServices.framework/
2026-06-03T08:46:48.0356310Z x iPhoneOS16.5.sdk/System/Library/PrivateFrameworks/SocialServices.framework/SocialServices.tbd
2026-06-03T08:46:48.0356770Z x iPhoneOS16.5.sdk/System/Library/PrivateFrameworks/Widgets.framework/
2026-06-03T08:46:48.0357180Z x iPhoneOS16.5.sdk/System/Library/PrivateFrameworks/Widgets.framework/Widgets.tbd
2026-06-03T08:46:48.0358270Z x iPhoneOS16.5.sdk/System/Library/PrivateFrameworks/WorkoutCore.framework/
2026-06-03T08:46:48.0358720Z x iPhoneOS16.5.sdk/System/Library/PrivateFrameworks/WorkoutCore.framework/WorkoutCore.tbd
2026-06-03T08:46:48.0359170Z x iPhoneOS16.5.sdk/System/Library/PrivateFrameworks/SiriNotebook.framework/
2026-06-03T08:46:48.0359620Z x iPhoneOS16.5.sdk/System/Library/PrivateFrameworks/SiriNotebook.framework/SiriNotebook.tbd
2026-06-03T08:46:48.0360080Z x iPhoneOS16.5.sdk/System/Library/PrivateFrameworks/Symbolication.framework/
2026-06-03T08:46:48.0360650Z x iPhoneOS16.5.sdk/System/Library/PrivateFrameworks/Symbolication.framework/Symbolication.tbd
2026-06-03T08:46:48.0361140Z x iPhoneOS16.5.sdk/System/Library/PrivateFrameworks/AXTapToSpeakTime.framework/
2026-06-03T08:46:48.0361640Z x iPhoneOS16.5.sdk/System/Library/PrivateFrameworks/AXTapToSpeakTime.framework/AXTapToSpeakTime.tbd
2026-06-03T08:46:48.0362160Z x iPhoneOS16.5.sdk/System/Library/PrivateFrameworks/InternationalSupport.framework/
2026-06-03T08:46:48.0362700Z x iPhoneOS16.5.sdk/System/Library/PrivateFrameworks/InternationalSupport.framework/InternationalSupport.tbd
2026-06-03T08:46:48.0363210Z x iPhoneOS16.5.sdk/System/Library/PrivateFrameworks/DataMigration.framework/
2026-06-03T08:46:48.0363680Z x iPhoneOS16.5.sdk/System/Library/PrivateFrameworks/DataMigration.framework/DataMigration.tbd
2026-06-03T08:46:48.0364150Z x iPhoneOS16.5.sdk/System/Library/PrivateFrameworks/LiveFSFPHelper.framework/
2026-06-03T08:46:48.0364730Z x iPhoneOS16.5.sdk/System/Library/PrivateFrameworks/LiveFSFPHelper.framework/LiveFSFPHelper.tbd
2026-06-03T08:46:48.0365220Z x iPhoneOS16.5.sdk/System/Library/PrivateFrameworks/MeasureFoundation.framework/
2026-06-03T08:46:48.0365730Z x iPhoneOS16.5.sdk/System/Library/PrivateFrameworks/MeasureFoundation.framework/MeasureFoundation.tbd
2026-06-03T08:46:48.0366220Z x iPhoneOS16.5.sdk/System/Library/PrivateFrameworks/MarkupUI.framework/
2026-06-03T08:46:48.0366640Z x iPhoneOS16.5.sdk/System/Library/PrivateFrameworks/MarkupUI.framework/MarkupUI.tbd
2026-06-03T08:46:48.0367090Z x iPhoneOS16.5.sdk/System/Library/PrivateFrameworks/RemotePairingDevice.framework/
2026-06-03T08:46:48.0367620Z x iPhoneOS16.5.sdk/System/Library/PrivateFrameworks/RemotePairingDevice.framework/RemotePairingDevice.tbd
2026-06-03T08:46:48.0368200Z x iPhoneOS16.5.sdk/System/Library/PrivateFrameworks/InfoQueryPersonalizationFeatures.framework/
2026-06-03T08:46:48.0368870Z x iPhoneOS16.5.sdk/System/Library/PrivateFrameworks/InfoQueryPersonalizationFeatures.framework/InfoQueryPersonalizationFeatures.tbd
2026-06-03T08:46:48.0369450Z x iPhoneOS16.5.sdk/System/Library/PrivateFrameworks/TeaDB.framework/
2026-06-03T08:46:48.0369870Z x iPhoneOS16.5.sdk/System/Library/PrivateFrameworks/TeaDB.framework/TeaDB.tbd
2026-06-03T08:46:48.0370310Z x iPhoneOS16.5.sdk/System/Library/PrivateFrameworks/AltruisticBodyPoseKit.framework/
2026-06-03T08:46:48.0370870Z x iPhoneOS16.5.sdk/System/Library/PrivateFrameworks/AltruisticBodyPoseKit.framework/AltruisticBodyPoseKit.tbd
2026-06-03T08:46:48.0371400Z x iPhoneOS16.5.sdk/System/Library/PrivateFrameworks/HRTFEnrollment.framework/
2026-06-03T08:46:48.0371870Z x iPhoneOS16.5.sdk/System/Library/PrivateFrameworks/HRTFEnrollment.framework/HRTFEnrollment.tbd
2026-06-03T08:46:48.0372350Z x iPhoneOS16.5.sdk/System/Library/PrivateFrameworks/lighthouse_runtime.framework/
2026-06-03T08:46:48.0372860Z x iPhoneOS16.5.sdk/System/Library/PrivateFrameworks/lighthouse_runtime.framework/lighthouse_runtime.tbd
2026-06-03T08:46:48.0373380Z x iPhoneOS16.5.sdk/System/Library/PrivateFrameworks/SettingsCellularUI.framework/
2026-06-03T08:46:48.0373900Z x iPhoneOS16.5.sdk/System/Library/PrivateFrameworks/SettingsCellularUI.framework/SettingsCellularUI.tbd
2026-06-03T08:46:48.0374390Z x iPhoneOS16.5.sdk/System/Library/PrivateFrameworks/Pegasus.framework/
2026-06-03T08:46:48.0374800Z x iPhoneOS16.5.sdk/System/Library/PrivateFrameworks/Pegasus.framework/Pegasus.tbd
2026-06-03T08:46:48.0375210Z x iPhoneOS16.5.sdk/System/Library/PrivateFrameworks/EmailDaemon.framework/
2026-06-03T08:46:48.0375660Z x iPhoneOS16.5.sdk/System/Library/PrivateFrameworks/EmailDaemon.framework/EmailDaemon.tbd
2026-06-03T08:46:48.0376100Z x iPhoneOS16.5.sdk/System/Library/PrivateFrameworks/PassKitCore.framework/
2026-06-03T08:46:48.0376550Z x iPhoneOS16.5.sdk/System/Library/PrivateFrameworks/PassKitCore.framework/PassKitCore.tbd
2026-06-03T08:46:48.0377020Z x iPhoneOS16.5.sdk/System/Library/PrivateFrameworks/AXWatchRemoteScreenUI.framework/
2026-06-03T08:46:48.0377830Z x iPhoneOS16.5.sdk/System/Library/PrivateFrameworks/AXWatchRemoteScreenUI.framework/AXWatchRemoteScreenUI.tbd
2026-06-03T08:46:48.0383110Z x iPhoneOS16.5.sdk/System/Library/PrivateFrameworks/HealthAppServices.framework/
2026-06-03T08:46:48.0384040Z x iPhoneOS16.5.sdk/System/Library/PrivateFrameworks/HealthAppServices.framework/HealthAppServices.tbd
2026-06-03T08:46:48.0385150Z x iPhoneOS16.5.sdk/System/Library/PrivateFrameworks/UIKitCore.framework/
2026-06-03T08:46:48.0394490Z x iPhoneOS16.5.sdk/System/Library/PrivateFrameworks/UIKitCore.framework/UIKitCore.tbd
2026-06-03T08:46:48.0394980Z x iPhoneOS16.5.sdk/System/Library/PrivateFrameworks/TCC.framework/
2026-06-03T08:46:48.0403830Z x iPhoneOS16.5.sdk/System/Library/PrivateFrameworks/TCC.framework/TCC.tbd
2026-06-03T08:46:48.0408130Z x iPhoneOS16.5.sdk/System/Library/PrivateFrameworks/UserNotificationsKit.framework/
2026-06-03T08:46:48.0408780Z x iPhoneOS16.5.sdk/System/Library/PrivateFrameworks/UserNotificationsKit.framework/UserNotificationsKit.tbd
2026-06-03T08:46:48.0409530Z x iPhoneOS16.5.sdk/System/Library/PrivateFrameworks/HealthMedications.framework/
2026-06-03T08:46:48.0410130Z x iPhoneOS16.5.sdk/System/Library/PrivateFrameworks/HealthMedications.framework/HealthMedications.tbd
2026-06-03T08:46:48.0410710Z x iPhoneOS16.5.sdk/System/Library/PrivateFrameworks/MediaPlayerUI.framework/
2026-06-03T08:46:48.0411260Z x iPhoneOS16.5.sdk/System/Library/PrivateFrameworks/MediaPlayerUI.framework/MediaPlayerUI.tbd
2026-06-03T08:46:48.0414070Z x iPhoneOS16.5.sdk/System/Library/PrivateFrameworks/SharingHUD.framework/
2026-06-03T08:46:48.0414590Z x iPhoneOS16.5.sdk/System/Library/PrivateFrameworks/SharingHUD.framework/SharingHUD.tbd
2026-06-03T08:46:48.0415100Z x iPhoneOS16.5.sdk/System/Library/PrivateFrameworks/MapsSupport.framework/
2026-06-03T08:46:48.0415620Z x iPhoneOS16.5.sdk/System/Library/PrivateFrameworks/MapsSupport.framework/MapsSupport.tbd
2026-06-03T08:46:48.0416140Z x iPhoneOS16.5.sdk/System/Library/PrivateFrameworks/SEService.framework/
2026-06-03T08:46:48.0422380Z x iPhoneOS16.5.sdk/System/Library/PrivateFrameworks/SEService.framework/SEService.tbd
2026-06-03T08:46:48.0423340Z x iPhoneOS16.5.sdk/System/Library/PrivateFrameworks/CoreIK.framework/
2026-06-03T08:46:48.0423820Z x iPhoneOS16.5.sdk/System/Library/PrivateFrameworks/CoreIK.framework/CoreIK.tbd
2026-06-03T08:46:48.0424300Z x iPhoneOS16.5.sdk/System/Library/PrivateFrameworks/Fitness.framework/
2026-06-03T08:46:48.0424780Z x iPhoneOS16.5.sdk/System/Library/PrivateFrameworks/Fitness.framework/Fitness.tbd
2026-06-03T08:46:48.0425280Z x iPhoneOS16.5.sdk/System/Library/PrivateFrameworks/URLCompression.framework/
2026-06-03T08:46:48.0425830Z x iPhoneOS16.5.sdk/System/Library/PrivateFrameworks/URLCompression.framework/URLCompression.tbd
2026-06-03T08:46:48.0426360Z x iPhoneOS16.5.sdk/System/Library/PrivateFrameworks/CoreCDP.framework/
2026-06-03T08:46:48.0426840Z x iPhoneOS16.5.sdk/System/Library/PrivateFrameworks/CoreCDP.framework/CoreCDP.tbd
2026-06-03T08:46:48.0427330Z x iPhoneOS16.5.sdk/System/Library/PrivateFrameworks/MOVStreamIO.framework/
2026-06-03T08:46:48.0427850Z x iPhoneOS16.5.sdk/System/Library/PrivateFrameworks/MOVStreamIO.framework/MOVStreamIO.tbd
2026-06-03T08:46:48.0428390Z x iPhoneOS16.5.sdk/System/Library/PrivateFrameworks/RelevanceEngineUI.framework/
2026-06-03T08:46:48.0428970Z x iPhoneOS16.5.sdk/System/Library/PrivateFrameworks/RelevanceEngineUI.framework/RelevanceEngineUI.tbd
2026-06-03T08:46:48.0429560Z x iPhoneOS16.5.sdk/System/Library/PrivateFrameworks/AdPlatformsCommonUI.framework/
2026-06-03T08:46:48.0430170Z x iPhoneOS16.5.sdk/System/Library/PrivateFrameworks/AdPlatformsCommonUI.framework/AdPlatformsCommonUI.tbd
2026-06-03T08:46:48.0432310Z x iPhoneOS16.5.sdk/System/Library/PrivateFrameworks/CoreMaterial.framework/
2026-06-03T08:46:48.0433890Z x iPhoneOS16.5.sdk/System/Library/PrivateFrameworks/CoreMaterial.framework/CoreMaterial.tbd
2026-06-03T08:46:48.0434520Z x iPhoneOS16.5.sdk/System/Library/PrivateFrameworks/ReminderKit.framework/
2026-06-03T08:46:48.0435050Z x iPhoneOS16.5.sdk/System/Library/PrivateFrameworks/ReminderKit.framework/ReminderKit.tbd
2026-06-03T08:46:48.0435580Z x iPhoneOS16.5.sdk/System/Library/PrivateFrameworks/IOUSBHost.framework/
2026-06-03T08:46:48.0436220Z x iPhoneOS16.5.sdk/System/Library/PrivateFrameworks/IOUSBHost.framework/IOUSBHost.tbd
2026-06-03T08:46:48.0436800Z x iPhoneOS16.5.sdk/System/Library/PrivateFrameworks/SystemAperture.framework/
2026-06-03T08:46:48.0437360Z x iPhoneOS16.5.sdk/System/Library/PrivateFrameworks/SystemAperture.framework/SystemAperture.tbd
2026-06-03T08:46:48.0437920Z x iPhoneOS16.5.sdk/System/Library/PrivateFrameworks/AirPlayReceiverKit.framework/
2026-06-03T08:46:48.0438520Z x iPhoneOS16.5.sdk/System/Library/PrivateFrameworks/AirPlayReceiverKit.framework/AirPlayReceiverKit.tbd
2026-06-03T08:46:48.0442220Z x iPhoneOS16.5.sdk/System/Library/PrivateFrameworks/Transparency.framework/
2026-06-03T08:46:48.0442810Z x iPhoneOS16.5.sdk/System/Library/PrivateFrameworks/Transparency.framework/Transparency.tbd
2026-06-03T08:46:48.0443830Z x iPhoneOS16.5.sdk/System/Library/PrivateFrameworks/WiFiCloudSyncEngine.framework/
2026-06-03T08:46:48.0444540Z x iPhoneOS16.5.sdk/System/Library/PrivateFrameworks/WiFiCloudSyncEngine.framework/WiFiCloudSyncEngine.tbd
2026-06-03T08:46:48.0445110Z x iPhoneOS16.5.sdk/System/Library/PrivateFrameworks/SiriCam.framework/
2026-06-03T08:46:48.0445590Z x iPhoneOS16.5.sdk/System/Library/PrivateFrameworks/SiriCam.framework/SiriCam.tbd
2026-06-03T08:46:48.0446170Z x iPhoneOS16.5.sdk/System/Library/PrivateFrameworks/DashBoard.framework/
2026-06-03T08:46:48.0446670Z x iPhoneOS16.5.sdk/System/Library/PrivateFrameworks/DashBoard.framework/DashBoard.tbd
2026-06-03T08:46:48.0449990Z x iPhoneOS16.5.sdk/System/Library/PrivateFrameworks/IntlPreferences.framework/
2026-06-03T08:46:48.0450480Z x iPhoneOS16.5.sdk/System/Library/PrivateFrameworks/IntlPreferences.framework/IntlPreferences.tbd
2026-06-03T08:46:48.0450980Z x iPhoneOS16.5.sdk/System/Library/PrivateFrameworks/Spotlight.framework/
2026-06-03T08:46:48.0451410Z x iPhoneOS16.5.sdk/System/Library/PrivateFrameworks/Spotlight.framework/Spotlight.tbd
2026-06-03T08:46:48.0451890Z x iPhoneOS16.5.sdk/System/Library/PrivateFrameworks/ContextKitCore.framework/
2026-06-03T08:46:48.0452380Z x iPhoneOS16.5.sdk/System/Library/PrivateFrameworks/ContextKitCore.framework/ContextKitCore.tbd
2026-06-03T08:46:48.0452870Z x iPhoneOS16.5.sdk/System/Library/PrivateFrameworks/WirelessDiagnostics.framework/
2026-06-03T08:46:48.0453930Z x iPhoneOS16.5.sdk/System/Library/PrivateFrameworks/WirelessDiagnostics.framework/WirelessDiagnostics.tbd
2026-06-03T08:46:48.0454450Z x iPhoneOS16.5.sdk/System/Library/PrivateFrameworks/VideosUICore.framework/
2026-06-03T08:46:48.0454910Z x iPhoneOS16.5.sdk/System/Library/PrivateFrameworks/VideosUICore.framework/VideosUICore.tbd
2026-06-03T08:46:48.0455400Z x iPhoneOS16.5.sdk/System/Library/PrivateFrameworks/MediaPlaybackCore.framework/
2026-06-03T08:46:48.0455910Z x iPhoneOS16.5.sdk/System/Library/PrivateFrameworks/MediaPlaybackCore.framework/MediaPlaybackCore.tbd
2026-06-03T08:46:48.0456430Z x iPhoneOS16.5.sdk/System/Library/PrivateFrameworks/SceneIntelligence.framework/
2026-06-03T08:46:48.0456940Z x iPhoneOS16.5.sdk/System/Library/PrivateFrameworks/SceneIntelligence.framework/SceneIntelligence.tbd
2026-06-03T08:46:48.0457450Z x iPhoneOS16.5.sdk/System/Library/PrivateFrameworks/AppleFlatBuffers.framework/
2026-06-03T08:46:48.0457950Z x iPhoneOS16.5.sdk/System/Library/PrivateFrameworks/AppleFlatBuffers.framework/AppleFlatBuffers.tbd
2026-06-03T08:46:48.0458460Z x iPhoneOS16.5.sdk/System/Library/PrivateFrameworks/AGXGPURawCounter.framework/
2026-06-03T08:46:48.0458950Z x iPhoneOS16.5.sdk/System/Library/PrivateFrameworks/AGXGPURawCounter.framework/AGXGPURawCounter.tbd
2026-06-03T08:46:48.0459450Z x iPhoneOS16.5.sdk/System/Library/PrivateFrameworks/BiometricKitUI.framework/
2026-06-03T08:46:48.0459900Z x iPhoneOS16.5.sdk/System/Library/PrivateFrameworks/BiometricKitUI.framework/Frameworks/
2026-06-03T08:46:48.0460460Z x iPhoneOS16.5.sdk/System/Library/PrivateFrameworks/BiometricKitUI.framework/Frameworks/MTLSpline.framework/
2026-06-03T08:46:48.0461700Z x iPhoneOS16.5.sdk/System/Library/PrivateFrameworks/BiometricKitUI.framework/Frameworks/MTLSpline.framework/MTLSpline.tbd
2026-06-03T08:46:48.0462390Z x iPhoneOS16.5.sdk/System/Library/PrivateFrameworks/BiometricKitUI.framework/Frameworks/Fluid.framework/
2026-06-03T08:46:48.0463020Z x iPhoneOS16.5.sdk/System/Library/PrivateFrameworks/BiometricKitUI.framework/Frameworks/Fluid.framework/Fluid.tbd
2026-06-03T08:46:48.0463610Z x iPhoneOS16.5.sdk/System/Library/PrivateFrameworks/BiometricKitUI.framework/BiometricKitUI.tbd
2026-06-03T08:46:48.0464080Z x iPhoneOS16.5.sdk/System/Library/PrivateFrameworks/SleepHealth.framework/
2026-06-03T08:46:48.0464540Z x iPhoneOS16.5.sdk/System/Library/PrivateFrameworks/SleepHealth.framework/SleepHealth.tbd
2026-06-03T08:46:48.0465020Z x iPhoneOS16.5.sdk/System/Library/PrivateFrameworks/SharedWebCredentials.framework/
2026-06-03T08:46:48.0465570Z x iPhoneOS16.5.sdk/System/Library/PrivateFrameworks/SharedWebCredentials.framework/SharedWebCredentials.tbd
2026-06-03T08:46:48.0466190Z x iPhoneOS16.5.sdk/System/Library/PrivateFrameworks/BrookDataCollection.framework/
2026-06-03T08:46:48.0466740Z x iPhoneOS16.5.sdk/System/Library/PrivateFrameworks/BrookDataCollection.framework/BrookDataCollection.tbd
2026-06-03T08:46:48.0467270Z x iPhoneOS16.5.sdk/System/Library/PrivateFrameworks/AdPlatformsCommon.framework/
2026-06-03T08:46:48.0467780Z x iPhoneOS16.5.sdk/System/Library/PrivateFrameworks/AdPlatformsCommon.framework/AdPlatformsCommon.tbd
2026-06-03T08:46:48.0468300Z x iPhoneOS16.5.sdk/System/Library/PrivateFrameworks/CoreThemeDefinition.framework/
2026-06-03T08:46:48.0468830Z x iPhoneOS16.5.sdk/System/Library/PrivateFrameworks/CoreThemeDefinition.framework/CoreThemeDefinition.tbd
2026-06-03T08:46:48.0469310Z x iPhoneOS16.5.sdk/System/Library/PrivateFrameworks/VFX.framework/
2026-06-03T08:46:48.0469690Z x iPhoneOS16.5.sdk/System/Library/PrivateFrameworks/VFX.framework/Frameworks/
2026-06-03T08:46:48.0470230Z x iPhoneOS16.5.sdk/System/Library/PrivateFrameworks/VFX.framework/Frameworks/libVFXCore.tbd
2026-06-03T08:46:48.0470690Z x iPhoneOS16.5.sdk/System/Library/PrivateFrameworks/VFX.framework/VFX.tbd
2026-06-03T08:46:48.0471080Z x iPhoneOS16.5.sdk/System/Library/PrivateFrameworks/AppleCV3D.framework/
2026-06-03T08:46:48.0471510Z x iPhoneOS16.5.sdk/System/Library/PrivateFrameworks/AppleCV3D.framework/AppleCV3D.tbd
2026-06-03T08:46:48.0471960Z x iPhoneOS16.5.sdk/System/Library/PrivateFrameworks/PhotosUIPrivate.framework/
2026-06-03T08:46:48.0472450Z x iPhoneOS16.5.sdk/System/Library/PrivateFrameworks/PhotosUIPrivate.framework/PhotosUIPrivate.tbd
2026-06-03T08:46:48.0472930Z x iPhoneOS16.5.sdk/System/Library/PrivateFrameworks/PersonalAudio.framework/
2026-06-03T08:46:48.0473400Z x iPhoneOS16.5.sdk/System/Library/PrivateFrameworks/PersonalAudio.framework/PersonalAudio.tbd
2026-06-03T08:46:48.0473880Z x iPhoneOS16.5.sdk/System/Library/PrivateFrameworks/MobileObliteration.framework/
2026-06-03T08:46:48.0474400Z x iPhoneOS16.5.sdk/System/Library/PrivateFrameworks/MobileObliteration.framework/MobileObliteration.tbd
2026-06-03T08:46:48.0474960Z x iPhoneOS16.5.sdk/System/Library/PrivateFrameworks/ProactiveExperimentsInternals.framework/
2026-06-03T08:46:48.0475610Z x iPhoneOS16.5.sdk/System/Library/PrivateFrameworks/ProactiveExperimentsInternals.framework/ProactiveExperimentsInternals.tbd
2026-06-03T08:46:48.0476210Z x iPhoneOS16.5.sdk/System/Library/PrivateFrameworks/HealthDomainsTools.framework/
2026-06-03T08:46:48.0476730Z x iPhoneOS16.5.sdk/System/Library/PrivateFrameworks/HealthDomainsTools.framework/HealthDomainsTools.tbd
2026-06-03T08:46:48.0477260Z x iPhoneOS16.5.sdk/System/Library/PrivateFrameworks/SeymourServerProtocol.framework/
2026-06-03T08:46:48.0477810Z x iPhoneOS16.5.sdk/System/Library/PrivateFrameworks/SeymourServerProtocol.framework/SeymourServerProtocol.tbd
2026-06-03T08:46:48.0478380Z x iPhoneOS16.5.sdk/System/Library/PrivateFrameworks/DeviceActivityConductor.framework/
2026-06-03T08:46:48.0478960Z x iPhoneOS16.5.sdk/System/Library/PrivateFrameworks/DeviceActivityConductor.framework/DeviceActivityConductor.tbd
2026-06-03T08:46:48.0479580Z x iPhoneOS16.5.sdk/System/Library/PrivateFrameworks/NanoMediaRemote.framework/
2026-06-03T08:46:48.0480080Z x iPhoneOS16.5.sdk/System/Library/PrivateFrameworks/NanoMediaRemote.framework/NanoMediaRemote.tbd
2026-06-03T08:46:48.0480590Z x iPhoneOS16.5.sdk/System/Library/PrivateFrameworks/AppPredictionUIWidget.framework/
2026-06-03T08:46:48.0481140Z x iPhoneOS16.5.sdk/System/Library/PrivateFrameworks/AppPredictionUIWidget.framework/AppPredictionUIWidget.tbd
2026-06-03T08:46:48.0481650Z x iPhoneOS16.5.sdk/System/Library/PrivateFrameworks/AssetViewer.framework/
2026-06-03T08:46:48.0482100Z x iPhoneOS16.5.sdk/System/Library/PrivateFrameworks/AssetViewer.framework/AssetViewer.tbd
2026-06-03T08:46:48.0482540Z x iPhoneOS16.5.sdk/System/Library/PrivateFrameworks/EasyConfig.framework/
2026-06-03T08:46:48.0482970Z x iPhoneOS16.5.sdk/System/Library/PrivateFrameworks/EasyConfig.framework/EasyConfig.tbd
2026-06-03T08:46:48.0483520Z x iPhoneOS16.5.sdk/System/Library/PrivateFrameworks/MetricKitCore.framework/
2026-06-03T08:46:48.0483990Z x iPhoneOS16.5.sdk/System/Library/PrivateFrameworks/MetricKitCore.framework/MetricKitCore.tbd
2026-06-03T08:46:48.0484430Z x iPhoneOS16.5.sdk/System/Library/PrivateFrameworks/Recap.framework/
2026-06-03T08:46:48.0484820Z x iPhoneOS16.5.sdk/System/Library/PrivateFrameworks/Recap.framework/Recap.tbd
2026-06-03T08:46:48.0485270Z x iPhoneOS16.5.sdk/System/Library/PrivateFrameworks/PromotedContentSupport.framework/
2026-06-03T08:46:48.0485840Z x iPhoneOS16.5.sdk/System/Library/PrivateFrameworks/PromotedContentSupport.framework/PromotedContentSupport.tbd
2026-06-03T08:46:48.0486390Z x iPhoneOS16.5.sdk/System/Library/PrivateFrameworks/SiriSuggestionsKit.framework/
2026-06-03T08:46:48.0486910Z x iPhoneOS16.5.sdk/System/Library/PrivateFrameworks/SiriSuggestionsKit.framework/SiriSuggestionsKit.tbd
2026-06-03T08:46:48.0487430Z x iPhoneOS16.5.sdk/System/Library/PrivateFrameworks/KnowledgeMonitor.framework/
2026-06-03T08:46:48.0487930Z x iPhoneOS16.5.sdk/System/Library/PrivateFrameworks/KnowledgeMonitor.framework/KnowledgeMonitor.tbd
2026-06-03T08:46:48.0488430Z x iPhoneOS16.5.sdk/System/Library/PrivateFrameworks/PassKitServices.framework/
2026-06-03T08:46:48.0488920Z x iPhoneOS16.5.sdk/System/Library/PrivateFrameworks/PassKitServices.framework/PassKitServices.tbd
2026-06-03T08:46:48.0489390Z x iPhoneOS16.5.sdk/System/Library/PrivateFrameworks/ProxCardKit.framework/
2026-06-03T08:46:48.0489840Z x iPhoneOS16.5.sdk/System/Library/PrivateFrameworks/ProxCardKit.framework/ProxCardKit.tbd
2026-06-03T08:46:48.0490350Z x iPhoneOS16.5.sdk/System/Library/PrivateFrameworks/SiriUICardKitProviderSupport.framework/
2026-06-03T08:46:48.0491000Z x iPhoneOS16.5.sdk/System/Library/PrivateFrameworks/SiriUICardKitProviderSupport.framework/SiriUICardKitProviderSupport.tbd
2026-06-03T08:46:48.0491570Z x iPhoneOS16.5.sdk/System/Library/PrivateFrameworks/RealityIO.framework/
2026-06-03T08:46:48.0492000Z x iPhoneOS16.5.sdk/System/Library/PrivateFrameworks/RealityIO.framework/RealityIO.tbd
2026-06-03T08:46:48.0492500Z x iPhoneOS16.5.sdk/System/Library/PrivateFrameworks/MobileStoreDemoKit.framework/
2026-06-03T08:46:48.0493020Z x iPhoneOS16.5.sdk/System/Library/PrivateFrameworks/MobileStoreDemoKit.framework/MobileStoreDemoKit.tbd
2026-06-03T08:46:48.0493500Z x iPhoneOS16.5.sdk/System/Library/PrivateFrameworks/StudyLog.framework/
2026-06-03T08:46:48.0493920Z x iPhoneOS16.5.sdk/System/Library/PrivateFrameworks/StudyLog.framework/StudyLog.tbd
2026-06-03T08:46:48.0494390Z x iPhoneOS16.5.sdk/System/Library/PrivateFrameworks/NanoWeatherKitUICompanion.framework/
2026-06-03T08:46:48.0494990Z x iPhoneOS16.5.sdk/System/Library/PrivateFrameworks/NanoWeatherKitUICompanion.framework/NanoWeatherKitUICompanion.tbd
2026-06-03T08:46:48.0495520Z x iPhoneOS16.5.sdk/System/Library/PrivateFrameworks/PowerUI.framework/
2026-06-03T08:46:48.0495930Z x iPhoneOS16.5.sdk/System/Library/PrivateFrameworks/PowerUI.framework/PowerUI.tbd
2026-06-03T08:46:48.0496380Z x iPhoneOS16.5.sdk/System/Library/PrivateFrameworks/FrontBoardServices.framework/
2026-06-03T08:46:48.0496980Z x iPhoneOS16.5.sdk/System/Library/PrivateFrameworks/FrontBoardServices.framework/FrontBoardServices.tbd
2026-06-03T08:46:48.0497520Z x iPhoneOS16.5.sdk/System/Library/PrivateFrameworks/SiriSocialConversation.framework/
2026-06-03T08:46:48.0498080Z x iPhoneOS16.5.sdk/System/Library/PrivateFrameworks/SiriSocialConversation.framework/SiriSocialConversation.tbd
2026-06-03T08:46:48.0498660Z x iPhoneOS16.5.sdk/System/Library/PrivateFrameworks/AccessibilitySharedSupport.framework/
2026-06-03T08:46:48.0499270Z x iPhoneOS16.5.sdk/System/Library/PrivateFrameworks/AccessibilitySharedSupport.framework/AccessibilitySharedSupport.tbd
2026-06-03T08:46:48.0500480Z x iPhoneOS16.5.sdk/System/Library/PrivateFrameworks/IMTransferServices.framework/
2026-06-03T08:46:48.0501020Z x iPhoneOS16.5.sdk/System/Library/PrivateFrameworks/IMTransferServices.framework/IMTransferServices.tbd
2026-06-03T08:46:48.0501660Z x iPhoneOS16.5.sdk/System/Library/PrivateFrameworks/InputTranscoder.framework/
2026-06-03T08:46:48.0502170Z x iPhoneOS16.5.sdk/System/Library/PrivateFrameworks/InputTranscoder.framework/InputTranscoder.tbd
2026-06-03T08:46:48.0502640Z x iPhoneOS16.5.sdk/System/Library/PrivateFrameworks/ResponseKit.framework/
2026-06-03T08:46:48.0503100Z x iPhoneOS16.5.sdk/System/Library/PrivateFrameworks/ResponseKit.framework/ResponseKit.tbd
2026-06-03T08:46:48.0503540Z x iPhoneOS16.5.sdk/System/Library/PrivateFrameworks/TeaSnappy.framework/
2026-06-03T08:46:48.0503970Z x iPhoneOS16.5.sdk/System/Library/PrivateFrameworks/TeaSnappy.framework/TeaSnappy.tbd
2026-06-03T08:46:48.0504440Z x iPhoneOS16.5.sdk/System/Library/PrivateFrameworks/HealthHearingDaemon.framework/
2026-06-03T08:46:48.0504970Z x iPhoneOS16.5.sdk/System/Library/PrivateFrameworks/HealthHearingDaemon.framework/HealthHearingDaemon.tbd
2026-06-03T08:46:48.0505460Z x iPhoneOS16.5.sdk/System/Library/PrivateFrameworks/CoreIDV.framework/
2026-06-03T08:46:48.0505870Z x iPhoneOS16.5.sdk/System/Library/PrivateFrameworks/CoreIDV.framework/CoreIDV.tbd
2026-06-03T08:46:48.0506290Z x iPhoneOS16.5.sdk/System/Library/PrivateFrameworks/AppleSRP.framework/
2026-06-03T08:46:48.0506730Z x iPhoneOS16.5.sdk/System/Library/PrivateFrameworks/AppleSRP.framework/AppleSRP.tbd
2026-06-03T08:46:48.0507150Z x iPhoneOS16.5.sdk/System/Library/PrivateFrameworks/Seeding.framework/
2026-06-03T08:46:48.0507650Z x iPhoneOS16.5.sdk/System/Library/PrivateFrameworks/Seeding.framework/Seeding.tbd
2026-06-03T08:46:48.0508070Z x iPhoneOS16.5.sdk/System/Library/PrivateFrameworks/ProactiveML.framework/
2026-06-03T08:46:48.0508520Z x iPhoneOS16.5.sdk/System/Library/PrivateFrameworks/ProactiveML.framework/ProactiveML.tbd
2026-06-03T08:46:48.0509160Z x iPhoneOS16.5.sdk/System/Library/PrivateFrameworks/UARPUpdaterService.framework/
2026-06-03T08:46:48.0509690Z x iPhoneOS16.5.sdk/System/Library/PrivateFrameworks/UARPUpdaterService.framework/UARPUpdaterService.tbd
2026-06-03T08:46:48.0510210Z x iPhoneOS16.5.sdk/System/Library/PrivateFrameworks/SiriVideoIntents.framework/
2026-06-03T08:46:48.0510800Z x iPhoneOS16.5.sdk/System/Library/PrivateFrameworks/SiriVideoIntents.framework/SiriVideoIntents.tbd
2026-06-03T08:46:48.0511320Z x iPhoneOS16.5.sdk/System/Library/PrivateFrameworks/SiriIdentityInternal.framework/
2026-06-03T08:46:48.0511860Z x iPhoneOS16.5.sdk/System/Library/PrivateFrameworks/SiriIdentityInternal.framework/SiriIdentityInternal.tbd
2026-06-03T08:46:48.0520700Z x iPhoneOS16.5.sdk/System/Library/PrivateFrameworks/AppStoreKitInternal.framework/
2026-06-03T08:46:48.0522150Z x iPhoneOS16.5.sdk/System/Library/PrivateFrameworks/AppStoreKitInternal.framework/AppStoreKitInternal.tbd
2026-06-03T08:46:48.0522690Z x iPhoneOS16.5.sdk/System/Library/PrivateFrameworks/AudioAnalytics.framework/
2026-06-03T08:46:48.0523180Z x iPhoneOS16.5.sdk/System/Library/PrivateFrameworks/AudioAnalytics.framework/AudioAnalytics.tbd
2026-06-03T08:46:48.0523690Z x iPhoneOS16.5.sdk/System/Library/PrivateFrameworks/AccessibilityUtilities.framework/
2026-06-03T08:46:48.0524270Z x iPhoneOS16.5.sdk/System/Library/PrivateFrameworks/AccessibilityUtilities.framework/AccessibilityUtilities.tbd
2026-06-03T08:46:48.0524930Z x iPhoneOS16.5.sdk/System/Library/PrivateFrameworks/BluetoothServicesUI.framework/
2026-06-03T08:46:48.0525470Z x iPhoneOS16.5.sdk/System/Library/PrivateFrameworks/BluetoothServicesUI.framework/BluetoothServicesUI.tbd
2026-06-03T08:46:48.0526000Z x iPhoneOS16.5.sdk/System/Library/PrivateFrameworks/InstallCoordination.framework/
2026-06-03T08:46:48.0526530Z x iPhoneOS16.5.sdk/System/Library/PrivateFrameworks/InstallCoordination.framework/InstallCoordination.tbd
2026-06-03T08:46:48.0527020Z x iPhoneOS16.5.sdk/System/Library/PrivateFrameworks/TVRemoteUI.framework/
2026-06-03T08:46:48.0527460Z x iPhoneOS16.5.sdk/System/Library/PrivateFrameworks/TVRemoteUI.framework/TVRemoteUI.tbd
2026-06-03T08:46:48.0527910Z x iPhoneOS16.5.sdk/System/Library/PrivateFrameworks/HealthHearing.framework/
2026-06-03T08:46:48.0528370Z x iPhoneOS16.5.sdk/System/Library/PrivateFrameworks/HealthHearing.framework/HealthHearing.tbd
2026-06-03T08:46:48.0528940Z x iPhoneOS16.5.sdk/System/Library/PrivateFrameworks/LiveTranscription.framework/
2026-06-03T08:46:48.0529450Z x iPhoneOS16.5.sdk/System/Library/PrivateFrameworks/LiveTranscription.framework/LiveTranscription.tbd
2026-06-03T08:46:48.0530610Z x iPhoneOS16.5.sdk/System/Library/PrivateFrameworks/TVRemoteCore.framework/
2026-06-03T08:46:48.0531100Z x iPhoneOS16.5.sdk/System/Library/PrivateFrameworks/TVRemoteCore.framework/TVRemoteCore.tbd
2026-06-03T08:46:48.0531570Z x iPhoneOS16.5.sdk/System/Library/PrivateFrameworks/KeyboardServices.framework/
2026-06-03T08:46:48.0532080Z x iPhoneOS16.5.sdk/System/Library/PrivateFrameworks/KeyboardServices.framework/KeyboardServices.tbd
2026-06-03T08:46:48.0532600Z x iPhoneOS16.5.sdk/System/Library/PrivateFrameworks/ActivityAchievementsUI.framework/
2026-06-03T08:46:48.0533170Z x iPhoneOS16.5.sdk/System/Library/PrivateFrameworks/ActivityAchievementsUI.framework/ActivityAchievementsUI.tbd
2026-06-03T08:46:48.0533730Z x iPhoneOS16.5.sdk/System/Library/PrivateFrameworks/AppleMediaDiscovery.framework/
2026-06-03T08:46:48.0534290Z x iPhoneOS16.5.sdk/System/Library/PrivateFrameworks/AppleMediaDiscovery.framework/AppleMediaDiscovery.tbd
2026-06-03T08:46:48.0534810Z x iPhoneOS16.5.sdk/System/Library/PrivateFrameworks/IMDaemonCore.framework/
2026-06-03T08:46:48.0535260Z x iPhoneOS16.5.sdk/System/Library/PrivateFrameworks/IMDaemonCore.framework/IMDaemonCore.tbd
2026-06-03T08:46:48.0535720Z x iPhoneOS16.5.sdk/System/Library/PrivateFrameworks/TouchRemote.framework/
2026-06-03T08:46:48.0536170Z x iPhoneOS16.5.sdk/System/Library/PrivateFrameworks/TouchRemote.framework/TouchRemote.tbd
2026-06-03T08:46:48.0536700Z x iPhoneOS16.5.sdk/System/Library/PrivateFrameworks/CoreMediaStream.framework/
2026-06-03T08:46:48.0537200Z x iPhoneOS16.5.sdk/System/Library/PrivateFrameworks/CoreMediaStream.framework/CoreMediaStream.tbd
2026-06-03T08:46:48.0537660Z x iPhoneOS16.5.sdk/System/Library/PrivateFrameworks/DAAPKit.framework/
2026-06-03T08:46:48.0538070Z x iPhoneOS16.5.sdk/System/Library/PrivateFrameworks/DAAPKit.framework/DAAPKit.tbd
2026-06-03T08:46:48.0538490Z x iPhoneOS16.5.sdk/System/Library/PrivateFrameworks/SessionAlert.framework/
2026-06-03T08:46:48.0538950Z x iPhoneOS16.5.sdk/System/Library/PrivateFrameworks/SessionAlert.framework/SessionAlert.tbd
2026-06-03T08:46:48.0539430Z x iPhoneOS16.5.sdk/System/Library/PrivateFrameworks/ScreenTimeFoundation.framework/
2026-06-03T08:46:48.0539970Z x iPhoneOS16.5.sdk/System/Library/PrivateFrameworks/ScreenTimeFoundation.framework/ScreenTimeFoundation.tbd
2026-06-03T08:46:48.0540500Z x iPhoneOS16.5.sdk/System/Library/PrivateFrameworks/CameraEffectsKit.framework/
2026-06-03T08:46:48.0541000Z x iPhoneOS16.5.sdk/System/Library/PrivateFrameworks/CameraEffectsKit.framework/CameraEffectsKit.tbd
2026-06-03T08:46:48.0541480Z x iPhoneOS16.5.sdk/System/Library/PrivateFrameworks/PhotoImaging.framework/
2026-06-03T08:46:48.0542000Z x iPhoneOS16.5.sdk/System/Library/PrivateFrameworks/PhotoImaging.framework/PhotoImaging.tbd
2026-06-03T08:46:48.0542490Z x iPhoneOS16.5.sdk/System/Library/PrivateFrameworks/GameCenterFoundation.framework/
2026-06-03T08:46:48.0543190Z x iPhoneOS16.5.sdk/System/Library/PrivateFrameworks/GameCenterFoundation.framework/GameCenterFoundation.tbd
2026-06-03T08:46:48.0543750Z x iPhoneOS16.5.sdk/System/Library/PrivateFrameworks/StoreBookkeeperClient.framework/
2026-06-03T08:46:48.0544310Z x iPhoneOS16.5.sdk/System/Library/PrivateFrameworks/StoreBookkeeperClient.framework/StoreBookkeeperClient.tbd
2026-06-03T08:46:48.0544860Z x iPhoneOS16.5.sdk/System/Library/PrivateFrameworks/MobileAssetUpdater.framework/
2026-06-03T08:46:48.0545380Z x iPhoneOS16.5.sdk/System/Library/PrivateFrameworks/MobileAssetUpdater.framework/MobileAssetUpdater.tbd
2026-06-03T08:46:48.0545890Z x iPhoneOS16.5.sdk/System/Library/PrivateFrameworks/AppleDepthCore.framework/
2026-06-03T08:46:48.0546370Z x iPhoneOS16.5.sdk/System/Library/PrivateFrameworks/AppleDepthCore.framework/AppleDepthCore.tbd
2026-06-03T08:46:48.0546920Z x iPhoneOS16.5.sdk/System/Library/PrivateFrameworks/_JetEngine_SwiftUI.framework/
2026-06-03T08:46:48.0547430Z x iPhoneOS16.5.sdk/System/Library/PrivateFrameworks/_JetEngine_SwiftUI.framework/_JetEngine_SwiftUI.tbd
2026-06-03T08:46:48.0547960Z x iPhoneOS16.5.sdk/System/Library/PrivateFrameworks/KeyboardSettingsFeedback.framework/
2026-06-03T08:46:48.0548550Z x iPhoneOS16.5.sdk/System/Library/PrivateFrameworks/KeyboardSettingsFeedback.framework/KeyboardSettingsFeedback.tbd
2026-06-03T08:46:48.0549080Z x iPhoneOS16.5.sdk/System/Library/PrivateFrameworks/LoginKit.framework/
2026-06-03T08:46:48.0549490Z x iPhoneOS16.5.sdk/System/Library/PrivateFrameworks/LoginKit.framework/LoginKit.tbd
2026-06-03T08:46:48.0549930Z x iPhoneOS16.5.sdk/System/Library/PrivateFrameworks/SessionAssertion.framework/
2026-06-03T08:46:48.0550430Z x iPhoneOS16.5.sdk/System/Library/PrivateFrameworks/SessionAssertion.framework/SessionAssertion.tbd
2026-06-03T08:46:48.0550940Z x iPhoneOS16.5.sdk/System/Library/PrivateFrameworks/DataDeliveryServices.framework/
2026-06-03T08:46:48.0551480Z x iPhoneOS16.5.sdk/System/Library/PrivateFrameworks/DataDeliveryServices.framework/DataDeliveryServices.tbd
2026-06-03T08:46:48.0552010Z x iPhoneOS16.5.sdk/System/Library/PrivateFrameworks/UserManagementUI.framework/
2026-06-03T08:46:48.0552500Z x iPhoneOS16.5.sdk/System/Library/PrivateFrameworks/UserManagementUI.framework/UserManagementUI.tbd
2026-06-03T08:46:48.0553000Z x iPhoneOS16.5.sdk/System/Library/PrivateFrameworks/NanoAudioControl.framework/
2026-06-03T08:46:48.0553490Z x iPhoneOS16.5.sdk/System/Library/PrivateFrameworks/NanoAudioControl.framework/NanoAudioControl.tbd
2026-06-03T08:46:48.0554010Z x iPhoneOS16.5.sdk/System/Library/PrivateFrameworks/PrivateSearchProtocols.framework/
2026-06-03T08:46:48.0555410Z x iPhoneOS16.5.sdk/System/Library/PrivateFrameworks/PrivateSearchProtocols.framework/PrivateSearchProtocols.tbd
2026-06-03T08:46:48.0556070Z x iPhoneOS16.5.sdk/System/Library/PrivateFrameworks/SpringBoardServices.framework/
2026-06-03T08:46:48.0556630Z x iPhoneOS16.5.sdk/System/Library/PrivateFrameworks/SpringBoardServices.framework/SpringBoardServices.tbd
2026-06-03T08:46:48.0557170Z x iPhoneOS16.5.sdk/System/Library/PrivateFrameworks/NetAppsUtilitiesUI.framework/
2026-06-03T08:46:48.0557780Z x iPhoneOS16.5.sdk/System/Library/PrivateFrameworks/NetAppsUtilitiesUI.framework/NetAppsUtilitiesUI.tbd
2026-06-03T08:46:48.0558390Z x iPhoneOS16.5.sdk/System/Library/PrivateFrameworks/RegulatoryDomain.framework/
2026-06-03T08:46:48.0558940Z x iPhoneOS16.5.sdk/System/Library/PrivateFrameworks/RegulatoryDomain.framework/RegulatoryDomain.tbd
2026-06-03T08:46:48.0559480Z x iPhoneOS16.5.sdk/System/Library/PrivateFrameworks/FMCoreUI.framework/
2026-06-03T08:46:48.0560360Z x iPhoneOS16.5.sdk/System/Library/PrivateFrameworks/FMCoreUI.framework/FMCoreUI.tbd
2026-06-03T08:46:48.0560790Z x iPhoneOS16.5.sdk/System/Library/PrivateFrameworks/CoreIndoor.framework/
2026-06-03T08:46:48.0561220Z x iPhoneOS16.5.sdk/System/Library/PrivateFrameworks/CoreIndoor.framework/CoreIndoor.tbd
2026-06-03T08:46:48.0561750Z x iPhoneOS16.5.sdk/System/Library/PrivateFrameworks/BridgePreferences.framework/
2026-06-03T08:46:48.0562340Z x iPhoneOS16.5.sdk/System/Library/PrivateFrameworks/BridgePreferences.framework/BridgePreferences.tbd
2026-06-03T08:46:48.0562840Z x iPhoneOS16.5.sdk/System/Library/PrivateFrameworks/FlowFrameKit.framework/
2026-06-03T08:46:48.0563300Z x iPhoneOS16.5.sdk/System/Library/PrivateFrameworks/FlowFrameKit.framework/FlowFrameKit.tbd
2026-06-03T08:46:48.0563780Z x iPhoneOS16.5.sdk/System/Library/PrivateFrameworks/DiagnosticExtensions.framework/
2026-06-03T08:46:48.0564330Z x iPhoneOS16.5.sdk/System/Library/PrivateFrameworks/DiagnosticExtensions.framework/DiagnosticExtensions.tbd
2026-06-03T08:46:48.0564840Z x iPhoneOS16.5.sdk/System/Library/PrivateFrameworks/CMPhoto.framework/
2026-06-03T08:46:48.0565240Z x iPhoneOS16.5.sdk/System/Library/PrivateFrameworks/CMPhoto.framework/CMPhoto.tbd
2026-06-03T08:46:48.0565670Z x iPhoneOS16.5.sdk/System/Library/PrivateFrameworks/BridgeCommons.framework/
2026-06-03T08:46:48.0566230Z x iPhoneOS16.5.sdk/System/Library/PrivateFrameworks/BridgeCommons.framework/BridgeCommons.tbd
2026-06-03T08:46:48.0566680Z x iPhoneOS16.5.sdk/System/Library/PrivateFrameworks/VideosUI.framework/
2026-06-03T08:46:48.0567100Z x iPhoneOS16.5.sdk/System/Library/PrivateFrameworks/VideosUI.framework/VideosUI.tbd
2026-06-03T08:46:48.0567560Z x iPhoneOS16.5.sdk/System/Library/PrivateFrameworks/NewsServicesInternal.framework/
2026-06-03T08:46:48.0568100Z x iPhoneOS16.5.sdk/System/Library/PrivateFrameworks/NewsServicesInternal.framework/NewsServicesInternal.tbd
2026-06-03T08:46:48.0568610Z x iPhoneOS16.5.sdk/System/Library/PrivateFrameworks/SIMToolkitUI.framework/
2026-06-03T08:46:48.0569120Z x iPhoneOS16.5.sdk/System/Library/PrivateFrameworks/SIMToolkitUI.framework/SIMToolkitUI.tbd
2026-06-03T08:46:48.0569600Z x iPhoneOS16.5.sdk/System/Library/PrivateFrameworks/HeartHealthDaemon.framework/
2026-06-03T08:46:48.0570110Z x iPhoneOS16.5.sdk/System/Library/PrivateFrameworks/HeartHealthDaemon.framework/HeartHealthDaemon.tbd
2026-06-03T08:46:48.0570590Z x iPhoneOS16.5.sdk/System/Library/PrivateFrameworks/NPTKit.framework/
2026-06-03T08:46:48.0571000Z x iPhoneOS16.5.sdk/System/Library/PrivateFrameworks/NPTKit.framework/NPTKit.tbd
2026-06-03T08:46:48.0571430Z x iPhoneOS16.5.sdk/System/Library/PrivateFrameworks/AXAssetLoader.framework/
2026-06-03T08:46:48.0571900Z x iPhoneOS16.5.sdk/System/Library/PrivateFrameworks/AXAssetLoader.framework/AXAssetLoader.tbd
2026-06-03T08:46:48.0572430Z x iPhoneOS16.5.sdk/System/Library/PrivateFrameworks/PersonalizationPortrait.framework/
2026-06-03T08:46:48.0573010Z x iPhoneOS16.5.sdk/System/Library/PrivateFrameworks/PersonalizationPortrait.framework/PersonalizationPortrait.tbd
2026-06-03T08:46:48.0573740Z x iPhoneOS16.5.sdk/System/Library/PrivateFrameworks/CarPlayServices.framework/
2026-06-03T08:46:48.0574230Z x iPhoneOS16.5.sdk/System/Library/PrivateFrameworks/CarPlayServices.framework/CarPlayServices.tbd
2026-06-03T08:46:48.0574710Z x iPhoneOS16.5.sdk/System/Library/PrivateFrameworks/SiriKitFlow.framework/
2026-06-03T08:46:48.0575160Z x iPhoneOS16.5.sdk/System/Library/PrivateFrameworks/SiriKitFlow.framework/SiriKitFlow.tbd
2026-06-03T08:46:48.0575600Z x iPhoneOS16.5.sdk/System/Library/PrivateFrameworks/NewsToday.framework/
2026-06-03T08:46:48.0576020Z x iPhoneOS16.5.sdk/System/Library/PrivateFrameworks/NewsToday.framework/NewsToday.tbd
2026-06-03T08:46:48.0576490Z x iPhoneOS16.5.sdk/System/Library/PrivateFrameworks/DMCEnrollmentLibrary.framework/
2026-06-03T08:46:48.0577020Z x iPhoneOS16.5.sdk/System/Library/PrivateFrameworks/DMCEnrollmentLibrary.framework/DMCEnrollmentLibrary.tbd
2026-06-03T08:46:48.0577560Z x iPhoneOS16.5.sdk/System/Library/PrivateFrameworks/SignpostCollection.framework/
2026-06-03T08:46:48.0578080Z x iPhoneOS16.5.sdk/System/Library/PrivateFrameworks/SignpostCollection.framework/SignpostCollection.tbd
2026-06-03T08:46:48.0578570Z x iPhoneOS16.5.sdk/System/Library/PrivateFrameworks/HomeUI.framework/
2026-06-03T08:46:48.0578980Z x iPhoneOS16.5.sdk/System/Library/PrivateFrameworks/HomeUI.framework/HomeUI.tbd
2026-06-03T08:46:48.0579480Z x iPhoneOS16.5.sdk/System/Library/PrivateFrameworks/PassKitUI.framework/
2026-06-03T08:46:48.0579910Z x iPhoneOS16.5.sdk/System/Library/PrivateFrameworks/PassKitUI.framework/PassKitUI.tbd
2026-06-03T08:46:48.0580340Z x iPhoneOS16.5.sdk/System/Library/PrivateFrameworks/TipsCore.framework/
2026-06-03T08:46:48.0580760Z x iPhoneOS16.5.sdk/System/Library/PrivateFrameworks/TipsCore.framework/TipsCore.tbd
2026-06-03T08:46:48.0581220Z x iPhoneOS16.5.sdk/System/Library/PrivateFrameworks/NewDeviceOutreachUI.framework/
2026-06-03T08:46:48.0581770Z x iPhoneOS16.5.sdk/System/Library/PrivateFrameworks/NewDeviceOutreachUI.framework/NewDeviceOutreachUI.tbd
2026-06-03T08:46:48.0582310Z x iPhoneOS16.5.sdk/System/Library/PrivateFrameworks/CommunicationsFilter.framework/
2026-06-03T08:46:48.0582860Z x iPhoneOS16.5.sdk/System/Library/PrivateFrameworks/CommunicationsFilter.framework/CommunicationsFilter.tbd
2026-06-03T08:46:48.0584520Z x iPhoneOS16.5.sdk/System/Library/PrivateFrameworks/FamilyCircleUI.framework/
2026-06-03T08:46:48.0585010Z x iPhoneOS16.5.sdk/System/Library/PrivateFrameworks/FamilyCircleUI.framework/FamilyCircleUI.tbd
2026-06-03T08:46:48.0585490Z x iPhoneOS16.5.sdk/System/Library/PrivateFrameworks/CoreSuggestionsUI.framework/
2026-06-03T08:46:48.0586000Z x iPhoneOS16.5.sdk/System/Library/PrivateFrameworks/CoreSuggestionsUI.framework/CoreSuggestionsUI.tbd
2026-06-03T08:46:48.0586500Z x iPhoneOS16.5.sdk/System/Library/PrivateFrameworks/AXNTKUtilities.framework/
2026-06-03T08:46:48.0586990Z x iPhoneOS16.5.sdk/System/Library/PrivateFrameworks/AXNTKUtilities.framework/AXNTKUtilities.tbd
2026-06-03T08:46:48.0587470Z x iPhoneOS16.5.sdk/System/Library/PrivateFrameworks/RelevanceEngine.framework/
2026-06-03T08:46:48.0587950Z x iPhoneOS16.5.sdk/System/Library/PrivateFrameworks/RelevanceEngine.framework/RelevanceEngine.tbd
2026-06-03T08:46:48.0588430Z x iPhoneOS16.5.sdk/System/Library/PrivateFrameworks/WorkflowEditor.framework/
2026-06-03T08:46:48.0588900Z x iPhoneOS16.5.sdk/System/Library/PrivateFrameworks/WorkflowEditor.framework/WorkflowEditor.tbd
2026-06-03T08:46:48.0589370Z x iPhoneOS16.5.sdk/System/Library/PrivateFrameworks/TextureIO.framework/
2026-06-03T08:46:48.0589800Z x iPhoneOS16.5.sdk/System/Library/PrivateFrameworks/TextureIO.framework/TextureIO.tbd
2026-06-03T08:46:48.0590220Z x iPhoneOS16.5.sdk/System/Library/PrivateFrameworks/WiFiKitUI.framework/
2026-06-03T08:46:48.0590650Z x iPhoneOS16.5.sdk/System/Library/PrivateFrameworks/WiFiKitUI.framework/WiFiKitUI.tbd
2026-06-03T08:46:48.0591100Z x iPhoneOS16.5.sdk/System/Library/PrivateFrameworks/CMImaging.framework/
2026-06-03T08:46:48.0591520Z x iPhoneOS16.5.sdk/System/Library/PrivateFrameworks/CMImaging.framework/CMImaging.tbd
2026-06-03T08:46:48.0591960Z x iPhoneOS16.5.sdk/System/Library/PrivateFrameworks/AGXCompilerCore.framework/
2026-06-03T08:46:48.0592460Z x iPhoneOS16.5.sdk/System/Library/PrivateFrameworks/AGXCompilerCore.framework/AGXCompilerCore.tbd
2026-06-03T08:46:48.0592960Z x iPhoneOS16.5.sdk/System/Library/PrivateFrameworks/AppStoreComponents.framework/
2026-06-03T08:46:48.0593500Z x iPhoneOS16.5.sdk/System/Library/PrivateFrameworks/AppStoreComponents.framework/AppStoreComponents.tbd
2026-06-03T08:46:48.0594010Z x iPhoneOS16.5.sdk/System/Library/PrivateFrameworks/ConditionInducer.framework/
2026-06-03T08:46:48.0594510Z x iPhoneOS16.5.sdk/System/Library/PrivateFrameworks/ConditionInducer.framework/ConditionInducer.tbd
2026-06-03T08:46:48.0595050Z x iPhoneOS16.5.sdk/System/Library/PrivateFrameworks/GameControllerSettings.framework/
2026-06-03T08:46:48.0595630Z x iPhoneOS16.5.sdk/System/Library/PrivateFrameworks/GameControllerSettings.framework/GameControllerSettings.tbd
2026-06-03T08:46:48.0596220Z x iPhoneOS16.5.sdk/System/Library/PrivateFrameworks/ProgressUI.framework/
2026-06-03T08:46:48.0596670Z x iPhoneOS16.5.sdk/System/Library/PrivateFrameworks/ProgressUI.framework/ProgressUI.tbd
2026-06-03T08:46:48.0597140Z x iPhoneOS16.5.sdk/System/Library/PrivateFrameworks/BrightnessControl.framework/
2026-06-03T08:46:48.0597720Z x iPhoneOS16.5.sdk/System/Library/PrivateFrameworks/BrightnessControl.framework/BrightnessControl.tbd
2026-06-03T08:46:48.0598220Z x iPhoneOS16.5.sdk/System/Library/PrivateFrameworks/DeepThought.framework/
2026-06-03T08:46:48.0598680Z x iPhoneOS16.5.sdk/System/Library/PrivateFrameworks/DeepThought.framework/DeepThought.tbd
2026-06-03T08:46:48.0599150Z x iPhoneOS16.5.sdk/System/Library/PrivateFrameworks/DiagnosticsSupport.framework/
2026-06-03T08:46:48.0599670Z x iPhoneOS16.5.sdk/System/Library/PrivateFrameworks/DiagnosticsSupport.framework/DiagnosticsSupport.tbd
2026-06-03T08:46:48.0600180Z x iPhoneOS16.5.sdk/System/Library/PrivateFrameworks/PowerlogCore.framework/
2026-06-03T08:46:48.0600640Z x iPhoneOS16.5.sdk/System/Library/PrivateFrameworks/PowerlogCore.framework/PowerlogCore.tbd
2026-06-03T08:46:48.0601100Z x iPhoneOS16.5.sdk/System/Library/PrivateFrameworks/UserActivity.framework/
2026-06-03T08:46:48.0601550Z x iPhoneOS16.5.sdk/System/Library/PrivateFrameworks/UserActivity.framework/UserActivity.tbd
2026-06-03T08:46:48.0602090Z x iPhoneOS16.5.sdk/System/Library/PrivateFrameworks/WorkflowUIServices.framework/
2026-06-03T08:46:48.0602610Z x iPhoneOS16.5.sdk/System/Library/PrivateFrameworks/WorkflowUIServices.framework/WorkflowUIServices.tbd
2026-06-03T08:46:48.0603140Z x iPhoneOS16.5.sdk/System/Library/PrivateFrameworks/TransparencyDetailsView.framework/
2026-06-03T08:46:48.0603720Z x iPhoneOS16.5.sdk/System/Library/PrivateFrameworks/TransparencyDetailsView.framework/TransparencyDetailsView.tbd
2026-06-03T08:46:48.0604270Z x iPhoneOS16.5.sdk/System/Library/PrivateFrameworks/OSASyncProxyClient.framework/
2026-06-03T08:46:48.0604790Z x iPhoneOS16.5.sdk/System/Library/PrivateFrameworks/OSASyncProxyClient.framework/OSASyncProxyClient.tbd
2026-06-03T08:46:48.0605280Z x iPhoneOS16.5.sdk/System/Library/PrivateFrameworks/VoiceMemos.framework/
2026-06-03T08:46:48.0605710Z x iPhoneOS16.5.sdk/System/Library/PrivateFrameworks/VoiceMemos.framework/VoiceMemos.tbd
2026-06-03T08:46:48.0606210Z x iPhoneOS16.5.sdk/System/Library/PrivateFrameworks/DiagnosticExtensionsDaemon.framework/
2026-06-03T08:46:48.0606810Z x iPhoneOS16.5.sdk/System/Library/PrivateFrameworks/DiagnosticExtensionsDaemon.framework/DiagnosticExtensionsDaemon.tbd
2026-06-03T08:46:48.0607370Z x iPhoneOS16.5.sdk/System/Library/PrivateFrameworks/PhotosPlayer.framework/
2026-06-03T08:46:48.0607830Z x iPhoneOS16.5.sdk/System/Library/PrivateFrameworks/PhotosPlayer.framework/PhotosPlayer.tbd
2026-06-03T08:46:48.0608290Z x iPhoneOS16.5.sdk/System/Library/PrivateFrameworks/MDM.framework/
2026-06-03T08:46:48.0608660Z x iPhoneOS16.5.sdk/System/Library/PrivateFrameworks/MDM.framework/MDM.tbd
2026-06-03T08:46:48.0609110Z x iPhoneOS16.5.sdk/System/Library/PrivateFrameworks/BaseBoardUI.framework/
2026-06-03T08:46:48.0609560Z x iPhoneOS16.5.sdk/System/Library/PrivateFrameworks/BaseBoardUI.framework/BaseBoardUI.tbd
2026-06-03T08:46:48.0610020Z x iPhoneOS16.5.sdk/System/Library/PrivateFrameworks/TeaFoundation.framework/
2026-06-03T08:46:48.0610490Z x iPhoneOS16.5.sdk/System/Library/PrivateFrameworks/TeaFoundation.framework/TeaFoundation.tbd
2026-06-03T08:46:48.0610960Z x iPhoneOS16.5.sdk/System/Library/PrivateFrameworks/TrustedPeers.framework/
2026-06-03T08:46:48.0611420Z x iPhoneOS16.5.sdk/System/Library/PrivateFrameworks/TrustedPeers.framework/TrustedPeers.tbd
2026-06-03T08:46:48.0611880Z x iPhoneOS16.5.sdk/System/Library/PrivateFrameworks/FinanceDaemon.framework/
2026-06-03T08:46:48.0612360Z x iPhoneOS16.5.sdk/System/Library/PrivateFrameworks/FinanceDaemon.framework/FinanceDaemon.tbd
2026-06-03T08:46:48.0612820Z x iPhoneOS16.5.sdk/System/Library/PrivateFrameworks/Translation.framework/
2026-06-03T08:46:48.0613270Z x iPhoneOS16.5.sdk/System/Library/PrivateFrameworks/Translation.framework/Translation.tbd
2026-06-03T08:46:48.0613720Z x iPhoneOS16.5.sdk/System/Library/PrivateFrameworks/CoreUtilsSwift.framework/
2026-06-03T08:46:48.0614200Z x iPhoneOS16.5.sdk/System/Library/PrivateFrameworks/CoreUtilsSwift.framework/CoreUtilsSwift.tbd
2026-06-03T08:46:48.0614670Z x iPhoneOS16.5.sdk/System/Library/PrivateFrameworks/SmartReplies.framework/
2026-06-03T08:46:48.0615230Z x iPhoneOS16.5.sdk/System/Library/PrivateFrameworks/SmartReplies.framework/SmartReplies.tbd
2026-06-03T08:46:48.0615690Z x iPhoneOS16.5.sdk/System/Library/PrivateFrameworks/DoNotDisturb.framework/
2026-06-03T08:46:48.0616140Z x iPhoneOS16.5.sdk/System/Library/PrivateFrameworks/DoNotDisturb.framework/DoNotDisturb.tbd
2026-06-03T08:46:48.0616620Z x iPhoneOS16.5.sdk/System/Library/PrivateFrameworks/HeadphoneSettings.framework/
2026-06-03T08:46:48.0617130Z x iPhoneOS16.5.sdk/System/Library/PrivateFrameworks/HeadphoneSettings.framework/HeadphoneSettings.tbd
2026-06-03T08:46:48.0617650Z x iPhoneOS16.5.sdk/System/Library/PrivateFrameworks/AXSpeechAssetServices.framework/
2026-06-03T08:46:48.0618200Z x iPhoneOS16.5.sdk/System/Library/PrivateFrameworks/AXSpeechAssetServices.framework/AXSpeechAssetServices.tbd
2026-06-03T08:46:48.0618770Z x iPhoneOS16.5.sdk/System/Library/PrivateFrameworks/HeartHealth.framework/
2026-06-03T08:46:48.0619280Z x iPhoneOS16.5.sdk/System/Library/PrivateFrameworks/HeartHealth.framework/HeartHealth.tbd
2026-06-03T08:46:48.0619740Z x iPhoneOS16.5.sdk/System/Library/PrivateFrameworks/GraphVisualizer.framework/
2026-06-03T08:46:48.0620230Z x iPhoneOS16.5.sdk/System/Library/PrivateFrameworks/GraphVisualizer.framework/GraphVisualizer.tbd
2026-06-03T08:46:48.0620730Z x iPhoneOS16.5.sdk/System/Library/PrivateFrameworks/SpotlightUIShared.framework/
2026-06-03T08:46:48.0621230Z x iPhoneOS16.5.sdk/System/Library/PrivateFrameworks/SpotlightUIShared.framework/SpotlightUIShared.tbd
2026-06-03T08:46:48.0621740Z x iPhoneOS16.5.sdk/System/Library/PrivateFrameworks/CoreMotionModels.framework/
2026-06-03T08:46:48.0622240Z x iPhoneOS16.5.sdk/System/Library/PrivateFrameworks/CoreMotionModels.framework/CoreMotionModels.tbd
2026-06-03T08:46:48.0622720Z x iPhoneOS16.5.sdk/System/Library/PrivateFrameworks/VisionCore.framework/
2026-06-03T08:46:48.0623150Z x iPhoneOS16.5.sdk/System/Library/PrivateFrameworks/VisionCore.framework/VisionCore.tbd
2026-06-03T08:46:48.0623630Z x iPhoneOS16.5.sdk/System/Library/PrivateFrameworks/FeatureFlagsSupport.framework/
2026-06-03T08:46:48.0624160Z x iPhoneOS16.5.sdk/System/Library/PrivateFrameworks/FeatureFlagsSupport.framework/FeatureFlagsSupport.tbd
2026-06-03T08:46:48.0624660Z x iPhoneOS16.5.sdk/System/Library/PrivateFrameworks/NanoRegistry.framework/
2026-06-03T08:46:48.0625120Z x iPhoneOS16.5.sdk/System/Library/PrivateFrameworks/NanoRegistry.framework/NanoRegistry.tbd
2026-06-03T08:46:48.0625570Z x iPhoneOS16.5.sdk/System/Library/PrivateFrameworks/ABMHelper.framework/
2026-06-03T08:46:48.0625990Z x iPhoneOS16.5.sdk/System/Library/PrivateFrameworks/ABMHelper.framework/ABMHelper.tbd
2026-06-03T08:46:48.0626450Z x iPhoneOS16.5.sdk/System/Library/PrivateFrameworks/SiriInformationTypes.framework/
2026-06-03T08:46:48.0627590Z x iPhoneOS16.5.sdk/System/Library/PrivateFrameworks/SiriInformationTypes.framework/SiriInformationTypes.tbd
2026-06-03T08:46:48.0628190Z x iPhoneOS16.5.sdk/System/Library/PrivateFrameworks/AppleCV3DModels.framework/
2026-06-03T08:46:48.0628700Z x iPhoneOS16.5.sdk/System/Library/PrivateFrameworks/AppleCV3DModels.framework/AppleCV3DModels.tbd
2026-06-03T08:46:48.0629210Z x iPhoneOS16.5.sdk/System/Library/PrivateFrameworks/LoginPerformanceKit.framework/
2026-06-03T08:46:48.0629750Z x iPhoneOS16.5.sdk/System/Library/PrivateFrameworks/LoginPerformanceKit.framework/LoginPerformanceKit.tbd
2026-06-03T08:46:48.0630290Z x iPhoneOS16.5.sdk/System/Library/PrivateFrameworks/IOMobileFramebuffer.framework/
2026-06-03T08:46:48.0630830Z x iPhoneOS16.5.sdk/System/Library/PrivateFrameworks/IOMobileFramebuffer.framework/IOMobileFramebuffer.tbd
2026-06-03T08:46:48.0631320Z x iPhoneOS16.5.sdk/System/Library/PrivateFrameworks/Rapport.framework/
2026-06-03T08:46:48.0631720Z x iPhoneOS16.5.sdk/System/Library/PrivateFrameworks/Rapport.framework/Rapport.tbd
2026-06-03T08:46:48.0632160Z x iPhoneOS16.5.sdk/System/Library/PrivateFrameworks/KeyboardArbiter.framework/
2026-06-03T08:46:48.0632650Z x iPhoneOS16.5.sdk/System/Library/PrivateFrameworks/KeyboardArbiter.framework/KeyboardArbiter.tbd
2026-06-03T08:46:48.0633220Z x iPhoneOS16.5.sdk/System/Library/PrivateFrameworks/LockoutUI.framework/
2026-06-03T08:46:48.0633650Z x iPhoneOS16.5.sdk/System/Library/PrivateFrameworks/LockoutUI.framework/LockoutUI.tbd
2026-06-03T08:46:48.0634120Z x iPhoneOS16.5.sdk/System/Library/PrivateFrameworks/CalendarNotification.framework/
2026-06-03T08:46:48.0634660Z x iPhoneOS16.5.sdk/System/Library/PrivateFrameworks/CalendarNotification.framework/CalendarNotification.tbd
2026-06-03T08:46:48.0635170Z x iPhoneOS16.5.sdk/System/Library/PrivateFrameworks/FlexMusicKit.framework/
2026-06-03T08:46:48.0635620Z x iPhoneOS16.5.sdk/System/Library/PrivateFrameworks/FlexMusicKit.framework/FlexMusicKit.tbd
2026-06-03T08:46:48.0636080Z x iPhoneOS16.5.sdk/System/Library/PrivateFrameworks/FindMyDevice.framework/
2026-06-03T08:46:48.0636530Z x iPhoneOS16.5.sdk/System/Library/PrivateFrameworks/FindMyDevice.framework/FindMyDevice.tbd
2026-06-03T08:46:48.0637260Z x iPhoneOS16.5.sdk/System/Library/PrivateFrameworks/Symptoms.framework/
2026-06-03T08:46:48.0637690Z x iPhoneOS16.5.sdk/System/Library/PrivateFrameworks/Symptoms.framework/Frameworks/
2026-06-03T08:46:48.0638240Z x iPhoneOS16.5.sdk/System/Library/PrivateFrameworks/Symptoms.framework/Frameworks/SymptomEvaluator.framework/
2026-06-03T08:46:48.0638920Z x iPhoneOS16.5.sdk/System/Library/PrivateFrameworks/Symptoms.framework/Frameworks/SymptomEvaluator.framework/SymptomEvaluator.tbd
2026-06-03T08:46:48.0639610Z x iPhoneOS16.5.sdk/System/Library/PrivateFrameworks/Symptoms.framework/Frameworks/SymptomAnalytics.framework/
2026-06-03T08:46:48.0640300Z x iPhoneOS16.5.sdk/System/Library/PrivateFrameworks/Symptoms.framework/Frameworks/SymptomAnalytics.framework/SymptomAnalytics.tbd
2026-06-03T08:46:48.0641070Z x iPhoneOS16.5.sdk/System/Library/PrivateFrameworks/Symptoms.framework/Frameworks/SymptomPresentationLite.framework/
2026-06-03T08:46:48.0641970Z x iPhoneOS16.5.sdk/System/Library/PrivateFrameworks/Symptoms.framework/Frameworks/SymptomPresentationLite.framework/SymptomPresentationLite.tbd
2026-06-03T08:46:48.0642740Z x iPhoneOS16.5.sdk/System/Library/PrivateFrameworks/Symptoms.framework/Frameworks/SymptomPresentationFeed.framework/
2026-06-03T08:46:48.0643490Z x iPhoneOS16.5.sdk/System/Library/PrivateFrameworks/Symptoms.framework/Frameworks/SymptomPresentationFeed.framework/SymptomPresentationFeed.tbd
2026-06-03T08:46:48.0644230Z x iPhoneOS16.5.sdk/System/Library/PrivateFrameworks/Symptoms.framework/Frameworks/SymptomNetworkUsage.framework/
2026-06-03T08:46:48.0644960Z x iPhoneOS16.5.sdk/System/Library/PrivateFrameworks/Symptoms.framework/Frameworks/SymptomNetworkUsage.framework/SymptomNetworkUsage.tbd
2026-06-03T08:46:48.0645650Z x iPhoneOS16.5.sdk/System/Library/PrivateFrameworks/Symptoms.framework/Frameworks/ManagedEvent.framework/
2026-06-03T08:46:48.0646300Z x iPhoneOS16.5.sdk/System/Library/PrivateFrameworks/Symptoms.framework/Frameworks/ManagedEvent.framework/ManagedEvent.tbd
2026-06-03T08:46:48.0646840Z x iPhoneOS16.5.sdk/System/Library/PrivateFrameworks/iCloudQuota.framework/
2026-06-03T08:46:48.0647300Z x iPhoneOS16.5.sdk/System/Library/PrivateFrameworks/iCloudQuota.framework/iCloudQuota.tbd
2026-06-03T08:46:48.0647780Z x iPhoneOS16.5.sdk/System/Library/PrivateFrameworks/SiriInference.framework/
2026-06-03T08:46:48.0648320Z x iPhoneOS16.5.sdk/System/Library/PrivateFrameworks/SiriInference.framework/SiriInference.tbd
2026-06-03T08:46:48.0648880Z x iPhoneOS16.5.sdk/System/Library/PrivateFrameworks/HealthRecordServices.framework/
2026-06-03T08:46:48.0649490Z x iPhoneOS16.5.sdk/System/Library/PrivateFrameworks/HealthRecordServices.framework/HealthRecordServices.tbd
2026-06-03T08:46:48.0650060Z x iPhoneOS16.5.sdk/System/Library/PrivateFrameworks/AccessoryOOBBTPairing.framework/
2026-06-03T08:46:48.0650630Z x iPhoneOS16.5.sdk/System/Library/PrivateFrameworks/AccessoryOOBBTPairing.framework/AccessoryOOBBTPairing.tbd
2026-06-03T08:46:48.0651170Z x iPhoneOS16.5.sdk/System/Library/PrivateFrameworks/MailSupport.framework/
2026-06-03T08:46:48.0657000Z x iPhoneOS16.5.sdk/System/Library/PrivateFrameworks/MailSupport.framework/MailSupport.tbd
2026-06-03T08:46:48.0657490Z x iPhoneOS16.5.sdk/System/Library/PrivateFrameworks/NanoMailCompanionUI.framework/
2026-06-03T08:46:48.0658030Z x iPhoneOS16.5.sdk/System/Library/PrivateFrameworks/NanoMailCompanionUI.framework/NanoMailCompanionUI.tbd
2026-06-03T08:46:48.0658520Z x iPhoneOS16.5.sdk/System/Library/PrivateFrameworks/Futhark.framework/
2026-06-03T08:46:48.0658930Z x iPhoneOS16.5.sdk/System/Library/PrivateFrameworks/Futhark.framework/Futhark.tbd
2026-06-03T08:46:48.0659390Z x iPhoneOS16.5.sdk/System/Library/PrivateFrameworks/FitnessCoachingServices.framework/
2026-06-03T08:46:48.0659970Z x iPhoneOS16.5.sdk/System/Library/PrivateFrameworks/FitnessCoachingServices.framework/FitnessCoachingServices.tbd
2026-06-03T08:46:48.0660540Z x iPhoneOS16.5.sdk/System/Library/PrivateFrameworks/DeviceDiscoveryUICore.framework/
2026-06-03T08:46:48.0661160Z x iPhoneOS16.5.sdk/System/Library/PrivateFrameworks/DeviceDiscoveryUICore.framework/DeviceDiscoveryUICore.tbd
2026-06-03T08:46:48.0661760Z x iPhoneOS16.5.sdk/System/Library/PrivateFrameworks/iCloudSubscriptionOptimizerClient.framework/
2026-06-03T08:46:48.0662450Z x iPhoneOS16.5.sdk/System/Library/PrivateFrameworks/iCloudSubscriptionOptimizerClient.framework/iCloudSubscriptionOptimizerClient.tbd
2026-06-03T08:46:48.0663070Z x iPhoneOS16.5.sdk/System/Library/PrivateFrameworks/AppleMediaServices.framework/
2026-06-03T08:46:48.0663590Z x iPhoneOS16.5.sdk/System/Library/PrivateFrameworks/AppleMediaServices.framework/AppleMediaServices.tbd
2026-06-03T08:46:48.0664100Z x iPhoneOS16.5.sdk/System/Library/PrivateFrameworks/CloudSharing.framework/
2026-06-03T08:46:48.0664560Z x iPhoneOS16.5.sdk/System/Library/PrivateFrameworks/CloudSharing.framework/CloudSharing.tbd
2026-06-03T08:46:48.0665010Z x iPhoneOS16.5.sdk/System/Library/PrivateFrameworks/JITAppKit.framework/
2026-06-03T08:46:48.0665440Z x iPhoneOS16.5.sdk/System/Library/PrivateFrameworks/JITAppKit.framework/JITAppKit.tbd
2026-06-03T08:46:48.0665910Z x iPhoneOS16.5.sdk/System/Library/PrivateFrameworks/VoiceShortcutClient.framework/
2026-06-03T08:46:48.0666440Z x iPhoneOS16.5.sdk/System/Library/PrivateFrameworks/VoiceShortcutClient.framework/VoiceShortcutClient.tbd
2026-06-03T08:46:48.0666930Z x iPhoneOS16.5.sdk/System/Library/PrivateFrameworks/CoreThread.framework/
2026-06-03T08:46:48.0667440Z x iPhoneOS16.5.sdk/System/Library/PrivateFrameworks/CoreThread.framework/CoreThread.tbd
2026-06-03T08:46:48.0667870Z x iPhoneOS16.5.sdk/System/Library/PrivateFrameworks/FaceCore.framework/
2026-06-03T08:46:48.0668690Z x iPhoneOS16.5.sdk/System/Library/PrivateFrameworks/FaceCore.framework/FaceCore.tbd
2026-06-03T08:46:48.0669280Z x iPhoneOS16.5.sdk/System/Library/PrivateFrameworks/iOSScreenSharing.framework/
2026-06-03T08:46:48.0669800Z x iPhoneOS16.5.sdk/System/Library/PrivateFrameworks/iOSScreenSharing.framework/iOSScreenSharing.tbd
2026-06-03T08:46:48.0670320Z x iPhoneOS16.5.sdk/System/Library/PrivateFrameworks/SetupAssistantUI.framework/
2026-06-03T08:46:48.0670820Z x iPhoneOS16.5.sdk/System/Library/PrivateFrameworks/SetupAssistantUI.framework/SetupAssistantUI.tbd
2026-06-03T08:46:48.0671310Z x iPhoneOS16.5.sdk/System/Library/PrivateFrameworks/TemplateKit.framework/
2026-06-03T08:46:48.0671770Z x iPhoneOS16.5.sdk/System/Library/PrivateFrameworks/TemplateKit.framework/TemplateKit.tbd
2026-06-03T08:46:48.0672270Z x iPhoneOS16.5.sdk/System/Library/PrivateFrameworks/DVTInstrumentsFoundation.framework/
2026-06-03T08:46:48.0672860Z x iPhoneOS16.5.sdk/System/Library/PrivateFrameworks/DVTInstrumentsFoundation.framework/DVTInstrumentsFoundation.tbd
2026-06-03T08:46:48.0673410Z x iPhoneOS16.5.sdk/System/Library/PrivateFrameworks/ApplePDPHelper.framework/
2026-06-03T08:46:48.0673900Z x iPhoneOS16.5.sdk/System/Library/PrivateFrameworks/ApplePDPHelper.framework/ApplePDPHelper.tbd
2026-06-03T08:46:48.0674360Z x iPhoneOS16.5.sdk/System/Library/PrivateFrameworks/MobileIcons.framework/
2026-06-03T08:46:48.0674810Z x iPhoneOS16.5.sdk/System/Library/PrivateFrameworks/MobileIcons.framework/MobileIcons.tbd
2026-06-03T08:46:48.0675390Z x iPhoneOS16.5.sdk/System/Library/PrivateFrameworks/AccessibilitySharedUISupport.framework/
2026-06-03T08:46:48.0676030Z x iPhoneOS16.5.sdk/System/Library/PrivateFrameworks/AccessibilitySharedUISupport.framework/AccessibilitySharedUISupport.tbd
2026-06-03T08:46:48.0676640Z x iPhoneOS16.5.sdk/System/Library/PrivateFrameworks/PowerlogAccounting.framework/
2026-06-03T08:46:48.0676910Z x iPhoneOS16.5.sdk/System/Library/PrivateFrameworks/PowerlogAccounting.framework/PowerlogAccounting.tbd
2026-06-03T08:46:48.0677140Z x iPhoneOS16.5.sdk/System/Library/PrivateFrameworks/SearchUICardKitProviderSupport.framework/
2026-06-03T08:46:48.0677550Z x iPhoneOS16.5.sdk/System/Library/PrivateFrameworks/SearchUICardKitProviderSupport.framework/SearchUICardKitProviderSupport.tbd
2026-06-03T08:46:48.0677870Z x iPhoneOS16.5.sdk/System/Library/PrivateFrameworks/HealthAppSupport.framework/
2026-06-03T08:46:48.0678200Z x iPhoneOS16.5.sdk/System/Library/PrivateFrameworks/HealthAppSupport.framework/HealthAppSupport.tbd
2026-06-03T08:46:48.0678390Z x iPhoneOS16.5.sdk/System/Library/PrivateFrameworks/AggregateDictionary.framework/
2026-06-03T08:46:48.0678660Z x iPhoneOS16.5.sdk/System/Library/PrivateFrameworks/AggregateDictionary.framework/AggregateDictionary.tbd
2026-06-03T08:46:48.0678820Z x iPhoneOS16.5.sdk/System/Library/PrivateFrameworks/HIDAnalytics.framework/
2026-06-03T08:46:48.0679040Z x iPhoneOS16.5.sdk/System/Library/PrivateFrameworks/HIDAnalytics.framework/HIDAnalytics.tbd
2026-06-03T08:46:48.0679240Z x iPhoneOS16.5.sdk/System/Library/PrivateFrameworks/DVTInstrumentsUtilities.framework/
2026-06-03T08:46:48.0679530Z x iPhoneOS16.5.sdk/System/Library/PrivateFrameworks/DVTInstrumentsUtilities.framework/DVTInstrumentsUtilities.tbd
2026-06-03T08:46:48.0679700Z x iPhoneOS16.5.sdk/System/Library/PrivateFrameworks/SystemStatusUI.framework/
2026-06-03T08:46:48.0679930Z x iPhoneOS16.5.sdk/System/Library/PrivateFrameworks/SystemStatusUI.framework/SystemStatusUI.tbd
2026-06-03T08:46:48.0680100Z x iPhoneOS16.5.sdk/System/Library/PrivateFrameworks/CPMLBestShim.framework/
2026-06-03T08:46:48.0680310Z x iPhoneOS16.5.sdk/System/Library/PrivateFrameworks/CPMLBestShim.framework/CPMLBestShim.tbd
2026-06-03T08:46:48.0680500Z x iPhoneOS16.5.sdk/System/Library/PrivateFrameworks/DigitalSeparation.framework/
2026-06-03T08:46:48.0680750Z x iPhoneOS16.5.sdk/System/Library/PrivateFrameworks/DigitalSeparation.framework/DigitalSeparation.tbd
2026-06-03T08:46:48.0680920Z x iPhoneOS16.5.sdk/System/Library/PrivateFrameworks/MediaExperience.framework/
2026-06-03T08:46:48.0681150Z x iPhoneOS16.5.sdk/System/Library/PrivateFrameworks/MediaExperience.framework/MediaExperience.tbd
2026-06-03T08:46:48.0681340Z x iPhoneOS16.5.sdk/System/Library/PrivateFrameworks/PosterBoardServices.framework/
2026-06-03T08:46:48.0681610Z x iPhoneOS16.5.sdk/System/Library/PrivateFrameworks/PosterBoardServices.framework/PosterBoardServices.tbd
2026-06-03T08:46:48.0681780Z x iPhoneOS16.5.sdk/System/Library/PrivateFrameworks/MorphunAssets.framework/
2026-06-03T08:46:48.0682010Z x iPhoneOS16.5.sdk/System/Library/PrivateFrameworks/MorphunAssets.framework/MorphunAssets.tbd
2026-06-03T08:46:48.0682230Z x iPhoneOS16.5.sdk/System/Library/PrivateFrameworks/AssetCacheServicesExtensions.framework/
2026-06-03T08:46:48.0682560Z x iPhoneOS16.5.sdk/System/Library/PrivateFrameworks/AssetCacheServicesExtensions.framework/AssetCacheServicesExtensions.tbd
2026-06-03T08:46:48.0682710Z x iPhoneOS16.5.sdk/System/Library/PrivateFrameworks/MobileTimer.framework/
2026-06-03T08:46:48.0682920Z x iPhoneOS16.5.sdk/System/Library/PrivateFrameworks/MobileTimer.framework/MobileTimer.tbd
2026-06-03T08:46:48.0683090Z x iPhoneOS16.5.sdk/System/Library/PrivateFrameworks/CMCaptureCore.framework/
2026-06-03T08:46:48.0683310Z x iPhoneOS16.5.sdk/System/Library/PrivateFrameworks/CMCaptureCore.framework/CMCaptureCore.tbd
2026-06-03T08:46:48.0684060Z x iPhoneOS16.5.sdk/System/Library/PrivateFrameworks/IntelligencePlatform.framework/
2026-06-03T08:46:48.0684430Z x iPhoneOS16.5.sdk/System/Library/PrivateFrameworks/IntelligencePlatform.framework/IntelligencePlatform.tbd
2026-06-03T08:46:48.0684590Z x iPhoneOS16.5.sdk/System/Library/PrivateFrameworks/EmailCore.framework/
2026-06-03T08:46:48.0684790Z x iPhoneOS16.5.sdk/System/Library/PrivateFrameworks/EmailCore.framework/EmailCore.tbd
2026-06-03T08:46:48.0684970Z x iPhoneOS16.5.sdk/System/Library/PrivateFrameworks/FileProviderDaemon.framework/
2026-06-03T08:46:48.0685230Z x iPhoneOS16.5.sdk/System/Library/PrivateFrameworks/FileProviderDaemon.framework/FileProviderDaemon.tbd
2026-06-03T08:46:48.0685400Z x iPhoneOS16.5.sdk/System/Library/PrivateFrameworks/FusionTracker.framework/
2026-06-03T08:46:48.0685620Z x iPhoneOS16.5.sdk/System/Library/PrivateFrameworks/FusionTracker.framework/FusionTracker.tbd
2026-06-03T08:46:48.0685820Z x iPhoneOS16.5.sdk/System/Library/PrivateFrameworks/MobileStoreDemoSetupUI.framework/
2026-06-03T08:46:48.0686150Z x iPhoneOS16.5.sdk/System/Library/PrivateFrameworks/MobileStoreDemoSetupUI.framework/MobileStoreDemoSetupUI.tbd
2026-06-03T08:46:48.0686330Z x iPhoneOS16.5.sdk/System/Library/PrivateFrameworks/MetadataUtilities.framework/
2026-06-03T08:46:48.0686580Z x iPhoneOS16.5.sdk/System/Library/PrivateFrameworks/MetadataUtilities.framework/MetadataUtilities.tbd
2026-06-03T08:46:48.0686750Z x iPhoneOS16.5.sdk/System/Library/PrivateFrameworks/BiomeStorage.framework/
2026-06-03T08:46:48.0686960Z x iPhoneOS16.5.sdk/System/Library/PrivateFrameworks/BiomeStorage.framework/BiomeStorage.tbd
2026-06-03T08:46:48.0687140Z x iPhoneOS16.5.sdk/System/Library/PrivateFrameworks/AccessoryVoiceOver.framework/
2026-06-03T08:46:48.0687390Z x iPhoneOS16.5.sdk/System/Library/PrivateFrameworks/AccessoryVoiceOver.framework/AccessoryVoiceOver.tbd
2026-06-03T08:46:48.0687570Z x iPhoneOS16.5.sdk/System/Library/PrivateFrameworks/SignpostMetrics.framework/
2026-06-03T08:46:48.0687800Z x iPhoneOS16.5.sdk/System/Library/PrivateFrameworks/SignpostMetrics.framework/SignpostMetrics.tbd
2026-06-03T08:46:48.0687980Z x iPhoneOS16.5.sdk/System/Library/PrivateFrameworks/SensorKitSupport.framework/
2026-06-03T08:46:48.0688230Z x iPhoneOS16.5.sdk/System/Library/PrivateFrameworks/SensorKitSupport.framework/SensorKitSupport.tbd
2026-06-03T08:46:48.0688400Z x iPhoneOS16.5.sdk/System/Library/PrivateFrameworks/ScreenTimeUICore.framework/
2026-06-03T08:46:48.0688640Z x iPhoneOS16.5.sdk/System/Library/PrivateFrameworks/ScreenTimeUICore.framework/ScreenTimeUICore.tbd
2026-06-03T08:46:48.0688790Z x iPhoneOS16.5.sdk/System/Library/PrivateFrameworks/SilexWeb.framework/
2026-06-03T08:46:48.0688980Z x iPhoneOS16.5.sdk/System/Library/PrivateFrameworks/SilexWeb.framework/SilexWeb.tbd
2026-06-03T08:46:48.0689180Z x iPhoneOS16.5.sdk/System/Library/PrivateFrameworks/CameraColorProcessing.framework/
2026-06-03T08:46:48.0689460Z x iPhoneOS16.5.sdk/System/Library/PrivateFrameworks/CameraColorProcessing.framework/CameraColorProcessing.tbd
2026-06-03T08:46:48.0689620Z x iPhoneOS16.5.sdk/System/Library/PrivateFrameworks/PortraitCore.framework/
2026-06-03T08:46:48.0689840Z x iPhoneOS16.5.sdk/System/Library/PrivateFrameworks/PortraitCore.framework/PortraitCore.tbd
2026-06-03T08:46:48.0690070Z x iPhoneOS16.5.sdk/System/Library/PrivateFrameworks/AppNotificationsLoggingClient.framework/
2026-06-03T08:46:48.0690420Z x iPhoneOS16.5.sdk/System/Library/PrivateFrameworks/AppNotificationsLoggingClient.framework/AppNotificationsLoggingClient.tbd
2026-06-03T08:46:48.0690600Z x iPhoneOS16.5.sdk/System/Library/PrivateFrameworks/CompanionCamera.framework/
2026-06-03T08:46:48.0690860Z x iPhoneOS16.5.sdk/System/Library/PrivateFrameworks/CompanionCamera.framework/CompanionCamera.tbd
2026-06-03T08:46:48.0691000Z x iPhoneOS16.5.sdk/System/Library/PrivateFrameworks/FTAWD.framework/
2026-06-03T08:46:48.0691170Z x iPhoneOS16.5.sdk/System/Library/PrivateFrameworks/FTAWD.framework/FTAWD.tbd
2026-06-03T08:46:48.0691330Z x iPhoneOS16.5.sdk/System/Library/PrivateFrameworks/CoreNavigation.framework/
2026-06-03T08:46:48.0691560Z x iPhoneOS16.5.sdk/System/Library/PrivateFrameworks/CoreNavigation.framework/CoreNavigation.tbd
2026-06-03T08:46:48.0691760Z  64 16.6M   64 10.8M    0     0  4079k      0  0:00:04  0:00:02  0:00:02 4748k
2026-06-03T08:46:48.0691940Z x iPhoneOS16.5.sdk/System/Library/PrivateFrameworks/GameKitServices.framework/
2026-06-03T08:46:48.0692170Z x iPhoneOS16.5.sdk/System/Library/PrivateFrameworks/GameKitServices.framework/GameKitServices.tbd
2026-06-03T08:46:48.0692330Z x iPhoneOS16.5.sdk/System/Library/PrivateFrameworks/UIKitServices.framework/
2026-06-03T08:46:48.0692560Z x iPhoneOS16.5.sdk/System/Library/PrivateFrameworks/UIKitServices.framework/UIKitServices.tbd
2026-06-03T08:46:48.0692720Z x iPhoneOS16.5.sdk/System/Library/PrivateFrameworks/BarcodeSupport.framework/
2026-06-03T08:46:48.0692950Z x iPhoneOS16.5.sdk/System/Library/PrivateFrameworks/BarcodeSupport.framework/BarcodeSupport.tbd
2026-06-03T08:46:48.0693850Z x iPhoneOS16.5.sdk/System/Library/PrivateFrameworks/SocialLayer.framework/
2026-06-03T08:46:48.0694190Z x iPhoneOS16.5.sdk/System/Library/PrivateFrameworks/SocialLayer.framework/SocialLayer.tbd
2026-06-03T08:46:48.0694390Z x iPhoneOS16.5.sdk/System/Library/PrivateFrameworks/PrivacyDisclosureUI.framework/
2026-06-03T08:46:48.0694660Z x iPhoneOS16.5.sdk/System/Library/PrivateFrameworks/PrivacyDisclosureUI.framework/PrivacyDisclosureUI.tbd
2026-06-03T08:46:48.0694850Z x iPhoneOS16.5.sdk/System/Library/PrivateFrameworks/AppPredictionClient.framework/
2026-06-03T08:46:48.0695120Z x iPhoneOS16.5.sdk/System/Library/PrivateFrameworks/AppPredictionClient.framework/AppPredictionClient.tbd
2026-06-03T08:46:48.0695310Z x iPhoneOS16.5.sdk/System/Library/PrivateFrameworks/MediaServicesBroker.framework/
2026-06-03T08:46:48.0695570Z x iPhoneOS16.5.sdk/System/Library/PrivateFrameworks/MediaServicesBroker.framework/MediaServicesBroker.tbd
2026-06-03T08:46:48.0695710Z x iPhoneOS16.5.sdk/System/Library/PrivateFrameworks/CertUI.framework/
2026-06-03T08:46:48.0695890Z x iPhoneOS16.5.sdk/System/Library/PrivateFrameworks/CertUI.framework/CertUI.tbd
2026-06-03T08:46:48.0696090Z x iPhoneOS16.5.sdk/System/Library/PrivateFrameworks/ProactiveCDNDownloader.framework/
2026-06-03T08:46:48.0696380Z x iPhoneOS16.5.sdk/System/Library/PrivateFrameworks/ProactiveCDNDownloader.framework/ProactiveCDNDownloader.tbd
2026-06-03T08:46:48.0696550Z x iPhoneOS16.5.sdk/System/Library/PrivateFrameworks/SyncedDefaults.framework/
2026-06-03T08:46:48.0696780Z x iPhoneOS16.5.sdk/System/Library/PrivateFrameworks/SyncedDefaults.framework/SyncedDefaults.tbd
2026-06-03T08:46:48.0696960Z x iPhoneOS16.5.sdk/System/Library/PrivateFrameworks/BiomeFoundation.framework/
2026-06-03T08:46:48.0697190Z x iPhoneOS16.5.sdk/System/Library/PrivateFrameworks/BiomeFoundation.framework/BiomeFoundation.tbd
2026-06-03T08:46:48.0697370Z x iPhoneOS16.5.sdk/System/Library/PrivateFrameworks/SearchToShareCore.framework/
2026-06-03T08:46:48.0697620Z x iPhoneOS16.5.sdk/System/Library/PrivateFrameworks/SearchToShareCore.framework/SearchToShareCore.tbd
2026-06-03T08:46:48.0697780Z x iPhoneOS16.5.sdk/System/Library/PrivateFrameworks/ClassroomKit.framework/
2026-06-03T08:46:48.0698000Z x iPhoneOS16.5.sdk/System/Library/PrivateFrameworks/ClassroomKit.framework/ClassroomKit.tbd
2026-06-03T08:46:48.0698150Z x iPhoneOS16.5.sdk/System/Library/PrivateFrameworks/Portrait.framework/
2026-06-03T08:46:48.0698340Z x iPhoneOS16.5.sdk/System/Library/PrivateFrameworks/Portrait.framework/Portrait.tbd
2026-06-03T08:46:48.0698540Z x iPhoneOS16.5.sdk/System/Library/PrivateFrameworks/AnnounceSiriExtensions.framework/
2026-06-03T08:46:48.0698830Z x iPhoneOS16.5.sdk/System/Library/PrivateFrameworks/AnnounceSiriExtensions.framework/AnnounceSiriExtensions.tbd
2026-06-03T08:46:48.0698990Z x iPhoneOS16.5.sdk/System/Library/PrivateFrameworks/AirTraffic.framework/
2026-06-03T08:46:48.0699180Z x iPhoneOS16.5.sdk/System/Library/PrivateFrameworks/AirTraffic.framework/AirTraffic.tbd
2026-06-03T08:46:48.0699350Z x iPhoneOS16.5.sdk/System/Library/PrivateFrameworks/CoreKnowledge.framework/
2026-06-03T08:46:48.0699570Z x iPhoneOS16.5.sdk/System/Library/PrivateFrameworks/CoreKnowledge.framework/CoreKnowledge.tbd
2026-06-03T08:46:48.0699810Z x iPhoneOS16.5.sdk/System/Library/PrivateFrameworks/WorkoutHealthBridge.framework/
2026-06-03T08:46:48.0700080Z x iPhoneOS16.5.sdk/System/Library/PrivateFrameworks/WorkoutHealthBridge.framework/WorkoutHealthBridge.tbd
2026-06-03T08:46:48.0700240Z x iPhoneOS16.5.sdk/System/Library/PrivateFrameworks/MusicLibrary.framework/
2026-06-03T08:46:48.0700460Z x iPhoneOS16.5.sdk/System/Library/PrivateFrameworks/MusicLibrary.framework/MusicLibrary.tbd
2026-06-03T08:46:48.0700660Z x iPhoneOS16.5.sdk/System/Library/PrivateFrameworks/MessagesBlastDoorSupport.framework/
2026-06-03T08:46:48.0700960Z x iPhoneOS16.5.sdk/System/Library/PrivateFrameworks/MessagesBlastDoorSupport.framework/MessagesBlastDoorSupport.tbd
2026-06-03T08:46:48.0701120Z x iPhoneOS16.5.sdk/System/Library/PrivateFrameworks/VoiceTrigger.framework/
2026-06-03T08:46:48.0701330Z x iPhoneOS16.5.sdk/System/Library/PrivateFrameworks/VoiceTrigger.framework/VoiceTrigger.tbd
2026-06-03T08:46:48.0701600Z x iPhoneOS16.5.sdk/System/Library/PrivateFrameworks/SiriPrivateLearningLogging.framework/
2026-06-03T08:46:48.0701920Z x iPhoneOS16.5.sdk/System/Library/PrivateFrameworks/SiriPrivateLearningLogging.framework/SiriPrivateLearningLogging.tbd
2026-06-03T08:46:48.0702680Z x iPhoneOS16.5.sdk/System/Library/PrivateFrameworks/HealthMedicationsUI.framework/
2026-06-03T08:46:48.0702950Z x iPhoneOS16.5.sdk/System/Library/PrivateFrameworks/HealthMedicationsUI.framework/HealthMedicationsUI.tbd
2026-06-03T08:46:48.0703130Z x iPhoneOS16.5.sdk/System/Library/PrivateFrameworks/PreviewsServices.framework/
2026-06-03T08:46:48.0703370Z x iPhoneOS16.5.sdk/System/Library/PrivateFrameworks/PreviewsServices.framework/PreviewsServices.tbd
2026-06-03T08:46:48.0703550Z x iPhoneOS16.5.sdk/System/Library/PrivateFrameworks/SafariSafeBrowsing.framework/
2026-06-03T08:46:48.0703810Z x iPhoneOS16.5.sdk/System/Library/PrivateFrameworks/SafariSafeBrowsing.framework/SafariSafeBrowsing.tbd
2026-06-03T08:46:48.0703980Z x iPhoneOS16.5.sdk/System/Library/PrivateFrameworks/StrokeAnimation.framework/
2026-06-03T08:46:48.0704220Z x iPhoneOS16.5.sdk/System/Library/PrivateFrameworks/StrokeAnimation.framework/StrokeAnimation.tbd
2026-06-03T08:46:48.0704380Z x iPhoneOS16.5.sdk/System/Library/PrivateFrameworks/NotesEditor.framework/
2026-06-03T08:46:48.0704590Z x iPhoneOS16.5.sdk/System/Library/PrivateFrameworks/NotesEditor.framework/NotesEditor.tbd
2026-06-03T08:46:48.0704780Z x iPhoneOS16.5.sdk/System/Library/PrivateFrameworks/AppleFirmwareUpdate.framework/
2026-06-03T08:46:48.0705040Z x iPhoneOS16.5.sdk/System/Library/PrivateFrameworks/AppleFirmwareUpdate.framework/AppleFirmwareUpdate.tbd
2026-06-03T08:46:48.0705250Z x iPhoneOS16.5.sdk/System/Library/PrivateFrameworks/SymptomDiagnosticReporter.framework/
2026-06-03T08:46:48.0705560Z x iPhoneOS16.5.sdk/System/Library/PrivateFrameworks/SymptomDiagnosticReporter.framework/SymptomDiagnosticReporter.tbd
2026-06-03T08:46:48.0705700Z x iPhoneOS16.5.sdk/System/Library/PrivateFrameworks/OTSVG.framework/
2026-06-03T08:46:48.0705870Z x iPhoneOS16.5.sdk/System/Library/PrivateFrameworks/OTSVG.framework/OTSVG.tbd
2026-06-03T08:46:48.0706070Z x iPhoneOS16.5.sdk/System/Library/PrivateFrameworks/ContactsFoundation.framework/
2026-06-03T08:46:48.0706340Z x iPhoneOS16.5.sdk/System/Library/PrivateFrameworks/ContactsFoundation.framework/ContactsFoundation.tbd
2026-06-03T08:46:48.0706490Z x iPhoneOS16.5.sdk/System/Library/PrivateFrameworks/PhysicsKit.framework/
2026-06-03T08:46:48.0706690Z x iPhoneOS16.5.sdk/System/Library/PrivateFrameworks/PhysicsKit.framework/PhysicsKit.tbd
2026-06-03T08:46:48.0706840Z x iPhoneOS16.5.sdk/System/Library/PrivateFrameworks/TextInput.framework/
2026-06-03T08:46:48.0707040Z x iPhoneOS16.5.sdk/System/Library/PrivateFrameworks/TextInput.framework/TextInput.tbd
2026-06-03T08:46:48.0707210Z x iPhoneOS16.5.sdk/System/Library/PrivateFrameworks/CloudDocsDaemon.framework/
2026-06-03T08:46:48.0708040Z x iPhoneOS16.5.sdk/System/Library/PrivateFrameworks/CloudDocsDaemon.framework/CloudDocsDaemon.tbd
2026-06-03T08:46:48.0708210Z x iPhoneOS16.5.sdk/System/Library/PrivateFrameworks/CMCapture.framework/
2026-06-03T08:46:48.0708480Z x iPhoneOS16.5.sdk/System/Library/PrivateFrameworks/CMCapture.framework/CMCapture.tbd
2026-06-03T08:46:48.0708660Z x iPhoneOS16.5.sdk/System/Library/PrivateFrameworks/LinkMetadata.framework/
2026-06-03T08:46:48.0708880Z x iPhoneOS16.5.sdk/System/Library/PrivateFrameworks/LinkMetadata.framework/LinkMetadata.tbd
2026-06-03T08:46:48.0709080Z x iPhoneOS16.5.sdk/System/Library/PrivateFrameworks/AccessibilityFocusEngine.framework/
2026-06-03T08:46:48.0709390Z x iPhoneOS16.5.sdk/System/Library/PrivateFrameworks/AccessibilityFocusEngine.framework/AccessibilityFocusEngine.tbd
2026-06-03T08:46:48.0709550Z x iPhoneOS16.5.sdk/System/Library/PrivateFrameworks/ZhuGeSupport.framework/
2026-06-03T08:46:48.0709770Z x iPhoneOS16.5.sdk/System/Library/PrivateFrameworks/ZhuGeSupport.framework/ZhuGeSupport.tbd
2026-06-03T08:46:48.0709960Z x iPhoneOS16.5.sdk/System/Library/PrivateFrameworks/PersistentConnection.framework/
2026-06-03T08:46:48.0710320Z x iPhoneOS16.5.sdk/System/Library/PrivateFrameworks/PersistentConnection.framework/PersistentConnection.tbd
2026-06-03T08:46:48.0710500Z x iPhoneOS16.5.sdk/System/Library/PrivateFrameworks/EmojiPoster.framework/
2026-06-03T08:46:48.0710700Z x iPhoneOS16.5.sdk/System/Library/PrivateFrameworks/EmojiPoster.framework/EmojiPoster.tbd
2026-06-03T08:46:48.0710910Z x iPhoneOS16.5.sdk/System/Library/PrivateFrameworks/SecureTransactionService.framework/
2026-06-03T08:46:48.0711200Z x iPhoneOS16.5.sdk/System/Library/PrivateFrameworks/SecureTransactionService.framework/SecureTransactionService.tbd
2026-06-03T08:46:48.0711380Z x iPhoneOS16.5.sdk/System/Library/PrivateFrameworks/MediaSafetyNet.framework/
2026-06-03T08:46:48.0711600Z x iPhoneOS16.5.sdk/System/Library/PrivateFrameworks/MediaSafetyNet.framework/MediaSafetyNet.tbd
2026-06-03T08:46:48.0711810Z x iPhoneOS16.5.sdk/System/Library/PrivateFrameworks/HumanUnderstandingEvidence.framework/
2026-06-03T08:46:48.0712120Z x iPhoneOS16.5.sdk/System/Library/PrivateFrameworks/HumanUnderstandingEvidence.framework/HumanUnderstandingEvidence.tbd
2026-06-03T08:46:48.0712290Z x iPhoneOS16.5.sdk/System/Library/PrivateFrameworks/HealthDaemon.framework/
2026-06-03T08:46:48.0712500Z x iPhoneOS16.5.sdk/System/Library/PrivateFrameworks/HealthDaemon.framework/HealthDaemon.tbd
2026-06-03T08:46:48.0712670Z x iPhoneOS16.5.sdk/System/Library/PrivateFrameworks/CompanionSync.framework/
2026-06-03T08:46:48.0712890Z x iPhoneOS16.5.sdk/System/Library/PrivateFrameworks/CompanionSync.framework/CompanionSync.tbd
2026-06-03T08:46:48.0713060Z x iPhoneOS16.5.sdk/System/Library/PrivateFrameworks/SoundAutoConfig.framework/
2026-06-03T08:46:48.0713290Z x iPhoneOS16.5.sdk/System/Library/PrivateFrameworks/SoundAutoConfig.framework/SoundAutoConfig.tbd
2026-06-03T08:46:48.0713460Z x iPhoneOS16.5.sdk/System/Library/PrivateFrameworks/UaaPLinkTools.framework/
2026-06-03T08:46:48.0713670Z x iPhoneOS16.5.sdk/System/Library/PrivateFrameworks/UaaPLinkTools.framework/UaaPLinkTools.tbd
2026-06-03T08:46:48.0713850Z x iPhoneOS16.5.sdk/System/Library/PrivateFrameworks/LinkManifestTools.framework/
2026-06-03T08:46:48.0714760Z x iPhoneOS16.5.sdk/System/Library/PrivateFrameworks/LinkManifestTools.framework/LinkManifestTools.tbd
2026-06-03T08:46:48.0715110Z x iPhoneOS16.5.sdk/System/Library/PrivateFrameworks/BehaviorMiner.framework/
2026-06-03T08:46:48.0715400Z x iPhoneOS16.5.sdk/System/Library/PrivateFrameworks/BehaviorMiner.framework/BehaviorMiner.tbd
2026-06-03T08:46:48.0715660Z x iPhoneOS16.5.sdk/System/Library/PrivateFrameworks/WeatherCore.framework/
2026-06-03T08:46:48.0715920Z x iPhoneOS16.5.sdk/System/Library/PrivateFrameworks/WeatherCore.framework/WeatherCore.tbd
2026-06-03T08:46:48.0716150Z x iPhoneOS16.5.sdk/System/Library/PrivateFrameworks/AccountsDaemon.framework/
2026-06-03T08:46:48.0716530Z x iPhoneOS16.5.sdk/System/Library/PrivateFrameworks/AccountsDaemon.framework/AccountsDaemon.tbd
2026-06-03T08:46:48.0717060Z x iPhoneOS16.5.sdk/System/Library/PrivateFrameworks/LiveExecutionResultsRuntime.framework/
2026-06-03T08:46:48.0718210Z x iPhoneOS16.5.sdk/System/Library/PrivateFrameworks/LiveExecutionResultsRuntime.framework/LiveExecutionResultsRuntime.tbd
2026-06-03T08:46:48.0718490Z x iPhoneOS16.5.sdk/System/Library/PrivateFrameworks/MacinTalk.framework/
2026-06-03T08:46:48.0718740Z x iPhoneOS16.5.sdk/System/Library/PrivateFrameworks/MacinTalk.framework/MacinTalk.tbd
2026-06-03T08:46:48.0718950Z x iPhoneOS16.5.sdk/System/Library/PrivateFrameworks/Trial.framework/
2026-06-03T08:46:48.0719180Z x iPhoneOS16.5.sdk/System/Library/PrivateFrameworks/Trial.framework/Trial.tbd
2026-06-03T08:46:48.0719460Z x iPhoneOS16.5.sdk/System/Library/PrivateFrameworks/AXAggregateStatisticsServices.framework/
2026-06-03T08:46:48.0719940Z x iPhoneOS16.5.sdk/System/Library/PrivateFrameworks/AXAggregateStatisticsServices.framework/AXAggregateStatisticsServices.tbd
2026-06-03T08:46:48.0720190Z x iPhoneOS16.5.sdk/System/Library/PrivateFrameworks/PeopleSuggester.framework/
2026-06-03T08:46:48.0720600Z x iPhoneOS16.5.sdk/System/Library/PrivateFrameworks/PeopleSuggester.framework/PeopleSuggester.tbd
2026-06-03T08:46:48.0720950Z x iPhoneOS16.5.sdk/System/Library/PrivateFrameworks/PhotoLibraryServices.framework/
2026-06-03T08:46:48.0721280Z x iPhoneOS16.5.sdk/System/Library/PrivateFrameworks/PhotoLibraryServices.framework/PhotoLibraryServices.tbd
2026-06-03T08:46:48.0721560Z x iPhoneOS16.5.sdk/System/Library/PrivateFrameworks/_MusicKitInternal_MediaPlayer.framework/
2026-06-03T08:46:48.0721940Z x iPhoneOS16.5.sdk/System/Library/PrivateFrameworks/_MusicKitInternal_MediaPlayer.framework/_MusicKitInternal_MediaPlayer.tbd
2026-06-03T08:46:48.0722150Z x iPhoneOS16.5.sdk/System/Library/PrivateFrameworks/Synapse.framework/
2026-06-03T08:46:48.0722470Z x iPhoneOS16.5.sdk/System/Library/PrivateFrameworks/Synapse.framework/Synapse.tbd
2026-06-03T08:46:48.0722700Z x iPhoneOS16.5.sdk/System/Library/PrivateFrameworks/SiriMemoryTypes.framework/
2026-06-03T08:46:48.0723900Z x iPhoneOS16.5.sdk/System/Library/PrivateFrameworks/SiriMemoryTypes.framework/SiriMemoryTypes.tbd
2026-06-03T08:46:48.0724190Z x iPhoneOS16.5.sdk/System/Library/PrivateFrameworks/SiriPlaybackControlIntents.framework/
2026-06-03T08:46:48.0724570Z x iPhoneOS16.5.sdk/System/Library/PrivateFrameworks/SiriPlaybackControlIntents.framework/SiriPlaybackControlIntents.tbd
2026-06-03T08:46:48.0724790Z x iPhoneOS16.5.sdk/System/Library/PrivateFrameworks/ClassKitUI.framework/
2026-06-03T08:46:48.0725040Z x iPhoneOS16.5.sdk/System/Library/PrivateFrameworks/ClassKitUI.framework/ClassKitUI.tbd
2026-06-03T08:46:48.0725260Z x iPhoneOS16.5.sdk/System/Library/PrivateFrameworks/CoreCDPUI.framework/
2026-06-03T08:46:48.0725510Z x iPhoneOS16.5.sdk/System/Library/PrivateFrameworks/CoreCDPUI.framework/CoreCDPUI.tbd
2026-06-03T08:46:48.0725710Z x iPhoneOS16.5.sdk/System/Library/PrivateFrameworks/Marrs.framework/
2026-06-03T08:46:48.0725940Z x iPhoneOS16.5.sdk/System/Library/PrivateFrameworks/Marrs.framework/Marrs.tbd
2026-06-03T08:46:48.0726170Z x iPhoneOS16.5.sdk/System/Library/PrivateFrameworks/MobileBluetooth.framework/
2026-06-03T08:46:48.0726460Z x iPhoneOS16.5.sdk/System/Library/PrivateFrameworks/MobileBluetooth.framework/MobileBluetooth.tbd
2026-06-03T08:46:48.0726710Z x iPhoneOS16.5.sdk/System/Library/PrivateFrameworks/GenerationalStorage.framework/
2026-06-03T08:46:48.0727030Z x iPhoneOS16.5.sdk/System/Library/PrivateFrameworks/GenerationalStorage.framework/GenerationalStorage.tbd
2026-06-03T08:46:48.0727260Z x iPhoneOS16.5.sdk/System/Library/PrivateFrameworks/NonverbalCues.framework/
2026-06-03T08:46:48.0727530Z x iPhoneOS16.5.sdk/System/Library/PrivateFrameworks/NonverbalCues.framework/NonverbalCues.tbd
2026-06-03T08:46:48.0727800Z x iPhoneOS16.5.sdk/System/Library/PrivateFrameworks/HomeRecommendationEngine.framework/
2026-06-03T08:46:48.0728160Z x iPhoneOS16.5.sdk/System/Library/PrivateFrameworks/HomeRecommendationEngine.framework/HomeRecommendationEngine.tbd
2026-06-03T08:46:48.0728380Z x iPhoneOS16.5.sdk/System/Library/PrivateFrameworks/LegacyGameKit.framework/
2026-06-03T08:46:48.0728670Z x iPhoneOS16.5.sdk/System/Library/PrivateFrameworks/LegacyGameKit.framework/LegacyGameKit.tbd
2026-06-03T08:46:48.0728970Z x iPhoneOS16.5.sdk/System/Library/PrivateFrameworks/MusicStoreUI.framework/
2026-06-03T08:46:48.0729340Z x iPhoneOS16.5.sdk/System/Library/PrivateFrameworks/MusicStoreUI.framework/MusicStoreUI.tbd
2026-06-03T08:46:48.0729600Z x iPhoneOS16.5.sdk/System/Library/PrivateFrameworks/SiriCarCommandsIntents.framework/
2026-06-03T08:46:48.0729950Z x iPhoneOS16.5.sdk/System/Library/PrivateFrameworks/SiriCarCommandsIntents.framework/SiriCarCommandsIntents.tbd
2026-06-03T08:46:48.0730210Z x iPhoneOS16.5.sdk/System/Library/PrivateFrameworks/AnnounceDaemon.framework/
2026-06-03T08:46:48.0730490Z x iPhoneOS16.5.sdk/System/Library/PrivateFrameworks/AnnounceDaemon.framework/AnnounceDaemon.tbd
2026-06-03T08:46:48.0730820Z x iPhoneOS16.5.sdk/System/Library/PrivateFrameworks/USDKit.framework/
2026-06-03T08:46:48.0731050Z x iPhoneOS16.5.sdk/System/Library/PrivateFrameworks/USDKit.framework/USDKit.tbd
2026-06-03T08:46:48.0731480Z x iPhoneOS16.5.sdk/System/Library/PrivateFrameworks/iMessageApps.framework/
2026-06-03T08:46:48.0731750Z x iPhoneOS16.5.sdk/System/Library/PrivateFrameworks/iMessageApps.framework/iMessageApps.tbd
2026-06-03T08:46:48.0732000Z x iPhoneOS16.5.sdk/System/Library/PrivateFrameworks/HomeMessagingUtils.framework/
2026-06-03T08:46:48.0733190Z x iPhoneOS16.5.sdk/System/Library/PrivateFrameworks/HomeMessagingUtils.framework/HomeMessagingUtils.tbd
2026-06-03T08:46:48.0733420Z x iPhoneOS16.5.sdk/System/Library/PrivateFrameworks/HearingUI.framework/
2026-06-03T08:46:48.0733670Z x iPhoneOS16.5.sdk/System/Library/PrivateFrameworks/HearingUI.framework/HearingUI.tbd
2026-06-03T08:46:48.0733920Z x iPhoneOS16.5.sdk/System/Library/PrivateFrameworks/SpringBoardUIServices.framework/
2026-06-03T08:46:48.0734270Z x iPhoneOS16.5.sdk/System/Library/PrivateFrameworks/SpringBoardUIServices.framework/SpringBoardUIServices.tbd
2026-06-03T08:46:48.0734510Z x iPhoneOS16.5.sdk/System/Library/PrivateFrameworks/IntlPreferencesUI.framework/
2026-06-03T08:46:48.0734820Z x iPhoneOS16.5.sdk/System/Library/PrivateFrameworks/IntlPreferencesUI.framework/IntlPreferencesUI.tbd
2026-06-03T08:46:48.0735070Z x iPhoneOS16.5.sdk/System/Library/PrivateFrameworks/NanoResourceGrabber.framework/
2026-06-03T08:46:48.0735400Z x iPhoneOS16.5.sdk/System/Library/PrivateFrameworks/NanoResourceGrabber.framework/NanoResourceGrabber.tbd
2026-06-03T08:46:48.0735600Z x iPhoneOS16.5.sdk/System/Library/PrivateFrameworks/AppSSO.framework/
2026-06-03T08:46:48.0735840Z x iPhoneOS16.5.sdk/System/Library/PrivateFrameworks/AppSSO.framework/AppSSO.tbd
2026-06-03T08:46:48.0736050Z x iPhoneOS16.5.sdk/System/Library/PrivateFrameworks/TeaUIKit.framework/
2026-06-03T08:46:48.0736290Z x iPhoneOS16.5.sdk/System/Library/PrivateFrameworks/TeaUIKit.framework/TeaUIKit.tbd
2026-06-03T08:46:48.0736530Z x iPhoneOS16.5.sdk/System/Library/PrivateFrameworks/SpotlightReceiver.framework/
2026-06-03T08:46:48.0736840Z x iPhoneOS16.5.sdk/System/Library/PrivateFrameworks/SpotlightReceiver.framework/SpotlightReceiver.tbd
2026-06-03T08:46:48.0737130Z x iPhoneOS16.5.sdk/System/Library/PrivateFrameworks/VisionHWAccelerationServices.framework/
2026-06-03T08:46:48.0737520Z x iPhoneOS16.5.sdk/System/Library/PrivateFrameworks/VisionHWAccelerationServices.framework/VisionHWAccelerationServices.tbd
2026-06-03T08:46:48.0737740Z x iPhoneOS16.5.sdk/System/Library/PrivateFrameworks/PhotosUIApps.framework/
2026-06-03T08:46:48.0738040Z x iPhoneOS16.5.sdk/System/Library/PrivateFrameworks/PhotosUIApps.framework/PhotosUIApps.tbd
2026-06-03T08:46:48.0738310Z x iPhoneOS16.5.sdk/System/Library/PrivateFrameworks/SharingXPCServices.framework/
2026-06-03T08:46:48.0738620Z x iPhoneOS16.5.sdk/System/Library/PrivateFrameworks/SharingXPCServices.framework/SharingXPCServices.tbd
2026-06-03T08:46:48.0738830Z x iPhoneOS16.5.sdk/System/Library/PrivateFrameworks/vdaf_Vdaf.framework/
2026-06-03T08:46:48.0739080Z x iPhoneOS16.5.sdk/System/Library/PrivateFrameworks/vdaf_Vdaf.framework/vdaf_Vdaf.tbd
2026-06-03T08:46:48.0739330Z x iPhoneOS16.5.sdk/System/Library/PrivateFrameworks/SiriSettingsIntents.framework/
2026-06-03T08:46:48.0740690Z x iPhoneOS16.5.sdk/System/Library/PrivateFrameworks/SiriSettingsIntents.framework/SiriSettingsIntents.tbd
2026-06-03T08:46:48.0740990Z x iPhoneOS16.5.sdk/System/Library/PrivateFrameworks/AppSSOKerberos.framework/
2026-06-03T08:46:48.0741290Z x iPhoneOS16.5.sdk/System/Library/PrivateFrameworks/AppSSOKerberos.framework/AppSSOKerberos.tbd
2026-06-03T08:46:48.0741500Z x iPhoneOS16.5.sdk/System/Library/PrivateFrameworks/Espresso.framework/
2026-06-03T08:46:48.0741750Z x iPhoneOS16.5.sdk/System/Library/PrivateFrameworks/Espresso.framework/Espresso.tbd
2026-06-03T08:46:48.0741990Z x iPhoneOS16.5.sdk/System/Library/PrivateFrameworks/Espresso.framework/Frameworks/
2026-06-03T08:46:48.0742340Z x iPhoneOS16.5.sdk/System/Library/PrivateFrameworks/Espresso.framework/Frameworks/LoopKitGeneratedKernels.framework/
2026-06-03T08:46:48.0742790Z x iPhoneOS16.5.sdk/System/Library/PrivateFrameworks/Espresso.framework/Frameworks/LoopKitGeneratedKernels.framework/LoopKitGeneratedKernels.tbd
2026-06-03T08:46:48.0743100Z x iPhoneOS16.5.sdk/System/Library/PrivateFrameworks/WiFiKit.framework/
2026-06-03T08:46:48.0743340Z x iPhoneOS16.5.sdk/System/Library/PrivateFrameworks/WiFiKit.framework/WiFiKit.tbd
2026-06-03T08:46:48.0743570Z x iPhoneOS16.5.sdk/System/Library/PrivateFrameworks/TinCanShared.framework/
2026-06-03T08:46:48.0743900Z x iPhoneOS16.5.sdk/System/Library/PrivateFrameworks/TinCanShared.framework/TinCanShared.tbd
2026-06-03T08:46:48.0744150Z x iPhoneOS16.5.sdk/System/Library/PrivateFrameworks/SiriContactsIntents.framework/
2026-06-03T08:46:48.0744480Z x iPhoneOS16.5.sdk/System/Library/PrivateFrameworks/SiriContactsIntents.framework/SiriContactsIntents.tbd
2026-06-03T08:46:48.0744700Z x iPhoneOS16.5.sdk/System/Library/PrivateFrameworks/FeatureStore.framework/
2026-06-03T08:46:48.0744990Z x iPhoneOS16.5.sdk/System/Library/PrivateFrameworks/FeatureStore.framework/FeatureStore.tbd
2026-06-03T08:46:48.0745260Z x iPhoneOS16.5.sdk/System/Library/PrivateFrameworks/PhotoLibraryServicesCore.framework/
2026-06-03T08:46:48.0745620Z x iPhoneOS16.5.sdk/System/Library/PrivateFrameworks/PhotoLibraryServicesCore.framework/PhotoLibraryServicesCore.tbd
2026-06-03T08:46:48.0745840Z x iPhoneOS16.5.sdk/System/Library/PrivateFrameworks/MaterialKit.framework/
2026-06-03T08:46:48.0746100Z x iPhoneOS16.5.sdk/System/Library/PrivateFrameworks/MaterialKit.framework/MaterialKit.tbd
2026-06-03T08:46:48.0746320Z x iPhoneOS16.5.sdk/System/Library/PrivateFrameworks/CoreGlyphs.framework/
2026-06-03T08:46:48.0746570Z x iPhoneOS16.5.sdk/System/Library/PrivateFrameworks/CoreGlyphs.framework/CoreGlyphs.tbd
2026-06-03T08:46:48.0746770Z x iPhoneOS16.5.sdk/System/Library/PrivateFrameworks/Focus.framework/
2026-06-03T08:46:48.0747000Z x iPhoneOS16.5.sdk/System/Library/PrivateFrameworks/Focus.framework/Focus.tbd
2026-06-03T08:46:48.0907100Z x iPhoneOS16.5.sdk/System/Library/PrivateFrameworks/SystemPaperPresentation.framework/
2026-06-03T08:46:48.1096620Z x iPhoneOS16.5.sdk/System/Library/PrivateFrameworks/SystemPaperPresentation.framework/SystemPaperPresentation.tbd
2026-06-03T08:46:48.1197470Z x iPhoneOS16.5.sdk/System/Library/PrivateFrameworks/SiriInformationSearch.framework/
2026-06-03T08:46:48.1237700Z x iPhoneOS16.5.sdk/System/Library/PrivateFrameworks/SiriInformationSearch.framework/SiriInformationSearch.tbd
2026-06-03T08:46:48.1237970Z x iPhoneOS16.5.sdk/System/Library/PrivateFrameworks/AppAnalytics.framework/
2026-06-03T08:46:48.1238250Z x iPhoneOS16.5.sdk/System/Library/PrivateFrameworks/AppAnalytics.framework/AppAnalytics.tbd
2026-06-03T08:46:48.1238570Z x iPhoneOS16.5.sdk/System/Library/PrivateFrameworks/NewsFoundation.framework/
2026-06-03T08:46:48.1238870Z x iPhoneOS16.5.sdk/System/Library/PrivateFrameworks/NewsFoundation.framework/NewsFoundation.tbd
2026-06-03T08:46:48.1239130Z x iPhoneOS16.5.sdk/System/Library/PrivateFrameworks/FMPrecisionFindingUI.framework/
2026-06-03T08:46:48.1240100Z x iPhoneOS16.5.sdk/System/Library/PrivateFrameworks/FMPrecisionFindingUI.framework/FMPrecisionFindingUI.tbd
2026-06-03T08:46:48.1240530Z x iPhoneOS16.5.sdk/System/Library/PrivateFrameworks/CoreCDPUIInternal.framework/
2026-06-03T08:46:48.1240980Z x iPhoneOS16.5.sdk/System/Library/PrivateFrameworks/CoreCDPUIInternal.framework/CoreCDPUIInternal.tbd
2026-06-03T08:46:48.1241230Z x iPhoneOS16.5.sdk/System/Library/PrivateFrameworks/SiriStates.framework/
2026-06-03T08:46:48.1241490Z x iPhoneOS16.5.sdk/System/Library/PrivateFrameworks/SiriStates.framework/SiriStates.tbd
2026-06-03T08:46:48.1242790Z x iPhoneOS16.5.sdk/System/Library/PrivateFrameworks/ProactiveContextClient.framework/
2026-06-03T08:46:48.1248170Z x iPhoneOS16.5.sdk/System/Library/PrivateFrameworks/ProactiveContextClient.framework/ProactiveContextClient.tbd
2026-06-03T08:46:48.1248390Z x iPhoneOS16.5.sdk/System/Library/PrivateFrameworks/BiomeDSL.framework/
2026-06-03T08:46:48.1248840Z x iPhoneOS16.5.sdk/System/Library/PrivateFrameworks/BiomeDSL.framework/BiomeDSL.tbd
2026-06-03T08:46:48.1249290Z x iPhoneOS16.5.sdk/System/Library/PrivateFrameworks/DeviceIdentity.framework/
2026-06-03T08:46:48.1249600Z x iPhoneOS16.5.sdk/System/Library/PrivateFrameworks/DeviceIdentity.framework/DeviceIdentity.tbd
2026-06-03T08:46:48.1249860Z x iPhoneOS16.5.sdk/System/Library/PrivateFrameworks/SiriCalendarIntents.framework/
2026-06-03T08:46:48.1250180Z x iPhoneOS16.5.sdk/System/Library/PrivateFrameworks/SiriCalendarIntents.framework/SiriCalendarIntents.tbd
2026-06-03T08:46:48.1250810Z x iPhoneOS16.5.sdk/System/Library/PrivateFrameworks/CoreFollowUp.framework/
2026-06-03T08:46:48.1251080Z x iPhoneOS16.5.sdk/System/Library/PrivateFrameworks/CoreFollowUp.framework/CoreFollowUp.tbd
2026-06-03T08:46:48.1251320Z x iPhoneOS16.5.sdk/System/Library/PrivateFrameworks/SiriActivation.framework/
2026-06-03T08:46:48.1251610Z x iPhoneOS16.5.sdk/System/Library/PrivateFrameworks/SiriActivation.framework/SiriActivation.tbd
2026-06-03T08:46:48.1251850Z x iPhoneOS16.5.sdk/System/Library/PrivateFrameworks/BusinessChatService.framework/
2026-06-03T08:46:48.1252180Z x iPhoneOS16.5.sdk/System/Library/PrivateFrameworks/BusinessChatService.framework/BusinessChatService.tbd
2026-06-03T08:46:48.1252760Z x iPhoneOS16.5.sdk/System/Library/PrivateFrameworks/SportsKit.framework/
2026-06-03T08:46:48.1253010Z x iPhoneOS16.5.sdk/System/Library/PrivateFrameworks/SportsKit.framework/SportsKit.tbd
2026-06-03T08:46:48.1253260Z x iPhoneOS16.5.sdk/System/Library/PrivateFrameworks/EmbeddedDataReset.framework/
2026-06-03T08:46:48.1253570Z x iPhoneOS16.5.sdk/System/Library/PrivateFrameworks/EmbeddedDataReset.framework/EmbeddedDataReset.tbd
2026-06-03T08:46:48.1253790Z x iPhoneOS16.5.sdk/System/Library/PrivateFrameworks/TextComposer.framework/
2026-06-03T08:46:48.1254070Z x iPhoneOS16.5.sdk/System/Library/PrivateFrameworks/TextComposer.framework/TextComposer.tbd
2026-06-03T08:46:48.1260750Z x iPhoneOS16.5.sdk/System/Library/PrivateFrameworks/ActivityAwardsCore.framework/
2026-06-03T08:46:48.1263570Z x iPhoneOS16.5.sdk/System/Library/PrivateFrameworks/ActivityAwardsCore.framework/ActivityAwardsCore.tbd
2026-06-03T08:46:48.1264310Z x iPhoneOS16.5.sdk/System/Library/PrivateFrameworks/PlatterKit.framework/
2026-06-03T08:46:48.1264600Z x iPhoneOS16.5.sdk/System/Library/PrivateFrameworks/PlatterKit.framework/PlatterKit.tbd
2026-06-03T08:46:48.1264890Z x iPhoneOS16.5.sdk/System/Library/PrivateFrameworks/MorphunSwift.framework/
2026-06-03T08:46:48.1273160Z x iPhoneOS16.5.sdk/System/Library/PrivateFrameworks/MorphunSwift.framework/MorphunSwift.tbd
2026-06-03T08:46:48.1273400Z x iPhoneOS16.5.sdk/System/Library/PrivateFrameworks/NanoAppRegistry.framework/
2026-06-03T08:46:48.1273700Z x iPhoneOS16.5.sdk/System/Library/PrivateFrameworks/NanoAppRegistry.framework/NanoAppRegistry.tbd
2026-06-03T08:46:48.1273940Z x iPhoneOS16.5.sdk/System/Library/PrivateFrameworks/CalendarMigration.framework/
2026-06-03T08:46:48.1274260Z x iPhoneOS16.5.sdk/System/Library/PrivateFrameworks/CalendarMigration.framework/CalendarMigration.tbd
2026-06-03T08:46:48.1275250Z x iPhoneOS16.5.sdk/System/Library/PrivateFrameworks/PairedUnlock.framework/
2026-06-03T08:46:48.1275690Z x iPhoneOS16.5.sdk/System/Library/PrivateFrameworks/PairedUnlock.framework/PairedUnlock.tbd
2026-06-03T08:46:48.1275970Z x iPhoneOS16.5.sdk/System/Library/PrivateFrameworks/PowerlogDatabaseReader.framework/
2026-06-03T08:46:48.1276330Z x iPhoneOS16.5.sdk/System/Library/PrivateFrameworks/PowerlogDatabaseReader.framework/PowerlogDatabaseReader.tbd
2026-06-03T08:46:48.1276570Z x iPhoneOS16.5.sdk/System/Library/PrivateFrameworks/SavageCamInterface.framework/
2026-06-03T08:46:48.1276900Z x iPhoneOS16.5.sdk/System/Library/PrivateFrameworks/SavageCamInterface.framework/SavageCamInterface.tbd
2026-06-03T08:46:48.1377550Z x iPhoneOS16.5.sdk/System/Library/PrivateFrameworks/GPUToolsTransport.framework/
2026-06-03T08:46:48.1410510Z x iPhoneOS16.5.sdk/System/Library/PrivateFrameworks/GPUToolsTransport.framework/GPUToolsTransport.tbd
2026-06-03T08:46:48.1511050Z x iPhoneOS16.5.sdk/System/Library/PrivateFrameworks/HearingCore.framework/
2026-06-03T08:46:48.1614020Z x iPhoneOS16.5.sdk/System/Library/PrivateFrameworks/HearingCore.framework/HearingCore.tbd
2026-06-03T08:46:48.1675900Z x iPhoneOS16.5.sdk/System/Library/PrivateFrameworks/VisualPairing.framework/
2026-06-03T08:46:48.1680350Z x iPhoneOS16.5.sdk/System/Library/PrivateFrameworks/VisualPairing.framework/VisualPairing.tbd
2026-06-03T08:46:48.1685490Z x iPhoneOS16.5.sdk/System/Library/PrivateFrameworks/SiriInferenceFlow.framework/
2026-06-03T08:46:48.1692750Z x iPhoneOS16.5.sdk/System/Library/PrivateFrameworks/SiriInferenceFlow.framework/SiriInferenceFlow.tbd
2026-06-03T08:46:48.1696100Z x iPhoneOS16.5.sdk/System/Library/PrivateFrameworks/SpotlightUI.framework/
2026-06-03T08:46:48.1698200Z x iPhoneOS16.5.sdk/System/Library/PrivateFrameworks/SpotlightUI.framework/SpotlightUI.tbd
2026-06-03T08:46:48.1702020Z x iPhoneOS16.5.sdk/System/Library/PrivateFrameworks/ChronoKit.framework/
2026-06-03T08:46:48.1704820Z x iPhoneOS16.5.sdk/System/Library/PrivateFrameworks/ChronoKit.framework/ChronoKit.tbd
2026-06-03T08:46:48.1706470Z x iPhoneOS16.5.sdk/System/Library/PrivateFrameworks/ManagedConfigurationUI.framework/
2026-06-03T08:46:48.1711840Z x iPhoneOS16.5.sdk/System/Library/PrivateFrameworks/ManagedConfigurationUI.framework/ManagedConfigurationUI.tbd
2026-06-03T08:46:48.1730320Z x iPhoneOS16.5.sdk/System/Library/PrivateFrameworks/MobileSafariSwift.framework/
2026-06-03T08:46:48.1746560Z x iPhoneOS16.5.sdk/System/Library/PrivateFrameworks/MobileSafariSwift.framework/MobileSafariSwift.tbd
2026-06-03T08:46:48.1761100Z x iPhoneOS16.5.sdk/System/Library/PrivateFrameworks/SystemStatus.framework/
2026-06-03T08:46:48.1799760Z x iPhoneOS16.5.sdk/System/Library/PrivateFrameworks/SystemStatus.framework/SystemStatus.tbd
2026-06-03T08:46:48.1805350Z x iPhoneOS16.5.sdk/System/Library/PrivateFrameworks/SearchAds.framework/
2026-06-03T08:46:48.1910910Z x iPhoneOS16.5.sdk/System/Library/PrivateFrameworks/SearchAds.framework/SearchAds.tbd
2026-06-03T08:46:48.2015310Z x iPhoneOS16.5.sdk/System/Library/PrivateFrameworks/WiFiPolicy.framework/
2026-06-03T08:46:48.2146430Z x iPhoneOS16.5.sdk/System/Library/PrivateFrameworks/WiFiPolicy.framework/WiFiPolicy.tbd
2026-06-03T08:46:48.2249020Z x iPhoneOS16.5.sdk/System/Library/PrivateFrameworks/RunningBoardServices.framework/
2026-06-03T08:46:48.2350630Z x iPhoneOS16.5.sdk/System/Library/PrivateFrameworks/RunningBoardServices.framework/RunningBoardServices.tbd
2026-06-03T08:46:48.2467700Z x iPhoneOS16.5.sdk/System/Library/PrivateFrameworks/FTClientServices.framework/
2026-06-03T08:46:48.2568610Z x iPhoneOS16.5.sdk/System/Library/PrivateFrameworks/FTClientServices.framework/FTClientServices.tbd
2026-06-03T08:46:48.2669370Z x iPhoneOS16.5.sdk/System/Library/PrivateFrameworks/VoicemailStore.framework/
2026-06-03T08:46:48.2770160Z x iPhoneOS16.5.sdk/System/Library/PrivateFrameworks/VoicemailStore.framework/VoicemailStore.tbd
2026-06-03T08:46:48.2870920Z x iPhoneOS16.5.sdk/System/Library/PrivateFrameworks/TextToSpeech.framework/
2026-06-03T08:46:48.2971270Z x iPhoneOS16.5.sdk/System/Library/PrivateFrameworks/TextToSpeech.framework/TextToSpeech.tbd
2026-06-03T08:46:48.3067950Z x iPhoneOS16.5.sdk/System/Library/PrivateFrameworks/SeymourMedia.framework/
2026-06-03T08:46:48.3168970Z x iPhoneOS16.5.sdk/System/Library/PrivateFrameworks/SeymourMedia.framework/SeymourMedia.tbd
2026-06-03T08:46:48.3269840Z x iPhoneOS16.5.sdk/System/Library/PrivateFrameworks/CloudDocs.framework/
2026-06-03T08:46:48.3370230Z x iPhoneOS16.5.sdk/System/Library/PrivateFrameworks/CloudDocs.framework/CloudDocs.tbd
2026-06-03T08:46:48.3470750Z x iPhoneOS16.5.sdk/System/Library/PrivateFrameworks/AirTrafficDevice.framework/
2026-06-03T08:46:48.3572040Z x iPhoneOS16.5.sdk/System/Library/PrivateFrameworks/AirTrafficDevice.framework/AirTrafficDevice.tbd
2026-06-03T08:46:48.3672320Z x iPhoneOS16.5.sdk/System/Library/PrivateFrameworks/IntentsUICardKitProviderSupport.framework/
2026-06-03T08:46:48.3773510Z x iPhoneOS16.5.sdk/System/Library/PrivateFrameworks/IntentsUICardKitProviderSupport.framework/IntentsUICardKitProviderSupport.tbd
2026-06-03T08:46:48.3873910Z x iPhoneOS16.5.sdk/System/Library/PrivateFrameworks/CalendarLink.framework/
2026-06-03T08:46:48.3977580Z x iPhoneOS16.5.sdk/System/Library/PrivateFrameworks/CalendarLink.framework/CalendarLink.tbd
2026-06-03T08:46:48.4077530Z x iPhoneOS16.5.sdk/System/Library/PrivateFrameworks/AccountsUI.framework/
2026-06-03T08:46:48.4178630Z x iPhoneOS16.5.sdk/System/Library/PrivateFrameworks/AccountsUI.framework/AccountsUI.tbd
2026-06-03T08:46:48.4277820Z x iPhoneOS16.5.sdk/System/Library/PrivateFrameworks/MultitouchSessionFilterSupport.framework/
2026-06-03T08:46:48.4278940Z x iPhoneOS16.5.sdk/System/Library/PrivateFrameworks/MultitouchSessionFilterSupport.framework/MultitouchSessionFilterSupport.tbd
2026-06-03T08:46:48.4279670Z x iPhoneOS16.5.sdk/System/Library/PrivateFrameworks/iCloudQuotaUI.framework/
2026-06-03T08:46:48.4280260Z x iPhoneOS16.5.sdk/System/Library/PrivateFrameworks/iCloudQuotaUI.framework/iCloudQuotaUI.tbd
2026-06-03T08:46:48.4280870Z x iPhoneOS16.5.sdk/System/Library/PrivateFrameworks/IDSBlastDoorSupport.framework/
2026-06-03T08:46:48.4281550Z x iPhoneOS16.5.sdk/System/Library/PrivateFrameworks/IDSBlastDoorSupport.framework/IDSBlastDoorSupport.tbd
2026-06-03T08:46:48.4282240Z x iPhoneOS16.5.sdk/System/Library/PrivateFrameworks/QuickLookThumbnailGeneration.framework/
2026-06-03T08:46:48.4288650Z x iPhoneOS16.5.sdk/System/Library/PrivateFrameworks/QuickLookThumbnailGeneration.framework/QuickLookThumbnailGeneration.tbd
2026-06-03T08:46:48.4289430Z x iPhoneOS16.5.sdk/System/Library/PrivateFrameworks/Cards.framework/
2026-06-03T08:46:48.4289950Z x iPhoneOS16.5.sdk/System/Library/PrivateFrameworks/Cards.framework/Cards.tbd
2026-06-03T08:46:48.4290500Z x iPhoneOS16.5.sdk/System/Library/PrivateFrameworks/CoreAccessories.framework/
2026-06-03T08:46:48.4291140Z x iPhoneOS16.5.sdk/System/Library/PrivateFrameworks/CoreAccessories.framework/CoreAccessories.tbd
2026-06-03T08:46:48.4291750Z x iPhoneOS16.5.sdk/System/Library/PrivateFrameworks/XavierCore.framework/
2026-06-03T08:46:48.4292320Z x iPhoneOS16.5.sdk/System/Library/PrivateFrameworks/XavierCore.framework/XavierCore.tbd
2026-06-03T08:46:48.4292930Z x iPhoneOS16.5.sdk/System/Library/PrivateFrameworks/ReminderKitInternal.framework/
2026-06-03T08:46:48.4293600Z x iPhoneOS16.5.sdk/System/Library/PrivateFrameworks/ReminderKitInternal.framework/ReminderKitInternal.tbd
2026-06-03T08:46:48.4294220Z x iPhoneOS16.5.sdk/System/Library/PrivateFrameworks/CoreDuetSync.framework/
2026-06-03T08:46:48.4294790Z x iPhoneOS16.5.sdk/System/Library/PrivateFrameworks/CoreDuetSync.framework/CoreDuetSync.tbd
2026-06-03T08:46:48.4295380Z x iPhoneOS16.5.sdk/System/Library/PrivateFrameworks/RemoteConfiguration.framework/
2026-06-03T08:46:48.4296020Z x iPhoneOS16.5.sdk/System/Library/PrivateFrameworks/RemoteConfiguration.framework/RemoteConfiguration.tbd
2026-06-03T08:46:48.4296630Z x iPhoneOS16.5.sdk/System/Library/PrivateFrameworks/StorageKit.framework/
2026-06-03T08:46:48.4297170Z x iPhoneOS16.5.sdk/System/Library/PrivateFrameworks/StorageKit.framework/StorageKit.tbd
2026-06-03T08:46:48.4297770Z x iPhoneOS16.5.sdk/System/Library/PrivateFrameworks/ScreenReaderBrailleDriver.framework/
2026-06-03T08:46:48.4298840Z x iPhoneOS16.5.sdk/System/Library/PrivateFrameworks/ScreenReaderBrailleDriver.framework/ScreenReaderBrailleDriver.tbd
2026-06-03T08:46:48.4299580Z x iPhoneOS16.5.sdk/System/Library/PrivateFrameworks/CaptiveNetwork.framework/
2026-06-03T08:46:48.4300170Z x iPhoneOS16.5.sdk/System/Library/PrivateFrameworks/CaptiveNetwork.framework/CaptiveNetwork.tbd
2026-06-03T08:46:48.4300840Z x iPhoneOS16.5.sdk/System/Library/PrivateFrameworks/WatchControlSettings.framework/
2026-06-03T08:46:48.4301510Z x iPhoneOS16.5.sdk/System/Library/PrivateFrameworks/WatchControlSettings.framework/WatchControlSettings.tbd
2026-06-03T08:46:48.4302160Z x iPhoneOS16.5.sdk/System/Library/PrivateFrameworks/AXCoreUtilities.framework/
2026-06-03T08:46:48.4302770Z x iPhoneOS16.5.sdk/System/Library/PrivateFrameworks/AXCoreUtilities.framework/AXCoreUtilities.tbd
2026-06-03T08:46:48.4303530Z x iPhoneOS16.5.sdk/System/Library/PrivateFrameworks/AppleJPEG.framework/
2026-06-03T08:46:48.4304090Z x iPhoneOS16.5.sdk/System/Library/PrivateFrameworks/AppleJPEG.framework/AppleJPEG.tbd
2026-06-03T08:46:48.4304690Z x iPhoneOS16.5.sdk/System/Library/PrivateFrameworks/LighthouseNightingale.framework/
2026-06-03T08:46:48.4305390Z x iPhoneOS16.5.sdk/System/Library/PrivateFrameworks/LighthouseNightingale.framework/LighthouseNightingale.tbd
2026-06-03T08:46:48.4306290Z x iPhoneOS16.5.sdk/System/Library/PrivateFrameworks/AvailabilityKit.framework/
2026-06-03T08:46:48.4307640Z x iPhoneOS16.5.sdk/System/Library/PrivateFrameworks/AvailabilityKit.framework/AvailabilityKit.tbd
2026-06-03T08:46:48.4308240Z x iPhoneOS16.5.sdk/System/Library/PrivateFrameworks/kperfdata.framework/
2026-06-03T08:46:48.4308790Z x iPhoneOS16.5.sdk/System/Library/PrivateFrameworks/kperfdata.framework/kperfdata.tbd
2026-06-03T08:46:48.4309450Z x iPhoneOS16.5.sdk/System/Library/PrivateFrameworks/NewsDaemon.framework/
2026-06-03T08:46:48.4410280Z x iPhoneOS16.5.sdk/System/Library/PrivateFrameworks/NewsDaemon.framework/NewsDaemon.tbd
2026-06-03T08:46:48.4425100Z x iPhoneOS16.5.sdk/System/Library/PrivateFrameworks/Proximity.framework/
2026-06-03T08:46:48.4425720Z x iPhoneOS16.5.sdk/System/Library/PrivateFrameworks/Proximity.framework/Proximity.tbd
2026-06-03T08:46:48.4426320Z x iPhoneOS16.5.sdk/System/Library/PrivateFrameworks/LanguageModeling.framework/
2026-06-03T08:46:48.4426950Z x iPhoneOS16.5.sdk/System/Library/PrivateFrameworks/LanguageModeling.framework/LanguageModeling.tbd
2026-06-03T08:46:48.4427580Z x iPhoneOS16.5.sdk/System/Library/PrivateFrameworks/PBBridgeSupport.framework/
2026-06-03T08:46:48.4428200Z x iPhoneOS16.5.sdk/System/Library/PrivateFrameworks/PBBridgeSupport.framework/PBBridgeSupport.tbd
2026-06-03T08:46:48.4428790Z x iPhoneOS16.5.sdk/System/Library/PrivateFrameworks/AVFCore.framework/
2026-06-03T08:46:48.4429320Z x iPhoneOS16.5.sdk/System/Library/PrivateFrameworks/AVFCore.framework/AVFCore.tbd
2026-06-03T08:46:48.4429890Z x iPhoneOS16.5.sdk/System/Library/PrivateFrameworks/NanoMediaBridgeUI.framework/
2026-06-03T08:46:48.4430540Z x iPhoneOS16.5.sdk/System/Library/PrivateFrameworks/NanoMediaBridgeUI.framework/NanoMediaBridgeUI.tbd
2026-06-03T08:46:48.4431160Z x iPhoneOS16.5.sdk/System/Library/PrivateFrameworks/ContextKit.framework/
2026-06-03T08:46:48.4431720Z x iPhoneOS16.5.sdk/System/Library/PrivateFrameworks/ContextKit.framework/ContextKit.tbd
2026-06-03T08:46:48.4432280Z x iPhoneOS16.5.sdk/System/Library/PrivateFrameworks/RenderBox.framework/
2026-06-03T08:46:48.4432820Z x iPhoneOS16.5.sdk/System/Library/PrivateFrameworks/RenderBox.framework/RenderBox.tbd
2026-06-03T08:46:48.4433830Z x iPhoneOS16.5.sdk/System/Library/PrivateFrameworks/DataDetectorsNaturalLanguage.framework/
2026-06-03T08:46:48.4434740Z x iPhoneOS16.5.sdk/System/Library/PrivateFrameworks/DataDetectorsNaturalLanguage.framework/DataDetectorsNaturalLanguage.tbd
2026-06-03T08:46:48.4435840Z x iPhoneOS16.5.sdk/System/Library/PrivateFrameworks/AppStoreFoundation.framework/
2026-06-03T08:46:48.4436500Z x iPhoneOS16.5.sdk/System/Library/PrivateFrameworks/AppStoreFoundation.framework/AppStoreFoundation.tbd
2026-06-03T08:46:48.4437320Z x iPhoneOS16.5.sdk/System/Library/PrivateFrameworks/PassKitUIFoundation.framework/
2026-06-03T08:46:48.4438540Z x iPhoneOS16.5.sdk/System/Library/PrivateFrameworks/PassKitUIFoundation.framework/PassKitUIFoundation.tbd
2026-06-03T08:46:48.4439400Z x iPhoneOS16.5.sdk/System/Library/PrivateFrameworks/ServiceManagement.framework/
2026-06-03T08:46:48.4440060Z x iPhoneOS16.5.sdk/System/Library/PrivateFrameworks/ServiceManagement.framework/ServiceManagement.tbd
2026-06-03T08:46:48.4440770Z x iPhoneOS16.5.sdk/System/Library/PrivateFrameworks/Catalyst.framework/
2026-06-03T08:46:48.4441490Z x iPhoneOS16.5.sdk/System/Library/PrivateFrameworks/Catalyst.framework/Catalyst.tbd
2026-06-03T08:46:48.4442090Z x iPhoneOS16.5.sdk/System/Library/PrivateFrameworks/MediaPlatform.framework/
2026-06-03T08:46:48.4442740Z x iPhoneOS16.5.sdk/System/Library/PrivateFrameworks/MediaPlatform.framework/MediaPlatform.tbd
2026-06-03T08:46:48.4443520Z x iPhoneOS16.5.sdk/System/Library/PrivateFrameworks/TipsUI.framework/
2026-06-03T08:46:48.4444060Z x iPhoneOS16.5.sdk/System/Library/PrivateFrameworks/TipsUI.framework/TipsUI.tbd
2026-06-03T08:46:48.4444640Z x iPhoneOS16.5.sdk/System/Library/PrivateFrameworks/ProactiveExperiments.framework/
2026-06-03T08:46:48.4445310Z x iPhoneOS16.5.sdk/System/Library/PrivateFrameworks/ProactiveExperiments.framework/ProactiveExperiments.tbd
2026-06-03T08:46:48.4445970Z x iPhoneOS16.5.sdk/System/Library/PrivateFrameworks/SchoolTime.framework/
2026-06-03T08:46:48.4446540Z x iPhoneOS16.5.sdk/System/Library/PrivateFrameworks/SchoolTime.framework/SchoolTime.tbd
2026-06-03T08:46:48.4447120Z x iPhoneOS16.5.sdk/System/Library/PrivateFrameworks/DataDetectorsUI.framework/
2026-06-03T08:46:48.4447730Z x iPhoneOS16.5.sdk/System/Library/PrivateFrameworks/DataDetectorsUI.framework/DataDetectorsUI.tbd
2026-06-03T08:46:48.4448300Z x iPhoneOS16.5.sdk/System/Library/PrivateFrameworks/libEDR.framework/
2026-06-03T08:46:48.4448820Z x iPhoneOS16.5.sdk/System/Library/PrivateFrameworks/libEDR.framework/libEDR.tbd
2026-06-03T08:46:48.4449370Z x iPhoneOS16.5.sdk/System/Library/PrivateFrameworks/HealthExperience.framework/
2026-06-03T08:46:48.4449990Z x iPhoneOS16.5.sdk/System/Library/PrivateFrameworks/HealthExperience.framework/HealthExperience.tbd
2026-06-03T08:46:48.4450600Z x iPhoneOS16.5.sdk/System/Library/PrivateFrameworks/FamilyCircle.framework/
2026-06-03T08:46:48.4451190Z x iPhoneOS16.5.sdk/System/Library/PrivateFrameworks/FamilyCircle.framework/FamilyCircle.tbd
2026-06-03T08:46:48.4451780Z x iPhoneOS16.5.sdk/System/Library/PrivateFrameworks/SoftPosReader.framework/
2026-06-03T08:46:48.4452380Z x iPhoneOS16.5.sdk/System/Library/PrivateFrameworks/SoftPosReader.framework/SoftPosReader.tbd
2026-06-03T08:46:48.4452980Z x iPhoneOS16.5.sdk/System/Library/PrivateFrameworks/WiFiVelocity.framework/
2026-06-03T08:46:48.4453570Z x iPhoneOS16.5.sdk/System/Library/PrivateFrameworks/WiFiVelocity.framework/WiFiVelocity.tbd
2026-06-03T08:46:48.4454230Z x iPhoneOS16.5.sdk/System/Library/PrivateFrameworks/SpeechRecognitionCommandAndControl.framework/
2026-06-03T08:46:48.4535930Z x iPhoneOS16.5.sdk/System/Library/PrivateFrameworks/SpeechRecognitionCommandAndControl.framework/SpeechRecognitionCommandAndControl.tbd
2026-06-03T08:46:48.4536860Z x iPhoneOS16.5.sdk/System/Library/PrivateFrameworks/AdminLite.framework/
2026-06-03T08:46:48.4537430Z x iPhoneOS16.5.sdk/System/Library/PrivateFrameworks/AdminLite.framework/AdminLite.tbd
2026-06-03T08:46:48.4538000Z x iPhoneOS16.5.sdk/System/Library/PrivateFrameworks/RTCReporting.framework/
2026-06-03T08:46:48.4538620Z x iPhoneOS16.5.sdk/System/Library/PrivateFrameworks/RTCReporting.framework/RTCReporting.tbd
2026-06-03T08:46:48.4539240Z x iPhoneOS16.5.sdk/System/Library/PrivateFrameworks/SiriAudioInternal.framework/
2026-06-03T08:46:48.4539880Z x iPhoneOS16.5.sdk/System/Library/PrivateFrameworks/SiriAudioInternal.framework/SiriAudioInternal.tbd
2026-06-03T08:46:48.4540520Z x iPhoneOS16.5.sdk/System/Library/PrivateFrameworks/FeedbackLogger.framework/
2026-06-03T08:46:48.4541320Z x iPhoneOS16.5.sdk/System/Library/PrivateFrameworks/FeedbackLogger.framework/FeedbackLogger.tbd
2026-06-03T08:46:48.4541950Z x iPhoneOS16.5.sdk/System/Library/PrivateFrameworks/VisualLogger.framework/
2026-06-03T08:46:48.4542670Z x iPhoneOS16.5.sdk/System/Library/PrivateFrameworks/VisualLogger.framework/VisualLogger.tbd
2026-06-03T08:46:48.4544220Z x iPhoneOS16.5.sdk/System/Library/PrivateFrameworks/SiriOntologyProtobuf.framework/
2026-06-03T08:46:48.4544970Z x iPhoneOS16.5.sdk/System/Library/PrivateFrameworks/SiriOntologyProtobuf.framework/SiriOntologyProtobuf.tbd
2026-06-03T08:46:48.4545720Z x iPhoneOS16.5.sdk/System/Library/PrivateFrameworks/BiomeLibrary.framework/
2026-06-03T08:46:48.4546510Z x iPhoneOS16.5.sdk/System/Library/PrivateFrameworks/BiomeLibrary.framework/BiomeLibrary.tbd
2026-06-03T08:46:48.4547140Z x iPhoneOS16.5.sdk/System/Library/PrivateFrameworks/HomeAutomationInternal.framework/
2026-06-03T08:46:48.4548020Z x iPhoneOS16.5.sdk/System/Library/PrivateFrameworks/HomeAutomationInternal.framework/HomeAutomationInternal.tbd
2026-06-03T08:46:48.4548690Z x iPhoneOS16.5.sdk/System/Library/PrivateFrameworks/H13ISPServices.framework/
2026-06-03T08:46:48.4549290Z x iPhoneOS16.5.sdk/System/Library/PrivateFrameworks/H13ISPServices.framework/H13ISPServices.tbd
2026-06-03T08:46:48.4550120Z x iPhoneOS16.5.sdk/System/Library/PrivateFrameworks/AccessibilityAudit.framework/
2026-06-03T08:46:48.4551380Z x iPhoneOS16.5.sdk/System/Library/PrivateFrameworks/AccessibilityAudit.framework/AccessibilityAudit.tbd
2026-06-03T08:46:48.4552110Z x iPhoneOS16.5.sdk/System/Library/PrivateFrameworks/SessionSQL.framework/
2026-06-03T08:46:48.4553050Z x iPhoneOS16.5.sdk/System/Library/PrivateFrameworks/SessionSQL.framework/SessionSQL.tbd
2026-06-03T08:46:48.4553640Z x iPhoneOS16.5.sdk/System/Library/PrivateFrameworks/FeedbackCore.framework/
2026-06-03T08:46:48.4554230Z x iPhoneOS16.5.sdk/System/Library/PrivateFrameworks/FeedbackCore.framework/FeedbackCore.tbd
2026-06-03T08:46:48.4554860Z x iPhoneOS16.5.sdk/System/Library/PrivateFrameworks/HealthMenstrualCyclesUI.framework/
2026-06-03T08:46:48.4555750Z x iPhoneOS16.5.sdk/System/Library/PrivateFrameworks/HealthMenstrualCyclesUI.framework/HealthMenstrualCyclesUI.tbd
2026-06-03T08:46:48.4556880Z x iPhoneOS16.5.sdk/System/Library/PrivateFrameworks/MagnifierSupport.framework/
2026-06-03T08:46:48.4557390Z x iPhoneOS16.5.sdk/System/Library/PrivateFrameworks/MagnifierSupport.framework/MagnifierSupport.tbd
2026-06-03T08:46:48.4558050Z x iPhoneOS16.5.sdk/System/Library/PrivateFrameworks/iCloudSubscriptionOptimizerCore.framework/
2026-06-03T08:46:48.4558720Z x iPhoneOS16.5.sdk/System/Library/PrivateFrameworks/iCloudSubscriptionOptimizerCore.framework/iCloudSubscriptionOptimizerCore.tbd
2026-06-03T08:46:48.4559330Z x iPhoneOS16.5.sdk/System/Library/PrivateFrameworks/BrailleTranslation.framework/
2026-06-03T08:46:48.4560180Z x iPhoneOS16.5.sdk/System/Library/PrivateFrameworks/BrailleTranslation.framework/BrailleTranslation.tbd
2026-06-03T08:46:48.4560890Z x iPhoneOS16.5.sdk/System/Library/PrivateFrameworks/Coherence.framework/
2026-06-03T08:46:48.4561340Z x iPhoneOS16.5.sdk/System/Library/PrivateFrameworks/Coherence.framework/Coherence.tbd
2026-06-03T08:46:48.4561820Z x iPhoneOS16.5.sdk/System/Library/PrivateFrameworks/TelephonyPreferences.framework/
2026-06-03T08:46:48.4562380Z x iPhoneOS16.5.sdk/System/Library/PrivateFrameworks/TelephonyPreferences.framework/TelephonyPreferences.tbd
2026-06-03T08:46:48.4562900Z x iPhoneOS16.5.sdk/System/Library/PrivateFrameworks/UnityPoster.framework/
2026-06-03T08:46:48.4563350Z x iPhoneOS16.5.sdk/System/Library/PrivateFrameworks/UnityPoster.framework/UnityPoster.tbd
2026-06-03T08:46:48.4563830Z x iPhoneOS16.5.sdk/System/Library/PrivateFrameworks/CoreServicesInternal.framework/
2026-06-03T08:46:48.4564370Z x iPhoneOS16.5.sdk/System/Library/PrivateFrameworks/CoreServicesInternal.framework/CoreServicesInternal.tbd
2026-06-03T08:46:48.4565000Z x iPhoneOS16.5.sdk/System/Library/PrivateFrameworks/iCloudSubscriptionOptimizerLighthouse.framework/
2026-06-03T08:46:48.4565870Z x iPhoneOS16.5.sdk/System/Library/PrivateFrameworks/iCloudSubscriptionOptimizerLighthouse.framework/iCloudSubscriptionOptimizerLighthouse.tbd
2026-06-03T08:46:48.4566490Z x iPhoneOS16.5.sdk/System/Library/PrivateFrameworks/Chirp.framework/
2026-06-03T08:46:48.4566890Z x iPhoneOS16.5.sdk/System/Library/PrivateFrameworks/Chirp.framework/Chirp.tbd
2026-06-03T08:46:48.4567310Z x iPhoneOS16.5.sdk/System/Library/PrivateFrameworks/NanoPhotosCore.framework/
2026-06-03T08:46:48.4567790Z x iPhoneOS16.5.sdk/System/Library/PrivateFrameworks/NanoPhotosCore.framework/NanoPhotosCore.tbd
2026-06-03T08:46:48.4568300Z x iPhoneOS16.5.sdk/System/Library/PrivateFrameworks/SoftwareUpdateBridge.framework/
2026-06-03T08:46:48.4568840Z x iPhoneOS16.5.sdk/System/Library/PrivateFrameworks/SoftwareUpdateBridge.framework/SoftwareUpdateBridge.tbd
2026-06-03T08:46:48.4569350Z x iPhoneOS16.5.sdk/System/Library/PrivateFrameworks/ZoomServices.framework/
2026-06-03T08:46:48.4570020Z x iPhoneOS16.5.sdk/System/Library/PrivateFrameworks/ZoomServices.framework/ZoomServices.tbd
2026-06-03T08:46:48.4570480Z x iPhoneOS16.5.sdk/System/Library/PrivateFrameworks/ShazamKitUI.framework/
2026-06-03T08:46:48.4570940Z x iPhoneOS16.5.sdk/System/Library/PrivateFrameworks/ShazamKitUI.framework/ShazamKitUI.tbd
2026-06-03T08:46:48.4571400Z x iPhoneOS16.5.sdk/System/Library/PrivateFrameworks/AirPlaySender.framework/
2026-06-03T08:46:48.4571870Z x iPhoneOS16.5.sdk/System/Library/PrivateFrameworks/AirPlaySender.framework/AirPlaySender.tbd
2026-06-03T08:46:48.4572360Z x iPhoneOS16.5.sdk/System/Library/PrivateFrameworks/NanoSystemSettings.framework/
2026-06-03T08:46:48.4572920Z x iPhoneOS16.5.sdk/System/Library/PrivateFrameworks/NanoSystemSettings.framework/NanoSystemSettings.tbd
2026-06-03T08:46:48.4573560Z x iPhoneOS16.5.sdk/System/Library/PrivateFrameworks/HomeKitDaemonLegacy.framework/
2026-06-03T08:46:48.4574100Z x iPhoneOS16.5.sdk/System/Library/PrivateFrameworks/HomeKitDaemonLegacy.framework/HomeKitDaemonLegacy.tbd
2026-06-03T08:46:48.4574690Z x iPhoneOS16.5.sdk/System/Library/PrivateFrameworks/ChronoCore.framework/
2026-06-03T08:46:48.4575130Z x iPhoneOS16.5.sdk/System/Library/PrivateFrameworks/ChronoCore.framework/ChronoCore.tbd
2026-06-03T08:46:48.4575670Z x iPhoneOS16.5.sdk/System/Library/PrivateFrameworks/ChronoCore.framework/Support/
2026-06-03T08:46:48.4576230Z x iPhoneOS16.5.sdk/System/Library/PrivateFrameworks/ChronoCore.framework/Support/WidgetPreviewsSupport.framework/
2026-06-03T08:46:48.4577060Z x iPhoneOS16.5.sdk/System/Library/PrivateFrameworks/ChronoCore.framework/Support/WidgetPreviewsSupport.framework/WidgetPreviewsSupport.tbd
2026-06-03T08:46:48.4577830Z x iPhoneOS16.5.sdk/System/Library/PrivateFrameworks/ChronoCore.framework/Support/WidgetPreviewsExtensionAgent.bundle/
2026-06-03T08:46:48.4578640Z x iPhoneOS16.5.sdk/System/Library/PrivateFrameworks/ChronoCore.framework/Support/WidgetPreviewsExtensionAgent.bundle/WidgetPreviewsExtensionAgent.tbd
2026-06-03T08:46:48.4579320Z x iPhoneOS16.5.sdk/System/Library/PrivateFrameworks/ScreenshotServices.framework/
2026-06-03T08:46:48.4579860Z x iPhoneOS16.5.sdk/System/Library/PrivateFrameworks/ScreenshotServices.framework/ScreenshotServices.tbd
2026-06-03T08:46:48.4580400Z x iPhoneOS16.5.sdk/System/Library/PrivateFrameworks/AXElementInteraction.framework/
2026-06-03T08:46:48.4580950Z x iPhoneOS16.5.sdk/System/Library/PrivateFrameworks/AXElementInteraction.framework/AXElementInteraction.tbd
2026-06-03T08:46:48.4581530Z x iPhoneOS16.5.sdk/System/Library/PrivateFrameworks/Settings/
2026-06-03T08:46:48.4581960Z x iPhoneOS16.5.sdk/System/Library/PrivateFrameworks/Settings/SettingsUIKitPrivate.framework/
2026-06-03T08:46:48.4582580Z x iPhoneOS16.5.sdk/System/Library/PrivateFrameworks/Settings/SettingsUIKitPrivate.framework/SettingsUIKitPrivate.tbd
2026-06-03T08:46:48.4583200Z x iPhoneOS16.5.sdk/System/Library/PrivateFrameworks/Settings/SoundsAndHapticsSettings.framework/
2026-06-03T08:46:48.4583860Z x iPhoneOS16.5.sdk/System/Library/PrivateFrameworks/Settings/SoundsAndHapticsSettings.framework/SoundsAndHapticsSettings.tbd
2026-06-03T08:46:48.4584630Z x iPhoneOS16.5.sdk/System/Library/PrivateFrameworks/Settings/GeneralSettingsUI.framework/
2026-06-03T08:46:48.4585220Z x iPhoneOS16.5.sdk/System/Library/PrivateFrameworks/Settings/GeneralSettingsUI.framework/GeneralSettingsUI.tbd
2026-06-03T08:46:48.4585800Z x iPhoneOS16.5.sdk/System/Library/PrivateFrameworks/Settings/PrivacySettingsUI.framework/
2026-06-03T08:46:48.4586480Z x iPhoneOS16.5.sdk/System/Library/PrivateFrameworks/Settings/PrivacySettingsUI.framework/PrivacySettingsUI.tbd
2026-06-03T08:46:48.4587190Z x iPhoneOS16.5.sdk/System/Library/PrivateFrameworks/Settings/DisplayAndBrightnessSettings.framework/
2026-06-03T08:46:48.4589220Z x iPhoneOS16.5.sdk/System/Library/PrivateFrameworks/Settings/DisplayAndBrightnessSettings.framework/DisplayAndBrightnessSettings.tbd
2026-06-03T08:46:48.4589900Z x iPhoneOS16.5.sdk/System/Library/PrivateFrameworks/Settings/WallpaperSettings.framework/
2026-06-03T08:46:48.4590680Z x iPhoneOS16.5.sdk/System/Library/PrivateFrameworks/Settings/WallpaperSettings.framework/WallpaperSettings.tbd
2026-06-03T08:46:48.4591330Z x iPhoneOS16.5.sdk/System/Library/PrivateFrameworks/Settings/LegalAndRegulatorySettingsPrivate.framework/
2026-06-03T08:46:48.4592080Z x iPhoneOS16.5.sdk/System/Library/PrivateFrameworks/Settings/LegalAndRegulatorySettingsPrivate.framework/LegalAndRegulatorySettingsPrivate.tbd
2026-06-03T08:46:48.4592760Z x iPhoneOS16.5.sdk/System/Library/PrivateFrameworks/SiriExpanseInternal.framework/
2026-06-03T08:46:48.4593300Z x iPhoneOS16.5.sdk/System/Library/PrivateFrameworks/SiriExpanseInternal.framework/SiriExpanseInternal.tbd
2026-06-03T08:46:48.4593810Z x iPhoneOS16.5.sdk/System/Library/PrivateFrameworks/UVFSXPCService.framework/
2026-06-03T08:46:48.4594310Z x iPhoneOS16.5.sdk/System/Library/PrivateFrameworks/UVFSXPCService.framework/UVFSXPCService.tbd
2026-06-03T08:46:48.4594860Z x iPhoneOS16.5.sdk/System/Library/PrivateFrameworks/CoreEmbeddedSpeechRecognition.framework/
2026-06-03T08:46:48.4595520Z x iPhoneOS16.5.sdk/System/Library/PrivateFrameworks/CoreEmbeddedSpeechRecognition.framework/CoreEmbeddedSpeechRecognition.tbd
2026-06-03T08:46:48.4596150Z x iPhoneOS16.5.sdk/System/Library/PrivateFrameworks/TailspinSymbolication.framework/
2026-06-03T08:46:48.4596720Z x iPhoneOS16.5.sdk/System/Library/PrivateFrameworks/TailspinSymbolication.framework/TailspinSymbolication.tbd
2026-06-03T08:46:48.4597250Z x iPhoneOS16.5.sdk/System/Library/PrivateFrameworks/MobileSafariUI.framework/
2026-06-03T08:46:48.4597730Z x iPhoneOS16.5.sdk/System/Library/PrivateFrameworks/MobileSafariUI.framework/MobileSafariUI.tbd
2026-06-03T08:46:48.4598220Z x iPhoneOS16.5.sdk/System/Library/PrivateFrameworks/_JetUI_SwiftUI.framework/
2026-06-03T08:46:48.4598700Z x iPhoneOS16.5.sdk/System/Library/PrivateFrameworks/_JetUI_SwiftUI.framework/_JetUI_SwiftUI.tbd
2026-06-03T08:46:48.4599160Z x iPhoneOS16.5.sdk/System/Library/PrivateFrameworks/MediaAnalysis.framework/
2026-06-03T08:46:48.4599640Z x iPhoneOS16.5.sdk/System/Library/PrivateFrameworks/MediaAnalysis.framework/MediaAnalysis.tbd
2026-06-03T08:46:48.4600130Z x iPhoneOS16.5.sdk/System/Library/PrivateFrameworks/RelativeMotion.framework/
2026-06-03T08:46:48.4600610Z x iPhoneOS16.5.sdk/System/Library/PrivateFrameworks/RelativeMotion.framework/RelativeMotion.tbd
2026-06-03T08:46:48.4601080Z x iPhoneOS16.5.sdk/System/Library/PrivateFrameworks/ToneLibrary.framework/
2026-06-03T08:46:48.4601540Z x iPhoneOS16.5.sdk/System/Library/PrivateFrameworks/ToneLibrary.framework/ToneLibrary.tbd
2026-06-03T08:46:48.4602010Z x iPhoneOS16.5.sdk/System/Library/PrivateFrameworks/VoiceServices.framework/
2026-06-03T08:46:48.4602490Z x iPhoneOS16.5.sdk/System/Library/PrivateFrameworks/VoiceServices.framework/VoiceServices.tbd
2026-06-03T08:46:48.4602990Z x iPhoneOS16.5.sdk/System/Library/PrivateFrameworks/VoiceServices.framework/Support/
2026-06-03T08:46:48.4603510Z x iPhoneOS16.5.sdk/System/Library/PrivateFrameworks/VoiceServices.framework/Support/libvoiced_tts.tbd
2026-06-03T08:46:48.4604030Z x iPhoneOS16.5.sdk/System/Library/PrivateFrameworks/HealthExperienceUI.framework/
2026-06-03T08:46:48.4604630Z x iPhoneOS16.5.sdk/System/Library/PrivateFrameworks/HealthExperienceUI.framework/HealthExperienceUI.tbd
2026-06-03T08:46:48.4605140Z x iPhoneOS16.5.sdk/System/Library/PrivateFrameworks/MobileWiFi.framework/
2026-06-03T08:46:48.4605700Z x iPhoneOS16.5.sdk/System/Library/PrivateFrameworks/MobileWiFi.framework/MobileWiFi.tbd
2026-06-03T08:46:48.4606330Z x iPhoneOS16.5.sdk/System/Library/PrivateFrameworks/ODCurareEvaluationAndReporting.framework/
2026-06-03T08:46:48.4606980Z x iPhoneOS16.5.sdk/System/Library/PrivateFrameworks/ODCurareEvaluationAndReporting.framework/ODCurareEvaluationAndReporting.tbd
2026-06-03T08:46:48.4607570Z x iPhoneOS16.5.sdk/System/Library/PrivateFrameworks/SoftLinking.framework/
2026-06-03T08:46:48.4608010Z x iPhoneOS16.5.sdk/System/Library/PrivateFrameworks/SoftLinking.framework/SoftLinking.tbd
2026-06-03T08:46:48.4608560Z x iPhoneOS16.5.sdk/System/Library/PrivateFrameworks/SiriSuggestions.framework/
2026-06-03T08:46:48.4609050Z x iPhoneOS16.5.sdk/System/Library/PrivateFrameworks/SiriSuggestions.framework/SiriSuggestions.tbd
2026-06-03T08:46:48.4609650Z x iPhoneOS16.5.sdk/System/Library/PrivateFrameworks/ClockComplications.framework/
2026-06-03T08:46:48.4610320Z x iPhoneOS16.5.sdk/System/Library/PrivateFrameworks/ClockComplications.framework/ClockComplications.tbd
2026-06-03T08:46:48.4610840Z x iPhoneOS16.5.sdk/System/Library/PrivateFrameworks/MDMClientLibrary.framework/
2026-06-03T08:46:48.4611390Z x iPhoneOS16.5.sdk/System/Library/PrivateFrameworks/MDMClientLibrary.framework/MDMClientLibrary.tbd
2026-06-03T08:46:48.4611880Z x iPhoneOS16.5.sdk/System/Library/PrivateFrameworks/ACTFramework.framework/
2026-06-03T08:46:48.4612340Z x iPhoneOS16.5.sdk/System/Library/PrivateFrameworks/ACTFramework.framework/ACTFramework.tbd
2026-06-03T08:46:48.4612790Z x iPhoneOS16.5.sdk/System/Library/PrivateFrameworks/ARKitUI.framework/
2026-06-03T08:46:48.4613200Z x iPhoneOS16.5.sdk/System/Library/PrivateFrameworks/ARKitUI.framework/ARKitUI.tbd
2026-06-03T08:46:48.4613610Z x iPhoneOS16.5.sdk/System/Library/PrivateFrameworks/Home.framework/
2026-06-03T08:46:48.4614100Z x iPhoneOS16.5.sdk/System/Library/PrivateFrameworks/Home.framework/Home.tbd
2026-06-03T08:46:48.4614500Z x iPhoneOS16.5.sdk/System/Library/PrivateFrameworks/NotesSupport.framework/
2026-06-03T08:46:48.4614960Z x iPhoneOS16.5.sdk/System/Library/PrivateFrameworks/NotesSupport.framework/NotesSupport.tbd
2026-06-03T08:46:48.4615430Z x iPhoneOS16.5.sdk/System/Library/PrivateFrameworks/AppPredictionUI.framework/
2026-06-03T08:46:48.4615920Z x iPhoneOS16.5.sdk/System/Library/PrivateFrameworks/AppPredictionUI.framework/AppPredictionUI.tbd
2026-06-03T08:46:48.4616430Z x iPhoneOS16.5.sdk/System/Library/PrivateFrameworks/CommandAndControlUI.framework/
2026-06-03T08:46:48.4616960Z x iPhoneOS16.5.sdk/System/Library/PrivateFrameworks/CommandAndControlUI.framework/CommandAndControlUI.tbd
2026-06-03T08:46:48.4617470Z x iPhoneOS16.5.sdk/System/Library/PrivateFrameworks/KoaMapper.framework/
2026-06-03T08:46:48.4617910Z x iPhoneOS16.5.sdk/System/Library/PrivateFrameworks/KoaMapper.framework/KoaMapper.tbd
2026-06-03T08:46:48.4618690Z x iPhoneOS16.5.sdk/System/Library/PrivateFrameworks/AssetCacheServices.framework/
2026-06-03T08:46:48.4619240Z x iPhoneOS16.5.sdk/System/Library/PrivateFrameworks/AssetCacheServices.framework/AssetCacheServices.tbd
2026-06-03T08:46:48.4619740Z x iPhoneOS16.5.sdk/System/Library/PrivateFrameworks/BannerKit.framework/
2026-06-03T08:46:48.4620160Z x iPhoneOS16.5.sdk/System/Library/PrivateFrameworks/BannerKit.framework/BannerKit.tbd
2026-06-03T08:46:48.4620590Z x iPhoneOS16.5.sdk/System/Library/PrivateFrameworks/RemoteHID.framework/
2026-06-03T08:46:48.4621010Z x iPhoneOS16.5.sdk/System/Library/PrivateFrameworks/RemoteHID.framework/RemoteHID.tbd
2026-06-03T08:46:48.4621450Z x iPhoneOS16.5.sdk/System/Library/PrivateFrameworks/ExchangeSync.framework/
2026-06-03T08:46:48.4621920Z x iPhoneOS16.5.sdk/System/Library/PrivateFrameworks/ExchangeSync.framework/ExchangeSync.tbd
2026-06-03T08:46:48.4622550Z x iPhoneOS16.5.sdk/System/Library/PrivateFrameworks/ExchangeSync.framework/Frameworks/
2026-06-03T08:46:48.4623090Z x iPhoneOS16.5.sdk/System/Library/PrivateFrameworks/ExchangeSync.framework/Frameworks/DAEAS.framework/
2026-06-03T08:46:48.4623690Z x iPhoneOS16.5.sdk/System/Library/PrivateFrameworks/ExchangeSync.framework/Frameworks/DAEAS.framework/DAEAS.tbd
2026-06-03T08:46:48.4624330Z x iPhoneOS16.5.sdk/System/Library/PrivateFrameworks/ExchangeSync.framework/Frameworks/ESDaemonSupport.framework/
2026-06-03T08:46:48.4625030Z x iPhoneOS16.5.sdk/System/Library/PrivateFrameworks/ExchangeSync.framework/Frameworks/ESDaemonSupport.framework/ESDaemonSupport.tbd
2026-06-03T08:46:48.4625680Z x iPhoneOS16.5.sdk/System/Library/PrivateFrameworks/DASDelegate.framework/
2026-06-03T08:46:48.4626670Z x iPhoneOS16.5.sdk/System/Library/PrivateFrameworks/DASDelegate.framework/DASDelegate.tbd
2026-06-03T08:46:48.4627290Z x iPhoneOS16.5.sdk/System/Library/PrivateFrameworks/SafariFoundation.framework/
2026-06-03T08:46:48.4627810Z x iPhoneOS16.5.sdk/System/Library/PrivateFrameworks/SafariFoundation.framework/SafariFoundation.tbd
2026-06-03T08:46:48.4628290Z x iPhoneOS16.5.sdk/System/Library/PrivateFrameworks/Phoenix.framework/
2026-06-03T08:46:48.4628710Z x iPhoneOS16.5.sdk/System/Library/PrivateFrameworks/Phoenix.framework/Phoenix.tbd
2026-06-03T08:46:48.4629140Z x iPhoneOS16.5.sdk/System/Library/PrivateFrameworks/AAAFoundation.framework/
2026-06-03T08:46:48.4629610Z x iPhoneOS16.5.sdk/System/Library/PrivateFrameworks/AAAFoundation.framework/AAAFoundation.tbd
2026-06-03T08:46:48.4630160Z x iPhoneOS16.5.sdk/System/Library/PrivateFrameworks/ShortcutUIKit.framework/
2026-06-03T08:46:48.4639120Z x iPhoneOS16.5.sdk/System/Library/PrivateFrameworks/ShortcutUIKit.framework/ShortcutUIKit.tbd
2026-06-03T08:46:48.4639750Z x iPhoneOS16.5.sdk/System/Library/PrivateFrameworks/UnifiedAssetFramework.framework/
2026-06-03T08:46:48.4640340Z x iPhoneOS16.5.sdk/System/Library/PrivateFrameworks/UnifiedAssetFramework.framework/UnifiedAssetFramework.tbd
2026-06-03T08:46:48.4641040Z x iPhoneOS16.5.sdk/System/Library/PrivateFrameworks/SoftwareUpdateServices.framework/
2026-06-03T08:46:48.4642470Z x iPhoneOS16.5.sdk/System/Library/PrivateFrameworks/SoftwareUpdateServices.framework/SoftwareUpdateServices.tbd
2026-06-03T08:46:48.4643050Z x iPhoneOS16.5.sdk/System/Library/PrivateFrameworks/MobileTimerSupport.framework/
2026-06-03T08:46:48.4643620Z x iPhoneOS16.5.sdk/System/Library/PrivateFrameworks/MobileTimerSupport.framework/MobileTimerSupport.tbd
2026-06-03T08:46:48.4644330Z x iPhoneOS16.5.sdk/System/Library/PrivateFrameworks/ProximityUI.framework/
2026-06-03T08:46:48.4644830Z x iPhoneOS16.5.sdk/System/Library/PrivateFrameworks/ProximityUI.framework/ProximityUI.tbd
2026-06-03T08:46:48.4645330Z x iPhoneOS16.5.sdk/System/Library/PrivateFrameworks/PreviewsInjection.framework/
2026-06-03T08:46:48.4645910Z x iPhoneOS16.5.sdk/System/Library/PrivateFrameworks/PreviewsInjection.framework/PreviewsInjection.tbd
2026-06-03T08:46:48.4646490Z x iPhoneOS16.5.sdk/System/Library/PrivateFrameworks/CommunicationsSetupUI.framework/
2026-06-03T08:46:48.4647140Z x iPhoneOS16.5.sdk/System/Library/PrivateFrameworks/CommunicationsSetupUI.framework/CommunicationsSetupUI.tbd
2026-06-03T08:46:48.4647720Z x iPhoneOS16.5.sdk/System/Library/PrivateFrameworks/HealthExposureNotificationUI.framework/
2026-06-03T08:46:48.4648490Z x iPhoneOS16.5.sdk/System/Library/PrivateFrameworks/HealthExposureNotificationUI.framework/HealthExposureNotificationUI.tbd
2026-06-03T08:46:48.4649250Z x iPhoneOS16.5.sdk/System/Library/PrivateFrameworks/GameControllerFoundation.framework/
2026-06-03T08:46:48.4649930Z x iPhoneOS16.5.sdk/System/Library/PrivateFrameworks/GameControllerFoundation.framework/GameControllerFoundation.tbd
2026-06-03T08:46:48.4650510Z x iPhoneOS16.5.sdk/System/Library/PrivateFrameworks/SpotlightLinguistics.framework/
2026-06-03T08:46:48.4651060Z x iPhoneOS16.5.sdk/System/Library/PrivateFrameworks/SpotlightLinguistics.framework/SpotlightLinguistics.tbd
2026-06-03T08:46:48.4651920Z x iPhoneOS16.5.sdk/System/Library/PrivateFrameworks/NotTheStoreKitUIFrameworkYouAreLookingFor.framework/
2026-06-03T08:46:48.4652710Z x iPhoneOS16.5.sdk/System/Library/PrivateFrameworks/NotTheStoreKitUIFrameworkYouAreLookingFor.framework/NotTheStoreKitUIFrameworkYouAreLookingFor.tbd
2026-06-03T08:46:48.4653470Z x iPhoneOS16.5.sdk/System/Library/PrivateFrameworks/IMFoundation.framework/
2026-06-03T08:46:48.4653930Z x iPhoneOS16.5.sdk/System/Library/PrivateFrameworks/IMFoundation.framework/IMFoundation.tbd
2026-06-03T08:46:48.4654400Z x iPhoneOS16.5.sdk/System/Library/PrivateFrameworks/CoreCDPInternal.framework/
2026-06-03T08:46:48.4654910Z x iPhoneOS16.5.sdk/System/Library/PrivateFrameworks/CoreCDPInternal.framework/CoreCDPInternal.tbd
2026-06-03T08:46:48.4655390Z x iPhoneOS16.5.sdk/System/Library/PrivateFrameworks/AppleKeyStore.framework/
2026-06-03T08:46:48.4655860Z x iPhoneOS16.5.sdk/System/Library/PrivateFrameworks/AppleKeyStore.framework/AppleKeyStore.tbd
2026-06-03T08:46:48.4656480Z x iPhoneOS16.5.sdk/System/Library/PrivateFrameworks/CoreRepairUI.framework/
2026-06-03T08:46:48.4656940Z x iPhoneOS16.5.sdk/System/Library/PrivateFrameworks/CoreRepairUI.framework/CoreRepairUI.tbd
2026-06-03T08:46:48.4657520Z x iPhoneOS16.5.sdk/System/Library/PrivateFrameworks/DataAccessExpress.framework/
2026-06-03T08:46:48.4658160Z x iPhoneOS16.5.sdk/System/Library/PrivateFrameworks/DataAccessExpress.framework/DataAccessExpress.tbd
2026-06-03T08:46:48.4658660Z x iPhoneOS16.5.sdk/System/Library/PrivateFrameworks/RunningBoard.framework/
2026-06-03T08:46:48.4659120Z x iPhoneOS16.5.sdk/System/Library/PrivateFrameworks/RunningBoard.framework/RunningBoard.tbd
2026-06-03T08:46:48.4659660Z x iPhoneOS16.5.sdk/System/Library/PrivateFrameworks/SiriUICore.framework/
2026-06-03T08:46:48.4660090Z x iPhoneOS16.5.sdk/System/Library/PrivateFrameworks/SiriUICore.framework/SiriUICore.tbd
2026-06-03T08:46:48.4660580Z x iPhoneOS16.5.sdk/System/Library/PrivateFrameworks/ProximityAppleIDSetupUI.framework/
2026-06-03T08:46:48.4661250Z x iPhoneOS16.5.sdk/System/Library/PrivateFrameworks/ProximityAppleIDSetupUI.framework/ProximityAppleIDSetupUI.tbd
2026-06-03T08:46:48.4661840Z x iPhoneOS16.5.sdk/System/Library/PrivateFrameworks/SiriVirtualDeviceResolution.framework/
2026-06-03T08:46:48.4662550Z x iPhoneOS16.5.sdk/System/Library/PrivateFrameworks/SiriVirtualDeviceResolution.framework/SiriVirtualDeviceResolution.tbd
2026-06-03T08:46:48.4663180Z x iPhoneOS16.5.sdk/System/Library/PrivateFrameworks/HumanUnderstandingFoundation.framework/
2026-06-03T08:46:48.4663890Z x iPhoneOS16.5.sdk/System/Library/PrivateFrameworks/HumanUnderstandingFoundation.framework/HumanUnderstandingFoundation.tbd
2026-06-03T08:46:48.4664460Z x iPhoneOS16.5.sdk/System/Library/PrivateFrameworks/JetUI.framework/
2026-06-03T08:46:48.4664860Z x iPhoneOS16.5.sdk/System/Library/PrivateFrameworks/JetUI.framework/JetUI.tbd
2026-06-03T08:46:48.4665300Z x iPhoneOS16.5.sdk/System/Library/PrivateFrameworks/IOAccessoryManager.framework/
2026-06-03T08:46:48.4666190Z x iPhoneOS16.5.sdk/System/Library/PrivateFrameworks/IOAccessoryManager.framework/IOAccessoryManager.tbd
2026-06-03T08:46:48.4666700Z x iPhoneOS16.5.sdk/System/Library/PrivateFrameworks/CalendarUIKit.framework/
2026-06-03T08:46:48.4667250Z x iPhoneOS16.5.sdk/System/Library/PrivateFrameworks/CalendarUIKit.framework/CalendarUIKit.tbd
2026-06-03T08:46:48.4667710Z x iPhoneOS16.5.sdk/System/Library/PrivateFrameworks/MobileLookup.framework/
2026-06-03T08:46:48.4668170Z x iPhoneOS16.5.sdk/System/Library/PrivateFrameworks/MobileLookup.framework/MobileLookup.tbd
2026-06-03T08:46:48.4668750Z x iPhoneOS16.5.sdk/System/Library/PrivateFrameworks/ProactiveSupportStubs.framework/
2026-06-03T08:46:48.4669310Z x iPhoneOS16.5.sdk/System/Library/PrivateFrameworks/ProactiveSupportStubs.framework/ProactiveSupportStubs.tbd
2026-06-03T08:46:48.4669930Z x iPhoneOS16.5.sdk/System/Library/PrivateFrameworks/SiriObservation.framework/
2026-06-03T08:46:48.4670480Z x iPhoneOS16.5.sdk/System/Library/PrivateFrameworks/SiriObservation.framework/SiriObservation.tbd
2026-06-03T08:46:48.4671590Z x iPhoneOS16.5.sdk/System/Library/PrivateFrameworks/CellularDataDiagnosticsSuite.framework/
2026-06-03T08:46:48.4672240Z x iPhoneOS16.5.sdk/System/Library/PrivateFrameworks/CellularDataDiagnosticsSuite.framework/CellularDataDiagnosticsSuite.tbd
2026-06-03T08:46:48.4672800Z x iPhoneOS16.5.sdk/System/Library/PrivateFrameworks/CoreNLP.framework/
2026-06-03T08:46:48.4673220Z x iPhoneOS16.5.sdk/System/Library/PrivateFrameworks/CoreNLP.framework/CoreNLP.tbd
2026-06-03T08:46:48.4673620Z x iPhoneOS16.5.sdk/System/Library/PrivateFrameworks/TVMLKit.framework/
2026-06-03T08:46:48.4674030Z x iPhoneOS16.5.sdk/System/Library/PrivateFrameworks/TVMLKit.framework/TVMLKit.tbd
2026-06-03T08:46:48.4674460Z x iPhoneOS16.5.sdk/System/Library/PrivateFrameworks/MediaControls.framework/
2026-06-03T08:46:48.4674920Z x iPhoneOS16.5.sdk/System/Library/PrivateFrameworks/MediaControls.framework/MediaControls.tbd
2026-06-03T08:46:48.4675470Z x iPhoneOS16.5.sdk/System/Library/PrivateFrameworks/PaymentUIBase.framework/
2026-06-03T08:46:48.4675940Z x iPhoneOS16.5.sdk/System/Library/PrivateFrameworks/PaymentUIBase.framework/PaymentUIBase.tbd
2026-06-03T08:46:48.4676460Z x iPhoneOS16.5.sdk/System/Library/PrivateFrameworks/PromotedContentPrediction.framework/
2026-06-03T08:46:48.4677120Z x iPhoneOS16.5.sdk/System/Library/PrivateFrameworks/PromotedContentPrediction.framework/PromotedContentPrediction.tbd
2026-06-03T08:46:48.4677680Z x iPhoneOS16.5.sdk/System/Library/PrivateFrameworks/SettingsUIKit.framework/
2026-06-03T08:46:48.4678150Z x iPhoneOS16.5.sdk/System/Library/PrivateFrameworks/SettingsUIKit.framework/SettingsUIKit.tbd
2026-06-03T08:46:48.4678640Z x iPhoneOS16.5.sdk/System/Library/PrivateFrameworks/iCloudNotification.framework/
2026-06-03T08:46:48.4679170Z x iPhoneOS16.5.sdk/System/Library/PrivateFrameworks/iCloudNotification.framework/iCloudNotification.tbd
2026-06-03T08:46:48.4679650Z x iPhoneOS16.5.sdk/System/Library/PrivateFrameworks/FMCore.framework/
2026-06-03T08:46:48.4680060Z x iPhoneOS16.5.sdk/System/Library/PrivateFrameworks/FMCore.framework/FMCore.tbd
2026-06-03T08:46:48.4680730Z x iPhoneOS16.5.sdk/System/Library/PrivateFrameworks/DiskImages.framework/
2026-06-03T08:46:48.4681180Z x iPhoneOS16.5.sdk/System/Library/PrivateFrameworks/DiskImages.framework/DiskImages.tbd
2026-06-03T08:46:48.4681610Z x iPhoneOS16.5.sdk/System/Library/PrivateFrameworks/DataAccess.framework/
2026-06-03T08:46:48.4682040Z x iPhoneOS16.5.sdk/System/Library/PrivateFrameworks/DataAccess.framework/Frameworks/
2026-06-03T08:46:48.4682570Z x iPhoneOS16.5.sdk/System/Library/PrivateFrameworks/DataAccess.framework/Frameworks/DACalDAV.framework/
2026-06-03T08:46:48.4683200Z x iPhoneOS16.5.sdk/System/Library/PrivateFrameworks/DataAccess.framework/Frameworks/DACalDAV.framework/DACalDAV.tbd
2026-06-03T08:46:48.4685130Z x iPhoneOS16.5.sdk/System/Library/PrivateFrameworks/DataAccess.framework/Frameworks/DACardDAV.framework/
2026-06-03T08:46:48.4685960Z x iPhoneOS16.5.sdk/System/Library/PrivateFrameworks/DataAccess.framework/Frameworks/DACardDAV.framework/DACardDAV.tbd
2026-06-03T08:46:48.4686630Z x iPhoneOS16.5.sdk/System/Library/PrivateFrameworks/DataAccess.framework/Frameworks/DADaemonSupport.framework/
2026-06-03T08:46:48.4687400Z x iPhoneOS16.5.sdk/System/Library/PrivateFrameworks/DataAccess.framework/Frameworks/DADaemonSupport.framework/DADaemonSupport.tbd
2026-06-03T08:46:48.4688740Z x iPhoneOS16.5.sdk/System/Library/PrivateFrameworks/DataAccess.framework/Frameworks/DALDAP.framework/
2026-06-03T08:46:48.4689350Z x iPhoneOS16.5.sdk/System/Library/PrivateFrameworks/DataAccess.framework/Frameworks/DALDAP.framework/DALDAP.tbd
2026-06-03T08:46:48.4689970Z x iPhoneOS16.5.sdk/System/Library/PrivateFrameworks/DataAccess.framework/Frameworks/DAIMAPNotes.framework/
2026-06-03T08:46:48.4690710Z x iPhoneOS16.5.sdk/System/Library/PrivateFrameworks/DataAccess.framework/Frameworks/DAIMAPNotes.framework/DAIMAPNotes.tbd
2026-06-03T08:46:48.4691360Z x iPhoneOS16.5.sdk/System/Library/PrivateFrameworks/DataAccess.framework/Frameworks/DASubCal.framework/
2026-06-03T08:46:48.4692180Z x iPhoneOS16.5.sdk/System/Library/PrivateFrameworks/DataAccess.framework/Frameworks/DASubCal.framework/DASubCal.tbd
2026-06-03T08:46:48.4693880Z x iPhoneOS16.5.sdk/System/Library/PrivateFrameworks/DataAccess.framework/Frameworks/DACoreDAVGlue.framework/
2026-06-03T08:46:48.4695770Z x iPhoneOS16.5.sdk/System/Library/PrivateFrameworks/DataAccess.framework/Frameworks/DACoreDAVGlue.framework/DACoreDAVGlue.tbd
2026-06-03T08:46:48.4697480Z x iPhoneOS16.5.sdk/System/Library/PrivateFrameworks/DataAccess.framework/DataAccess.tbd
2026-06-03T08:46:48.4698010Z x iPhoneOS16.5.sdk/System/Library/PrivateFrameworks/ActivityAchievementsDaemon.framework/
2026-06-03T08:46:48.4698630Z x iPhoneOS16.5.sdk/System/Library/PrivateFrameworks/ActivityAchievementsDaemon.framework/ActivityAchievementsDaemon.tbd
2026-06-03T08:46:48.4699180Z x iPhoneOS16.5.sdk/System/Library/PrivateFrameworks/IDS.framework/
2026-06-03T08:46:48.4699720Z x iPhoneOS16.5.sdk/System/Library/PrivateFrameworks/IDS.framework/IDS.tbd
2026-06-03T08:46:48.4700110Z x iPhoneOS16.5.sdk/System/Library/PrivateFrameworks/FocusUI.framework/
2026-06-03T08:46:48.4700600Z x iPhoneOS16.5.sdk/System/Library/PrivateFrameworks/FocusUI.framework/FocusUI.tbd
2026-06-03T08:46:48.4701060Z x iPhoneOS16.5.sdk/System/Library/PrivateFrameworks/GPUToolsDiagnostics.framework/
2026-06-03T08:46:48.4701590Z x iPhoneOS16.5.sdk/System/Library/PrivateFrameworks/GPUToolsDiagnostics.framework/GPUToolsDiagnostics.tbd
2026-06-03T08:46:48.4702090Z x iPhoneOS16.5.sdk/System/Library/PrivateFrameworks/NearField.framework/
2026-06-03T08:46:48.4702520Z x iPhoneOS16.5.sdk/System/Library/PrivateFrameworks/NearField.framework/NearField.tbd
2026-06-03T08:46:48.4703700Z x iPhoneOS16.5.sdk/System/Library/PrivateFrameworks/AssistantServices.framework/
2026-06-03T08:46:48.4704260Z x iPhoneOS16.5.sdk/System/Library/PrivateFrameworks/AssistantServices.framework/AssistantServices.tbd
2026-06-03T08:46:48.4704830Z x iPhoneOS16.5.sdk/System/Library/PrivateFrameworks/HealthRecordsConceptsSupport.framework/
2026-06-03T08:46:48.4705480Z x iPhoneOS16.5.sdk/System/Library/PrivateFrameworks/HealthRecordsConceptsSupport.framework/HealthRecordsConceptsSupport.tbd
2026-06-03T08:46:48.4707930Z x iPhoneOS16.5.sdk/System/Library/PrivateFrameworks/StatusKit.framework/
2026-06-03T08:46:48.4709370Z x iPhoneOS16.5.sdk/System/Library/PrivateFrameworks/StatusKit.framework/StatusKit.tbd
2026-06-03T08:46:48.4709890Z x iPhoneOS16.5.sdk/System/Library/PrivateFrameworks/DistributedEvaluation.framework/
2026-06-03T08:46:48.4710450Z x iPhoneOS16.5.sdk/System/Library/PrivateFrameworks/DistributedEvaluation.framework/DistributedEvaluation.tbd
2026-06-03T08:46:48.4710980Z x iPhoneOS16.5.sdk/System/Library/PrivateFrameworks/GeoServicesCore.framework/
2026-06-03T08:46:48.4711470Z x iPhoneOS16.5.sdk/System/Library/PrivateFrameworks/GeoServicesCore.framework/GeoServicesCore.tbd
2026-06-03T08:46:48.4712060Z x iPhoneOS16.5.sdk/System/Library/PrivateFrameworks/MTLCompiler.framework/
2026-06-03T08:46:48.4712710Z x iPhoneOS16.5.sdk/System/Library/PrivateFrameworks/MTLCompiler.framework/MTLCompiler.tbd
2026-06-03T08:46:48.4713240Z x iPhoneOS16.5.sdk/System/Library/PrivateFrameworks/MTLCompiler.framework/libMTLCompilerHelper.tbd
2026-06-03T08:46:48.4715500Z x iPhoneOS16.5.sdk/System/Library/PrivateFrameworks/SiriUIFoundation.framework/
2026-06-03T08:46:48.4717670Z x iPhoneOS16.5.sdk/System/Library/PrivateFrameworks/SiriUIFoundation.framework/SiriUIFoundation.tbd
2026-06-03T08:46:48.4718210Z x iPhoneOS16.5.sdk/System/Library/PrivateFrameworks/MusicSettingsSupport.framework/
2026-06-03T08:46:48.4718750Z x iPhoneOS16.5.sdk/System/Library/PrivateFrameworks/MusicSettingsSupport.framework/MusicSettingsSupport.tbd
2026-06-03T08:46:48.4719290Z x iPhoneOS16.5.sdk/System/Library/PrivateFrameworks/AppServerSupport.framework/
2026-06-03T08:46:48.4720450Z x iPhoneOS16.5.sdk/System/Library/PrivateFrameworks/AppServerSupport.framework/AppServerSupport.tbd
2026-06-03T08:46:48.4721160Z x iPhoneOS16.5.sdk/System/Library/PrivateFrameworks/InstalledContentLibrary.framework/
2026-06-03T08:46:48.4722060Z x iPhoneOS16.5.sdk/System/Library/PrivateFrameworks/InstalledContentLibrary.framework/InstalledContentLibrary.tbd
2026-06-03T08:46:48.4722660Z x iPhoneOS16.5.sdk/System/Library/PrivateFrameworks/SiriRequestDispatcher.framework/
2026-06-03T08:46:48.4723210Z x iPhoneOS16.5.sdk/System/Library/PrivateFrameworks/SiriRequestDispatcher.framework/SiriRequestDispatcher.tbd
2026-06-03T08:46:48.4723780Z x iPhoneOS16.5.sdk/System/Library/PrivateFrameworks/SessionPushNotifications.framework/
2026-06-03T08:46:48.4724360Z x iPhoneOS16.5.sdk/System/Library/PrivateFrameworks/SessionPushNotifications.framework/SessionPushNotifications.tbd
2026-06-03T08:46:48.4724990Z x iPhoneOS16.5.sdk/System/Library/PrivateFrameworks/AXLocalizationCaptionService.framework/
2026-06-03T08:46:48.4725620Z x iPhoneOS16.5.sdk/System/Library/PrivateFrameworks/AXLocalizationCaptionService.framework/AXLocalizationCaptionService.tbd
2026-06-03T08:46:48.4726340Z x iPhoneOS16.5.sdk/System/Library/PrivateFrameworks/ActivityAchievements.framework/
2026-06-03T08:46:48.4726890Z x iPhoneOS16.5.sdk/System/Library/PrivateFrameworks/ActivityAchievements.framework/ActivityAchievements.tbd
2026-06-03T08:46:48.4727420Z x iPhoneOS16.5.sdk/System/Library/PrivateFrameworks/SettingsCellular.framework/
2026-06-03T08:46:48.4727920Z x iPhoneOS16.5.sdk/System/Library/PrivateFrameworks/SettingsCellular.framework/SettingsCellular.tbd
2026-06-03T08:46:48.4728460Z x iPhoneOS16.5.sdk/System/Library/PrivateFrameworks/EmbeddedAcousticRecognition.framework/
2026-06-03T08:46:48.4729420Z x iPhoneOS16.5.sdk/System/Library/PrivateFrameworks/EmbeddedAcousticRecognition.framework/EmbeddedAcousticRecognition.tbd
2026-06-03T08:46:48.4730000Z x iPhoneOS16.5.sdk/System/Library/PrivateFrameworks/NanoPassKit.framework/
2026-06-03T08:46:48.4730470Z x iPhoneOS16.5.sdk/System/Library/PrivateFrameworks/NanoPassKit.framework/NanoPassKit.tbd
2026-06-03T08:46:48.4731720Z x iPhoneOS16.5.sdk/System/Library/PrivateFrameworks/IMDPersistence.framework/
2026-06-03T08:46:48.4733340Z x iPhoneOS16.5.sdk/System/Library/PrivateFrameworks/IMDPersistence.framework/IMDPersistence.tbd
2026-06-03T08:46:48.4734370Z x iPhoneOS16.5.sdk/System/Library/PrivateFrameworks/NewsAnalyticsUpload.framework/
2026-06-03T08:46:48.4734910Z x iPhoneOS16.5.sdk/System/Library/PrivateFrameworks/NewsAnalyticsUpload.framework/NewsAnalyticsUpload.tbd
2026-06-03T08:46:48.4735430Z x iPhoneOS16.5.sdk/System/Library/PrivateFrameworks/MapsSuggestions.framework/
2026-06-03T08:46:48.4735930Z x iPhoneOS16.5.sdk/System/Library/PrivateFrameworks/MapsSuggestions.framework/MapsSuggestions.tbd
2026-06-03T08:46:48.4736390Z x iPhoneOS16.5.sdk/System/Library/PrivateFrameworks/People.framework/
2026-06-03T08:46:48.4736790Z x iPhoneOS16.5.sdk/System/Library/PrivateFrameworks/People.framework/People.tbd
2026-06-03T08:46:48.4737250Z x iPhoneOS16.5.sdk/System/Library/PrivateFrameworks/SiriSuggestionsSupport.framework/
2026-06-03T08:46:48.4737830Z x iPhoneOS16.5.sdk/System/Library/PrivateFrameworks/SiriSuggestionsSupport.framework/SiriSuggestionsSupport.tbd
2026-06-03T08:46:48.4738360Z x iPhoneOS16.5.sdk/System/Library/PrivateFrameworks/iCalendar.framework/
2026-06-03T08:46:48.4738810Z x iPhoneOS16.5.sdk/System/Library/PrivateFrameworks/iCalendar.framework/iCalendar.tbd
2026-06-03T08:46:48.4739250Z x iPhoneOS16.5.sdk/System/Library/PrivateFrameworks/FitnessUI.framework/
2026-06-03T08:46:48.4739670Z x iPhoneOS16.5.sdk/System/Library/PrivateFrameworks/FitnessUI.framework/FitnessUI.tbd
2026-06-03T08:46:48.4740140Z x iPhoneOS16.5.sdk/System/Library/PrivateFrameworks/IMDMessageServices.framework/
2026-06-03T08:46:48.4740660Z x iPhoneOS16.5.sdk/System/Library/PrivateFrameworks/IMDMessageServices.framework/IMDMessageServices.tbd
2026-06-03T08:46:48.4741150Z x iPhoneOS16.5.sdk/System/Library/PrivateFrameworks/ARKitCore.framework/
2026-06-03T08:46:48.4741580Z x iPhoneOS16.5.sdk/System/Library/PrivateFrameworks/ARKitCore.framework/ARKitCore.tbd
2026-06-03T08:46:48.4742060Z x iPhoneOS16.5.sdk/System/Library/PrivateFrameworks/AIMLInstrumentationStreams.framework/
2026-06-03T08:46:48.4742790Z x iPhoneOS16.5.sdk/System/Library/PrivateFrameworks/AIMLInstrumentationStreams.framework/AIMLInstrumentationStreams.tbd
2026-06-03T08:46:48.4743400Z x iPhoneOS16.5.sdk/System/Library/PrivateFrameworks/_Coherence_CloudKit_Private.framework/
2026-06-03T08:46:48.4743990Z x iPhoneOS16.5.sdk/System/Library/PrivateFrameworks/_Coherence_CloudKit_Private.framework/_Coherence_CloudKit_Private.tbd
2026-06-03T08:46:48.4744730Z x iPhoneOS16.5.sdk/System/Library/PrivateFrameworks/ContainerManagerCommon.framework/
2026-06-03T08:46:48.4745400Z x iPhoneOS16.5.sdk/System/Library/PrivateFrameworks/ContainerManagerCommon.framework/ContainerManagerCommon.tbd
2026-06-03T08:46:48.4745940Z x iPhoneOS16.5.sdk/System/Library/PrivateFrameworks/SleepHealthUI.framework/
2026-06-03T08:46:48.4746420Z x iPhoneOS16.5.sdk/System/Library/PrivateFrameworks/SleepHealthUI.framework/SleepHealthUI.tbd
2026-06-03T08:46:48.4747850Z x iPhoneOS16.5.sdk/System/Library/PrivateFrameworks/HomeKitMetrics.framework/
2026-06-03T08:46:48.4748330Z x iPhoneOS16.5.sdk/System/Library/PrivateFrameworks/HomeKitMetrics.framework/HomeKitMetrics.tbd
2026-06-03T08:46:48.4748810Z x iPhoneOS16.5.sdk/System/Library/PrivateFrameworks/WatchReplies.framework/
2026-06-03T08:46:48.4749270Z x iPhoneOS16.5.sdk/System/Library/PrivateFrameworks/WatchReplies.framework/WatchReplies.tbd
2026-06-03T08:46:48.4749780Z x iPhoneOS16.5.sdk/System/Library/PrivateFrameworks/LiveExecutionResultsProbe.framework/
2026-06-03T08:46:48.4750370Z x iPhoneOS16.5.sdk/System/Library/PrivateFrameworks/LiveExecutionResultsProbe.framework/LiveExecutionResultsProbe.tbd
2026-06-03T08:46:48.4750910Z x iPhoneOS16.5.sdk/System/Library/PrivateFrameworks/AMPCoreUI.framework/
2026-06-03T08:46:48.4751340Z x iPhoneOS16.5.sdk/System/Library/PrivateFrameworks/AMPCoreUI.framework/AMPCoreUI.tbd
2026-06-03T08:46:48.4751830Z x iPhoneOS16.5.sdk/System/Library/PrivateFrameworks/LatentSemanticMapping.framework/
2026-06-03T08:46:48.4752390Z x iPhoneOS16.5.sdk/System/Library/PrivateFrameworks/LatentSemanticMapping.framework/LatentSemanticMapping.tbd
2026-06-03T08:46:48.4752910Z x iPhoneOS16.5.sdk/System/Library/PrivateFrameworks/PosterBoard.framework/
2026-06-03T08:46:48.4753430Z x iPhoneOS16.5.sdk/System/Library/PrivateFrameworks/PosterBoard.framework/PosterBoard.tbd
2026-06-03T08:46:48.4753880Z x iPhoneOS16.5.sdk/System/Library/PrivateFrameworks/HoverTextUI.framework/
2026-06-03T08:46:48.4754330Z x iPhoneOS16.5.sdk/System/Library/PrivateFrameworks/HoverTextUI.framework/HoverTextUI.tbd
2026-06-03T08:46:48.4754790Z x iPhoneOS16.5.sdk/System/Library/PrivateFrameworks/TypologyAccess.framework/
2026-06-03T08:46:48.4755380Z x iPhoneOS16.5.sdk/System/Library/PrivateFrameworks/TypologyAccess.framework/TypologyAccess.tbd
2026-06-03T08:46:48.4757350Z x iPhoneOS16.5.sdk/System/Library/PrivateFrameworks/PhotosGraph.framework/
2026-06-03T08:46:48.4757830Z x iPhoneOS16.5.sdk/System/Library/PrivateFrameworks/PhotosGraph.framework/PhotosGraph.tbd
2026-06-03T08:46:48.4758320Z x iPhoneOS16.5.sdk/System/Library/PrivateFrameworks/WeatherAnalytics.framework/
2026-06-03T08:46:48.4758820Z x iPhoneOS16.5.sdk/System/Library/PrivateFrameworks/WeatherAnalytics.framework/WeatherAnalytics.tbd
2026-06-03T08:46:48.4759320Z x iPhoneOS16.5.sdk/System/Library/PrivateFrameworks/GraphicsServices.framework/
2026-06-03T08:46:48.4759820Z x iPhoneOS16.5.sdk/System/Library/PrivateFrameworks/GraphicsServices.framework/GraphicsServices.tbd
2026-06-03T08:46:48.4760320Z x iPhoneOS16.5.sdk/System/Library/PrivateFrameworks/KnowledgeGraphKit.framework/
2026-06-03T08:46:48.4760830Z x iPhoneOS16.5.sdk/System/Library/PrivateFrameworks/KnowledgeGraphKit.framework/KnowledgeGraphKit.tbd
2026-06-03T08:46:48.4761930Z x iPhoneOS16.5.sdk/System/Library/PrivateFrameworks/PreviewsFoundation.framework/
2026-06-03T08:46:48.4763150Z x iPhoneOS16.5.sdk/System/Library/PrivateFrameworks/PreviewsFoundation.framework/PreviewsFoundation.tbd
2026-06-03T08:46:48.4763680Z x iPhoneOS16.5.sdk/System/Library/PrivateFrameworks/PlatformSSO.framework/
2026-06-03T08:46:48.4764260Z x iPhoneOS16.5.sdk/System/Library/PrivateFrameworks/PlatformSSO.framework/PlatformSSO.tbd
2026-06-03T08:46:48.4765150Z x iPhoneOS16.5.sdk/System/Library/PrivateFrameworks/vCard.framework/
2026-06-03T08:46:48.4766890Z x iPhoneOS16.5.sdk/System/Library/PrivateFrameworks/vCard.framework/vCard.tbd
2026-06-03T08:46:48.4767320Z x iPhoneOS16.5.sdk/System/Library/PrivateFrameworks/apfs_boot_mount.framework/
2026-06-03T08:46:48.4767790Z x iPhoneOS16.5.sdk/System/Library/PrivateFrameworks/apfs_boot_mount.framework/apfs_boot_mount.tbd
2026-06-03T08:46:48.4768260Z x iPhoneOS16.5.sdk/System/Library/PrivateFrameworks/iTunesStore.framework/
2026-06-03T08:46:48.4768710Z x iPhoneOS16.5.sdk/System/Library/PrivateFrameworks/iTunesStore.framework/iTunesStore.tbd
2026-06-03T08:46:48.4769150Z x iPhoneOS16.5.sdk/System/Library/PrivateFrameworks/ProofReader.framework/
2026-06-03T08:46:48.4769600Z x iPhoneOS16.5.sdk/System/Library/PrivateFrameworks/ProofReader.framework/ProofReader.tbd
2026-06-03T08:46:48.4770160Z x iPhoneOS16.5.sdk/System/Library/PrivateFrameworks/GPUCompiler.framework/
2026-06-03T08:46:48.4771670Z x iPhoneOS16.5.sdk/System/Library/PrivateFrameworks/GPUCompiler.framework/Libraries/
2026-06-03T08:46:48.4772430Z x iPhoneOS16.5.sdk/System/Library/PrivateFrameworks/GPUCompiler.framework/Libraries/libGPUCompiler.tbd
2026-06-03T08:46:48.4773690Z x iPhoneOS16.5.sdk/System/Library/PrivateFrameworks/GPUCompiler.framework/Libraries/libGPUCompilerImplLazy.tbd
2026-06-03T08:46:48.4775690Z x iPhoneOS16.5.sdk/System/Library/PrivateFrameworks/GPUCompiler.framework/Libraries/libGPUCompilerUtils.tbd
2026-06-03T08:46:48.4776350Z x iPhoneOS16.5.sdk/System/Library/PrivateFrameworks/GPUCompiler.framework/Libraries/libGPUCompilerImpl.tbd
2026-06-03T08:46:48.4777190Z x iPhoneOS16.5.sdk/System/Library/PrivateFrameworks/GPUCompiler.framework/Libraries/libComposeFilters.tbd
2026-06-03T08:46:48.4779490Z x iPhoneOS16.5.sdk/System/Library/PrivateFrameworks/SpotlightServices.framework/
2026-06-03T08:46:48.4780130Z x iPhoneOS16.5.sdk/System/Library/PrivateFrameworks/SpotlightServices.framework/SpotlightServices.tbd
2026-06-03T08:46:48.4780640Z x iPhoneOS16.5.sdk/System/Library/PrivateFrameworks/NewsArticles.framework/
2026-06-03T08:46:48.4781120Z x iPhoneOS16.5.sdk/System/Library/PrivateFrameworks/NewsArticles.framework/NewsArticles.tbd
2026-06-03T08:46:48.4781600Z x iPhoneOS16.5.sdk/System/Library/PrivateFrameworks/ContactsDonation.framework/
2026-06-03T08:46:48.4782100Z x iPhoneOS16.5.sdk/System/Library/PrivateFrameworks/ContactsDonation.framework/ContactsDonation.tbd
2026-06-03T08:46:48.4782600Z x iPhoneOS16.5.sdk/System/Library/PrivateFrameworks/SiriUIActivation.framework/
2026-06-03T08:46:48.4783100Z x iPhoneOS16.5.sdk/System/Library/PrivateFrameworks/SiriUIActivation.framework/SiriUIActivation.tbd
2026-06-03T08:46:48.4783600Z x iPhoneOS16.5.sdk/System/Library/PrivateFrameworks/SidecarUI.framework/
2026-06-03T08:46:48.4784030Z x iPhoneOS16.5.sdk/System/Library/PrivateFrameworks/SidecarUI.framework/SidecarUI.tbd
2026-06-03T08:46:48.4784640Z x iPhoneOS16.5.sdk/System/Library/PrivateFrameworks/UserAlerts.framework/
2026-06-03T08:46:48.4786960Z x iPhoneOS16.5.sdk/System/Library/PrivateFrameworks/UserAlerts.framework/UserAlerts.tbd
2026-06-03T08:46:48.4787560Z x iPhoneOS16.5.sdk/System/Library/PrivateFrameworks/MotionSensorLogging.framework/
2026-06-03T08:46:48.4788120Z x iPhoneOS16.5.sdk/System/Library/PrivateFrameworks/MotionSensorLogging.framework/MotionSensorLogging.tbd
2026-06-03T08:46:48.4788690Z x iPhoneOS16.5.sdk/System/Library/PrivateFrameworks/IdleTimerHosting.framework/
2026-06-03T08:46:48.4789310Z x iPhoneOS16.5.sdk/System/Library/PrivateFrameworks/IdleTimerHosting.framework/IdleTimerHosting.tbd
2026-06-03T08:46:48.4790160Z x iPhoneOS16.5.sdk/System/Library/PrivateFrameworks/ScreenTimeUI.framework/
2026-06-03T08:46:48.4790640Z x iPhoneOS16.5.sdk/System/Library/PrivateFrameworks/ScreenTimeUI.framework/ScreenTimeUI.tbd
2026-06-03T08:46:48.4792980Z x iPhoneOS16.5.sdk/System/Library/PrivateFrameworks/CDDataAccess.framework/
2026-06-03T08:46:48.4795160Z x iPhoneOS16.5.sdk/System/Library/PrivateFrameworks/CDDataAccess.framework/Frameworks/
2026-06-03T08:46:48.4797110Z x iPhoneOS16.5.sdk/System/Library/PrivateFrameworks/CDDataAccess.framework/Frameworks/DACalDAV.framework/
2026-06-03T08:46:48.4798990Z x iPhoneOS16.5.sdk/System/Library/PrivateFrameworks/CDDataAccess.framework/Frameworks/DACalDAV.framework/DACalDAV.tbd
2026-06-03T08:46:48.4801100Z x iPhoneOS16.5.sdk/System/Library/PrivateFrameworks/CDDataAccess.framework/Frameworks/DADaemonSupport.framework/
2026-06-03T08:46:48.4817550Z x iPhoneOS16.5.sdk/System/Library/PrivateFrameworks/CDDataAccess.framework/Frameworks/DADaemonSupport.framework/DADaemonSupport.tbd
2026-06-03T08:46:48.4818280Z x iPhoneOS16.5.sdk/System/Library/PrivateFrameworks/CDDataAccess.framework/Frameworks/DACoreDAVGlue.framework/
2026-06-03T08:46:48.4818970Z x iPhoneOS16.5.sdk/System/Library/PrivateFrameworks/CDDataAccess.framework/Frameworks/DACoreDAVGlue.framework/DACoreDAVGlue.tbd
2026-06-03T08:46:48.4819790Z x iPhoneOS16.5.sdk/System/Library/PrivateFrameworks/CDDataAccess.framework/CDDataAccess.tbd
2026-06-03T08:46:48.4820300Z x iPhoneOS16.5.sdk/System/Library/PrivateFrameworks/HealthMedicationsVision.framework/
2026-06-03T08:46:48.4820900Z x iPhoneOS16.5.sdk/System/Library/PrivateFrameworks/HealthMedicationsVision.framework/HealthMedicationsVision.tbd
2026-06-03T08:46:48.4823390Z x iPhoneOS16.5.sdk/System/Library/PrivateFrameworks/UserFS.framework/
2026-06-03T08:46:48.4823820Z x iPhoneOS16.5.sdk/System/Library/PrivateFrameworks/UserFS.framework/UserFS.tbd
2026-06-03T08:46:48.4824400Z x iPhoneOS16.5.sdk/System/Library/PrivateFrameworks/UserFS.framework/PlugIns/
2026-06-03T08:46:48.4824870Z x iPhoneOS16.5.sdk/System/Library/PrivateFrameworks/UserFS.framework/PlugIns/livefiles_exfat.tbd
2026-06-03T08:46:48.4825580Z x iPhoneOS16.5.sdk/System/Library/PrivateFrameworks/UserFS.framework/PlugIns/livefiles_cs.tbd
2026-06-03T08:46:48.4827770Z x iPhoneOS16.5.sdk/System/Library/PrivateFrameworks/UserFS.framework/PlugIns/liblivefiles.plugin.dummy.tbd
2026-06-03T08:46:48.4828380Z x iPhoneOS16.5.sdk/System/Library/PrivateFrameworks/UserFS.framework/PlugIns/livefiles_hfs.tbd
2026-06-03T08:46:48.4828910Z x iPhoneOS16.5.sdk/System/Library/PrivateFrameworks/UserFS.framework/PlugIns/livefiles_msdos.tbd
2026-06-03T08:46:48.4829500Z x iPhoneOS16.5.sdk/System/Library/PrivateFrameworks/UserFS.framework/PlugIns/livefiles_apfs.tbd
2026-06-03T08:46:48.4830040Z x iPhoneOS16.5.sdk/System/Library/PrivateFrameworks/UserFS.framework/PlugIns/livefiles_ntfs.tbd
2026-06-03T08:46:48.4830540Z x iPhoneOS16.5.sdk/System/Library/PrivateFrameworks/BackBoardServices.framework/
2026-06-03T08:46:48.4837880Z x iPhoneOS16.5.sdk/System/Library/PrivateFrameworks/BackBoardServices.framework/BackBoardServices.tbd
2026-06-03T08:46:48.4838450Z x iPhoneOS16.5.sdk/System/Library/PrivateFrameworks/CompanionAuthentication.framework/
2026-06-03T08:46:48.4839030Z x iPhoneOS16.5.sdk/System/Library/PrivateFrameworks/CompanionAuthentication.framework/CompanionAuthentication.tbd
2026-06-03T08:46:48.4839580Z x iPhoneOS16.5.sdk/System/Library/PrivateFrameworks/WorkflowUI.framework/
2026-06-03T08:46:48.4840010Z x iPhoneOS16.5.sdk/System/Library/PrivateFrameworks/WorkflowUI.framework/WorkflowUI.tbd
2026-06-03T08:46:48.4840510Z x iPhoneOS16.5.sdk/System/Library/PrivateFrameworks/HealthMedicationsVisionUI.framework/
2026-06-03T08:46:48.4841100Z x iPhoneOS16.5.sdk/System/Library/PrivateFrameworks/HealthMedicationsVisionUI.framework/HealthMedicationsVisionUI.tbd
2026-06-03T08:46:48.4841650Z x iPhoneOS16.5.sdk/System/Library/PrivateFrameworks/AdCore.framework/
2026-06-03T08:46:48.4842050Z x iPhoneOS16.5.sdk/System/Library/PrivateFrameworks/AdCore.framework/AdCore.tbd
2026-06-03T08:46:48.4842710Z x iPhoneOS16.5.sdk/System/Library/PrivateFrameworks/UserManagement.framework/
2026-06-03T08:46:48.4843190Z x iPhoneOS16.5.sdk/System/Library/PrivateFrameworks/UserManagement.framework/UserManagement.tbd
2026-06-03T08:46:48.4843690Z x iPhoneOS16.5.sdk/System/Library/PrivateFrameworks/PerformanceTrace.framework/
2026-06-03T08:46:48.4844350Z x iPhoneOS16.5.sdk/System/Library/PrivateFrameworks/PerformanceTrace.framework/PerformanceTrace.tbd
2026-06-03T08:46:48.4844530Z x iPhoneOS16.5.sdk/System/Library/PrivateFrameworks/AnnotationKit.framework/
2026-06-03T08:46:48.4844760Z x iPhoneOS16.5.sdk/System/Library/PrivateFrameworks/AnnotationKit.framework/AnnotationKit.tbd
2026-06-03T08:46:48.4844950Z x iPhoneOS16.5.sdk/System/Library/PrivateFrameworks/CoreLocationProtobuf.framework/
2026-06-03T08:46:48.4845380Z x iPhoneOS16.5.sdk/System/Library/PrivateFrameworks/CoreLocationProtobuf.framework/CoreLocationProtobuf.tbd
2026-06-03T08:46:48.4845540Z x iPhoneOS16.5.sdk/System/Library/PrivateFrameworks/ProductKit.framework/
2026-06-03T08:46:48.4845740Z x iPhoneOS16.5.sdk/System/Library/PrivateFrameworks/ProductKit.framework/ProductKit.tbd
2026-06-03T08:46:48.4846300Z x iPhoneOS16.5.sdk/System/Library/PrivateFrameworks/ContactsAutocomplete.framework/
2026-06-03T08:46:48.4846700Z x iPhoneOS16.5.sdk/System/Library/PrivateFrameworks/ContactsAutocomplete.framework/ContactsAutocomplete.tbd
2026-06-03T08:46:48.4846930Z x iPhoneOS16.5.sdk/System/Library/PrivateFrameworks/LiveExecutionResultsFoundation.framework/
2026-06-03T08:46:48.4847450Z x iPhoneOS16.5.sdk/System/Library/PrivateFrameworks/LiveExecutionResultsFoundation.framework/LiveExecutionResultsFoundation.tbd
2026-06-03T08:46:48.4847660Z x iPhoneOS16.5.sdk/System/Library/PrivateFrameworks/UserNotificationsServer.framework/
2026-06-03T08:46:48.4847950Z x iPhoneOS16.5.sdk/System/Library/PrivateFrameworks/UserNotificationsServer.framework/UserNotificationsServer.tbd
2026-06-03T08:46:48.4848090Z x iPhoneOS16.5.sdk/System/Library/PrivateFrameworks/MIL.framework/
2026-06-03T08:46:48.4848240Z x iPhoneOS16.5.sdk/System/Library/PrivateFrameworks/MIL.framework/MIL.tbd
2026-06-03T08:46:48.4848410Z x iPhoneOS16.5.sdk/System/Library/PrivateFrameworks/FinanceKitUI.framework/
2026-06-03T08:46:48.4848630Z x iPhoneOS16.5.sdk/System/Library/PrivateFrameworks/FinanceKitUI.framework/FinanceKitUI.tbd
2026-06-03T08:46:48.4848820Z x iPhoneOS16.5.sdk/System/Library/PrivateFrameworks/AppleBasebandServices.framework/
2026-06-03T08:46:48.4849110Z x iPhoneOS16.5.sdk/System/Library/PrivateFrameworks/AppleBasebandServices.framework/AppleBasebandServices.tbd
2026-06-03T08:46:48.4849300Z x iPhoneOS16.5.sdk/System/Library/PrivateFrameworks/AirPlayRoutePrediction.framework/
2026-06-03T08:46:48.4849590Z x iPhoneOS16.5.sdk/System/Library/PrivateFrameworks/AirPlayRoutePrediction.framework/AirPlayRoutePrediction.tbd
2026-06-03T08:46:48.4849770Z x iPhoneOS16.5.sdk/System/Library/PrivateFrameworks/AppleUserConsent.framework/
2026-06-03T08:46:48.4850010Z x iPhoneOS16.5.sdk/System/Library/PrivateFrameworks/AppleUserConsent.framework/AppleUserConsent.tbd
2026-06-03T08:46:48.4850230Z x iPhoneOS16.5.sdk/System/Library/PrivateFrameworks/FitnessCoachingHealthServices.framework/
2026-06-03T08:46:48.4850560Z x iPhoneOS16.5.sdk/System/Library/PrivateFrameworks/FitnessCoachingHealthServices.framework/FitnessCoachingHealthServices.tbd
2026-06-03T08:46:48.4850730Z x iPhoneOS16.5.sdk/System/Library/PrivateFrameworks/AppSupport.framework/
2026-06-03T08:46:48.4850940Z x iPhoneOS16.5.sdk/System/Library/PrivateFrameworks/AppSupport.framework/AppSupport.tbd
2026-06-03T08:46:48.4851110Z x iPhoneOS16.5.sdk/System/Library/PrivateFrameworks/EmailFoundation.framework/
2026-06-03T08:46:48.4851350Z x iPhoneOS16.5.sdk/System/Library/PrivateFrameworks/EmailFoundation.framework/EmailFoundation.tbd
2026-06-03T08:46:48.4851500Z x iPhoneOS16.5.sdk/System/Library/PrivateFrameworks/Categories.framework/
2026-06-03T08:46:48.4851700Z x iPhoneOS16.5.sdk/System/Library/PrivateFrameworks/Categories.framework/Categories.tbd
2026-06-03T08:46:48.4851870Z x iPhoneOS16.5.sdk/System/Library/PrivateFrameworks/CoreRecognition.framework/
2026-06-03T08:46:48.4852110Z x iPhoneOS16.5.sdk/System/Library/PrivateFrameworks/CoreRecognition.framework/CoreRecognition.tbd
2026-06-03T08:46:48.4852310Z x iPhoneOS16.5.sdk/System/Library/PrivateFrameworks/DuetActivityScheduler.framework/
2026-06-03T08:46:48.4852670Z x iPhoneOS16.5.sdk/System/Library/PrivateFrameworks/DuetActivityScheduler.framework/DuetActivityScheduler.tbd
2026-06-03T08:46:48.4852830Z x iPhoneOS16.5.sdk/System/Library/PrivateFrameworks/Geometry.framework/
2026-06-03T08:46:48.4853020Z x iPhoneOS16.5.sdk/System/Library/PrivateFrameworks/Geometry.framework/Geometry.tbd
2026-06-03T08:46:48.4853210Z x iPhoneOS16.5.sdk/System/Library/PrivateFrameworks/FamilyControlsObjC.framework/
2026-06-03T08:46:48.4853460Z x iPhoneOS16.5.sdk/System/Library/PrivateFrameworks/FamilyControlsObjC.framework/FamilyControlsObjC.tbd
2026-06-03T08:46:48.4853640Z x iPhoneOS16.5.sdk/System/Library/PrivateFrameworks/AccessoryAudio.framework/
2026-06-03T08:46:48.4853860Z x iPhoneOS16.5.sdk/System/Library/PrivateFrameworks/AccessoryAudio.framework/AccessoryAudio.tbd
2026-06-03T08:46:48.4854720Z x iPhoneOS16.5.sdk/System/Library/PrivateFrameworks/HIDDisplay.framework/
2026-06-03T08:46:48.4857660Z x iPhoneOS16.5.sdk/System/Library/PrivateFrameworks/HIDDisplay.framework/HIDDisplay.tbd
2026-06-03T08:46:48.4858360Z x iPhoneOS16.5.sdk/System/Library/PrivateFrameworks/GridDataServices.framework/
2026-06-03T08:46:48.4858670Z x iPhoneOS16.5.sdk/System/Library/PrivateFrameworks/GridDataServices.framework/GridDataServices.tbd
2026-06-03T08:46:48.4858870Z x iPhoneOS16.5.sdk/System/Library/PrivateFrameworks/CompanionHealthDaemon.framework/
2026-06-03T08:46:48.4859940Z x iPhoneOS16.5.sdk/System/Library/PrivateFrameworks/CompanionHealthDaemon.framework/CompanionHealthDaemon.tbd
2026-06-03T08:46:48.4860200Z x iPhoneOS16.5.sdk/System/Library/PrivateFrameworks/SiriCrossDeviceArbitrationFeedback.framework/
2026-06-03T08:46:48.4861900Z x iPhoneOS16.5.sdk/System/Library/PrivateFrameworks/SiriCrossDeviceArbitrationFeedback.framework/SiriCrossDeviceArbitrationFeedback.tbd
2026-06-03T08:46:48.4863030Z x iPhoneOS16.5.sdk/System/Library/PrivateFrameworks/PersonalUnderstanding.framework/
2026-06-03T08:46:48.4863840Z x iPhoneOS16.5.sdk/System/Library/PrivateFrameworks/PersonalUnderstanding.framework/PersonalUnderstanding.tbd
2026-06-03T08:46:48.4864490Z x iPhoneOS16.5.sdk/System/Library/PrivateFrameworks/SoftwareUpdateSettingsUI.framework/
2026-06-03T08:46:48.4864820Z x iPhoneOS16.5.sdk/System/Library/PrivateFrameworks/SoftwareUpdateSettingsUI.framework/SoftwareUpdateSettingsUI.tbd
2026-06-03T08:46:48.4865000Z x iPhoneOS16.5.sdk/System/Library/PrivateFrameworks/CryptoKitPrivate.framework/
2026-06-03T08:46:48.4865240Z x iPhoneOS16.5.sdk/System/Library/PrivateFrameworks/CryptoKitPrivate.framework/CryptoKitPrivate.tbd
2026-06-03T08:46:48.4865430Z x iPhoneOS16.5.sdk/System/Library/PrivateFrameworks/SiriInstrumentation.framework/
2026-06-03T08:46:48.4865700Z x iPhoneOS16.5.sdk/System/Library/PrivateFrameworks/SiriInstrumentation.framework/SiriInstrumentation.tbd
2026-06-03T08:46:48.4865870Z x iPhoneOS16.5.sdk/System/Library/PrivateFrameworks/RemoteCoreML.framework/
2026-06-03T08:46:48.4866100Z x iPhoneOS16.5.sdk/System/Library/PrivateFrameworks/RemoteCoreML.framework/RemoteCoreML.tbd
2026-06-03T08:46:48.4866270Z x iPhoneOS16.5.sdk/System/Library/PrivateFrameworks/ShazamEvents.framework/
2026-06-03T08:46:48.4866480Z x iPhoneOS16.5.sdk/System/Library/PrivateFrameworks/ShazamEvents.framework/ShazamEvents.tbd
2026-06-03T08:46:48.4866650Z x iPhoneOS16.5.sdk/System/Library/PrivateFrameworks/InAppMessages.framework/
2026-06-03T08:46:48.4866870Z x iPhoneOS16.5.sdk/System/Library/PrivateFrameworks/InAppMessages.framework/InAppMessages.tbd
2026-06-03T08:46:48.4867070Z x iPhoneOS16.5.sdk/System/Library/PrivateFrameworks/PersonalIntelligenceCore.framework/
2026-06-03T08:46:48.4867370Z x iPhoneOS16.5.sdk/System/Library/PrivateFrameworks/PersonalIntelligenceCore.framework/PersonalIntelligenceCore.tbd
2026-06-03T08:46:48.4867540Z x iPhoneOS16.5.sdk/System/Library/PrivateFrameworks/CloudSettings.framework/
2026-06-03T08:46:48.4867770Z x iPhoneOS16.5.sdk/System/Library/PrivateFrameworks/CloudSettings.framework/CloudSettings.tbd
2026-06-03T08:46:48.4867920Z x iPhoneOS16.5.sdk/System/Library/PrivateFrameworks/Sentry.framework/
2026-06-03T08:46:48.4868220Z x iPhoneOS16.5.sdk/System/Library/PrivateFrameworks/Sentry.framework/Sentry.tbd
2026-06-03T08:46:48.4868370Z x iPhoneOS16.5.sdk/System/Library/PrivateFrameworks/IOKitten.framework/
2026-06-03T08:46:48.4868560Z x iPhoneOS16.5.sdk/System/Library/PrivateFrameworks/IOKitten.framework/IOKitten.tbd
2026-06-03T08:46:48.4868730Z x iPhoneOS16.5.sdk/System/Library/PrivateFrameworks/ScreenTimeCore.framework/
2026-06-03T08:46:48.4868960Z x iPhoneOS16.5.sdk/System/Library/PrivateFrameworks/ScreenTimeCore.framework/ScreenTimeCore.tbd
2026-06-03T08:46:48.4869190Z x iPhoneOS16.5.sdk/System/Library/PrivateFrameworks/ProactiveShareSheetLocalTrainer.framework/
2026-06-03T08:46:48.4869540Z x iPhoneOS16.5.sdk/System/Library/PrivateFrameworks/ProactiveShareSheetLocalTrainer.framework/ProactiveShareSheetLocalTrainer.tbd
2026-06-03T08:46:48.4869710Z x iPhoneOS16.5.sdk/System/Library/PrivateFrameworks/OctagonTrust.framework/
2026-06-03T08:46:48.4870020Z x iPhoneOS16.5.sdk/System/Library/PrivateFrameworks/OctagonTrust.framework/OctagonTrust.tbd
2026-06-03T08:46:48.4870210Z x iPhoneOS16.5.sdk/System/Library/PrivateFrameworks/RemoteManagementUI.framework/
2026-06-03T08:46:48.4870460Z x iPhoneOS16.5.sdk/System/Library/PrivateFrameworks/RemoteManagementUI.framework/RemoteManagementUI.tbd
2026-06-03T08:46:48.4870640Z x iPhoneOS16.5.sdk/System/Library/PrivateFrameworks/FocusSettingsUI.framework/
2026-06-03T08:46:48.4870870Z x iPhoneOS16.5.sdk/System/Library/PrivateFrameworks/FocusSettingsUI.framework/FocusSettingsUI.tbd
2026-06-03T08:46:48.4871030Z x iPhoneOS16.5.sdk/System/Library/PrivateFrameworks/WatchListKit.framework/
2026-06-03T08:46:48.4871250Z x iPhoneOS16.5.sdk/System/Library/PrivateFrameworks/WatchListKit.framework/WatchListKit.tbd
2026-06-03T08:46:48.4871400Z x iPhoneOS16.5.sdk/System/Library/PrivateFrameworks/perfdata.framework/
2026-06-03T08:46:48.4871590Z x iPhoneOS16.5.sdk/System/Library/PrivateFrameworks/perfdata.framework/perfdata.tbd
2026-06-03T08:46:48.4871770Z x iPhoneOS16.5.sdk/System/Library/PrivateFrameworks/VoiceOverServices.framework/
2026-06-03T08:46:48.4872030Z x iPhoneOS16.5.sdk/System/Library/PrivateFrameworks/VoiceOverServices.framework/VoiceOverServices.tbd
2026-06-03T08:46:48.4872170Z x iPhoneOS16.5.sdk/System/Library/PrivateFrameworks/caulk.framework/
2026-06-03T08:46:48.4873410Z x iPhoneOS16.5.sdk/System/Library/PrivateFrameworks/caulk.framework/caulk.tbd
2026-06-03T08:46:48.4873580Z x iPhoneOS16.5.sdk/System/Library/PrivateFrameworks/TelephonyRPC.framework/
2026-06-03T08:46:48.4874020Z x iPhoneOS16.5.sdk/System/Library/PrivateFrameworks/TelephonyRPC.framework/TelephonyRPC.tbd
2026-06-03T08:46:48.4874220Z x iPhoneOS16.5.sdk/System/Library/PrivateFrameworks/AppleBasebandManager.framework/
2026-06-03T08:46:48.4874490Z x iPhoneOS16.5.sdk/System/Library/PrivateFrameworks/AppleBasebandManager.framework/AppleBasebandManager.tbd
2026-06-03T08:46:48.4874720Z x iPhoneOS16.5.sdk/System/Library/PrivateFrameworks/ParsecSubscriptionServiceSupport.framework/
2026-06-03T08:46:48.4875170Z x iPhoneOS16.5.sdk/System/Library/PrivateFrameworks/ParsecSubscriptionServiceSupport.framework/ParsecSubscriptionServiceSupport.tbd
2026-06-03T08:46:48.4875370Z x iPhoneOS16.5.sdk/System/Library/PrivateFrameworks/AccountNotification.framework/
2026-06-03T08:46:48.4875630Z x iPhoneOS16.5.sdk/System/Library/PrivateFrameworks/AccountNotification.framework/AccountNotification.tbd
2026-06-03T08:46:48.4875810Z x iPhoneOS16.5.sdk/System/Library/PrivateFrameworks/EmergencyAlerts.framework/
2026-06-03T08:46:48.4876120Z x iPhoneOS16.5.sdk/System/Library/PrivateFrameworks/EmergencyAlerts.framework/EmergencyAlerts.tbd
2026-06-03T08:46:48.4876290Z x iPhoneOS16.5.sdk/System/Library/PrivateFrameworks/DMCUtilities.framework/
2026-06-03T08:46:48.4876500Z x iPhoneOS16.5.sdk/System/Library/PrivateFrameworks/DMCUtilities.framework/DMCUtilities.tbd
2026-06-03T08:46:48.4876710Z x iPhoneOS16.5.sdk/System/Library/PrivateFrameworks/SoftwareUpdateCoreConnect.framework/
2026-06-03T08:46:48.4877100Z x iPhoneOS16.5.sdk/System/Library/PrivateFrameworks/SoftwareUpdateCoreConnect.framework/SoftwareUpdateCoreConnect.tbd
2026-06-03T08:46:48.4877280Z x iPhoneOS16.5.sdk/System/Library/PrivateFrameworks/ContactsMetrics.framework/
2026-06-03T08:46:48.4877520Z x iPhoneOS16.5.sdk/System/Library/PrivateFrameworks/ContactsMetrics.framework/ContactsMetrics.tbd
2026-06-03T08:46:48.4877710Z x iPhoneOS16.5.sdk/System/Library/PrivateFrameworks/DocumentUnderstanding.framework/
2026-06-03T08:46:48.4877990Z x iPhoneOS16.5.sdk/System/Library/PrivateFrameworks/DocumentUnderstanding.framework/DocumentUnderstanding.tbd
2026-06-03T08:46:48.4878140Z x iPhoneOS16.5.sdk/System/Library/PrivateFrameworks/Recon3D.framework/
2026-06-03T08:46:48.4878320Z x iPhoneOS16.5.sdk/System/Library/PrivateFrameworks/Recon3D.framework/Recon3D.tbd
2026-06-03T08:46:48.4878490Z x iPhoneOS16.5.sdk/System/Library/PrivateFrameworks/SetupAssistant.framework/
2026-06-03T08:46:48.4878760Z x iPhoneOS16.5.sdk/System/Library/PrivateFrameworks/SetupAssistant.framework/SetupAssistant.tbd
2026-06-03T08:46:48.4879050Z x iPhoneOS16.5.sdk/System/Library/PrivateFrameworks/PromotedContentProxy.framework/
2026-06-03T08:46:48.4879330Z x iPhoneOS16.5.sdk/System/Library/PrivateFrameworks/PromotedContentProxy.framework/PromotedContentProxy.tbd
2026-06-03T08:46:48.4879490Z x iPhoneOS16.5.sdk/System/Library/PrivateFrameworks/IOImageLoader.framework/
2026-06-03T08:46:48.4879720Z x iPhoneOS16.5.sdk/System/Library/PrivateFrameworks/IOImageLoader.framework/IOImageLoader.tbd
2026-06-03T08:46:48.4879910Z x iPhoneOS16.5.sdk/System/Library/PrivateFrameworks/OpticalFlowFramework.framework/
2026-06-03T08:46:48.4880180Z x iPhoneOS16.5.sdk/System/Library/PrivateFrameworks/OpticalFlowFramework.framework/OpticalFlowFramework.tbd
2026-06-03T08:46:48.4880350Z x iPhoneOS16.5.sdk/System/Library/PrivateFrameworks/CoreRealityIO.framework/
2026-06-03T08:46:48.4880650Z x iPhoneOS16.5.sdk/System/Library/PrivateFrameworks/CoreRealityIO.framework/CoreRealityIO.tbd
2026-06-03T08:46:48.4880850Z x iPhoneOS16.5.sdk/System/Library/PrivateFrameworks/OSASubmissionClient.framework/
2026-06-03T08:46:48.4881120Z x iPhoneOS16.5.sdk/System/Library/PrivateFrameworks/OSASubmissionClient.framework/OSASubmissionClient.tbd
2026-06-03T08:46:48.4881320Z x iPhoneOS16.5.sdk/System/Library/PrivateFrameworks/ProximityAppleIDSetup.framework/
2026-06-03T08:46:48.4881610Z x iPhoneOS16.5.sdk/System/Library/PrivateFrameworks/ProximityAppleIDSetup.framework/ProximityAppleIDSetup.tbd
2026-06-03T08:46:48.4881800Z x iPhoneOS16.5.sdk/System/Library/PrivateFrameworks/SiriSpeechSynthesis.framework/
2026-06-03T08:46:48.4882060Z x iPhoneOS16.5.sdk/System/Library/PrivateFrameworks/SiriSpeechSynthesis.framework/SiriSpeechSynthesis.tbd
2026-06-03T08:46:48.4882230Z x iPhoneOS16.5.sdk/System/Library/PrivateFrameworks/BridgeReporting.framework/
2026-06-03T08:46:48.4882470Z x iPhoneOS16.5.sdk/System/Library/PrivateFrameworks/BridgeReporting.framework/BridgeReporting.tbd
2026-06-03T08:46:48.4882630Z x iPhoneOS16.5.sdk/System/Library/PrivateFrameworks/CoreAppleCVA.framework/
2026-06-03T08:46:48.4882850Z x iPhoneOS16.5.sdk/System/Library/PrivateFrameworks/CoreAppleCVA.framework/CoreAppleCVA.tbd
2026-06-03T08:46:48.4883010Z x iPhoneOS16.5.sdk/System/Library/PrivateFrameworks/IconServices.framework/
2026-06-03T08:46:48.4883230Z x iPhoneOS16.5.sdk/System/Library/PrivateFrameworks/IconServices.framework/IconServices.tbd
2026-06-03T08:46:48.4883400Z x iPhoneOS16.5.sdk/System/Library/PrivateFrameworks/ProtocolBuffer.framework/
2026-06-03T08:46:48.4883630Z x iPhoneOS16.5.sdk/System/Library/PrivateFrameworks/ProtocolBuffer.framework/ProtocolBuffer.tbd
2026-06-03T08:46:48.4885810Z x iPhoneOS16.5.sdk/System/Library/PrivateFrameworks/AudioServerApplication.framework/
2026-06-03T08:46:48.4887080Z x iPhoneOS16.5.sdk/System/Library/PrivateFrameworks/AudioServerApplication.framework/AudioServerApplication.tbd
2026-06-03T08:46:48.4888230Z x iPhoneOS16.5.sdk/System/Library/PrivateFrameworks/HSAAuthentication.framework/
2026-06-03T08:46:48.4888850Z x iPhoneOS16.5.sdk/System/Library/PrivateFrameworks/HSAAuthentication.framework/HSAAuthentication.tbd
2026-06-03T08:46:48.4889330Z x iPhoneOS16.5.sdk/System/Library/PrivateFrameworks/ExposureNotificationDaemon.framework/
2026-06-03T08:46:48.4889660Z x iPhoneOS16.5.sdk/System/Library/PrivateFrameworks/ExposureNotificationDaemon.framework/ExposureNotificationDaemon.tbd
2026-06-03T08:46:48.4889850Z x iPhoneOS16.5.sdk/System/Library/PrivateFrameworks/InAppMessagesCore.framework/
2026-06-03T08:46:48.4890100Z x iPhoneOS16.5.sdk/System/Library/PrivateFrameworks/InAppMessagesCore.framework/InAppMessagesCore.tbd
2026-06-03T08:46:48.4890290Z x iPhoneOS16.5.sdk/System/Library/PrivateFrameworks/NetworkServiceProxy.framework/
2026-06-03T08:46:48.4890640Z x iPhoneOS16.5.sdk/System/Library/PrivateFrameworks/NetworkServiceProxy.framework/NetworkServiceProxy.tbd
2026-06-03T08:46:48.4890790Z x iPhoneOS16.5.sdk/System/Library/PrivateFrameworks/IO80211.framework/
2026-06-03T08:46:48.4891090Z x iPhoneOS16.5.sdk/System/Library/PrivateFrameworks/IO80211.framework/IO80211.tbd
2026-06-03T08:46:48.4891410Z x iPhoneOS16.5.sdk/System/Library/PrivateFrameworks/VisionKitCore.framework/
2026-06-03T08:46:48.4892810Z x iPhoneOS16.5.sdk/System/Library/PrivateFrameworks/VisionKitCore.framework/VisionKitCore.tbd
2026-06-03T08:46:48.4892990Z x iPhoneOS16.5.sdk/System/Library/PrivateFrameworks/MobileTimerUI.framework/
2026-06-03T08:46:48.4893210Z x iPhoneOS16.5.sdk/System/Library/PrivateFrameworks/MobileTimerUI.framework/MobileTimerUI.tbd
2026-06-03T08:46:48.4893400Z x iPhoneOS16.5.sdk/System/Library/PrivateFrameworks/AccessoryNowPlaying.framework/
2026-06-03T08:46:48.4893780Z x iPhoneOS16.5.sdk/System/Library/PrivateFrameworks/AccessoryNowPlaying.framework/AccessoryNowPlaying.tbd
2026-06-03T08:46:48.4893990Z x iPhoneOS16.5.sdk/System/Library/PrivateFrameworks/HealthMobilityUI.framework/
2026-06-03T08:46:48.4894240Z x iPhoneOS16.5.sdk/System/Library/PrivateFrameworks/HealthMobilityUI.framework/HealthMobilityUI.tbd
2026-06-03T08:46:48.4894390Z x iPhoneOS16.5.sdk/System/Library/PrivateFrameworks/Koa.framework/
2026-06-03T08:46:48.4894550Z x iPhoneOS16.5.sdk/System/Library/PrivateFrameworks/Koa.framework/Koa.tbd
2026-06-03T08:46:48.4894860Z x iPhoneOS16.5.sdk/System/Library/PrivateFrameworks/AccessoryComponentAuth.framework/
2026-06-03T08:46:48.4895750Z x iPhoneOS16.5.sdk/System/Library/PrivateFrameworks/AccessoryComponentAuth.framework/AccessoryComponentAuth.tbd
2026-06-03T08:46:48.4897730Z x iPhoneOS16.5.sdk/System/Library/PrivateFrameworks/AccessibilityPhysicalInteraction.framework/
2026-06-03T08:46:48.4898740Z x iPhoneOS16.5.sdk/System/Library/PrivateFrameworks/AccessibilityPhysicalInteraction.framework/AccessibilityPhysicalInteraction.tbd
2026-06-03T08:46:48.4898950Z x iPhoneOS16.5.sdk/System/Library/PrivateFrameworks/AudioDataAnalysis.framework/
2026-06-03T08:46:48.4899200Z x iPhoneOS16.5.sdk/System/Library/PrivateFrameworks/AudioDataAnalysis.framework/AudioDataAnalysis.tbd
2026-06-03T08:46:48.4899340Z x iPhoneOS16.5.sdk/System/Library/PrivateFrameworks/PDS.framework/
2026-06-03T08:46:48.4899500Z x iPhoneOS16.5.sdk/System/Library/PrivateFrameworks/PDS.framework/PDS.tbd
2026-06-03T08:46:48.4899700Z x iPhoneOS16.5.sdk/System/Library/PrivateFrameworks/SiriWellnessIntents.framework/
2026-06-03T08:46:48.4900050Z x iPhoneOS16.5.sdk/System/Library/PrivateFrameworks/SiriWellnessIntents.framework/SiriWellnessIntents.tbd
2026-06-03T08:46:48.4900210Z x iPhoneOS16.5.sdk/System/Library/PrivateFrameworks/MediaRemote.framework/
2026-06-03T08:46:48.4900420Z x iPhoneOS16.5.sdk/System/Library/PrivateFrameworks/MediaRemote.framework/MediaRemote.tbd
2026-06-03T08:46:48.4900650Z x iPhoneOS16.5.sdk/System/Library/PrivateFrameworks/RemoteMediaServices.framework/
2026-06-03T08:46:48.4900920Z x iPhoneOS16.5.sdk/System/Library/PrivateFrameworks/RemoteMediaServices.framework/RemoteMediaServices.tbd
2026-06-03T08:46:48.4901100Z x iPhoneOS16.5.sdk/System/Library/PrivateFrameworks/AccessoryNavigation.framework/
2026-06-03T08:46:48.4901370Z x iPhoneOS16.5.sdk/System/Library/PrivateFrameworks/AccessoryNavigation.framework/AccessoryNavigation.tbd
2026-06-03T08:46:48.4901740Z x iPhoneOS16.5.sdk/System/Library/PrivateFrameworks/AccessibilityUI.framework/
2026-06-03T08:46:48.4903730Z x iPhoneOS16.5.sdk/System/Library/PrivateFrameworks/AccessibilityUI.framework/AccessibilityUI.tbd
2026-06-03T08:46:48.4904030Z x iPhoneOS16.5.sdk/System/Library/PrivateFrameworks/RTBuddyCrashlogDecoder.framework/
2026-06-03T08:46:48.4904310Z x iPhoneOS16.5.sdk/System/Library/PrivateFrameworks/RTBuddyCrashlogDecoder.framework/RTBuddyCrashlogDecoder.tbd
2026-06-03T08:46:48.4904850Z x iPhoneOS16.5.sdk/System/Library/PrivateFrameworks/HealthMedicationsExperience.framework/
2026-06-03T08:46:48.4905620Z x iPhoneOS16.5.sdk/System/Library/PrivateFrameworks/HealthMedicationsExperience.framework/HealthMedicationsExperience.tbd
2026-06-03T08:46:48.4905800Z x iPhoneOS16.5.sdk/System/Library/PrivateFrameworks/Transliteration.framework/
2026-06-03T08:46:48.4906140Z x iPhoneOS16.5.sdk/System/Library/PrivateFrameworks/Transliteration.framework/Transliteration.tbd
2026-06-03T08:46:48.4906650Z x iPhoneOS16.5.sdk/System/Library/PrivateFrameworks/AdID.framework/
2026-06-03T08:46:48.4906810Z x iPhoneOS16.5.sdk/System/Library/PrivateFrameworks/AdID.framework/AdID.tbd
2026-06-03T08:46:48.4907300Z x iPhoneOS16.5.sdk/System/Library/PrivateFrameworks/ApplePushService.framework/
2026-06-03T08:46:48.4908250Z x iPhoneOS16.5.sdk/System/Library/PrivateFrameworks/ApplePushService.framework/ApplePushService.tbd
2026-06-03T08:46:48.4908810Z x iPhoneOS16.5.sdk/System/Library/PrivateFrameworks/SiriNotificationsIntents.framework/
2026-06-03T08:46:48.4909620Z x iPhoneOS16.5.sdk/System/Library/PrivateFrameworks/SiriNotificationsIntents.framework/SiriNotificationsIntents.tbd
2026-06-03T08:46:48.4910070Z x iPhoneOS16.5.sdk/System/Library/PrivateFrameworks/ContactsUICore.framework/
2026-06-03T08:46:48.4910670Z x iPhoneOS16.5.sdk/System/Library/PrivateFrameworks/ContactsUICore.framework/ContactsUICore.tbd
2026-06-03T08:46:48.4911280Z x iPhoneOS16.5.sdk/System/Library/PrivateFrameworks/SiriInCall.framework/
2026-06-03T08:46:48.4911500Z x iPhoneOS16.5.sdk/System/Library/PrivateFrameworks/SiriInCall.framework/SiriInCall.tbd
2026-06-03T08:46:48.4911690Z x iPhoneOS16.5.sdk/System/Library/PrivateFrameworks/PreviewsMessaging.framework/
2026-06-03T08:46:48.4911950Z x iPhoneOS16.5.sdk/System/Library/PrivateFrameworks/PreviewsMessaging.framework/PreviewsMessaging.tbd
2026-06-03T08:46:48.4913570Z x iPhoneOS16.5.sdk/System/Library/PrivateFrameworks/LearnedFeatures.framework/
2026-06-03T08:46:48.4913810Z x iPhoneOS16.5.sdk/System/Library/PrivateFrameworks/LearnedFeatures.framework/LearnedFeatures.tbd
2026-06-03T08:46:48.4913970Z x iPhoneOS16.5.sdk/System/Library/PrivateFrameworks/CloudDocsUI.framework/
2026-06-03T08:46:48.4914180Z x iPhoneOS16.5.sdk/System/Library/PrivateFrameworks/CloudDocsUI.framework/CloudDocsUI.tbd
2026-06-03T08:46:48.4914340Z x iPhoneOS16.5.sdk/System/Library/PrivateFrameworks/URLFormatting.framework/
2026-06-03T08:46:48.4914570Z x iPhoneOS16.5.sdk/System/Library/PrivateFrameworks/URLFormatting.framework/URLFormatting.tbd
2026-06-03T08:46:48.4914710Z x iPhoneOS16.5.sdk/System/Library/PrivateFrameworks/ktrace.framework/
2026-06-03T08:46:48.4914890Z x iPhoneOS16.5.sdk/System/Library/PrivateFrameworks/ktrace.framework/ktrace.tbd
2026-06-03T08:46:48.4915110Z x iPhoneOS16.5.sdk/System/Library/PrivateFrameworks/LighthouseCoreMLFeatureStore.framework/
2026-06-03T08:46:48.4915440Z x iPhoneOS16.5.sdk/System/Library/PrivateFrameworks/LighthouseCoreMLFeatureStore.framework/LighthouseCoreMLFeatureStore.tbd
2026-06-03T08:46:48.4915600Z x iPhoneOS16.5.sdk/System/Library/PrivateFrameworks/DataAccessUI.framework/
2026-06-03T08:46:48.4916180Z x iPhoneOS16.5.sdk/System/Library/PrivateFrameworks/DataAccessUI.framework/DataAccessUI.tbd
2026-06-03T08:46:48.4917350Z x iPhoneOS16.5.sdk/System/Library/PrivateFrameworks/AudioSessionServer.framework/
2026-06-03T08:46:48.4918290Z x iPhoneOS16.5.sdk/System/Library/PrivateFrameworks/AudioSessionServer.framework/AudioSessionServer.tbd
2026-06-03T08:46:48.4918810Z x iPhoneOS16.5.sdk/System/Library/PrivateFrameworks/BiomePubSub.framework/
2026-06-03T08:46:48.4919600Z x iPhoneOS16.5.sdk/System/Library/PrivateFrameworks/BiomePubSub.framework/BiomePubSub.tbd
2026-06-03T08:46:48.4919800Z x iPhoneOS16.5.sdk/System/Library/PrivateFrameworks/MLRuntime.framework/
2026-06-03T08:46:48.4920000Z x iPhoneOS16.5.sdk/System/Library/PrivateFrameworks/MLRuntime.framework/MLRuntime.tbd
2026-06-03T08:46:48.4920150Z x iPhoneOS16.5.sdk/System/Library/PrivateFrameworks/SAObjects.framework/
2026-06-03T08:46:48.4920340Z x iPhoneOS16.5.sdk/System/Library/PrivateFrameworks/SAObjects.framework/SAObjects.tbd
2026-06-03T08:46:48.4920500Z x iPhoneOS16.5.sdk/System/Library/PrivateFrameworks/SiriRemembers.framework/
2026-06-03T08:46:48.4920730Z x iPhoneOS16.5.sdk/System/Library/PrivateFrameworks/SiriRemembers.framework/SiriRemembers.tbd
2026-06-03T08:46:48.4920910Z x iPhoneOS16.5.sdk/System/Library/PrivateFrameworks/IncomingCallFilter.framework/
2026-06-03T08:46:48.4921270Z x iPhoneOS16.5.sdk/System/Library/PrivateFrameworks/IncomingCallFilter.framework/IncomingCallFilter.tbd
2026-06-03T08:46:48.4921460Z x iPhoneOS16.5.sdk/System/Library/PrivateFrameworks/SessionSyncEngine.framework/
2026-06-03T08:46:48.4921710Z x iPhoneOS16.5.sdk/System/Library/PrivateFrameworks/SessionSyncEngine.framework/SessionSyncEngine.tbd
2026-06-03T08:46:48.4921860Z x iPhoneOS16.5.sdk/System/Library/PrivateFrameworks/Weather.framework/
2026-06-03T08:46:48.4922030Z x iPhoneOS16.5.sdk/System/Library/PrivateFrameworks/Weather.framework/Weather.tbd
2026-06-03T08:46:48.4924250Z x iPhoneOS16.5.sdk/System/Library/PrivateFrameworks/MemoryDiagnostics.framework/
2026-06-03T08:46:48.4925140Z x iPhoneOS16.5.sdk/System/Library/PrivateFrameworks/MemoryDiagnostics.framework/MemoryDiagnostics.tbd
2026-06-03T08:46:48.4925740Z x iPhoneOS16.5.sdk/System/Library/PrivateFrameworks/TestFlightCore.framework/
2026-06-03T08:46:48.4925970Z x iPhoneOS16.5.sdk/System/Library/PrivateFrameworks/TestFlightCore.framework/TestFlightCore.tbd
2026-06-03T08:46:48.4926140Z x iPhoneOS16.5.sdk/System/Library/PrivateFrameworks/MobileStorage.framework/
2026-06-03T08:46:48.4926380Z x iPhoneOS16.5.sdk/System/Library/PrivateFrameworks/MobileStorage.framework/MobileStorage.tbd
2026-06-03T08:46:48.4926550Z x iPhoneOS16.5.sdk/System/Library/PrivateFrameworks/SnippetCommands.framework/
2026-06-03T08:46:48.4926790Z x iPhoneOS16.5.sdk/System/Library/PrivateFrameworks/SnippetCommands.framework/SnippetCommands.tbd
2026-06-03T08:46:48.4926940Z x iPhoneOS16.5.sdk/System/Library/PrivateFrameworks/JetEngine.framework/
2026-06-03T08:46:48.4927130Z x iPhoneOS16.5.sdk/System/Library/PrivateFrameworks/JetEngine.framework/JetEngine.tbd
2026-06-03T08:46:48.4927290Z x iPhoneOS16.5.sdk/System/Library/PrivateFrameworks/StoreServices.framework/
2026-06-03T08:46:48.4927510Z x iPhoneOS16.5.sdk/System/Library/PrivateFrameworks/StoreServices.framework/StoreServices.tbd
2026-06-03T08:46:48.4927680Z x iPhoneOS16.5.sdk/System/Library/PrivateFrameworks/SentencePiece.framework/
2026-06-03T08:46:48.4927900Z x iPhoneOS16.5.sdk/System/Library/PrivateFrameworks/SentencePiece.framework/SentencePiece.tbd
2026-06-03T08:46:48.4928050Z x iPhoneOS16.5.sdk/System/Library/PrivateFrameworks/AFKUser.framework/
2026-06-03T08:46:48.4928230Z x iPhoneOS16.5.sdk/System/Library/PrivateFrameworks/AFKUser.framework/AFKUser.tbd
2026-06-03T08:46:48.4928390Z x iPhoneOS16.5.sdk/System/Library/PrivateFrameworks/TeaSettings.framework/
2026-06-03T08:46:48.4929510Z x iPhoneOS16.5.sdk/System/Library/PrivateFrameworks/TeaSettings.framework/TeaSettings.tbd
2026-06-03T08:46:48.4929710Z x iPhoneOS16.5.sdk/System/Library/PrivateFrameworks/HealthMobilityDaemon.framework/
2026-06-03T08:46:48.4930720Z x iPhoneOS16.5.sdk/System/Library/PrivateFrameworks/HealthMobilityDaemon.framework/HealthMobilityDaemon.tbd
2026-06-03T08:46:48.4930990Z x iPhoneOS16.5.sdk/System/Library/PrivateFrameworks/LighthouseCoreMLModelAnalysis.framework/
2026-06-03T08:46:48.4931340Z x iPhoneOS16.5.sdk/System/Library/PrivateFrameworks/LighthouseCoreMLModelAnalysis.framework/LighthouseCoreMLModelAnalysis.tbd
2026-06-03T08:46:48.4931640Z x iPhoneOS16.5.sdk/System/Library/PrivateFrameworks/EmailAddressing.framework/
2026-06-03T08:46:48.4931890Z x iPhoneOS16.5.sdk/System/Library/PrivateFrameworks/EmailAddressing.framework/EmailAddressing.tbd
2026-06-03T08:46:48.4932080Z x iPhoneOS16.5.sdk/System/Library/PrivateFrameworks/TrackingAvoidance.framework/
2026-06-03T08:46:48.4932330Z x iPhoneOS16.5.sdk/System/Library/PrivateFrameworks/TrackingAvoidance.framework/TrackingAvoidance.tbd
2026-06-03T08:46:48.4932520Z x iPhoneOS16.5.sdk/System/Library/PrivateFrameworks/SpringBoardHome.framework/
2026-06-03T08:46:48.4932750Z x iPhoneOS16.5.sdk/System/Library/PrivateFrameworks/SpringBoardHome.framework/SpringBoardHome.tbd
2026-06-03T08:46:48.4932940Z x iPhoneOS16.5.sdk/System/Library/PrivateFrameworks/IMTransferAgent.framework/
2026-06-03T08:46:48.4933170Z x iPhoneOS16.5.sdk/System/Library/PrivateFrameworks/IMTransferAgent.framework/IMTransferAgent.tbd
2026-06-03T08:46:48.4934260Z x iPhoneOS16.5.sdk/System/Library/PrivateFrameworks/CallHistory.framework/
2026-06-03T08:46:48.4935580Z x iPhoneOS16.5.sdk/System/Library/PrivateFrameworks/CallHistory.framework/CallHistory.tbd
2026-06-03T08:46:48.4936620Z x iPhoneOS16.5.sdk/System/Library/PrivateFrameworks/PhotosImagingFoundation.framework/
2026-06-03T08:46:48.4938380Z x iPhoneOS16.5.sdk/System/Library/PrivateFrameworks/PhotosImagingFoundation.framework/PhotosImagingFoundation.tbd
2026-06-03T08:46:48.4939010Z x iPhoneOS16.5.sdk/System/Library/PrivateFrameworks/AppleCV3DHA.framework/
2026-06-03T08:46:48.4939810Z x iPhoneOS16.5.sdk/System/Library/PrivateFrameworks/AppleCV3DHA.framework/AppleCV3DHA.tbd
2026-06-03T08:46:48.4940850Z x iPhoneOS16.5.sdk/System/Library/PrivateFrameworks/IconFoundation.framework/
2026-06-03T08:46:48.4941710Z x iPhoneOS16.5.sdk/System/Library/PrivateFrameworks/IconFoundation.framework/IconFoundation.tbd
2026-06-03T08:46:48.4942190Z x iPhoneOS16.5.sdk/System/Library/PrivateFrameworks/MediaMiningKit.framework/
2026-06-03T08:46:48.4943050Z x iPhoneOS16.5.sdk/System/Library/PrivateFrameworks/MediaMiningKit.framework/MediaMiningKit.tbd
2026-06-03T08:46:48.4944010Z x iPhoneOS16.5.sdk/System/Library/PrivateFrameworks/NewsUI.framework/
2026-06-03T08:46:48.4944210Z x iPhoneOS16.5.sdk/System/Library/PrivateFrameworks/NewsUI.framework/NewsUI.tbd
2026-06-03T08:46:48.4944400Z x iPhoneOS16.5.sdk/System/Library/PrivateFrameworks/NetAppsUtilities.framework/
2026-06-03T08:46:48.4944770Z x iPhoneOS16.5.sdk/System/Library/PrivateFrameworks/NetAppsUtilities.framework/NetAppsUtilities.tbd
2026-06-03T08:46:48.4944950Z x iPhoneOS16.5.sdk/System/Library/PrivateFrameworks/OfficeImport.framework/
2026-06-03T08:46:48.4945180Z x iPhoneOS16.5.sdk/System/Library/PrivateFrameworks/OfficeImport.framework/OfficeImport.tbd
2026-06-03T08:46:48.4945360Z x iPhoneOS16.5.sdk/System/Library/PrivateFrameworks/BluetoothManager.framework/
2026-06-03T08:46:48.4945600Z x iPhoneOS16.5.sdk/System/Library/PrivateFrameworks/BluetoothManager.framework/BluetoothManager.tbd
2026-06-03T08:46:48.4945780Z x iPhoneOS16.5.sdk/System/Library/PrivateFrameworks/PLSnapshot.framework/
2026-06-03T08:46:48.4945990Z x iPhoneOS16.5.sdk/System/Library/PrivateFrameworks/PLSnapshot.framework/PLSnapshot.tbd
2026-06-03T08:46:48.4946120Z x iPhoneOS16.5.sdk/System/Library/PrivateFrameworks/FRC.framework/
2026-06-03T08:46:48.4946270Z x iPhoneOS16.5.sdk/System/Library/PrivateFrameworks/FRC.framework/FRC.tbd
2026-06-03T08:46:48.4946450Z x iPhoneOS16.5.sdk/System/Library/PrivateFrameworks/AudioServerDriver.framework/
2026-06-03T08:46:48.4947410Z x iPhoneOS16.5.sdk/System/Library/PrivateFrameworks/AudioServerDriver.framework/AudioServerDriver.tbd
2026-06-03T08:46:48.4947890Z x iPhoneOS16.5.sdk/System/Library/PrivateFrameworks/SiriSignals.framework/
2026-06-03T08:46:48.4948770Z x iPhoneOS16.5.sdk/System/Library/PrivateFrameworks/SiriSignals.framework/SiriSignals.tbd
2026-06-03T08:46:48.4949260Z x iPhoneOS16.5.sdk/System/Library/PrivateFrameworks/IMTranscoding.framework/
2026-06-03T08:46:48.4949820Z x iPhoneOS16.5.sdk/System/Library/PrivateFrameworks/IMTranscoding.framework/IMTranscoding.tbd
2026-06-03T08:46:48.4950170Z x iPhoneOS16.5.sdk/System/Library/PrivateFrameworks/SplashBoard.framework/
2026-06-03T08:46:48.4950390Z x iPhoneOS16.5.sdk/System/Library/PrivateFrameworks/SplashBoard.framework/SplashBoard.tbd
2026-06-03T08:46:48.4950570Z x iPhoneOS16.5.sdk/System/Library/PrivateFrameworks/DoNotDisturbKit.framework/
2026-06-03T08:46:48.4950800Z x iPhoneOS16.5.sdk/System/Library/PrivateFrameworks/DoNotDisturbKit.framework/DoNotDisturbKit.tbd
2026-06-03T08:46:48.4950980Z x iPhoneOS16.5.sdk/System/Library/PrivateFrameworks/DriverManagement.framework/
2026-06-03T08:46:48.4951230Z x iPhoneOS16.5.sdk/System/Library/PrivateFrameworks/DriverManagement.framework/DriverManagement.tbd
2026-06-03T08:46:48.4951420Z x iPhoneOS16.5.sdk/System/Library/PrivateFrameworks/DigitalSeparationUI.framework/
2026-06-03T08:46:48.4951690Z x iPhoneOS16.5.sdk/System/Library/PrivateFrameworks/DigitalSeparationUI.framework/DigitalSeparationUI.tbd
2026-06-03T08:46:48.4952710Z x iPhoneOS16.5.sdk/System/Library/PrivateFrameworks/AirPlaySupport.framework/
2026-06-03T08:46:48.4954000Z x iPhoneOS16.5.sdk/System/Library/PrivateFrameworks/AirPlaySupport.framework/AirPlaySupport.tbd
2026-06-03T08:46:48.4954230Z x iPhoneOS16.5.sdk/System/Library/PrivateFrameworks/MediaFoundation.framework/
2026-06-03T08:46:48.4954470Z x iPhoneOS16.5.sdk/System/Library/PrivateFrameworks/MediaFoundation.framework/MediaFoundation.tbd
2026-06-03T08:46:48.4954720Z x iPhoneOS16.5.sdk/System/Library/PrivateFrameworks/DesktopServicesPriv.framework/
2026-06-03T08:46:48.4954990Z x iPhoneOS16.5.sdk/System/Library/PrivateFrameworks/DesktopServicesPriv.framework/DesktopServicesPriv.tbd
2026-06-03T08:46:48.4955160Z x iPhoneOS16.5.sdk/System/Library/PrivateFrameworks/SiriSharedUI.framework/
2026-06-03T08:46:48.4955380Z x iPhoneOS16.5.sdk/System/Library/PrivateFrameworks/SiriSharedUI.framework/SiriSharedUI.tbd
2026-06-03T08:46:48.4955540Z x iPhoneOS16.5.sdk/System/Library/PrivateFrameworks/OSAnalytics.framework/
2026-06-03T08:46:48.4955760Z x iPhoneOS16.5.sdk/System/Library/PrivateFrameworks/OSAnalytics.framework/OSAnalytics.tbd
2026-06-03T08:46:48.4955900Z x iPhoneOS16.5.sdk/System/Library/PrivateFrameworks/NLP.framework/
2026-06-03T08:46:48.4956060Z x iPhoneOS16.5.sdk/System/Library/PrivateFrameworks/NLP.framework/NLP.tbd
2026-06-03T08:46:48.4956270Z x iPhoneOS16.5.sdk/System/Library/PrivateFrameworks/DiagnosticsReporterServices.framework/
2026-06-03T08:46:48.4956600Z x iPhoneOS16.5.sdk/System/Library/PrivateFrameworks/DiagnosticsReporterServices.framework/DiagnosticsReporterServices.tbd
2026-06-03T08:46:48.4956790Z x iPhoneOS16.5.sdk/System/Library/PrivateFrameworks/WebContentAnalysis.framework/
2026-06-03T08:46:48.4957040Z x iPhoneOS16.5.sdk/System/Library/PrivateFrameworks/WebContentAnalysis.framework/WebContentAnalysis.tbd
2026-06-03T08:46:48.4957220Z x iPhoneOS16.5.sdk/System/Library/PrivateFrameworks/NewsTransport.framework/
2026-06-03T08:46:48.4957440Z x iPhoneOS16.5.sdk/System/Library/PrivateFrameworks/NewsTransport.framework/NewsTransport.tbd
2026-06-03T08:46:48.4957610Z x iPhoneOS16.5.sdk/System/Library/PrivateFrameworks/TeaTemplate.framework/
2026-06-03T08:46:48.4957870Z x iPhoneOS16.5.sdk/System/Library/PrivateFrameworks/TeaTemplate.framework/TeaTemplate.tbd
2026-06-03T08:46:48.4958020Z x iPhoneOS16.5.sdk/System/Library/PrivateFrameworks/AOSKit.framework/
2026-06-03T08:46:48.4958200Z x iPhoneOS16.5.sdk/System/Library/PrivateFrameworks/AOSKit.framework/AOSKit.tbd
2026-06-03T08:46:48.4958380Z x iPhoneOS16.5.sdk/System/Library/PrivateFrameworks/AAAFoundationSwift.framework/
2026-06-03T08:46:48.4958640Z x iPhoneOS16.5.sdk/System/Library/PrivateFrameworks/AAAFoundationSwift.framework/AAAFoundationSwift.tbd
2026-06-03T08:46:48.4958810Z x iPhoneOS16.5.sdk/System/Library/PrivateFrameworks/ScreenReaderCore.framework/
2026-06-03T08:46:48.4959060Z x iPhoneOS16.5.sdk/System/Library/PrivateFrameworks/ScreenReaderCore.framework/ScreenReaderCore.tbd
2026-06-03T08:46:48.4959210Z x iPhoneOS16.5.sdk/System/Library/PrivateFrameworks/IntentsCore.framework/
2026-06-03T08:46:48.4959640Z x iPhoneOS16.5.sdk/System/Library/PrivateFrameworks/IntentsCore.framework/IntentsCore.tbd
2026-06-03T08:46:48.4959800Z x iPhoneOS16.5.sdk/System/Library/PrivateFrameworks/MIME.framework/
2026-06-03T08:46:48.4959960Z x iPhoneOS16.5.sdk/System/Library/PrivateFrameworks/MIME.framework/MIME.tbd
2026-06-03T08:46:48.4960110Z x iPhoneOS16.5.sdk/System/Library/PrivateFrameworks/FMFCore.framework/
2026-06-03T08:46:48.4960290Z x iPhoneOS16.5.sdk/System/Library/PrivateFrameworks/FMFCore.framework/FMFCore.tbd
2026-06-03T08:46:48.4960450Z x iPhoneOS16.5.sdk/System/Library/PrivateFrameworks/PodcastsUI.framework/
2026-06-03T08:46:48.4960650Z x iPhoneOS16.5.sdk/System/Library/PrivateFrameworks/PodcastsUI.framework/PodcastsUI.tbd
2026-06-03T08:46:48.4960860Z x iPhoneOS16.5.sdk/System/Library/PrivateFrameworks/ApplePhotonDetectorServices.framework/
2026-06-03T08:46:48.4961190Z x iPhoneOS16.5.sdk/System/Library/PrivateFrameworks/ApplePhotonDetectorServices.framework/ApplePhotonDetectorServices.tbd
2026-06-03T08:46:48.4961480Z x iPhoneOS16.5.sdk/System/Library/PrivateFrameworks/MobileSystemServices.framework/
2026-06-03T08:46:48.4961760Z x iPhoneOS16.5.sdk/System/Library/PrivateFrameworks/MobileSystemServices.framework/MobileSystemServices.tbd
2026-06-03T08:46:48.4962110Z x iPhoneOS16.5.sdk/System/Library/PrivateFrameworks/CarouselPreferenceServices.framework/
2026-06-03T08:46:48.4962450Z x iPhoneOS16.5.sdk/System/Library/PrivateFrameworks/CarouselPreferenceServices.framework/CarouselPreferenceServices.tbd
2026-06-03T08:46:48.4962600Z x iPhoneOS16.5.sdk/System/Library/PrivateFrameworks/GRDB.framework/
2026-06-03T08:46:48.4962800Z x iPhoneOS16.5.sdk/System/Library/PrivateFrameworks/GRDB.framework/GRDB.tbd
2026-06-03T08:46:48.4962960Z x iPhoneOS16.5.sdk/System/Library/PrivateFrameworks/iTunesCloud.framework/
2026-06-03T08:46:48.4963170Z x iPhoneOS16.5.sdk/System/Library/PrivateFrameworks/iTunesCloud.framework/iTunesCloud.tbd
2026-06-03T08:46:48.4963420Z x iPhoneOS16.5.sdk/System/Library/PrivateFrameworks/PersonalizationPortraitInternals.framework/
2026-06-03T08:46:48.4964830Z x iPhoneOS16.5.sdk/System/Library/PrivateFrameworks/PersonalizationPortraitInternals.framework/PersonalizationPortraitInternals.tbd
2026-06-03T08:46:48.4964990Z x iPhoneOS16.5.sdk/System/Library/PrivateFrameworks/oncrpc.framework/
2026-06-03T08:46:48.4965160Z x iPhoneOS16.5.sdk/System/Library/PrivateFrameworks/oncrpc.framework/oncrpc.tbd
2026-06-03T08:46:48.4965330Z x iPhoneOS16.5.sdk/System/Library/PrivateFrameworks/HeroDataClient.framework/
2026-06-03T08:46:48.4965560Z x iPhoneOS16.5.sdk/System/Library/PrivateFrameworks/HeroDataClient.framework/HeroDataClient.tbd
2026-06-03T08:46:48.4965720Z x iPhoneOS16.5.sdk/System/Library/PrivateFrameworks/AppleLDAP.framework/
2026-06-03T08:46:48.4965910Z x iPhoneOS16.5.sdk/System/Library/PrivateFrameworks/AppleLDAP.framework/AppleLDAP.tbd
2026-06-03T08:46:48.4966070Z x iPhoneOS16.5.sdk/System/Library/PrivateFrameworks/InputContext.framework/
2026-06-03T08:46:48.4966290Z x iPhoneOS16.5.sdk/System/Library/PrivateFrameworks/InputContext.framework/InputContext.tbd
2026-06-03T08:46:48.4966480Z x iPhoneOS16.5.sdk/System/Library/PrivateFrameworks/RespiratoryHealthUI.framework/
2026-06-03T08:46:48.4967310Z x iPhoneOS16.5.sdk/System/Library/PrivateFrameworks/RespiratoryHealthUI.framework/RespiratoryHealthUI.tbd
2026-06-03T08:46:48.4967950Z x iPhoneOS16.5.sdk/System/Library/PrivateFrameworks/HeadphoneConfigs.framework/
2026-06-03T08:46:48.4968590Z x iPhoneOS16.5.sdk/System/Library/PrivateFrameworks/HeadphoneConfigs.framework/HeadphoneConfigs.tbd
2026-06-03T08:46:48.4969290Z x iPhoneOS16.5.sdk/System/Library/PrivateFrameworks/CognitiveHealth.framework/
2026-06-03T08:46:48.4969940Z x iPhoneOS16.5.sdk/System/Library/PrivateFrameworks/CognitiveHealth.framework/CognitiveHealth.tbd
2026-06-03T08:46:48.4970400Z x iPhoneOS16.5.sdk/System/Library/PrivateFrameworks/CoreRepairCore.framework/
2026-06-03T08:46:48.4970970Z x iPhoneOS16.5.sdk/System/Library/PrivateFrameworks/CoreRepairCore.framework/CoreRepairCore.tbd
2026-06-03T08:46:48.4971450Z x iPhoneOS16.5.sdk/System/Library/PrivateFrameworks/QuickLookThumbnailingDaemon.framework/
2026-06-03T08:46:48.4971790Z x iPhoneOS16.5.sdk/System/Library/PrivateFrameworks/QuickLookThumbnailingDaemon.framework/QuickLookThumbnailingDaemon.tbd
2026-06-03T08:46:48.4971990Z x iPhoneOS16.5.sdk/System/Library/PrivateFrameworks/USDLib_FormatLoaderProxy.framework/
2026-06-03T08:46:48.4972290Z x iPhoneOS16.5.sdk/System/Library/PrivateFrameworks/USDLib_FormatLoaderProxy.framework/USDLib_FormatLoaderProxy.tbd
2026-06-03T08:46:48.4972450Z x iPhoneOS16.5.sdk/System/Library/PrivateFrameworks/CoreCapture.framework/
2026-06-03T08:46:48.4972680Z x iPhoneOS16.5.sdk/System/Library/PrivateFrameworks/CoreCapture.framework/CoreCapture.tbd
2026-06-03T08:46:48.4972830Z x iPhoneOS16.5.sdk/System/Library/PrivateFrameworks/TipKit.framework/
2026-06-03T08:46:48.4973220Z x iPhoneOS16.5.sdk/System/Library/PrivateFrameworks/TipKit.framework/TipKit.tbd
2026-06-03T08:46:48.4973550Z x iPhoneOS16.5.sdk/System/Library/PrivateFrameworks/CalendarDatabase.framework/
2026-06-03T08:46:48.4973810Z x iPhoneOS16.5.sdk/System/Library/PrivateFrameworks/CalendarDatabase.framework/CalendarDatabase.tbd
2026-06-03T08:46:48.4973990Z x iPhoneOS16.5.sdk/System/Library/PrivateFrameworks/ANEServices.framework/
2026-06-03T08:46:48.4974200Z x iPhoneOS16.5.sdk/System/Library/PrivateFrameworks/ANEServices.framework/ANEServices.tbd
2026-06-03T08:46:48.4974400Z x iPhoneOS16.5.sdk/System/Library/PrivateFrameworks/ProtectedCloudStorage.framework/
2026-06-03T08:46:48.4974680Z x iPhoneOS16.5.sdk/System/Library/PrivateFrameworks/ProtectedCloudStorage.framework/ProtectedCloudStorage.tbd
2026-06-03T08:46:48.4974840Z x iPhoneOS16.5.sdk/System/Library/PrivateFrameworks/LinkServices.framework/
2026-06-03T08:46:48.4976140Z x iPhoneOS16.5.sdk/System/Library/PrivateFrameworks/LinkServices.framework/LinkServices.tbd
2026-06-03T08:46:48.4976290Z x iPhoneOS16.5.sdk/System/Library/PrivateFrameworks/HID.framework/
2026-06-03T08:46:48.4976450Z x iPhoneOS16.5.sdk/System/Library/PrivateFrameworks/HID.framework/HID.tbd
2026-06-03T08:46:48.4976600Z x iPhoneOS16.5.sdk/System/Library/PrivateFrameworks/Timeline.framework/
2026-06-03T08:46:48.4976790Z x iPhoneOS16.5.sdk/System/Library/PrivateFrameworks/Timeline.framework/Timeline.tbd
2026-06-03T08:46:48.4976970Z x iPhoneOS16.5.sdk/System/Library/PrivateFrameworks/FlightUtilities.framework/
2026-06-03T08:46:48.4977200Z x iPhoneOS16.5.sdk/System/Library/PrivateFrameworks/FlightUtilities.framework/FlightUtilities.tbd
2026-06-03T08:46:48.4977360Z x iPhoneOS16.5.sdk/System/Library/PrivateFrameworks/WorkflowKit.framework/
2026-06-03T08:46:48.4977560Z x iPhoneOS16.5.sdk/System/Library/PrivateFrameworks/WorkflowKit.framework/WorkflowKit.tbd
2026-06-03T08:46:48.4977780Z x iPhoneOS16.5.sdk/System/Library/PrivateFrameworks/HealthDiagnosticExtensionCore.framework/
2026-06-03T08:46:48.4978120Z x iPhoneOS16.5.sdk/System/Library/PrivateFrameworks/HealthDiagnosticExtensionCore.framework/HealthDiagnosticExtensionCore.tbd
2026-06-03T08:46:48.4978280Z x iPhoneOS16.5.sdk/System/Library/PrivateFrameworks/CommonAuth.framework/
2026-06-03T08:46:48.4978480Z x iPhoneOS16.5.sdk/System/Library/PrivateFrameworks/CommonAuth.framework/CommonAuth.tbd
2026-06-03T08:46:48.4978650Z x iPhoneOS16.5.sdk/System/Library/PrivateFrameworks/WeatherDaemon.framework/
2026-06-03T08:46:48.4978870Z x iPhoneOS16.5.sdk/System/Library/PrivateFrameworks/WeatherDaemon.framework/WeatherDaemon.tbd
2026-06-03T08:46:48.4979020Z x iPhoneOS16.5.sdk/System/Library/PrivateFrameworks/StocksCore.framework/
2026-06-03T08:46:48.4979220Z x iPhoneOS16.5.sdk/System/Library/PrivateFrameworks/StocksCore.framework/StocksCore.tbd
2026-06-03T08:46:48.4979390Z x iPhoneOS16.5.sdk/System/Library/PrivateFrameworks/VoiceShortcuts.framework/
2026-06-03T08:46:48.4979680Z x iPhoneOS16.5.sdk/System/Library/PrivateFrameworks/VoiceShortcuts.framework/VoiceShortcuts.tbd
2026-06-03T08:46:48.4979770Z x iPhoneOS16.5.sdk/System/Library/VideoProcessors/
2026-06-03T08:46:48.4979990Z x iPhoneOS16.5.sdk/System/Library/VideoProcessors/DepthProcessorV1.bundle/
2026-06-03T08:46:48.4980350Z x iPhoneOS16.5.sdk/System/Library/VideoProcessors/DepthProcessorV1.bundle/DepthProcessorV1.tbd
2026-06-03T08:46:48.4980500Z x iPhoneOS16.5.sdk/System/Library/VideoProcessors/MetalFilter.bundle/
2026-06-03T08:46:48.4980700Z x iPhoneOS16.5.sdk/System/Library/VideoProcessors/MetalFilter.bundle/MetalFilter.tbd
2026-06-03T08:46:48.4980830Z x iPhoneOS16.5.sdk/System/Library/VideoProcessors/NRFV3.bundle/
2026-06-03T08:46:48.4980970Z x iPhoneOS16.5.sdk/System/Library/VideoProcessors/NRFV3.bundle/NRFV3.tbd
2026-06-03T08:46:48.4981110Z x iPhoneOS16.5.sdk/System/Library/VideoProcessors/BarcodeScanner.tbd
2026-06-03T08:46:48.4981240Z x iPhoneOS16.5.sdk/System/Library/VideoProcessors/STF.bundle/
2026-06-03T08:46:48.4981380Z x iPhoneOS16.5.sdk/System/Library/VideoProcessors/STF.bundle/STF.tbd
2026-06-03T08:46:48.4981530Z x iPhoneOS16.5.sdk/System/Library/VideoProcessors/SDOFRenderingV4.bundle/
2026-06-03T08:46:48.4981870Z x iPhoneOS16.5.sdk/System/Library/VideoProcessors/SDOFRenderingV4.bundle/SDOFRenderingV4.tbd
2026-06-03T08:46:48.4982000Z x iPhoneOS16.5.sdk/System/Library/VideoProcessors/NRFV2.bundle/
2026-06-03T08:46:48.4982150Z x iPhoneOS16.5.sdk/System/Library/VideoProcessors/NRFV2.bundle/NRFV2.tbd
2026-06-03T08:46:48.4982300Z x iPhoneOS16.5.sdk/System/Library/VideoProcessors/FPDisparityV2.bundle/
2026-06-03T08:46:48.4982500Z x iPhoneOS16.5.sdk/System/Library/VideoProcessors/FPDisparityV2.bundle/FPDisparityV2.tbd
2026-06-03T08:46:48.4982640Z x iPhoneOS16.5.sdk/System/Library/VideoProcessors/MattingV2.bundle/
2026-06-03T08:46:48.4982820Z x iPhoneOS16.5.sdk/System/Library/VideoProcessors/MattingV2.bundle/MattingV2.tbd
2026-06-03T08:46:48.4982890Z x iPhoneOS16.5.sdk/System/Library/Health/
2026-06-03T08:46:48.4982980Z x iPhoneOS16.5.sdk/System/Library/Health/Plugins/
2026-06-03T08:46:48.4983170Z x iPhoneOS16.5.sdk/System/Library/Health/Plugins/MenstrualCyclesDaemonPlugin.bundle/
2026-06-03T08:46:48.4983480Z x iPhoneOS16.5.sdk/System/Library/Health/Plugins/MenstrualCyclesDaemonPlugin.bundle/MenstrualCyclesDaemonPlugin.tbd
2026-06-03T08:46:48.4983640Z x iPhoneOS16.5.sdk/System/Library/Health/Plugins/HeartDaemonPlugin.bundle/
2026-06-03T08:46:48.4983870Z x iPhoneOS16.5.sdk/System/Library/Health/Plugins/HeartDaemonPlugin.bundle/HeartDaemonPlugin.tbd
2026-06-03T08:46:48.4984070Z x iPhoneOS16.5.sdk/System/Library/Health/Plugins/RespiratoryHealthDaemonPlugin.bundle/
2026-06-03T08:46:48.4984390Z x iPhoneOS16.5.sdk/System/Library/Health/Plugins/RespiratoryHealthDaemonPlugin.bundle/RespiratoryHealthDaemonPlugin.tbd
2026-06-03T08:46:48.4984540Z x iPhoneOS16.5.sdk/System/Library/Health/Plugins/HealthAppPlugin.bundle/
2026-06-03T08:46:48.4984750Z x iPhoneOS16.5.sdk/System/Library/Health/Plugins/HealthAppPlugin.bundle/HealthAppPlugin.tbd
2026-06-03T08:46:48.4984930Z x iPhoneOS16.5.sdk/System/Library/Health/Plugins/ActivitySharingPlugin.bundle/
2026-06-03T08:46:48.4985180Z x iPhoneOS16.5.sdk/System/Library/Health/Plugins/ActivitySharingPlugin.bundle/ActivitySharingPlugin.tbd
2026-06-03T08:46:48.4985380Z x iPhoneOS16.5.sdk/System/Library/Health/Plugins/ActivityAchievementsPlugin.bundle/
2026-06-03T08:46:48.4985670Z x iPhoneOS16.5.sdk/System/Library/Health/Plugins/ActivityAchievementsPlugin.bundle/ActivityAchievementsPlugin.tbd
2026-06-03T08:46:48.4985840Z x iPhoneOS16.5.sdk/System/Library/Health/Plugins/ActivityAwardsPlugin.bundle/
2026-06-03T08:46:48.4986090Z x iPhoneOS16.5.sdk/System/Library/Health/Plugins/ActivityAwardsPlugin.bundle/ActivityAwardsPlugin.tbd
2026-06-03T08:46:48.4986270Z x iPhoneOS16.5.sdk/System/Library/Health/Plugins/SleepHealthDaemonPlugin.bundle/
2026-06-03T08:46:48.4986540Z x iPhoneOS16.5.sdk/System/Library/Health/Plugins/SleepHealthDaemonPlugin.bundle/SleepHealthDaemonPlugin.tbd
2026-06-03T08:46:48.4986720Z x iPhoneOS16.5.sdk/System/Library/Health/Plugins/CompanionHealthPlugin.bundle/
2026-06-03T08:46:48.4986980Z x iPhoneOS16.5.sdk/System/Library/Health/Plugins/CompanionHealthPlugin.bundle/CompanionHealthPlugin.tbd
2026-06-03T08:46:48.4987090Z x iPhoneOS16.5.sdk/System/Library/Health/FeedItemPlugins/
2026-06-03T08:46:48.4987690Z x iPhoneOS16.5.sdk/System/Library/Health/FeedItemPlugins/Snippets.healthplugin/
2026-06-03T08:46:48.4987920Z x iPhoneOS16.5.sdk/System/Library/Health/FeedItemPlugins/Snippets.healthplugin/Snippets.tbd
2026-06-03T08:46:48.4988100Z x iPhoneOS16.5.sdk/System/Library/Health/FeedItemPlugins/Highlights.healthplugin/
2026-06-03T08:46:48.4988330Z x iPhoneOS16.5.sdk/System/Library/Health/FeedItemPlugins/Highlights.healthplugin/Highlights.tbd
2026-06-03T08:46:48.4988520Z x iPhoneOS16.5.sdk/System/Library/Health/FeedItemPlugins/HighlightAlerts.healthplugin/
2026-06-03T08:46:48.4988790Z x iPhoneOS16.5.sdk/System/Library/Health/FeedItemPlugins/HighlightAlerts.healthplugin/HighlightAlerts.tbd
2026-06-03T08:46:48.4989000Z x iPhoneOS16.5.sdk/System/Library/Health/FeedItemPlugins/AppRecommendations.healthplugin/
2026-06-03T08:46:48.4989280Z x iPhoneOS16.5.sdk/System/Library/Health/FeedItemPlugins/AppRecommendations.healthplugin/AppRecommendations.tbd
2026-06-03T08:46:48.4989610Z x iPhoneOS16.5.sdk/System/Library/Health/FeedItemPlugins/MenstrualCyclesAppPlugin.healthplugin/
2026-06-03T08:46:48.4989940Z x iPhoneOS16.5.sdk/System/Library/Health/FeedItemPlugins/MenstrualCyclesAppPlugin.healthplugin/MenstrualCyclesAppPlugin.tbd
2026-06-03T08:46:48.4990190Z x iPhoneOS16.5.sdk/System/Library/Health/FeedItemPlugins/Profiles.healthplugin/
2026-06-03T08:46:48.4990410Z x iPhoneOS16.5.sdk/System/Library/Health/FeedItemPlugins/Profiles.healthplugin/Profiles.tbd
2026-06-03T08:46:48.4990610Z x iPhoneOS16.5.sdk/System/Library/Health/FeedItemPlugins/HealthArticles.healthplugin/
2026-06-03T08:46:48.4990860Z x iPhoneOS16.5.sdk/System/Library/Health/FeedItemPlugins/HealthArticles.healthplugin/HealthArticles.tbd
2026-06-03T08:46:48.4991110Z x iPhoneOS16.5.sdk/System/Library/Health/FeedItemPlugins/RespiratoryHealthAppPlugin.healthplugin/
2026-06-03T08:46:48.4991450Z x iPhoneOS16.5.sdk/System/Library/Health/FeedItemPlugins/RespiratoryHealthAppPlugin.healthplugin/RespiratoryHealthAppPlugin.tbd
2026-06-03T08:46:48.4991690Z x iPhoneOS16.5.sdk/System/Library/Health/FeedItemPlugins/SleepHealthAppPlugin.healthplugin/
2026-06-03T08:46:48.4992010Z x iPhoneOS16.5.sdk/System/Library/Health/FeedItemPlugins/SleepHealthAppPlugin.healthplugin/SleepHealthAppPlugin.tbd
2026-06-03T08:46:48.4992190Z x iPhoneOS16.5.sdk/System/Library/Health/FeedItemPlugins/Summaries.healthplugin/
2026-06-03T08:46:48.4992400Z x iPhoneOS16.5.sdk/System/Library/Health/FeedItemPlugins/Summaries.healthplugin/Summaries.tbd
2026-06-03T08:46:48.4992640Z x iPhoneOS16.5.sdk/System/Library/Health/FeedItemPlugins/MedicationsHealthAppPlugin.healthplugin/
2026-06-03T08:46:48.4994620Z x iPhoneOS16.5.sdk/System/Library/Health/FeedItemPlugins/MedicationsHealthAppPlugin.healthplugin/MedicationsHealthAppPlugin.tbd
2026-06-03T08:46:48.4995240Z x iPhoneOS16.5.sdk/System/Library/Health/FeedItemPlugins/ResearchApp.healthplugin/
2026-06-03T08:46:48.4995940Z x iPhoneOS16.5.sdk/System/Library/Health/FeedItemPlugins/ResearchApp.healthplugin/ResearchApp.tbd
2026-06-03T08:46:48.4996420Z x iPhoneOS16.5.sdk/System/Library/Health/FeedItemPlugins/Heart.healthplugin/
2026-06-03T08:46:48.4996920Z x iPhoneOS16.5.sdk/System/Library/Health/FeedItemPlugins/Heart.healthplugin/Heart.tbd
2026-06-03T08:46:48.4997400Z x iPhoneOS16.5.sdk/System/Library/Health/FeedItemPlugins/Categories.healthplugin/
2026-06-03T08:46:48.4998120Z x iPhoneOS16.5.sdk/System/Library/Health/FeedItemPlugins/Categories.healthplugin/Categories.tbd
2026-06-03T08:46:48.4998580Z x iPhoneOS16.5.sdk/System/Library/Health/FeedItemPlugins/Safety.healthplugin/
2026-06-03T08:46:48.4999100Z x iPhoneOS16.5.sdk/System/Library/Health/FeedItemPlugins/Safety.healthplugin/Safety.tbd
2026-06-03T08:46:48.4999630Z x iPhoneOS16.5.sdk/System/Library/Health/FeedItemPlugins/HearingAppPlugin.healthplugin/
2026-06-03T08:46:48.5000350Z x iPhoneOS16.5.sdk/System/Library/Health/FeedItemPlugins/HearingAppPlugin.healthplugin/HearingAppPlugin.tbd
2026-06-03T08:46:48.5001180Z x iPhoneOS16.5.sdk/System/Library/Health/FeedItemPlugins/MobilityAppPlugin.healthplugin/
2026-06-03T08:46:48.5002220Z x iPhoneOS16.5.sdk/System/Library/Health/FeedItemPlugins/MobilityAppPlugin.healthplugin/MobilityAppPlugin.tbd
2026-06-03T08:46:48.5002740Z x iPhoneOS16.5.sdk/System/Library/Health/FeedItemPlugins/HealthRecords.healthplugin/
2026-06-03T08:46:48.5003510Z x iPhoneOS16.5.sdk/System/Library/Health/FeedItemPlugins/HealthRecords.healthplugin/HealthRecords.tbd
2026-06-03T08:46:48.5004120Z x iPhoneOS16.5.sdk/System/Library/Health/FeedItemPlugins/VisionHealthAppPlugin.healthplugin/
2026-06-03T08:46:48.5004920Z x iPhoneOS16.5.sdk/System/Library/Health/FeedItemPlugins/VisionHealthAppPlugin.healthplugin/VisionHealthAppPlugin.tbd
2026-06-03T08:46:48.5005190Z x iPhoneOS16.5.sdk/System/Library/ControlCenter/
2026-06-03T08:46:48.5005500Z x iPhoneOS16.5.sdk/System/Library/ControlCenter/Bundles/
2026-06-03T08:46:48.5017810Z x iPhoneOS16.5.sdk/System/Library/ControlCenter/Bundles/AccessibilityGuidedAccessControlCenterModule.bundle/
2026-06-03T08:46:48.5018510Z x iPhoneOS16.5.sdk/System/Library/ControlCenter/Bundles/AccessibilityGuidedAccessControlCenterModule.bundle/AccessibilityGuidedAccessControlCenterModule.tbd
2026-06-03T08:46:48.5018680Z x iPhoneOS16.5.sdk/System/Library/ControlCenter/Bundles/DisplayModule.bundle/
2026-06-03T08:46:48.5018910Z x iPhoneOS16.5.sdk/System/Library/ControlCenter/Bundles/DisplayModule.bundle/DisplayModule.tbd
2026-06-03T08:46:48.5019110Z x iPhoneOS16.5.sdk/System/Library/ControlCenter/Bundles/OrientationLockModule.bundle/
2026-06-03T08:46:48.5019390Z x iPhoneOS16.5.sdk/System/Library/ControlCenter/Bundles/OrientationLockModule.bundle/OrientationLockModule.tbd
2026-06-03T08:46:48.5019560Z x iPhoneOS16.5.sdk/System/Library/ControlCenter/Bundles/QRCodeModule.bundle/
2026-06-03T08:46:48.5019880Z x iPhoneOS16.5.sdk/System/Library/ControlCenter/Bundles/QRCodeModule.bundle/QRCodeModule.tbd
2026-06-03T08:46:48.5020060Z x iPhoneOS16.5.sdk/System/Library/ControlCenter/Bundles/FlashlightModule.bundle/
2026-06-03T08:46:48.5020310Z x iPhoneOS16.5.sdk/System/Library/ControlCenter/Bundles/FlashlightModule.bundle/FlashlightModule.tbd
2026-06-03T08:46:48.5020520Z x iPhoneOS16.5.sdk/System/Library/ControlCenter/Bundles/KeyboardBrightnessModule.bundle/
2026-06-03T08:46:48.5020820Z x iPhoneOS16.5.sdk/System/Library/ControlCenter/Bundles/KeyboardBrightnessModule.bundle/KeyboardBrightnessModule.tbd
2026-06-03T08:46:48.5021000Z x iPhoneOS16.5.sdk/System/Library/ControlCenter/Bundles/StopwatchModule.bundle/
2026-06-03T08:46:48.5021240Z x iPhoneOS16.5.sdk/System/Library/ControlCenter/Bundles/StopwatchModule.bundle/StopwatchModule.tbd
2026-06-03T08:46:48.5021470Z x iPhoneOS16.5.sdk/System/Library/ControlCenter/Bundles/AccessibilityTextSizeModule.bundle/
2026-06-03T08:46:48.5021800Z x iPhoneOS16.5.sdk/System/Library/ControlCenter/Bundles/AccessibilityTextSizeModule.bundle/AccessibilityTextSizeModule.tbd
2026-06-03T08:46:48.5021980Z x iPhoneOS16.5.sdk/System/Library/ControlCenter/Bundles/MagnifierModule.bundle/
2026-06-03T08:46:48.5022210Z x iPhoneOS16.5.sdk/System/Library/ControlCenter/Bundles/MagnifierModule.bundle/MagnifierModule.tbd
2026-06-03T08:46:48.5022500Z x iPhoneOS16.5.sdk/System/Library/ControlCenter/Bundles/AccessibilitySoundDetectionControlCenterModule.bundle/
2026-06-03T08:46:48.5022970Z x iPhoneOS16.5.sdk/System/Library/ControlCenter/Bundles/AccessibilitySoundDetectionControlCenterModule.bundle/AccessibilitySoundDetectionControlCenterModule.tbd
2026-06-03T08:46:48.5023140Z x iPhoneOS16.5.sdk/System/Library/ControlCenter/Bundles/AppearanceModule.bundle/
2026-06-03T08:46:48.5023390Z x iPhoneOS16.5.sdk/System/Library/ControlCenter/Bundles/AppearanceModule.bundle/AppearanceModule.tbd
2026-06-03T08:46:48.5023610Z x iPhoneOS16.5.sdk/System/Library/ControlCenter/Bundles/AccessibilityShorcutsModule.bundle/
2026-06-03T08:46:48.5023920Z x iPhoneOS16.5.sdk/System/Library/ControlCenter/Bundles/AccessibilityShorcutsModule.bundle/AccessibilityShorcutsModule.tbd
2026-06-03T08:46:48.5024130Z x iPhoneOS16.5.sdk/System/Library/ControlCenter/Bundles/FeedbackAssistantModule.bundle/
2026-06-03T08:46:48.5024560Z x iPhoneOS16.5.sdk/System/Library/ControlCenter/Bundles/FeedbackAssistantModule.bundle/FeedbackAssistantModule.tbd
2026-06-03T08:46:48.5024780Z x iPhoneOS16.5.sdk/System/Library/ControlCenter/Bundles/SpokenNotificationsModule.bundle/
2026-06-03T08:46:48.5025090Z x iPhoneOS16.5.sdk/System/Library/ControlCenter/Bundles/SpokenNotificationsModule.bundle/SpokenNotificationsModule.tbd
2026-06-03T08:46:48.5025280Z x iPhoneOS16.5.sdk/System/Library/ControlCenter/Bundles/AirPlayMirroringModule.bundle/
2026-06-03T08:46:48.5025560Z x iPhoneOS16.5.sdk/System/Library/ControlCenter/Bundles/AirPlayMirroringModule.bundle/AirPlayMirroringModule.tbd
2026-06-03T08:46:48.5025720Z x iPhoneOS16.5.sdk/System/Library/ControlCenter/Bundles/TimerModule.bundle/
2026-06-03T08:46:48.5025930Z x iPhoneOS16.5.sdk/System/Library/ControlCenter/Bundles/TimerModule.bundle/TimerModule.tbd
2026-06-03T08:46:48.5026190Z x iPhoneOS16.5.sdk/System/Library/ControlCenter/Bundles/PerformanceTraceModule.bundle/
2026-06-03T08:46:48.5026470Z x iPhoneOS16.5.sdk/System/Library/ControlCenter/Bundles/PerformanceTraceModule.bundle/PerformanceTraceModule.tbd
2026-06-03T08:46:48.5026650Z x iPhoneOS16.5.sdk/System/Library/ControlCenter/Bundles/VoiceMemosModule.bundle/
2026-06-03T08:46:48.5026890Z x iPhoneOS16.5.sdk/System/Library/ControlCenter/Bundles/VoiceMemosModule.bundle/VoiceMemosModule.tbd
2026-06-03T08:46:48.5027070Z x iPhoneOS16.5.sdk/System/Library/ControlCenter/Bundles/LowPowerModule.bundle/
2026-06-03T08:46:48.5027290Z x iPhoneOS16.5.sdk/System/Library/ControlCenter/Bundles/LowPowerModule.bundle/LowPowerModule.tbd
2026-06-03T08:46:48.5027450Z x iPhoneOS16.5.sdk/System/Library/ControlCenter/Bundles/AlarmModule.bundle/
2026-06-03T08:46:48.5027660Z x iPhoneOS16.5.sdk/System/Library/ControlCenter/Bundles/AlarmModule.bundle/AlarmModule.tbd
2026-06-03T08:46:48.5027860Z x iPhoneOS16.5.sdk/System/Library/ControlCenter/Bundles/HomeControlCenterModule.bundle/
2026-06-03T08:46:48.5028150Z x iPhoneOS16.5.sdk/System/Library/ControlCenter/Bundles/HomeControlCenterModule.bundle/HomeControlCenterModule.tbd
2026-06-03T08:46:48.5028330Z x iPhoneOS16.5.sdk/System/Library/ControlCenter/Bundles/QuickNoteModule.bundle/
2026-06-03T08:46:48.5028560Z x iPhoneOS16.5.sdk/System/Library/ControlCenter/Bundles/QuickNoteModule.bundle/QuickNoteModule.tbd
2026-06-03T08:46:48.5028720Z x iPhoneOS16.5.sdk/System/Library/ControlCenter/Bundles/CameraModule.bundle/
2026-06-03T08:46:48.5028940Z x iPhoneOS16.5.sdk/System/Library/ControlCenter/Bundles/CameraModule.bundle/CameraModule.tbd
2026-06-03T08:46:48.5029100Z x iPhoneOS16.5.sdk/System/Library/ControlCenter/Bundles/ShazamModule.bundle/
2026-06-03T08:46:48.5029310Z x iPhoneOS16.5.sdk/System/Library/ControlCenter/Bundles/ShazamModule.bundle/ShazamModule.tbd
2026-06-03T08:46:48.5029490Z x iPhoneOS16.5.sdk/System/Library/ControlCenter/Bundles/HearingAidsModule.bundle/
2026-06-03T08:46:48.5029740Z x iPhoneOS16.5.sdk/System/Library/ControlCenter/Bundles/HearingAidsModule.bundle/HearingAidsModule.tbd
2026-06-03T08:46:48.5029970Z x iPhoneOS16.5.sdk/System/Library/ControlCenter/Bundles/HomeControlCenterCompactModule.bundle/
2026-06-03T08:46:48.5030310Z x iPhoneOS16.5.sdk/System/Library/ControlCenter/Bundles/HomeControlCenterCompactModule.bundle/HomeControlCenterCompactModule.tbd
2026-06-03T08:46:48.5030490Z x iPhoneOS16.5.sdk/System/Library/ControlCenter/Bundles/CalculatorModule.bundle/
2026-06-03T08:46:48.5030730Z x iPhoneOS16.5.sdk/System/Library/ControlCenter/Bundles/CalculatorModule.bundle/CalculatorModule.tbd
2026-06-03T08:46:48.5030880Z x iPhoneOS16.5.sdk/System/Library/ControlCenter/Bundles/MuteModule.bundle/
2026-06-03T08:46:48.5031080Z x iPhoneOS16.5.sdk/System/Library/ControlCenter/Bundles/MuteModule.bundle/MuteModule.tbd
2026-06-03T08:46:48.5031240Z x iPhoneOS16.5.sdk/System/Library/ControlCenter/Bundles/WalletModule.bundle/
2026-06-03T08:46:48.5031450Z x iPhoneOS16.5.sdk/System/Library/ControlCenter/Bundles/WalletModule.bundle/WalletModule.tbd
2026-06-03T08:46:48.5031650Z x iPhoneOS16.5.sdk/System/Library/ControlCenter/Bundles/MediaControlsAudioModule.bundle/
2026-06-03T08:46:48.5032000Z x iPhoneOS16.5.sdk/System/Library/ControlCenter/Bundles/MediaControlsAudioModule.bundle/MediaControlsAudioModule.tbd
2026-06-03T08:46:48.5032180Z x iPhoneOS16.5.sdk/System/Library/ControlCenter/Bundles/TVRemoteModule.bundle/
2026-06-03T08:46:48.5032400Z x iPhoneOS16.5.sdk/System/Library/ControlCenter/Bundles/TVRemoteModule.bundle/TVRemoteModule.tbd
2026-06-03T08:46:48.5032590Z x iPhoneOS16.5.sdk/System/Library/ControlCenter/Bundles/ConnectivityModule.bundle/
2026-06-03T08:46:48.5032840Z x iPhoneOS16.5.sdk/System/Library/ControlCenter/Bundles/ConnectivityModule.bundle/ConnectivityModule.tbd
2026-06-03T08:46:48.5033030Z x iPhoneOS16.5.sdk/System/Library/ControlCenter/Bundles/MediaControlsModule.bundle/
2026-06-03T08:46:48.5033290Z x iPhoneOS16.5.sdk/System/Library/ControlCenter/Bundles/MediaControlsModule.bundle/MediaControlsModule.tbd
2026-06-03T08:46:48.5033430Z x iPhoneOS16.5.sdk/System/Library/VideoDecoders/
2026-06-03T08:46:48.5033560Z x iPhoneOS16.5.sdk/System/Library/VideoDecoders/VCPMP4V.tbd
2026-06-03T08:46:48.5033670Z x iPhoneOS16.5.sdk/System/Library/VideoDecoders/MP4VH8.tbd
2026-06-03T08:46:48.5033780Z x iPhoneOS16.5.sdk/System/Library/VideoDecoders/AVD.tbd
2026-06-03T08:46:48.5033890Z x iPhoneOS16.5.sdk/System/Library/VideoDecoders/VCH263.tbd
2026-06-03T08:46:48.5034000Z x iPhoneOS16.5.sdk/System/Library/VideoDecoders/JPEGH1.tbd
2026-06-03T08:46:48.5034160Z x iPhoneOS16.5.sdk/System/Library/VideoDecoders/AppleProResHWDecoder.tbd
2026-06-03T08:46:48.5034270Z x iPhoneOS16.5.sdk/System/Library/VideoDecoders/AV1SW.tbd
2026-06-03T08:46:48.5034410Z x iPhoneOS16.5.sdk/System/Library/VideoDecoders/AppleProResSWDecoder.tbd
2026-06-03T08:46:48.5034520Z x iPhoneOS16.5.sdk/System/Library/VideoDecoders/H264H8.tbd
2026-06-03T08:46:48.5034590Z x iPhoneOS16.5.sdk/System/Cryptexes/
2026-06-03T08:46:48.5034660Z x iPhoneOS16.5.sdk/System/Cryptexes/OS/
2026-06-03T08:46:48.5034750Z x iPhoneOS16.5.sdk/System/Cryptexes/OS/System/
2026-06-03T08:46:48.5034850Z x iPhoneOS16.5.sdk/System/Cryptexes/OS/System/Library/
2026-06-03T08:46:48.5034980Z x iPhoneOS16.5.sdk/System/Cryptexes/OS/System/Library/Frameworks/
2026-06-03T08:46:48.5035220Z x iPhoneOS16.5.sdk/System/Cryptexes/OS/System/Library/Frameworks/AuthenticationServices.framework/
2026-06-03T08:46:48.5035570Z x iPhoneOS16.5.sdk/System/Cryptexes/OS/System/Library/Frameworks/AuthenticationServices.framework/Modules/
2026-06-03T08:46:48.5035880Z x iPhoneOS16.5.sdk/System/Cryptexes/OS/System/Library/Frameworks/AuthenticationServices.framework/Modules/module.modulemap
2026-06-03T08:46:48.5036270Z x iPhoneOS16.5.sdk/System/Cryptexes/OS/System/Library/Frameworks/AuthenticationServices.framework/Modules/AuthenticationServices.swiftcrossimport/
2026-06-03T08:46:48.5036730Z x iPhoneOS16.5.sdk/System/Cryptexes/OS/System/Library/Frameworks/AuthenticationServices.framework/Modules/AuthenticationServices.swiftcrossimport/SwiftUI.swiftoverlay
2026-06-03T08:46:48.5037100Z x iPhoneOS16.5.sdk/System/Cryptexes/OS/System/Library/Frameworks/AuthenticationServices.framework/Modules/AuthenticationServices.swiftmodule/
2026-06-03T08:46:48.5037560Z x iPhoneOS16.5.sdk/System/Cryptexes/OS/System/Library/Frameworks/AuthenticationServices.framework/Modules/AuthenticationServices.swiftmodule/arm64e-apple-ios.swiftdoc
2026-06-03T08:46:48.5038030Z x iPhoneOS16.5.sdk/System/Cryptexes/OS/System/Library/Frameworks/AuthenticationServices.framework/Modules/AuthenticationServices.swiftmodule/arm64-apple-ios.swiftdoc
2026-06-03T08:46:48.5038490Z x iPhoneOS16.5.sdk/System/Cryptexes/OS/System/Library/Frameworks/AuthenticationServices.framework/Modules/AuthenticationServices.swiftmodule/arm64e-apple-ios.swiftinterface
2026-06-03T08:46:48.5038960Z x iPhoneOS16.5.sdk/System/Cryptexes/OS/System/Library/Frameworks/AuthenticationServices.framework/Modules/AuthenticationServices.swiftmodule/arm64-apple-ios.swiftinterface
2026-06-03T08:46:48.5039220Z x iPhoneOS16.5.sdk/System/Cryptexes/OS/System/Library/Frameworks/AuthenticationServices.framework/Headers/
2026-06-03T08:46:48.5039650Z x iPhoneOS16.5.sdk/System/Cryptexes/OS/System/Library/Frameworks/AuthenticationServices.framework/Headers/ASAuthorizationProvider.h
2026-06-03T08:46:48.5040100Z x iPhoneOS16.5.sdk/System/Cryptexes/OS/System/Library/Frameworks/AuthenticationServices.framework/Headers/ASWebAuthenticationSessionWebBrowserSessionManager.h
2026-06-03T08:46:48.5040540Z x iPhoneOS16.5.sdk/System/Cryptexes/OS/System/Library/Frameworks/AuthenticationServices.framework/Headers/ASAuthorizationWebBrowserPublicKeyCredentialManager.h
2026-06-03T08:46:48.5040980Z x iPhoneOS16.5.sdk/System/Cryptexes/OS/System/Library/Frameworks/AuthenticationServices.framework/Headers/ASAuthorizationSecurityKeyPublicKeyCredentialProvider.h
2026-06-03T08:46:48.5041300Z x iPhoneOS16.5.sdk/System/Cryptexes/OS/System/Library/Frameworks/AuthenticationServices.framework/Headers/ASExtensionErrors.h
2026-06-03T08:46:48.5041750Z x iPhoneOS16.5.sdk/System/Cryptexes/OS/System/Library/Frameworks/AuthenticationServices.framework/Headers/ASAuthorizationPublicKeyCredentialRegistrationRequest.h
2026-06-03T08:46:48.5042130Z x iPhoneOS16.5.sdk/System/Cryptexes/OS/System/Library/Frameworks/AuthenticationServices.framework/Headers/ASAuthorizationError.h
2026-06-03T08:46:48.5042560Z x iPhoneOS16.5.sdk/System/Cryptexes/OS/System/Library/Frameworks/AuthenticationServices.framework/Headers/ASAccountAuthenticationModificationViewController.h
2026-06-03T08:46:48.5043080Z x iPhoneOS16.5.sdk/System/Cryptexes/OS/System/Library/Frameworks/AuthenticationServices.framework/Headers/ASAccountAuthenticationModificationUpgradePasswordToStrongPasswordRequest.h
2026-06-03T08:46:48.5043540Z x iPhoneOS16.5.sdk/System/Cryptexes/OS/System/Library/Frameworks/AuthenticationServices.framework/Headers/ASAuthorizationWebBrowserExternallyAuthenticatableRequest.h
2026-06-03T08:46:48.5043960Z x iPhoneOS16.5.sdk/System/Cryptexes/OS/System/Library/Frameworks/AuthenticationServices.framework/Headers/ASAuthorizationPublicKeyCredentialParameters.h
2026-06-03T08:46:48.5044420Z x iPhoneOS16.5.sdk/System/Cryptexes/OS/System/Library/Frameworks/AuthenticationServices.framework/Headers/ASAuthorizationSecurityKeyPublicKeyCredentialDescriptor.h
2026-06-03T08:46:48.5044730Z x iPhoneOS16.5.sdk/System/Cryptexes/OS/System/Library/Frameworks/AuthenticationServices.framework/Headers/ASAuthorization.h
2026-06-03T08:46:48.5045110Z x iPhoneOS16.5.sdk/System/Cryptexes/OS/System/Library/Frameworks/AuthenticationServices.framework/Headers/ASWebAuthenticationSessionRequest.h
2026-06-03T08:46:48.5045460Z x iPhoneOS16.5.sdk/System/Cryptexes/OS/System/Library/Frameworks/AuthenticationServices.framework/Headers/ASAuthorizationController.h
2026-06-03T08:46:48.5045850Z x iPhoneOS16.5.sdk/System/Cryptexes/OS/System/Library/Frameworks/AuthenticationServices.framework/Headers/ASAuthorizationPasswordRequest.h
2026-06-03T08:46:48.5046190Z x iPhoneOS16.5.sdk/System/Cryptexes/OS/System/Library/Frameworks/AuthenticationServices.framework/Headers/ASAuthorizationRequest.h
2026-06-03T08:46:48.5046580Z x iPhoneOS16.5.sdk/System/Cryptexes/OS/System/Library/Frameworks/AuthenticationServices.framework/Headers/ASAuthorizationSingleSignOnRequest.h
2026-06-03T08:46:48.5046940Z x iPhoneOS16.5.sdk/System/Cryptexes/OS/System/Library/Frameworks/AuthenticationServices.framework/Headers/ASCredentialIdentityStoreState.h
2026-06-03T08:46:48.5047280Z x iPhoneOS16.5.sdk/System/Cryptexes/OS/System/Library/Frameworks/AuthenticationServices.framework/Headers/ASCredentialIdentityStore.h
2026-06-03T08:46:48.5047780Z x iPhoneOS16.5.sdk/System/Cryptexes/OS/System/Library/Frameworks/AuthenticationServices.framework/Headers/ASAuthorizationPlatformPublicKeyCredentialRegistrationRequest.h
2026-06-03T08:46:48.5048140Z x iPhoneOS16.5.sdk/System/Cryptexes/OS/System/Library/Frameworks/AuthenticationServices.framework/Headers/ASAuthorizationAppleIDRequest.h
2026-06-03T08:46:48.5048490Z x iPhoneOS16.5.sdk/System/Cryptexes/OS/System/Library/Frameworks/AuthenticationServices.framework/Headers/ASAuthorizationOpenIDRequest.h
2026-06-03T08:46:48.5048950Z x iPhoneOS16.5.sdk/System/Cryptexes/OS/System/Library/Frameworks/AuthenticationServices.framework/Headers/ASAuthorizationAppleIDCredential.h
2026-06-03T08:46:48.5049300Z x iPhoneOS16.5.sdk/System/Cryptexes/OS/System/Library/Frameworks/AuthenticationServices.framework/Headers/ASAuthorizationCredential.h
2026-06-03T08:46:48.5049660Z x iPhoneOS16.5.sdk/System/Cryptexes/OS/System/Library/Frameworks/AuthenticationServices.framework/Headers/ASCredentialServiceIdentifier.h
2026-06-03T08:46:48.5050150Z x iPhoneOS16.5.sdk/System/Cryptexes/OS/System/Library/Frameworks/AuthenticationServices.framework/Headers/ASAuthorizationSecurityKeyPublicKeyCredentialRegistrationRequest.h
2026-06-03T08:46:48.5050500Z x iPhoneOS16.5.sdk/System/Cryptexes/OS/System/Library/Frameworks/AuthenticationServices.framework/Headers/ASAuthorizationAppleIDButton.h
2026-06-03T08:46:48.5050970Z x iPhoneOS16.5.sdk/System/Cryptexes/OS/System/Library/Frameworks/AuthenticationServices.framework/Headers/ASAuthorizationPlatformPublicKeyCredentialAssertionRequest.h
2026-06-03T08:46:48.5051500Z x iPhoneOS16.5.sdk/System/Cryptexes/OS/System/Library/Frameworks/AuthenticationServices.framework/Headers/ASAuthorizationProviderExtensionAuthorizationRequest.h
2026-06-03T08:46:48.5051910Z x iPhoneOS16.5.sdk/System/Cryptexes/OS/System/Library/Frameworks/AuthenticationServices.framework/Headers/ASAccountAuthenticationModificationRequest.h
2026-06-03T08:46:48.5052320Z x iPhoneOS16.5.sdk/System/Cryptexes/OS/System/Library/Frameworks/AuthenticationServices.framework/Headers/ASAuthorizationPublicKeyCredentialAssertion.h
2026-06-03T08:46:48.5052770Z x iPhoneOS16.5.sdk/System/Cryptexes/OS/System/Library/Frameworks/AuthenticationServices.framework/Headers/ASAuthorizationPlatformPublicKeyCredentialRegistration.h
2026-06-03T08:46:48.5053150Z x iPhoneOS16.5.sdk/System/Cryptexes/OS/System/Library/Frameworks/AuthenticationServices.framework/Headers/ASCredentialProviderExtensionContext.h
2026-06-03T08:46:48.5053580Z x iPhoneOS16.5.sdk/System/Cryptexes/OS/System/Library/Frameworks/AuthenticationServices.framework/Headers/ASAuthorizationPublicKeyCredentialDescriptor.h
2026-06-03T08:46:48.5053890Z x iPhoneOS16.5.sdk/System/Cryptexes/OS/System/Library/Frameworks/AuthenticationServices.framework/Headers/ASFoundation.h
2026-06-03T08:46:48.5054330Z x iPhoneOS16.5.sdk/System/Cryptexes/OS/System/Library/Frameworks/AuthenticationServices.framework/Headers/ASAccountAuthenticationModificationExtensionContext.h
2026-06-03T08:46:48.5054660Z x iPhoneOS16.5.sdk/System/Cryptexes/OS/System/Library/Frameworks/AuthenticationServices.framework/Headers/ASPasswordCredential.h
2026-06-03T08:46:48.5055010Z x iPhoneOS16.5.sdk/System/Cryptexes/OS/System/Library/Frameworks/AuthenticationServices.framework/Headers/ASWebAuthenticationSession.h
2026-06-03T08:46:48.5055380Z x iPhoneOS16.5.sdk/System/Cryptexes/OS/System/Library/Frameworks/AuthenticationServices.framework/Headers/ASAuthorizationPasswordProvider.h
2026-06-03T08:46:48.5055750Z x iPhoneOS16.5.sdk/System/Cryptexes/OS/System/Library/Frameworks/AuthenticationServices.framework/Headers/ASAuthorizationAppleIDProvider.h
2026-06-03T08:46:48.5056180Z x iPhoneOS16.5.sdk/System/Cryptexes/OS/System/Library/Frameworks/AuthenticationServices.framework/Headers/ASAuthorizationPublicKeyCredentialAssertionRequest.h
2026-06-03T08:46:48.5056540Z x iPhoneOS16.5.sdk/System/Cryptexes/OS/System/Library/Frameworks/AuthenticationServices.framework/Headers/ASAuthorizationCustomMethod.h
2026-06-03T08:46:48.5056980Z x iPhoneOS16.5.sdk/System/Cryptexes/OS/System/Library/Frameworks/AuthenticationServices.framework/Headers/ASWebAuthenticationSessionWebBrowserSessionHandling.h
2026-06-03T08:46:48.5057310Z x iPhoneOS16.5.sdk/System/Cryptexes/OS/System/Library/Frameworks/AuthenticationServices.framework/Headers/AuthenticationServices.h
2026-06-03T08:46:48.5057750Z x iPhoneOS16.5.sdk/System/Cryptexes/OS/System/Library/Frameworks/AuthenticationServices.framework/Headers/ASAuthorizationPlatformPublicKeyCredentialAssertion.h
2026-06-03T08:46:48.5058100Z x iPhoneOS16.5.sdk/System/Cryptexes/OS/System/Library/Frameworks/AuthenticationServices.framework/Headers/ASPublicKeyCredential.h
2026-06-03T08:46:48.5058630Z x iPhoneOS16.5.sdk/System/Cryptexes/OS/System/Library/Frameworks/AuthenticationServices.framework/Headers/ASAuthorizationPublicKeyCredentialConstants.h
2026-06-03T08:46:48.5058990Z x iPhoneOS16.5.sdk/System/Cryptexes/OS/System/Library/Frameworks/AuthenticationServices.framework/Headers/AuthenticationServices.apinotes
2026-06-03T08:46:48.5059350Z x iPhoneOS16.5.sdk/System/Cryptexes/OS/System/Library/Frameworks/AuthenticationServices.framework/Headers/ASPasswordCredentialIdentity.h
2026-06-03T08:46:48.5059720Z x iPhoneOS16.5.sdk/System/Cryptexes/OS/System/Library/Frameworks/AuthenticationServices.framework/Headers/ASCredentialProviderViewController.h
2026-06-03T08:46:48.5060190Z x iPhoneOS16.5.sdk/System/Cryptexes/OS/System/Library/Frameworks/AuthenticationServices.framework/Headers/ASAuthorizationSecurityKeyPublicKeyCredentialAssertionRequest.h
2026-06-03T08:46:48.5060670Z x iPhoneOS16.5.sdk/System/Cryptexes/OS/System/Library/Frameworks/AuthenticationServices.framework/Headers/ASAccountAuthenticationModificationController.h
2026-06-03T08:46:48.5061120Z x iPhoneOS16.5.sdk/System/Cryptexes/OS/System/Library/Frameworks/AuthenticationServices.framework/Headers/ASAuthorizationWebBrowserPlatformPublicKeyCredential.h
2026-06-03T08:46:48.5061500Z x iPhoneOS16.5.sdk/System/Cryptexes/OS/System/Library/Frameworks/AuthenticationServices.framework/Headers/ASAuthorizationSingleSignOnCredential.h
2026-06-03T08:46:48.5061950Z x iPhoneOS16.5.sdk/System/Cryptexes/OS/System/Library/Frameworks/AuthenticationServices.framework/Headers/ASAuthorizationPlatformPublicKeyCredentialProvider.h
2026-06-03T08:46:48.5062400Z x iPhoneOS16.5.sdk/System/Cryptexes/OS/System/Library/Frameworks/AuthenticationServices.framework/Headers/ASAuthorizationSecurityKeyPublicKeyCredentialAssertion.h
2026-06-03T08:46:48.5062780Z x iPhoneOS16.5.sdk/System/Cryptexes/OS/System/Library/Frameworks/AuthenticationServices.framework/Headers/ASAuthorizationSingleSignOnProvider.h
2026-06-03T08:46:48.5063110Z x iPhoneOS16.5.sdk/System/Cryptexes/OS/System/Library/Frameworks/AuthenticationServices.framework/Headers/ASCOSEConstants.h
2026-06-03T08:46:48.5063650Z x iPhoneOS16.5.sdk/System/Cryptexes/OS/System/Library/Frameworks/AuthenticationServices.framework/Headers/ASAccountAuthenticationModificationReplacePasswordWithSignInWithAppleRequest.h
2026-06-03T08:46:48.5064070Z x iPhoneOS16.5.sdk/System/Cryptexes/OS/System/Library/Frameworks/AuthenticationServices.framework/Headers/ASAuthorizationPublicKeyCredentialRegistration.h
2026-06-03T08:46:48.5064510Z x iPhoneOS16.5.sdk/System/Cryptexes/OS/System/Library/Frameworks/AuthenticationServices.framework/Headers/ASAuthorizationProviderExtensionAuthorizationResult.h
2026-06-03T08:46:48.5064950Z x iPhoneOS16.5.sdk/System/Cryptexes/OS/System/Library/Frameworks/AuthenticationServices.framework/Headers/ASAuthorizationPlatformPublicKeyCredentialDescriptor.h
2026-06-03T08:46:48.5065420Z x iPhoneOS16.5.sdk/System/Cryptexes/OS/System/Library/Frameworks/AuthenticationServices.framework/Headers/ASAuthorizationSecurityKeyPublicKeyCredentialRegistration.h
2026-06-03T08:46:48.5065730Z x iPhoneOS16.5.sdk/System/Cryptexes/OS/System/Library/Frameworks/AuthenticationServices.framework/AuthenticationServices.tbd
2026-06-03T08:46:48.5065950Z x iPhoneOS16.5.sdk/System/Cryptexes/OS/System/Library/Frameworks/JavaScriptCore.framework/
2026-06-03T08:46:48.5066180Z x iPhoneOS16.5.sdk/System/Cryptexes/OS/System/Library/Frameworks/JavaScriptCore.framework/Modules/
2026-06-03T08:46:48.5066460Z x iPhoneOS16.5.sdk/System/Cryptexes/OS/System/Library/Frameworks/JavaScriptCore.framework/Modules/module.modulemap
2026-06-03T08:46:48.5066690Z x iPhoneOS16.5.sdk/System/Cryptexes/OS/System/Library/Frameworks/JavaScriptCore.framework/Headers/
2026-06-03T08:46:48.5067270Z x iPhoneOS16.5.sdk/System/Cryptexes/OS/System/Library/Frameworks/JavaScriptCore.framework/Headers/JSValue.h
2026-06-03T08:46:48.5168240Z x iPhoneOS16.5.sdk/System/Cryptexes/OS/System/Library/Frameworks/JavaScriptCore.framework/Headers/JSExport.h
2026-06-03T08:46:48.5269440Z x iPhoneOS16.5.sdk/System/Cryptexes/OS/System/Library/Frameworks/JavaScriptCore.framework/Headers/JSObjectRef.h
2026-06-03T08:46:48.5375920Z x iPhoneOS16.5.sdk/System/Cryptexes/OS/System/Library/Frameworks/JavaScriptCore.framework/Headers/JSVirtualMachine.h
2026-06-03T08:46:48.5476980Z x iPhoneOS16.5.sdk/System/Cryptexes/OS/System/Library/Frameworks/JavaScriptCore.framework/Headers/JavaScript.h
2026-06-03T08:46:48.5577800Z x iPhoneOS16.5.sdk/System/Cryptexes/OS/System/Library/Frameworks/JavaScriptCore.framework/Headers/JSContextRef.h
2026-06-03T08:46:48.5679570Z x iPhoneOS16.5.sdk/System/Cryptexes/OS/System/Library/Frameworks/JavaScriptCore.framework/Headers/JSManagedValue.h
2026-06-03T08:46:48.5780400Z x iPhoneOS16.5.sdk/System/Cryptexes/OS/System/Library/Frameworks/JavaScriptCore.framework/Headers/JSBase.h
2026-06-03T08:46:48.5882260Z x iPhoneOS16.5.sdk/System/Cryptexes/OS/System/Library/Frameworks/JavaScriptCore.framework/Headers/JSTypedArray.h
2026-06-03T08:46:48.5983810Z x iPhoneOS16.5.sdk/System/Cryptexes/OS/System/Library/Frameworks/JavaScriptCore.framework/Headers/JavaScriptCore.h
2026-06-03T08:46:48.6084680Z x iPhoneOS16.5.sdk/System/Cryptexes/OS/System/Library/Frameworks/JavaScriptCore.framework/Headers/JSContext.h
2026-06-03T08:46:48.6186030Z x iPhoneOS16.5.sdk/System/Cryptexes/OS/System/Library/Frameworks/JavaScriptCore.framework/Headers/WebKitAvailability.h
2026-06-03T08:46:48.6287300Z x iPhoneOS16.5.sdk/System/Cryptexes/OS/System/Library/Frameworks/JavaScriptCore.framework/Headers/JSValueRef.h
2026-06-03T08:46:48.6388260Z x iPhoneOS16.5.sdk/System/Cryptexes/OS/System/Library/Frameworks/JavaScriptCore.framework/Headers/JSStringRefCF.h
2026-06-03T08:46:48.6489200Z x iPhoneOS16.5.sdk/System/Cryptexes/OS/System/Library/Frameworks/JavaScriptCore.framework/Headers/JSStringRef.h
2026-06-03T08:46:48.6590100Z x iPhoneOS16.5.sdk/System/Cryptexes/OS/System/Library/Frameworks/JavaScriptCore.framework/JavaScriptCore.tbd
2026-06-03T08:46:48.6690860Z x iPhoneOS16.5.sdk/System/Cryptexes/OS/System/Library/Frameworks/WebKit.framework/
2026-06-03T08:46:48.6783040Z x iPhoneOS16.5.sdk/System/Cryptexes/OS/System/Library/Frameworks/WebKit.framework/Modules/
2026-06-03T08:46:48.6812340Z x iPhoneOS16.5.sdk/System/Cryptexes/OS/System/Library/Frameworks/WebKit.framework/Modules/module.modulemap
2026-06-03T08:46:48.6829650Z x iPhoneOS16.5.sdk/System/Cryptexes/OS/System/Library/Frameworks/WebKit.framework/Headers/
2026-06-03T08:46:48.6843820Z x iPhoneOS16.5.sdk/System/Cryptexes/OS/System/Library/Frameworks/WebKit.framework/Headers/WKFindResult.h
2026-06-03T08:46:48.6854790Z x iPhoneOS16.5.sdk/System/Cryptexes/OS/System/Library/Frameworks/WebKit.framework/Headers/WKSnapshotConfiguration.h
2026-06-03T08:46:48.6864850Z x iPhoneOS16.5.sdk/System/Cryptexes/OS/System/Library/Frameworks/WebKit.framework/Headers/WebKitLegacy.h
2026-06-03T08:46:48.6904030Z x iPhoneOS16.5.sdk/System/Cryptexes/OS/System/Library/Frameworks/WebKit.framework/Headers/WKContextMenuElementInfo.h
2026-06-03T08:46:48.6915980Z x iPhoneOS16.5.sdk/System/Cryptexes/OS/System/Library/Frameworks/WebKit.framework/Headers/WKWebsiteDataRecord.h
2026-06-03T08:46:48.6923250Z x iPhoneOS16.5.sdk/System/Cryptexes/OS/System/Library/Frameworks/WebKit.framework/Headers/WKError.h
2026-06-03T08:46:48.6925330Z x iPhoneOS16.5.sdk/System/Cryptexes/OS/System/Library/Frameworks/WebKit.framework/Headers/WKDataDetectorTypes.h
2026-06-03T08:46:48.6928160Z x iPhoneOS16.5.sdk/System/Cryptexes/OS/System/Library/Frameworks/WebKit.framework/Headers/WKBackForwardList.h
2026-06-03T08:46:48.6933320Z x iPhoneOS16.5.sdk/System/Cryptexes/OS/System/Library/Frameworks/WebKit.framework/Headers/WKNavigationResponse.h
2026-06-03T08:46:48.6942620Z x iPhoneOS16.5.sdk/System/Cryptexes/OS/System/Library/Frameworks/WebKit.framework/Headers/WebKit.apinotes
2026-06-03T08:46:48.6945470Z x iPhoneOS16.5.sdk/System/Cryptexes/OS/System/Library/Frameworks/WebKit.framework/Headers/NSAttributedString.h
2026-06-03T08:46:48.6949490Z x iPhoneOS16.5.sdk/System/Cryptexes/OS/System/Library/Frameworks/WebKit.framework/Headers/WKUserContentController.h
2026-06-03T08:46:48.6954590Z x iPhoneOS16.5.sdk/System/Cryptexes/OS/System/Library/Frameworks/WebKit.framework/Headers/WKSecurityOrigin.h
2026-06-03T08:46:48.6956340Z x iPhoneOS16.5.sdk/System/Cryptexes/OS/System/Library/Frameworks/WebKit.framework/Headers/WKFrameInfo.h
2026-06-03T08:46:48.6960260Z x iPhoneOS16.5.sdk/System/Cryptexes/OS/System/Library/Frameworks/WebKit.framework/Headers/WKDownload.h
2026-06-03T08:46:48.6961880Z x iPhoneOS16.5.sdk/System/Cryptexes/OS/System/Library/Frameworks/WebKit.framework/Headers/WKBackForwardListItem.h
2026-06-03T08:46:48.6963510Z x iPhoneOS16.5.sdk/System/Cryptexes/OS/System/Library/Frameworks/WebKit.framework/Headers/WebKit.h
2026-06-03T08:46:48.6964510Z x iPhoneOS16.5.sdk/System/Cryptexes/OS/System/Library/Frameworks/WebKit.framework/Headers/WKURLSchemeTask.h
2026-06-03T08:46:48.6970800Z x iPhoneOS16.5.sdk/System/Cryptexes/OS/System/Library/Frameworks/WebKit.framework/Headers/WKURLSchemeHandler.h
2026-06-03T08:46:48.6971650Z x iPhoneOS16.5.sdk/System/Cryptexes/OS/System/Library/Frameworks/WebKit.framework/Headers/WKPreviewActionItem.h
2026-06-03T08:46:48.6972290Z x iPhoneOS16.5.sdk/System/Cryptexes/OS/System/Library/Frameworks/WebKit.framework/Headers/WKWebViewConfiguration.h
2026-06-03T08:46:48.6973000Z x iPhoneOS16.5.sdk/System/Cryptexes/OS/System/Library/Frameworks/WebKit.framework/Headers/WKFindConfiguration.h
2026-06-03T08:46:48.6975130Z x iPhoneOS16.5.sdk/System/Cryptexes/OS/System/Library/Frameworks/WebKit.framework/Headers/WKProcessPool.h
2026-06-03T08:46:48.6975880Z x iPhoneOS16.5.sdk/System/Cryptexes/OS/System/Library/Frameworks/WebKit.framework/Headers/WKPreviewActionItemIdentifiers.h
2026-06-03T08:46:48.6976570Z x iPhoneOS16.5.sdk/System/Cryptexes/OS/System/Library/Frameworks/WebKit.framework/Headers/WKScriptMessageHandler.h
2026-06-03T08:46:48.6977310Z x iPhoneOS16.5.sdk/System/Cryptexes/OS/System/Library/Frameworks/WebKit.framework/Headers/WKWebpagePreferences.h
2026-06-03T08:46:48.6978060Z x iPhoneOS16.5.sdk/System/Cryptexes/OS/System/Library/Frameworks/WebKit.framework/Headers/WKNavigationDelegate.h
2026-06-03T08:46:48.6978780Z x iPhoneOS16.5.sdk/System/Cryptexes/OS/System/Library/Frameworks/WebKit.framework/Headers/WKWebsiteDataStore.h
2026-06-03T08:46:48.6979370Z x iPhoneOS16.5.sdk/System/Cryptexes/OS/System/Library/Frameworks/WebKit.framework/Headers/WKWebView.h
2026-06-03T08:46:48.6979970Z x iPhoneOS16.5.sdk/System/Cryptexes/OS/System/Library/Frameworks/WebKit.framework/Headers/WKContentRuleListStore.h
2026-06-03T08:46:48.6980600Z x iPhoneOS16.5.sdk/System/Cryptexes/OS/System/Library/Frameworks/WebKit.framework/Headers/WKPreviewElementInfo.h
2026-06-03T08:46:48.6981300Z x iPhoneOS16.5.sdk/System/Cryptexes/OS/System/Library/Frameworks/WebKit.framework/Headers/WKScriptMessageHandlerWithReply.h
2026-06-03T08:46:48.6981980Z x iPhoneOS16.5.sdk/System/Cryptexes/OS/System/Library/Frameworks/WebKit.framework/Headers/WKPDFConfiguration.h
2026-06-03T08:46:48.6982710Z x iPhoneOS16.5.sdk/System/Cryptexes/OS/System/Library/Frameworks/WebKit.framework/Headers/WKNavigationAction.h
2026-06-03T08:46:48.6983630Z x iPhoneOS16.5.sdk/System/Cryptexes/OS/System/Library/Frameworks/WebKit.framework/Headers/WKHTTPCookieStore.h
2026-06-03T08:46:48.6984240Z x iPhoneOS16.5.sdk/System/Cryptexes/OS/System/Library/Frameworks/WebKit.framework/Headers/WKContentRuleList.h
2026-06-03T08:46:48.6984830Z x iPhoneOS16.5.sdk/System/Cryptexes/OS/System/Library/Frameworks/WebKit.framework/Headers/WKContentWorld.h
2026-06-03T08:46:48.6985570Z x iPhoneOS16.5.sdk/System/Cryptexes/OS/System/Library/Frameworks/WebKit.framework/Headers/WKOpenPanelParameters.h
2026-06-03T08:46:48.6986180Z x iPhoneOS16.5.sdk/System/Cryptexes/OS/System/Library/Frameworks/WebKit.framework/Headers/WKUIDelegate.h
2026-06-03T08:46:48.6986770Z x iPhoneOS16.5.sdk/System/Cryptexes/OS/System/Library/Frameworks/WebKit.framework/Headers/WKScriptMessage.h
2026-06-03T08:46:48.6987460Z x iPhoneOS16.5.sdk/System/Cryptexes/OS/System/Library/Frameworks/WebKit.framework/Headers/WKDownloadDelegate.h
2026-06-03T08:46:48.6988220Z x iPhoneOS16.5.sdk/System/Cryptexes/OS/System/Library/Frameworks/WebKit.framework/Headers/WKPreferences.h
2026-06-03T08:46:48.6988810Z x iPhoneOS16.5.sdk/System/Cryptexes/OS/System/Library/Frameworks/WebKit.framework/Headers/WKNavigation.h
2026-06-03T08:46:48.6989380Z x iPhoneOS16.5.sdk/System/Cryptexes/OS/System/Library/Frameworks/WebKit.framework/Headers/WKUserScript.h
2026-06-03T08:46:48.6989960Z x iPhoneOS16.5.sdk/System/Cryptexes/OS/System/Library/Frameworks/WebKit.framework/Headers/WKWindowFeatures.h
2026-06-03T08:46:48.6990540Z x iPhoneOS16.5.sdk/System/Cryptexes/OS/System/Library/Frameworks/WebKit.framework/Headers/WKFoundation.h
2026-06-03T08:46:48.6991070Z x iPhoneOS16.5.sdk/System/Cryptexes/OS/System/Library/Frameworks/WebKit.framework/WebKit.tbd
2026-06-03T08:46:48.6991570Z x iPhoneOS16.5.sdk/System/Cryptexes/OS/System/Library/Frameworks/SafariServices.framework/
2026-06-03T08:46:48.6992390Z x iPhoneOS16.5.sdk/System/Cryptexes/OS/System/Library/Frameworks/SafariServices.framework/Modules/
2026-06-03T08:46:48.6992990Z x iPhoneOS16.5.sdk/System/Cryptexes/OS/System/Library/Frameworks/SafariServices.framework/Modules/module.modulemap
2026-06-03T08:46:48.6993590Z x iPhoneOS16.5.sdk/System/Cryptexes/OS/System/Library/Frameworks/SafariServices.framework/Headers/
2026-06-03T08:46:48.6994320Z x iPhoneOS16.5.sdk/System/Cryptexes/OS/System/Library/Frameworks/SafariServices.framework/Headers/SFSafariViewControllerDataStore.h
2026-06-03T08:46:48.6995210Z x iPhoneOS16.5.sdk/System/Cryptexes/OS/System/Library/Frameworks/SafariServices.framework/Headers/SFSafariViewControllerConfiguration.h
2026-06-03T08:46:48.6996060Z x iPhoneOS16.5.sdk/System/Cryptexes/OS/System/Library/Frameworks/SafariServices.framework/Headers/SSReadingList.h
2026-06-03T08:46:48.6996740Z x iPhoneOS16.5.sdk/System/Cryptexes/OS/System/Library/Frameworks/SafariServices.framework/Headers/SFSafariViewController.h
2026-06-03T08:46:48.6997660Z x iPhoneOS16.5.sdk/System/Cryptexes/OS/System/Library/Frameworks/SafariServices.framework/Headers/SFSafariApplication.h
2026-06-03T08:46:48.6998360Z x iPhoneOS16.5.sdk/System/Cryptexes/OS/System/Library/Frameworks/SafariServices.framework/Headers/SFContentBlockerState.h
2026-06-03T08:46:48.6999100Z x iPhoneOS16.5.sdk/System/Cryptexes/OS/System/Library/Frameworks/SafariServices.framework/Headers/SFSafariViewControllerPrewarmingToken.h
2026-06-03T08:46:48.6999820Z x iPhoneOS16.5.sdk/System/Cryptexes/OS/System/Library/Frameworks/SafariServices.framework/Headers/SafariServices.h
2026-06-03T08:46:48.7000540Z x iPhoneOS16.5.sdk/System/Cryptexes/OS/System/Library/Frameworks/SafariServices.framework/Headers/SFSafariViewControllerActivityButton.h
2026-06-03T08:46:48.7001300Z x iPhoneOS16.5.sdk/System/Cryptexes/OS/System/Library/Frameworks/SafariServices.framework/Headers/SFContentBlockerManager.h
2026-06-03T08:46:48.7002010Z x iPhoneOS16.5.sdk/System/Cryptexes/OS/System/Library/Frameworks/SafariServices.framework/Headers/SafariServices.apinotes
2026-06-03T08:46:48.7002690Z x iPhoneOS16.5.sdk/System/Cryptexes/OS/System/Library/Frameworks/SafariServices.framework/Headers/SFFoundation.h
2026-06-03T08:46:48.7003330Z x iPhoneOS16.5.sdk/System/Cryptexes/OS/System/Library/Frameworks/SafariServices.framework/Headers/SFError.h
2026-06-03T08:46:48.7004170Z x iPhoneOS16.5.sdk/System/Cryptexes/OS/System/Library/Frameworks/SafariServices.framework/Headers/SFAuthenticationSession.h
2026-06-03T08:46:48.7004850Z x iPhoneOS16.5.sdk/System/Cryptexes/OS/System/Library/Frameworks/SafariServices.framework/SafariServices.tbd
2026-06-03T08:46:48.7005470Z x iPhoneOS16.5.sdk/System/Cryptexes/OS/System/Library/Frameworks/_AuthenticationServices_SwiftUI.framework/
2026-06-03T08:46:48.7006090Z x iPhoneOS16.5.sdk/System/Cryptexes/OS/System/Library/Frameworks/_AuthenticationServices_SwiftUI.framework/Modules/
2026-06-03T08:46:48.7006860Z x iPhoneOS16.5.sdk/System/Cryptexes/OS/System/Library/Frameworks/_AuthenticationServices_SwiftUI.framework/Modules/_AuthenticationServices_SwiftUI.swiftmodule/
2026-06-03T08:46:48.7008090Z x iPhoneOS16.5.sdk/System/Cryptexes/OS/System/Library/Frameworks/_AuthenticationServices_SwiftUI.framework/Modules/_AuthenticationServices_SwiftUI.swiftmodule/arm64e-apple-ios.swiftdoc
2026-06-03T08:46:48.7009350Z x iPhoneOS16.5.sdk/System/Cryptexes/OS/System/Library/Frameworks/_AuthenticationServices_SwiftUI.framework/Modules/_AuthenticationServices_SwiftUI.swiftmodule/arm64-apple-ios.swiftdoc
2026-06-03T08:46:48.7010420Z x iPhoneOS16.5.sdk/System/Cryptexes/OS/System/Library/Frameworks/_AuthenticationServices_SwiftUI.framework/Modules/_AuthenticationServices_SwiftUI.swiftmodule/arm64e-apple-ios.swiftinterface
2026-06-03T08:46:48.7011550Z x iPhoneOS16.5.sdk/System/Cryptexes/OS/System/Library/Frameworks/_AuthenticationServices_SwiftUI.framework/Modules/_AuthenticationServices_SwiftUI.swiftmodule/arm64-apple-ios.swiftinterface
2026-06-03T08:46:48.7012490Z x iPhoneOS16.5.sdk/System/Cryptexes/OS/System/Library/Frameworks/_AuthenticationServices_SwiftUI.framework/_AuthenticationServices_SwiftUI.tbd
2026-06-03T08:46:48.7013100Z x iPhoneOS16.5.sdk/System/DriverKit/
2026-06-03T08:46:48.7013310Z x iPhoneOS16.5.sdk/System/DriverKit/System/
2026-06-03T08:46:48.7013560Z x iPhoneOS16.5.sdk/System/DriverKit/System/Library/
2026-06-03T08:46:48.7013860Z x iPhoneOS16.5.sdk/System/DriverKit/System/Library/Frameworks/
2026-06-03T08:46:48.7014280Z x iPhoneOS16.5.sdk/System/DriverKit/System/Library/Frameworks/NetworkingDriverKit.framework/
2026-06-03T08:46:48.7014960Z x iPhoneOS16.5.sdk/System/DriverKit/System/Library/Frameworks/NetworkingDriverKit.framework/NetworkingDriverKit.tbd
2026-06-03T08:46:48.7015660Z x iPhoneOS16.5.sdk/System/DriverKit/System/Library/Frameworks/NetworkingDriverKit.framework/NetworkingDriverKit_development.tbd
2026-06-03T08:46:48.7016340Z x iPhoneOS16.5.sdk/System/DriverKit/System/Library/Frameworks/USBDriverKit.framework/
2026-06-03T08:46:48.7016950Z x iPhoneOS16.5.sdk/System/DriverKit/System/Library/Frameworks/USBDriverKit.framework/USBDriverKit.tbd
2026-06-03T08:46:48.7017590Z x iPhoneOS16.5.sdk/System/DriverKit/System/Library/Frameworks/DriverKit.framework/
2026-06-03T08:46:48.7018080Z x iPhoneOS16.5.sdk/System/DriverKit/System/Library/Frameworks/DriverKit.framework/DriverKit.tbd
2026-06-03T08:46:48.7019020Z x iPhoneOS16.5.sdk/System/DriverKit/System/Library/Frameworks/AudioDriverKit.framework/
2026-06-03T08:46:48.7019590Z x iPhoneOS16.5.sdk/System/DriverKit/System/Library/Frameworks/AudioDriverKit.framework/AudioDriverKit.tbd
2026-06-03T08:46:48.7020130Z x iPhoneOS16.5.sdk/System/DriverKit/System/Library/Frameworks/HIDDriverKit.framework/
2026-06-03T08:46:48.7020650Z x iPhoneOS16.5.sdk/System/DriverKit/System/Library/Frameworks/HIDDriverKit.framework/HIDDriverKit.tbd
2026-06-03T08:46:48.7021260Z x iPhoneOS16.5.sdk/System/DriverKit/System/Library/Frameworks/HIDDriverKit.framework/HIDDriverKit_development.tbd
2026-06-03T08:46:48.7021810Z x iPhoneOS16.5.sdk/System/DriverKit/System/Library/Frameworks/PCIDriverKit.framework/
2026-06-03T08:46:48.7022350Z x iPhoneOS16.5.sdk/System/DriverKit/System/Library/Frameworks/PCIDriverKit.framework/PCIDriverKit.tbd
2026-06-03T08:46:48.7022820Z x iPhoneOS16.5.sdk/System/DriverKit/System/Library/PrivateFrameworks/
2026-06-03T08:46:48.7023280Z x iPhoneOS16.5.sdk/System/DriverKit/System/Library/PrivateFrameworks/IOFileValidation.framework/
2026-06-03T08:46:48.7023890Z x iPhoneOS16.5.sdk/System/DriverKit/System/Library/PrivateFrameworks/IOFileValidation.framework/IOFileValidation.tbd
2026-06-03T08:46:48.7024550Z x iPhoneOS16.5.sdk/System/DriverKit/System/Library/PrivateFrameworks/IO80211DriverKit.framework/
2026-06-03T08:46:48.7025200Z x iPhoneOS16.5.sdk/System/DriverKit/System/Library/PrivateFrameworks/IO80211DriverKit.framework/IO80211DriverKit.tbd
2026-06-03T08:46:48.7025790Z x iPhoneOS16.5.sdk/System/DriverKit/System/Library/PrivateFrameworks/OLYHALDriverKit.framework/
2026-06-03T08:46:48.7026390Z x iPhoneOS16.5.sdk/System/DriverKit/System/Library/PrivateFrameworks/OLYHALDriverKit.framework/OLYHALDriverKit.tbd
2026-06-03T08:46:48.7027090Z x iPhoneOS16.5.sdk/System/DriverKit/System/Library/PrivateFrameworks/MallocStackLogging.framework/
2026-06-03T08:46:48.7027730Z x iPhoneOS16.5.sdk/System/DriverKit/System/Library/PrivateFrameworks/MallocStackLogging.framework/MallocStackLogging.tbd
2026-06-03T08:46:48.7028360Z x iPhoneOS16.5.sdk/System/DriverKit/System/Library/PrivateFrameworks/CoreCaptureDriverKit.framework/
2026-06-03T08:46:48.7029000Z x iPhoneOS16.5.sdk/System/DriverKit/System/Library/PrivateFrameworks/CoreCaptureDriverKit.framework/CoreCaptureDriverKit.tbd
2026-06-03T08:46:48.7029620Z x iPhoneOS16.5.sdk/System/DriverKit/System/Library/PrivateFrameworks/AFKDriverKit.framework/
2026-06-03T08:46:48.7030190Z x iPhoneOS16.5.sdk/System/DriverKit/System/Library/PrivateFrameworks/AFKDriverKit.framework/AFKDriverKit.tbd
2026-06-03T08:46:48.7030610Z x iPhoneOS16.5.sdk/System/DriverKit/usr/
2026-06-03T08:46:48.7030830Z x iPhoneOS16.5.sdk/System/DriverKit/usr/lib/
2026-06-03T08:46:48.7031170Z x iPhoneOS16.5.sdk/System/DriverKit/usr/lib/libc++.tbd
2026-06-03T08:46:48.7031460Z x iPhoneOS16.5.sdk/System/DriverKit/usr/lib/libSystem.tbd
2026-06-03T08:46:48.7031740Z x iPhoneOS16.5.sdk/System/DriverKit/usr/lib/system/
2026-06-03T08:46:48.7032050Z x iPhoneOS16.5.sdk/System/DriverKit/usr/lib/system/libdispatch.tbd
2026-06-03T08:46:48.7032450Z x iPhoneOS16.5.sdk/System/DriverKit/usr/lib/system/libdyld.tbd
2026-06-03T08:46:48.7032810Z x iPhoneOS16.5.sdk/System/DriverKit/usr/lib/system/libsystem_blocks.tbd
2026-06-03T08:46:48.7033150Z x iPhoneOS16.5.sdk/System/DriverKit/usr/lib/system/libmacho.tbd
2026-06-03T08:46:48.7033490Z x iPhoneOS16.5.sdk/System/DriverKit/usr/lib/system/libsystem_m.tbd
2026-06-03T08:46:48.7033840Z x iPhoneOS16.5.sdk/System/DriverKit/usr/lib/system/libcompiler_rt.tbd
2026-06-03T08:46:48.7035050Z x iPhoneOS16.5.sdk/System/DriverKit/usr/lib/system/libsystem_trace.tbd
2026-06-03T08:46:48.7035420Z x iPhoneOS16.5.sdk/System/DriverKit/usr/lib/system/libsystem_c.tbd
2026-06-03T08:46:48.7035860Z x iPhoneOS16.5.sdk/System/DriverKit/usr/lib/system/libsystem_kernel.tbd
2026-06-03T08:46:48.7036240Z x iPhoneOS16.5.sdk/System/DriverKit/usr/lib/system/libsystem_malloc.tbd
2026-06-03T08:46:48.7036700Z x iPhoneOS16.5.sdk/System/DriverKit/usr/lib/system/libcorecrypto.tbd
2026-06-03T08:46:48.7037100Z x iPhoneOS16.5.sdk/System/DriverKit/usr/lib/system/libsystem_platform.tbd
2026-06-03T08:46:48.7037570Z x iPhoneOS16.5.sdk/System/DriverKit/usr/lib/system/libsystem_pthread.tbd
2026-06-03T08:46:48.7037920Z x iPhoneOS16.5.sdk/System/DriverKit/usr/lib/libc++abi.tbd
2026-06-03T08:46:48.7038160Z x iPhoneOS16.5.sdk/usr/
2026-06-03T08:46:48.7046840Z x iPhoneOS16.5.sdk/usr/include/
2026-06-03T08:46:48.7048050Z x iPhoneOS16.5.sdk/usr/include/mach_debug.modulemap
2026-06-03T08:46:48.7048330Z x iPhoneOS16.5.sdk/usr/include/expat_external.h
2026-06-03T08:46:48.7048560Z x iPhoneOS16.5.sdk/usr/include/tgmath.h
2026-06-03T08:46:48.7048770Z x iPhoneOS16.5.sdk/usr/include/sys/
2026-06-03T08:46:48.7048990Z x iPhoneOS16.5.sdk/usr/include/sys/aio.h
2026-06-03T08:46:48.7049200Z x iPhoneOS16.5.sdk/usr/include/sys/stdio.h
2026-06-03T08:46:48.7049420Z x iPhoneOS16.5.sdk/usr/include/sys/syscall.h
2026-06-03T08:46:48.7049640Z x iPhoneOS16.5.sdk/usr/include/sys/types.h
2026-06-03T08:46:48.7049850Z x iPhoneOS16.5.sdk/usr/include/sys/msg.h
2026-06-03T08:46:48.7050070Z x iPhoneOS16.5.sdk/usr/include/sys/syslimits.h
2026-06-03T08:46:48.7050300Z x iPhoneOS16.5.sdk/usr/include/sys/errno.h
2026-06-03T08:46:48.7050520Z x iPhoneOS16.5.sdk/usr/include/sys/_pthread/
2026-06-03T08:46:48.7050790Z x iPhoneOS16.5.sdk/usr/include/sys/_pthread/_pthread_condattr_t.h
2026-06-03T08:46:48.7051140Z x iPhoneOS16.5.sdk/usr/include/sys/_pthread/_pthread_rwlock_t.h
2026-06-03T08:46:48.7051460Z x iPhoneOS16.5.sdk/usr/include/sys/_pthread/_pthread_cond_t.h
2026-06-03T08:46:48.7051780Z x iPhoneOS16.5.sdk/usr/include/sys/_pthread/_pthread_types.h
2026-06-03T08:46:48.7052110Z x iPhoneOS16.5.sdk/usr/include/sys/_pthread/_pthread_rwlockattr_t.h
2026-06-03T08:46:48.7052450Z x iPhoneOS16.5.sdk/usr/include/sys/_pthread/_pthread_once_t.h
2026-06-03T08:46:48.7052900Z x iPhoneOS16.5.sdk/usr/include/sys/_pthread/_pthread_key_t.h
2026-06-03T08:46:48.7053230Z x iPhoneOS16.5.sdk/usr/include/sys/_pthread/_pthread_mutexattr_t.h
2026-06-03T08:46:48.7053540Z x iPhoneOS16.5.sdk/usr/include/sys/_pthread/_pthread_t.h
2026-06-03T08:46:48.7053840Z x iPhoneOS16.5.sdk/usr/include/sys/_pthread/_pthread_attr_t.h
2026-06-03T08:46:48.7054150Z x iPhoneOS16.5.sdk/usr/include/sys/_pthread/_pthread_mutex_t.h
2026-06-03T08:46:48.7054420Z x iPhoneOS16.5.sdk/usr/include/sys/ucred.h
2026-06-03T08:46:48.7054630Z x iPhoneOS16.5.sdk/usr/include/sys/uio.h
2026-06-03T08:46:48.7054840Z x iPhoneOS16.5.sdk/usr/include/sys/utsname.h
2026-06-03T08:46:48.7055060Z x iPhoneOS16.5.sdk/usr/include/sys/ipc.h
2026-06-03T08:46:48.7055270Z x iPhoneOS16.5.sdk/usr/include/sys/select.h
2026-06-03T08:46:48.7055490Z x iPhoneOS16.5.sdk/usr/include/sys/cdefs.h
2026-06-03T08:46:48.7055710Z x iPhoneOS16.5.sdk/usr/include/sys/socket.h
2026-06-03T08:46:48.7056030Z x iPhoneOS16.5.sdk/usr/include/sys/stat.h
2026-06-03T08:46:48.7056250Z x iPhoneOS16.5.sdk/usr/include/sys/wait.h
2026-06-03T08:46:48.7056630Z x iPhoneOS16.5.sdk/usr/include/sys/acl.h
2026-06-03T08:46:48.7057090Z x iPhoneOS16.5.sdk/usr/include/sys/xattr.h
2026-06-03T08:46:48.7057290Z x iPhoneOS16.5.sdk/usr/include/sys/times.h
2026-06-03T08:46:48.7057510Z x iPhoneOS16.5.sdk/usr/include/sys/clonefile.h
2026-06-03T08:46:48.7057740Z x iPhoneOS16.5.sdk/usr/include/sys/shm.h
2026-06-03T08:46:48.7057990Z x iPhoneOS16.5.sdk/usr/include/sys/_posix_availability.h
2026-06-03T08:46:48.7058240Z x iPhoneOS16.5.sdk/usr/include/sys/spawn.h
2026-06-03T08:46:48.7058450Z x iPhoneOS16.5.sdk/usr/include/sys/lctx.h
2026-06-03T08:46:48.7058690Z x iPhoneOS16.5.sdk/usr/include/sys/_symbol_aliasing.h
2026-06-03T08:46:48.7058940Z x iPhoneOS16.5.sdk/usr/include/sys/quota.h
2026-06-03T08:46:48.7059150Z x iPhoneOS16.5.sdk/usr/include/sys/time.h
2026-06-03T08:46:48.7059360Z x iPhoneOS16.5.sdk/usr/include/sys/rbtree.h
2026-06-03T08:46:48.7059580Z x iPhoneOS16.5.sdk/usr/include/sys/queue.h
2026-06-03T08:46:48.7059800Z x iPhoneOS16.5.sdk/usr/include/sys/_endian.h
2026-06-03T08:46:48.7060020Z x iPhoneOS16.5.sdk/usr/include/sys/ioctl.h
2026-06-03T08:46:48.7060230Z x iPhoneOS16.5.sdk/usr/include/sys/un.h
2026-06-03T08:46:48.7060430Z x iPhoneOS16.5.sdk/usr/include/sys/lock.h
2026-06-03T08:46:48.7060650Z x iPhoneOS16.5.sdk/usr/include/sys/vmmeter.h
2026-06-03T08:46:48.7060910Z x iPhoneOS16.5.sdk/usr/include/sys/semaphore.h
2026-06-03T08:46:48.7061140Z x iPhoneOS16.5.sdk/usr/include/sys/ioccom.h
2026-06-03T08:46:48.7061390Z x iPhoneOS16.5.sdk/usr/include/sys/kdebug_signpost.h
2026-06-03T08:46:48.7061630Z x iPhoneOS16.5.sdk/usr/include/sys/sem.h
2026-06-03T08:46:48.7061840Z x iPhoneOS16.5.sdk/usr/include/sys/dir.h
2026-06-03T08:46:48.7062060Z x iPhoneOS16.5.sdk/usr/include/sys/ttydefaults.h
2026-06-03T08:46:48.7062300Z x iPhoneOS16.5.sdk/usr/include/sys/fsgetpath.h
2026-06-03T08:46:48.7062520Z x iPhoneOS16.5.sdk/usr/include/sys/vm.h
2026-06-03T08:46:48.7062740Z x iPhoneOS16.5.sdk/usr/include/sys/signal.h
2026-06-03T08:46:48.7062960Z x iPhoneOS16.5.sdk/usr/include/sys/filio.h
2026-06-03T08:46:48.7063180Z x iPhoneOS16.5.sdk/usr/include/sys/termios.h
2026-06-03T08:46:48.7063400Z x iPhoneOS16.5.sdk/usr/include/sys/poll.h
2026-06-03T08:46:48.7063610Z x iPhoneOS16.5.sdk/usr/include/sys/attr.h
2026-06-03T08:46:48.7063820Z x iPhoneOS16.5.sdk/usr/include/sys/mount.h
2026-06-03T08:46:48.7064030Z x iPhoneOS16.5.sdk/usr/include/sys/fcntl.h
2026-06-03T08:46:48.7064240Z x iPhoneOS16.5.sdk/usr/include/sys/timex.h
2026-06-03T08:46:48.7064450Z x iPhoneOS16.5.sdk/usr/include/sys/_types/
2026-06-03T08:46:48.7064680Z x iPhoneOS16.5.sdk/usr/include/sys/_types/_fd_clr.h
2026-06-03T08:46:48.7064940Z x iPhoneOS16.5.sdk/usr/include/sys/_types/_fd_isset.h
2026-06-03T08:46:48.7065200Z x iPhoneOS16.5.sdk/usr/include/sys/_types/_guid_t.h
2026-06-03T08:46:48.7065460Z x iPhoneOS16.5.sdk/usr/include/sys/_types/_clock_t.h
2026-06-03T08:46:48.7065720Z x iPhoneOS16.5.sdk/usr/include/sys/_types/_blkcnt_t.h
2026-06-03T08:46:48.7066250Z x iPhoneOS16.5.sdk/usr/include/sys/_types/_u_int16_t.h
2026-06-03T08:46:48.7066810Z x iPhoneOS16.5.sdk/usr/include/sys/_types/_ct_rune_t.h
2026-06-03T08:46:48.7067090Z x iPhoneOS16.5.sdk/usr/include/sys/_types/_null.h
2026-06-03T08:46:48.7067370Z x iPhoneOS16.5.sdk/usr/include/sys/_types/_sa_family_t.h
2026-06-03T08:46:48.7067640Z x iPhoneOS16.5.sdk/usr/include/sys/_types/_id_t.h
2026-06-03T08:46:48.7067890Z x iPhoneOS16.5.sdk/usr/include/sys/_types/_u_short.h
2026-06-03T08:46:48.7068150Z x iPhoneOS16.5.sdk/usr/include/sys/_types/_size_t.h
2026-06-03T08:46:48.7068420Z x iPhoneOS16.5.sdk/usr/include/sys/_types/_fsblkcnt_t.h
2026-06-03T08:46:48.7068700Z x iPhoneOS16.5.sdk/usr/include/sys/_types/_int64_t.h
2026-06-03T08:46:48.7068960Z x iPhoneOS16.5.sdk/usr/include/sys/_types/_timeval64.h
2026-06-03T08:46:48.7069230Z x iPhoneOS16.5.sdk/usr/include/sys/_types/_rsize_t.h
2026-06-03T08:46:48.7069490Z x iPhoneOS16.5.sdk/usr/include/sys/_types/_wint_t.h
2026-06-03T08:46:48.7069870Z x iPhoneOS16.5.sdk/usr/include/sys/_types/_u_int64_t.h
2026-06-03T08:46:48.7070130Z x iPhoneOS16.5.sdk/usr/include/sys/_types/_time_t.h
2026-06-03T08:46:48.7070400Z x iPhoneOS16.5.sdk/usr/include/sys/_types/_sigset_t.h
2026-06-03T08:46:48.7070660Z x iPhoneOS16.5.sdk/usr/include/sys/_types/_ssize_t.h
2026-06-03T08:46:48.7070920Z x iPhoneOS16.5.sdk/usr/include/sys/_types/_off_t.h
2026-06-03T08:46:48.7071180Z x iPhoneOS16.5.sdk/usr/include/sys/_types/_mbstate_t.h
2026-06-03T08:46:48.7071450Z x iPhoneOS16.5.sdk/usr/include/sys/_types/_fd_zero.h
2026-06-03T08:46:48.7071710Z x iPhoneOS16.5.sdk/usr/include/sys/_types/_caddr_t.h
2026-06-03T08:46:48.7071960Z x iPhoneOS16.5.sdk/usr/include/sys/_types/_u_int.h
2026-06-03T08:46:48.7072210Z x iPhoneOS16.5.sdk/usr/include/sys/_types/_key_t.h
2026-06-03T08:46:48.7072540Z x iPhoneOS16.5.sdk/usr/include/sys/_types/_in_addr_t.h
2026-06-03T08:46:48.7072820Z x iPhoneOS16.5.sdk/usr/include/sys/_types/_suseconds_t.h
2026-06-03T08:46:48.7073090Z x iPhoneOS16.5.sdk/usr/include/sys/_types/_iovec_t.h
2026-06-03T08:46:48.7073360Z x iPhoneOS16.5.sdk/usr/include/sys/_types/_s_ifmt.h
2026-06-03T08:46:48.7073610Z x iPhoneOS16.5.sdk/usr/include/sys/_types/_uid_t.h
2026-06-03T08:46:48.7073880Z x iPhoneOS16.5.sdk/usr/include/sys/_types/_offsetof.h
2026-06-03T08:46:48.7074130Z x iPhoneOS16.5.sdk/usr/include/sys/_types/_uuid_t.h
2026-06-03T08:46:48.7074400Z x iPhoneOS16.5.sdk/usr/include/sys/_types/_nlink_t.h
2026-06-03T08:46:48.7074650Z x iPhoneOS16.5.sdk/usr/include/sys/_types/_pid_t.h
2026-06-03T08:46:48.7074920Z x iPhoneOS16.5.sdk/usr/include/sys/_types/_sigaltstack.h
2026-06-03T08:46:48.7075200Z x iPhoneOS16.5.sdk/usr/include/sys/_types/_blksize_t.h
2026-06-03T08:46:48.7075460Z x iPhoneOS16.5.sdk/usr/include/sys/_types/_fsid_t.h
2026-06-03T08:46:48.7075780Z x iPhoneOS16.5.sdk/usr/include/sys/_types/_seek_set.h
2026-06-03T08:46:48.7076060Z x iPhoneOS16.5.sdk/usr/include/sys/_types/_timeval32.h
2026-06-03T08:46:48.7076330Z x iPhoneOS16.5.sdk/usr/include/sys/_types/_uintptr_t.h
2026-06-03T08:46:48.7076610Z x iPhoneOS16.5.sdk/usr/include/sys/_types/_ucontext64.h
2026-06-03T08:46:48.7076890Z x iPhoneOS16.5.sdk/usr/include/sys/_types/_wchar_t.h
2026-06-03T08:46:48.7077150Z x iPhoneOS16.5.sdk/usr/include/sys/_types/_fd_copy.h
2026-06-03T08:46:48.7077410Z x iPhoneOS16.5.sdk/usr/include/sys/_types/_u_int8_t.h
2026-06-03T08:46:48.7077670Z x iPhoneOS16.5.sdk/usr/include/sys/_types/_o_dsync.h
2026-06-03T08:46:48.7077940Z x iPhoneOS16.5.sdk/usr/include/sys/_types/_fd_setsize.h
2026-06-03T08:46:48.7078210Z x iPhoneOS16.5.sdk/usr/include/sys/_types/_socklen_t.h
2026-06-03T08:46:48.7078470Z x iPhoneOS16.5.sdk/usr/include/sys/_types/_u_int32_t.h
2026-06-03T08:46:48.7078730Z x iPhoneOS16.5.sdk/usr/include/sys/_types/_int8_t.h
2026-06-03T08:46:48.7079020Z x iPhoneOS16.5.sdk/usr/include/sys/_types/_posix_vdisable.h
2026-06-03T08:46:48.7079300Z x iPhoneOS16.5.sdk/usr/include/sys/_types/_dev_t.h
2026-06-03T08:46:48.7079550Z x iPhoneOS16.5.sdk/usr/include/sys/_types/_u_char.h
2026-06-03T08:46:48.7079810Z x iPhoneOS16.5.sdk/usr/include/sys/_types/_fd_def.h
2026-06-03T08:46:48.7080140Z x iPhoneOS16.5.sdk/usr/include/sys/_types/_va_list.h
2026-06-03T08:46:48.7080420Z x iPhoneOS16.5.sdk/usr/include/sys/_types/_fd_set.h
2026-06-03T08:46:48.7080670Z x iPhoneOS16.5.sdk/usr/include/sys/_types/_ino_t.h
2026-06-03T08:46:48.7080930Z x iPhoneOS16.5.sdk/usr/include/sys/_types/_errno_t.h
2026-06-03T08:46:48.7081180Z x iPhoneOS16.5.sdk/usr/include/sys/_types/_mode_t.h
2026-06-03T08:46:48.7082150Z x iPhoneOS16.5.sdk/usr/include/sys/_types/_ucontext.h
2026-06-03T08:46:48.7082480Z x iPhoneOS16.5.sdk/usr/include/sys/_types/_os_inline.h
2026-06-03T08:46:48.7082760Z x iPhoneOS16.5.sdk/usr/include/sys/_types/_ino64_t.h
2026-06-03T08:46:48.7083160Z x iPhoneOS16.5.sdk/usr/include/sys/_types/_gid_t.h
2026-06-03T08:46:48.7083430Z x iPhoneOS16.5.sdk/usr/include/sys/_types/_mach_port_t.h
2026-06-03T08:46:48.7083710Z x iPhoneOS16.5.sdk/usr/include/sys/_types/_o_sync.h
2026-06-03T08:46:48.7084110Z x iPhoneOS16.5.sdk/usr/include/sys/_types/_int16_t.h
2026-06-03T08:46:48.7084390Z x iPhoneOS16.5.sdk/usr/include/sys/_types/_filesec_t.h
2026-06-03T08:46:48.7084670Z x iPhoneOS16.5.sdk/usr/include/sys/_types/_fsfilcnt_t.h
2026-06-03T08:46:48.7084940Z x iPhoneOS16.5.sdk/usr/include/sys/_types/_timeval.h
2026-06-03T08:46:48.7085220Z x iPhoneOS16.5.sdk/usr/include/sys/_types/_useconds_t.h
2026-06-03T08:46:48.7085500Z x iPhoneOS16.5.sdk/usr/include/sys/_types/_graftdmg_un.h
2026-06-03T08:46:48.7085770Z x iPhoneOS16.5.sdk/usr/include/sys/_types/_rune_t.h
2026-06-03T08:46:48.7086030Z x iPhoneOS16.5.sdk/usr/include/sys/_types/_int32_t.h
2026-06-03T08:46:48.7086290Z x iPhoneOS16.5.sdk/usr/include/sys/_types/_in_port_t.h
2026-06-03T08:46:48.7086570Z x iPhoneOS16.5.sdk/usr/include/sys/_types/_fsobj_id_t.h
2026-06-03T08:46:48.7086840Z x iPhoneOS16.5.sdk/usr/include/sys/_types/_timespec.h
2026-06-03T08:46:48.7087100Z x iPhoneOS16.5.sdk/usr/include/sys/_types/_ptrdiff_t.h
2026-06-03T08:46:48.7087380Z x iPhoneOS16.5.sdk/usr/include/sys/_types/_intptr_t.h
2026-06-03T08:46:48.7087720Z x iPhoneOS16.5.sdk/usr/include/sys/appleapiopts.h
2026-06-03T08:46:48.7087970Z x iPhoneOS16.5.sdk/usr/include/sys/unistd.h
2026-06-03T08:46:48.7088200Z x iPhoneOS16.5.sdk/usr/include/sys/_structs.h
2026-06-03T08:46:48.7088520Z x iPhoneOS16.5.sdk/usr/include/sys/_types.h
2026-06-03T08:46:48.7088730Z x iPhoneOS16.5.sdk/usr/include/sys/mman.h
2026-06-03T08:46:48.7088950Z x iPhoneOS16.5.sdk/usr/include/sys/commpage.h
2026-06-03T08:46:48.7089260Z x iPhoneOS16.5.sdk/usr/include/sys/proc.h
2026-06-03T08:46:48.7089470Z x iPhoneOS16.5.sdk/usr/include/sys/paths.h
2026-06-03T08:46:48.7089690Z x iPhoneOS16.5.sdk/usr/include/sys/sysctl.h
2026-06-03T08:46:48.7089910Z x iPhoneOS16.5.sdk/usr/include/sys/vsock.h
2026-06-03T08:46:48.7090880Z x iPhoneOS16.5.sdk/usr/include/sys/resource.h
2026-06-03T08:46:48.7091190Z x iPhoneOS16.5.sdk/usr/include/sys/event.h
2026-06-03T08:46:48.7091440Z x iPhoneOS16.5.sdk/usr/include/sys/constrained_ctypes.h
2026-06-03T08:46:48.7094110Z x iPhoneOS16.5.sdk/usr/include/sys/_select.h
2026-06-03T08:46:48.7095920Z x iPhoneOS16.5.sdk/usr/include/sys/sockio.h
2026-06-03T08:46:48.7096160Z x iPhoneOS16.5.sdk/usr/include/sys/snapshot.h
2026-06-03T08:46:48.7096390Z x iPhoneOS16.5.sdk/usr/include/sys/syslog.h
2026-06-03T08:46:48.7096620Z x iPhoneOS16.5.sdk/usr/include/sys/param.h
2026-06-03T08:46:48.7096840Z x iPhoneOS16.5.sdk/usr/include/sys/ucontext.h
2026-06-03T08:46:48.7097070Z x iPhoneOS16.5.sdk/usr/include/sys/lockstat.h
2026-06-03T08:46:48.7097400Z x iPhoneOS16.5.sdk/usr/include/sys/socketvar.h
2026-06-03T08:46:48.7097620Z x iPhoneOS16.5.sdk/usr/include/sys/timeb.h
2026-06-03T08:46:48.7097850Z x iPhoneOS16.5.sdk/usr/include/sys/log_data.h
2026-06-03T08:46:48.7098060Z x iPhoneOS16.5.sdk/usr/include/sys/qos.h
2026-06-03T08:46:48.7098280Z x iPhoneOS16.5.sdk/usr/include/sys/file.h
2026-06-03T08:46:48.7098490Z x iPhoneOS16.5.sdk/usr/include/sys/dirent.h
2026-06-03T08:46:48.7098710Z x iPhoneOS16.5.sdk/usr/include/sys/statvfs.h
2026-06-03T08:46:48.7098940Z x iPhoneOS16.5.sdk/usr/include/sys/ttycom.h
2026-06-03T08:46:48.7099430Z x iPhoneOS16.5.sdk/usr/include/sys/kauth.h
2026-06-03T08:46:48.7099840Z x iPhoneOS16.5.sdk/usr/include/aio.h
2026-06-03T08:46:48.7100060Z x iPhoneOS16.5.sdk/usr/include/libkern/
2026-06-03T08:46:48.7100340Z x iPhoneOS16.5.sdk/usr/include/libkern/OSAtomicDeprecated.h
2026-06-03T08:46:48.7100680Z x iPhoneOS16.5.sdk/usr/include/libkern/OSSpinLockDeprecated.h
2026-06-03T08:46:48.7100980Z x iPhoneOS16.5.sdk/usr/include/libkern/OSAtomic.h
2026-06-03T08:46:48.7101220Z x iPhoneOS16.5.sdk/usr/include/libkern/arm/
2026-06-03T08:46:48.7101480Z x iPhoneOS16.5.sdk/usr/include/libkern/arm/OSByteOrder.h
2026-06-03T08:46:48.7101760Z x iPhoneOS16.5.sdk/usr/include/libkern/OSReturn.h
2026-06-03T08:46:48.7102010Z x iPhoneOS16.5.sdk/usr/include/libkern/OSTypes.h
2026-06-03T08:46:48.7102260Z x iPhoneOS16.5.sdk/usr/include/libkern/OSByteOrder.h
2026-06-03T08:46:48.7102680Z x iPhoneOS16.5.sdk/usr/include/libkern/_OSByteOrder.h
2026-06-03T08:46:48.7103260Z x iPhoneOS16.5.sdk/usr/include/libkern/OSCacheControl.h
2026-06-03T08:46:48.7104140Z x iPhoneOS16.5.sdk/usr/include/libkern/OSAtomicQueue.h
2026-06-03T08:46:48.7105540Z x iPhoneOS16.5.sdk/usr/include/_xlocale.h
2026-06-03T08:46:48.7106260Z x iPhoneOS16.5.sdk/usr/include/ndbm.h
2026-06-03T08:46:48.7106970Z x iPhoneOS16.5.sdk/usr/include/mpool.h
2026-06-03T08:46:48.7107550Z x iPhoneOS16.5.sdk/usr/include/xattr_flags.h
2026-06-03T08:46:48.7108160Z x iPhoneOS16.5.sdk/usr/include/_ctermid.h
2026-06-03T08:46:48.7109050Z x iPhoneOS16.5.sdk/usr/include/stdio.h
2026-06-03T08:46:48.7109830Z x iPhoneOS16.5.sdk/usr/include/ttyent.h
2026-06-03T08:46:48.7110690Z x iPhoneOS16.5.sdk/usr/include/standards.h
2026-06-03T08:46:48.7111520Z x iPhoneOS16.5.sdk/usr/include/pthread/
2026-06-03T08:46:48.7112880Z x iPhoneOS16.5.sdk/usr/include/pthread/stack_np.h
2026-06-03T08:46:48.7113420Z x iPhoneOS16.5.sdk/usr/include/pthread/spawn.h
2026-06-03T08:46:48.7113680Z x iPhoneOS16.5.sdk/usr/include/pthread/sched.h
2026-06-03T08:46:48.7113980Z x iPhoneOS16.5.sdk/usr/include/pthread/pthread_spis.h
2026-06-03T08:46:48.7114250Z x iPhoneOS16.5.sdk/usr/include/pthread/introspection.h
2026-06-03T08:46:48.7114540Z x iPhoneOS16.5.sdk/usr/include/pthread/pthread.h
2026-06-03T08:46:48.7114810Z x iPhoneOS16.5.sdk/usr/include/pthread/pthread_impl.h
2026-06-03T08:46:48.7115090Z x iPhoneOS16.5.sdk/usr/include/pthread/qos.h
2026-06-03T08:46:48.7115340Z x iPhoneOS16.5.sdk/usr/include/darwin_cdefs.modulemap
2026-06-03T08:46:48.7115570Z x iPhoneOS16.5.sdk/usr/include/errno.h
2026-06-03T08:46:48.7115780Z x iPhoneOS16.5.sdk/usr/include/grp.h
2026-06-03T08:46:48.7115980Z x iPhoneOS16.5.sdk/usr/include/cpio.h
2026-06-03T08:46:48.7116190Z x iPhoneOS16.5.sdk/usr/include/removefile.h
2026-06-03T08:46:48.7116970Z x iPhoneOS16.5.sdk/usr/include/langinfo.h
2026-06-03T08:46:48.7117180Z x iPhoneOS16.5.sdk/usr/include/nameser.h
2026-06-03T08:46:48.7117390Z x iPhoneOS16.5.sdk/usr/include/stdlib.h
2026-06-03T08:46:48.7117600Z x iPhoneOS16.5.sdk/usr/include/tar.h
2026-06-03T08:46:48.7117800Z x iPhoneOS16.5.sdk/usr/include/getopt.h
2026-06-03T08:46:48.7118010Z x iPhoneOS16.5.sdk/usr/include/runetype.h
2026-06-03T08:46:48.7118220Z x iPhoneOS16.5.sdk/usr/include/AppleEXR.h
2026-06-03T08:46:48.7118430Z x iPhoneOS16.5.sdk/usr/include/membership.h
2026-06-03T08:46:48.7118650Z x iPhoneOS16.5.sdk/usr/include/asl.h
2026-06-03T08:46:48.7118840Z x iPhoneOS16.5.sdk/usr/include/mach/
2026-06-03T08:46:48.7119060Z x iPhoneOS16.5.sdk/usr/include/mach/thread_policy.h
2026-06-03T08:46:48.7119330Z x iPhoneOS16.5.sdk/usr/include/mach/mach_eventlink.h
2026-06-03T08:46:48.7119600Z x iPhoneOS16.5.sdk/usr/include/mach/host_special_ports.h
2026-06-03T08:46:48.7119870Z x iPhoneOS16.5.sdk/usr/include/mach/task_policy.h
2026-06-03T08:46:48.7120120Z x iPhoneOS16.5.sdk/usr/include/mach/host_security.h
2026-06-03T08:46:48.7120350Z x iPhoneOS16.5.sdk/usr/include/mach/exc.h
2026-06-03T08:46:48.7120590Z x iPhoneOS16.5.sdk/usr/include/mach/exception_types.h
2026-06-03T08:46:48.7120850Z x iPhoneOS16.5.sdk/usr/include/mach/dyld_kernel.h
2026-06-03T08:46:48.7121100Z x iPhoneOS16.5.sdk/usr/include/mach/processor.h
2026-06-03T08:46:48.7121550Z x iPhoneOS16.5.sdk/usr/include/mach/vm_map.h
2026-06-03T08:46:48.7121810Z x iPhoneOS16.5.sdk/usr/include/mach/processor_set.h
2026-06-03T08:46:48.7122060Z x iPhoneOS16.5.sdk/usr/include/mach/mach_vm.h
2026-06-03T08:46:48.7122290Z x iPhoneOS16.5.sdk/usr/include/mach/mach_time.h
2026-06-03T08:46:48.7122540Z x iPhoneOS16.5.sdk/usr/include/mach/kern_return.h
2026-06-03T08:46:48.7122780Z x iPhoneOS16.5.sdk/usr/include/mach/vm_region.h
2026-06-03T08:46:48.7123080Z x iPhoneOS16.5.sdk/usr/include/mach/mig.h
2026-06-03T08:46:48.7123310Z x iPhoneOS16.5.sdk/usr/include/mach/thread_state.h
2026-06-03T08:46:48.7123560Z x iPhoneOS16.5.sdk/usr/include/mach/memory_entry.h
2026-06-03T08:46:48.7123800Z x iPhoneOS16.5.sdk/usr/include/mach/arm/
2026-06-03T08:46:48.7124020Z x iPhoneOS16.5.sdk/usr/include/mach/arm/ndr_def.h
2026-06-03T08:46:48.7124280Z x iPhoneOS16.5.sdk/usr/include/mach/arm/kern_return.h
2026-06-03T08:46:48.7124660Z x iPhoneOS16.5.sdk/usr/include/mach/arm/thread_state.h
2026-06-03T08:46:48.7124940Z x iPhoneOS16.5.sdk/usr/include/mach/arm/processor_info.h
2026-06-03T08:46:48.7125210Z x iPhoneOS16.5.sdk/usr/include/mach/arm/vm_param.h
2026-06-03T08:46:48.7125460Z x iPhoneOS16.5.sdk/usr/include/mach/arm/boolean.h
2026-06-03T08:46:48.7125710Z x iPhoneOS16.5.sdk/usr/include/mach/arm/vm_types.h
2026-06-03T08:46:48.7126030Z x iPhoneOS16.5.sdk/usr/include/mach/arm/_structs.h
2026-06-03T08:46:48.7133100Z x iPhoneOS16.5.sdk/usr/include/mach/arm/traps.h
2026-06-03T08:46:48.7133370Z x iPhoneOS16.5.sdk/usr/include/mach/arm/asm.h
2026-06-03T08:46:48.7133630Z x iPhoneOS16.5.sdk/usr/include/mach/arm/thread_status.h
2026-06-03T08:46:48.7133890Z x iPhoneOS16.5.sdk/usr/include/mach/arm/rpc.h
2026-06-03T08:46:48.7134460Z x iPhoneOS16.5.sdk/usr/include/mach/arm/exception.h
2026-06-03T08:46:48.7134710Z x iPhoneOS16.5.sdk/usr/include/mach/host_info.h
2026-06-03T08:46:48.7135200Z x iPhoneOS16.5.sdk/usr/include/mach/host_reboot.h
2026-06-03T08:46:48.7135460Z x iPhoneOS16.5.sdk/usr/include/mach/vm_statistics.h
2026-06-03T08:46:48.7135720Z x iPhoneOS16.5.sdk/usr/include/mach/host_priv.h
2026-06-03T08:46:48.7135960Z x iPhoneOS16.5.sdk/usr/include/mach/vm_inherit.h
2026-06-03T08:46:48.7136230Z x iPhoneOS16.5.sdk/usr/include/mach/memory_object_types.h
2026-06-03T08:46:48.7136480Z x iPhoneOS16.5.sdk/usr/include/mach/error.h
2026-06-03T08:46:48.7136710Z x iPhoneOS16.5.sdk/usr/include/mach/mach_port.h
2026-06-03T08:46:48.7136950Z x iPhoneOS16.5.sdk/usr/include/mach/thread_info.h
2026-06-03T08:46:48.7137190Z x iPhoneOS16.5.sdk/usr/include/mach/clock.h
2026-06-03T08:46:48.7137420Z x iPhoneOS16.5.sdk/usr/include/mach/mach_error.h
2026-06-03T08:46:48.7137660Z x iPhoneOS16.5.sdk/usr/include/mach/clock_priv.h
2026-06-03T08:46:48.7137890Z x iPhoneOS16.5.sdk/usr/include/mach/port_obj.h
2026-06-03T08:46:48.7138120Z x iPhoneOS16.5.sdk/usr/include/mach/port.h
2026-06-03T08:46:48.7138350Z x iPhoneOS16.5.sdk/usr/include/mach/bootstrap.h
2026-06-03T08:46:48.7138580Z x iPhoneOS16.5.sdk/usr/include/mach/task.h
2026-06-03T08:46:48.7138800Z x iPhoneOS16.5.sdk/usr/include/mach/vm_task.h
2026-06-03T08:46:48.7139030Z x iPhoneOS16.5.sdk/usr/include/mach/mach_param.h
2026-06-03T08:46:48.7139270Z x iPhoneOS16.5.sdk/usr/include/mach/host_notify.h
2026-06-03T08:46:48.7139510Z x iPhoneOS16.5.sdk/usr/include/mach/clock_reply.h
2026-06-03T08:46:48.7139750Z x iPhoneOS16.5.sdk/usr/include/mach/message.h
2026-06-03T08:46:48.7139990Z x iPhoneOS16.5.sdk/usr/include/mach/processor_info.h
2026-06-03T08:46:48.7140240Z x iPhoneOS16.5.sdk/usr/include/mach/machine/
2026-06-03T08:46:48.7140480Z x iPhoneOS16.5.sdk/usr/include/mach/machine/ndr_def.h
2026-06-03T08:46:48.7140760Z x iPhoneOS16.5.sdk/usr/include/mach/machine/kern_return.h
2026-06-03T08:46:48.7141050Z x iPhoneOS16.5.sdk/usr/include/mach/machine/thread_state.h
2026-06-03T08:46:48.7141350Z x iPhoneOS16.5.sdk/usr/include/mach/machine/processor_info.h
2026-06-03T08:46:48.7141650Z x iPhoneOS16.5.sdk/usr/include/mach/machine/vm_param.h
2026-06-03T08:46:48.7141930Z x iPhoneOS16.5.sdk/usr/include/mach/machine/boolean.h
2026-06-03T08:46:48.7142270Z x iPhoneOS16.5.sdk/usr/include/mach/machine/vm_types.h
2026-06-03T08:46:48.7142550Z x iPhoneOS16.5.sdk/usr/include/mach/machine/_structs.h
2026-06-03T08:46:48.7142810Z x iPhoneOS16.5.sdk/usr/include/mach/machine/asm.h
2026-06-03T08:46:48.7143080Z x iPhoneOS16.5.sdk/usr/include/mach/machine/thread_status.h
2026-06-03T08:46:48.7143350Z x iPhoneOS16.5.sdk/usr/include/mach/machine/rpc.h
2026-06-03T08:46:48.7143620Z x iPhoneOS16.5.sdk/usr/include/mach/machine/exception.h
2026-06-03T08:46:48.7143870Z x iPhoneOS16.5.sdk/usr/include/mach/vm_param.h
2026-06-03T08:46:48.7144110Z x iPhoneOS16.5.sdk/usr/include/mach/semaphore.h
2026-06-03T08:46:48.7144340Z x iPhoneOS16.5.sdk/usr/include/mach/kmod.h
2026-06-03T08:46:48.7144580Z x iPhoneOS16.5.sdk/usr/include/mach/mach_syscalls.h
2026-06-03T08:46:48.7144830Z x iPhoneOS16.5.sdk/usr/include/mach/vm_page_size.h
2026-06-03T08:46:48.7145170Z x iPhoneOS16.5.sdk/usr/include/mach/boolean.h
2026-06-03T08:46:48.7145410Z x iPhoneOS16.5.sdk/usr/include/mach/mach_host.h
2026-06-03T08:46:48.7145650Z x iPhoneOS16.5.sdk/usr/include/mach/task_inspect.h
2026-06-03T08:46:48.7145890Z x iPhoneOS16.5.sdk/usr/include/mach/policy.h
2026-06-03T08:46:48.7146140Z x iPhoneOS16.5.sdk/usr/include/mach/task_special_ports.h
2026-06-03T08:46:48.7146410Z x iPhoneOS16.5.sdk/usr/include/mach/mach_voucher.h
2026-06-03T08:46:48.7146670Z x iPhoneOS16.5.sdk/usr/include/mach/mach_voucher_types.h
2026-06-03T08:46:48.7147040Z x iPhoneOS16.5.sdk/usr/include/mach/vm_types.h
2026-06-03T08:46:48.7147320Z x iPhoneOS16.5.sdk/usr/include/mach/audit_triggers_types.h
2026-06-03T08:46:48.7147610Z x iPhoneOS16.5.sdk/usr/include/mach/mig_voucher_support.h
2026-06-03T08:46:48.7147880Z x iPhoneOS16.5.sdk/usr/include/mach/vm_purgable.h
2026-06-03T08:46:48.7148110Z x iPhoneOS16.5.sdk/usr/include/mach/machine.h
2026-06-03T08:46:48.7148330Z x iPhoneOS16.5.sdk/usr/include/mach/sync.h
2026-06-03T08:46:48.7148560Z x iPhoneOS16.5.sdk/usr/include/mach/mach_traps.h
2026-06-03T08:46:48.7148800Z x iPhoneOS16.5.sdk/usr/include/mach/mig_errors.h
2026-06-03T08:46:48.7149040Z x iPhoneOS16.5.sdk/usr/include/mach/mach_types.h
2026-06-03T08:46:48.7149280Z x iPhoneOS16.5.sdk/usr/include/mach/notify.h
2026-06-03T08:46:48.7149510Z x iPhoneOS16.5.sdk/usr/include/mach/vm_behavior.h
2026-06-03T08:46:48.7149750Z x iPhoneOS16.5.sdk/usr/include/mach/mach_right.h
2026-06-03T08:46:48.7149990Z x iPhoneOS16.5.sdk/usr/include/mach/time_value.h
2026-06-03T08:46:48.7150230Z x iPhoneOS16.5.sdk/usr/include/mach/thread_switch.h
2026-06-03T08:46:48.7150480Z x iPhoneOS16.5.sdk/usr/include/mach/task_info.h
2026-06-03T08:46:48.7150720Z x iPhoneOS16.5.sdk/usr/include/mach/vm_prot.h
2026-06-03T08:46:48.7150950Z x iPhoneOS16.5.sdk/usr/include/mach/std_types.h
2026-06-03T08:46:48.7151170Z x iPhoneOS16.5.sdk/usr/include/mach/ndr.h
2026-06-03T08:46:48.7151410Z x iPhoneOS16.5.sdk/usr/include/mach/mach_interface.h
2026-06-03T08:46:48.7151660Z x iPhoneOS16.5.sdk/usr/include/mach/thread_act.h
2026-06-03T08:46:48.7151910Z x iPhoneOS16.5.sdk/usr/include/mach/thread_status.h
2026-06-03T08:46:48.7152170Z x iPhoneOS16.5.sdk/usr/include/mach/clock_types.h
2026-06-03T08:46:48.7152440Z x iPhoneOS16.5.sdk/usr/include/mach/thread_special_ports.h
2026-06-03T08:46:48.7152760Z x iPhoneOS16.5.sdk/usr/include/mach/mig_strncpy_zerofill_support.h
2026-06-03T08:46:48.7153050Z x iPhoneOS16.5.sdk/usr/include/mach/rpc.h
2026-06-03T08:46:48.7153280Z x iPhoneOS16.5.sdk/usr/include/mach/vm_attributes.h
2026-06-03T08:46:48.7153540Z x iPhoneOS16.5.sdk/usr/include/mach/sync_policy.h
2026-06-03T08:46:48.7153780Z x iPhoneOS16.5.sdk/usr/include/mach/vm_sync.h
2026-06-03T08:46:48.7154010Z x iPhoneOS16.5.sdk/usr/include/mach/exception.h
2026-06-03T08:46:48.7154230Z x iPhoneOS16.5.sdk/usr/include/mach/mach.h
2026-06-03T08:46:48.7155160Z x iPhoneOS16.5.sdk/usr/include/mach/mach_init.h
2026-06-03T08:46:48.7155390Z x iPhoneOS16.5.sdk/usr/include/libxml/
2026-06-03T08:46:48.7155610Z x iPhoneOS16.5.sdk/usr/include/libxml/xmlmodule.h
2026-06-03T08:46:48.7155870Z x iPhoneOS16.5.sdk/usr/include/libxml/nanohttp.h
2026-06-03T08:46:48.7156200Z x iPhoneOS16.5.sdk/usr/include/libxml/DOCBparser.h
2026-06-03T08:46:48.7156480Z x iPhoneOS16.5.sdk/usr/include/libxml/module.modulemap
2026-06-03T08:46:48.7156730Z x iPhoneOS16.5.sdk/usr/include/libxml/hash.h
2026-06-03T08:46:48.7156960Z x iPhoneOS16.5.sdk/usr/include/libxml/xlink.h
2026-06-03T08:46:48.7157190Z x iPhoneOS16.5.sdk/usr/include/libxml/xpointer.h
2026-06-03T08:46:48.7157430Z x iPhoneOS16.5.sdk/usr/include/libxml/entities.h
2026-06-03T08:46:48.7157670Z x iPhoneOS16.5.sdk/usr/include/libxml/xinclude.h
2026-06-03T08:46:48.7157910Z x iPhoneOS16.5.sdk/usr/include/libxml/xmlwriter.h
2026-06-03T08:46:48.7158150Z x iPhoneOS16.5.sdk/usr/include/libxml/catalog.h
2026-06-03T08:46:48.7158390Z x iPhoneOS16.5.sdk/usr/include/libxml/globals.h
2026-06-03T08:46:48.7158610Z x iPhoneOS16.5.sdk/usr/include/libxml/SAX.h
2026-06-03T08:46:48.7158840Z x iPhoneOS16.5.sdk/usr/include/libxml/relaxng.h
2026-06-03T08:46:48.7159150Z x iPhoneOS16.5.sdk/usr/include/libxml/debugXML.h
2026-06-03T08:46:48.7159390Z x iPhoneOS16.5.sdk/usr/include/libxml/valid.h
2026-06-03T08:46:48.7159630Z x iPhoneOS16.5.sdk/usr/include/libxml/pattern.h
2026-06-03T08:46:48.7159870Z x iPhoneOS16.5.sdk/usr/include/libxml/HTMLparser.h
2026-06-03T08:46:48.7160130Z x iPhoneOS16.5.sdk/usr/include/libxml/xmlversion.h
2026-06-03T08:46:48.7160370Z x iPhoneOS16.5.sdk/usr/include/libxml/xpath.h
2026-06-03T08:46:48.7160590Z x iPhoneOS16.5.sdk/usr/include/libxml/uri.h
2026-06-03T08:46:48.7160830Z x iPhoneOS16.5.sdk/usr/include/libxml/xmlreader.h
2026-06-03T08:46:48.7161100Z x iPhoneOS16.5.sdk/usr/include/libxml/schemasInternals.h
2026-06-03T08:46:48.7161360Z x iPhoneOS16.5.sdk/usr/include/libxml/xmlstring.h
2026-06-03T08:46:48.7161600Z x iPhoneOS16.5.sdk/usr/include/libxml/xmlIO.h
2026-06-03T08:46:48.7163010Z x iPhoneOS16.5.sdk/usr/include/libxml/xmlunicode.h
2026-06-03T08:46:48.7164750Z x iPhoneOS16.5.sdk/usr/include/libxml/dict.h
2026-06-03T08:46:48.7165510Z x iPhoneOS16.5.sdk/usr/include/libxml/xmlschemastypes.h
2026-06-03T08:46:48.7166250Z x iPhoneOS16.5.sdk/usr/include/libxml/xmlregexp.h
2026-06-03T08:46:48.7166910Z x iPhoneOS16.5.sdk/usr/include/libxml/SAX2.h
2026-06-03T08:46:48.7167750Z x iPhoneOS16.5.sdk/usr/include/libxml/xmlschemas.h
2026-06-03T08:46:48.7168540Z x iPhoneOS16.5.sdk/usr/include/libxml/HTMLtree.h
2026-06-03T08:46:48.7169370Z x iPhoneOS16.5.sdk/usr/include/libxml/xmlautomata.h
2026-06-03T08:46:48.7170070Z x iPhoneOS16.5.sdk/usr/include/libxml/xmlexports.h
2026-06-03T08:46:48.7171460Z x iPhoneOS16.5.sdk/usr/include/libxml/chvalid.h
2026-06-03T08:46:48.7173600Z x iPhoneOS16.5.sdk/usr/include/libxml/threads.h
2026-06-03T08:46:48.7174260Z x iPhoneOS16.5.sdk/usr/include/libxml/xmlsave.h
2026-06-03T08:46:48.7175000Z x iPhoneOS16.5.sdk/usr/include/libxml/list.h
2026-06-03T08:46:48.7175270Z x iPhoneOS16.5.sdk/usr/include/libxml/xmlerror.h
2026-06-03T08:46:48.7175780Z x iPhoneOS16.5.sdk/usr/include/libxml/tree.h
2026-06-03T08:46:48.7176030Z x iPhoneOS16.5.sdk/usr/include/libxml/c14n.h
2026-06-03T08:46:48.7176270Z x iPhoneOS16.5.sdk/usr/include/libxml/parser.h
2026-06-03T08:46:48.7176370Z x iPhoneOS16.5.sdk/usr/include/libxml/schematron.h
2026-06-03T08:46:48.7176450Z x iPhoneOS16.5.sdk/usr/include/libxml/xmlmemory.h
2026-06-03T08:46:48.7176560Z x iPhoneOS16.5.sdk/usr/include/libxml/xpathInternals.h
2026-06-03T08:46:48.7176640Z x iPhoneOS16.5.sdk/usr/include/libxml/nanoftp.h
2026-06-03T08:46:48.7176730Z x iPhoneOS16.5.sdk/usr/include/libxml/encoding.h
2026-06-03T08:46:48.7176840Z x iPhoneOS16.5.sdk/usr/include/libxml/parserInternals.h
2026-06-03T08:46:48.7176900Z x iPhoneOS16.5.sdk/usr/include/fenv.h
2026-06-03T08:46:48.7176990Z x iPhoneOS16.5.sdk/usr/include/CommonCrypto/
2026-06-03T08:46:48.7177140Z x iPhoneOS16.5.sdk/usr/include/CommonCrypto/CommonSymmetricKeywrap.h
2026-06-03T08:46:48.7177280Z x iPhoneOS16.5.sdk/usr/include/CommonCrypto/module.modulemap
2026-06-03T08:46:48.7177400Z x iPhoneOS16.5.sdk/usr/include/CommonCrypto/CommonCryptor.h
2026-06-03T08:46:48.7177520Z x iPhoneOS16.5.sdk/usr/include/CommonCrypto/CommonHMAC.h
2026-06-03T08:46:48.7177850Z x iPhoneOS16.5.sdk/usr/include/CommonCrypto/CommonDigest.h
2026-06-03T08:46:48.7177970Z x iPhoneOS16.5.sdk/usr/include/CommonCrypto/CommonRandom.h
2026-06-03T08:46:48.7178100Z x iPhoneOS16.5.sdk/usr/include/CommonCrypto/CommonCryptoError.h
2026-06-03T08:46:48.7178210Z x iPhoneOS16.5.sdk/usr/include/CommonCrypto/CommonCrypto.h
2026-06-03T08:46:48.7178340Z x iPhoneOS16.5.sdk/usr/include/CommonCrypto/CommonKeyDerivation.h
2026-06-03T08:46:48.7178410Z x iPhoneOS16.5.sdk/usr/include/glob.h
2026-06-03T08:46:48.7178500Z x iPhoneOS16.5.sdk/usr/include/device.modulemap
2026-06-03T08:46:48.7178600Z x iPhoneOS16.5.sdk/usr/include/AvailabilityVersions.h
2026-06-03T08:46:48.7178670Z x iPhoneOS16.5.sdk/usr/include/string.h
2026-06-03T08:46:48.7178760Z x iPhoneOS16.5.sdk/usr/include/module.modulemap
2026-06-03T08:46:48.7178840Z x iPhoneOS16.5.sdk/usr/include/machine.modulemap
2026-06-03T08:46:48.7179050Z x iPhoneOS16.5.sdk/usr/include/device/
2026-06-03T08:46:48.7179150Z x iPhoneOS16.5.sdk/usr/include/device/device_types.h
2026-06-03T08:46:48.7179230Z x iPhoneOS16.5.sdk/usr/include/libunwind.h
2026-06-03T08:46:48.7179310Z x iPhoneOS16.5.sdk/usr/include/bank.modulemap
2026-06-03T08:46:48.7179380Z x iPhoneOS16.5.sdk/usr/include/alloca.h
2026-06-03T08:46:48.7179510Z x iPhoneOS16.5.sdk/usr/include/darwin_posix_sys_types.modulemap
2026-06-03T08:46:48.7179580Z x iPhoneOS16.5.sdk/usr/include/fstab.h
2026-06-03T08:46:48.7179970Z x iPhoneOS16.5.sdk/usr/include/notify_keys.h
2026-06-03T08:46:48.7180250Z x iPhoneOS16.5.sdk/usr/include/libxml2/
2026-06-03T08:46:48.7180490Z x iPhoneOS16.5.sdk/usr/include/libxml2/libxml
2026-06-03T08:46:48.7181140Z x iPhoneOS16.5.sdk/usr/include/MacTypes.h
2026-06-03T08:46:48.7181400Z x iPhoneOS16.5.sdk/usr/include/ntsid.h
2026-06-03T08:46:48.7181590Z x iPhoneOS16.5.sdk/usr/include/arm/
2026-06-03T08:46:48.7181810Z x iPhoneOS16.5.sdk/usr/include/arm/types.h
2026-06-03T08:46:48.7182450Z x iPhoneOS16.5.sdk/usr/include/arm/_limits.h
2026-06-03T08:46:48.7183900Z x iPhoneOS16.5.sdk/usr/include/arm/endian.h
2026-06-03T08:46:48.7184690Z x iPhoneOS16.5.sdk/usr/include/arm/signal.h
2026-06-03T08:46:48.7186130Z x iPhoneOS16.5.sdk/usr/include/arm/arch.h
2026-06-03T08:46:48.7186650Z x iPhoneOS16.5.sdk/usr/include/arm/_types.h
2026-06-03T08:46:48.7186890Z x iPhoneOS16.5.sdk/usr/include/arm/_param.h
2026-06-03T08:46:48.7187110Z x iPhoneOS16.5.sdk/usr/include/arm/param.h
2026-06-03T08:46:48.7188450Z x iPhoneOS16.5.sdk/usr/include/arm/_mcontext.h
2026-06-03T08:46:48.7188690Z x iPhoneOS16.5.sdk/usr/include/arm/limits.h
2026-06-03T08:46:48.7189800Z x iPhoneOS16.5.sdk/usr/include/arm64/
2026-06-03T08:46:48.7190160Z x iPhoneOS16.5.sdk/usr/include/arm64/hv/
2026-06-03T08:46:48.7190680Z x iPhoneOS16.5.sdk/usr/include/arm64/hv/hv_kern_types.h
2026-06-03T08:46:48.7190910Z x iPhoneOS16.5.sdk/usr/include/bzlib.h
2026-06-03T08:46:48.7191140Z x iPhoneOS16.5.sdk/usr/include/AssertMacros.h
2026-06-03T08:46:48.7191420Z x iPhoneOS16.5.sdk/usr/include/unwind_arm_ehabi.h
2026-06-03T08:46:48.7191630Z x iPhoneOS16.5.sdk/usr/include/nl_types.h
2026-06-03T08:46:48.7191840Z x iPhoneOS16.5.sdk/usr/include/zconf.h
2026-06-03T08:46:48.7192040Z x iPhoneOS16.5.sdk/usr/include/dns.h
2026-06-03T08:46:48.7192270Z x iPhoneOS16.5.sdk/usr/include/Darwin.apinotes
2026-06-03T08:46:48.7192470Z x iPhoneOS16.5.sdk/usr/include/simd/
2026-06-03T08:46:48.7192900Z x iPhoneOS16.5.sdk/usr/include/simd/common.h
2026-06-03T08:46:48.7193130Z x iPhoneOS16.5.sdk/usr/include/simd/types.h
2026-06-03T08:46:48.7193390Z x iPhoneOS16.5.sdk/usr/include/simd/module.modulemap
2026-06-03T08:46:48.7193830Z x iPhoneOS16.5.sdk/usr/include/simd/logic.h
2026-06-03T08:46:48.7194060Z x iPhoneOS16.5.sdk/usr/include/simd/math.h
2026-06-03T08:46:48.7194350Z x iPhoneOS16.5.sdk/usr/include/simd/matrix_types.h
2026-06-03T08:46:48.7194590Z x iPhoneOS16.5.sdk/usr/include/simd/geometry.h
2026-06-03T08:46:48.7194800Z x iPhoneOS16.5.sdk/usr/include/simd/extern.h
2026-06-03T08:46:48.7195040Z x iPhoneOS16.5.sdk/usr/include/simd/base.h
2026-06-03T08:46:48.7195250Z x iPhoneOS16.5.sdk/usr/include/simd/packed.h
2026-06-03T08:46:48.7196160Z x iPhoneOS16.5.sdk/usr/include/simd/vector_types.h
2026-06-03T08:46:48.7196430Z x iPhoneOS16.5.sdk/usr/include/simd/vector_make.h
2026-06-03T08:46:48.7196640Z x iPhoneOS16.5.sdk/usr/include/simd/simd.h
2026-06-03T08:46:48.7196860Z x iPhoneOS16.5.sdk/usr/include/simd/matrix.h
2026-06-03T08:46:48.7197470Z x iPhoneOS16.5.sdk/usr/include/simd/vector.h
2026-06-03T08:46:48.7197760Z x iPhoneOS16.5.sdk/usr/include/simd/conversion.h
2026-06-03T08:46:48.7198000Z x iPhoneOS16.5.sdk/usr/include/simd/quaternion.h
2026-06-03T08:46:48.7198200Z x iPhoneOS16.5.sdk/usr/include/utmpx.h
2026-06-03T08:46:48.7198410Z x iPhoneOS16.5.sdk/usr/include/sysexits.h
2026-06-03T08:46:48.7199020Z x iPhoneOS16.5.sdk/usr/include/Endian.h
2026-06-03T08:46:48.7199440Z x iPhoneOS16.5.sdk/usr/include/Block.h
2026-06-03T08:46:48.7199650Z x iPhoneOS16.5.sdk/usr/include/spawn.h
2026-06-03T08:46:48.7200160Z x iPhoneOS16.5.sdk/usr/include/complex.h
2026-06-03T08:46:48.7200370Z x iPhoneOS16.5.sdk/usr/include/stddef.h
2026-06-03T08:46:48.7200590Z x iPhoneOS16.5.sdk/usr/include/inttypes.h
2026-06-03T08:46:48.7200860Z x iPhoneOS16.5.sdk/usr/include/AvailabilityMacros.h
2026-06-03T08:46:48.7201050Z x iPhoneOS16.5.sdk/usr/include/ftw.h
2026-06-03T08:46:48.7201280Z x iPhoneOS16.5.sdk/usr/include/uuid.modulemap
2026-06-03T08:46:48.7201490Z x iPhoneOS16.5.sdk/usr/include/sched.h
2026-06-03T08:46:48.7201720Z x iPhoneOS16.5.sdk/usr/include/netinet.modulemap
2026-06-03T08:46:48.7201920Z x iPhoneOS16.5.sdk/usr/include/c++/
2026-06-03T08:46:48.7202110Z x iPhoneOS16.5.sdk/usr/include/c++/v1/
2026-06-03T08:46:48.7202350Z x iPhoneOS16.5.sdk/usr/include/c++/v1/tgmath.h
2026-06-03T08:46:48.7202570Z x iPhoneOS16.5.sdk/usr/include/c++/v1/numbers
2026-06-03T08:46:48.7202800Z x iPhoneOS16.5.sdk/usr/include/c++/v1/cinttypes
2026-06-03T08:46:48.7203010Z x iPhoneOS16.5.sdk/usr/include/c++/v1/any
2026-06-03T08:46:48.7203910Z x iPhoneOS16.5.sdk/usr/include/c++/v1/cxxabi.h
2026-06-03T08:46:48.7204540Z x iPhoneOS16.5.sdk/usr/include/c++/v1/bitset
2026-06-03T08:46:48.7204810Z x iPhoneOS16.5.sdk/usr/include/c++/v1/__coroutine/
2026-06-03T08:46:48.7205210Z x iPhoneOS16.5.sdk/usr/include/c++/v1/__coroutine/coroutine_traits.h
2026-06-03T08:46:48.7205820Z x iPhoneOS16.5.sdk/usr/include/c++/v1/__coroutine/noop_coroutine_handle.h
2026-06-03T08:46:48.7206670Z x iPhoneOS16.5.sdk/usr/include/c++/v1/__coroutine/coroutine_handle.h
2026-06-03T08:46:48.7207330Z x iPhoneOS16.5.sdk/usr/include/c++/v1/__coroutine/trivial_awaitables.h
2026-06-03T08:46:48.7207630Z x iPhoneOS16.5.sdk/usr/include/c++/v1/stdio.h
2026-06-03T08:46:48.7208050Z x iPhoneOS16.5.sdk/usr/include/c++/v1/__config
2026-06-03T08:46:48.7208260Z x iPhoneOS16.5.sdk/usr/include/c++/v1/__fwd/
2026-06-03T08:46:48.7208560Z x iPhoneOS16.5.sdk/usr/include/c++/v1/__fwd/string_view.h
2026-06-03T08:46:48.7208800Z x iPhoneOS16.5.sdk/usr/include/c++/v1/__fwd/span.h
2026-06-03T08:46:48.7209040Z x iPhoneOS16.5.sdk/usr/include/c++/v1/ctgmath
2026-06-03T08:46:48.7209260Z x iPhoneOS16.5.sdk/usr/include/c++/v1/concepts
2026-06-03T08:46:48.7209490Z x iPhoneOS16.5.sdk/usr/include/c++/v1/errno.h
2026-06-03T08:46:48.7209700Z x iPhoneOS16.5.sdk/usr/include/c++/v1/deque
2026-06-03T08:46:48.7209930Z x iPhoneOS16.5.sdk/usr/include/c++/v1/stdexcept
2026-06-03T08:46:48.7210370Z x iPhoneOS16.5.sdk/usr/include/c++/v1/cwchar
2026-06-03T08:46:48.7210580Z x iPhoneOS16.5.sdk/usr/include/c++/v1/latch
2026-06-03T08:46:48.7210830Z x iPhoneOS16.5.sdk/usr/include/c++/v1/__functional/
2026-06-03T08:46:48.7211400Z x iPhoneOS16.5.sdk/usr/include/c++/v1/__functional/unary_negate.h
2026-06-03T08:46:48.7211600Z x iPhoneOS16.5.sdk/usr/include/c++/v1/__functional/perfect_forward.h
2026-06-03T08:46:48.7211740Z x iPhoneOS16.5.sdk/usr/include/c++/v1/__functional/binder2nd.h
2026-06-03T08:46:48.7211850Z x iPhoneOS16.5.sdk/usr/include/c++/v1/__functional/hash.h
2026-06-03T08:46:48.7211960Z x iPhoneOS16.5.sdk/usr/include/c++/v1/__functional/bind.h
2026-06-03T08:46:48.7212150Z x iPhoneOS16.5.sdk/usr/include/c++/v1/__functional/pointer_to_unary_function.h
2026-06-03T08:46:48.7212440Z x iPhoneOS16.5.sdk/usr/include/c++/v1/__functional/mem_fn.h
2026-06-03T08:46:48.7212570Z x iPhoneOS16.5.sdk/usr/include/c++/v1/__functional/function.h
2026-06-03T08:46:48.7212690Z x iPhoneOS16.5.sdk/usr/include/c++/v1/__functional/invoke.h
2026-06-03T08:46:48.7212820Z x iPhoneOS16.5.sdk/usr/include/c++/v1/__functional/unary_function.h
2026-06-03T08:46:48.7212950Z x iPhoneOS16.5.sdk/usr/include/c++/v1/__functional/is_transparent.h
2026-06-03T08:46:48.7213100Z x iPhoneOS16.5.sdk/usr/include/c++/v1/__functional/boyer_moore_searcher.h
2026-06-03T08:46:48.7213230Z x iPhoneOS16.5.sdk/usr/include/c++/v1/__functional/binary_negate.h
2026-06-03T08:46:48.7213370Z x iPhoneOS16.5.sdk/usr/include/c++/v1/__functional/default_searcher.h
2026-06-03T08:46:48.7213490Z x iPhoneOS16.5.sdk/usr/include/c++/v1/__functional/bind_back.h
2026-06-03T08:46:48.7213630Z x iPhoneOS16.5.sdk/usr/include/c++/v1/__functional/ranges_operations.h
2026-06-03T08:46:48.7213880Z x iPhoneOS16.5.sdk/usr/include/c++/v1/__functional/not_fn.h
2026-06-03T08:46:48.7214020Z x iPhoneOS16.5.sdk/usr/include/c++/v1/__functional/mem_fun_ref.h
2026-06-03T08:46:48.7214140Z x iPhoneOS16.5.sdk/usr/include/c++/v1/__functional/compose.h
2026-06-03T08:46:48.7214310Z x iPhoneOS16.5.sdk/usr/include/c++/v1/__functional/pointer_to_binary_function.h
2026-06-03T08:46:48.7214430Z x iPhoneOS16.5.sdk/usr/include/c++/v1/__functional/binder1st.h
2026-06-03T08:46:48.7214560Z x iPhoneOS16.5.sdk/usr/include/c++/v1/__functional/reference_wrapper.h
2026-06-03T08:46:48.7214690Z x iPhoneOS16.5.sdk/usr/include/c++/v1/__functional/bind_front.h
2026-06-03T08:46:48.7214800Z x iPhoneOS16.5.sdk/usr/include/c++/v1/__functional/operations.h
2026-06-03T08:46:48.7214930Z x iPhoneOS16.5.sdk/usr/include/c++/v1/__functional/identity.h
2026-06-03T08:46:48.7215040Z x iPhoneOS16.5.sdk/usr/include/c++/v1/__functional/unwrap_ref.h
2026-06-03T08:46:48.7215180Z x iPhoneOS16.5.sdk/usr/include/c++/v1/__functional/binary_function.h
2026-06-03T08:46:48.7215310Z x iPhoneOS16.5.sdk/usr/include/c++/v1/__functional/weak_result_type.h
2026-06-03T08:46:48.7215480Z x iPhoneOS16.5.sdk/usr/include/c++/v1/future
2026-06-03T08:46:48.7215560Z x iPhoneOS16.5.sdk/usr/include/c++/v1/cuchar
2026-06-03T08:46:48.7215640Z x iPhoneOS16.5.sdk/usr/include/c++/v1/variant
2026-06-03T08:46:48.7215710Z x iPhoneOS16.5.sdk/usr/include/c++/v1/set
2026-06-03T08:46:48.7215800Z x iPhoneOS16.5.sdk/usr/include/c++/v1/forward_list
2026-06-03T08:46:48.7215880Z x iPhoneOS16.5.sdk/usr/include/c++/v1/stdlib.h
2026-06-03T08:46:48.7215950Z x iPhoneOS16.5.sdk/usr/include/c++/v1/cerrno
2026-06-03T08:46:48.7216040Z x iPhoneOS16.5.sdk/usr/include/c++/v1/__algorithm/
2026-06-03T08:46:48.7216160Z x iPhoneOS16.5.sdk/usr/include/c++/v1/__algorithm/stable_sort.h
2026-06-03T08:46:48.7216290Z x iPhoneOS16.5.sdk/usr/include/c++/v1/__algorithm/ranges_sort_heap.h
2026-06-03T08:46:48.7216410Z x iPhoneOS16.5.sdk/usr/include/c++/v1/__algorithm/rotate_copy.h
2026-06-03T08:46:48.7216520Z x iPhoneOS16.5.sdk/usr/include/c++/v1/__algorithm/generate.h
2026-06-03T08:46:48.7216640Z x iPhoneOS16.5.sdk/usr/include/c++/v1/__algorithm/rotate.h
2026-06-03T08:46:48.7216750Z x iPhoneOS16.5.sdk/usr/include/c++/v1/__algorithm/mismatch.h
2026-06-03T08:46:48.7216850Z x iPhoneOS16.5.sdk/usr/include/c++/v1/__algorithm/find.h
2026-06-03T08:46:48.7216980Z x iPhoneOS16.5.sdk/usr/include/c++/v1/__algorithm/ranges_replace_if.h
2026-06-03T08:46:48.7217120Z x iPhoneOS16.5.sdk/usr/include/c++/v1/__algorithm/ranges_move_backward.h
2026-06-03T08:46:48.7217250Z x iPhoneOS16.5.sdk/usr/include/c++/v1/__algorithm/ranges_count_if.h
2026-06-03T08:46:48.7217370Z x iPhoneOS16.5.sdk/usr/include/c++/v1/__algorithm/upper_bound.h
2026-06-03T08:46:48.7217510Z x iPhoneOS16.5.sdk/usr/include/c++/v1/__algorithm/ranges_stable_sort.h
2026-06-03T08:46:48.7217650Z x iPhoneOS16.5.sdk/usr/include/c++/v1/__algorithm/ranges_reverse_copy.h
2026-06-03T08:46:48.7217770Z x iPhoneOS16.5.sdk/usr/include/c++/v1/__algorithm/in_in_result.h
2026-06-03T08:46:48.7217890Z x iPhoneOS16.5.sdk/usr/include/c++/v1/__algorithm/minmax_element.h
2026-06-03T08:46:48.7218210Z x iPhoneOS16.5.sdk/usr/include/c++/v1/__algorithm/all_of.h
2026-06-03T08:46:48.7218430Z x iPhoneOS16.5.sdk/usr/include/c++/v1/__algorithm/ranges_any_of.h
2026-06-03T08:46:48.7218570Z x iPhoneOS16.5.sdk/usr/include/c++/v1/__algorithm/ranges_generate.h
2026-06-03T08:46:48.7218680Z x iPhoneOS16.5.sdk/usr/include/c++/v1/__algorithm/iter_swap.h
2026-06-03T08:46:48.7218800Z x iPhoneOS16.5.sdk/usr/include/c++/v1/__algorithm/sort_heap.h
2026-06-03T08:46:48.7218940Z x iPhoneOS16.5.sdk/usr/include/c++/v1/__algorithm/iterator_operations.h
2026-06-03T08:46:48.7219060Z x iPhoneOS16.5.sdk/usr/include/c++/v1/__algorithm/ranges_move.h
2026-06-03T08:46:48.7219350Z x iPhoneOS16.5.sdk/usr/include/c++/v1/__algorithm/ranges_equal_range.h
2026-06-03T08:46:48.7219530Z x iPhoneOS16.5.sdk/usr/include/c++/v1/__algorithm/ranges_remove_copy.h
2026-06-03T08:46:48.7219850Z x iPhoneOS16.5.sdk/usr/include/c++/v1/__algorithm/swap_ranges.h
2026-06-03T08:46:48.7219970Z x iPhoneOS16.5.sdk/usr/include/c++/v1/__algorithm/find_if.h
2026-06-03T08:46:48.7220180Z x iPhoneOS16.5.sdk/usr/include/c++/v1/__algorithm/set_union.h
2026-06-03T08:46:48.7220320Z x iPhoneOS16.5.sdk/usr/include/c++/v1/__algorithm/ranges_all_of.h
2026-06-03T08:46:48.7220470Z x iPhoneOS16.5.sdk/usr/include/c++/v1/__algorithm/ranges_is_permutation.h
2026-06-03T08:46:48.7220570Z x iPhoneOS16.5.sdk/usr/include/c++/v1/__algorithm/copy_n.h
2026-06-03T08:46:48.7220710Z x iPhoneOS16.5.sdk/usr/include/c++/v1/__algorithm/ranges_rotate_copy.h
2026-06-03T08:46:48.7220840Z x iPhoneOS16.5.sdk/usr/include/c++/v1/__algorithm/ranges_for_each.h
2026-06-03T08:46:48.7220950Z x iPhoneOS16.5.sdk/usr/include/c++/v1/__algorithm/search_n.h
2026-06-03T08:46:48.7221130Z x iPhoneOS16.5.sdk/usr/include/c++/v1/__algorithm/ranges_set_symmetric_difference.h
2026-06-03T08:46:48.7221260Z x iPhoneOS16.5.sdk/usr/include/c++/v1/__algorithm/ranges_push_heap.h
2026-06-03T08:46:48.7221390Z x iPhoneOS16.5.sdk/usr/include/c++/v1/__algorithm/in_out_result.h
2026-06-03T08:46:48.7221500Z x iPhoneOS16.5.sdk/usr/include/c++/v1/__algorithm/shuffle.h
2026-06-03T08:46:48.7221620Z x iPhoneOS16.5.sdk/usr/include/c++/v1/__algorithm/unwrap_iter.h
2026-06-03T08:46:48.7221740Z x iPhoneOS16.5.sdk/usr/include/c++/v1/__algorithm/adjacent_find.h
2026-06-03T08:46:48.7221850Z x iPhoneOS16.5.sdk/usr/include/c++/v1/__algorithm/fill_n.h
2026-06-03T08:46:48.7222100Z x iPhoneOS16.5.sdk/usr/include/c++/v1/__algorithm/set_symmetric_difference.h
2026-06-03T08:46:48.7222240Z x iPhoneOS16.5.sdk/usr/include/c++/v1/__algorithm/ranges_find_first_of.h
2026-06-03T08:46:48.7222360Z x iPhoneOS16.5.sdk/usr/include/c++/v1/__algorithm/ranges_equal.h
2026-06-03T08:46:48.7222500Z x iPhoneOS16.5.sdk/usr/include/c++/v1/__algorithm/ranges_inplace_merge.h
2026-06-03T08:46:48.7222630Z x iPhoneOS16.5.sdk/usr/include/c++/v1/__algorithm/ranges_transform.h
2026-06-03T08:46:48.7222750Z x iPhoneOS16.5.sdk/usr/include/c++/v1/__algorithm/ranges_merge.h
2026-06-03T08:46:48.7222860Z x iPhoneOS16.5.sdk/usr/include/c++/v1/__algorithm/push_heap.h
2026-06-03T08:46:48.7222980Z x iPhoneOS16.5.sdk/usr/include/c++/v1/__algorithm/none_of.h
2026-06-03T08:46:48.7223080Z x iPhoneOS16.5.sdk/usr/include/c++/v1/__algorithm/max.h
2026-06-03T08:46:48.7223220Z x iPhoneOS16.5.sdk/usr/include/c++/v1/__algorithm/is_sorted_until.h
2026-06-03T08:46:48.7223360Z x iPhoneOS16.5.sdk/usr/include/c++/v1/__algorithm/ranges_minmax_element.h
2026-06-03T08:46:48.7223490Z x iPhoneOS16.5.sdk/usr/include/c++/v1/__algorithm/ranges_pop_heap.h
2026-06-03T08:46:48.7223590Z x iPhoneOS16.5.sdk/usr/include/c++/v1/__algorithm/fill.h
2026-06-03T08:46:48.7223780Z x iPhoneOS16.5.sdk/usr/include/c++/v1/__algorithm/ranges_partition.h
2026-06-03T08:46:48.7223910Z x iPhoneOS16.5.sdk/usr/include/c++/v1/__algorithm/ranges_search_n.h
2026-06-03T08:46:48.7224050Z x iPhoneOS16.5.sdk/usr/include/c++/v1/__algorithm/ranges_is_partitioned.h
2026-06-03T08:46:48.7224180Z x iPhoneOS16.5.sdk/usr/include/c++/v1/__algorithm/ranges_mismatch.h
2026-06-03T08:46:48.7224330Z x iPhoneOS16.5.sdk/usr/include/c++/v1/__algorithm/ranges_partition_copy.h
2026-06-03T08:46:48.7224540Z x iPhoneOS16.5.sdk/usr/include/c++/v1/__algorithm/ranges_reverse.h
2026-06-03T08:46:48.7224660Z x iPhoneOS16.5.sdk/usr/include/c++/v1/__algorithm/count_if.h
2026-06-03T08:46:48.7224910Z x iPhoneOS16.5.sdk/usr/include/c++/v1/__algorithm/equal.h
2026-06-03T08:46:48.7225190Z x iPhoneOS16.5.sdk/usr/include/c++/v1/__algorithm/copy.h
2026-06-03T08:46:48.7225340Z x iPhoneOS16.5.sdk/usr/include/c++/v1/__algorithm/binary_search.h
2026-06-03T08:46:48.7225490Z x iPhoneOS16.5.sdk/usr/include/c++/v1/__algorithm/in_out_out_result.h
2026-06-03T08:46:48.7225620Z x iPhoneOS16.5.sdk/usr/include/c++/v1/__algorithm/ranges_find_if.h
2026-06-03T08:46:48.7225770Z x iPhoneOS16.5.sdk/usr/include/c++/v1/__algorithm/ranges_nth_element.h
2026-06-03T08:46:48.7225880Z x iPhoneOS16.5.sdk/usr/include/c++/v1/__algorithm/minmax.h
2026-06-03T08:46:48.7226240Z x iPhoneOS16.5.sdk/usr/include/c++/v1/__algorithm/ranges_prev_permutation.h
2026-06-03T08:46:48.7226390Z x iPhoneOS16.5.sdk/usr/include/c++/v1/__algorithm/ranges_includes.h
2026-06-03T08:46:48.7226510Z x iPhoneOS16.5.sdk/usr/include/c++/v1/__algorithm/ranges_rotate.h
2026-06-03T08:46:48.7226650Z x iPhoneOS16.5.sdk/usr/include/c++/v1/__algorithm/replace_copy.h
2026-06-03T08:46:48.7226780Z x iPhoneOS16.5.sdk/usr/include/c++/v1/__algorithm/stable_partition.h
2026-06-03T08:46:48.7226900Z x iPhoneOS16.5.sdk/usr/include/c++/v1/__algorithm/inplace_merge.h
2026-06-03T08:46:48.7227020Z x iPhoneOS16.5.sdk/usr/include/c++/v1/__algorithm/unique_copy.h
2026-06-03T08:46:48.7227180Z x iPhoneOS16.5.sdk/usr/include/c++/v1/__algorithm/set_intersection.h
2026-06-03T08:46:48.7227280Z x iPhoneOS16.5.sdk/usr/include/c++/v1/__algorithm/comp.h
2026-06-03T08:46:48.7227410Z x iPhoneOS16.5.sdk/usr/include/c++/v1/__algorithm/next_permutation.h
2026-06-03T08:46:48.7227520Z x iPhoneOS16.5.sdk/usr/include/c++/v1/__algorithm/sort.h
2026-06-03T08:46:48.7227650Z x iPhoneOS16.5.sdk/usr/include/c++/v1/__algorithm/in_found_result.h
2026-06-03T08:46:48.7227800Z x iPhoneOS16.5.sdk/usr/include/c++/v1/__algorithm/ranges_partial_sort.h
2026-06-03T08:46:48.7227940Z x iPhoneOS16.5.sdk/usr/include/c++/v1/__algorithm/ranges_adjacent_find.h
2026-06-03T08:46:48.7228070Z x iPhoneOS16.5.sdk/usr/include/c++/v1/__algorithm/ranges_none_of.h
2026-06-03T08:46:48.7228190Z x iPhoneOS16.5.sdk/usr/include/c++/v1/__algorithm/ranges_copy.h
2026-06-03T08:46:48.7228320Z x iPhoneOS16.5.sdk/usr/include/c++/v1/__algorithm/reverse_copy.h
2026-06-03T08:46:48.7228450Z x iPhoneOS16.5.sdk/usr/include/c++/v1/__algorithm/ranges_replace.h
2026-06-03T08:46:48.7228570Z x iPhoneOS16.5.sdk/usr/include/c++/v1/__algorithm/remove_copy.h
2026-06-03T08:46:48.7228740Z x iPhoneOS16.5.sdk/usr/include/c++/v1/__algorithm/ranges_set_intersection.h
2026-06-03T08:46:48.7228930Z x iPhoneOS16.5.sdk/usr/include/c++/v1/__algorithm/uniform_random_bit_generator_adaptor.h
2026-06-03T08:46:48.7229040Z x iPhoneOS16.5.sdk/usr/include/c++/v1/__algorithm/unique.h
2026-06-03T08:46:48.7229150Z x iPhoneOS16.5.sdk/usr/include/c++/v1/__algorithm/ranges_max.h
2026-06-03T08:46:48.7229280Z x iPhoneOS16.5.sdk/usr/include/c++/v1/__algorithm/any_of.h
2026-06-03T08:46:48.7229430Z x iPhoneOS16.5.sdk/usr/include/c++/v1/__algorithm/ranges_make_heap.h
2026-06-03T08:46:48.7229680Z x iPhoneOS16.5.sdk/usr/include/c++/v1/__algorithm/ranges_find_if_not.h
2026-06-03T08:46:48.7237010Z x iPhoneOS16.5.sdk/usr/include/c++/v1/__algorithm/ranges_fill_n.h
2026-06-03T08:46:48.7237150Z x iPhoneOS16.5.sdk/usr/include/c++/v1/__algorithm/replace.h
2026-06-03T08:46:48.7237280Z x iPhoneOS16.5.sdk/usr/include/c++/v1/__algorithm/ranges_shuffle.h
2026-06-03T08:46:48.7237390Z x iPhoneOS16.5.sdk/usr/include/c++/v1/__algorithm/move.h
2026-06-03T08:46:48.7237500Z x iPhoneOS16.5.sdk/usr/include/c++/v1/__algorithm/is_heap.h
2026-06-03T08:46:48.7237630Z x iPhoneOS16.5.sdk/usr/include/c++/v1/__algorithm/ranges_is_heap.h
2026-06-03T08:46:48.7237730Z x iPhoneOS16.5.sdk/usr/include/c++/v1/__algorithm/sample.h
2026-06-03T08:46:48.7237850Z x iPhoneOS16.5.sdk/usr/include/c++/v1/__algorithm/ranges_min.h
2026-06-03T08:46:48.7238140Z x iPhoneOS16.5.sdk/usr/include/c++/v1/__algorithm/ranges_max_element.h
2026-06-03T08:46:48.7238290Z x iPhoneOS16.5.sdk/usr/include/c++/v1/__algorithm/ranges_copy_backward.h
2026-06-03T08:46:48.7238430Z x iPhoneOS16.5.sdk/usr/include/c++/v1/__algorithm/ranges_binary_search.h
2026-06-03T08:46:48.7238560Z x iPhoneOS16.5.sdk/usr/include/c++/v1/__algorithm/is_permutation.h
2026-06-03T08:46:48.7238680Z x iPhoneOS16.5.sdk/usr/include/c++/v1/__algorithm/in_fun_result.h
2026-06-03T08:46:48.7238800Z x iPhoneOS16.5.sdk/usr/include/c++/v1/__algorithm/ranges_minmax.h
2026-06-03T08:46:48.7238930Z x iPhoneOS16.5.sdk/usr/include/c++/v1/__algorithm/ranges_search.h
2026-06-03T08:46:48.7239050Z x iPhoneOS16.5.sdk/usr/include/c++/v1/__algorithm/max_element.h
2026-06-03T08:46:48.7239240Z x iPhoneOS16.5.sdk/usr/include/c++/v1/__algorithm/copy_if.h
2026-06-03T08:46:48.7239430Z x iPhoneOS16.5.sdk/usr/include/c++/v1/__algorithm/equal_range.h
2026-06-03T08:46:48.7239560Z x iPhoneOS16.5.sdk/usr/include/c++/v1/__algorithm/ranges_unique.h
2026-06-03T08:46:48.7239690Z x iPhoneOS16.5.sdk/usr/include/c++/v1/__algorithm/replace_copy_if.h
2026-06-03T08:46:48.7239810Z x iPhoneOS16.5.sdk/usr/include/c++/v1/__algorithm/move_backward.h
2026-06-03T08:46:48.7239930Z x iPhoneOS16.5.sdk/usr/include/c++/v1/__algorithm/partial_sort.h
2026-06-03T08:46:48.7240060Z x iPhoneOS16.5.sdk/usr/include/c++/v1/__algorithm/partial_sort_copy.h
2026-06-03T08:46:48.7240180Z x iPhoneOS16.5.sdk/usr/include/c++/v1/__algorithm/shift_right.h
2026-06-03T08:46:48.7240360Z x iPhoneOS16.5.sdk/usr/include/c++/v1/__algorithm/ranges_lexicographical_compare.h
2026-06-03T08:46:48.7240570Z x iPhoneOS16.5.sdk/usr/include/c++/v1/__algorithm/is_partitioned.h
2026-06-03T08:46:48.7240730Z x iPhoneOS16.5.sdk/usr/include/c++/v1/__algorithm/clamp.h
2026-06-03T08:46:48.7240850Z x iPhoneOS16.5.sdk/usr/include/c++/v1/__algorithm/partition.h
2026-06-03T08:46:48.7241130Z x iPhoneOS16.5.sdk/usr/include/c++/v1/__algorithm/ranges_generate_n.h
2026-06-03T08:46:48.7241250Z x iPhoneOS16.5.sdk/usr/include/c++/v1/__algorithm/min_max_result.h
2026-06-03T08:46:48.7241390Z x iPhoneOS16.5.sdk/usr/include/c++/v1/__algorithm/ranges_min_element.h
2026-06-03T08:46:48.7241500Z x iPhoneOS16.5.sdk/usr/include/c++/v1/__algorithm/for_each_n.h
2026-06-03T08:46:48.7241620Z x iPhoneOS16.5.sdk/usr/include/c++/v1/__algorithm/remove_if.h
2026-06-03T08:46:48.7241740Z x iPhoneOS16.5.sdk/usr/include/c++/v1/__algorithm/find_first_of.h
2026-06-03T08:46:48.7241860Z x iPhoneOS16.5.sdk/usr/include/c++/v1/__algorithm/ranges_copy_if.h
2026-06-03T08:46:48.7241990Z x iPhoneOS16.5.sdk/usr/include/c++/v1/__algorithm/is_heap_until.h
2026-06-03T08:46:48.7242210Z x iPhoneOS16.5.sdk/usr/include/c++/v1/__algorithm/ranges_is_heap_until.h
2026-06-03T08:46:48.7242330Z x iPhoneOS16.5.sdk/usr/include/c++/v1/__algorithm/ranges_clamp.h
2026-06-03T08:46:48.7242450Z x iPhoneOS16.5.sdk/usr/include/c++/v1/__algorithm/nth_element.h
2026-06-03T08:46:48.7242610Z x iPhoneOS16.5.sdk/usr/include/c++/v1/__algorithm/ranges_next_permutation.h
2026-06-03T08:46:48.7242730Z x iPhoneOS16.5.sdk/usr/include/c++/v1/__algorithm/copy_backward.h
2026-06-03T08:46:48.7242870Z x iPhoneOS16.5.sdk/usr/include/c++/v1/__algorithm/prev_permutation.h
2026-06-03T08:46:48.7242990Z x iPhoneOS16.5.sdk/usr/include/c++/v1/__algorithm/ranges_sample.h
2026-06-03T08:46:48.7243220Z x iPhoneOS16.5.sdk/usr/include/c++/v1/__algorithm/ranges_replace_copy_if.h
2026-06-03T08:46:48.7243330Z x iPhoneOS16.5.sdk/usr/include/c++/v1/__algorithm/for_each.h
2026-06-03T08:46:48.7243480Z x iPhoneOS16.5.sdk/usr/include/c++/v1/__algorithm/ranges_iterator_concept.h
2026-06-03T08:46:48.7243610Z x iPhoneOS16.5.sdk/usr/include/c++/v1/__algorithm/unwrap_range.h
2026-06-03T08:46:48.7243710Z x iPhoneOS16.5.sdk/usr/include/c++/v1/__algorithm/merge.h
2026-06-03T08:46:48.7243940Z x iPhoneOS16.5.sdk/usr/include/c++/v1/__algorithm/ranges_set_difference.h
2026-06-03T08:46:48.7244080Z x iPhoneOS16.5.sdk/usr/include/c++/v1/__algorithm/ranges_upper_bound.h
2026-06-03T08:46:48.7244270Z x iPhoneOS16.5.sdk/usr/include/c++/v1/__algorithm/partition_copy.h
2026-06-03T08:46:48.7244410Z x iPhoneOS16.5.sdk/usr/include/c++/v1/__algorithm/ranges_remove_if.h
2026-06-03T08:46:48.7244520Z x iPhoneOS16.5.sdk/usr/include/c++/v1/__algorithm/includes.h
2026-06-03T08:46:48.7244640Z x iPhoneOS16.5.sdk/usr/include/c++/v1/__algorithm/ranges_find.h
2026-06-03T08:46:48.7244770Z x iPhoneOS16.5.sdk/usr/include/c++/v1/__algorithm/ranges_is_sorted.h
2026-06-03T08:46:48.7244970Z x iPhoneOS16.5.sdk/usr/include/c++/v1/__algorithm/remove_copy_if.h
2026-06-03T08:46:48.7245110Z x iPhoneOS16.5.sdk/usr/include/c++/v1/__algorithm/in_in_out_result.h
2026-06-03T08:46:48.7245230Z x iPhoneOS16.5.sdk/usr/include/c++/v1/__algorithm/ranges_remove.h
2026-06-03T08:46:48.7245370Z x iPhoneOS16.5.sdk/usr/include/c++/v1/__algorithm/ranges_remove_copy_if.h
2026-06-03T08:46:48.7245490Z x iPhoneOS16.5.sdk/usr/include/c++/v1/__algorithm/min_element.h
2026-06-03T08:46:48.7245770Z x iPhoneOS16.5.sdk/usr/include/c++/v1/__algorithm/make_heap.h
2026-06-03T08:46:48.7245900Z x iPhoneOS16.5.sdk/usr/include/c++/v1/__algorithm/set_difference.h
2026-06-03T08:46:48.7246020Z x iPhoneOS16.5.sdk/usr/include/c++/v1/__algorithm/half_positive.h
2026-06-03T08:46:48.7246150Z x iPhoneOS16.5.sdk/usr/include/c++/v1/__algorithm/ranges_copy_n.h
2026-06-03T08:46:48.7246260Z x iPhoneOS16.5.sdk/usr/include/c++/v1/__algorithm/shift_left.h
2026-06-03T08:46:48.7246390Z x iPhoneOS16.5.sdk/usr/include/c++/v1/__algorithm/partition_point.h
2026-06-03T08:46:48.7246520Z x iPhoneOS16.5.sdk/usr/include/c++/v1/__algorithm/ranges_find_end.h
2026-06-03T08:46:48.7246630Z x iPhoneOS16.5.sdk/usr/include/c++/v1/__algorithm/remove.h
2026-06-03T08:46:48.7246770Z x iPhoneOS16.5.sdk/usr/include/c++/v1/__algorithm/ranges_partition_point.h
2026-06-03T08:46:48.7246890Z x iPhoneOS16.5.sdk/usr/include/c++/v1/__algorithm/pop_heap.h
2026-06-03T08:46:48.7247040Z x iPhoneOS16.5.sdk/usr/include/c++/v1/__algorithm/lexicographical_compare.h
2026-06-03T08:46:48.7247160Z x iPhoneOS16.5.sdk/usr/include/c++/v1/__algorithm/search.h
2026-06-03T08:46:48.7247290Z x iPhoneOS16.5.sdk/usr/include/c++/v1/__algorithm/comp_ref_type.h
2026-06-03T08:46:48.7247400Z x iPhoneOS16.5.sdk/usr/include/c++/v1/__algorithm/ranges_count.h
2026-06-03T08:46:48.7247530Z x iPhoneOS16.5.sdk/usr/include/c++/v1/__algorithm/find_if_not.h
2026-06-03T08:46:48.7247640Z x iPhoneOS16.5.sdk/usr/include/c++/v1/__algorithm/transform.h
2026-06-03T08:46:48.7247770Z x iPhoneOS16.5.sdk/usr/include/c++/v1/__algorithm/ranges_set_union.h
2026-06-03T08:46:48.7247920Z x iPhoneOS16.5.sdk/usr/include/c++/v1/__algorithm/ranges_stable_partition.h
2026-06-03T08:46:48.7248040Z x iPhoneOS16.5.sdk/usr/include/c++/v1/__algorithm/sift_down.h
2026-06-03T08:46:48.7248170Z x iPhoneOS16.5.sdk/usr/include/c++/v1/__algorithm/ranges_lower_bound.h
2026-06-03T08:46:48.7248280Z x iPhoneOS16.5.sdk/usr/include/c++/v1/__algorithm/count.h
2026-06-03T08:46:48.7248400Z x iPhoneOS16.5.sdk/usr/include/c++/v1/__algorithm/find_end.h
2026-06-03T08:46:48.7248520Z x iPhoneOS16.5.sdk/usr/include/c++/v1/__algorithm/ranges_fill.h
2026-06-03T08:46:48.7248680Z x iPhoneOS16.5.sdk/usr/include/c++/v1/__algorithm/ranges_partial_sort_copy.h
2026-06-03T08:46:48.7248790Z x iPhoneOS16.5.sdk/usr/include/c++/v1/__algorithm/is_sorted.h
2026-06-03T08:46:48.7248930Z x iPhoneOS16.5.sdk/usr/include/c++/v1/__algorithm/ranges_replace_copy.h
2026-06-03T08:46:48.7249050Z x iPhoneOS16.5.sdk/usr/include/c++/v1/__algorithm/replace_if.h
2026-06-03T08:46:48.7249200Z x iPhoneOS16.5.sdk/usr/include/c++/v1/__algorithm/ranges_is_sorted_until.h
2026-06-03T08:46:48.7249320Z x iPhoneOS16.5.sdk/usr/include/c++/v1/__algorithm/lower_bound.h
2026-06-03T08:46:48.7249430Z x iPhoneOS16.5.sdk/usr/include/c++/v1/__algorithm/generate_n.h
2026-06-03T08:46:48.7249550Z x iPhoneOS16.5.sdk/usr/include/c++/v1/__algorithm/ranges_sort.h
2026-06-03T08:46:48.7249740Z x iPhoneOS16.5.sdk/usr/include/c++/v1/__algorithm/ranges_swap_ranges.h
2026-06-03T08:46:48.7249960Z x iPhoneOS16.5.sdk/usr/include/c++/v1/__algorithm/ranges_for_each_n.h
2026-06-03T08:46:48.7250180Z x iPhoneOS16.5.sdk/usr/include/c++/v1/__algorithm/make_projected.h
2026-06-03T08:46:48.7250300Z x iPhoneOS16.5.sdk/usr/include/c++/v1/__algorithm/reverse.h
2026-06-03T08:46:48.7250400Z x iPhoneOS16.5.sdk/usr/include/c++/v1/__algorithm/min.h
2026-06-03T08:46:48.7250540Z x iPhoneOS16.5.sdk/usr/include/c++/v1/__algorithm/ranges_unique_copy.h
2026-06-03T08:46:48.7250630Z x iPhoneOS16.5.sdk/usr/include/c++/v1/stdatomic.h
2026-06-03T08:46:48.7250700Z x iPhoneOS16.5.sdk/usr/include/c++/v1/fenv.h
2026-06-03T08:46:48.7250780Z x iPhoneOS16.5.sdk/usr/include/c++/v1/string.h
2026-06-03T08:46:48.7250860Z x iPhoneOS16.5.sdk/usr/include/c++/v1/span
2026-06-03T08:46:48.7250960Z x iPhoneOS16.5.sdk/usr/include/c++/v1/module.modulemap
2026-06-03T08:46:48.7251030Z x iPhoneOS16.5.sdk/usr/include/c++/v1/ratio
2026-06-03T08:46:48.7251100Z x iPhoneOS16.5.sdk/usr/include/c++/v1/queue
2026-06-03T08:46:48.7251230Z x iPhoneOS16.5.sdk/usr/include/c++/v1/__bits
2026-06-03T08:46:48.7251300Z x iPhoneOS16.5.sdk/usr/include/c++/v1/tuple
2026-06-03T08:46:48.7251380Z x iPhoneOS16.5.sdk/usr/include/c++/v1/iterator
2026-06-03T08:46:48.7251450Z x iPhoneOS16.5.sdk/usr/include/c++/v1/cfenv
2026-06-03T08:46:48.7251620Z x iPhoneOS16.5.sdk/usr/include/c++/v1/__charconv/
2026-06-03T08:46:48.7251760Z x iPhoneOS16.5.sdk/usr/include/c++/v1/__charconv/to_chars_base_10.h
2026-06-03T08:46:48.7251860Z x iPhoneOS16.5.sdk/usr/include/c++/v1/__charconv/tables.h
2026-06-03T08:46:48.7251980Z x iPhoneOS16.5.sdk/usr/include/c++/v1/__charconv/chars_format.h
2026-06-03T08:46:48.7252110Z x iPhoneOS16.5.sdk/usr/include/c++/v1/__charconv/to_chars_result.h
2026-06-03T08:46:48.7252320Z x iPhoneOS16.5.sdk/usr/include/c++/v1/__charconv/from_chars_result.h
2026-06-03T08:46:48.7252410Z x iPhoneOS16.5.sdk/usr/include/c++/v1/type_traits
2026-06-03T08:46:48.7252490Z x iPhoneOS16.5.sdk/usr/include/c++/v1/clocale
2026-06-03T08:46:48.7252570Z x iPhoneOS16.5.sdk/usr/include/c++/v1/cstdint
2026-06-03T08:46:48.7252640Z x iPhoneOS16.5.sdk/usr/include/c++/v1/cmath
2026-06-03T08:46:48.7252740Z x iPhoneOS16.5.sdk/usr/include/c++/v1/unordered_map
2026-06-03T08:46:48.7252840Z x iPhoneOS16.5.sdk/usr/include/c++/v1/__verbose_abort
2026-06-03T08:46:48.7252910Z x iPhoneOS16.5.sdk/usr/include/c++/v1/chrono
2026-06-03T08:46:48.7253010Z x iPhoneOS16.5.sdk/usr/include/c++/v1/__availability
2026-06-03T08:46:48.7253120Z x iPhoneOS16.5.sdk/usr/include/c++/v1/__bsd_locale_fallbacks.h
2026-06-03T08:46:48.7253290Z x iPhoneOS16.5.sdk/usr/include/c++/v1/__string/
2026-06-03T08:46:48.7253430Z x iPhoneOS16.5.sdk/usr/include/c++/v1/__string/extern_template_lists.h
2026-06-03T08:46:48.7253540Z x iPhoneOS16.5.sdk/usr/include/c++/v1/__string/char_traits.h
2026-06-03T08:46:48.7253630Z x iPhoneOS16.5.sdk/usr/include/c++/v1/__hash_table
2026-06-03T08:46:48.7253710Z x iPhoneOS16.5.sdk/usr/include/c++/v1/csignal
2026-06-03T08:46:48.7253800Z x iPhoneOS16.5.sdk/usr/include/c++/v1/__type_traits/
2026-06-03T08:46:48.7254580Z x iPhoneOS16.5.sdk/usr/include/c++/v1/__type_traits/type_list.h
2026-06-03T08:46:48.7258980Z x iPhoneOS16.5.sdk/usr/include/c++/v1/__type_traits/is_integral.h
2026-06-03T08:46:48.7259190Z x iPhoneOS16.5.sdk/usr/include/c++/v1/__type_traits/is_polymorphic.h
2026-06-03T08:46:48.7259310Z x iPhoneOS16.5.sdk/usr/include/c++/v1/__type_traits/is_const.h
2026-06-03T08:46:48.7259510Z x iPhoneOS16.5.sdk/usr/include/c++/v1/__type_traits/add_lvalue_reference.h
2026-06-03T08:46:48.7259640Z x iPhoneOS16.5.sdk/usr/include/c++/v1/__type_traits/remove_extent.h
2026-06-03T08:46:48.7259810Z x iPhoneOS16.5.sdk/usr/include/c++/v1/__type_traits/is_trivially_move_assignable.h
2026-06-03T08:46:48.7259940Z x iPhoneOS16.5.sdk/usr/include/c++/v1/__type_traits/enable_if.h
2026-06-03T08:46:48.7260060Z x iPhoneOS16.5.sdk/usr/include/c++/v1/__type_traits/copy_cvref.h
2026-06-03T08:46:48.7260230Z x iPhoneOS16.5.sdk/usr/include/c++/v1/__type_traits/is_member_function_pointer.h
2026-06-03T08:46:48.7260350Z x iPhoneOS16.5.sdk/usr/include/c++/v1/__type_traits/promote.h
2026-06-03T08:46:48.7260490Z x iPhoneOS16.5.sdk/usr/include/c++/v1/__type_traits/is_scoped_enum.h
2026-06-03T08:46:48.7260740Z x iPhoneOS16.5.sdk/usr/include/c++/v1/__type_traits/is_trivially_copyable.h
2026-06-03T08:46:48.7260870Z x iPhoneOS16.5.sdk/usr/include/c++/v1/__type_traits/is_fundamental.h
2026-06-03T08:46:48.7261120Z x iPhoneOS16.5.sdk/usr/include/c++/v1/__type_traits/is_nothrow_copy_assignable.h
2026-06-03T08:46:48.7261260Z x iPhoneOS16.5.sdk/usr/include/c++/v1/__type_traits/is_signed_integer.h
2026-06-03T08:46:48.7261410Z x iPhoneOS16.5.sdk/usr/include/c++/v1/__type_traits/is_unbounded_array.h
2026-06-03T08:46:48.7261540Z x iPhoneOS16.5.sdk/usr/include/c++/v1/__type_traits/aligned_storage.h
2026-06-03T08:46:48.7261670Z x iPhoneOS16.5.sdk/usr/include/c++/v1/__type_traits/remove_all_extents.h
2026-06-03T08:46:48.7261880Z x iPhoneOS16.5.sdk/usr/include/c++/v1/__type_traits/negation.h
2026-06-03T08:46:48.7262020Z x iPhoneOS16.5.sdk/usr/include/c++/v1/__type_traits/integral_constant.h
2026-06-03T08:46:48.7262340Z x iPhoneOS16.5.sdk/usr/include/c++/v1/__type_traits/is_null_pointer.h
2026-06-03T08:46:48.7262530Z x iPhoneOS16.5.sdk/usr/include/c++/v1/__type_traits/is_trivially_default_constructible.h
2026-06-03T08:46:48.7262650Z x iPhoneOS16.5.sdk/usr/include/c++/v1/__type_traits/is_object.h
2026-06-03T08:46:48.7262770Z x iPhoneOS16.5.sdk/usr/include/c++/v1/__type_traits/copy_cv.h
2026-06-03T08:46:48.7262930Z x iPhoneOS16.5.sdk/usr/include/c++/v1/__type_traits/is_nothrow_destructible.h
2026-06-03T08:46:48.7263050Z x iPhoneOS16.5.sdk/usr/include/c++/v1/__type_traits/is_compound.h
2026-06-03T08:46:48.7263190Z x iPhoneOS16.5.sdk/usr/include/c++/v1/__type_traits/is_unsigned_integer.h
2026-06-03T08:46:48.7263300Z x iPhoneOS16.5.sdk/usr/include/c++/v1/__type_traits/lazy.h
2026-06-03T08:46:48.7263430Z x iPhoneOS16.5.sdk/usr/include/c++/v1/__type_traits/is_literal_type.h
2026-06-03T08:46:48.7263580Z x iPhoneOS16.5.sdk/usr/include/c++/v1/__type_traits/make_32_64_or_128_bit.h
2026-06-03T08:46:48.7263700Z x iPhoneOS16.5.sdk/usr/include/c++/v1/__type_traits/is_pointer.h
2026-06-03T08:46:48.7263820Z x iPhoneOS16.5.sdk/usr/include/c++/v1/__type_traits/void_t.h
2026-06-03T08:46:48.7263950Z x iPhoneOS16.5.sdk/usr/include/c++/v1/__type_traits/alignment_of.h
2026-06-03T08:46:48.7264060Z x iPhoneOS16.5.sdk/usr/include/c++/v1/__type_traits/add_cv.h
2026-06-03T08:46:48.7264170Z x iPhoneOS16.5.sdk/usr/include/c++/v1/__type_traits/rank.h
2026-06-03T08:46:48.7264320Z x iPhoneOS16.5.sdk/usr/include/c++/v1/__type_traits/is_copy_constructible.h
2026-06-03T08:46:48.7264440Z x iPhoneOS16.5.sdk/usr/include/c++/v1/__type_traits/disjunction.h
2026-06-03T08:46:48.7264540Z x iPhoneOS16.5.sdk/usr/include/c++/v1/__type_traits/nat.h
2026-06-03T08:46:48.7264670Z x iPhoneOS16.5.sdk/usr/include/c++/v1/__type_traits/remove_cvref.h
2026-06-03T08:46:48.7264810Z x iPhoneOS16.5.sdk/usr/include/c++/v1/__type_traits/is_referenceable.h
2026-06-03T08:46:48.7264980Z x iPhoneOS16.5.sdk/usr/include/c++/v1/__type_traits/is_nothrow_move_constructible.h
2026-06-03T08:46:48.7265120Z x iPhoneOS16.5.sdk/usr/include/c++/v1/__type_traits/is_copy_assignable.h
2026-06-03T08:46:48.7265330Z x iPhoneOS16.5.sdk/usr/include/c++/v1/__type_traits/add_volatile.h
2026-06-03T08:46:48.7265540Z x iPhoneOS16.5.sdk/usr/include/c++/v1/__type_traits/is_abstract.h
2026-06-03T08:46:48.7265660Z x iPhoneOS16.5.sdk/usr/include/c++/v1/__type_traits/is_reference.h
2026-06-03T08:46:48.7265790Z x iPhoneOS16.5.sdk/usr/include/c++/v1/__type_traits/is_assignable.h
2026-06-03T08:46:48.7265930Z x iPhoneOS16.5.sdk/usr/include/c++/v1/__type_traits/is_bounded_array.h
2026-06-03T08:46:48.7266090Z x iPhoneOS16.5.sdk/usr/include/c++/v1/__type_traits/is_nothrow_move_assignable.h
2026-06-03T08:46:48.7266230Z x iPhoneOS16.5.sdk/usr/include/c++/v1/__type_traits/add_rvalue_reference.h
2026-06-03T08:46:48.7266360Z x iPhoneOS16.5.sdk/usr/include/c++/v1/__type_traits/is_volatile.h
2026-06-03T08:46:48.7266510Z x iPhoneOS16.5.sdk/usr/include/c++/v1/__type_traits/is_constant_evaluated.h
2026-06-03T08:46:48.7266630Z x iPhoneOS16.5.sdk/usr/include/c++/v1/__type_traits/remove_cv.h
2026-06-03T08:46:48.7266980Z x iPhoneOS16.5.sdk/usr/include/c++/v1/__type_traits/is_nothrow_default_constructible.h
2026-06-03T08:46:48.7267160Z x iPhoneOS16.5.sdk/usr/include/c++/v1/__type_traits/is_trivially_move_constructible.h
2026-06-03T08:46:48.7267330Z x iPhoneOS16.5.sdk/usr/include/c++/v1/__type_traits/is_nothrow_copy_constructible.h
2026-06-03T08:46:48.7267460Z x iPhoneOS16.5.sdk/usr/include/c++/v1/__type_traits/is_trivial.h
2026-06-03T08:46:48.7267600Z x iPhoneOS16.5.sdk/usr/include/c++/v1/__type_traits/is_primary_template.h
2026-06-03T08:46:48.7267720Z x iPhoneOS16.5.sdk/usr/include/c++/v1/__type_traits/is_signed.h
2026-06-03T08:46:48.7267850Z x iPhoneOS16.5.sdk/usr/include/c++/v1/__type_traits/common_reference.h
2026-06-03T08:46:48.7267980Z x iPhoneOS16.5.sdk/usr/include/c++/v1/__type_traits/make_signed.h
2026-06-03T08:46:48.7268090Z x iPhoneOS16.5.sdk/usr/include/c++/v1/__type_traits/is_array.h
2026-06-03T08:46:48.7268260Z x iPhoneOS16.5.sdk/usr/include/c++/v1/__type_traits/is_class.h
2026-06-03T08:46:48.7268400Z x iPhoneOS16.5.sdk/usr/include/c++/v1/__type_traits/is_move_assignable.h
2026-06-03T08:46:48.7268540Z x iPhoneOS16.5.sdk/usr/include/c++/v1/__type_traits/is_standard_layout.h
2026-06-03T08:46:48.7268740Z x iPhoneOS16.5.sdk/usr/include/c++/v1/__type_traits/is_reference_wrapper.h
2026-06-03T08:46:48.7268880Z x iPhoneOS16.5.sdk/usr/include/c++/v1/__type_traits/is_valid_expansion.h
2026-06-03T08:46:48.7269040Z x iPhoneOS16.5.sdk/usr/include/c++/v1/__type_traits/is_trivially_destructible.h
2026-06-03T08:46:48.7269260Z x iPhoneOS16.5.sdk/usr/include/c++/v1/__type_traits/remove_volatile.h
2026-06-03T08:46:48.7269390Z x iPhoneOS16.5.sdk/usr/include/c++/v1/__type_traits/is_arithmetic.h
2026-06-03T08:46:48.7269510Z x iPhoneOS16.5.sdk/usr/include/c++/v1/__type_traits/conjunction.h
2026-06-03T08:46:48.7269710Z x iPhoneOS16.5.sdk/usr/include/c++/v1/__type_traits/is_enum.h
2026-06-03T08:46:48.7269830Z x iPhoneOS16.5.sdk/usr/include/c++/v1/__type_traits/is_same.h
2026-06-03T08:46:48.7269980Z x iPhoneOS16.5.sdk/usr/include/c++/v1/__type_traits/is_callable.h
2026-06-03T08:46:48.7270140Z x iPhoneOS16.5.sdk/usr/include/c++/v1/__type_traits/is_nothrow_convertible.h
2026-06-03T08:46:48.7270250Z x iPhoneOS16.5.sdk/usr/include/c++/v1/__type_traits/is_empty.h
2026-06-03T08:46:48.7270390Z x iPhoneOS16.5.sdk/usr/include/c++/v1/__type_traits/is_convertible.h
2026-06-03T08:46:48.7270580Z x iPhoneOS16.5.sdk/usr/include/c++/v1/__type_traits/underlying_type.h
2026-06-03T08:46:48.7270720Z x iPhoneOS16.5.sdk/usr/include/c++/v1/__type_traits/type_identity.h
2026-06-03T08:46:48.7270850Z x iPhoneOS16.5.sdk/usr/include/c++/v1/__type_traits/is_destructible.h
2026-06-03T08:46:48.7270970Z x iPhoneOS16.5.sdk/usr/include/c++/v1/__type_traits/common_type.h
2026-06-03T08:46:48.7271190Z x iPhoneOS16.5.sdk/usr/include/c++/v1/__type_traits/remove_pointer.h
2026-06-03T08:46:48.7271340Z x iPhoneOS16.5.sdk/usr/include/c++/v1/__type_traits/is_nothrow_assignable.h
2026-06-03T08:46:48.7271520Z x iPhoneOS16.5.sdk/usr/include/c++/v1/__type_traits/is_trivially_copy_constructible.h
2026-06-03T08:46:48.7271640Z x iPhoneOS16.5.sdk/usr/include/c++/v1/__type_traits/is_unsigned.h
2026-06-03T08:46:48.7271770Z x iPhoneOS16.5.sdk/usr/include/c++/v1/__type_traits/is_aggregate.h
2026-06-03T08:46:48.7271880Z x iPhoneOS16.5.sdk/usr/include/c++/v1/__type_traits/is_pod.h
2026-06-03T08:46:48.7272050Z x iPhoneOS16.5.sdk/usr/include/c++/v1/__type_traits/is_trivially_copy_assignable.h
2026-06-03T08:46:48.7272170Z x iPhoneOS16.5.sdk/usr/include/c++/v1/__type_traits/remove_const.h
2026-06-03T08:46:48.7272290Z x iPhoneOS16.5.sdk/usr/include/c++/v1/__type_traits/add_const.h
2026-06-03T08:46:48.7272530Z x iPhoneOS16.5.sdk/usr/include/c++/v1/__type_traits/is_member_object_pointer.h
2026-06-03T08:46:48.7272640Z x iPhoneOS16.5.sdk/usr/include/c++/v1/__type_traits/decay.h
2026-06-03T08:46:48.7272880Z x iPhoneOS16.5.sdk/usr/include/c++/v1/__type_traits/is_nothrow_constructible.h
2026-06-03T08:46:48.7273010Z x iPhoneOS16.5.sdk/usr/include/c++/v1/__type_traits/is_base_of.h
2026-06-03T08:46:48.7273170Z x iPhoneOS16.5.sdk/usr/include/c++/v1/__type_traits/is_void.h
2026-06-03T08:46:48.7273310Z x iPhoneOS16.5.sdk/usr/include/c++/v1/__type_traits/aligned_union.h
2026-06-03T08:46:48.7273430Z x iPhoneOS16.5.sdk/usr/include/c++/v1/__type_traits/is_function.h
2026-06-03T08:46:48.7273570Z x iPhoneOS16.5.sdk/usr/include/c++/v1/__type_traits/is_member_pointer.h
2026-06-03T08:46:48.7273730Z x iPhoneOS16.5.sdk/usr/include/c++/v1/__type_traits/is_trivially_assignable.h
2026-06-03T08:46:48.7273870Z x iPhoneOS16.5.sdk/usr/include/c++/v1/__type_traits/is_core_convertible.h
2026-06-03T08:46:48.7273990Z x iPhoneOS16.5.sdk/usr/include/c++/v1/__type_traits/extent.h
2026-06-03T08:46:48.7274100Z x iPhoneOS16.5.sdk/usr/include/c++/v1/__type_traits/is_final.h
2026-06-03T08:46:48.7274240Z x iPhoneOS16.5.sdk/usr/include/c++/v1/__type_traits/is_constructible.h
2026-06-03T08:46:48.7274420Z x iPhoneOS16.5.sdk/usr/include/c++/v1/__type_traits/has_unique_object_representation.h
2026-06-03T08:46:48.7274640Z x iPhoneOS16.5.sdk/usr/include/c++/v1/__type_traits/is_move_constructible.h
2026-06-03T08:46:48.7274770Z x iPhoneOS16.5.sdk/usr/include/c++/v1/__type_traits/add_pointer.h
2026-06-03T08:46:48.7274940Z x iPhoneOS16.5.sdk/usr/include/c++/v1/__type_traits/is_trivially_constructible.h
2026-06-03T08:46:48.7275060Z x iPhoneOS16.5.sdk/usr/include/c++/v1/__type_traits/conditional.h
2026-06-03T08:46:48.7275200Z x iPhoneOS16.5.sdk/usr/include/c++/v1/__type_traits/remove_reference.h
2026-06-03T08:46:48.7275310Z x iPhoneOS16.5.sdk/usr/include/c++/v1/__type_traits/is_scalar.h
2026-06-03T08:46:48.7275470Z x iPhoneOS16.5.sdk/usr/include/c++/v1/__type_traits/has_virtual_destructor.h
2026-06-03T08:46:48.7275610Z x iPhoneOS16.5.sdk/usr/include/c++/v1/__type_traits/is_floating_point.h
2026-06-03T08:46:48.7275720Z x iPhoneOS16.5.sdk/usr/include/c++/v1/__type_traits/is_union.h
2026-06-03T08:46:48.7275880Z x iPhoneOS16.5.sdk/usr/include/c++/v1/__type_traits/is_default_constructible.h
2026-06-03T08:46:48.7276010Z x iPhoneOS16.5.sdk/usr/include/c++/v1/__type_traits/apply_cv.h
2026-06-03T08:46:48.7276140Z x iPhoneOS16.5.sdk/usr/include/c++/v1/__type_traits/make_unsigned.h
2026-06-03T08:46:48.7276260Z x iPhoneOS16.5.sdk/usr/include/c++/v1/functional
2026-06-03T08:46:48.7276370Z x iPhoneOS16.5.sdk/usr/include/c++/v1/__config_site
2026-06-03T08:46:48.7276460Z x iPhoneOS16.5.sdk/usr/include/c++/v1/__debug_utils/
2026-06-03T08:46:48.7276590Z x iPhoneOS16.5.sdk/usr/include/c++/v1/__debug_utils/randomize_range.h
2026-06-03T08:46:48.7276680Z x iPhoneOS16.5.sdk/usr/include/c++/v1/execution
2026-06-03T08:46:48.7276750Z x iPhoneOS16.5.sdk/usr/include/c++/v1/list
2026-06-03T08:46:48.7276830Z x iPhoneOS16.5.sdk/usr/include/c++/v1/filesystem
2026-06-03T08:46:48.7276930Z x iPhoneOS16.5.sdk/usr/include/c++/v1/__bit_reference
2026-06-03T08:46:48.7277000Z x iPhoneOS16.5.sdk/usr/include/c++/v1/__tuple
2026-06-03T08:46:48.7277080Z x iPhoneOS16.5.sdk/usr/include/c++/v1/__tree
2026-06-03T08:46:48.7277910Z x iPhoneOS16.5.sdk/usr/include/c++/v1/complex.h
2026-06-03T08:46:48.7278030Z x iPhoneOS16.5.sdk/usr/include/c++/v1/stddef.h
2026-06-03T08:46:48.7278140Z x iPhoneOS16.5.sdk/usr/include/c++/v1/inttypes.h
2026-06-03T08:46:48.7278250Z x iPhoneOS16.5.sdk/usr/include/c++/v1/__cxxabi_config.h
2026-06-03T08:46:48.7278330Z x iPhoneOS16.5.sdk/usr/include/c++/v1/cwctype
2026-06-03T08:46:48.7278440Z x iPhoneOS16.5.sdk/usr/include/c++/v1/__threading_support
2026-06-03T08:46:48.7278520Z x iPhoneOS16.5.sdk/usr/include/c++/v1/__memory/
2026-06-03T08:46:48.7278630Z x iPhoneOS16.5.sdk/usr/include/c++/v1/__memory/addressof.h
2026-06-03T08:46:48.7278760Z x iPhoneOS16.5.sdk/usr/include/c++/v1/__memory/allocate_at_least.h
2026-06-03T08:46:48.7278890Z x iPhoneOS16.5.sdk/usr/include/c++/v1/__memory/assume_aligned.h
2026-06-03T08:46:48.7279010Z x iPhoneOS16.5.sdk/usr/include/c++/v1/__memory/allocator_arg_t.h
2026-06-03T08:46:48.7279150Z x iPhoneOS16.5.sdk/usr/include/c++/v1/__memory/ranges_construct_at.h
2026-06-03T08:46:48.7279280Z x iPhoneOS16.5.sdk/usr/include/c++/v1/__memory/allocator_traits.h
2026-06-03T08:46:48.7279500Z x iPhoneOS16.5.sdk/usr/include/c++/v1/__memory/allocation_guard.h
2026-06-03T08:46:48.7279620Z x iPhoneOS16.5.sdk/usr/include/c++/v1/__memory/concepts.h
2026-06-03T08:46:48.7279740Z x iPhoneOS16.5.sdk/usr/include/c++/v1/__memory/swap_allocator.h
2026-06-03T08:46:48.7279860Z x iPhoneOS16.5.sdk/usr/include/c++/v1/__memory/unique_ptr.h
2026-06-03T08:46:48.7280020Z x iPhoneOS16.5.sdk/usr/include/c++/v1/__memory/uninitialized_algorithms.h
2026-06-03T08:46:48.7280310Z x iPhoneOS16.5.sdk/usr/include/c++/v1/__memory/temporary_buffer.h
2026-06-03T08:46:48.7280480Z x iPhoneOS16.5.sdk/usr/include/c++/v1/__memory/ranges_uninitialized_algorithms.h
2026-06-03T08:46:48.7280600Z x iPhoneOS16.5.sdk/usr/include/c++/v1/__memory/voidify.h
2026-06-03T08:46:48.7280710Z x iPhoneOS16.5.sdk/usr/include/c++/v1/__memory/allocator.h
2026-06-03T08:46:48.7280830Z x iPhoneOS16.5.sdk/usr/include/c++/v1/__memory/compressed_pair.h
2026-06-03T08:46:48.7281090Z x iPhoneOS16.5.sdk/usr/include/c++/v1/__memory/raw_storage_iterator.h
2026-06-03T08:46:48.7281240Z x iPhoneOS16.5.sdk/usr/include/c++/v1/__memory/pointer_traits.h
2026-06-03T08:46:48.7281360Z x iPhoneOS16.5.sdk/usr/include/c++/v1/__memory/construct_at.h
2026-06-03T08:46:48.7281470Z x iPhoneOS16.5.sdk/usr/include/c++/v1/__memory/uses_allocator.h
2026-06-03T08:46:48.7281580Z x iPhoneOS16.5.sdk/usr/include/c++/v1/__memory/shared_ptr.h
2026-06-03T08:46:48.7281700Z x iPhoneOS16.5.sdk/usr/include/c++/v1/__memory/auto_ptr.h
2026-06-03T08:46:48.7281800Z x iPhoneOS16.5.sdk/usr/include/c++/v1/semaphore
2026-06-03T08:46:48.7281910Z x iPhoneOS16.5.sdk/usr/include/c++/v1/typeindex
2026-06-03T08:46:48.7281980Z x iPhoneOS16.5.sdk/usr/include/c++/v1/math.h
2026-06-03T08:46:48.7282060Z x iPhoneOS16.5.sdk/usr/include/c++/v1/compare
2026-06-03T08:46:48.7282140Z x iPhoneOS16.5.sdk/usr/include/c++/v1/complex
2026-06-03T08:46:48.7282220Z x iPhoneOS16.5.sdk/usr/include/c++/v1/iomanip
2026-06-03T08:46:48.7282300Z x iPhoneOS16.5.sdk/usr/include/c++/v1/memory
2026-06-03T08:46:48.7282400Z x iPhoneOS16.5.sdk/usr/include/c++/v1/string
2026-06-03T08:46:48.7282490Z x iPhoneOS16.5.sdk/usr/include/c++/v1/csetjmp
2026-06-03T08:46:48.7282590Z x iPhoneOS16.5.sdk/usr/include/c++/v1/__format/
2026-06-03T08:46:48.7282870Z x iPhoneOS16.5.sdk/usr/include/c++/v1/__format/format_string.h
2026-06-03T08:46:48.7282980Z x iPhoneOS16.5.sdk/usr/include/c++/v1/__format/buffer.h
2026-06-03T08:46:48.7283120Z x iPhoneOS16.5.sdk/usr/include/c++/v1/__format/formatter_floating_point.h
2026-06-03T08:46:48.7283860Z x iPhoneOS16.5.sdk/usr/include/c++/v1/__format/extended_grapheme_cluster_table.h
2026-06-03T08:46:48.7284000Z x iPhoneOS16.5.sdk/usr/include/c++/v1/__format/format_arg_store.h
2026-06-03T08:46:48.7284110Z x iPhoneOS16.5.sdk/usr/include/c++/v1/__format/format_error.h
2026-06-03T08:46:48.7284210Z x iPhoneOS16.5.sdk/usr/include/c++/v1/__format/unicode.h
2026-06-03T08:46:48.7284340Z x iPhoneOS16.5.sdk/usr/include/c++/v1/__format/enable_insertable.h
2026-06-03T08:46:48.7284450Z x iPhoneOS16.5.sdk/usr/include/c++/v1/__format/concepts.h
2026-06-03T08:46:48.7284580Z x iPhoneOS16.5.sdk/usr/include/c++/v1/__format/formatter_pointer.h
2026-06-03T08:46:48.7284720Z x iPhoneOS16.5.sdk/usr/include/c++/v1/__format/parser_std_format_spec.h
2026-06-03T08:46:48.7284840Z x iPhoneOS16.5.sdk/usr/include/c++/v1/__format/format_args.h
2026-06-03T08:46:48.7284970Z x iPhoneOS16.5.sdk/usr/include/c++/v1/__format/format_parse_context.h
2026-06-03T08:46:48.7285090Z x iPhoneOS16.5.sdk/usr/include/c++/v1/__format/formatter_char.h
2026-06-03T08:46:48.7285220Z x iPhoneOS16.5.sdk/usr/include/c++/v1/__format/formatter_integral.h
2026-06-03T08:46:48.7285340Z x iPhoneOS16.5.sdk/usr/include/c++/v1/__format/formatter_bool.h
2026-06-03T08:46:48.7285460Z x iPhoneOS16.5.sdk/usr/include/c++/v1/__format/formatter_output.h
2026-06-03T08:46:48.7285580Z x iPhoneOS16.5.sdk/usr/include/c++/v1/__format/formatter_string.h
2026-06-03T08:46:48.7285700Z x iPhoneOS16.5.sdk/usr/include/c++/v1/__format/format_fwd.h
2026-06-03T08:46:48.7285820Z x iPhoneOS16.5.sdk/usr/include/c++/v1/__format/formatter_integer.h
2026-06-03T08:46:48.7286010Z x iPhoneOS16.5.sdk/usr/include/c++/v1/__format/format_arg.h
2026-06-03T08:46:48.7286120Z x iPhoneOS16.5.sdk/usr/include/c++/v1/__format/formatter.h
2026-06-03T08:46:48.7286240Z x iPhoneOS16.5.sdk/usr/include/c++/v1/__format/format_context.h
2026-06-03T08:46:48.7286370Z x iPhoneOS16.5.sdk/usr/include/c++/v1/__format/format_to_n_result.h
2026-06-03T08:46:48.7286450Z x iPhoneOS16.5.sdk/usr/include/c++/v1/wchar.h
2026-06-03T08:46:48.7286530Z x iPhoneOS16.5.sdk/usr/include/c++/v1/cassert
2026-06-03T08:46:48.7286600Z x iPhoneOS16.5.sdk/usr/include/c++/v1/cstdio
2026-06-03T08:46:48.7286690Z x iPhoneOS16.5.sdk/usr/include/c++/v1/__support/
2026-06-03T08:46:48.7286790Z x iPhoneOS16.5.sdk/usr/include/c++/v1/__support/openbsd/
2026-06-03T08:46:48.7286920Z x iPhoneOS16.5.sdk/usr/include/c++/v1/__support/openbsd/xlocale.h
2026-06-03T08:46:48.7287080Z x iPhoneOS16.5.sdk/usr/include/c++/v1/__support/android/
2026-06-03T08:46:48.7287220Z x iPhoneOS16.5.sdk/usr/include/c++/v1/__support/android/locale_bionic.h
2026-06-03T08:46:48.7287320Z x iPhoneOS16.5.sdk/usr/include/c++/v1/__support/solaris/
2026-06-03T08:46:48.7287460Z x iPhoneOS16.5.sdk/usr/include/c++/v1/__support/solaris/floatingpoint.h
2026-06-03T08:46:48.7287590Z x iPhoneOS16.5.sdk/usr/include/c++/v1/__support/solaris/wchar.h
2026-06-03T08:46:48.7287710Z x iPhoneOS16.5.sdk/usr/include/c++/v1/__support/solaris/xlocale.h
2026-06-03T08:46:48.7287810Z x iPhoneOS16.5.sdk/usr/include/c++/v1/__support/musl/
2026-06-03T08:46:48.7287920Z x iPhoneOS16.5.sdk/usr/include/c++/v1/__support/musl/xlocale.h
2026-06-03T08:46:48.7288030Z x iPhoneOS16.5.sdk/usr/include/c++/v1/__support/newlib/
2026-06-03T08:46:48.7288150Z x iPhoneOS16.5.sdk/usr/include/c++/v1/__support/newlib/xlocale.h
2026-06-03T08:46:48.7288250Z x iPhoneOS16.5.sdk/usr/include/c++/v1/__support/xlocale/
2026-06-03T08:46:48.7288400Z x iPhoneOS16.5.sdk/usr/include/c++/v1/__support/xlocale/__strtonum_fallback.h
2026-06-03T08:46:48.7288550Z x iPhoneOS16.5.sdk/usr/include/c++/v1/__support/xlocale/__nop_locale_mgmt.h
2026-06-03T08:46:48.7288710Z x iPhoneOS16.5.sdk/usr/include/c++/v1/__support/xlocale/__posix_l_fallback.h
2026-06-03T08:46:48.7288810Z x iPhoneOS16.5.sdk/usr/include/c++/v1/__support/fuchsia/
2026-06-03T08:46:48.7288940Z x iPhoneOS16.5.sdk/usr/include/c++/v1/__support/fuchsia/xlocale.h
2026-06-03T08:46:48.7289040Z x iPhoneOS16.5.sdk/usr/include/c++/v1/__support/win32/
2026-06-03T08:46:48.7289170Z x iPhoneOS16.5.sdk/usr/include/c++/v1/__support/win32/locale_win32.h
2026-06-03T08:46:48.7289310Z x iPhoneOS16.5.sdk/usr/include/c++/v1/__support/win32/limits_msvc_win32.h
2026-06-03T08:46:48.7289400Z x iPhoneOS16.5.sdk/usr/include/c++/v1/__support/ibm/
2026-06-03T08:46:48.7289520Z x iPhoneOS16.5.sdk/usr/include/c++/v1/__support/ibm/gettod_zos.h
2026-06-03T08:46:48.7289650Z x iPhoneOS16.5.sdk/usr/include/c++/v1/__support/ibm/locale_mgmt_zos.h
2026-06-03T08:46:48.7289770Z x iPhoneOS16.5.sdk/usr/include/c++/v1/__support/ibm/xlocale.h
2026-06-03T08:46:48.7289890Z x iPhoneOS16.5.sdk/usr/include/c++/v1/__support/ibm/nanosleep.h
2026-06-03T08:46:48.7289970Z x iPhoneOS16.5.sdk/usr/include/c++/v1/format
2026-06-03T08:46:48.7290050Z x iPhoneOS16.5.sdk/usr/include/c++/v1/__compare/
2026-06-03T08:46:48.7290160Z x iPhoneOS16.5.sdk/usr/include/c++/v1/__compare/ordering.h
2026-06-03T08:46:48.7290320Z x iPhoneOS16.5.sdk/usr/include/c++/v1/__compare/compare_strong_order_fallback.h
2026-06-03T08:46:48.7290480Z x iPhoneOS16.5.sdk/usr/include/c++/v1/__compare/compare_weak_order_fallback.h
2026-06-03T08:46:48.7290610Z x iPhoneOS16.5.sdk/usr/include/c++/v1/__compare/compare_three_way.h
2026-06-03T08:46:48.7290750Z x iPhoneOS16.5.sdk/usr/include/c++/v1/__compare/compare_three_way_result.h
2026-06-03T08:46:48.7290870Z x iPhoneOS16.5.sdk/usr/include/c++/v1/__compare/synth_three_way.h
2026-06-03T08:46:48.7291020Z x iPhoneOS16.5.sdk/usr/include/c++/v1/__compare/common_comparison_category.h
2026-06-03T08:46:48.7291180Z x iPhoneOS16.5.sdk/usr/include/c++/v1/__compare/compare_partial_order_fallback.h
2026-06-03T08:46:48.7291430Z x iPhoneOS16.5.sdk/usr/include/c++/v1/__compare/strong_order.h
2026-06-03T08:46:48.7291590Z x iPhoneOS16.5.sdk/usr/include/c++/v1/__compare/three_way_comparable.h
2026-06-03T08:46:48.7291710Z x iPhoneOS16.5.sdk/usr/include/c++/v1/__compare/weak_order.h
2026-06-03T08:46:48.7291800Z x iPhoneOS16.5.sdk/usr/include/c++/v1/__compare/is_eq.h
2026-06-03T08:46:48.7291930Z x iPhoneOS16.5.sdk/usr/include/c++/v1/__compare/partial_order.h
2026-06-03T08:46:48.7292010Z x iPhoneOS16.5.sdk/usr/include/c++/v1/__assert
2026-06-03T08:46:48.7292080Z x iPhoneOS16.5.sdk/usr/include/c++/v1/ranges
2026-06-03T08:46:48.7292160Z x iPhoneOS16.5.sdk/usr/include/c++/v1/__numeric/
2026-06-03T08:46:48.7292310Z x iPhoneOS16.5.sdk/usr/include/c++/v1/__numeric/transform_inclusive_scan.h
2026-06-03T08:46:48.7292440Z x iPhoneOS16.5.sdk/usr/include/c++/v1/__numeric/adjacent_difference.h
2026-06-03T08:46:48.7292600Z x iPhoneOS16.5.sdk/usr/include/c++/v1/__numeric/gcd_lcm.h
2026-06-03T08:46:48.7292720Z x iPhoneOS16.5.sdk/usr/include/c++/v1/__numeric/exclusive_scan.h
2026-06-03T08:46:48.7292840Z x iPhoneOS16.5.sdk/usr/include/c++/v1/__numeric/partial_sum.h
2026-06-03T08:46:48.7292940Z x iPhoneOS16.5.sdk/usr/include/c++/v1/__numeric/midpoint.h
2026-06-03T08:46:48.7293060Z x iPhoneOS16.5.sdk/usr/include/c++/v1/__numeric/inclusive_scan.h
2026-06-03T08:46:48.7293220Z x iPhoneOS16.5.sdk/usr/include/c++/v1/__numeric/iota.h
2026-06-03T08:46:48.7293350Z x iPhoneOS16.5.sdk/usr/include/c++/v1/__numeric/transform_reduce.h
2026-06-03T08:46:48.7293460Z x iPhoneOS16.5.sdk/usr/include/c++/v1/__numeric/accumulate.h
2026-06-03T08:46:48.7294240Z x iPhoneOS16.5.sdk/usr/include/c++/v1/__numeric/transform_exclusive_scan.h
2026-06-03T08:46:48.7294340Z x iPhoneOS16.5.sdk/usr/include/c++/v1/__numeric/reduce.h
2026-06-03T08:46:48.7294470Z x iPhoneOS16.5.sdk/usr/include/c++/v1/__numeric/inner_product.h
2026-06-03T08:46:48.7294550Z x iPhoneOS16.5.sdk/usr/include/c++/v1/wctype.h
2026-06-03T08:46:48.7294660Z x iPhoneOS16.5.sdk/usr/include/c++/v1/condition_variable
2026-06-03T08:46:48.7294740Z x iPhoneOS16.5.sdk/usr/include/c++/v1/cstdbool
2026-06-03T08:46:48.7294840Z x iPhoneOS16.5.sdk/usr/include/c++/v1/scoped_allocator
2026-06-03T08:46:48.7294920Z x iPhoneOS16.5.sdk/usr/include/c++/v1/barrier
2026-06-03T08:46:48.7294990Z x iPhoneOS16.5.sdk/usr/include/c++/v1/array
2026-06-03T08:46:48.7295070Z x iPhoneOS16.5.sdk/usr/include/c++/v1/__ios/
2026-06-03T08:46:48.7295150Z x iPhoneOS16.5.sdk/usr/include/c++/v1/__ios/fpos.h
2026-06-03T08:46:48.7295230Z x iPhoneOS16.5.sdk/usr/include/c++/v1/vector
2026-06-03T08:46:48.7295300Z x iPhoneOS16.5.sdk/usr/include/c++/v1/sstream
2026-06-03T08:46:48.7295380Z x iPhoneOS16.5.sdk/usr/include/c++/v1/cstdlib
2026-06-03T08:46:48.7295450Z x iPhoneOS16.5.sdk/usr/include/c++/v1/map
2026-06-03T08:46:48.7295530Z x iPhoneOS16.5.sdk/usr/include/c++/v1/atomic
2026-06-03T08:46:48.7295600Z x iPhoneOS16.5.sdk/usr/include/c++/v1/cstddef
2026-06-03T08:46:48.7295700Z x iPhoneOS16.5.sdk/usr/include/c++/v1/__mbstate_t.h
2026-06-03T08:46:48.7295770Z x iPhoneOS16.5.sdk/usr/include/c++/v1/new
2026-06-03T08:46:48.7295860Z x iPhoneOS16.5.sdk/usr/include/c++/v1/__ranges/
2026-06-03T08:46:48.7295980Z x iPhoneOS16.5.sdk/usr/include/c++/v1/__ranges/range_adaptor.h
2026-06-03T08:46:48.7296160Z x iPhoneOS16.5.sdk/usr/include/c++/v1/__ranges/data.h
2026-06-03T08:46:48.7296260Z x iPhoneOS16.5.sdk/usr/include/c++/v1/__ranges/rend.h
2026-06-03T08:46:48.7296380Z x iPhoneOS16.5.sdk/usr/include/c++/v1/__ranges/enable_view.h
2026-06-03T08:46:48.7296520Z x iPhoneOS16.5.sdk/usr/include/c++/v1/__ranges/non_propagating_cache.h
2026-06-03T08:46:48.7296620Z x iPhoneOS16.5.sdk/usr/include/c++/v1/__ranges/access.h
2026-06-03T08:46:48.7296740Z x iPhoneOS16.5.sdk/usr/include/c++/v1/__ranges/transform_view.h
2026-06-03T08:46:48.7296840Z x iPhoneOS16.5.sdk/usr/include/c++/v1/__ranges/concepts.h
2026-06-03T08:46:48.7296940Z x iPhoneOS16.5.sdk/usr/include/c++/v1/__ranges/size.h
2026-06-03T08:46:48.7297050Z x iPhoneOS16.5.sdk/usr/include/c++/v1/__ranges/counted.h
2026-06-03T08:46:48.7297210Z x iPhoneOS16.5.sdk/usr/include/c++/v1/__ranges/subrange.h
2026-06-03T08:46:48.7297310Z x iPhoneOS16.5.sdk/usr/include/c++/v1/__ranges/empty.h
2026-06-03T08:46:48.7297410Z x iPhoneOS16.5.sdk/usr/include/c++/v1/__ranges/ref_view.h
2026-06-03T08:46:48.7297530Z x iPhoneOS16.5.sdk/usr/include/c++/v1/__ranges/reverse_view.h
2026-06-03T08:46:48.7297630Z x iPhoneOS16.5.sdk/usr/include/c++/v1/__ranges/iota_view.h
2026-06-03T08:46:48.7297750Z x iPhoneOS16.5.sdk/usr/include/c++/v1/__ranges/common_view.h
2026-06-03T08:46:48.7297870Z x iPhoneOS16.5.sdk/usr/include/c++/v1/__ranges/copyable_box.h
2026-06-03T08:46:48.7297980Z x iPhoneOS16.5.sdk/usr/include/c++/v1/__ranges/single_view.h
2026-06-03T08:46:48.7298120Z x iPhoneOS16.5.sdk/usr/include/c++/v1/__ranges/enable_borrowed_range.h
2026-06-03T08:46:48.7298220Z x iPhoneOS16.5.sdk/usr/include/c++/v1/__ranges/rbegin.h
2026-06-03T08:46:48.7298320Z x iPhoneOS16.5.sdk/usr/include/c++/v1/__ranges/dangling.h
2026-06-03T08:46:48.7298490Z x iPhoneOS16.5.sdk/usr/include/c++/v1/__ranges/views.h
2026-06-03T08:46:48.7298600Z x iPhoneOS16.5.sdk/usr/include/c++/v1/__ranges/empty_view.h
2026-06-03T08:46:48.7298710Z x iPhoneOS16.5.sdk/usr/include/c++/v1/__ranges/join_view.h
2026-06-03T08:46:48.7298810Z x iPhoneOS16.5.sdk/usr/include/c++/v1/__ranges/all.h
2026-06-03T08:46:48.7298990Z x iPhoneOS16.5.sdk/usr/include/c++/v1/__ranges/zip_view.h
2026-06-03T08:46:48.7299100Z x iPhoneOS16.5.sdk/usr/include/c++/v1/__ranges/take_view.h
2026-06-03T08:46:48.7299290Z x iPhoneOS16.5.sdk/usr/include/c++/v1/__ranges/owning_view.h
2026-06-03T08:46:48.7299400Z x iPhoneOS16.5.sdk/usr/include/c++/v1/__ranges/drop_view.h
2026-06-03T08:46:48.7299510Z x iPhoneOS16.5.sdk/usr/include/c++/v1/__ranges/filter_view.h
2026-06-03T08:46:48.7299630Z x iPhoneOS16.5.sdk/usr/include/c++/v1/__ranges/lazy_split_view.h
2026-06-03T08:46:48.7299750Z x iPhoneOS16.5.sdk/usr/include/c++/v1/__ranges/view_interface.h
2026-06-03T08:46:48.7299830Z x iPhoneOS16.5.sdk/usr/include/c++/v1/mutex
2026-06-03T08:46:48.7299920Z x iPhoneOS16.5.sdk/usr/include/c++/v1/__undef_macros
2026-06-03T08:46:48.7300000Z x iPhoneOS16.5.sdk/usr/include/c++/v1/utility
2026-06-03T08:46:48.7300080Z x iPhoneOS16.5.sdk/usr/include/c++/v1/__bit/
2026-06-03T08:46:48.7300180Z x iPhoneOS16.5.sdk/usr/include/c++/v1/__bit/byteswap.h
2026-06-03T08:46:48.7300270Z x iPhoneOS16.5.sdk/usr/include/c++/v1/__bit/bit_cast.h
2026-06-03T08:46:48.7300350Z x iPhoneOS16.5.sdk/usr/include/c++/v1/exception
2026-06-03T08:46:48.7300450Z x iPhoneOS16.5.sdk/usr/include/c++/v1/initializer_list
2026-06-03T08:46:48.7300520Z x iPhoneOS16.5.sdk/usr/include/c++/v1/cfloat
2026-06-03T08:46:48.7300600Z x iPhoneOS16.5.sdk/usr/include/c++/v1/__debug
2026-06-03T08:46:48.7300680Z x iPhoneOS16.5.sdk/usr/include/c++/v1/ostream
2026-06-03T08:46:48.7300760Z x iPhoneOS16.5.sdk/usr/include/c++/v1/__random/
2026-06-03T08:46:48.7300890Z x iPhoneOS16.5.sdk/usr/include/c++/v1/__random/lognormal_distribution.h
2026-06-03T08:46:48.7301030Z x iPhoneOS16.5.sdk/usr/include/c++/v1/__random/clamp_to_integral.h
2026-06-03T08:46:48.7301160Z x iPhoneOS16.5.sdk/usr/include/c++/v1/__random/poisson_distribution.h
2026-06-03T08:46:48.7301300Z x iPhoneOS16.5.sdk/usr/include/c++/v1/__random/weibull_distribution.h
2026-06-03T08:46:48.7301440Z x iPhoneOS16.5.sdk/usr/include/c++/v1/__random/uniform_real_distribution.h
2026-06-03T08:46:48.7301660Z x iPhoneOS16.5.sdk/usr/include/c++/v1/__random/binomial_distribution.h
2026-06-03T08:46:48.7301800Z x iPhoneOS16.5.sdk/usr/include/c++/v1/__random/bernoulli_distribution.h
2026-06-03T08:46:48.7301940Z x iPhoneOS16.5.sdk/usr/include/c++/v1/__random/mersenne_twister_engine.h
2026-06-03T08:46:48.7302060Z x iPhoneOS16.5.sdk/usr/include/c++/v1/__random/random_device.h
2026-06-03T08:46:48.7302190Z x iPhoneOS16.5.sdk/usr/include/c++/v1/__random/default_random_engine.h
2026-06-03T08:46:48.7302290Z x iPhoneOS16.5.sdk/usr/include/c++/v1/__random/ranlux.h
2026-06-03T08:46:48.7302410Z x iPhoneOS16.5.sdk/usr/include/c++/v1/__random/is_seed_sequence.h
2026-06-03T08:46:48.7302550Z x iPhoneOS16.5.sdk/usr/include/c++/v1/__random/shuffle_order_engine.h
2026-06-03T08:46:48.7302740Z x iPhoneOS16.5.sdk/usr/include/c++/v1/__random/chi_squared_distribution.h
2026-06-03T08:46:48.7302890Z x iPhoneOS16.5.sdk/usr/include/c++/v1/__random/uniform_int_distribution.h
2026-06-03T08:46:48.7303020Z x iPhoneOS16.5.sdk/usr/include/c++/v1/__random/normal_distribution.h
2026-06-03T08:46:48.7303150Z x iPhoneOS16.5.sdk/usr/include/c++/v1/__random/fisher_f_distribution.h
2026-06-03T08:46:48.7303290Z x iPhoneOS16.5.sdk/usr/include/c++/v1/__random/exponential_distribution.h
2026-06-03T08:46:48.7303420Z x iPhoneOS16.5.sdk/usr/include/c++/v1/__random/discard_block_engine.h
2026-06-03T08:46:48.7303580Z x iPhoneOS16.5.sdk/usr/include/c++/v1/__random/extreme_value_distribution.h
2026-06-03T08:46:48.7303710Z x iPhoneOS16.5.sdk/usr/include/c++/v1/__random/generate_canonical.h
2026-06-03T08:46:48.7303840Z x iPhoneOS16.5.sdk/usr/include/c++/v1/__random/cauchy_distribution.h
2026-06-03T08:46:48.7304040Z x iPhoneOS16.5.sdk/usr/include/c++/v1/__random/subtract_with_carry_engine.h
2026-06-03T08:46:48.7304190Z x iPhoneOS16.5.sdk/usr/include/c++/v1/__random/geometric_distribution.h
2026-06-03T08:46:48.7304290Z x iPhoneOS16.5.sdk/usr/include/c++/v1/__random/knuth_b.h
2026-06-03T08:46:48.7304440Z x iPhoneOS16.5.sdk/usr/include/c++/v1/__random/linear_congruential_engine.h
2026-06-03T08:46:48.7304600Z x iPhoneOS16.5.sdk/usr/include/c++/v1/__random/negative_binomial_distribution.h
2026-06-03T08:46:48.7305260Z x iPhoneOS16.5.sdk/usr/include/c++/v1/__random/uniform_random_bit_generator.h
2026-06-03T08:46:48.7305410Z x iPhoneOS16.5.sdk/usr/include/c++/v1/__random/student_t_distribution.h
2026-06-03T08:46:48.7305570Z x iPhoneOS16.5.sdk/usr/include/c++/v1/__random/piecewise_linear_distribution.h
2026-06-03T08:46:48.7305720Z x iPhoneOS16.5.sdk/usr/include/c++/v1/__random/discrete_distribution.h
2026-06-03T08:46:48.7305880Z x iPhoneOS16.5.sdk/usr/include/c++/v1/__random/piecewise_constant_distribution.h
2026-06-03T08:46:48.7306020Z x iPhoneOS16.5.sdk/usr/include/c++/v1/__random/independent_bits_engine.h
2026-06-03T08:46:48.7306150Z x iPhoneOS16.5.sdk/usr/include/c++/v1/__random/seed_seq.h
2026-06-03T08:46:48.7306280Z x iPhoneOS16.5.sdk/usr/include/c++/v1/__random/gamma_distribution.h
2026-06-03T08:46:48.7306390Z x iPhoneOS16.5.sdk/usr/include/c++/v1/__random/is_valid.h
2026-06-03T08:46:48.7306490Z x iPhoneOS16.5.sdk/usr/include/c++/v1/__random/log2.h
2026-06-03T08:46:48.7306580Z x iPhoneOS16.5.sdk/usr/include/c++/v1/__node_handle
2026-06-03T08:46:48.7306650Z x iPhoneOS16.5.sdk/usr/include/c++/v1/numeric
2026-06-03T08:46:48.7306730Z x iPhoneOS16.5.sdk/usr/include/c++/v1/regex
2026-06-03T08:46:48.7306810Z x iPhoneOS16.5.sdk/usr/include/c++/v1/float.h
2026-06-03T08:46:48.7306880Z x iPhoneOS16.5.sdk/usr/include/c++/v1/climits
2026-06-03T08:46:48.7306980Z x iPhoneOS16.5.sdk/usr/include/c++/v1/experimental/
2026-06-03T08:46:48.7307090Z x iPhoneOS16.5.sdk/usr/include/c++/v1/experimental/__config
2026-06-03T08:46:48.7307200Z x iPhoneOS16.5.sdk/usr/include/c++/v1/experimental/deque
2026-06-03T08:46:48.7307300Z x iPhoneOS16.5.sdk/usr/include/c++/v1/experimental/set
2026-06-03T08:46:48.7307430Z x iPhoneOS16.5.sdk/usr/include/c++/v1/experimental/forward_list
2026-06-03T08:46:48.7307540Z x iPhoneOS16.5.sdk/usr/include/c++/v1/experimental/iterator
2026-06-03T08:46:48.7307670Z x iPhoneOS16.5.sdk/usr/include/c++/v1/experimental/type_traits
2026-06-03T08:46:48.7314240Z x iPhoneOS16.5.sdk/usr/include/c++/v1/experimental/unordered_map
2026-06-03T08:46:48.7314390Z x iPhoneOS16.5.sdk/usr/include/c++/v1/experimental/functional
2026-06-03T08:46:48.7314500Z x iPhoneOS16.5.sdk/usr/include/c++/v1/experimental/list
2026-06-03T08:46:48.7314600Z x iPhoneOS16.5.sdk/usr/include/c++/v1/experimental/simd
2026-06-03T08:46:48.7314710Z x iPhoneOS16.5.sdk/usr/include/c++/v1/experimental/__memory
2026-06-03T08:46:48.7314840Z x iPhoneOS16.5.sdk/usr/include/c++/v1/experimental/memory_resource
2026-06-03T08:46:48.7314950Z x iPhoneOS16.5.sdk/usr/include/c++/v1/experimental/string
2026-06-03T08:46:48.7315050Z x iPhoneOS16.5.sdk/usr/include/c++/v1/experimental/vector
2026-06-03T08:46:48.7315260Z x iPhoneOS16.5.sdk/usr/include/c++/v1/experimental/map
2026-06-03T08:46:48.7315380Z x iPhoneOS16.5.sdk/usr/include/c++/v1/experimental/utility
2026-06-03T08:46:48.7315480Z x iPhoneOS16.5.sdk/usr/include/c++/v1/experimental/regex
2026-06-03T08:46:48.7315610Z x iPhoneOS16.5.sdk/usr/include/c++/v1/experimental/propagate_const
2026-06-03T08:46:48.7315730Z x iPhoneOS16.5.sdk/usr/include/c++/v1/experimental/algorithm
2026-06-03T08:46:48.7315860Z x iPhoneOS16.5.sdk/usr/include/c++/v1/experimental/unordered_set
2026-06-03T08:46:48.7315970Z x iPhoneOS16.5.sdk/usr/include/c++/v1/experimental/coroutine
2026-06-03T08:46:48.7316060Z x iPhoneOS16.5.sdk/usr/include/c++/v1/__iterator/
2026-06-03T08:46:48.7316170Z x iPhoneOS16.5.sdk/usr/include/c++/v1/__iterator/distance.h
2026-06-03T08:46:48.7316290Z x iPhoneOS16.5.sdk/usr/include/c++/v1/__iterator/permutable.h
2026-06-03T08:46:48.7316500Z x iPhoneOS16.5.sdk/usr/include/c++/v1/__iterator/incrementable_traits.h
2026-06-03T08:46:48.7316630Z x iPhoneOS16.5.sdk/usr/include/c++/v1/__iterator/readable_traits.h
2026-06-03T08:46:48.7316770Z x iPhoneOS16.5.sdk/usr/include/c++/v1/__iterator/unreachable_sentinel.h
2026-06-03T08:46:48.7316890Z x iPhoneOS16.5.sdk/usr/include/c++/v1/__iterator/iter_swap.h
2026-06-03T08:46:48.7317020Z x iPhoneOS16.5.sdk/usr/include/c++/v1/__iterator/back_insert_iterator.h
2026-06-03T08:46:48.7317150Z x iPhoneOS16.5.sdk/usr/include/c++/v1/__iterator/istream_iterator.h
2026-06-03T08:46:48.7317260Z x iPhoneOS16.5.sdk/usr/include/c++/v1/__iterator/advance.h
2026-06-03T08:46:48.7317380Z x iPhoneOS16.5.sdk/usr/include/c++/v1/__iterator/reverse_access.h
2026-06-03T08:46:48.7317520Z x iPhoneOS16.5.sdk/usr/include/c++/v1/__iterator/istreambuf_iterator.h
2026-06-03T08:46:48.7317630Z x iPhoneOS16.5.sdk/usr/include/c++/v1/__iterator/iter_move.h
2026-06-03T08:46:48.7317730Z x iPhoneOS16.5.sdk/usr/include/c++/v1/__iterator/data.h
2026-06-03T08:46:48.7317840Z x iPhoneOS16.5.sdk/usr/include/c++/v1/__iterator/access.h
2026-06-03T08:46:48.7317950Z x iPhoneOS16.5.sdk/usr/include/c++/v1/__iterator/concepts.h
2026-06-03T08:46:48.7318050Z x iPhoneOS16.5.sdk/usr/include/c++/v1/__iterator/size.h
2026-06-03T08:46:48.7318160Z x iPhoneOS16.5.sdk/usr/include/c++/v1/__iterator/iterator.h
2026-06-03T08:46:48.7318280Z x iPhoneOS16.5.sdk/usr/include/c++/v1/__iterator/wrap_iter.h
2026-06-03T08:46:48.7318410Z x iPhoneOS16.5.sdk/usr/include/c++/v1/__iterator/ostream_iterator.h
2026-06-03T08:46:48.7318550Z x iPhoneOS16.5.sdk/usr/include/c++/v1/__iterator/indirectly_comparable.h
2026-06-03T08:46:48.7318670Z x iPhoneOS16.5.sdk/usr/include/c++/v1/__iterator/counted_iterator.h
2026-06-03T08:46:48.7318780Z x iPhoneOS16.5.sdk/usr/include/c++/v1/__iterator/sortable.h
2026-06-03T08:46:48.7318880Z x iPhoneOS16.5.sdk/usr/include/c++/v1/__iterator/empty.h
2026-06-03T08:46:48.7319010Z x iPhoneOS16.5.sdk/usr/include/c++/v1/__iterator/bounded_iter.h
2026-06-03T08:46:48.7319130Z x iPhoneOS16.5.sdk/usr/include/c++/v1/__iterator/move_iterator.h
2026-06-03T08:46:48.7319270Z x iPhoneOS16.5.sdk/usr/include/c++/v1/__iterator/ostreambuf_iterator.h
2026-06-03T08:46:48.7319460Z x iPhoneOS16.5.sdk/usr/include/c++/v1/__iterator/reverse_iterator.h
2026-06-03T08:46:48.7319590Z x iPhoneOS16.5.sdk/usr/include/c++/v1/__iterator/iterator_traits.h
2026-06-03T08:46:48.7319710Z x iPhoneOS16.5.sdk/usr/include/c++/v1/__iterator/default_sentinel.h
2026-06-03T08:46:48.7319840Z x iPhoneOS16.5.sdk/usr/include/c++/v1/__iterator/common_iterator.h
2026-06-03T08:46:48.7319960Z x iPhoneOS16.5.sdk/usr/include/c++/v1/__iterator/insert_iterator.h
2026-06-03T08:46:48.7320100Z x iPhoneOS16.5.sdk/usr/include/c++/v1/__iterator/front_insert_iterator.h
2026-06-03T08:46:48.7320200Z x iPhoneOS16.5.sdk/usr/include/c++/v1/__iterator/next.h
2026-06-03T08:46:48.7320310Z x iPhoneOS16.5.sdk/usr/include/c++/v1/__iterator/projected.h
2026-06-03T08:46:48.7320450Z x iPhoneOS16.5.sdk/usr/include/c++/v1/__iterator/erase_if_container.h
2026-06-03T08:46:48.7320560Z x iPhoneOS16.5.sdk/usr/include/c++/v1/__iterator/mergeable.h
2026-06-03T08:46:48.7320750Z x iPhoneOS16.5.sdk/usr/include/c++/v1/__iterator/move_sentinel.h
2026-06-03T08:46:48.7320870Z x iPhoneOS16.5.sdk/usr/include/c++/v1/__iterator/prev.h
2026-06-03T08:46:48.7320940Z x iPhoneOS16.5.sdk/usr/include/c++/v1/__errc
2026-06-03T08:46:48.7321020Z x iPhoneOS16.5.sdk/usr/include/c++/v1/valarray
2026-06-03T08:46:48.7321090Z x iPhoneOS16.5.sdk/usr/include/c++/v1/bit
2026-06-03T08:46:48.7321160Z x iPhoneOS16.5.sdk/usr/include/c++/v1/random
2026-06-03T08:46:48.7321240Z x iPhoneOS16.5.sdk/usr/include/c++/v1/streambuf
2026-06-03T08:46:48.7321320Z x iPhoneOS16.5.sdk/usr/include/c++/v1/uchar.h
2026-06-03T08:46:48.7321400Z x iPhoneOS16.5.sdk/usr/include/c++/v1/strstream
2026-06-03T08:46:48.7321480Z x iPhoneOS16.5.sdk/usr/include/c++/v1/ctime
2026-06-03T08:46:48.7321550Z x iPhoneOS16.5.sdk/usr/include/c++/v1/version
2026-06-03T08:46:48.7321670Z x iPhoneOS16.5.sdk/usr/include/c++/v1/locale.h
2026-06-03T08:46:48.7321760Z x iPhoneOS16.5.sdk/usr/include/c++/v1/algorithm
2026-06-03T08:46:48.7416020Z x iPhoneOS16.5.sdk/usr/include/c++/v1/locale
2026-06-03T08:46:48.7517590Z x iPhoneOS16.5.sdk/usr/include/c++/v1/ctype.h
2026-06-03T08:46:48.7557200Z x iPhoneOS16.5.sdk/usr/include/c++/v1/typeinfo
2026-06-03T08:46:48.7657730Z x iPhoneOS16.5.sdk/usr/include/c++/v1/__thread/
2026-06-03T08:46:48.7758530Z x iPhoneOS16.5.sdk/usr/include/c++/v1/__thread/poll_with_backoff.h
2026-06-03T08:46:48.7859390Z x iPhoneOS16.5.sdk/usr/include/c++/v1/__thread/timed_backoff_policy.h
2026-06-03T08:46:48.7958690Z x iPhoneOS16.5.sdk/usr/include/c++/v1/unordered_set
2026-06-03T08:46:48.8059330Z x iPhoneOS16.5.sdk/usr/include/c++/v1/ios
2026-06-03T08:46:48.8064110Z x iPhoneOS16.5.sdk/usr/include/c++/v1/__bsd_locale_defaults.h
2026-06-03T08:46:48.8064370Z x iPhoneOS16.5.sdk/usr/include/c++/v1/ciso646
2026-06-03T08:46:48.8066110Z x iPhoneOS16.5.sdk/usr/include/c++/v1/__split_buffer
2026-06-03T08:46:48.8068600Z x iPhoneOS16.5.sdk/usr/include/c++/v1/ccomplex
2026-06-03T08:46:48.8069180Z x iPhoneOS16.5.sdk/usr/include/c++/v1/__filesystem/
2026-06-03T08:46:48.8069840Z x iPhoneOS16.5.sdk/usr/include/c++/v1/__filesystem/copy_options.h
2026-06-03T08:46:48.8070450Z x iPhoneOS16.5.sdk/usr/include/c++/v1/__filesystem/file_type.h
2026-06-03T08:46:48.8071640Z x iPhoneOS16.5.sdk/usr/include/c++/v1/__filesystem/path_iterator.h
2026-06-03T08:46:48.8161660Z x iPhoneOS16.5.sdk/usr/include/c++/v1/__filesystem/directory_iterator.h
2026-06-03T08:46:48.8161990Z x iPhoneOS16.5.sdk/usr/include/c++/v1/__filesystem/perm_options.h
2026-06-03T08:46:48.8162280Z x iPhoneOS16.5.sdk/usr/include/c++/v1/__filesystem/directory_entry.h
2026-06-03T08:46:48.8162540Z x iPhoneOS16.5.sdk/usr/include/c++/v1/__filesystem/perms.h
2026-06-03T08:46:48.8164030Z x iPhoneOS16.5.sdk/usr/include/c++/v1/__filesystem/directory_options.h
2026-06-03T08:46:48.8239720Z x iPhoneOS16.5.sdk/usr/include/c++/v1/__filesystem/u8path.h
2026-06-03T08:46:48.8250590Z x iPhoneOS16.5.sdk/usr/include/c++/v1/__filesystem/recursive_directory_iterator.h
2026-06-03T08:46:48.8256920Z x iPhoneOS16.5.sdk/usr/include/c++/v1/__filesystem/file_time_type.h
2026-06-03T08:46:48.8259720Z x iPhoneOS16.5.sdk/usr/include/c++/v1/__filesystem/space_info.h
2026-06-03T08:46:48.8266260Z x iPhoneOS16.5.sdk/usr/include/c++/v1/__filesystem/operations.h
2026-06-03T08:46:48.8266580Z x iPhoneOS16.5.sdk/usr/include/c++/v1/__filesystem/filesystem_error.h
2026-06-03T08:46:48.8266850Z x iPhoneOS16.5.sdk/usr/include/c++/v1/__filesystem/file_status.h
2026-06-03T08:46:48.8267100Z x iPhoneOS16.5.sdk/usr/include/c++/v1/__filesystem/path.h
2026-06-03T08:46:48.8267340Z x iPhoneOS16.5.sdk/usr/include/c++/v1/__concepts/
2026-06-03T08:46:48.8268760Z x iPhoneOS16.5.sdk/usr/include/c++/v1/__concepts/derived_from.h
2026-06-03T08:46:48.8269030Z x iPhoneOS16.5.sdk/usr/include/c++/v1/__concepts/destructible.h
2026-06-03T08:46:48.8269310Z x iPhoneOS16.5.sdk/usr/include/c++/v1/__concepts/predicate.h
2026-06-03T08:46:48.8269810Z x iPhoneOS16.5.sdk/usr/include/c++/v1/__concepts/common_reference_with.h
2026-06-03T08:46:48.8270260Z x iPhoneOS16.5.sdk/usr/include/c++/v1/__concepts/class_or_enum.h
2026-06-03T08:46:48.8270530Z x iPhoneOS16.5.sdk/usr/include/c++/v1/__concepts/constructible.h
2026-06-03T08:46:48.8270930Z x iPhoneOS16.5.sdk/usr/include/c++/v1/__concepts/swappable.h
2026-06-03T08:46:48.8271220Z x iPhoneOS16.5.sdk/usr/include/c++/v1/__concepts/equality_comparable.h
2026-06-03T08:46:48.8271620Z x iPhoneOS16.5.sdk/usr/include/c++/v1/__concepts/convertible_to.h
2026-06-03T08:46:48.8271880Z x iPhoneOS16.5.sdk/usr/include/c++/v1/__concepts/common_with.h
2026-06-03T08:46:48.8272140Z x iPhoneOS16.5.sdk/usr/include/c++/v1/__concepts/invocable.h
2026-06-03T08:46:48.8273230Z x iPhoneOS16.5.sdk/usr/include/c++/v1/__concepts/assignable.h
2026-06-03T08:46:48.8273560Z x iPhoneOS16.5.sdk/usr/include/c++/v1/__concepts/relation.h
2026-06-03T08:46:48.8273830Z x iPhoneOS16.5.sdk/usr/include/c++/v1/__concepts/semiregular.h
2026-06-03T08:46:48.8274270Z x iPhoneOS16.5.sdk/usr/include/c++/v1/__concepts/copyable.h
2026-06-03T08:46:48.8274530Z x iPhoneOS16.5.sdk/usr/include/c++/v1/__concepts/same_as.h
2026-06-03T08:46:48.8274780Z x iPhoneOS16.5.sdk/usr/include/c++/v1/__concepts/regular.h
2026-06-03T08:46:48.8275050Z x iPhoneOS16.5.sdk/usr/include/c++/v1/__concepts/boolean_testable.h
2026-06-03T08:46:48.8275300Z x iPhoneOS16.5.sdk/usr/include/c++/v1/__concepts/movable.h
2026-06-03T08:46:48.8275560Z x iPhoneOS16.5.sdk/usr/include/c++/v1/__concepts/arithmetic.h
2026-06-03T08:46:48.8275820Z x iPhoneOS16.5.sdk/usr/include/c++/v1/__concepts/totally_ordered.h
2026-06-03T08:46:48.8276090Z x iPhoneOS16.5.sdk/usr/include/c++/v1/__concepts/different_from.h
2026-06-03T08:46:48.8276310Z x iPhoneOS16.5.sdk/usr/include/c++/v1/coroutine
2026-06-03T08:46:48.8276540Z x iPhoneOS16.5.sdk/usr/include/c++/v1/__mutex_base
2026-06-03T08:46:48.8276760Z x iPhoneOS16.5.sdk/usr/include/c++/v1/cctype
2026-06-03T08:46:48.8276990Z x iPhoneOS16.5.sdk/usr/include/c++/v1/string_view
2026-06-03T08:46:48.8277200Z x iPhoneOS16.5.sdk/usr/include/c++/v1/ext/
2026-06-03T08:46:48.8277430Z x iPhoneOS16.5.sdk/usr/include/c++/v1/ext/hash_map
2026-06-03T08:46:48.8277660Z x iPhoneOS16.5.sdk/usr/include/c++/v1/ext/__hash
2026-06-03T08:46:48.8277890Z x iPhoneOS16.5.sdk/usr/include/c++/v1/ext/hash_set
2026-06-03T08:46:48.8278110Z x iPhoneOS16.5.sdk/usr/include/c++/v1/__utility/
2026-06-03T08:46:48.8278370Z x iPhoneOS16.5.sdk/usr/include/c++/v1/__utility/to_underlying.h
2026-06-03T08:46:48.8278630Z x iPhoneOS16.5.sdk/usr/include/c++/v1/__utility/priority_tag.h
2026-06-03T08:46:48.8278890Z x iPhoneOS16.5.sdk/usr/include/c++/v1/__utility/pair.h
2026-06-03T08:46:48.8279190Z x iPhoneOS16.5.sdk/usr/include/c++/v1/__utility/integer_sequence.h
2026-06-03T08:46:48.8279510Z x iPhoneOS16.5.sdk/usr/include/c++/v1/__utility/auto_cast.h
2026-06-03T08:46:48.8279770Z x iPhoneOS16.5.sdk/usr/include/c++/v1/__utility/unreachable.h
2026-06-03T08:46:48.8280020Z x iPhoneOS16.5.sdk/usr/include/c++/v1/__utility/exchange.h
2026-06-03T08:46:48.8280270Z x iPhoneOS16.5.sdk/usr/include/c++/v1/__utility/rel_ops.h
2026-06-03T08:46:48.8280580Z x iPhoneOS16.5.sdk/usr/include/c++/v1/__utility/move.h
2026-06-03T08:46:48.8280810Z x iPhoneOS16.5.sdk/usr/include/c++/v1/__utility/cmp.h
2026-06-03T08:46:48.8281070Z x iPhoneOS16.5.sdk/usr/include/c++/v1/__utility/transaction.h
2026-06-03T08:46:48.8281590Z x iPhoneOS16.5.sdk/usr/include/c++/v1/__utility/piecewise_construct.h
2026-06-03T08:46:48.8383260Z x iPhoneOS16.5.sdk/usr/include/c++/v1/__utility/declval.h
2026-06-03T08:46:48.8387070Z x iPhoneOS16.5.sdk/usr/include/c++/v1/__utility/in_place.h
2026-06-03T08:46:48.8390740Z x iPhoneOS16.5.sdk/usr/include/c++/v1/__utility/forward.h
2026-06-03T08:46:48.8393660Z x iPhoneOS16.5.sdk/usr/include/c++/v1/__utility/as_const.h
2026-06-03T08:46:48.8393910Z x iPhoneOS16.5.sdk/usr/include/c++/v1/__utility/swap.h
2026-06-03T08:46:48.8394140Z x iPhoneOS16.5.sdk/usr/include/c++/v1/cstdarg
2026-06-03T08:46:48.8394360Z x iPhoneOS16.5.sdk/usr/include/c++/v1/thread
2026-06-03T08:46:48.8394700Z x iPhoneOS16.5.sdk/usr/include/c++/v1/__chrono/
2026-06-03T08:46:48.8395330Z x iPhoneOS16.5.sdk/usr/include/c++/v1/__chrono/system_clock.h
2026-06-03T08:46:48.8395600Z x iPhoneOS16.5.sdk/usr/include/c++/v1/__chrono/steady_clock.h
2026-06-03T08:46:48.8395950Z x iPhoneOS16.5.sdk/usr/include/c++/v1/__chrono/year_month_weekday.h
2026-06-03T08:46:48.8396210Z x iPhoneOS16.5.sdk/usr/include/c++/v1/__chrono/monthday.h
2026-06-03T08:46:48.8396540Z x iPhoneOS16.5.sdk/usr/include/c++/v1/__chrono/day.h
2026-06-03T08:46:48.8397560Z x iPhoneOS16.5.sdk/usr/include/c++/v1/__chrono/year_month_day.h
2026-06-03T08:46:48.8399010Z x iPhoneOS16.5.sdk/usr/include/c++/v1/__chrono/month_weekday.h
2026-06-03T08:46:48.8399290Z x iPhoneOS16.5.sdk/usr/include/c++/v1/__chrono/month.h
2026-06-03T08:46:48.8399630Z x iPhoneOS16.5.sdk/usr/include/c++/v1/__chrono/calendar.h
2026-06-03T08:46:48.8399910Z x iPhoneOS16.5.sdk/usr/include/c++/v1/__chrono/convert_to_timespec.h
2026-06-03T08:46:48.8400160Z x iPhoneOS16.5.sdk/usr/include/c++/v1/__chrono/weekday.h
2026-06-03T08:46:48.8400550Z x iPhoneOS16.5.sdk/usr/include/c++/v1/__chrono/hh_mm_ss.h
2026-06-03T08:46:48.8401720Z x iPhoneOS16.5.sdk/usr/include/c++/v1/__chrono/duration.h
2026-06-03T08:46:48.8402030Z x iPhoneOS16.5.sdk/usr/include/c++/v1/__chrono/high_resolution_clock.h
2026-06-03T08:46:48.8402280Z x iPhoneOS16.5.sdk/usr/include/c++/v1/__chrono/time_point.h
2026-06-03T08:46:48.8402540Z x iPhoneOS16.5.sdk/usr/include/c++/v1/__chrono/file_clock.h
2026-06-03T08:46:48.8402780Z x iPhoneOS16.5.sdk/usr/include/c++/v1/__chrono/literals.h
2026-06-03T08:46:48.8403020Z x iPhoneOS16.5.sdk/usr/include/c++/v1/__chrono/year.h
2026-06-03T08:46:48.8481260Z x iPhoneOS16.5.sdk/usr/include/c++/v1/__chrono/year_month.h
2026-06-03T08:46:48.8481450Z x iPhoneOS16.5.sdk/usr/include/c++/v1/stdint.h
2026-06-03T08:46:48.8481540Z x iPhoneOS16.5.sdk/usr/include/c++/v1/optional
2026-06-03T08:46:48.8481630Z x iPhoneOS16.5.sdk/usr/include/c++/v1/setjmp.h
2026-06-03T08:46:48.8481720Z x iPhoneOS16.5.sdk/usr/include/c++/v1/__variant/
2026-06-03T08:46:48.8481860Z x iPhoneOS16.5.sdk/usr/include/c++/v1/__variant/monostate.h
2026-06-03T08:46:48.8481950Z x iPhoneOS16.5.sdk/usr/include/c++/v1/charconv
2026-06-03T08:46:48.8482040Z x iPhoneOS16.5.sdk/usr/include/c++/v1/cstring
2026-06-03T08:46:48.8482130Z x iPhoneOS16.5.sdk/usr/include/c++/v1/fstream
2026-06-03T08:46:48.8482440Z x iPhoneOS16.5.sdk/usr/include/c++/v1/system_error
2026-06-03T08:46:48.8483080Z x iPhoneOS16.5.sdk/usr/include/c++/v1/istream
2026-06-03T08:46:48.8483170Z x iPhoneOS16.5.sdk/usr/include/c++/v1/limits
2026-06-03T08:46:48.8483260Z x iPhoneOS16.5.sdk/usr/include/c++/v1/limits.h
2026-06-03T08:46:48.8483340Z x iPhoneOS16.5.sdk/usr/include/c++/v1/__locale
2026-06-03T08:46:48.8483420Z x iPhoneOS16.5.sdk/usr/include/c++/v1/iosfwd
2026-06-03T08:46:48.8483540Z x iPhoneOS16.5.sdk/usr/include/c++/v1/stack
2026-06-03T08:46:48.8483620Z x iPhoneOS16.5.sdk/usr/include/c++/v1/codecvt
2026-06-03T08:46:48.8483710Z x iPhoneOS16.5.sdk/usr/include/c++/v1/shared_mutex
2026-06-03T08:46:48.8483810Z x iPhoneOS16.5.sdk/usr/include/c++/v1/stdbool.h
2026-06-03T08:46:48.8483890Z x iPhoneOS16.5.sdk/usr/include/c++/v1/iostream
2026-06-03T08:46:48.8483980Z x iPhoneOS16.5.sdk/usr/include/c++/v1/__std_stream
2026-06-03T08:46:48.8484050Z x iPhoneOS16.5.sdk/usr/include/math.h
2026-06-03T08:46:48.8484120Z x iPhoneOS16.5.sdk/usr/include/bitstring.h
2026-06-03T08:46:48.8484280Z x iPhoneOS16.5.sdk/usr/include/iso646.h
2026-06-03T08:46:48.8484340Z x iPhoneOS16.5.sdk/usr/include/time.h
2026-06-03T08:46:48.8484440Z x iPhoneOS16.5.sdk/usr/include/mach_machine.modulemap
2026-06-03T08:46:48.8484510Z x iPhoneOS16.5.sdk/usr/include/err.h
2026-06-03T08:46:48.8484590Z x iPhoneOS16.5.sdk/usr/include/architecture/
2026-06-03T08:46:48.8484700Z x iPhoneOS16.5.sdk/usr/include/architecture/byte_order.h
2026-06-03T08:46:48.8484770Z x iPhoneOS16.5.sdk/usr/include/AppleArchive/
2026-06-03T08:46:48.8484890Z x iPhoneOS16.5.sdk/usr/include/AppleArchive/AppleArchive.h
2026-06-03T08:46:48.8485020Z x iPhoneOS16.5.sdk/usr/include/AppleArchive/AAArchiveStream.h
2026-06-03T08:46:48.8485150Z x iPhoneOS16.5.sdk/usr/include/AppleArchive/AAEntryMessage.h
2026-06-03T08:46:48.8485370Z x iPhoneOS16.5.sdk/usr/include/AppleArchive/module.modulemap
2026-06-03T08:46:48.8485480Z x iPhoneOS16.5.sdk/usr/include/AppleArchive/AADefs.h
2026-06-03T08:46:48.8485590Z x iPhoneOS16.5.sdk/usr/include/AppleArchive/AEAStreams.h
2026-06-03T08:46:48.8485690Z x iPhoneOS16.5.sdk/usr/include/AppleArchive/AAFlagSet.h
2026-06-03T08:46:48.8485800Z x iPhoneOS16.5.sdk/usr/include/AppleArchive/AAPathList.h
2026-06-03T08:46:48.8485910Z x iPhoneOS16.5.sdk/usr/include/AppleArchive/AEAAuthData.h
2026-06-03T08:46:48.8486050Z x iPhoneOS16.5.sdk/usr/include/AppleArchive/AppleEncryptedArchive.h
2026-06-03T08:46:48.8486190Z x iPhoneOS16.5.sdk/usr/include/AppleArchive/AAEntryAttributes.h
2026-06-03T08:46:48.8486310Z x iPhoneOS16.5.sdk/usr/include/AppleArchive/AAEntryACLBlob.h
2026-06-03T08:46:48.8486420Z x iPhoneOS16.5.sdk/usr/include/AppleArchive/AAFieldKeys.h
2026-06-03T08:46:48.8486630Z x iPhoneOS16.5.sdk/usr/include/AppleArchive/AAEntryXATBlob.h
2026-06-03T08:46:48.8486770Z x iPhoneOS16.5.sdk/usr/include/AppleArchive/AACustomArchiveStream.h
2026-06-03T08:46:48.8486930Z x iPhoneOS16.5.sdk/usr/include/AppleArchive/AAHeader.h
2026-06-03T08:46:48.8487060Z x iPhoneOS16.5.sdk/usr/include/AppleArchive/AACustomByteStream.h
2026-06-03T08:46:48.8487170Z x iPhoneOS16.5.sdk/usr/include/AppleArchive/AAByteStream.h
2026-06-03T08:46:48.8487270Z x iPhoneOS16.5.sdk/usr/include/AppleArchive/AEADefs.h
2026-06-03T08:46:48.8487380Z x iPhoneOS16.5.sdk/usr/include/AppleArchive/AEAContext.h
2026-06-03T08:46:48.8487450Z x iPhoneOS16.5.sdk/usr/include/malloc/
2026-06-03T08:46:48.8487530Z x iPhoneOS16.5.sdk/usr/include/malloc/malloc.h
2026-06-03T08:46:48.8487620Z x iPhoneOS16.5.sdk/usr/include/malloc/_malloc.h
2026-06-03T08:46:48.8487680Z x iPhoneOS16.5.sdk/usr/include/net/
2026-06-03T08:46:48.8487770Z x iPhoneOS16.5.sdk/usr/include/net/if_var_status.h
2026-06-03T08:46:48.8487850Z x iPhoneOS16.5.sdk/usr/include/net/pfkeyv2.h
2026-06-03T08:46:48.8487930Z x iPhoneOS16.5.sdk/usr/include/net/net_kev.h
2026-06-03T08:46:48.8487990Z x iPhoneOS16.5.sdk/usr/include/net/if.h
2026-06-03T08:46:48.8488070Z x iPhoneOS16.5.sdk/usr/include/net/ethernet.h
2026-06-03T08:46:48.8488140Z x iPhoneOS16.5.sdk/usr/include/net/if_var.h
2026-06-03T08:46:48.8488210Z x iPhoneOS16.5.sdk/usr/include/net/if_dl.h
2026-06-03T08:46:48.8488290Z x iPhoneOS16.5.sdk/usr/include/net/if_types.h
2026-06-03T08:46:48.8488380Z x iPhoneOS16.5.sdk/usr/include/TargetConditionals.h
2026-06-03T08:46:48.8488470Z x iPhoneOS16.5.sdk/usr/include/cache_callbacks.h
2026-06-03T08:46:48.8488570Z x iPhoneOS16.5.sdk/usr/include/AvailabilityInternal.h
2026-06-03T08:46:48.8488630Z x iPhoneOS16.5.sdk/usr/include/wchar.h
2026-06-03T08:46:48.8488700Z x iPhoneOS16.5.sdk/usr/include/netdb.h
2026-06-03T08:46:48.8488790Z x iPhoneOS16.5.sdk/usr/include/__libunwind_config.h
2026-06-03T08:46:48.8488860Z x iPhoneOS16.5.sdk/usr/include/dlfcn.h
2026-06-03T08:46:48.8488940Z x iPhoneOS16.5.sdk/usr/include/__wctype.h
2026-06-03T08:46:48.8489000Z x iPhoneOS16.5.sdk/usr/include/machine/
2026-06-03T08:46:48.8489090Z x iPhoneOS16.5.sdk/usr/include/machine/types.h
2026-06-03T08:46:48.8489170Z x iPhoneOS16.5.sdk/usr/include/machine/endian.h
2026-06-03T08:46:48.8489250Z x iPhoneOS16.5.sdk/usr/include/machine/signal.h
2026-06-03T08:46:48.8489340Z x iPhoneOS16.5.sdk/usr/include/machine/_types.h
2026-06-03T08:46:48.8489420Z x iPhoneOS16.5.sdk/usr/include/machine/_param.h
2026-06-03T08:46:48.8489500Z x iPhoneOS16.5.sdk/usr/include/machine/param.h
2026-06-03T08:46:48.8489590Z x iPhoneOS16.5.sdk/usr/include/machine/_mcontext.h
2026-06-03T08:46:48.8489750Z x iPhoneOS16.5.sdk/usr/include/machine/limits.h
2026-06-03T08:46:48.8489830Z x iPhoneOS16.5.sdk/usr/include/networkext/
2026-06-03T08:46:48.8489940Z x iPhoneOS16.5.sdk/usr/include/networkext/module.modulemap
2026-06-03T08:46:48.8490130Z x iPhoneOS16.5.sdk/usr/include/networkext/ne_socket.h
2026-06-03T08:46:48.8490220Z x iPhoneOS16.5.sdk/usr/include/readpassphrase.h
2026-06-03T08:46:48.8490290Z x iPhoneOS16.5.sdk/usr/include/bank/
2026-06-03T08:46:48.8490500Z x iPhoneOS16.5.sdk/usr/include/bank/bank_types.h
2026-06-03T08:46:48.8490590Z x iPhoneOS16.5.sdk/usr/include/vis.h
2026-06-03T08:46:48.8490660Z x iPhoneOS16.5.sdk/usr/include/semaphore.h
2026-06-03T08:46:48.8490820Z x iPhoneOS16.5.sdk/usr/include/wctype.h
2026-06-03T08:46:48.8490890Z x iPhoneOS16.5.sdk/usr/include/rpc/
2026-06-03T08:46:48.8490960Z x iPhoneOS16.5.sdk/usr/include/rpc/xdr.h
2026-06-03T08:46:48.8491030Z x iPhoneOS16.5.sdk/usr/include/rpc/types.h
2026-06-03T08:46:48.8491100Z x iPhoneOS16.5.sdk/usr/include/rpc/rpc_msg.h
2026-06-03T08:46:48.8491170Z x iPhoneOS16.5.sdk/usr/include/rpc/auth.h
2026-06-03T08:46:48.8491250Z x iPhoneOS16.5.sdk/usr/include/rpc/svc_auth.h
2026-06-03T08:46:48.8491320Z x iPhoneOS16.5.sdk/usr/include/rpc/clnt.h
2026-06-03T08:46:48.8491390Z x iPhoneOS16.5.sdk/usr/include/rpc/svc.h
2026-06-03T08:46:48.8491450Z x iPhoneOS16.5.sdk/usr/include/rpc/rpc.h
2026-06-03T08:46:48.8491670Z x iPhoneOS16.5.sdk/usr/include/rpc/auth_unix.h
2026-06-03T08:46:48.8491750Z x iPhoneOS16.5.sdk/usr/include/checkint.h
2026-06-03T08:46:48.8491830Z x iPhoneOS16.5.sdk/usr/include/mach_debug/
2026-06-03T08:46:48.8491920Z x iPhoneOS16.5.sdk/usr/include/mach_debug/mach_debug.h
2026-06-03T08:46:48.8492020Z x iPhoneOS16.5.sdk/usr/include/mach_debug/vm_info.h
2026-06-03T08:46:48.8492110Z x iPhoneOS16.5.sdk/usr/include/mach_debug/zone_info.h
2026-06-03T08:46:48.8492210Z x iPhoneOS16.5.sdk/usr/include/mach_debug/ipc_info.h
2026-06-03T08:46:48.8492320Z x iPhoneOS16.5.sdk/usr/include/mach_debug/lockgroup_info.h
2026-06-03T08:46:48.8492420Z x iPhoneOS16.5.sdk/usr/include/mach_debug/hash_info.h
2026-06-03T08:46:48.8492530Z x iPhoneOS16.5.sdk/usr/include/mach_debug/mach_debug_types.h
2026-06-03T08:46:48.8492630Z x iPhoneOS16.5.sdk/usr/include/mach_debug/page_info.h
2026-06-03T08:46:48.8492720Z x iPhoneOS16.5.sdk/usr/include/secure.modulemap
2026-06-03T08:46:48.8492820Z x iPhoneOS16.5.sdk/usr/include/AppleTextureEncoder.h
2026-06-03T08:46:48.8492890Z x iPhoneOS16.5.sdk/usr/include/arpa/
2026-06-03T08:46:48.8492970Z x iPhoneOS16.5.sdk/usr/include/arpa/nameser.h
2026-06-03T08:46:48.8493070Z x iPhoneOS16.5.sdk/usr/include/arpa/nameser_compat.h
2026-06-03T08:46:48.8493140Z x iPhoneOS16.5.sdk/usr/include/arpa/inet.h
2026-06-03T08:46:48.8493210Z x iPhoneOS16.5.sdk/usr/include/libgen.h
2026-06-03T08:46:48.8493290Z x iPhoneOS16.5.sdk/usr/include/Availability.h
2026-06-03T08:46:48.8493370Z x iPhoneOS16.5.sdk/usr/include/sqlite3ext.h
2026-06-03T08:46:48.8493430Z x iPhoneOS16.5.sdk/usr/include/bsm/
2026-06-03T08:46:48.8493500Z x iPhoneOS16.5.sdk/usr/include/bsm/audit.h
2026-06-03T08:46:48.8493570Z x iPhoneOS16.5.sdk/usr/include/os/
2026-06-03T08:46:48.8493640Z x iPhoneOS16.5.sdk/usr/include/os/overflow.h
2026-06-03T08:46:48.8493720Z x iPhoneOS16.5.sdk/usr/include/os/workgroup.h
2026-06-03T08:46:48.8493800Z x iPhoneOS16.5.sdk/usr/include/os/activity.h
2026-06-03T08:46:48.8493870Z x iPhoneOS16.5.sdk/usr/include/os/object.h
2026-06-03T08:46:48.8493940Z x iPhoneOS16.5.sdk/usr/include/os/atomic.h
2026-06-03T08:46:48.8494010Z x iPhoneOS16.5.sdk/usr/include/os/trace.h
2026-06-03T08:46:48.8494080Z x iPhoneOS16.5.sdk/usr/include/os/clock.h
2026-06-03T08:46:48.8494150Z x iPhoneOS16.5.sdk/usr/include/os/lock.h
2026-06-03T08:46:48.8494220Z x iPhoneOS16.5.sdk/usr/include/os/base.h
2026-06-03T08:46:48.8494310Z x iPhoneOS16.5.sdk/usr/include/os/workgroup_base.h
2026-06-03T08:46:48.8494390Z x iPhoneOS16.5.sdk/usr/include/os/trace_base.h
2026-06-03T08:46:48.8494470Z x iPhoneOS16.5.sdk/usr/include/os/signpost.h
2026-06-03T08:46:48.8494550Z x iPhoneOS16.5.sdk/usr/include/os/_workgroup.h
2026-06-03T08:46:48.8494620Z x iPhoneOS16.5.sdk/usr/include/os/proc.h
2026-06-03T08:46:48.8494680Z x iPhoneOS16.5.sdk/usr/include/os/log.h
2026-06-03T08:46:48.8494780Z x iPhoneOS16.5.sdk/usr/include/os/workgroup_object.h
2026-06-03T08:46:48.8494880Z x iPhoneOS16.5.sdk/usr/include/os/workgroup_interval.h
2026-06-03T08:46:48.8494970Z x iPhoneOS16.5.sdk/usr/include/os/availability.h
2026-06-03T08:46:48.8495070Z x iPhoneOS16.5.sdk/usr/include/os/workgroup_parallel.h
2026-06-03T08:46:48.8495180Z x iPhoneOS16.5.sdk/usr/include/signal.h
2026-06-03T08:46:48.8495260Z x iPhoneOS16.5.sdk/usr/include/xlocale.h
2026-06-03T08:46:48.8495330Z x iPhoneOS16.5.sdk/usr/include/regex.h
2026-06-03T08:46:48.8495400Z x iPhoneOS16.5.sdk/usr/include/CMakeLists.txt
2026-06-03T08:46:48.8495470Z x iPhoneOS16.5.sdk/usr/include/ulimit.h
2026-06-03T08:46:48.8495540Z x iPhoneOS16.5.sdk/usr/include/_wctype.h
2026-06-03T08:46:48.8495630Z x iPhoneOS16.5.sdk/usr/include/netinet6.modulemap
2026-06-03T08:46:48.8495700Z x iPhoneOS16.5.sdk/usr/include/sysdir.h
2026-06-03T08:46:48.8495770Z x iPhoneOS16.5.sdk/usr/include/dispatch/
2026-06-03T08:46:48.8495860Z x iPhoneOS16.5.sdk/usr/include/dispatch/dispatch.h
2026-06-03T08:46:48.8495930Z x iPhoneOS16.5.sdk/usr/include/dispatch/data.h
2026-06-03T08:46:48.8496040Z x iPhoneOS16.5.sdk/usr/include/dispatch/module.modulemap
2026-06-03T08:46:48.8496190Z x iPhoneOS16.5.sdk/usr/include/dispatch/object.h
2026-06-03T08:46:48.8496280Z x iPhoneOS16.5.sdk/usr/include/dispatch/time.h
2026-06-03T08:46:48.8496360Z x iPhoneOS16.5.sdk/usr/include/dispatch/queue.h
2026-06-03T08:46:48.8496450Z x iPhoneOS16.5.sdk/usr/include/dispatch/source.h
2026-06-03T08:46:48.8496520Z x iPhoneOS16.5.sdk/usr/include/dispatch/base.h
2026-06-03T08:46:48.8496620Z x iPhoneOS16.5.sdk/usr/include/dispatch/semaphore.h
2026-06-03T08:46:48.8496700Z x iPhoneOS16.5.sdk/usr/include/dispatch/block.h
2026-06-03T08:46:48.8496780Z x iPhoneOS16.5.sdk/usr/include/dispatch/io.h
2026-06-03T08:46:48.8496880Z x iPhoneOS16.5.sdk/usr/include/dispatch/introspection.h
2026-06-03T08:46:48.8496960Z x iPhoneOS16.5.sdk/usr/include/dispatch/once.h
2026-06-03T08:46:48.8497660Z x iPhoneOS16.5.sdk/usr/include/dispatch/workloop.h
2026-06-03T08:46:48.8497780Z x iPhoneOS16.5.sdk/usr/include/dispatch/group.h
2026-06-03T08:46:48.8497860Z x iPhoneOS16.5.sdk/usr/include/unwind.h
2026-06-03T08:46:48.8497950Z x iPhoneOS16.5.sdk/usr/include/ConditionalMacros.h
2026-06-03T08:46:48.8498030Z x iPhoneOS16.5.sdk/usr/include/termios.h
2026-06-03T08:46:48.8498110Z x iPhoneOS16.5.sdk/usr/include/poll.h
2026-06-03T08:46:48.8498170Z x iPhoneOS16.5.sdk/usr/include/uuid/
2026-06-03T08:46:48.8498250Z x iPhoneOS16.5.sdk/usr/include/uuid/uuid.h
2026-06-03T08:46:48.8498310Z x iPhoneOS16.5.sdk/usr/include/fmtmsg.h
2026-06-03T08:46:48.8498400Z x iPhoneOS16.5.sdk/usr/include/pthread_spis.h
2026-06-03T08:46:48.8498460Z x iPhoneOS16.5.sdk/usr/include/fnmatch.h
2026-06-03T08:46:48.8498530Z x iPhoneOS16.5.sdk/usr/include/_locale.h
2026-06-03T08:46:48.8498590Z x iPhoneOS16.5.sdk/usr/include/xlocale/
2026-06-03T08:46:48.8498680Z x iPhoneOS16.5.sdk/usr/include/xlocale/_monetary.h
2026-06-03T08:46:48.8498770Z x iPhoneOS16.5.sdk/usr/include/xlocale/_stdlib.h
2026-06-03T08:46:48.8498850Z x iPhoneOS16.5.sdk/usr/include/xlocale/_wchar.h
2026-06-03T08:46:48.8498930Z x iPhoneOS16.5.sdk/usr/include/xlocale/_string.h
2026-06-03T08:46:48.8499020Z x iPhoneOS16.5.sdk/usr/include/xlocale/_inttypes.h
2026-06-03T08:46:48.8499110Z x iPhoneOS16.5.sdk/usr/include/xlocale/__wctype.h
2026-06-03T08:46:48.8499420Z x iPhoneOS16.5.sdk/usr/include/xlocale/_wctype.h
2026-06-03T08:46:48.8499930Z x iPhoneOS16.5.sdk/usr/include/xlocale/_ctype.h
2026-06-03T08:46:48.8500020Z x iPhoneOS16.5.sdk/usr/include/xlocale/_langinfo.h
2026-06-03T08:46:48.8500100Z x iPhoneOS16.5.sdk/usr/include/xlocale/_stdio.h
2026-06-03T08:46:48.8500180Z x iPhoneOS16.5.sdk/usr/include/xlocale/_time.h
2026-06-03T08:46:48.8500260Z x iPhoneOS16.5.sdk/usr/include/xlocale/_regex.h
2026-06-03T08:46:48.8500330Z x iPhoneOS16.5.sdk/usr/include/iconv.h
2026-06-03T08:46:48.8500400Z x iPhoneOS16.5.sdk/usr/include/netinet6/
2026-06-03T08:46:48.8500480Z x iPhoneOS16.5.sdk/usr/include/netinet6/ipsec.h
2026-06-03T08:46:48.8500560Z x iPhoneOS16.5.sdk/usr/include/netinet6/in6.h
2026-06-03T08:46:48.8500660Z x iPhoneOS16.5.sdk/usr/include/netinet6/scope6_var.h
2026-06-03T08:46:48.8500720Z x iPhoneOS16.5.sdk/usr/include/dns_util.h
2026-06-03T08:46:48.8500800Z x iPhoneOS16.5.sdk/usr/include/_ctype.h
2026-06-03T08:46:48.8500860Z x iPhoneOS16.5.sdk/usr/include/fcntl.h
2026-06-03T08:46:48.8501010Z x iPhoneOS16.5.sdk/usr/include/copyfile.h
2026-06-03T08:46:48.8501080Z x iPhoneOS16.5.sdk/usr/include/utime.h
2026-06-03T08:46:48.8501160Z x iPhoneOS16.5.sdk/usr/include/stringlist.h
2026-06-03T08:46:48.8501240Z x iPhoneOS16.5.sdk/usr/include/mach.modulemap
2026-06-03T08:46:48.8501310Z x iPhoneOS16.5.sdk/usr/include/monetary.h
2026-06-03T08:46:48.8501390Z x iPhoneOS16.5.sdk/usr/include/net.modulemap
2026-06-03T08:46:48.8501450Z x iPhoneOS16.5.sdk/usr/include/pwd.h
2026-06-03T08:46:48.8501580Z x iPhoneOS16.5.sdk/usr/include/darwin_posix_pthread.modulemap
2026-06-03T08:46:48.8501650Z x iPhoneOS16.5.sdk/usr/include/notify.h
2026-06-03T08:46:48.8501720Z x iPhoneOS16.5.sdk/usr/include/Spatial/
2026-06-03T08:46:48.8501830Z x iPhoneOS16.5.sdk/usr/include/Spatial/SPRotationAxis3D.h
2026-06-03T08:46:48.8501920Z x iPhoneOS16.5.sdk/usr/include/Spatial/Structures.h
2026-06-03T08:46:48.8502090Z x iPhoneOS16.5.sdk/usr/include/Spatial/module.modulemap
2026-06-03T08:46:48.8502170Z x iPhoneOS16.5.sdk/usr/include/Spatial/SPSize3D.h
2026-06-03T08:46:48.8502260Z x iPhoneOS16.5.sdk/usr/include/Spatial/SPAngle.h
2026-06-03T08:46:48.8502340Z x iPhoneOS16.5.sdk/usr/include/Spatial/Base.h
2026-06-03T08:46:48.8502470Z x iPhoneOS16.5.sdk/usr/include/Spatial/SPAffineTransform3D.h
2026-06-03T08:46:48.8502560Z x iPhoneOS16.5.sdk/usr/include/Spatial/SPVector3D.h
2026-06-03T08:46:48.8502650Z x iPhoneOS16.5.sdk/usr/include/Spatial/SPPose3D.h
2026-06-03T08:46:48.8502750Z x iPhoneOS16.5.sdk/usr/include/Spatial/SPRotation3D.h
2026-06-03T08:46:48.8502830Z x iPhoneOS16.5.sdk/usr/include/Spatial/Spatial.h
2026-06-03T08:46:48.8502920Z x iPhoneOS16.5.sdk/usr/include/Spatial/SPPoint3D.h
2026-06-03T08:46:48.8503000Z x iPhoneOS16.5.sdk/usr/include/Spatial/SPRay3D.h
2026-06-03T08:46:48.8503140Z x iPhoneOS16.5.sdk/usr/include/Spatial/SPProjectiveTransform3D.h
2026-06-03T08:46:48.8503220Z x iPhoneOS16.5.sdk/usr/include/Spatial/SPRect3D.h
2026-06-03T08:46:48.8503300Z x iPhoneOS16.5.sdk/usr/include/_types/
2026-06-03T08:46:48.8503390Z x iPhoneOS16.5.sdk/usr/include/_types/_uint16_t.h
2026-06-03T08:46:48.8503470Z x iPhoneOS16.5.sdk/usr/include/_types/_uintmax_t.h
2026-06-03T08:46:48.8503550Z x iPhoneOS16.5.sdk/usr/include/_types/_uint32_t.h
2026-06-03T08:46:48.8503640Z x iPhoneOS16.5.sdk/usr/include/_types/_wctrans_t.h
2026-06-03T08:46:48.8503790Z x iPhoneOS16.5.sdk/usr/include/_types/_wctype_t.h
2026-06-03T08:46:48.8503880Z x iPhoneOS16.5.sdk/usr/include/_types/_uint64_t.h
2026-06-03T08:46:48.8503960Z x iPhoneOS16.5.sdk/usr/include/_types/_nl_item.h
2026-06-03T08:46:48.8504040Z x iPhoneOS16.5.sdk/usr/include/_types/_uint8_t.h
2026-06-03T08:46:48.8504120Z x iPhoneOS16.5.sdk/usr/include/_types/_intmax_t.h
2026-06-03T08:46:48.8504190Z x iPhoneOS16.5.sdk/usr/include/float.h
2026-06-03T08:46:48.8504830Z x iPhoneOS16.5.sdk/usr/include/corpses/
2026-06-03T08:46:48.8504930Z x iPhoneOS16.5.sdk/usr/include/corpses/task_corpse.h
2026-06-03T08:46:48.8505100Z x iPhoneOS16.5.sdk/usr/include/strings.h
2026-06-03T08:46:48.8505170Z x iPhoneOS16.5.sdk/usr/include/printf.h
2026-06-03T08:46:48.8505230Z x iPhoneOS16.5.sdk/usr/include/unistd.h
2026-06-03T08:46:48.8505300Z x iPhoneOS16.5.sdk/usr/include/fts.h
2026-06-03T08:46:48.8505370Z x iPhoneOS16.5.sdk/usr/include/_types.h
2026-06-03T08:46:48.8505450Z x iPhoneOS16.5.sdk/usr/include/gethostuuid.h
2026-06-03T08:46:48.8505520Z x iPhoneOS16.5.sdk/usr/include/locale.h
2026-06-03T08:46:48.8505590Z x iPhoneOS16.5.sdk/usr/include/paths.h
2026-06-03T08:46:48.8505650Z x iPhoneOS16.5.sdk/usr/include/_stdio.h
2026-06-03T08:46:48.8505750Z x iPhoneOS16.5.sdk/usr/include/SystemHealthManager.h
2026-06-03T08:46:48.8505940Z x iPhoneOS16.5.sdk/usr/include/darwin_c_xlocale.modulemap
2026-06-03T08:46:48.8506020Z x iPhoneOS16.5.sdk/usr/include/ctype.h
2026-06-03T08:46:48.8506090Z x iPhoneOS16.5.sdk/usr/include/crt_externs.h
2026-06-03T08:46:48.8506160Z x iPhoneOS16.5.sdk/usr/include/zlib.h
2026-06-03T08:46:48.8506230Z x iPhoneOS16.5.sdk/usr/include/search.h
2026-06-03T08:46:48.8506300Z x iPhoneOS16.5.sdk/usr/include/memory.h
2026-06-03T08:46:48.8506430Z x iPhoneOS16.5.sdk/usr/include/syslog.h
2026-06-03T08:46:48.8506490Z x iPhoneOS16.5.sdk/usr/include/resolv.h
2026-06-03T08:46:48.8506570Z x iPhoneOS16.5.sdk/usr/include/compression.h
2026-06-03T08:46:48.8506640Z x iPhoneOS16.5.sdk/usr/include/pthread.h
2026-06-03T08:46:48.8506710Z x iPhoneOS16.5.sdk/usr/include/cache.h
2026-06-03T08:46:48.8506780Z x iPhoneOS16.5.sdk/usr/include/unicode/
2026-06-03T08:46:48.8506860Z x iPhoneOS16.5.sdk/usr/include/unicode/parseerr.h
2026-06-03T08:46:48.8506950Z x iPhoneOS16.5.sdk/usr/include/unicode/utypes.h
2026-06-03T08:46:48.8507030Z x iPhoneOS16.5.sdk/usr/include/unicode/uvernum.h
2026-06-03T08:46:48.8507220Z x iPhoneOS16.5.sdk/usr/include/unicode/module.modulemap
2026-06-03T08:46:48.8507300Z x iPhoneOS16.5.sdk/usr/include/unicode/ptypes.h
2026-06-03T08:46:48.8507400Z x iPhoneOS16.5.sdk/usr/include/unicode/localpointer.h
2026-06-03T08:46:48.8507540Z x iPhoneOS16.5.sdk/usr/include/unicode/putil.h
2026-06-03T08:46:48.8507630Z x iPhoneOS16.5.sdk/usr/include/unicode/uidna.h
2026-06-03T08:46:48.8507720Z x iPhoneOS16.5.sdk/usr/include/unicode/platform.h
2026-06-03T08:46:48.8507800Z x iPhoneOS16.5.sdk/usr/include/unicode/ustring.h
2026-06-03T08:46:48.8507880Z x iPhoneOS16.5.sdk/usr/include/unicode/utext.h
2026-06-03T08:46:48.8508040Z x iPhoneOS16.5.sdk/usr/include/unicode/urename.h
2026-06-03T08:46:48.8508660Z x iPhoneOS16.5.sdk/usr/include/unicode/stringoptions.h
2026-06-03T08:46:48.8508750Z x iPhoneOS16.5.sdk/usr/include/unicode/utf8.h
2026-06-03T08:46:48.8508830Z x iPhoneOS16.5.sdk/usr/include/unicode/ucpmap.h
2026-06-03T08:46:48.8508910Z x iPhoneOS16.5.sdk/usr/include/unicode/uiter.h
2026-06-03T08:46:48.8508990Z x iPhoneOS16.5.sdk/usr/include/unicode/utf_old.h
2026-06-03T08:46:48.8509070Z x iPhoneOS16.5.sdk/usr/include/unicode/uregex.h
2026-06-03T08:46:48.8509150Z x iPhoneOS16.5.sdk/usr/include/unicode/uchar.h
2026-06-03T08:46:48.8509240Z x iPhoneOS16.5.sdk/usr/include/unicode/uversion.h
2026-06-03T08:46:48.8509320Z x iPhoneOS16.5.sdk/usr/include/unicode/utf.h
2026-06-03T08:46:48.8509490Z x iPhoneOS16.5.sdk/usr/include/unicode/uconfig.h
2026-06-03T08:46:48.8509570Z x iPhoneOS16.5.sdk/usr/include/unicode/umachine.h
2026-06-03T08:46:48.8509650Z x iPhoneOS16.5.sdk/usr/include/unicode/utf16.h
2026-06-03T08:46:48.8509730Z x iPhoneOS16.5.sdk/usr/include/wordexp.h
2026-06-03T08:46:48.8509790Z x iPhoneOS16.5.sdk/usr/include/assert.h
2026-06-03T08:46:48.8509870Z x iPhoneOS16.5.sdk/usr/include/pthread_impl.h
2026-06-03T08:46:48.8509950Z x iPhoneOS16.5.sdk/usr/include/execinfo.h
2026-06-03T08:46:48.8510010Z x iPhoneOS16.5.sdk/usr/include/ifaddrs.h
2026-06-03T08:46:48.8510090Z x iPhoneOS16.5.sdk/usr/include/expat.h
2026-06-03T08:46:48.8510150Z x iPhoneOS16.5.sdk/usr/include/secure/
2026-06-03T08:46:48.8510230Z x iPhoneOS16.5.sdk/usr/include/secure/_string.h
2026-06-03T08:46:48.8510320Z x iPhoneOS16.5.sdk/usr/include/secure/_strings.h
2026-06-03T08:46:48.8510390Z x iPhoneOS16.5.sdk/usr/include/secure/_stdio.h
2026-06-03T08:46:48.8510480Z x iPhoneOS16.5.sdk/usr/include/secure/_common.h
2026-06-03T08:46:48.8510540Z x iPhoneOS16.5.sdk/usr/include/stdint.h
2026-06-03T08:46:48.8510620Z x iPhoneOS16.5.sdk/usr/include/sqlite3.h
2026-06-03T08:46:48.8510680Z x iPhoneOS16.5.sdk/usr/include/_regex.h
2026-06-03T08:46:48.8510750Z x iPhoneOS16.5.sdk/usr/include/setjmp.h
2026-06-03T08:46:48.8510850Z x iPhoneOS16.5.sdk/usr/include/sys__pthread.modulemap
2026-06-03T08:46:48.8510940Z x iPhoneOS16.5.sdk/usr/include/libunwind.modulemap
2026-06-03T08:46:48.8511010Z x iPhoneOS16.5.sdk/usr/include/ucontext.h
2026-06-03T08:46:48.8511080Z x iPhoneOS16.5.sdk/usr/include/rpcsvc/
2026-06-03T08:46:48.8511160Z x iPhoneOS16.5.sdk/usr/include/rpcsvc/rusers.h
2026-06-03T08:46:48.8511240Z x iPhoneOS16.5.sdk/usr/include/rpcsvc/nfs_prot.h
2026-06-03T08:46:48.8511310Z x iPhoneOS16.5.sdk/usr/include/rpcsvc/yp.h
2026-06-03T08:46:48.8511390Z x iPhoneOS16.5.sdk/usr/include/rpcsvc/sm_inter.h
2026-06-03T08:46:48.8511470Z x iPhoneOS16.5.sdk/usr/include/rpcsvc/rex.h
2026-06-03T08:46:48.8511550Z x iPhoneOS16.5.sdk/usr/include/rpcsvc/rnusers.h
2026-06-03T08:46:48.8511710Z x iPhoneOS16.5.sdk/usr/include/rpcsvc/spray.h
2026-06-03T08:46:48.8511790Z x iPhoneOS16.5.sdk/usr/include/rpcsvc/rwall.h
2026-06-03T08:46:48.8511870Z x iPhoneOS16.5.sdk/usr/include/rpcsvc/mount.h
2026-06-03T08:46:48.8511950Z x iPhoneOS16.5.sdk/usr/include/rpcsvc/nlm_prot.h
2026-06-03T08:46:48.8512050Z x iPhoneOS16.5.sdk/usr/include/rpcsvc/bootparam_prot.h
2026-06-03T08:46:48.8512130Z x iPhoneOS16.5.sdk/usr/include/rpcsvc/rquota.h
2026-06-03T08:46:48.8512210Z x iPhoneOS16.5.sdk/usr/include/rpcsvc/rstat.h
2026-06-03T08:46:48.8512290Z x iPhoneOS16.5.sdk/usr/include/rpcsvc/yppasswd.h
2026-06-03T08:46:48.8512370Z x iPhoneOS16.5.sdk/usr/include/rpcsvc/klm_prot.h
2026-06-03T08:46:48.8512440Z x iPhoneOS16.5.sdk/usr/include/objc/
2026-06-03T08:46:48.8512510Z x iPhoneOS16.5.sdk/usr/include/objc/objc.h
2026-06-03T08:46:48.8512650Z x iPhoneOS16.5.sdk/usr/include/objc/objc-sync.h
2026-06-03T08:46:48.8520790Z x iPhoneOS16.5.sdk/usr/include/objc/NSObjCRuntime.h
2026-06-03T08:46:48.8521560Z x iPhoneOS16.5.sdk/usr/include/objc/runtime.h
2026-06-03T08:46:48.8521730Z x iPhoneOS16.5.sdk/usr/include/objc/objc-exception.h
2026-06-03T08:46:48.8521830Z x iPhoneOS16.5.sdk/usr/include/objc/module.modulemap
2026-06-03T08:46:48.8521920Z x iPhoneOS16.5.sdk/usr/include/objc/objc-api.h
2026-06-03T08:46:48.8522010Z x iPhoneOS16.5.sdk/usr/include/objc/objc-auto.h
2026-06-03T08:46:48.8522090Z x iPhoneOS16.5.sdk/usr/include/objc/message.h
2026-06-03T08:46:48.8522170Z x iPhoneOS16.5.sdk/usr/include/objc/NSObject.h
2026-06-03T08:46:48.8522280Z x iPhoneOS16.5.sdk/usr/include/objc/ObjectiveC.apinotes
2026-06-03T08:46:48.8522350Z x iPhoneOS16.5.sdk/usr/include/libDER/
2026-06-03T08:46:48.8522450Z x iPhoneOS16.5.sdk/usr/include/libDER/libDER_config.h
2026-06-03T08:46:48.8522530Z x iPhoneOS16.5.sdk/usr/include/libDER/DERItem.h
2026-06-03T08:46:48.8522600Z x iPhoneOS16.5.sdk/usr/include/dns_sd.h
2026-06-03T08:46:48.8522670Z x iPhoneOS16.5.sdk/usr/include/netinet/
2026-06-03T08:46:48.8522750Z x iPhoneOS16.5.sdk/usr/include/netinet/ip6.h
2026-06-03T08:46:48.8522830Z x iPhoneOS16.5.sdk/usr/include/netinet/in.h
2026-06-03T08:46:48.8522910Z x iPhoneOS16.5.sdk/usr/include/netinet/tcp_var.h
2026-06-03T08:46:48.8523000Z x iPhoneOS16.5.sdk/usr/include/netinet/in_systm.h
2026-06-03T08:46:48.8523080Z x iPhoneOS16.5.sdk/usr/include/netinet/icmp6.h
2026-06-03T08:46:48.8523150Z x iPhoneOS16.5.sdk/usr/include/netinet/ip.h
2026-06-03T08:46:48.8523240Z x iPhoneOS16.5.sdk/usr/include/netinet/in_pcb.h
2026-06-03T08:46:48.8523320Z x iPhoneOS16.5.sdk/usr/include/netinet/tcp_timer.h
2026-06-03T08:46:48.8523410Z x iPhoneOS16.5.sdk/usr/include/netinet/ip_icmp.h
2026-06-03T08:46:48.8523480Z x iPhoneOS16.5.sdk/usr/include/netinet/tcp.h
2026-06-03T08:46:48.8523560Z x iPhoneOS16.5.sdk/usr/include/netinet/udp.h
2026-06-03T08:46:48.8523640Z x iPhoneOS16.5.sdk/usr/include/_types.modulemap
2026-06-03T08:46:48.8523720Z x iPhoneOS16.5.sdk/usr/include/limits.h
2026-06-03T08:46:48.8523780Z x iPhoneOS16.5.sdk/usr/include/dirent.h
2026-06-03T08:46:48.8523850Z x iPhoneOS16.5.sdk/usr/include/db.h
2026-06-03T08:46:48.8523920Z x iPhoneOS16.5.sdk/usr/include/sandbox.h
2026-06-03T08:46:48.8524020Z x iPhoneOS16.5.sdk/usr/include/SystemHealthClient.h
2026-06-03T08:46:48.8524090Z x iPhoneOS16.5.sdk/usr/include/voucher/
2026-06-03T08:46:48.8524230Z x iPhoneOS16.5.sdk/usr/include/voucher/ipc_pthread_priority_types.h
2026-06-03T08:46:48.8524310Z x iPhoneOS16.5.sdk/usr/include/unwind_itanium.h
2026-06-03T08:46:48.8524390Z x iPhoneOS16.5.sdk/usr/include/kcdata.modulemap
2026-06-03T08:46:48.8524470Z x iPhoneOS16.5.sdk/usr/include/string_x86.h
2026-06-03T08:46:48.8524530Z x iPhoneOS16.5.sdk/usr/include/mach-o/
2026-06-03T08:46:48.8524610Z x iPhoneOS16.5.sdk/usr/include/mach-o/loader.h
2026-06-03T08:46:48.8524720Z x iPhoneOS16.5.sdk/usr/include/mach-o/module.modulemap
2026-06-03T08:46:48.8524790Z x iPhoneOS16.5.sdk/usr/include/mach-o/reloc.h
2026-06-03T08:46:48.8524890Z x iPhoneOS16.5.sdk/usr/include/mach-o/dyld_images.h
2026-06-03T08:46:48.8524960Z x iPhoneOS16.5.sdk/usr/include/mach-o/arm/
2026-06-03T08:46:48.8525150Z x iPhoneOS16.5.sdk/usr/include/mach-o/arm/reloc.h
2026-06-03T08:46:48.8525230Z x iPhoneOS16.5.sdk/usr/include/mach-o/arm64/
2026-06-03T08:46:48.8525330Z x iPhoneOS16.5.sdk/usr/include/mach-o/arm64/reloc.h
2026-06-03T08:46:48.8525410Z x iPhoneOS16.5.sdk/usr/include/mach-o/ldsyms.h
2026-06-03T08:46:48.8525500Z x iPhoneOS16.5.sdk/usr/include/mach-o/dyld.modulemap
2026-06-03T08:46:48.8525580Z x iPhoneOS16.5.sdk/usr/include/mach-o/utils.h
2026-06-03T08:46:48.8525660Z x iPhoneOS16.5.sdk/usr/include/mach-o/nlist.h
2026-06-03T08:46:48.8525730Z x iPhoneOS16.5.sdk/usr/include/mach-o/stab.h
2026-06-03T08:46:48.8525880Z x iPhoneOS16.5.sdk/usr/include/mach-o/compact_unwind_encoding.modulemap
2026-06-03T08:46:48.8525980Z x iPhoneOS16.5.sdk/usr/include/mach-o/fixup-chains.h
2026-06-03T08:46:48.8526060Z x iPhoneOS16.5.sdk/usr/include/mach-o/getsect.h
2026-06-03T08:46:48.8526280Z x iPhoneOS16.5.sdk/usr/include/mach-o/compact_unwind_encoding.h
2026-06-03T08:46:48.8526360Z x iPhoneOS16.5.sdk/usr/include/mach-o/arch.h
2026-06-03T08:46:48.8526430Z x iPhoneOS16.5.sdk/usr/include/mach-o/fat.h
2026-06-03T08:46:48.8526510Z x iPhoneOS16.5.sdk/usr/include/mach-o/ranlib.h
2026-06-03T08:46:48.8526590Z x iPhoneOS16.5.sdk/usr/include/mach-o/dyld.h
2026-06-03T08:46:48.8526670Z x iPhoneOS16.5.sdk/usr/include/mach-o/swap.h
2026-06-03T08:46:48.8526730Z x iPhoneOS16.5.sdk/usr/include/util.h
2026-06-03T08:46:48.8526800Z x iPhoneOS16.5.sdk/usr/share/
2026-06-03T08:46:48.8526860Z x iPhoneOS16.5.sdk/usr/share/sandbox/
2026-06-03T08:46:48.8526960Z x iPhoneOS16.5.sdk/usr/share/sandbox/playground.sb
2026-06-03T08:46:48.8527020Z x iPhoneOS16.5.sdk/usr/lib/
2026-06-03T08:46:48.8527100Z x iPhoneOS16.5.sdk/usr/lib/libMobileGestalt.tbd
2026-06-03T08:46:48.8527190Z x iPhoneOS16.5.sdk/usr/lib/libAWDProtobufGCK.tbd
2026-06-03T08:46:48.8527260Z x iPhoneOS16.5.sdk/usr/lib/libsp.tbd
2026-06-03T08:46:48.8527340Z x iPhoneOS16.5.sdk/usr/lib/libgermantok.tbd
2026-06-03T08:46:48.8527440Z x iPhoneOS16.5.sdk/usr/lib/libAWDProtobufFacetime.tbd
2026-06-03T08:46:48.8527520Z x iPhoneOS16.5.sdk/usr/lib/libedit.tbd
2026-06-03T08:46:48.8527580Z x iPhoneOS16.5.sdk/usr/lib/liblzma.5.tbd
2026-06-03T08:46:48.8527660Z x iPhoneOS16.5.sdk/usr/lib/libipconfig.tbd
2026-06-03T08:46:48.8527740Z x iPhoneOS16.5.sdk/usr/lib/libPPMDataModel.tbd
2026-06-03T08:46:48.8527810Z x iPhoneOS16.5.sdk/usr/lib/libextension.tbd
2026-06-03T08:46:48.8527890Z x iPhoneOS16.5.sdk/usr/lib/libiconv.2.4.0.tbd
2026-06-03T08:46:48.8527990Z x iPhoneOS16.5.sdk/usr/lib/libCoreEntitlements.tbd
2026-06-03T08:46:48.8528070Z x iPhoneOS16.5.sdk/usr/lib/libTiSerialFlasher.tbd
2026-06-03T08:46:48.8528140Z x iPhoneOS16.5.sdk/usr/lib/libIOABP.tbd
2026-06-03T08:46:48.8528220Z x iPhoneOS16.5.sdk/usr/lib/libHDLCDynamic.tbd
2026-06-03T08:46:48.8528300Z x iPhoneOS16.5.sdk/usr/lib/libamsupport.tbd
2026-06-03T08:46:48.8528380Z x iPhoneOS16.5.sdk/usr/lib/libAccessibility.tbd
2026-06-03T08:46:48.8528450Z x iPhoneOS16.5.sdk/usr/lib/libobjc.A.tbd
2026-06-03T08:46:48.8528540Z x iPhoneOS16.5.sdk/usr/lib/libapple_nghttp2.tbd
2026-06-03T08:46:48.8528620Z x iPhoneOS16.5.sdk/usr/lib/libcoreroutine.tbd
2026-06-03T08:46:48.8528700Z x iPhoneOS16.5.sdk/usr/lib/libsysdiagnose.tbd
2026-06-03T08:46:48.8528770Z x iPhoneOS16.5.sdk/usr/lib/libgmalloc.tbd
2026-06-03T08:46:48.8528880Z x iPhoneOS16.5.sdk/usr/lib/libmav_ipc_router_dynamic.tbd
2026-06-03T08:46:48.8528950Z x iPhoneOS16.5.sdk/usr/lib/libexpat.1.tbd
2026-06-03T08:46:48.8529030Z x iPhoneOS16.5.sdk/usr/lib/libsystemstats.tbd
2026-06-03T08:46:48.8529110Z x iPhoneOS16.5.sdk/usr/lib/libeasyperf.tbd
2026-06-03T08:46:48.8529210Z x iPhoneOS16.5.sdk/usr/lib/libpartition2_dynamic.tbd
2026-06-03T08:46:48.8529340Z x iPhoneOS16.5.sdk/usr/lib/libAWDProtobufFacetimeiMessage.tbd
2026-06-03T08:46:48.8529400Z x iPhoneOS16.5.sdk/usr/lib/libTLE.tbd
2026-06-03T08:46:48.8529480Z x iPhoneOS16.5.sdk/usr/lib/libpoll.tbd
2026-06-03T08:46:48.8529600Z x iPhoneOS16.5.sdk/usr/lib/libRemoteTelephonyTransport.tbd
2026-06-03T08:46:48.8529680Z x iPhoneOS16.5.sdk/usr/lib/libETLDynamic.tbd
2026-06-03T08:46:48.8529830Z x iPhoneOS16.5.sdk/usr/lib/libETLDLOADDynamic.tbd
2026-06-03T08:46:48.8529900Z x iPhoneOS16.5.sdk/usr/lib/libPPM.tbd
2026-06-03T08:46:48.8529970Z x iPhoneOS16.5.sdk/usr/lib/libsqlite3.tbd
2026-06-03T08:46:48.8530050Z x iPhoneOS16.5.sdk/usr/lib/libICEClient.tbd
2026-06-03T08:46:48.8530120Z x iPhoneOS16.5.sdk/usr/lib/libH5Dynamic.tbd
2026-06-03T08:46:48.8530220Z x iPhoneOS16.5.sdk/usr/lib/libReverseProxyDevice.tbd
2026-06-03T08:46:48.8530300Z x iPhoneOS16.5.sdk/usr/lib/libLeaksAtExit.tbd
2026-06-03T08:46:48.8530380Z x iPhoneOS16.5.sdk/usr/lib/libcryptex_core.tbd
2026-06-03T08:46:48.8530490Z x iPhoneOS16.5.sdk/usr/lib/libETLDIAGLoggingDynamic.tbd
2026-06-03T08:46:48.8530570Z x iPhoneOS16.5.sdk/usr/lib/libAHTRestore.tbd
2026-06-03T08:46:48.8530640Z x iPhoneOS16.5.sdk/usr/lib/libusrtcp.tbd
2026-06-03T08:46:48.8530710Z x iPhoneOS16.5.sdk/usr/lib/ACIPCBTLib.tbd
2026-06-03T08:46:48.8530840Z x iPhoneOS16.5.sdk/usr/lib/libAppleSSEExt.tbd
2026-06-03T08:46:48.8530920Z x iPhoneOS16.5.sdk/usr/lib/libicucore.tbd
2026-06-03T08:46:48.8531000Z x iPhoneOS16.5.sdk/usr/lib/libdns_services.tbd
2026-06-03T08:46:48.8531070Z x iPhoneOS16.5.sdk/usr/lib/libCoreKE.tbd
2026-06-03T08:46:48.8531130Z x iPhoneOS16.5.sdk/usr/lib/libarchive.tbd
2026-06-03T08:46:48.8531210Z x iPhoneOS16.5.sdk/usr/lib/libsandbox.1.tbd
2026-06-03T08:46:48.8531280Z x iPhoneOS16.5.sdk/usr/lib/libMTLCapture.tbd
2026-06-03T08:46:48.8531420Z x iPhoneOS16.5.sdk/usr/lib/libresolv.9.tbd
2026-06-03T08:46:48.8531500Z x iPhoneOS16.5.sdk/usr/lib/libSystem.B_asan.tbd
2026-06-03T08:46:48.8531600Z x iPhoneOS16.5.sdk/usr/lib/libBasebandManagerICE.tbd
2026-06-03T08:46:48.8531680Z x iPhoneOS16.5.sdk/usr/lib/libenergytrace.tbd
2026-06-03T08:46:48.8531760Z x iPhoneOS16.5.sdk/usr/lib/libnfshared.tbd
2026-06-03T08:46:48.8531820Z x iPhoneOS16.5.sdk/usr/lib/libmd.tbd
2026-06-03T08:46:48.8531900Z x iPhoneOS16.5.sdk/usr/lib/libnwswifttls.tbd
2026-06-03T08:46:48.8531970Z x iPhoneOS16.5.sdk/usr/lib/libxslt.1.tbd
2026-06-03T08:46:48.8532030Z x iPhoneOS16.5.sdk/usr/lib/libFDR.tbd
2026-06-03T08:46:48.8532110Z x iPhoneOS16.5.sdk/usr/lib/libxml2.2.tbd
2026-06-03T08:46:48.8532180Z x iPhoneOS16.5.sdk/usr/lib/libBKDM2.tbd
2026-06-03T08:46:48.8532270Z x iPhoneOS16.5.sdk/usr/lib/libllvm-flatbuffers.tbd
2026-06-03T08:46:48.8532330Z x iPhoneOS16.5.sdk/usr/lib/libdbm.tbd
2026-06-03T08:46:48.8532430Z x iPhoneOS16.5.sdk/usr/lib/libobjc-trampolines.tbd
2026-06-03T08:46:48.8532520Z x iPhoneOS16.5.sdk/usr/lib/libARIServer.tbd
2026-06-03T08:46:48.8532600Z x iPhoneOS16.5.sdk/usr/lib/libcompression.tbd
2026-06-03T08:46:48.8532680Z x iPhoneOS16.5.sdk/usr/lib/libCRFSuite.tbd
2026-06-03T08:46:48.8532740Z x iPhoneOS16.5.sdk/usr/lib/libktrace.tbd
2026-06-03T08:46:48.8532830Z x iPhoneOS16.5.sdk/usr/lib/libxpc_datastores.tbd
2026-06-03T08:46:48.8532920Z x iPhoneOS16.5.sdk/usr/lib/libnetworkextension.tbd
2026-06-03T08:46:48.8532990Z x iPhoneOS16.5.sdk/usr/lib/libdpfu.tbd
2026-06-03T08:46:48.8533060Z x iPhoneOS16.5.sdk/usr/lib/libutil.tbd
2026-06-03T08:46:48.8533140Z x iPhoneOS16.5.sdk/usr/lib/libRoseBooter.tbd
2026-06-03T08:46:48.8533210Z x iPhoneOS16.5.sdk/usr/lib/libz.1.2.8.tbd
2026-06-03T08:46:48.8533310Z x iPhoneOS16.5.sdk/usr/lib/libcmark-gfm.tbd
2026-06-03T08:46:48.8533400Z x iPhoneOS16.5.sdk/usr/lib/libAudioStatistics.tbd
2026-06-03T08:46:48.8533500Z x iPhoneOS16.5.sdk/usr/lib/libcryptex_trampoline.tbd
2026-06-03T08:46:48.8533570Z x iPhoneOS16.5.sdk/usr/lib/libIOACIPC.tbd
2026-06-03T08:46:48.8533640Z x iPhoneOS16.5.sdk/usr/lib/libz.1.1.3.tbd
2026-06-03T08:46:48.8533710Z x iPhoneOS16.5.sdk/usr/lib/libtidy.A.tbd
2026-06-03T08:46:48.8533810Z x iPhoneOS16.5.sdk/usr/lib/libParallelCompression.tbd
2026-06-03T08:46:48.8533880Z x iPhoneOS16.5.sdk/usr/lib/libexslt.tbd
2026-06-03T08:46:48.8533960Z x iPhoneOS16.5.sdk/usr/lib/libDHCPServer.A.tbd
2026-06-03T08:46:48.8534030Z x iPhoneOS16.5.sdk/usr/lib/libc++.tbd
2026-06-03T08:46:48.8534100Z x iPhoneOS16.5.sdk/usr/lib/libsqlite3.0.tbd
2026-06-03T08:46:48.8534190Z x iPhoneOS16.5.sdk/usr/lib/libWirelessAudioIPC.tbd
2026-06-03T08:46:48.8534270Z x iPhoneOS16.5.sdk/usr/lib/libsandbox.tbd
2026-06-03T08:46:48.8534390Z x iPhoneOS16.5.sdk/usr/lib/libinfo.tbd
2026-06-03T08:46:48.8534490Z x iPhoneOS16.5.sdk/usr/lib/libBasebandDiagnostic.tbd
2026-06-03T08:46:48.8534620Z x iPhoneOS16.5.sdk/usr/lib/libTelephonyBasebandDynamic.tbd
2026-06-03T08:46:48.8534680Z x iPhoneOS16.5.sdk/usr/lib/libmecab.tbd
2026-06-03T08:46:48.8534750Z x iPhoneOS16.5.sdk/usr/lib/libsysmon.tbd
2026-06-03T08:46:48.8534820Z x iPhoneOS16.5.sdk/usr/lib/libllvm-lmdb.tbd
2026-06-03T08:46:48.8534900Z x iPhoneOS16.5.sdk/usr/lib/libz.1.2.11.tbd
2026-06-03T08:46:48.8534980Z x iPhoneOS16.5.sdk/usr/lib/libFosl_dynamic.tbd
2026-06-03T08:46:48.8535040Z x iPhoneOS16.5.sdk/usr/lib/libmis.tbd
2026-06-03T08:46:48.8535120Z x iPhoneOS16.5.sdk/usr/lib/libnetquality.tbd
2026-06-03T08:46:48.8535220Z x iPhoneOS16.5.sdk/usr/lib/libAudioToolboxUtility.tbd
2026-06-03T08:46:48.8535340Z x iPhoneOS16.5.sdk/usr/lib/librpcsvc.tbd
2026-06-03T08:46:48.8535410Z x iPhoneOS16.5.sdk/usr/lib/libobjc.tbd
2026-06-03T08:46:48.8535490Z x iPhoneOS16.5.sdk/usr/lib/libform.5.4.tbd
2026-06-03T08:46:48.8535560Z x iPhoneOS16.5.sdk/usr/lib/libfire2.tbd
2026-06-03T08:46:48.8535630Z x iPhoneOS16.5.sdk/usr/lib/libPN548_API.tbd
2026-06-03T08:46:48.8535700Z x iPhoneOS16.5.sdk/usr/lib/libdscsym.tbd
2026-06-03T08:46:48.8536440Z x iPhoneOS16.5.sdk/usr/lib/libMemoryResourceException.tbd
2026-06-03T08:46:48.8537550Z x iPhoneOS16.5.sdk/usr/lib/libMTLHud.tbd
2026-06-03T08:46:48.8538260Z x iPhoneOS16.5.sdk/usr/lib/libmarisa.tbd
2026-06-03T08:46:48.8539120Z x iPhoneOS16.5.sdk/usr/lib/libTelephonyUSBDynamic.tbd
2026-06-03T08:46:48.8540070Z x iPhoneOS16.5.sdk/usr/lib/libarchive.2.tbd
2026-06-03T08:46:48.8544390Z x iPhoneOS16.5.sdk/usr/lib/libAWDSupport.tbd
2026-06-03T08:46:48.8546260Z x iPhoneOS16.5.sdk/usr/lib/libTelephonyIOKitDynamic.tbd
2026-06-03T08:46:48.8546530Z x iPhoneOS16.5.sdk/usr/lib/libSMC.tbd
2026-06-03T08:46:48.8550560Z x iPhoneOS16.5.sdk/usr/lib/libBasebandManager.tbd
2026-06-03T08:46:48.8551380Z x iPhoneOS16.5.sdk/usr/lib/libETLDMCDynamic.tbd
2026-06-03T08:46:48.8552190Z x iPhoneOS16.5.sdk/usr/lib/libThreadExternalCommissioner.tbd
2026-06-03T08:46:48.8552680Z x iPhoneOS16.5.sdk/usr/lib/libz.1.2.5.tbd
2026-06-03T08:46:48.8553760Z x iPhoneOS16.5.sdk/usr/lib/libETLDLOADCoreDumpDynamic.tbd
2026-06-03T08:46:48.8554460Z x iPhoneOS16.5.sdk/usr/lib/libInFieldCollection.tbd
2026-06-03T08:46:48.8555220Z x iPhoneOS16.5.sdk/usr/lib/libskit.tbd
2026-06-03T08:46:48.8556110Z x iPhoneOS16.5.sdk/usr/lib/libipsec.A.tbd
2026-06-03T08:46:48.8556920Z x iPhoneOS16.5.sdk/usr/lib/libBasebandCommandDriversARI.tbd
2026-06-03T08:46:48.8558270Z x iPhoneOS16.5.sdk/usr/lib/libThaiTokenizer.tbd
2026-06-03T08:46:48.8558860Z x iPhoneOS16.5.sdk/usr/lib/libcryptex_interface.tbd
2026-06-03T08:46:48.8559690Z x iPhoneOS16.5.sdk/usr/lib/libspindump.tbd
2026-06-03T08:46:48.8575900Z x iPhoneOS16.5.sdk/usr/lib/libAWDProtobufBluetooth.tbd
2026-06-03T08:46:48.8576650Z x iPhoneOS16.5.sdk/usr/lib/libate.tbd
2026-06-03T08:46:48.8577640Z x iPhoneOS16.5.sdk/usr/lib/libAudioIssueDetector.tbd
2026-06-03T08:46:48.8578570Z x iPhoneOS16.5.sdk/usr/lib/libresolv.tbd
2026-06-03T08:46:48.8579420Z x iPhoneOS16.5.sdk/usr/lib/libfire3.tbd
2026-06-03T08:46:48.8580360Z x iPhoneOS16.5.sdk/usr/lib/libcryptex.tbd
2026-06-03T08:46:48.8581240Z x iPhoneOS16.5.sdk/usr/lib/libAppleArchive.tbd
2026-06-03T08:46:48.8582080Z x iPhoneOS16.5.sdk/usr/lib/libCTGreenTeaLogger.tbd
2026-06-03T08:46:48.8583010Z x iPhoneOS16.5.sdk/usr/lib/libMobileCheckpoint.tbd
2026-06-03T08:46:48.8584070Z x iPhoneOS16.5.sdk/usr/lib/libAppleHIDSWDFlash.tbd
2026-06-03T08:46:48.8584850Z x iPhoneOS16.5.sdk/usr/lib/libtzupdate.tbd
2026-06-03T08:46:48.8585440Z x iPhoneOS16.5.sdk/usr/lib/libedit.3.0.tbd
2026-06-03T08:46:48.8586180Z x iPhoneOS16.5.sdk/usr/lib/libBASupport.tbd
2026-06-03T08:46:48.8596450Z x iPhoneOS16.5.sdk/usr/lib/libSystem.B.tbd
2026-06-03T08:46:48.8596690Z x iPhoneOS16.5.sdk/usr/lib/libcoretls_cfhelpers.tbd
2026-06-03T08:46:48.8596980Z x iPhoneOS16.5.sdk/usr/lib/libAXSafeCategoryBundle.tbd
2026-06-03T08:46:48.8597350Z x iPhoneOS16.5.sdk/usr/lib/libMTLToolsDiagnostics.tbd
2026-06-03T08:46:48.8598070Z x iPhoneOS16.5.sdk/usr/lib/libbz2.1.0.tbd
2026-06-03T08:46:48.8604170Z x iPhoneOS16.5.sdk/usr/lib/liblockdown.tbd
2026-06-03T08:46:48.8604720Z x iPhoneOS16.5.sdk/usr/lib/libmecabra.tbd
2026-06-03T08:46:48.8605980Z x iPhoneOS16.5.sdk/usr/lib/libMatch.1.tbd
2026-06-03T08:46:48.8606550Z x iPhoneOS16.5.sdk/usr/lib/libDHCPServer.tbd
2026-06-03T08:46:48.8607110Z x iPhoneOS16.5.sdk/usr/lib/libcurses.tbd
2026-06-03T08:46:48.8607910Z x iPhoneOS16.5.sdk/usr/lib/libUSBTransport.tbd
2026-06-03T08:46:48.8608710Z x iPhoneOS16.5.sdk/usr/lib/libmenu.5.4.tbd
2026-06-03T08:46:48.8614470Z x iPhoneOS16.5.sdk/usr/lib/libBasebandCapabilities.tbd
2026-06-03T08:46:48.8614560Z x iPhoneOS16.5.sdk/usr/lib/libNFC_HAL.tbd
2026-06-03T08:46:48.8615430Z x iPhoneOS16.5.sdk/usr/lib/libz.1.tbd
2026-06-03T08:46:48.8615920Z x iPhoneOS16.5.sdk/usr/lib/libpanel.tbd
2026-06-03T08:46:48.8624610Z x iPhoneOS16.5.sdk/usr/lib/libTelephonyUtilDynamic.tbd
2026-06-03T08:46:48.8624850Z x iPhoneOS16.5.sdk/usr/lib/libproc.tbd
2026-06-03T08:46:48.8625390Z x iPhoneOS16.5.sdk/usr/lib/libSystem.tbd
2026-06-03T08:46:48.8625830Z x iPhoneOS16.5.sdk/usr/lib/libtidy.tbd
2026-06-03T08:46:48.8633360Z x iPhoneOS16.5.sdk/usr/lib/libATCommandStudioDynamic.tbd
2026-06-03T08:46:48.8634090Z x iPhoneOS16.5.sdk/usr/lib/libtailspin.tbd
2026-06-03T08:46:48.8638280Z x iPhoneOS16.5.sdk/usr/lib/libomadm.tbd
2026-06-03T08:46:48.8638750Z x iPhoneOS16.5.sdk/usr/lib/libbsm.tbd
2026-06-03T08:46:48.8638940Z x iPhoneOS16.5.sdk/usr/lib/libnfrestore.tbd
2026-06-03T08:46:48.8661980Z x iPhoneOS16.5.sdk/usr/lib/libAWDProtobufLocation.tbd
2026-06-03T08:46:48.8685930Z x iPhoneOS16.5.sdk/usr/lib/libETLSAHDynamic.tbd
2026-06-03T08:46:48.8750800Z x iPhoneOS16.5.sdk/usr/lib/libauthinstall.tbd
2026-06-03T08:46:48.8751030Z x iPhoneOS16.5.sdk/usr/lib/libFDRDecode.tbd
2026-06-03T08:46:48.8751220Z x iPhoneOS16.5.sdk/usr/lib/libprotobuf-lite.tbd
2026-06-03T08:46:48.8751420Z x iPhoneOS16.5.sdk/usr/lib/libprotobuf.tbd
2026-06-03T08:46:48.8751650Z x iPhoneOS16.5.sdk/usr/lib/libSystemHealth.tbd
2026-06-03T08:46:48.8751840Z x iPhoneOS16.5.sdk/usr/lib/libacmobileshim.tbd
2026-06-03T08:46:48.8798540Z x iPhoneOS16.5.sdk/usr/lib/libboringssl.tbd
2026-06-03T08:46:48.8798740Z x iPhoneOS16.5.sdk/usr/lib/libedit.2.tbd
2026-06-03T08:46:48.8798940Z x iPhoneOS16.5.sdk/usr/lib/libcharset.1.0.0.tbd
2026-06-03T08:46:48.8799110Z x iPhoneOS16.5.sdk/usr/lib/libmrc.tbd
2026-06-03T08:46:48.8799320Z x iPhoneOS16.5.sdk/usr/lib/libBBUpdaterDynamic_stubs.tbd
2026-06-03T08:46:48.8900470Z x iPhoneOS16.5.sdk/usr/lib/libtermcap.tbd
2026-06-03T08:46:48.8923680Z x iPhoneOS16.5.sdk/usr/lib/libcoretls.tbd
2026-06-03T08:46:48.8954780Z x iPhoneOS16.5.sdk/usr/lib/libUSBCfwflasher.tbd
2026-06-03T08:46:48.9056140Z x iPhoneOS16.5.sdk/usr/lib/swift/
2026-06-03T08:46:48.9156270Z x iPhoneOS16.5.sdk/usr/lib/swift/Speech.swiftmodule/
2026-06-03T08:46:48.9256950Z x iPhoneOS16.5.sdk/usr/lib/swift/Speech.swiftmodule/arm64e-apple-ios.swiftdoc
2026-06-03T08:46:48.9292840Z x iPhoneOS16.5.sdk/usr/lib/swift/Speech.swiftmodule/arm64-apple-ios.swiftdoc
2026-06-03T08:46:48.9344730Z x iPhoneOS16.5.sdk/usr/lib/swift/Speech.swiftmodule/arm64e-apple-ios.swiftinterface
2026-06-03T08:46:48.9345050Z x iPhoneOS16.5.sdk/usr/lib/swift/Speech.swiftmodule/arm64-apple-ios.swiftinterface
2026-06-03T08:46:48.9345270Z x iPhoneOS16.5.sdk/usr/lib/swift/libswiftDataDetection.tbd
2026-06-03T08:46:48.9345460Z x iPhoneOS16.5.sdk/usr/lib/swift/libswiftos.tbd
2026-06-03T08:46:48.9345670Z x iPhoneOS16.5.sdk/usr/lib/swift/libswiftDemangle.tbd
2026-06-03T08:46:48.9345860Z x iPhoneOS16.5.sdk/usr/lib/swift/Metal.swiftmodule/
2026-06-03T08:46:48.9346120Z x iPhoneOS16.5.sdk/usr/lib/swift/Metal.swiftmodule/arm64e-apple-ios.swiftdoc
2026-06-03T08:46:48.9346380Z x iPhoneOS16.5.sdk/usr/lib/swift/Metal.swiftmodule/arm64-apple-ios.swiftdoc
2026-06-03T08:46:48.9346670Z x iPhoneOS16.5.sdk/usr/lib/swift/Metal.swiftmodule/arm64e-apple-ios.swiftinterface
2026-06-03T08:46:48.9346970Z x iPhoneOS16.5.sdk/usr/lib/swift/Metal.swiftmodule/arm64-apple-ios.swiftinterface
2026-06-03T08:46:48.9347420Z x iPhoneOS16.5.sdk/usr/lib/swift/ARKit.swiftmodule/
2026-06-03T08:46:48.9347710Z x iPhoneOS16.5.sdk/usr/lib/swift/ARKit.swiftmodule/arm64e-apple-ios.swiftdoc
2026-06-03T08:46:48.9347960Z x iPhoneOS16.5.sdk/usr/lib/swift/ARKit.swiftmodule/arm64-apple-ios.swiftdoc
2026-06-03T08:46:48.9449360Z x iPhoneOS16.5.sdk/usr/lib/swift/ARKit.swiftmodule/arm64e-apple-ios.swiftinterface
2026-06-03T08:46:48.9461070Z x iPhoneOS16.5.sdk/usr/lib/swift/ARKit.swiftmodule/arm64-apple-ios.swiftinterface
2026-06-03T08:46:48.9464720Z x iPhoneOS16.5.sdk/usr/lib/swift/libswiftCoreFoundation.tbd
2026-06-03T08:46:48.9469530Z x iPhoneOS16.5.sdk/usr/lib/swift/Spatial.swiftmodule/
2026-06-03T08:46:48.9481770Z x iPhoneOS16.5.sdk/usr/lib/swift/Spatial.swiftmodule/arm64e-apple-ios.swiftdoc
2026-06-03T08:46:48.9496590Z x iPhoneOS16.5.sdk/usr/lib/swift/Spatial.swiftmodule/arm64-apple-ios.swiftdoc
2026-06-03T08:46:48.9509420Z x iPhoneOS16.5.sdk/usr/lib/swift/Spatial.swiftmodule/arm64e-apple-ios.swiftinterface
2026-06-03T08:46:48.9514740Z x iPhoneOS16.5.sdk/usr/lib/swift/Spatial.swiftmodule/arm64-apple-ios.swiftinterface
2026-06-03T08:46:48.9515440Z x iPhoneOS16.5.sdk/usr/lib/swift/MLCompute.swiftmodule/
2026-06-03T08:46:48.9515720Z x iPhoneOS16.5.sdk/usr/lib/swift/MLCompute.swiftmodule/arm64e-apple-ios.swiftdoc
2026-06-03T08:46:48.9515990Z x iPhoneOS16.5.sdk/usr/lib/swift/MLCompute.swiftmodule/arm64-apple-ios.swiftdoc
2026-06-03T08:46:48.9516280Z x iPhoneOS16.5.sdk/usr/lib/swift/MLCompute.swiftmodule/arm64e-apple-ios.swiftinterface
2026-06-03T08:46:48.9519940Z x iPhoneOS16.5.sdk/usr/lib/swift/MLCompute.swiftmodule/arm64-apple-ios.swiftinterface
2026-06-03T08:46:48.9521670Z x iPhoneOS16.5.sdk/usr/lib/swift/libswiftSoundAnalysis_Private.tbd
2026-06-03T08:46:48.9528210Z x iPhoneOS16.5.sdk/usr/lib/swift/libswiftCore.tbd
2026-06-03T08:46:48.9539000Z x iPhoneOS16.5.sdk/usr/lib/swift/CoreGraphics.swiftmodule/
2026-06-03T08:46:48.9543550Z x iPhoneOS16.5.sdk/usr/lib/swift/CoreGraphics.swiftmodule/arm64e-apple-ios.swiftdoc
2026-06-03T08:46:48.9549550Z x iPhoneOS16.5.sdk/usr/lib/swift/CoreGraphics.swiftmodule/arm64-apple-ios.swiftdoc
2026-06-03T08:46:48.9561900Z x iPhoneOS16.5.sdk/usr/lib/swift/CoreGraphics.swiftmodule/arm64e-apple-ios.swiftinterface
2026-06-03T08:46:48.9566340Z x iPhoneOS16.5.sdk/usr/lib/swift/CoreGraphics.swiftmodule/arm64-apple-ios.swiftinterface
2026-06-03T08:46:48.9571900Z x iPhoneOS16.5.sdk/usr/lib/swift/libswiftVision.tbd
2026-06-03T08:46:48.9573330Z x iPhoneOS16.5.sdk/usr/lib/swift/libswiftDarwin.tbd
2026-06-03T08:46:48.9576590Z x iPhoneOS16.5.sdk/usr/lib/swift/PhotosUI.swiftmodule/
2026-06-03T08:46:48.9586660Z x iPhoneOS16.5.sdk/usr/lib/swift/PhotosUI.swiftmodule/arm64e-apple-ios.swiftdoc
2026-06-03T08:46:48.9590800Z x iPhoneOS16.5.sdk/usr/lib/swift/PhotosUI.swiftmodule/arm64-apple-ios.swiftdoc
2026-06-03T08:46:48.9594020Z x iPhoneOS16.5.sdk/usr/lib/swift/PhotosUI.swiftmodule/arm64e-apple-ios.swiftinterface
2026-06-03T08:46:48.9600500Z x iPhoneOS16.5.sdk/usr/lib/swift/PhotosUI.swiftmodule/arm64-apple-ios.swiftinterface
2026-06-03T08:46:48.9606490Z x iPhoneOS16.5.sdk/usr/lib/swift/libswiftFileProvider.tbd
2026-06-03T08:46:48.9609520Z x iPhoneOS16.5.sdk/usr/lib/swift/libswiftGLKit.tbd
2026-06-03T08:46:48.9616250Z x iPhoneOS16.5.sdk/usr/lib/swift/libswiftMetalKit.tbd
2026-06-03T08:46:48.9621140Z x iPhoneOS16.5.sdk/usr/lib/swift/simd.swiftmodule/
2026-06-03T08:46:48.9627270Z x iPhoneOS16.5.sdk/usr/lib/swift/simd.swiftmodule/arm64e-apple-ios.swiftdoc
2026-06-03T08:46:48.9641040Z x iPhoneOS16.5.sdk/usr/lib/swift/simd.swiftmodule/arm64-apple-ios.swiftdoc
2026-06-03T08:46:48.9686760Z x iPhoneOS16.5.sdk/usr/lib/swift/simd.swiftmodule/arm64e-apple-ios.swiftinterface
2026-06-03T08:46:48.9723810Z x iPhoneOS16.5.sdk/usr/lib/swift/simd.swiftmodule/arm64-apple-ios.swiftinterface
2026-06-03T08:46:48.9901450Z x iPhoneOS16.5.sdk/usr/lib/swift/CoreFoundation.swiftmodule/
2026-06-03T08:46:49.0060970Z x iPhoneOS16.5.sdk/usr/lib/swift/CoreFoundation.swiftmodule/arm64e-apple-ios.swiftdoc
2026-06-03T08:46:49.0228550Z x iPhoneOS16.5.sdk/usr/lib/swift/CoreFoundation.swiftmodule/arm64-apple-ios.swiftdoc
2026-06-03T08:46:49.0394730Z x iPhoneOS16.5.sdk/usr/lib/swift/CoreFoundation.swiftmodule/arm64e-apple-ios.swiftinterface
2026-06-03T08:46:49.0514820Z x iPhoneOS16.5.sdk/usr/lib/swift/CoreFoundation.swiftmodule/arm64-apple-ios.swiftinterface
2026-06-03T08:46:49.0624890Z x iPhoneOS16.5.sdk/usr/lib/swift/NearbyInteraction.swiftmodule/
2026-06-03T08:46:49.0726120Z x iPhoneOS16.5.sdk/usr/lib/swift/NearbyInteraction.swiftmodule/arm64e-apple-ios.swiftdoc
2026-06-03T08:46:49.0828240Z x iPhoneOS16.5.sdk/usr/lib/swift/NearbyInteraction.swiftmodule/arm64-apple-ios.swiftdoc
2026-06-03T08:46:49.0932520Z x iPhoneOS16.5.sdk/usr/lib/swift/NearbyInteraction.swiftmodule/arm64e-apple-ios.swiftinterface
2026-06-03T08:46:49.1056450Z x iPhoneOS16.5.sdk/usr/lib/swift/NearbyInteraction.swiftmodule/arm64-apple-ios.swiftinterface
2026-06-03T08:46:49.1157730Z x iPhoneOS16.5.sdk/usr/lib/swift/~libswiftPencilKit.tbd
2026-06-03T08:46:49.1258550Z x iPhoneOS16.5.sdk/usr/lib/swift/libswiftDistributed.tbd
2026-06-03T08:46:49.1359630Z x iPhoneOS16.5.sdk/usr/lib/swift/libswiftContacts.tbd
2026-06-03T08:46:49.1477890Z x iPhoneOS16.5.sdk/usr/lib/swift/libswiftSwiftOnoneSupport.tbd
2026-06-03T08:46:49.1604710Z x iPhoneOS16.5.sdk/usr/lib/swift/SceneKit.swiftmodule/
2026-06-03T08:46:49.1706040Z x iPhoneOS16.5.sdk/usr/lib/swift/SceneKit.swiftmodule/arm64e-apple-ios.swiftdoc
2026-06-03T08:46:49.1818790Z x iPhoneOS16.5.sdk/usr/lib/swift/SceneKit.swiftmodule/arm64-apple-ios.swiftdoc
2026-06-03T08:46:49.1929290Z x iPhoneOS16.5.sdk/usr/lib/swift/SceneKit.swiftmodule/arm64e-apple-ios.swiftinterface
2026-06-03T08:46:49.2030810Z x iPhoneOS16.5.sdk/usr/lib/swift/SceneKit.swiftmodule/arm64-apple-ios.swiftinterface
2026-06-03T08:46:49.2141900Z x iPhoneOS16.5.sdk/usr/lib/swift/libswiftCompression.tbd
2026-06-03T08:46:49.2243310Z x iPhoneOS16.5.sdk/usr/lib/swift/libswiftExtensionFoundation.tbd
2026-06-03T08:46:49.2344550Z x iPhoneOS16.5.sdk/usr/lib/swift/HomeKit.swiftmodule/
2026-06-03T08:46:49.2445550Z x iPhoneOS16.5.sdk/usr/lib/swift/HomeKit.swiftmodule/arm64e-apple-ios.swiftdoc
2026-06-03T08:46:49.2546630Z x iPhoneOS16.5.sdk/usr/lib/swift/HomeKit.swiftmodule/arm64-apple-ios.swiftdoc
2026-06-03T08:46:49.2647930Z x iPhoneOS16.5.sdk/usr/lib/swift/HomeKit.swiftmodule/arm64e-apple-ios.swiftinterface
2026-06-03T08:46:49.2749120Z x iPhoneOS16.5.sdk/usr/lib/swift/HomeKit.swiftmodule/arm64-apple-ios.swiftinterface
2026-06-03T08:46:49.2850300Z x iPhoneOS16.5.sdk/usr/lib/swift/libswiftOSLog.tbd
2026-06-03T08:46:49.2951300Z x iPhoneOS16.5.sdk/usr/lib/swift/ShazamKit.swiftmodule/
2026-06-03T08:46:49.3052350Z x iPhoneOS16.5.sdk/usr/lib/swift/ShazamKit.swiftmodule/arm64e-apple-ios.swiftdoc
2026-06-03T08:46:49.3153540Z x iPhoneOS16.5.sdk/usr/lib/swift/ShazamKit.swiftmodule/arm64-apple-ios.swiftdoc
2026-06-03T08:46:49.3254670Z x iPhoneOS16.5.sdk/usr/lib/swift/ShazamKit.swiftmodule/arm64e-apple-ios.swiftinterface
2026-06-03T08:46:49.3355980Z x iPhoneOS16.5.sdk/usr/lib/swift/ShazamKit.swiftmodule/arm64-apple-ios.swiftinterface
2026-06-03T08:46:49.3457220Z x iPhoneOS16.5.sdk/usr/lib/swift/System.swiftmodule/
2026-06-03T08:46:49.3558490Z x iPhoneOS16.5.sdk/usr/lib/swift/System.swiftmodule/arm64e-apple-ios.swiftdoc
2026-06-03T08:46:49.3659850Z x iPhoneOS16.5.sdk/usr/lib/swift/System.swiftmodule/arm64-apple-ios.swiftdoc
2026-06-03T08:46:49.3761170Z x iPhoneOS16.5.sdk/usr/lib/swift/System.swiftmodule/arm64e-apple-ios.swiftinterface
2026-06-03T08:46:49.3862330Z x iPhoneOS16.5.sdk/usr/lib/swift/System.swiftmodule/arm64-apple-ios.swiftinterface
2026-06-03T08:46:49.3963410Z x iPhoneOS16.5.sdk/usr/lib/swift/ModelIO.swiftmodule/
2026-06-03T08:46:49.4064700Z x iPhoneOS16.5.sdk/usr/lib/swift/ModelIO.swiftmodule/arm64e-apple-ios.swiftdoc
2026-06-03T08:46:49.4170710Z x iPhoneOS16.5.sdk/usr/lib/swift/ModelIO.swiftmodule/arm64-apple-ios.swiftdoc
2026-06-03T08:46:49.4271810Z x iPhoneOS16.5.sdk/usr/lib/swift/ModelIO.swiftmodule/arm64e-apple-ios.swiftinterface
2026-06-03T08:46:49.4373110Z x iPhoneOS16.5.sdk/usr/lib/swift/ModelIO.swiftmodule/arm64-apple-ios.swiftinterface
2026-06-03T08:46:49.4418210Z x iPhoneOS16.5.sdk/usr/lib/swift/QuartzCore.swiftmodule/
2026-06-03T08:46:49.4518700Z x iPhoneOS16.5.sdk/usr/lib/swift/QuartzCore.swiftmodule/arm64e-apple-ios.swiftdoc
2026-06-03T08:46:49.4619320Z x iPhoneOS16.5.sdk/usr/lib/swift/QuartzCore.swiftmodule/arm64-apple-ios.swiftdoc
2026-06-03T08:46:49.4719880Z x iPhoneOS16.5.sdk/usr/lib/swift/QuartzCore.swiftmodule/arm64e-apple-ios.swiftinterface
2026-06-03T08:46:49.4820490Z x iPhoneOS16.5.sdk/usr/lib/swift/QuartzCore.swiftmodule/arm64-apple-ios.swiftinterface
2026-06-03T08:46:49.4921150Z x iPhoneOS16.5.sdk/usr/lib/swift/Swift.swiftmodule/
2026-06-03T08:46:49.5021610Z x iPhoneOS16.5.sdk/usr/lib/swift/Swift.swiftmodule/arm64e-apple-ios.swiftdoc
2026-06-03T08:46:49.5122280Z x iPhoneOS16.5.sdk/usr/lib/swift/Swift.swiftmodule/arm64-apple-ios.swiftdoc
2026-06-03T08:46:49.5222910Z x iPhoneOS16.5.sdk/usr/lib/swift/Swift.swiftmodule/arm64e-apple-ios.swiftinterface
2026-06-03T08:46:49.5323760Z x iPhoneOS16.5.sdk/usr/lib/swift/Swift.swiftmodule/Swift.opt.bitstream
2026-06-03T08:46:49.5424090Z x iPhoneOS16.5.sdk/usr/lib/swift/Swift.swiftmodule/arm64-apple-ios.swiftinterface
2026-06-03T08:46:49.5524750Z x iPhoneOS16.5.sdk/usr/lib/swift/CallKit.swiftmodule/
2026-06-03T08:46:49.5625280Z x iPhoneOS16.5.sdk/usr/lib/swift/CallKit.swiftmodule/arm64e-apple-ios.swiftdoc
2026-06-03T08:46:49.5725970Z x iPhoneOS16.5.sdk/usr/lib/swift/CallKit.swiftmodule/arm64-apple-ios.swiftdoc
2026-06-03T08:46:49.5826670Z x iPhoneOS16.5.sdk/usr/lib/swift/CallKit.swiftmodule/arm64e-apple-ios.swiftinterface
2026-06-03T08:46:49.5927200Z x iPhoneOS16.5.sdk/usr/lib/swift/CallKit.swiftmodule/arm64-apple-ios.swiftinterface
2026-06-03T08:46:49.6027840Z x iPhoneOS16.5.sdk/usr/lib/swift/FileProvider.swiftmodule/
2026-06-03T08:46:49.6128390Z x iPhoneOS16.5.sdk/usr/lib/swift/FileProvider.swiftmodule/arm64e-apple-ios.swiftdoc
2026-06-03T08:46:49.6229210Z x iPhoneOS16.5.sdk/usr/lib/swift/FileProvider.swiftmodule/arm64-apple-ios.swiftdoc
2026-06-03T08:46:49.6330320Z x iPhoneOS16.5.sdk/usr/lib/swift/FileProvider.swiftmodule/arm64e-apple-ios.swiftinterface
2026-06-03T08:46:49.6334670Z x iPhoneOS16.5.sdk/usr/lib/swift/FileProvider.swiftmodule/arm64-apple-ios.swiftinterface
2026-06-03T08:46:49.6335860Z x iPhoneOS16.5.sdk/usr/lib/swift/libswiftHealthKit.tbd
2026-06-03T08:46:49.6336270Z x iPhoneOS16.5.sdk/usr/lib/swift/CoreImage.swiftmodule/
2026-06-03T08:46:49.6336680Z x iPhoneOS16.5.sdk/usr/lib/swift/CoreImage.swiftmodule/arm64e-apple-ios.swiftdoc
2026-06-03T08:46:49.6344220Z x iPhoneOS16.5.sdk/usr/lib/swift/CoreImage.swiftmodule/arm64-apple-ios.swiftdoc
2026-06-03T08:46:49.6344740Z x iPhoneOS16.5.sdk/usr/lib/swift/CoreImage.swiftmodule/arm64e-apple-ios.swiftinterface
2026-06-03T08:46:49.6345310Z x iPhoneOS16.5.sdk/usr/lib/swift/CoreImage.swiftmodule/arm64-apple-ios.swiftinterface
2026-06-03T08:46:49.6345760Z x iPhoneOS16.5.sdk/usr/lib/swift/libswiftUIKit.tbd
2026-06-03T08:46:49.6346100Z x iPhoneOS16.5.sdk/usr/lib/swift/libswiftPassKit.tbd
2026-06-03T08:46:49.6346410Z x iPhoneOS16.5.sdk/usr/lib/swift/libswiftMetricKit.tbd
2026-06-03T08:46:49.6346770Z x iPhoneOS16.5.sdk/usr/lib/swift/libswiftCryptoTokenKit.tbd
2026-06-03T08:46:49.6347100Z x iPhoneOS16.5.sdk/usr/lib/swift/libswiftSceneKit.tbd
2026-06-03T08:46:49.6347410Z x iPhoneOS16.5.sdk/usr/lib/swift/libswiftCoreGraphics.tbd
2026-06-03T08:46:49.6347750Z x iPhoneOS16.5.sdk/usr/lib/swift/NaturalLanguage.swiftmodule/
2026-06-03T08:46:49.6348190Z x iPhoneOS16.5.sdk/usr/lib/swift/NaturalLanguage.swiftmodule/arm64e-apple-ios.swiftdoc
2026-06-03T08:46:49.6348730Z x iPhoneOS16.5.sdk/usr/lib/swift/NaturalLanguage.swiftmodule/arm64-apple-ios.swiftdoc
2026-06-03T08:46:49.6349350Z x iPhoneOS16.5.sdk/usr/lib/swift/NaturalLanguage.swiftmodule/arm64e-apple-ios.swiftinterface
2026-06-03T08:46:49.6349930Z x iPhoneOS16.5.sdk/usr/lib/swift/NaturalLanguage.swiftmodule/arm64-apple-ios.swiftinterface
2026-06-03T08:46:49.6350380Z x iPhoneOS16.5.sdk/usr/lib/swift/AVFoundation.swiftmodule/
2026-06-03T08:46:49.6351190Z x iPhoneOS16.5.sdk/usr/lib/swift/AVFoundation.swiftmodule/arm64e-apple-ios.swiftdoc
2026-06-03T08:46:49.6351700Z x iPhoneOS16.5.sdk/usr/lib/swift/AVFoundation.swiftmodule/arm64-apple-ios.swiftdoc
2026-06-03T08:46:49.6352190Z x iPhoneOS16.5.sdk/usr/lib/swift/AVFoundation.swiftmodule/arm64e-apple-ios.swiftinterface
2026-06-03T08:46:49.6352710Z x iPhoneOS16.5.sdk/usr/lib/swift/AVFoundation.swiftmodule/arm64-apple-ios.swiftinterface
2026-06-03T08:46:49.6353090Z x iPhoneOS16.5.sdk/usr/lib/swift/libswiftWebKit.tbd
2026-06-03T08:46:49.6353370Z x iPhoneOS16.5.sdk/usr/lib/swift/libswiftCoreML.tbd
2026-06-03T08:46:49.6353670Z x iPhoneOS16.5.sdk/usr/lib/swift/libswiftNaturalLanguage.tbd
2026-06-03T08:46:49.6354020Z x iPhoneOS16.5.sdk/usr/lib/swift/Intents.swiftmodule/
2026-06-03T08:46:49.6354370Z x iPhoneOS16.5.sdk/usr/lib/swift/Intents.swiftmodule/arm64e-apple-ios.swiftdoc
2026-06-03T08:46:49.6354800Z x iPhoneOS16.5.sdk/usr/lib/swift/Intents.swiftmodule/arm64-apple-ios.swiftdoc
2026-06-03T08:46:49.6355430Z x iPhoneOS16.5.sdk/usr/lib/swift/Intents.swiftmodule/arm64e-apple-ios.swiftinterface
2026-06-03T08:46:49.6356020Z x iPhoneOS16.5.sdk/usr/lib/swift/Intents.swiftmodule/arm64-apple-ios.swiftinterface
2026-06-03T08:46:49.6356440Z x iPhoneOS16.5.sdk/usr/lib/swift/libswiftHealthKit_Private.tbd
2026-06-03T08:46:49.6356790Z x iPhoneOS16.5.sdk/usr/lib/swift/libswiftSpriteKit.tbd
2026-06-03T08:46:49.6357090Z x iPhoneOS16.5.sdk/usr/lib/swift/UIKit.swiftmodule/
2026-06-03T08:46:49.6357470Z x iPhoneOS16.5.sdk/usr/lib/swift/UIKit.swiftmodule/arm64e-apple-ios.swiftdoc
2026-06-03T08:46:49.6357930Z x iPhoneOS16.5.sdk/usr/lib/swift/UIKit.swiftmodule/arm64-apple-ios.swiftdoc
2026-06-03T08:46:49.6358410Z x iPhoneOS16.5.sdk/usr/lib/swift/UIKit.swiftmodule/arm64e-apple-ios.swiftinterface
2026-06-03T08:46:49.6358910Z x iPhoneOS16.5.sdk/usr/lib/swift/UIKit.swiftmodule/arm64-apple-ios.swiftinterface
2026-06-03T08:46:49.6359340Z x iPhoneOS16.5.sdk/usr/lib/swift/libswift_RegexParser.tbd
2026-06-03T08:46:49.6359720Z x iPhoneOS16.5.sdk/usr/lib/swift/_StringProcessing.swiftmodule/
2026-06-03T08:46:49.6360190Z x iPhoneOS16.5.sdk/usr/lib/swift/_StringProcessing.swiftmodule/arm64e-apple-ios.swiftdoc
2026-06-03T08:46:49.6360710Z x iPhoneOS16.5.sdk/usr/lib/swift/_StringProcessing.swiftmodule/arm64-apple-ios.swiftdoc
2026-06-03T08:46:49.6361270Z x iPhoneOS16.5.sdk/usr/lib/swift/_StringProcessing.swiftmodule/_StringProcessing.opt.bitstream
2026-06-03T08:46:49.6361870Z x iPhoneOS16.5.sdk/usr/lib/swift/_StringProcessing.swiftmodule/arm64e-apple-ios.swiftinterface
2026-06-03T08:46:49.6362450Z x iPhoneOS16.5.sdk/usr/lib/swift/_StringProcessing.swiftmodule/arm64-apple-ios.swiftinterface
2026-06-03T08:46:49.6362890Z x iPhoneOS16.5.sdk/usr/lib/swift/libswiftSystem_Foundation.tbd
2026-06-03T08:46:49.6363250Z x iPhoneOS16.5.sdk/usr/lib/swift/libswiftRemoteMirror.tbd
2026-06-03T08:46:49.6363570Z x iPhoneOS16.5.sdk/usr/lib/swift/libswiftCoreMedia.tbd
2026-06-03T08:46:49.6363890Z x iPhoneOS16.5.sdk/usr/lib/swift/Network.swiftmodule/
2026-06-03T08:46:49.6364240Z x iPhoneOS16.5.sdk/usr/lib/swift/Network.swiftmodule/arm64e-apple-ios.swiftdoc
2026-06-03T08:46:49.6364720Z x iPhoneOS16.5.sdk/usr/lib/swift/Network.swiftmodule/arm64-apple-ios.swiftdoc
2026-06-03T08:46:49.6365160Z x iPhoneOS16.5.sdk/usr/lib/swift/Network.swiftmodule/arm64e-apple-ios.swiftinterface
2026-06-03T08:46:49.6365610Z x iPhoneOS16.5.sdk/usr/lib/swift/Network.swiftmodule/arm64-apple-ios.swiftinterface
2026-06-03T08:46:49.6365990Z x iPhoneOS16.5.sdk/usr/lib/swift/GameplayKit.swiftmodule/
2026-06-03T08:46:49.6366350Z x iPhoneOS16.5.sdk/usr/lib/swift/GameplayKit.swiftmodule/arm64e-apple-ios.swiftdoc
2026-06-03T08:46:49.6366900Z x iPhoneOS16.5.sdk/usr/lib/swift/GameplayKit.swiftmodule/arm64-apple-ios.swiftdoc
2026-06-03T08:46:49.6367360Z x iPhoneOS16.5.sdk/usr/lib/swift/GameplayKit.swiftmodule/arm64e-apple-ios.swiftinterface
2026-06-03T08:46:49.6367840Z x iPhoneOS16.5.sdk/usr/lib/swift/GameplayKit.swiftmodule/arm64-apple-ios.swiftinterface
2026-06-03T08:46:49.6368250Z x iPhoneOS16.5.sdk/usr/lib/swift/_System_Foundation.swiftmodule/
2026-06-03T08:46:49.6368750Z x iPhoneOS16.5.sdk/usr/lib/swift/_System_Foundation.swiftmodule/arm64e-apple-ios.swiftdoc
2026-06-03T08:46:49.6369220Z x iPhoneOS16.5.sdk/usr/lib/swift/_System_Foundation.swiftmodule/arm64-apple-ios.swiftdoc
2026-06-03T08:46:49.6369720Z x iPhoneOS16.5.sdk/usr/lib/swift/_System_Foundation.swiftmodule/arm64e-apple-ios.swiftinterface
2026-06-03T08:46:49.6370230Z x iPhoneOS16.5.sdk/usr/lib/swift/_System_Foundation.swiftmodule/arm64-apple-ios.swiftinterface
2026-06-03T08:46:49.6370620Z x iPhoneOS16.5.sdk/usr/lib/swift/libswiftPencilKit.tbd
2026-06-03T08:46:49.6370900Z x iPhoneOS16.5.sdk/usr/lib/swift/Darwin.swiftmodule/
2026-06-03T08:46:49.6371220Z x iPhoneOS16.5.sdk/usr/lib/swift/Darwin.swiftmodule/Darwin.opt.bitstream
2026-06-03T08:46:49.6371610Z x iPhoneOS16.5.sdk/usr/lib/swift/Darwin.swiftmodule/arm64e-apple-ios.swiftdoc
2026-06-03T08:46:49.6372020Z x iPhoneOS16.5.sdk/usr/lib/swift/Darwin.swiftmodule/arm64-apple-ios.swiftdoc
2026-06-03T08:46:49.6372540Z x iPhoneOS16.5.sdk/usr/lib/swift/Darwin.swiftmodule/arm64e-apple-ios.swiftinterface
2026-06-03T08:46:49.6373000Z x iPhoneOS16.5.sdk/usr/lib/swift/Darwin.swiftmodule/arm64-apple-ios.swiftinterface
2026-06-03T08:46:49.6373370Z x iPhoneOS16.5.sdk/usr/lib/swift/libswiftShazamKit.tbd
2026-06-03T08:46:49.6373690Z x iPhoneOS16.5.sdk/usr/lib/swift/libswiftAppleArchive.tbd
2026-06-03T08:46:49.6373980Z x iPhoneOS16.5.sdk/usr/lib/swift/libswift_Concurrency.tbd
2026-06-03T08:46:49.6374250Z x iPhoneOS16.5.sdk/usr/lib/swift/libswiftSystem.tbd
2026-06-03T08:46:49.6374530Z x iPhoneOS16.5.sdk/usr/lib/swift/libswiftDispatch.tbd
2026-06-03T08:46:49.6374800Z x iPhoneOS16.5.sdk/usr/lib/swift/MetricKit.swiftmodule/
2026-06-03T08:46:49.6375150Z x iPhoneOS16.5.sdk/usr/lib/swift/MetricKit.swiftmodule/arm64e-apple-ios.swiftdoc
2026-06-03T08:46:49.6375600Z x iPhoneOS16.5.sdk/usr/lib/swift/MetricKit.swiftmodule/arm64-apple-ios.swiftdoc
2026-06-03T08:46:49.6376070Z x iPhoneOS16.5.sdk/usr/lib/swift/MetricKit.swiftmodule/arm64e-apple-ios.swiftinterface
2026-06-03T08:46:49.6376540Z x iPhoneOS16.5.sdk/usr/lib/swift/MetricKit.swiftmodule/arm64-apple-ios.swiftinterface
2026-06-03T08:46:49.6376920Z x iPhoneOS16.5.sdk/usr/lib/swift/libswiftMLCompute.tbd
2026-06-03T08:46:49.6377190Z x iPhoneOS16.5.sdk/usr/lib/swift/libswiftCoreData.tbd
2026-06-03T08:46:49.6377490Z x iPhoneOS16.5.sdk/usr/lib/swift/libswiftNearbyInteraction.tbd
2026-06-03T08:46:49.6377790Z x iPhoneOS16.5.sdk/usr/lib/swift/WebKit.swiftmodule/
2026-06-03T08:46:49.6378130Z x iPhoneOS16.5.sdk/usr/lib/swift/WebKit.swiftmodule/arm64e-apple-ios.swiftdoc
2026-06-03T08:46:49.6378530Z x iPhoneOS16.5.sdk/usr/lib/swift/WebKit.swiftmodule/arm64-apple-ios.swiftdoc
2026-06-03T08:46:49.6378960Z x iPhoneOS16.5.sdk/usr/lib/swift/WebKit.swiftmodule/arm64e-apple-ios.swiftinterface
2026-06-03T08:46:49.6379400Z x iPhoneOS16.5.sdk/usr/lib/swift/WebKit.swiftmodule/arm64-apple-ios.swiftinterface
2026-06-03T08:46:49.6379770Z x iPhoneOS16.5.sdk/usr/lib/swift/CarPlay.swiftmodule/
2026-06-03T08:46:49.6380120Z x iPhoneOS16.5.sdk/usr/lib/swift/CarPlay.swiftmodule/arm64e-apple-ios.swiftdoc
2026-06-03T08:46:49.6380530Z x iPhoneOS16.5.sdk/usr/lib/swift/CarPlay.swiftmodule/arm64-apple-ios.swiftdoc
2026-06-03T08:46:49.6380960Z x iPhoneOS16.5.sdk/usr/lib/swift/CarPlay.swiftmodule/arm64e-apple-ios.swiftinterface
2026-06-03T08:46:49.6381410Z x iPhoneOS16.5.sdk/usr/lib/swift/CarPlay.swiftmodule/arm64-apple-ios.swiftinterface
2026-06-03T08:46:49.6381780Z x iPhoneOS16.5.sdk/usr/lib/swift/libswiftCoreAudio.tbd
2026-06-03T08:46:49.6382070Z x iPhoneOS16.5.sdk/usr/lib/swift/libswiftGameplayKit.tbd
2026-06-03T08:46:49.6382340Z x iPhoneOS16.5.sdk/usr/lib/swift/CoreML.swiftmodule/
2026-06-03T08:46:49.6382670Z x iPhoneOS16.5.sdk/usr/lib/swift/CoreML.swiftmodule/arm64e-apple-ios.swiftdoc
2026-06-03T08:46:49.6383080Z x iPhoneOS16.5.sdk/usr/lib/swift/CoreML.swiftmodule/arm64-apple-ios.swiftdoc
2026-06-03T08:46:49.6383510Z x iPhoneOS16.5.sdk/usr/lib/swift/CoreML.swiftmodule/arm64e-apple-ios.swiftinterface
2026-06-03T08:46:49.6384040Z x iPhoneOS16.5.sdk/usr/lib/swift/CoreML.swiftmodule/arm64-apple-ios.swiftinterface
2026-06-03T08:46:49.6384420Z x iPhoneOS16.5.sdk/usr/lib/swift/libswiftSpatial.tbd
2026-06-03T08:46:49.6384700Z x iPhoneOS16.5.sdk/usr/lib/swift/RegexBuilder.swiftmodule/
2026-06-03T08:46:49.6385080Z x iPhoneOS16.5.sdk/usr/lib/swift/RegexBuilder.swiftmodule/arm64e-apple-ios.swiftdoc
2026-06-03T08:46:49.6385520Z x iPhoneOS16.5.sdk/usr/lib/swift/RegexBuilder.swiftmodule/arm64-apple-ios.swiftdoc
2026-06-03T08:46:49.6385970Z x iPhoneOS16.5.sdk/usr/lib/swift/RegexBuilder.swiftmodule/RegexBuilder.opt.bitstream
2026-06-03T08:46:49.6386440Z x iPhoneOS16.5.sdk/usr/lib/swift/RegexBuilder.swiftmodule/arm64e-apple-ios.swiftinterface
2026-06-03T08:46:49.6386910Z x iPhoneOS16.5.sdk/usr/lib/swift/RegexBuilder.swiftmodule/arm64-apple-ios.swiftinterface
2026-06-03T08:46:49.6387290Z x iPhoneOS16.5.sdk/usr/lib/swift/libswiftMetal.tbd
2026-06-03T08:46:49.6387620Z x iPhoneOS16.5.sdk/usr/lib/swift/Accelerate.swiftmodule/
2026-06-03T08:46:49.6387980Z x iPhoneOS16.5.sdk/usr/lib/swift/Accelerate.swiftmodule/arm64e-apple-ios.swiftdoc
2026-06-03T08:46:49.6388360Z  95 16.6M   95 15.9M    0     0  4364k      0  0:00:03  0:00:03 --:--:-- 4874k
2026-06-03T08:46:49.6388740Z x iPhoneOS16.5.sdk/usr/lib/swift/Accelerate.swiftmodule/arm64-apple-ios.swiftdoc
2026-06-03T08:46:49.6389190Z x iPhoneOS16.5.sdk/usr/lib/swift/Accelerate.swiftmodule/arm64e-apple-ios.swiftinterface
2026-06-03T08:46:49.6389660Z x iPhoneOS16.5.sdk/usr/lib/swift/Accelerate.swiftmodule/arm64-apple-ios.swiftinterface
2026-06-03T08:46:49.6390050Z x iPhoneOS16.5.sdk/usr/lib/swift/System.swiftcrossimport/
2026-06-03T08:46:49.6390410Z x iPhoneOS16.5.sdk/usr/lib/swift/System.swiftcrossimport/Foundation.swiftoverlay
2026-06-03T08:46:49.6390760Z x iPhoneOS16.5.sdk/usr/lib/swift/libswiftsimd.tbd
2026-06-03T08:46:49.6391010Z x iPhoneOS16.5.sdk/usr/lib/swift/libswiftMapKit.tbd
2026-06-03T08:46:49.6391290Z x iPhoneOS16.5.sdk/usr/lib/swift/Compression.swiftmodule/
2026-06-03T08:46:49.6391660Z x iPhoneOS16.5.sdk/usr/lib/swift/Compression.swiftmodule/arm64e-apple-ios.swiftdoc
2026-06-03T08:46:49.6392100Z x iPhoneOS16.5.sdk/usr/lib/swift/Compression.swiftmodule/arm64-apple-ios.swiftdoc
2026-06-03T08:46:49.6392540Z x iPhoneOS16.5.sdk/usr/lib/swift/Compression.swiftmodule/arm64e-apple-ios.swiftinterface
2026-06-03T08:46:49.6393020Z x iPhoneOS16.5.sdk/usr/lib/swift/Compression.swiftmodule/arm64-apple-ios.swiftinterface
2026-06-03T08:46:49.6393400Z x iPhoneOS16.5.sdk/usr/lib/swift/libswiftIntents.tbd
2026-06-03T08:46:49.6393670Z x iPhoneOS16.5.sdk/usr/lib/swift/libswiftPhotosUI.tbd
2026-06-03T08:46:49.6393970Z x iPhoneOS16.5.sdk/usr/lib/swift/SoundAnalysis.swiftmodule/
2026-06-03T08:46:49.6394350Z x iPhoneOS16.5.sdk/usr/lib/swift/SoundAnalysis.swiftmodule/arm64e-apple-ios.swiftdoc
2026-06-03T08:46:49.6394800Z x iPhoneOS16.5.sdk/usr/lib/swift/SoundAnalysis.swiftmodule/arm64-apple-ios.swiftdoc
2026-06-03T08:46:49.6395270Z x iPhoneOS16.5.sdk/usr/lib/swift/SoundAnalysis.swiftmodule/arm64e-apple-ios.swiftinterface
2026-06-03T08:46:49.6395840Z x iPhoneOS16.5.sdk/usr/lib/swift/SoundAnalysis.swiftmodule/arm64-apple-ios.swiftinterface
2026-06-03T08:46:49.6396230Z x iPhoneOS16.5.sdk/usr/lib/swift/Contacts.swiftmodule/
2026-06-03T08:46:49.6396590Z x iPhoneOS16.5.sdk/usr/lib/swift/Contacts.swiftmodule/arm64e-apple-ios.swiftdoc
2026-06-03T08:46:49.6397010Z x iPhoneOS16.5.sdk/usr/lib/swift/Contacts.swiftmodule/arm64-apple-ios.swiftdoc
2026-06-03T08:46:49.6397440Z x iPhoneOS16.5.sdk/usr/lib/swift/Contacts.swiftmodule/arm64e-apple-ios.swiftinterface
2026-06-03T08:46:49.6397900Z x iPhoneOS16.5.sdk/usr/lib/swift/Contacts.swiftmodule/arm64-apple-ios.swiftinterface
2026-06-03T08:46:49.6398290Z x iPhoneOS16.5.sdk/usr/lib/swift/IdentityLookup.swiftmodule/
2026-06-03T08:46:49.6398680Z x iPhoneOS16.5.sdk/usr/lib/swift/IdentityLookup.swiftmodule/arm64e-apple-ios.swiftdoc
2026-06-03T08:46:49.6399140Z x iPhoneOS16.5.sdk/usr/lib/swift/IdentityLookup.swiftmodule/arm64-apple-ios.swiftdoc
2026-06-03T08:46:49.6399630Z x iPhoneOS16.5.sdk/usr/lib/swift/IdentityLookup.swiftmodule/arm64e-apple-ios.swiftinterface
2026-06-03T08:46:49.6400190Z x iPhoneOS16.5.sdk/usr/lib/swift/IdentityLookup.swiftmodule/arm64-apple-ios.swiftinterface
2026-06-03T08:46:49.6400610Z x iPhoneOS16.5.sdk/usr/lib/swift/Distributed.swiftmodule/
2026-06-03T08:46:49.6400980Z x iPhoneOS16.5.sdk/usr/lib/swift/Distributed.swiftmodule/arm64e-apple-ios.swiftdoc
2026-06-03T08:46:49.6401420Z x iPhoneOS16.5.sdk/usr/lib/swift/Distributed.swiftmodule/arm64-apple-ios.swiftdoc
2026-06-03T08:46:49.6401850Z x iPhoneOS16.5.sdk/usr/lib/swift/Distributed.swiftmodule/Distributed.opt.bitstream
2026-06-03T08:46:49.6402310Z x iPhoneOS16.5.sdk/usr/lib/swift/Distributed.swiftmodule/arm64e-apple-ios.swiftinterface
2026-06-03T08:46:49.6402780Z x iPhoneOS16.5.sdk/usr/lib/swift/Distributed.swiftmodule/arm64-apple-ios.swiftinterface
2026-06-03T08:46:49.6403190Z x iPhoneOS16.5.sdk/usr/lib/swift/CryptoTokenKit.swiftmodule/
2026-06-03T08:46:49.6403640Z x iPhoneOS16.5.sdk/usr/lib/swift/CryptoTokenKit.swiftmodule/arm64e-apple-ios.swiftdoc
2026-06-03T08:46:49.6404110Z x iPhoneOS16.5.sdk/usr/lib/swift/CryptoTokenKit.swiftmodule/arm64-apple-ios.swiftdoc
2026-06-03T08:46:49.6404580Z x iPhoneOS16.5.sdk/usr/lib/swift/CryptoTokenKit.swiftmodule/arm64e-apple-ios.swiftinterface
2026-06-03T08:46:49.6405080Z x iPhoneOS16.5.sdk/usr/lib/swift/CryptoTokenKit.swiftmodule/arm64-apple-ios.swiftinterface
2026-06-03T08:46:49.6405490Z x iPhoneOS16.5.sdk/usr/lib/swift/libswiftExtensionKit.tbd
2026-06-03T08:46:49.6405770Z x iPhoneOS16.5.sdk/usr/lib/swift/OSLog.swiftmodule/
2026-06-03T08:46:49.6406100Z x iPhoneOS16.5.sdk/usr/lib/swift/OSLog.swiftmodule/arm64e-apple-ios.swiftdoc
2026-06-03T08:46:49.6406510Z x iPhoneOS16.5.sdk/usr/lib/swift/OSLog.swiftmodule/arm64-apple-ios.swiftdoc
2026-06-03T08:46:49.6406920Z x iPhoneOS16.5.sdk/usr/lib/swift/OSLog.swiftmodule/arm64e-apple-ios.swiftinterface
2026-06-03T08:46:49.6407360Z x iPhoneOS16.5.sdk/usr/lib/swift/OSLog.swiftmodule/arm64-apple-ios.swiftinterface
2026-06-03T08:46:49.6407720Z x iPhoneOS16.5.sdk/usr/lib/swift/CoreAudio.swiftmodule/
2026-06-03T08:46:49.6408090Z x iPhoneOS16.5.sdk/usr/lib/swift/CoreAudio.swiftmodule/arm64e-apple-ios.swiftdoc
2026-06-03T08:46:49.6408510Z x iPhoneOS16.5.sdk/usr/lib/swift/CoreAudio.swiftmodule/arm64-apple-ios.swiftdoc
2026-06-03T08:46:49.6408950Z x iPhoneOS16.5.sdk/usr/lib/swift/CoreAudio.swiftmodule/arm64e-apple-ios.swiftinterface
2026-06-03T08:46:49.6409410Z x iPhoneOS16.5.sdk/usr/lib/swift/CoreAudio.swiftmodule/arm64-apple-ios.swiftinterface
2026-06-03T08:46:49.6409760Z x iPhoneOS16.5.sdk/usr/lib/swift/shims/
2026-06-03T08:46:49.6410010Z x iPhoneOS16.5.sdk/usr/lib/swift/shims/ThreadLocalStorage.h
2026-06-03T08:46:49.6410290Z x iPhoneOS16.5.sdk/usr/lib/swift/shims/Random.h
2026-06-03T08:46:49.6410540Z x iPhoneOS16.5.sdk/usr/lib/swift/shims/LibcShims.h
2026-06-03T08:46:49.6410800Z x iPhoneOS16.5.sdk/usr/lib/swift/shims/RuntimeShims.h
2026-06-03T08:46:49.6411080Z x iPhoneOS16.5.sdk/usr/lib/swift/shims/module.modulemap
2026-06-03T08:46:49.6411360Z x iPhoneOS16.5.sdk/usr/lib/swift/shims/MetadataSections.h
2026-06-03T08:46:49.6411640Z x iPhoneOS16.5.sdk/usr/lib/swift/shims/Reflection.h
2026-06-03T08:46:49.6411920Z x iPhoneOS16.5.sdk/usr/lib/swift/shims/AssertionReporting.h
2026-06-03T08:46:49.6412200Z x iPhoneOS16.5.sdk/usr/lib/swift/shims/Target.h
2026-06-03T08:46:49.6412450Z x iPhoneOS16.5.sdk/usr/lib/swift/shims/SwiftStddef.h
2026-06-03T08:46:49.6412720Z x iPhoneOS16.5.sdk/usr/lib/swift/shims/Visibility.h
2026-06-03T08:46:49.6412990Z x iPhoneOS16.5.sdk/usr/lib/swift/shims/LibcOverlayShims.h
2026-06-03T08:46:49.6413280Z x iPhoneOS16.5.sdk/usr/lib/swift/shims/OSOverlayShims.h
2026-06-03T08:46:49.6413560Z x iPhoneOS16.5.sdk/usr/lib/swift/shims/_SwiftConcurrency.h
2026-06-03T08:46:49.6413830Z x iPhoneOS16.5.sdk/usr/lib/swift/shims/System.h
2026-06-03T08:46:49.6414080Z x iPhoneOS16.5.sdk/usr/lib/swift/shims/UnicodeData.h
2026-06-03T08:46:49.6414340Z x iPhoneOS16.5.sdk/usr/lib/swift/shims/HeapObject.h
2026-06-03T08:46:49.6414630Z x iPhoneOS16.5.sdk/usr/lib/swift/shims/_SwiftDistributed.h
2026-06-03T08:46:49.6415000Z x iPhoneOS16.5.sdk/usr/lib/swift/shims/XPCOverlayShims.h
2026-06-03T08:46:49.6415290Z x iPhoneOS16.5.sdk/usr/lib/swift/shims/SwiftStdbool.h
2026-06-03T08:46:49.6415540Z x iPhoneOS16.5.sdk/usr/lib/swift/shims/KeyPath.h
2026-06-03T08:46:49.6415800Z x iPhoneOS16.5.sdk/usr/lib/swift/shims/SwiftStdint.h
2026-06-03T08:46:49.6416070Z x iPhoneOS16.5.sdk/usr/lib/swift/shims/RuntimeStubs.h
2026-06-03T08:46:49.6416360Z x iPhoneOS16.5.sdk/usr/lib/swift/shims/CoreFoundationShims.h
2026-06-03T08:46:49.6416660Z x iPhoneOS16.5.sdk/usr/lib/swift/shims/FoundationShims.h
2026-06-03T08:46:49.6416930Z x iPhoneOS16.5.sdk/usr/lib/swift/shims/GlobalObjects.h
2026-06-03T08:46:49.6417200Z x iPhoneOS16.5.sdk/usr/lib/swift/shims/RefCount.h
2026-06-03T08:46:49.6417450Z x iPhoneOS16.5.sdk/usr/lib/swift/libswiftModelIO.tbd
2026-06-03T08:46:49.6417730Z x iPhoneOS16.5.sdk/usr/lib/swift/PassKit.swiftmodule/
2026-06-03T08:46:49.6418120Z x iPhoneOS16.5.sdk/usr/lib/swift/PassKit.swiftmodule/arm64e-apple-ios.swiftdoc
2026-06-03T08:46:49.6418540Z x iPhoneOS16.5.sdk/usr/lib/swift/PassKit.swiftmodule/arm64-apple-ios.swiftdoc
2026-06-03T08:46:49.6418970Z x iPhoneOS16.5.sdk/usr/lib/swift/PassKit.swiftmodule/arm64e-apple-ios.swiftinterface
2026-06-03T08:46:49.6419430Z x iPhoneOS16.5.sdk/usr/lib/swift/PassKit.swiftmodule/arm64-apple-ios.swiftinterface
2026-06-03T08:46:49.6419800Z x iPhoneOS16.5.sdk/usr/lib/swift/libswiftQuartzCore.tbd
2026-06-03T08:46:49.6420070Z x iPhoneOS16.5.sdk/usr/lib/swift/libswiftARKit.tbd
2026-06-03T08:46:49.6420340Z x iPhoneOS16.5.sdk/usr/lib/swift/Dispatch.swiftmodule/
2026-06-03T08:46:49.6420690Z x iPhoneOS16.5.sdk/usr/lib/swift/Dispatch.swiftmodule/arm64e-apple-ios.swiftdoc
2026-06-03T08:46:49.6421110Z x iPhoneOS16.5.sdk/usr/lib/swift/Dispatch.swiftmodule/arm64-apple-ios.swiftdoc
2026-06-03T08:46:49.6421540Z x iPhoneOS16.5.sdk/usr/lib/swift/Dispatch.swiftmodule/arm64e-apple-ios.swiftinterface
2026-06-03T08:46:49.6422010Z x iPhoneOS16.5.sdk/usr/lib/swift/Dispatch.swiftmodule/arm64-apple-ios.swiftinterface
2026-06-03T08:46:49.6422430Z x iPhoneOS16.5.sdk/usr/lib/swift/UniformTypeIdentifiers.swiftmodule/
2026-06-03T08:46:49.6422880Z x iPhoneOS16.5.sdk/usr/lib/swift/UniformTypeIdentifiers.swiftmodule/arm64e-apple-ios.swiftdoc
2026-06-03T08:46:49.6423410Z x iPhoneOS16.5.sdk/usr/lib/swift/UniformTypeIdentifiers.swiftmodule/arm64-apple-ios.swiftdoc
2026-06-03T08:46:49.6423950Z x iPhoneOS16.5.sdk/usr/lib/swift/UniformTypeIdentifiers.swiftmodule/arm64e-apple-ios.swiftinterface
2026-06-03T08:46:49.6424510Z x iPhoneOS16.5.sdk/usr/lib/swift/UniformTypeIdentifiers.swiftmodule/arm64-apple-ios.swiftinterface
2026-06-03T08:46:49.6424930Z x iPhoneOS16.5.sdk/usr/lib/swift/libswiftCallKit.tbd
2026-06-03T08:46:49.6425220Z x iPhoneOS16.5.sdk/usr/lib/swift/_Concurrency.swiftmodule/
2026-06-03T08:46:49.6425590Z x iPhoneOS16.5.sdk/usr/lib/swift/_Concurrency.swiftmodule/arm64e-apple-ios.swiftdoc
2026-06-03T08:46:49.6426030Z x iPhoneOS16.5.sdk/usr/lib/swift/_Concurrency.swiftmodule/arm64-apple-ios.swiftdoc
2026-06-03T08:46:49.6426480Z x iPhoneOS16.5.sdk/usr/lib/swift/_Concurrency.swiftmodule/_Concurrency.opt.bitstream
2026-06-03T08:46:49.6426950Z x iPhoneOS16.5.sdk/usr/lib/swift/_Concurrency.swiftmodule/arm64e-apple-ios.swiftinterface
2026-06-03T08:46:49.6427430Z x iPhoneOS16.5.sdk/usr/lib/swift/_Concurrency.swiftmodule/arm64-apple-ios.swiftinterface
2026-06-03T08:46:49.6427890Z x iPhoneOS16.5.sdk/usr/lib/swift/ExtensionKit.swiftmodule/
2026-06-03T08:46:49.6428350Z x iPhoneOS16.5.sdk/usr/lib/swift/ExtensionKit.swiftmodule/arm64e-apple-ios.swiftdoc
2026-06-03T08:46:49.6428800Z x iPhoneOS16.5.sdk/usr/lib/swift/ExtensionKit.swiftmodule/arm64-apple-ios.swiftdoc
2026-06-03T08:46:49.6429260Z x iPhoneOS16.5.sdk/usr/lib/swift/ExtensionKit.swiftmodule/arm64e-apple-ios.swiftinterface
2026-06-03T08:46:49.6429750Z x iPhoneOS16.5.sdk/usr/lib/swift/ExtensionKit.swiftmodule/arm64-apple-ios.swiftinterface
2026-06-03T08:46:49.6430130Z x iPhoneOS16.5.sdk/usr/lib/swift/SpriteKit.swiftmodule/
2026-06-03T08:46:49.6430500Z x iPhoneOS16.5.sdk/usr/lib/swift/SpriteKit.swiftmodule/arm64e-apple-ios.swiftdoc
2026-06-03T08:46:49.6431030Z x iPhoneOS16.5.sdk/usr/lib/swift/SpriteKit.swiftmodule/arm64-apple-ios.swiftdoc
2026-06-03T08:46:49.6431490Z x iPhoneOS16.5.sdk/usr/lib/swift/SpriteKit.swiftmodule/arm64e-apple-ios.swiftinterface
2026-06-03T08:46:49.6431950Z x iPhoneOS16.5.sdk/usr/lib/swift/SpriteKit.swiftmodule/arm64-apple-ios.swiftinterface
2026-06-03T08:46:49.6432330Z x iPhoneOS16.5.sdk/usr/lib/swift/libswiftQuickLook.tbd
2026-06-03T08:46:49.6432600Z x iPhoneOS16.5.sdk/usr/lib/swift/MapKit.swiftmodule/
2026-06-03T08:46:49.6432950Z x iPhoneOS16.5.sdk/usr/lib/swift/MapKit.swiftmodule/arm64e-apple-ios.swiftdoc
2026-06-03T08:46:49.6433350Z x iPhoneOS16.5.sdk/usr/lib/swift/MapKit.swiftmodule/arm64-apple-ios.swiftdoc
2026-06-03T08:46:49.6433770Z x iPhoneOS16.5.sdk/usr/lib/swift/MapKit.swiftmodule/arm64e-apple-ios.swiftinterface
2026-06-03T08:46:49.6434210Z x iPhoneOS16.5.sdk/usr/lib/swift/MapKit.swiftmodule/arm64-apple-ios.swiftinterface
2026-06-03T08:46:49.6434670Z x iPhoneOS16.5.sdk/usr/lib/swift/libswiftNetwork.tbd
2026-06-03T08:46:49.6434970Z x iPhoneOS16.5.sdk/usr/lib/swift/CoreLocation.swiftmodule/
2026-06-03T08:46:49.6435350Z x iPhoneOS16.5.sdk/usr/lib/swift/CoreLocation.swiftmodule/arm64e-apple-ios.swiftdoc
2026-06-03T08:46:49.6435870Z x iPhoneOS16.5.sdk/usr/lib/swift/CoreLocation.swiftmodule/arm64-apple-ios.swiftdoc
2026-06-03T08:46:49.6436340Z x iPhoneOS16.5.sdk/usr/lib/swift/CoreLocation.swiftmodule/arm64e-apple-ios.swiftinterface
2026-06-03T08:46:49.6436830Z x iPhoneOS16.5.sdk/usr/lib/swift/CoreLocation.swiftmodule/arm64-apple-ios.swiftinterface
2026-06-03T08:46:49.6437300Z x iPhoneOS16.5.sdk/usr/lib/swift/libswiftAuthenticationServicesSwiftSDKOverlay.a
2026-06-03T08:46:49.6437680Z x iPhoneOS16.5.sdk/usr/lib/swift/Vision.swiftmodule/
2026-06-03T08:46:49.6438030Z x iPhoneOS16.5.sdk/usr/lib/swift/Vision.swiftmodule/arm64e-apple-ios.swiftdoc
2026-06-03T08:46:49.6438430Z x iPhoneOS16.5.sdk/usr/lib/swift/Vision.swiftmodule/arm64-apple-ios.swiftdoc
2026-06-03T08:46:49.6438860Z x iPhoneOS16.5.sdk/usr/lib/swift/Vision.swiftmodule/arm64e-apple-ios.swiftinterface
2026-06-03T08:46:49.6439310Z x iPhoneOS16.5.sdk/usr/lib/swift/Vision.swiftmodule/arm64-apple-ios.swiftinterface
2026-06-03T08:46:49.6439680Z x iPhoneOS16.5.sdk/usr/lib/swift/libswiftMediaPlayer.tbd
2026-06-03T08:46:49.6439960Z x iPhoneOS16.5.sdk/usr/lib/swift/Photos.swiftmodule/
2026-06-03T08:46:49.6440290Z x iPhoneOS16.5.sdk/usr/lib/swift/Photos.swiftmodule/arm64e-apple-ios.swiftdoc
2026-06-03T08:46:49.6440700Z x iPhoneOS16.5.sdk/usr/lib/swift/Photos.swiftmodule/arm64-apple-ios.swiftdoc
2026-06-03T08:46:49.6441120Z x iPhoneOS16.5.sdk/usr/lib/swift/Photos.swiftmodule/arm64e-apple-ios.swiftinterface
2026-06-03T08:46:49.6441570Z x iPhoneOS16.5.sdk/usr/lib/swift/Photos.swiftmodule/arm64-apple-ios.swiftinterface
2026-06-03T08:46:49.6441990Z x iPhoneOS16.5.sdk/usr/lib/swift/libswiftCarPlay.tbd
2026-06-03T08:46:49.6442270Z x iPhoneOS16.5.sdk/usr/lib/swift/libswiftSpeech.tbd
2026-06-03T08:46:49.6448170Z x iPhoneOS16.5.sdk/usr/lib/swift/libswiftObjectiveC.tbd
2026-06-03T08:46:49.6448530Z x iPhoneOS16.5.sdk/usr/lib/swift/DataDetection.swiftmodule/
2026-06-03T08:46:49.6448920Z x iPhoneOS16.5.sdk/usr/lib/swift/DataDetection.swiftmodule/arm64e-apple-ios.swiftdoc
2026-06-03T08:46:49.6450170Z x iPhoneOS16.5.sdk/usr/lib/swift/DataDetection.swiftmodule/arm64-apple-ios.swiftdoc
2026-06-03T08:46:49.6451660Z x iPhoneOS16.5.sdk/usr/lib/swift/DataDetection.swiftmodule/arm64e-apple-ios.swiftinterface
2026-06-03T08:46:49.6452270Z x iPhoneOS16.5.sdk/usr/lib/swift/DataDetection.swiftmodule/arm64-apple-ios.swiftinterface
2026-06-03T08:46:49.6452710Z x iPhoneOS16.5.sdk/usr/lib/swift/ObjectiveC.swiftmodule/
2026-06-03T08:46:49.6453080Z x iPhoneOS16.5.sdk/usr/lib/swift/ObjectiveC.swiftmodule/arm64e-apple-ios.swiftdoc
2026-06-03T08:46:49.6453510Z x iPhoneOS16.5.sdk/usr/lib/swift/ObjectiveC.swiftmodule/arm64-apple-ios.swiftdoc
2026-06-03T08:46:49.6453960Z x iPhoneOS16.5.sdk/usr/lib/swift/ObjectiveC.swiftmodule/arm64e-apple-ios.swiftinterface
2026-06-03T08:46:49.6454760Z x iPhoneOS16.5.sdk/usr/lib/swift/ObjectiveC.swiftmodule/arm64-apple-ios.swiftinterface
2026-06-03T08:46:49.6455260Z x iPhoneOS16.5.sdk/usr/lib/swift/HealthKit.swiftmodule/
2026-06-03T08:46:49.6455620Z x iPhoneOS16.5.sdk/usr/lib/swift/HealthKit.swiftmodule/arm64e-apple-ios.swiftdoc
2026-06-03T08:46:49.6456040Z x iPhoneOS16.5.sdk/usr/lib/swift/HealthKit.swiftmodule/arm64-apple-ios.swiftdoc
2026-06-03T08:46:49.6456490Z x iPhoneOS16.5.sdk/usr/lib/swift/HealthKit.swiftmodule/arm64e-apple-ios.swiftinterface
2026-06-03T08:46:49.6456950Z x iPhoneOS16.5.sdk/usr/lib/swift/HealthKit.swiftmodule/arm64-apple-ios.swiftinterface
2026-06-03T08:46:49.6457340Z x iPhoneOS16.5.sdk/usr/lib/swift/libswiftCoreLocation.tbd
2026-06-03T08:46:49.6457640Z x iPhoneOS16.5.sdk/usr/lib/swift/QuickLook.swiftmodule/
2026-06-03T08:46:49.6458000Z x iPhoneOS16.5.sdk/usr/lib/swift/QuickLook.swiftmodule/arm64e-apple-ios.swiftdoc
2026-06-03T08:46:49.6458530Z x iPhoneOS16.5.sdk/usr/lib/swift/QuickLook.swiftmodule/arm64-apple-ios.swiftdoc
2026-06-03T08:46:49.6458980Z x iPhoneOS16.5.sdk/usr/lib/swift/QuickLook.swiftmodule/arm64e-apple-ios.swiftinterface
2026-06-03T08:46:49.6459440Z x iPhoneOS16.5.sdk/usr/lib/swift/QuickLook.swiftmodule/arm64-apple-ios.swiftinterface
2026-06-03T08:46:49.6459850Z x iPhoneOS16.5.sdk/usr/lib/swift/libswiftAVFoundation.tbd
2026-06-03T08:46:49.6460130Z x iPhoneOS16.5.sdk/usr/lib/swift/os.swiftmodule/
2026-06-03T08:46:49.6460440Z x iPhoneOS16.5.sdk/usr/lib/swift/os.swiftmodule/arm64e-apple-ios.swiftdoc
2026-06-03T08:46:49.6460820Z x iPhoneOS16.5.sdk/usr/lib/swift/os.swiftmodule/arm64-apple-ios.swiftdoc
2026-06-03T08:46:49.6461230Z x iPhoneOS16.5.sdk/usr/lib/swift/os.swiftmodule/arm64e-apple-ios.swiftinterface
2026-06-03T08:46:49.6461650Z x iPhoneOS16.5.sdk/usr/lib/swift/os.swiftmodule/arm64-apple-ios.swiftinterface
2026-06-03T08:46:49.6462010Z x iPhoneOS16.5.sdk/usr/lib/swift/libswiftIdentityLookup.tbd
2026-06-03T08:46:49.6462320Z x iPhoneOS16.5.sdk/usr/lib/swift/CoreNFC.swiftmodule/
2026-06-03T08:46:49.6462660Z x iPhoneOS16.5.sdk/usr/lib/swift/CoreNFC.swiftmodule/arm64e-apple-ios.swiftdoc
2026-06-03T08:46:49.6463080Z x iPhoneOS16.5.sdk/usr/lib/swift/CoreNFC.swiftmodule/arm64-apple-ios.swiftdoc
2026-06-03T08:46:49.6463510Z x iPhoneOS16.5.sdk/usr/lib/swift/CoreNFC.swiftmodule/arm64e-apple-ios.swiftinterface
2026-06-03T08:46:49.6463970Z x iPhoneOS16.5.sdk/usr/lib/swift/CoreNFC.swiftmodule/arm64-apple-ios.swiftinterface
2026-06-03T08:46:49.6464340Z x iPhoneOS16.5.sdk/usr/lib/swift/libswiftCoreImage.tbd
2026-06-03T08:46:49.6464640Z x iPhoneOS16.5.sdk/usr/lib/swift/CoreMedia.swiftmodule/
2026-06-03T08:46:49.6465000Z x iPhoneOS16.5.sdk/usr/lib/swift/CoreMedia.swiftmodule/arm64e-apple-ios.swiftdoc
2026-06-03T08:46:49.6465420Z x iPhoneOS16.5.sdk/usr/lib/swift/CoreMedia.swiftmodule/arm64-apple-ios.swiftdoc
2026-06-03T08:46:49.6465860Z x iPhoneOS16.5.sdk/usr/lib/swift/CoreMedia.swiftmodule/arm64e-apple-ios.swiftinterface
2026-06-03T08:46:49.6466320Z x iPhoneOS16.5.sdk/usr/lib/swift/CoreMedia.swiftmodule/arm64-apple-ios.swiftinterface
2026-06-03T08:46:49.6466720Z x iPhoneOS16.5.sdk/usr/lib/swift/AppleArchive.swiftmodule/
2026-06-03T08:46:49.6467100Z x iPhoneOS16.5.sdk/usr/lib/swift/AppleArchive.swiftmodule/arm64e-apple-ios.swiftdoc
2026-06-03T08:46:49.6467550Z x iPhoneOS16.5.sdk/usr/lib/swift/AppleArchive.swiftmodule/arm64-apple-ios.swiftdoc
2026-06-03T08:46:49.6468010Z x iPhoneOS16.5.sdk/usr/lib/swift/AppleArchive.swiftmodule/arm64e-apple-ios.swiftinterface
2026-06-03T08:46:49.6468500Z x iPhoneOS16.5.sdk/usr/lib/swift/AppleArchive.swiftmodule/arm64-apple-ios.swiftinterface
2026-06-03T08:46:49.6468880Z x iPhoneOS16.5.sdk/usr/lib/swift/libswiftFoundation.tbd
2026-06-03T08:46:49.6469180Z x iPhoneOS16.5.sdk/usr/lib/swift/libswiftSoundAnalysis.tbd
2026-06-03T08:46:49.6469480Z x iPhoneOS16.5.sdk/usr/lib/swift/libswiftRegexBuilder.tbd
2026-06-03T08:46:49.6469780Z x iPhoneOS16.5.sdk/usr/lib/swift/libswiftAssetsLibrary.tbd
2026-06-03T08:46:49.6470070Z x iPhoneOS16.5.sdk/usr/lib/swift/libswiftHomeKit.tbd
2026-06-03T08:46:49.6470350Z x iPhoneOS16.5.sdk/usr/lib/swift/MetalKit.swiftmodule/
2026-06-03T08:46:49.6470810Z x iPhoneOS16.5.sdk/usr/lib/swift/MetalKit.swiftmodule/arm64e-apple-ios.swiftdoc
2026-06-03T08:46:49.6471260Z x iPhoneOS16.5.sdk/usr/lib/swift/MetalKit.swiftmodule/arm64-apple-ios.swiftdoc
2026-06-03T08:46:49.6471690Z x iPhoneOS16.5.sdk/usr/lib/swift/MetalKit.swiftmodule/arm64e-apple-ios.swiftinterface
2026-06-03T08:46:49.6472150Z x iPhoneOS16.5.sdk/usr/lib/swift/MetalKit.swiftmodule/arm64-apple-ios.swiftinterface
2026-06-03T08:46:49.6472560Z x iPhoneOS16.5.sdk/usr/lib/swift/ExtensionFoundation.swiftmodule/
2026-06-03T08:46:49.6472980Z x iPhoneOS16.5.sdk/usr/lib/swift/ExtensionFoundation.swiftmodule/arm64e-apple-ios.swiftdoc
2026-06-03T08:46:49.6473480Z x iPhoneOS16.5.sdk/usr/lib/swift/ExtensionFoundation.swiftmodule/arm64-apple-ios.swiftdoc
2026-06-03T08:46:49.6473990Z x iPhoneOS16.5.sdk/usr/lib/swift/ExtensionFoundation.swiftmodule/arm64e-apple-ios.swiftinterface
2026-06-03T08:46:49.6474650Z x iPhoneOS16.5.sdk/usr/lib/swift/ExtensionFoundation.swiftmodule/arm64-apple-ios.swiftinterface
2026-06-03T08:46:49.6475070Z x iPhoneOS16.5.sdk/usr/lib/swift/libswiftAccelerate.tbd
2026-06-03T08:46:49.6475360Z x iPhoneOS16.5.sdk/usr/lib/swift/libswiftCoreNFC.tbd
2026-06-03T08:46:49.6475630Z x iPhoneOS16.5.sdk/usr/lib/swift/CoreMIDI.swiftmodule/
2026-06-03T08:46:49.6476100Z x iPhoneOS16.5.sdk/usr/lib/swift/CoreMIDI.swiftmodule/arm64e-apple-ios.swiftdoc
2026-06-03T08:46:49.6476530Z x iPhoneOS16.5.sdk/usr/lib/swift/CoreMIDI.swiftmodule/arm64-apple-ios.swiftdoc
2026-06-03T08:46:49.6476960Z x iPhoneOS16.5.sdk/usr/lib/swift/CoreMIDI.swiftmodule/arm64e-apple-ios.swiftinterface
2026-06-03T08:46:49.6477420Z x iPhoneOS16.5.sdk/usr/lib/swift/CoreMIDI.swiftmodule/arm64-apple-ios.swiftinterface
2026-06-03T08:46:49.6477800Z x iPhoneOS16.5.sdk/usr/lib/swift/libswiftCloudKit.tbd
2026-06-03T08:46:49.6478070Z x iPhoneOS16.5.sdk/usr/lib/swift/libswiftPhotos.tbd
2026-06-03T08:46:49.6478370Z x iPhoneOS16.5.sdk/usr/lib/swift/libswift_StringProcessing.tbd
2026-06-03T08:46:49.6478670Z x iPhoneOS16.5.sdk/usr/lib/swift/libswiftCoreMIDI.tbd
2026-06-03T08:46:49.6478960Z x iPhoneOS16.5.sdk/usr/lib/swift/GLKit.swiftmodule/
2026-06-03T08:46:49.6479300Z x iPhoneOS16.5.sdk/usr/lib/swift/GLKit.swiftmodule/arm64e-apple-ios.swiftdoc
2026-06-03T08:46:49.6479700Z x iPhoneOS16.5.sdk/usr/lib/swift/GLKit.swiftmodule/arm64-apple-ios.swiftdoc
2026-06-03T08:46:49.6480120Z x iPhoneOS16.5.sdk/usr/lib/swift/GLKit.swiftmodule/arm64e-apple-ios.swiftinterface
2026-06-03T08:46:49.6480550Z x iPhoneOS16.5.sdk/usr/lib/swift/GLKit.swiftmodule/arm64-apple-ios.swiftinterface
2026-06-03T08:46:49.6480930Z x iPhoneOS16.5.sdk/usr/lib/swift/AssetsLibrary.swiftmodule/
2026-06-03T08:46:49.6481320Z x iPhoneOS16.5.sdk/usr/lib/swift/AssetsLibrary.swiftmodule/arm64e-apple-ios.swiftdoc
2026-06-03T08:46:49.6481770Z x iPhoneOS16.5.sdk/usr/lib/swift/AssetsLibrary.swiftmodule/arm64-apple-ios.swiftdoc
2026-06-03T08:46:49.6482240Z x iPhoneOS16.5.sdk/usr/lib/swift/AssetsLibrary.swiftmodule/arm64e-apple-ios.swiftinterface
2026-06-03T08:46:49.6482740Z x iPhoneOS16.5.sdk/usr/lib/swift/AssetsLibrary.swiftmodule/arm64-apple-ios.swiftinterface
2026-06-03T08:46:49.6483170Z x iPhoneOS16.5.sdk/usr/lib/swift/libswiftUniformTypeIdentifiers.tbd
2026-06-03T08:46:49.6483530Z x iPhoneOS16.5.sdk/usr/lib/swift/SwiftOnoneSupport.swiftmodule/
2026-06-03T08:46:49.6483960Z x iPhoneOS16.5.sdk/usr/lib/swift/SwiftOnoneSupport.swiftmodule/arm64e-apple-ios.swiftdoc
2026-06-03T08:46:49.6484440Z x iPhoneOS16.5.sdk/usr/lib/swift/SwiftOnoneSupport.swiftmodule/arm64-apple-ios.swiftdoc
2026-06-03T08:46:49.6484950Z x iPhoneOS16.5.sdk/usr/lib/swift/SwiftOnoneSupport.swiftmodule/SwiftOnoneSupport.opt.bitstream
2026-06-03T08:46:49.6485480Z x iPhoneOS16.5.sdk/usr/lib/swift/SwiftOnoneSupport.swiftmodule/arm64e-apple-ios.swiftinterface
2026-06-03T08:46:49.6486010Z x iPhoneOS16.5.sdk/usr/lib/swift/SwiftOnoneSupport.swiftmodule/arm64-apple-ios.swiftinterface
2026-06-03T08:46:49.6486390Z x iPhoneOS16.5.sdk/usr/lib/libprequelite.tbd
2026-06-03T08:46:49.6486620Z x iPhoneOS16.5.sdk/usr/lib/libpanel.5.4.tbd
2026-06-03T08:46:49.6487000Z x iPhoneOS16.5.sdk/usr/lib/libcharset.tbd
2026-06-03T08:46:49.6487370Z x iPhoneOS16.5.sdk/usr/lib/libIOAccessoryManager.tbd
2026-06-03T08:46:49.6487610Z x iPhoneOS16.5.sdk/usr/lib/libbsm.0.tbd
2026-06-03T08:46:49.6487830Z x iPhoneOS16.5.sdk/usr/lib/libicucore.A.tbd
2026-06-03T08:46:49.6488040Z x iPhoneOS16.5.sdk/usr/lib/libbz2.tbd
2026-06-03T08:46:49.6488250Z x iPhoneOS16.5.sdk/usr/lib/libSystem_asan.tbd
2026-06-03T08:46:49.6488480Z x iPhoneOS16.5.sdk/usr/lib/libnetwork.tbd
2026-06-03T08:46:49.6488710Z x iPhoneOS16.5.sdk/usr/lib/libc++experimental.a
2026-06-03T08:46:49.6488960Z x iPhoneOS16.5.sdk/usr/lib/libAXSpeechManager.tbd
2026-06-03T08:46:49.6489190Z x iPhoneOS16.5.sdk/usr/lib/libSpatial.tbd
2026-06-03T08:46:49.6489420Z x iPhoneOS16.5.sdk/usr/lib/libFaultOrdering.tbd
2026-06-03T08:46:49.6489650Z x iPhoneOS16.5.sdk/usr/lib/libNFC_Comet.tbd
2026-06-03T08:46:49.6489920Z x iPhoneOS16.5.sdk/usr/lib/libmenu.tbd
2026-06-03T08:46:49.6490170Z x iPhoneOS16.5.sdk/usr/lib/libMobileGestaltExtensions.tbd
2026-06-03T08:46:49.6490430Z x iPhoneOS16.5.sdk/usr/lib/libdl.tbd
2026-06-03T08:46:49.6490630Z x iPhoneOS16.5.sdk/usr/lib/libMatch.tbd
2026-06-03T08:46:49.6490830Z x iPhoneOS16.5.sdk/usr/lib/libfire6.tbd
2026-06-03T08:46:49.6491030Z x iPhoneOS16.5.sdk/usr/lib/libexpat.tbd
2026-06-03T08:46:49.6491240Z x iPhoneOS16.5.sdk/usr/lib/libexslt.0.tbd
2026-06-03T08:46:49.6491480Z x iPhoneOS16.5.sdk/usr/lib/libETLEFSDumpDynamic.tbd
2026-06-03T08:46:49.6491730Z x iPhoneOS16.5.sdk/usr/lib/libiconv.2.tbd
2026-06-03T08:46:49.6491940Z x iPhoneOS16.5.sdk/usr/lib/libc++abi.tbd
2026-06-03T08:46:49.6492140Z x iPhoneOS16.5.sdk/usr/lib/libc.tbd
2026-06-03T08:46:49.6492340Z x iPhoneOS16.5.sdk/usr/lib/libform.tbd
2026-06-03T08:46:49.6492550Z x iPhoneOS16.5.sdk/usr/lib/libWAPI.tbd
2026-06-03T08:46:49.6492780Z x iPhoneOS16.5.sdk/usr/lib/libAWDSupportFramework.tbd
2026-06-03T08:46:49.6493050Z x iPhoneOS16.5.sdk/usr/lib/libETLDLFDynamic.tbd
2026-06-03T08:46:49.6493280Z x iPhoneOS16.5.sdk/usr/lib/libbz2.1.0.8.tbd
2026-06-03T08:46:49.6493530Z x iPhoneOS16.5.sdk/usr/lib/libBacktraceRecording.tbd
2026-06-03T08:46:49.6493780Z x iPhoneOS16.5.sdk/usr/lib/libAppleEXR.tbd
2026-06-03T08:46:49.6494000Z x iPhoneOS16.5.sdk/usr/lib/libreadline.tbd
2026-06-03T08:46:49.6494210Z x iPhoneOS16.5.sdk/usr/lib/liblangid.tbd
2026-06-03T08:46:49.6494430Z x iPhoneOS16.5.sdk/usr/lib/libncurses.5.4.tbd
2026-06-03T08:46:49.6494680Z x iPhoneOS16.5.sdk/usr/lib/libBBUpdaterDynamic.tbd
2026-06-03T08:46:49.6494910Z x iPhoneOS16.5.sdk/usr/lib/libafc.tbd
2026-06-03T08:46:49.6495170Z x iPhoneOS16.5.sdk/usr/lib/libBasebandCommandDriversQMI.tbd
2026-06-03T08:46:49.6495440Z x iPhoneOS16.5.sdk/usr/lib/libcharset.1.tbd
2026-06-03T08:46:49.6495660Z x iPhoneOS16.5.sdk/usr/lib/libRPAC.tbd
2026-06-03T08:46:49.6495900Z x iPhoneOS16.5.sdk/usr/lib/libapp_launch_measurement.tbd
2026-06-03T08:46:49.6496140Z x iPhoneOS16.5.sdk/usr/lib/libARI.tbd
2026-06-03T08:46:49.6496350Z x iPhoneOS16.5.sdk/usr/lib/libncurses.tbd
2026-06-03T08:46:49.6496550Z x iPhoneOS16.5.sdk/usr/lib/libLLVM.tbd
2026-06-03T08:46:49.6496840Z 100 16.6M  100 16.6M    0     0  4446k      0  0:00:03  0:00:03 --:--:-- 4959k
2026-06-03T08:46:49.6497050Z 
2026-06-03T08:46:49.6497130Z x iPhoneOS16.5.sdk/usr/lib/libBKDM1.tbd
2026-06-03T08:46:49.6497330Z x iPhoneOS16.5.sdk/usr/lib/libiconv.tbd
2026-06-03T08:46:49.6497560Z x iPhoneOS16.5.sdk/usr/lib/libMainThreadChecker.tbd
2026-06-03T08:46:49.6497840Z x iPhoneOS16.5.sdk/usr/lib/AppleConvergedTransport.tbd
2026-06-03T08:46:49.6498090Z x iPhoneOS16.5.sdk/usr/lib/liblzma.tbd
2026-06-03T08:46:49.6498310Z x iPhoneOS16.5.sdk/usr/lib/libncurses.5.tbd
2026-06-03T08:46:49.6498540Z x iPhoneOS16.5.sdk/usr/lib/libSLAMDynamic.tbd
2026-06-03T08:46:49.6498760Z x iPhoneOS16.5.sdk/usr/lib/libcmph.tbd
2026-06-03T08:46:49.6499000Z x iPhoneOS16.5.sdk/usr/lib/CarrierBundleUtilities.tbd
2026-06-03T08:46:49.6499250Z x iPhoneOS16.5.sdk/usr/lib/libCRFSuite0.12.tbd
2026-06-03T08:46:49.6499510Z x iPhoneOS16.5.sdk/usr/lib/libChineseTokenizer.tbd
2026-06-03T08:46:49.6499780Z x iPhoneOS16.5.sdk/usr/lib/libBasebandCommandDrivers.tbd
2026-06-03T08:46:49.6500080Z x iPhoneOS16.5.sdk/usr/lib/libnfstorage.tbd
2026-06-03T08:46:49.6500310Z x iPhoneOS16.5.sdk/usr/lib/libc++.1.tbd
2026-06-03T08:46:49.6500530Z x iPhoneOS16.5.sdk/usr/lib/libPCITransport.tbd
2026-06-03T08:46:49.6500750Z x iPhoneOS16.5.sdk/usr/lib/libz.tbd
2026-06-03T08:46:49.6500970Z x iPhoneOS16.5.sdk/usr/lib/libQMIParserDynamic.tbd
2026-06-03T08:46:49.6501200Z x iPhoneOS16.5.sdk/usr/lib/libm.tbd
2026-06-03T08:46:49.6501410Z x iPhoneOS16.5.sdk/usr/lib/libIOACIPCBB.tbd
2026-06-03T08:46:49.6501620Z x iPhoneOS16.5.sdk/usr/lib/libfire7.tbd
2026-06-03T08:46:49.6501830Z x iPhoneOS16.5.sdk/usr/lib/libipsec.tbd
2026-06-03T08:46:49.6502030Z x iPhoneOS16.5.sdk/usr/lib/libxslt.tbd
2026-06-03T08:46:49.6502240Z x iPhoneOS16.5.sdk/usr/lib/libperfcheck.tbd
2026-06-03T08:46:49.6502450Z x iPhoneOS16.5.sdk/usr/lib/libedit.3.tbd
2026-06-03T08:46:49.6502790Z x iPhoneOS16.5.sdk/usr/lib/libSoftwareUpdateSSO.tbd
2026-06-03T08:46:49.6503040Z x iPhoneOS16.5.sdk/usr/lib/libmdns.tbd
2026-06-03T08:46:49.6503290Z x iPhoneOS16.5.sdk/usr/lib/libAppletTranslationLibrary.tbd
2026-06-03T08:46:49.6503600Z x iPhoneOS16.5.sdk/usr/lib/libTelephonyDebugDynamic.tbd
2026-06-03T08:46:49.6503850Z x iPhoneOS16.5.sdk/usr/lib/libolaf.tbd
2026-06-03T08:46:49.6504070Z x iPhoneOS16.5.sdk/usr/lib/libmobileassetd.tbd
2026-06-03T08:46:49.6504310Z x iPhoneOS16.5.sdk/usr/lib/libheimdal-asn1.tbd
2026-06-03T08:46:49.6504540Z x iPhoneOS16.5.sdk/usr/lib/libKTLDynamic.tbd
2026-06-03T08:46:49.6504760Z x iPhoneOS16.5.sdk/usr/lib/libcupolicy.tbd
2026-06-03T08:46:49.6504970Z x iPhoneOS16.5.sdk/usr/lib/libimg4.tbd
2026-06-03T08:46:49.6505180Z x iPhoneOS16.5.sdk/usr/lib/libAppPatch.tbd
2026-06-03T08:46:49.6505390Z x iPhoneOS16.5.sdk/usr/lib/libquic.tbd
2026-06-03T08:46:49.6505590Z x iPhoneOS16.5.sdk/usr/lib/libpthread.tbd
2026-06-03T08:46:49.6505810Z x iPhoneOS16.5.sdk/usr/lib/libutil1.0.tbd
2026-06-03T08:46:49.6506030Z x iPhoneOS16.5.sdk/usr/lib/libmorphun.tbd
2026-06-03T08:46:49.6506230Z x iPhoneOS16.5.sdk/usr/lib/libxml2.tbd
2026-06-03T08:46:49.6506450Z x iPhoneOS16.5.sdk/usr/lib/libAudioDSPCore.tbd
2026-06-03T08:46:49.6506680Z x iPhoneOS16.5.sdk/usr/lib/libIOReport.tbd
2026-06-03T08:46:49.6506900Z x iPhoneOS16.5.sdk/SDKSettings.plist
2026-06-03T08:46:49.6507100Z x iPhoneOS16.5.sdk/SDKSettings.json
2026-06-03T08:46:49.6507300Z x iPhoneOS16.5.sdk/Entitlements.plist
2026-06-03T08:46:49.8777450Z   % Total    % Received % Xferd  Average Speed   Time    Time     Time  Current
2026-06-03T08:46:49.8777980Z                                  Dload  Upload   Total   Spent    Left  Speed
2026-06-03T08:46:49.8778190Z 
2026-06-03T08:46:50.0377990Z   0     0    0     0    0     0      0      0 --:--:-- --:--:-- --:--:--     0
2026-06-03T08:46:50.2210680Z   0     0    0     0    0     0      0      0 --:--:-- --:--:-- --:--:--     0
2026-06-03T08:46:50.2211030Z   0     0    0     0    0     0      0      0 --:--:-- --:--:-- --:--:--     0
2026-06-03T08:46:50.2685700Z x iPhoneOS14.5.sdk/
2026-06-03T08:46:50.2685920Z x iPhoneOS14.5.sdk/Developer/
2026-06-03T08:46:50.2686510Z x iPhoneOS14.5.sdk/Developer/Library/
2026-06-03T08:46:50.2686920Z x iPhoneOS14.5.sdk/Developer/Library/Frameworks/
2026-06-03T08:46:50.2687260Z x iPhoneOS14.5.sdk/Developer/Library/Frameworks/StoreKitTest.framework/
2026-06-03T08:46:50.2687680Z x iPhoneOS14.5.sdk/Developer/Library/Frameworks/StoreKitTest.framework/Modules/
2026-06-03T08:46:50.2689160Z x iPhoneOS14.5.sdk/Developer/Library/Frameworks/StoreKitTest.framework/Modules/module.modulemap
2026-06-03T08:46:50.2689790Z x iPhoneOS14.5.sdk/Developer/Library/Frameworks/StoreKitTest.framework/Headers/
2026-06-03T08:46:50.2690610Z x iPhoneOS14.5.sdk/Developer/Library/Frameworks/StoreKitTest.framework/Headers/SKTestTransaction.h
2026-06-03T08:46:50.2691510Z x iPhoneOS14.5.sdk/Developer/Library/Frameworks/StoreKitTest.framework/Headers/SKTestSession.h
2026-06-03T08:46:50.2693190Z x iPhoneOS14.5.sdk/Developer/Library/Frameworks/StoreKitTest.framework/Headers/SKTestError.h
2026-06-03T08:46:50.2694540Z x iPhoneOS14.5.sdk/Developer/Library/Frameworks/StoreKitTest.framework/Headers/StoreKitTest.h
2026-06-03T08:46:50.2695820Z x iPhoneOS14.5.sdk/Developer/Library/Frameworks/StoreKitTest.framework/StoreKitTest.tbd
2026-06-03T08:46:50.2696210Z x iPhoneOS14.5.sdk/System/
2026-06-03T08:46:50.2696630Z x iPhoneOS14.5.sdk/System/Library/
2026-06-03T08:46:50.2697120Z x iPhoneOS14.5.sdk/System/Library/Frameworks/
2026-06-03T08:46:50.2697560Z x iPhoneOS14.5.sdk/System/Library/Frameworks/AVKit.framework/
2026-06-03T08:46:50.2698070Z x iPhoneOS14.5.sdk/System/Library/Frameworks/AVKit.framework/Modules/
2026-06-03T08:46:50.2699100Z x iPhoneOS14.5.sdk/System/Library/Frameworks/AVKit.framework/Modules/module.modulemap
2026-06-03T08:46:50.2700230Z x iPhoneOS14.5.sdk/System/Library/Frameworks/AVKit.framework/Modules/AVKit.swiftcrossimport/
2026-06-03T08:46:50.2701340Z x iPhoneOS14.5.sdk/System/Library/Frameworks/AVKit.framework/Modules/AVKit.swiftcrossimport/SwiftUI.swiftoverlay
2026-06-03T08:46:50.2701980Z x iPhoneOS14.5.sdk/System/Library/Frameworks/AVKit.framework/Headers/
2026-06-03T08:46:50.2702950Z x iPhoneOS14.5.sdk/System/Library/Frameworks/AVKit.framework/Headers/AVError.h
2026-06-03T08:46:50.2703690Z x iPhoneOS14.5.sdk/System/Library/Frameworks/AVKit.framework/Headers/AVPlayerViewController.h
2026-06-03T08:46:50.2704630Z x iPhoneOS14.5.sdk/System/Library/Frameworks/AVKit.framework/Headers/AVKitDefines.h
2026-06-03T08:46:50.2705440Z x iPhoneOS14.5.sdk/System/Library/Frameworks/AVKit.framework/Headers/AVRoutePickerView.h
2026-06-03T08:46:50.2706900Z x iPhoneOS14.5.sdk/System/Library/Frameworks/AVKit.framework/Headers/AVPlaybackRouteSelecting.h
2026-06-03T08:46:50.2707830Z x iPhoneOS14.5.sdk/System/Library/Frameworks/AVKit.framework/Headers/AVPictureInPictureController.h
2026-06-03T08:46:50.2708690Z x iPhoneOS14.5.sdk/System/Library/Frameworks/AVKit.framework/Headers/AVKit.h
2026-06-03T08:46:50.2709670Z x iPhoneOS14.5.sdk/System/Library/Frameworks/AVKit.framework/Headers/AVPlayerItem+AVKitAdditions.h
2026-06-03T08:46:50.2711220Z x iPhoneOS14.5.sdk/System/Library/Frameworks/AVKit.framework/Headers/AVKit.apinotes
2026-06-03T08:46:50.2712430Z x iPhoneOS14.5.sdk/System/Library/Frameworks/AVKit.framework/AVKit.tbd
2026-06-03T08:46:50.2712920Z x iPhoneOS14.5.sdk/System/Library/Frameworks/Network.framework/
2026-06-03T08:46:50.2713290Z x iPhoneOS14.5.sdk/System/Library/Frameworks/Network.framework/Modules/
2026-06-03T08:46:50.2713800Z x iPhoneOS14.5.sdk/System/Library/Frameworks/Network.framework/Modules/module.modulemap
2026-06-03T08:46:50.2714230Z x iPhoneOS14.5.sdk/System/Library/Frameworks/Network.framework/Headers/
2026-06-03T08:46:50.2720500Z x iPhoneOS14.5.sdk/System/Library/Frameworks/Network.framework/Headers/ethernet_channel.h
2026-06-03T08:46:50.2721480Z x iPhoneOS14.5.sdk/System/Library/Frameworks/Network.framework/Headers/connection_group.h
2026-06-03T08:46:50.2722360Z x iPhoneOS14.5.sdk/System/Library/Frameworks/Network.framework/Headers/browser.h
2026-06-03T08:46:50.2723830Z x iPhoneOS14.5.sdk/System/Library/Frameworks/Network.framework/Headers/interface.h
2026-06-03T08:46:50.2724720Z x iPhoneOS14.5.sdk/System/Library/Frameworks/Network.framework/Headers/udp_options.h
2026-06-03T08:46:50.2725210Z x iPhoneOS14.5.sdk/System/Library/Frameworks/Network.framework/Headers/browse_descriptor.h
2026-06-03T08:46:50.2731370Z x iPhoneOS14.5.sdk/System/Library/Frameworks/Network.framework/Headers/framer_options.h
2026-06-03T08:46:50.2732530Z x iPhoneOS14.5.sdk/System/Library/Frameworks/Network.framework/Headers/parameters.h
2026-06-03T08:46:50.2734010Z x iPhoneOS14.5.sdk/System/Library/Frameworks/Network.framework/Headers/error.h
2026-06-03T08:46:50.2735210Z x iPhoneOS14.5.sdk/System/Library/Frameworks/Network.framework/Headers/Network.h
2026-06-03T08:46:50.2790020Z x iPhoneOS14.5.sdk/System/Library/Frameworks/Network.framework/Headers/content_context.h
2026-06-03T08:46:50.2790680Z x iPhoneOS14.5.sdk/System/Library/Frameworks/Network.framework/Headers/listener.h
2026-06-03T08:46:50.2791690Z x iPhoneOS14.5.sdk/System/Library/Frameworks/Network.framework/Headers/endpoint.h
2026-06-03T08:46:50.2792900Z x iPhoneOS14.5.sdk/System/Library/Frameworks/Network.framework/Headers/connection_report.h
2026-06-03T08:46:50.2799690Z x iPhoneOS14.5.sdk/System/Library/Frameworks/Network.framework/Headers/privacy_context.h
2026-06-03T08:46:50.2807700Z x iPhoneOS14.5.sdk/System/Library/Frameworks/Network.framework/Headers/connection.h
2026-06-03T08:46:50.2808240Z x iPhoneOS14.5.sdk/System/Library/Frameworks/Network.framework/Headers/ip_options.h
2026-06-03T08:46:50.2808710Z x iPhoneOS14.5.sdk/System/Library/Frameworks/Network.framework/Headers/browse_result.h
2026-06-03T08:46:50.2809160Z x iPhoneOS14.5.sdk/System/Library/Frameworks/Network.framework/Headers/txt_record.h
2026-06-03T08:46:50.2816770Z x iPhoneOS14.5.sdk/System/Library/Frameworks/Network.framework/Headers/nw_object.h
2026-06-03T08:46:50.2818030Z x iPhoneOS14.5.sdk/System/Library/Frameworks/Network.framework/Headers/ws_options.h
2026-06-03T08:46:50.2819000Z x iPhoneOS14.5.sdk/System/Library/Frameworks/Network.framework/Headers/tls_options.h
2026-06-03T08:46:50.2819860Z x iPhoneOS14.5.sdk/System/Library/Frameworks/Network.framework/Headers/tcp_options.h
2026-06-03T08:46:50.2820710Z x iPhoneOS14.5.sdk/System/Library/Frameworks/Network.framework/Headers/advertise_descriptor.h
2026-06-03T08:46:50.2823000Z x iPhoneOS14.5.sdk/System/Library/Frameworks/Network.framework/Headers/protocol_options.h
2026-06-03T08:46:50.2823930Z x iPhoneOS14.5.sdk/System/Library/Frameworks/Network.framework/Headers/group_descriptor.h
2026-06-03T08:46:50.2824840Z x iPhoneOS14.5.sdk/System/Library/Frameworks/Network.framework/Headers/resolver_config.h
2026-06-03T08:46:50.2832340Z x iPhoneOS14.5.sdk/System/Library/Frameworks/Network.framework/Headers/path.h
2026-06-03T08:46:50.2832990Z x iPhoneOS14.5.sdk/System/Library/Frameworks/Network.framework/Headers/Network.apinotes
2026-06-03T08:46:50.2833770Z x iPhoneOS14.5.sdk/System/Library/Frameworks/Network.framework/Headers/path_monitor.h
2026-06-03T08:46:50.2835140Z x iPhoneOS14.5.sdk/System/Library/Frameworks/Network.framework/Network.tbd
2026-06-03T08:46:50.2835520Z x iPhoneOS14.5.sdk/System/Library/Frameworks/PDFKit.framework/
2026-06-03T08:46:50.2835880Z x iPhoneOS14.5.sdk/System/Library/Frameworks/PDFKit.framework/Modules/
2026-06-03T08:46:50.2836570Z x iPhoneOS14.5.sdk/System/Library/Frameworks/PDFKit.framework/Modules/module.modulemap
2026-06-03T08:46:50.2836990Z x iPhoneOS14.5.sdk/System/Library/Frameworks/PDFKit.framework/Headers/
2026-06-03T08:46:50.2838010Z x iPhoneOS14.5.sdk/System/Library/Frameworks/PDFKit.framework/Headers/PDFActionResetForm.h
2026-06-03T08:46:50.2839010Z x iPhoneOS14.5.sdk/System/Library/Frameworks/PDFKit.framework/Headers/PDFKit.apinotes
2026-06-03T08:46:50.2841130Z x iPhoneOS14.5.sdk/System/Library/Frameworks/PDFKit.framework/Headers/PDFOutline.h
2026-06-03T08:46:50.2841840Z x iPhoneOS14.5.sdk/System/Library/Frameworks/PDFKit.framework/Headers/PDFPage.h
2026-06-03T08:46:50.2842380Z x iPhoneOS14.5.sdk/System/Library/Frameworks/PDFKit.framework/Headers/PDFKitPlatform.h
2026-06-03T08:46:50.2843310Z x iPhoneOS14.5.sdk/System/Library/Frameworks/PDFKit.framework/Headers/PDFThumbnailView.h
2026-06-03T08:46:50.2844190Z x iPhoneOS14.5.sdk/System/Library/Frameworks/PDFKit.framework/Headers/PDFBorder.h
2026-06-03T08:46:50.2845180Z x iPhoneOS14.5.sdk/System/Library/Frameworks/PDFKit.framework/Headers/PDFActionNamed.h
2026-06-03T08:46:50.2846430Z x iPhoneOS14.5.sdk/System/Library/Frameworks/PDFKit.framework/Headers/PDFActionRemoteGoTo.h
2026-06-03T08:46:50.2853160Z x iPhoneOS14.5.sdk/System/Library/Frameworks/PDFKit.framework/Headers/PDFAnnotation.h
2026-06-03T08:46:50.2853930Z x iPhoneOS14.5.sdk/System/Library/Frameworks/PDFKit.framework/Headers/PDFKit.h
2026-06-03T08:46:50.2854790Z x iPhoneOS14.5.sdk/System/Library/Frameworks/PDFKit.framework/Headers/PDFView.h
2026-06-03T08:46:50.2855830Z x iPhoneOS14.5.sdk/System/Library/Frameworks/PDFKit.framework/Headers/PDFDestination.h
2026-06-03T08:46:50.2857430Z x iPhoneOS14.5.sdk/System/Library/Frameworks/PDFKit.framework/Headers/PDFAppearanceCharacteristics.h
2026-06-03T08:46:50.2858190Z x iPhoneOS14.5.sdk/System/Library/Frameworks/PDFKit.framework/Headers/PDFActionURL.h
2026-06-03T08:46:50.2858870Z x iPhoneOS14.5.sdk/System/Library/Frameworks/PDFKit.framework/Headers/PDFAction.h
2026-06-03T08:46:50.2859480Z x iPhoneOS14.5.sdk/System/Library/Frameworks/PDFKit.framework/Headers/PDFActionGoTo.h
2026-06-03T08:46:50.2865470Z x iPhoneOS14.5.sdk/System/Library/Frameworks/PDFKit.framework/Headers/PDFDocument.h
2026-06-03T08:46:50.2866420Z x iPhoneOS14.5.sdk/System/Library/Frameworks/PDFKit.framework/Headers/PDFSelection.h
2026-06-03T08:46:50.2867770Z x iPhoneOS14.5.sdk/System/Library/Frameworks/PDFKit.framework/Headers/PDFAnnotationUtilities.h
2026-06-03T08:46:50.2868280Z x iPhoneOS14.5.sdk/System/Library/Frameworks/PDFKit.framework/PDFKit.tbd
2026-06-03T08:46:50.2868750Z x iPhoneOS14.5.sdk/System/Library/Frameworks/HomeKit.framework/
2026-06-03T08:46:50.2869320Z x iPhoneOS14.5.sdk/System/Library/Frameworks/HomeKit.framework/Modules/
2026-06-03T08:46:50.2870230Z x iPhoneOS14.5.sdk/System/Library/Frameworks/HomeKit.framework/Modules/module.modulemap
2026-06-03T08:46:50.2870740Z x iPhoneOS14.5.sdk/System/Library/Frameworks/HomeKit.framework/Modules/HomeKit.swiftcrossimport/
2026-06-03T08:46:50.2871670Z x iPhoneOS14.5.sdk/System/Library/Frameworks/HomeKit.framework/Modules/HomeKit.swiftcrossimport/SwiftUI.swiftoverlay
2026-06-03T08:46:50.2872190Z x iPhoneOS14.5.sdk/System/Library/Frameworks/HomeKit.framework/Headers/
2026-06-03T08:46:50.2873460Z x iPhoneOS14.5.sdk/System/Library/Frameworks/HomeKit.framework/Headers/HMSignificantTimeEvent.h
2026-06-03T08:46:50.2874240Z x iPhoneOS14.5.sdk/System/Library/Frameworks/HomeKit.framework/Headers/HMAddAccessoryRequest.h
2026-06-03T08:46:50.2875130Z x iPhoneOS14.5.sdk/System/Library/Frameworks/HomeKit.framework/Headers/HMAccessoryCategoryTypes.h
2026-06-03T08:46:50.2879800Z x iPhoneOS14.5.sdk/System/Library/Frameworks/HomeKit.framework/Headers/HMCharacteristicTypes.h
2026-06-03T08:46:50.2880560Z x iPhoneOS14.5.sdk/System/Library/Frameworks/HomeKit.framework/Headers/HMAccessoryBrowser.h
2026-06-03T08:46:50.2881970Z x iPhoneOS14.5.sdk/System/Library/Frameworks/HomeKit.framework/Headers/HMActionSet.h
2026-06-03T08:46:50.2882500Z x iPhoneOS14.5.sdk/System/Library/Frameworks/HomeKit.framework/Headers/HMCameraControl.h
2026-06-03T08:46:50.2883110Z x iPhoneOS14.5.sdk/System/Library/Frameworks/HomeKit.framework/Headers/HMAction.h
2026-06-03T08:46:50.2884050Z x iPhoneOS14.5.sdk/System/Library/Frameworks/HomeKit.framework/Headers/HMCharacteristicWriteAction.h
2026-06-03T08:46:50.2888480Z x iPhoneOS14.5.sdk/System/Library/Frameworks/HomeKit.framework/Headers/HMHome.h
2026-06-03T08:46:50.2889380Z x iPhoneOS14.5.sdk/System/Library/Frameworks/HomeKit.framework/Headers/HMEvent.h
2026-06-03T08:46:50.2890690Z x iPhoneOS14.5.sdk/System/Library/Frameworks/HomeKit.framework/Headers/HMZone.h
2026-06-03T08:46:50.2891800Z x iPhoneOS14.5.sdk/System/Library/Frameworks/HomeKit.framework/Headers/HMNumberRange.h
2026-06-03T08:46:50.2892880Z x iPhoneOS14.5.sdk/System/Library/Frameworks/HomeKit.framework/Headers/HMTimerTrigger.h
2026-06-03T08:46:50.2893840Z x iPhoneOS14.5.sdk/System/Library/Frameworks/HomeKit.framework/Headers/HMTimeEvent.h
2026-06-03T08:46:50.2894890Z x iPhoneOS14.5.sdk/System/Library/Frameworks/HomeKit.framework/Headers/HMSignificantEvents.h
2026-06-03T08:46:50.2896660Z x iPhoneOS14.5.sdk/System/Library/Frameworks/HomeKit.framework/Headers/HomeKit.apinotes
2026-06-03T08:46:50.2897170Z x iPhoneOS14.5.sdk/System/Library/Frameworks/HomeKit.framework/Headers/HMTrigger.h
2026-06-03T08:46:50.2898130Z x iPhoneOS14.5.sdk/System/Library/Frameworks/HomeKit.framework/Headers/HMCalendarEvent.h
2026-06-03T08:46:50.2899030Z x iPhoneOS14.5.sdk/System/Library/Frameworks/HomeKit.framework/Headers/HMAccessorySetupPayload.h
2026-06-03T08:46:50.2899880Z x iPhoneOS14.5.sdk/System/Library/Frameworks/HomeKit.framework/Headers/HMCharacteristic.h
2026-06-03T08:46:50.2900720Z x iPhoneOS14.5.sdk/System/Library/Frameworks/HomeKit.framework/Headers/HMUser.h
2026-06-03T08:46:50.2902510Z x iPhoneOS14.5.sdk/System/Library/Frameworks/HomeKit.framework/Headers/HMServiceTypes.h
2026-06-03T08:46:50.2903110Z x iPhoneOS14.5.sdk/System/Library/Frameworks/HomeKit.framework/Headers/HMCameraSource.h
2026-06-03T08:46:50.2904070Z x iPhoneOS14.5.sdk/System/Library/Frameworks/HomeKit.framework/Headers/HMHomeAccessControl.h
2026-06-03T08:46:50.2908560Z x iPhoneOS14.5.sdk/System/Library/Frameworks/HomeKit.framework/Headers/HMCameraSettingsControl.h
2026-06-03T08:46:50.2909470Z x iPhoneOS14.5.sdk/System/Library/Frameworks/HomeKit.framework/Headers/HMService.h
2026-06-03T08:46:50.2911060Z x iPhoneOS14.5.sdk/System/Library/Frameworks/HomeKit.framework/Headers/HMHomeManager.h
2026-06-03T08:46:50.2911560Z x iPhoneOS14.5.sdk/System/Library/Frameworks/HomeKit.framework/Headers/HMPresenceEventDefines.h
2026-06-03T08:46:50.2912940Z x iPhoneOS14.5.sdk/System/Library/Frameworks/HomeKit.framework/Headers/HMCharacteristicThresholdRangeEvent.h
2026-06-03T08:46:50.2913810Z x iPhoneOS14.5.sdk/System/Library/Frameworks/HomeKit.framework/Headers/HMCameraStream.h
2026-06-03T08:46:50.2914830Z x iPhoneOS14.5.sdk/System/Library/Frameworks/HomeKit.framework/Headers/HMServiceGroup.h
2026-06-03T08:46:50.2915760Z x iPhoneOS14.5.sdk/System/Library/Frameworks/HomeKit.framework/Headers/HMDurationEvent.h
2026-06-03T08:46:50.2916890Z x iPhoneOS14.5.sdk/System/Library/Frameworks/HomeKit.framework/Headers/HMAccessoryCategory.h
2026-06-03T08:46:50.2918050Z x iPhoneOS14.5.sdk/System/Library/Frameworks/HomeKit.framework/Headers/HMDefines.h
2026-06-03T08:46:50.2918770Z x iPhoneOS14.5.sdk/System/Library/Frameworks/HomeKit.framework/Headers/HMRoom.h
2026-06-03T08:46:50.2919770Z x iPhoneOS14.5.sdk/System/Library/Frameworks/HomeKit.framework/Headers/HMCameraStreamControl.h
2026-06-03T08:46:50.2920790Z x iPhoneOS14.5.sdk/System/Library/Frameworks/HomeKit.framework/Headers/HMAccessControl.h
2026-06-03T08:46:50.2922400Z x iPhoneOS14.5.sdk/System/Library/Frameworks/HomeKit.framework/Headers/HMCameraSnapshotControl.h
2026-06-03T08:46:50.2922990Z x iPhoneOS14.5.sdk/System/Library/Frameworks/HomeKit.framework/Headers/HMPresenceEvent.h
2026-06-03T08:46:50.2923910Z x iPhoneOS14.5.sdk/System/Library/Frameworks/HomeKit.framework/Headers/HMCameraAudioControl.h
2026-06-03T08:46:50.2925420Z x iPhoneOS14.5.sdk/System/Library/Frameworks/HomeKit.framework/Headers/HMCameraView.h
2026-06-03T08:46:50.2926110Z x iPhoneOS14.5.sdk/System/Library/Frameworks/HomeKit.framework/Headers/HMCameraSnapshot.h
2026-06-03T08:46:50.2927010Z x iPhoneOS14.5.sdk/System/Library/Frameworks/HomeKit.framework/Headers/HMAccessory+Camera.h
2026-06-03T08:46:50.2928170Z x iPhoneOS14.5.sdk/System/Library/Frameworks/HomeKit.framework/Headers/HMCharacteristicMetadata.h
2026-06-03T08:46:50.2929040Z x iPhoneOS14.5.sdk/System/Library/Frameworks/HomeKit.framework/Headers/HMCameraProfile.h
2026-06-03T08:46:50.2929920Z x iPhoneOS14.5.sdk/System/Library/Frameworks/HomeKit.framework/Headers/HMEventTriggerActivationState.h
2026-06-03T08:46:50.2930770Z x iPhoneOS14.5.sdk/System/Library/Frameworks/HomeKit.framework/Headers/HMNetworkConfigurationProfile.h
2026-06-03T08:46:50.2935690Z x iPhoneOS14.5.sdk/System/Library/Frameworks/HomeKit.framework/Headers/HMAccessoryProfile.h
2026-06-03T08:46:50.2936580Z x iPhoneOS14.5.sdk/System/Library/Frameworks/HomeKit.framework/Headers/HMAccessory.h
2026-06-03T08:46:50.2937350Z x iPhoneOS14.5.sdk/System/Library/Frameworks/HomeKit.framework/Headers/HMEventTrigger.h
2026-06-03T08:46:50.2938170Z x iPhoneOS14.5.sdk/System/Library/Frameworks/HomeKit.framework/Headers/HomeKit.h
2026-06-03T08:46:50.2939040Z x iPhoneOS14.5.sdk/System/Library/Frameworks/HomeKit.framework/Headers/HMCameraDefines.h
2026-06-03T08:46:50.2940490Z x iPhoneOS14.5.sdk/System/Library/Frameworks/HomeKit.framework/Headers/HMLocationEvent.h
2026-06-03T08:46:50.2941080Z x iPhoneOS14.5.sdk/System/Library/Frameworks/HomeKit.framework/Headers/HMError.h
2026-06-03T08:46:50.2946540Z x iPhoneOS14.5.sdk/System/Library/Frameworks/HomeKit.framework/Headers/HMCharacteristicDefines.h
2026-06-03T08:46:50.2947660Z x iPhoneOS14.5.sdk/System/Library/Frameworks/HomeKit.framework/Headers/HMCharacteristicEvent.h
2026-06-03T08:46:50.2954200Z x iPhoneOS14.5.sdk/System/Library/Frameworks/HomeKit.framework/HomeKit.tbd
2026-06-03T08:46:50.2954600Z x iPhoneOS14.5.sdk/System/Library/Frameworks/AudioToolbox.framework/
2026-06-03T08:46:50.2955000Z x iPhoneOS14.5.sdk/System/Library/Frameworks/AudioToolbox.framework/Modules/
2026-06-03T08:46:50.2956610Z x iPhoneOS14.5.sdk/System/Library/Frameworks/AudioToolbox.framework/Modules/module.modulemap
2026-06-03T08:46:50.2957070Z x iPhoneOS14.5.sdk/System/Library/Frameworks/AudioToolbox.framework/Headers/
2026-06-03T08:46:50.2957540Z x iPhoneOS14.5.sdk/System/Library/Frameworks/AudioToolbox.framework/Headers/AudioFormat.h
2026-06-03T08:46:50.2964850Z x iPhoneOS14.5.sdk/System/Library/Frameworks/AudioToolbox.framework/Headers/CAFFile.h
2026-06-03T08:46:50.2971870Z x iPhoneOS14.5.sdk/System/Library/Frameworks/AudioToolbox.framework/Headers/AudioCodec.h
2026-06-03T08:46:50.2973030Z x iPhoneOS14.5.sdk/System/Library/Frameworks/AudioToolbox.framework/Headers/ExtendedAudioFile.h
2026-06-03T08:46:50.2973770Z x iPhoneOS14.5.sdk/System/Library/Frameworks/AudioToolbox.framework/Headers/AudioToolbox.apinotes
2026-06-03T08:46:50.2982030Z x iPhoneOS14.5.sdk/System/Library/Frameworks/AudioToolbox.framework/Headers/AudioComponent.h
2026-06-03T08:46:50.2982970Z x iPhoneOS14.5.sdk/System/Library/Frameworks/AudioToolbox.framework/Headers/CAShow.h
2026-06-03T08:46:50.2983890Z x iPhoneOS14.5.sdk/System/Library/Frameworks/AudioToolbox.framework/Headers/AUGraph.h
2026-06-03T08:46:50.2990970Z x iPhoneOS14.5.sdk/System/Library/Frameworks/AudioToolbox.framework/Headers/AudioFile.h
2026-06-03T08:46:50.2991880Z x iPhoneOS14.5.sdk/System/Library/Frameworks/AudioToolbox.framework/Headers/AUParameters.h
2026-06-03T08:46:50.2998850Z x iPhoneOS14.5.sdk/System/Library/Frameworks/AudioToolbox.framework/Headers/MusicDevice.h
2026-06-03T08:46:50.2999760Z x iPhoneOS14.5.sdk/System/Library/Frameworks/AudioToolbox.framework/Headers/AudioSession.h
2026-06-03T08:46:50.3006830Z x iPhoneOS14.5.sdk/System/Library/Frameworks/AudioToolbox.framework/Headers/AudioFileStream.h
2026-06-03T08:46:50.3013340Z x iPhoneOS14.5.sdk/System/Library/Frameworks/AudioToolbox.framework/Headers/MusicPlayer.h
2026-06-03T08:46:50.3020820Z x iPhoneOS14.5.sdk/System/Library/Frameworks/AudioToolbox.framework/Headers/AudioConverter.h
2026-06-03T08:46:50.3021750Z x iPhoneOS14.5.sdk/System/Library/Frameworks/AudioToolbox.framework/Headers/AudioWorkInterval.h
2026-06-03T08:46:50.3028750Z x iPhoneOS14.5.sdk/System/Library/Frameworks/AudioToolbox.framework/Headers/AUComponent.h
2026-06-03T08:46:50.3035070Z x iPhoneOS14.5.sdk/System/Library/Frameworks/AudioToolbox.framework/Headers/AudioQueue.h
2026-06-03T08:46:50.3054600Z x iPhoneOS14.5.sdk/System/Library/Frameworks/AudioToolbox.framework/Headers/AudioUnitProperties.h
2026-06-03T08:46:50.3055570Z x iPhoneOS14.5.sdk/System/Library/Frameworks/AudioToolbox.framework/Headers/AudioUnitParameters.h
2026-06-03T08:46:50.3062040Z x iPhoneOS14.5.sdk/System/Library/Frameworks/AudioToolbox.framework/Headers/AudioServices.h
2026-06-03T08:46:50.3062890Z x iPhoneOS14.5.sdk/System/Library/Frameworks/AudioToolbox.framework/Headers/AudioToolbox.h
2026-06-03T08:46:50.3063980Z x iPhoneOS14.5.sdk/System/Library/Frameworks/AudioToolbox.framework/Headers/AUAudioUnitImplementation.h
2026-06-03T08:46:50.3065600Z x iPhoneOS14.5.sdk/System/Library/Frameworks/AudioToolbox.framework/Headers/AudioUnit.h
2026-06-03T08:46:50.3066150Z x iPhoneOS14.5.sdk/System/Library/Frameworks/AudioToolbox.framework/Headers/AudioOutputUnit.h
2026-06-03T08:46:50.3072940Z x iPhoneOS14.5.sdk/System/Library/Frameworks/AudioToolbox.framework/Headers/AUAudioUnit.h
2026-06-03T08:46:50.3083540Z x iPhoneOS14.5.sdk/System/Library/Frameworks/AudioToolbox.framework/AudioToolbox.tbd
2026-06-03T08:46:50.3083980Z x iPhoneOS14.5.sdk/System/Library/Frameworks/BusinessChat.framework/
2026-06-03T08:46:50.3084460Z x iPhoneOS14.5.sdk/System/Library/Frameworks/BusinessChat.framework/Modules/
2026-06-03T08:46:50.3085460Z x iPhoneOS14.5.sdk/System/Library/Frameworks/BusinessChat.framework/Modules/module.modulemap
2026-06-03T08:46:50.3085940Z x iPhoneOS14.5.sdk/System/Library/Frameworks/BusinessChat.framework/Headers/
2026-06-03T08:46:50.3087100Z x iPhoneOS14.5.sdk/System/Library/Frameworks/BusinessChat.framework/Headers/BusinessChat.h
2026-06-03T08:46:50.3087950Z x iPhoneOS14.5.sdk/System/Library/Frameworks/BusinessChat.framework/Headers/BCChatButton.h
2026-06-03T08:46:50.3089080Z x iPhoneOS14.5.sdk/System/Library/Frameworks/BusinessChat.framework/Headers/BCChatAction.h
2026-06-03T08:46:50.3089630Z x iPhoneOS14.5.sdk/System/Library/Frameworks/BusinessChat.framework/BusinessChat.tbd
2026-06-03T08:46:50.3090050Z x iPhoneOS14.5.sdk/System/Library/Frameworks/MetalKit.framework/
2026-06-03T08:46:50.3091360Z x iPhoneOS14.5.sdk/System/Library/Frameworks/MetalKit.framework/Modules/
2026-06-03T08:46:50.3092660Z x iPhoneOS14.5.sdk/System/Library/Frameworks/MetalKit.framework/Modules/module.modulemap
2026-06-03T08:46:50.3093130Z x iPhoneOS14.5.sdk/System/Library/Frameworks/MetalKit.framework/Headers/
2026-06-03T08:46:50.3093570Z x iPhoneOS14.5.sdk/System/Library/Frameworks/MetalKit.framework/Headers/MTKTextureLoader.h
2026-06-03T08:46:50.3094180Z x iPhoneOS14.5.sdk/System/Library/Frameworks/MetalKit.framework/Headers/MTKView.h
2026-06-03T08:46:50.3100850Z x iPhoneOS14.5.sdk/System/Library/Frameworks/MetalKit.framework/Headers/MTKModel.h
2026-06-03T08:46:50.3101720Z x iPhoneOS14.5.sdk/System/Library/Frameworks/MetalKit.framework/Headers/MetalKit.h
2026-06-03T08:46:50.3102650Z x iPhoneOS14.5.sdk/System/Library/Frameworks/MetalKit.framework/Headers/MetalKit.apinotes
2026-06-03T08:46:50.3103930Z x iPhoneOS14.5.sdk/System/Library/Frameworks/MetalKit.framework/Headers/MTKDefines.h
2026-06-03T08:46:50.3104420Z x iPhoneOS14.5.sdk/System/Library/Frameworks/MetalKit.framework/MetalKit.tbd
2026-06-03T08:46:50.3104990Z x iPhoneOS14.5.sdk/System/Library/Frameworks/MapKit.framework/
2026-06-03T08:46:50.3105410Z x iPhoneOS14.5.sdk/System/Library/Frameworks/MapKit.framework/Modules/
2026-06-03T08:46:50.3106200Z x iPhoneOS14.5.sdk/System/Library/Frameworks/MapKit.framework/Modules/module.modulemap
2026-06-03T08:46:50.3106810Z x iPhoneOS14.5.sdk/System/Library/Frameworks/MapKit.framework/Modules/MapKit.swiftcrossimport/
2026-06-03T08:46:50.3107650Z x iPhoneOS14.5.sdk/System/Library/Frameworks/MapKit.framework/Modules/MapKit.swiftcrossimport/SwiftUI.swiftoverlay
2026-06-03T08:46:50.3112700Z x iPhoneOS14.5.sdk/System/Library/Frameworks/MapKit.framework/MapKit.tbd
2026-06-03T08:46:50.3113070Z x iPhoneOS14.5.sdk/System/Library/Frameworks/MapKit.framework/Headers/
2026-06-03T08:46:50.3113580Z x iPhoneOS14.5.sdk/System/Library/Frameworks/MapKit.framework/Headers/MKPolygonView.h
2026-06-03T08:46:50.3114400Z x iPhoneOS14.5.sdk/System/Library/Frameworks/MapKit.framework/Headers/MKTypes.h
2026-06-03T08:46:50.3115450Z x iPhoneOS14.5.sdk/System/Library/Frameworks/MapKit.framework/Headers/MKDistanceFormatter.h
2026-06-03T08:46:50.3116390Z x iPhoneOS14.5.sdk/System/Library/Frameworks/MapKit.framework/Headers/MKPointOfInterestCategory.h
2026-06-03T08:46:50.3117260Z x iPhoneOS14.5.sdk/System/Library/Frameworks/MapKit.framework/Headers/MKMultiPolylineRenderer.h
2026-06-03T08:46:50.3118450Z x iPhoneOS14.5.sdk/System/Library/Frameworks/MapKit.framework/Headers/MKLocalSearchResponse.h
2026-06-03T08:46:50.3119000Z x iPhoneOS14.5.sdk/System/Library/Frameworks/MapKit.framework/Headers/MKCircleView.h
2026-06-03T08:46:50.3119920Z x iPhoneOS14.5.sdk/System/Library/Frameworks/MapKit.framework/Headers/MKTileOverlay.h
2026-06-03T08:46:50.3121000Z x iPhoneOS14.5.sdk/System/Library/Frameworks/MapKit.framework/Headers/MKMultiPolyline.h
2026-06-03T08:46:50.3121780Z x iPhoneOS14.5.sdk/System/Library/Frameworks/MapKit.framework/Headers/MKMapSnapshotter.h
2026-06-03T08:46:50.3123170Z x iPhoneOS14.5.sdk/System/Library/Frameworks/MapKit.framework/Headers/MKClusterAnnotation.h
2026-06-03T08:46:50.3123660Z x iPhoneOS14.5.sdk/System/Library/Frameworks/MapKit.framework/Headers/MKFoundation.h
2026-06-03T08:46:50.3124730Z x iPhoneOS14.5.sdk/System/Library/Frameworks/MapKit.framework/Headers/MKLocalSearch.h
2026-06-03T08:46:50.3125300Z x iPhoneOS14.5.sdk/System/Library/Frameworks/MapKit.framework/Headers/MKOverlayRenderer.h
2026-06-03T08:46:50.3126350Z x iPhoneOS14.5.sdk/System/Library/Frameworks/MapKit.framework/Headers/MKCircle.h
2026-06-03T08:46:50.3128980Z x iPhoneOS14.5.sdk/System/Library/Frameworks/MapKit.framework/Headers/MKPolygonRenderer.h
2026-06-03T08:46:50.3129490Z x iPhoneOS14.5.sdk/System/Library/Frameworks/MapKit.framework/Headers/MKGeodesicPolyline.h
2026-06-03T08:46:50.3130200Z x iPhoneOS14.5.sdk/System/Library/Frameworks/MapKit.framework/Headers/MKOverlayView.h
2026-06-03T08:46:50.3131100Z x iPhoneOS14.5.sdk/System/Library/Frameworks/MapKit.framework/Headers/MKReverseGeocoder.h
2026-06-03T08:46:50.3132370Z x iPhoneOS14.5.sdk/System/Library/Frameworks/MapKit.framework/Headers/MKUserTrackingBarButtonItem.h
2026-06-03T08:46:50.3133150Z x iPhoneOS14.5.sdk/System/Library/Frameworks/MapKit.framework/Headers/MKOverlay.h
2026-06-03T08:46:50.3134250Z x iPhoneOS14.5.sdk/System/Library/Frameworks/MapKit.framework/Headers/MKMapCamera.h
2026-06-03T08:46:50.3147530Z x iPhoneOS14.5.sdk/System/Library/Frameworks/MapKit.framework/Headers/MKMultiPolygonRenderer.h
2026-06-03T08:46:50.3148110Z x iPhoneOS14.5.sdk/System/Library/Frameworks/MapKit.framework/Headers/MKDirections.h
2026-06-03T08:46:50.3148760Z x iPhoneOS14.5.sdk/System/Library/Frameworks/MapKit.framework/Headers/MKPlacemark.h
2026-06-03T08:46:50.3149360Z x iPhoneOS14.5.sdk/System/Library/Frameworks/MapKit.framework/Headers/MKMapSnapshot.h
2026-06-03T08:46:50.3151090Z x iPhoneOS14.5.sdk/System/Library/Frameworks/MapKit.framework/Headers/MKDirectionsResponse.h
2026-06-03T08:46:50.3151660Z x iPhoneOS14.5.sdk/System/Library/Frameworks/MapKit.framework/Headers/MKDirectionsTypes.h
2026-06-03T08:46:50.3152190Z x iPhoneOS14.5.sdk/System/Library/Frameworks/MapKit.framework/Headers/MKZoomControl.h
2026-06-03T08:46:50.3156240Z x iPhoneOS14.5.sdk/System/Library/Frameworks/MapKit.framework/Headers/MKCompassButton.h
2026-06-03T08:46:50.3157190Z x iPhoneOS14.5.sdk/System/Library/Frameworks/MapKit.framework/Headers/MKTileOverlayRenderer.h
2026-06-03T08:46:50.3158110Z x iPhoneOS14.5.sdk/System/Library/Frameworks/MapKit.framework/Headers/MapKit.apinotes
2026-06-03T08:46:50.3160200Z x iPhoneOS14.5.sdk/System/Library/Frameworks/MapKit.framework/Headers/MKMultiPoint.h
2026-06-03T08:46:50.3160880Z x iPhoneOS14.5.sdk/System/Library/Frameworks/MapKit.framework/Headers/MKMapItem.h
2026-06-03T08:46:50.3161730Z x iPhoneOS14.5.sdk/System/Library/Frameworks/MapKit.framework/Headers/MKOverlayPathRenderer.h
2026-06-03T08:46:50.3162640Z x iPhoneOS14.5.sdk/System/Library/Frameworks/MapKit.framework/Headers/MKGeoJSONSerialization.h
2026-06-03T08:46:50.3163470Z x iPhoneOS14.5.sdk/System/Library/Frameworks/MapKit.framework/Headers/MKScaleView.h
2026-06-03T08:46:50.3164390Z x iPhoneOS14.5.sdk/System/Library/Frameworks/MapKit.framework/Headers/MKLocalSearchRequest.h
2026-06-03T08:46:50.3165630Z x iPhoneOS14.5.sdk/System/Library/Frameworks/MapKit.framework/Headers/MKGeometry.h
2026-06-03T08:46:50.3166580Z x iPhoneOS14.5.sdk/System/Library/Frameworks/MapKit.framework/Headers/MKPinAnnotationView.h
2026-06-03T08:46:50.3167560Z x iPhoneOS14.5.sdk/System/Library/Frameworks/MapKit.framework/Headers/MKMapCameraZoomRange.h
2026-06-03T08:46:50.3168280Z x iPhoneOS14.5.sdk/System/Library/Frameworks/MapKit.framework/Headers/MapKit.h
2026-06-03T08:46:50.3169230Z x iPhoneOS14.5.sdk/System/Library/Frameworks/MapKit.framework/Headers/MKPointAnnotation.h
2026-06-03T08:46:50.3170600Z x iPhoneOS14.5.sdk/System/Library/Frameworks/MapKit.framework/Headers/MKUserLocation.h
2026-06-03T08:46:50.3171170Z x iPhoneOS14.5.sdk/System/Library/Frameworks/MapKit.framework/Headers/MKUserTrackingButton.h
2026-06-03T08:46:50.3172100Z x iPhoneOS14.5.sdk/System/Library/Frameworks/MapKit.framework/Headers/MKShape.h
2026-06-03T08:46:50.3172850Z x iPhoneOS14.5.sdk/System/Library/Frameworks/MapKit.framework/Headers/MKPolygon.h
2026-06-03T08:46:50.3174460Z x iPhoneOS14.5.sdk/System/Library/Frameworks/MapKit.framework/Headers/MKAnnotation.h
2026-06-03T08:46:50.3175020Z x iPhoneOS14.5.sdk/System/Library/Frameworks/MapKit.framework/Headers/MKPolylineView.h
2026-06-03T08:46:50.3176010Z x iPhoneOS14.5.sdk/System/Library/Frameworks/MapKit.framework/Headers/MKPitchControl.h
2026-06-03T08:46:50.3176830Z x iPhoneOS14.5.sdk/System/Library/Frameworks/MapKit.framework/Headers/MKPolylineRenderer.h
2026-06-03T08:46:50.3183090Z x iPhoneOS14.5.sdk/System/Library/Frameworks/MapKit.framework/Headers/MKMapView.h
2026-06-03T08:46:50.3184500Z x iPhoneOS14.5.sdk/System/Library/Frameworks/MapKit.framework/Headers/MKLocalPointsOfInterestRequest.h
2026-06-03T08:46:50.3185080Z x iPhoneOS14.5.sdk/System/Library/Frameworks/MapKit.framework/Headers/MKMapSnapshotOptions.h
2026-06-03T08:46:50.3185730Z x iPhoneOS14.5.sdk/System/Library/Frameworks/MapKit.framework/Headers/MKMultiPolygon.h
2026-06-03T08:46:50.3186650Z x iPhoneOS14.5.sdk/System/Library/Frameworks/MapKit.framework/Headers/MKGradientPolylineRenderer.h
2026-06-03T08:46:50.3187510Z x iPhoneOS14.5.sdk/System/Library/Frameworks/MapKit.framework/Headers/MKDirectionsRequest.h
2026-06-03T08:46:50.3188040Z x iPhoneOS14.5.sdk/System/Library/Frameworks/MapKit.framework/Headers/MKMarkerAnnotationView.h
2026-06-03T08:46:50.3188830Z x iPhoneOS14.5.sdk/System/Library/Frameworks/MapKit.framework/Headers/MKAnnotationView.h
2026-06-03T08:46:50.3189650Z x iPhoneOS14.5.sdk/System/Library/Frameworks/MapKit.framework/Headers/MKUserLocationView.h
2026-06-03T08:46:50.3190540Z x iPhoneOS14.5.sdk/System/Library/Frameworks/MapKit.framework/Headers/NSUserActivity+MKMapItem.h
2026-06-03T08:46:50.3191410Z x iPhoneOS14.5.sdk/System/Library/Frameworks/MapKit.framework/Headers/MKMapCameraBoundary.h
2026-06-03T08:46:50.3192160Z x iPhoneOS14.5.sdk/System/Library/Frameworks/MapKit.framework/Headers/MKPointOfInterestFilter.h
2026-06-03T08:46:50.3193160Z x iPhoneOS14.5.sdk/System/Library/Frameworks/MapKit.framework/Headers/MKCircleRenderer.h
2026-06-03T08:46:50.3194490Z x iPhoneOS14.5.sdk/System/Library/Frameworks/MapKit.framework/Headers/MKOverlayPathView.h
2026-06-03T08:46:50.3195040Z x iPhoneOS14.5.sdk/System/Library/Frameworks/MapKit.framework/Headers/MKPolyline.h
2026-06-03T08:46:50.3195680Z x iPhoneOS14.5.sdk/System/Library/Frameworks/MapKit.framework/Headers/MKLocalSearchCompleter.h
2026-06-03T08:46:50.3196130Z x iPhoneOS14.5.sdk/System/Library/Frameworks/SpriteKit.framework/
2026-06-03T08:46:50.3196560Z x iPhoneOS14.5.sdk/System/Library/Frameworks/SpriteKit.framework/Modules/
2026-06-03T08:46:50.3197100Z x iPhoneOS14.5.sdk/System/Library/Frameworks/SpriteKit.framework/Modules/SpriteKit.swiftcrossimport/
2026-06-03T08:46:50.3197860Z x iPhoneOS14.5.sdk/System/Library/Frameworks/SpriteKit.framework/Modules/SpriteKit.swiftcrossimport/SwiftUI.swiftoverlay
2026-06-03T08:46:50.3198770Z x iPhoneOS14.5.sdk/System/Library/Frameworks/SpriteKit.framework/Modules/module.modulemap
2026-06-03T08:46:50.3205760Z x iPhoneOS14.5.sdk/System/Library/Frameworks/SpriteKit.framework/SpriteKit.tbd
2026-06-03T08:46:50.3206240Z x iPhoneOS14.5.sdk/System/Library/Frameworks/SpriteKit.framework/Headers/
2026-06-03T08:46:50.3207250Z x iPhoneOS14.5.sdk/System/Library/Frameworks/SpriteKit.framework/Headers/SKCropNode.h
2026-06-03T08:46:50.3208330Z x iPhoneOS14.5.sdk/System/Library/Frameworks/SpriteKit.framework/Headers/SKTileDefinition.h
2026-06-03T08:46:50.3209240Z x iPhoneOS14.5.sdk/System/Library/Frameworks/SpriteKit.framework/Headers/SKReferenceNode.h
2026-06-03T08:46:50.3210320Z x iPhoneOS14.5.sdk/System/Library/Frameworks/SpriteKit.framework/Headers/SK3DNode.h
2026-06-03T08:46:50.3219700Z x iPhoneOS14.5.sdk/System/Library/Frameworks/SpriteKit.framework/Headers/SKAction.h
2026-06-03T08:46:50.3228090Z x iPhoneOS14.5.sdk/System/Library/Frameworks/SpriteKit.framework/Headers/SKTexture.h
2026-06-03T08:46:50.3228600Z x iPhoneOS14.5.sdk/System/Library/Frameworks/SpriteKit.framework/Headers/SKWarpGeometry.h
2026-06-03T08:46:50.3229360Z x iPhoneOS14.5.sdk/System/Library/Frameworks/SpriteKit.framework/Headers/SKCameraNode.h
2026-06-03T08:46:50.3229910Z x iPhoneOS14.5.sdk/System/Library/Frameworks/SpriteKit.framework/Headers/SKPhysicsJoint.h
2026-06-03T08:46:50.3230510Z x iPhoneOS14.5.sdk/System/Library/Frameworks/SpriteKit.framework/Headers/SKTransition.h
2026-06-03T08:46:50.3231000Z x iPhoneOS14.5.sdk/System/Library/Frameworks/SpriteKit.framework/Headers/SKPhysicsWorld.h
2026-06-03T08:46:50.3231480Z x iPhoneOS14.5.sdk/System/Library/Frameworks/SpriteKit.framework/Headers/SKShapeNode.h
2026-06-03T08:46:50.3232040Z x iPhoneOS14.5.sdk/System/Library/Frameworks/SpriteKit.framework/Headers/SKScene.h
2026-06-03T08:46:50.3232540Z x iPhoneOS14.5.sdk/System/Library/Frameworks/SpriteKit.framework/Headers/SKView.h
2026-06-03T08:46:50.3232990Z x iPhoneOS14.5.sdk/System/Library/Frameworks/SpriteKit.framework/Headers/SKLabelNode.h
2026-06-03T08:46:50.3233470Z x iPhoneOS14.5.sdk/System/Library/Frameworks/SpriteKit.framework/Headers/SKAttribute.h
2026-06-03T08:46:50.3234160Z x iPhoneOS14.5.sdk/System/Library/Frameworks/SpriteKit.framework/Headers/SKMutableTexture.h
2026-06-03T08:46:50.3235250Z x iPhoneOS14.5.sdk/System/Library/Frameworks/SpriteKit.framework/Headers/SpriteKitBase.h
2026-06-03T08:46:50.3236120Z x iPhoneOS14.5.sdk/System/Library/Frameworks/SpriteKit.framework/Headers/SpriteKit.apinotes
2026-06-03T08:46:50.3241730Z x iPhoneOS14.5.sdk/System/Library/Frameworks/SpriteKit.framework/Headers/SKConstraint.h
2026-06-03T08:46:50.3243170Z x iPhoneOS14.5.sdk/System/Library/Frameworks/SpriteKit.framework/Headers/SKPhysicsContact.h
2026-06-03T08:46:50.3243670Z x iPhoneOS14.5.sdk/System/Library/Frameworks/SpriteKit.framework/Headers/SKVersion.h
2026-06-03T08:46:50.3244700Z x iPhoneOS14.5.sdk/System/Library/Frameworks/SpriteKit.framework/Headers/SKShader.h
2026-06-03T08:46:50.3245640Z x iPhoneOS14.5.sdk/System/Library/Frameworks/SpriteKit.framework/Headers/SKTileSet.h
2026-06-03T08:46:50.3246570Z x iPhoneOS14.5.sdk/System/Library/Frameworks/SpriteKit.framework/Headers/SKFieldNode.h
2026-06-03T08:46:50.3247700Z x iPhoneOS14.5.sdk/System/Library/Frameworks/SpriteKit.framework/Headers/SKUniform.h
2026-06-03T08:46:50.3249110Z x iPhoneOS14.5.sdk/System/Library/Frameworks/SpriteKit.framework/Headers/SKVideoNode.h
2026-06-03T08:46:50.3250300Z x iPhoneOS14.5.sdk/System/Library/Frameworks/SpriteKit.framework/Headers/SpriteKit.h
2026-06-03T08:46:50.3251230Z x iPhoneOS14.5.sdk/System/Library/Frameworks/SpriteKit.framework/Headers/SKAudioNode.h
2026-06-03T08:46:50.3252520Z x iPhoneOS14.5.sdk/System/Library/Frameworks/SpriteKit.framework/Headers/SKTextureAtlas.h
2026-06-03T08:46:50.3253510Z x iPhoneOS14.5.sdk/System/Library/Frameworks/SpriteKit.framework/Headers/SKEmitterNode.h
2026-06-03T08:46:50.3261210Z x iPhoneOS14.5.sdk/System/Library/Frameworks/SpriteKit.framework/Headers/SKSpriteNode.h
2026-06-03T08:46:50.3262000Z x iPhoneOS14.5.sdk/System/Library/Frameworks/SpriteKit.framework/Headers/SKNode.h
2026-06-03T08:46:50.3262790Z x iPhoneOS14.5.sdk/System/Library/Frameworks/SpriteKit.framework/Headers/SKLightNode.h
2026-06-03T08:46:50.3263880Z x iPhoneOS14.5.sdk/System/Library/Frameworks/SpriteKit.framework/Headers/SKRegion.h
2026-06-03T08:46:50.3264730Z x iPhoneOS14.5.sdk/System/Library/Frameworks/SpriteKit.framework/Headers/SKEffectNode.h
2026-06-03T08:46:50.3266080Z x iPhoneOS14.5.sdk/System/Library/Frameworks/SpriteKit.framework/Headers/SKPhysicsBody.h
2026-06-03T08:46:50.3267070Z x iPhoneOS14.5.sdk/System/Library/Frameworks/SpriteKit.framework/Headers/SKTileMapNode.h
2026-06-03T08:46:50.3268160Z x iPhoneOS14.5.sdk/System/Library/Frameworks/SpriteKit.framework/Headers/SKRenderer.h
2026-06-03T08:46:50.3269070Z x iPhoneOS14.5.sdk/System/Library/Frameworks/SpriteKit.framework/Headers/SKKeyframeSequence.h
2026-06-03T08:46:50.3269810Z x iPhoneOS14.5.sdk/System/Library/Frameworks/SpriteKit.framework/Headers/SKTransformNode.h
2026-06-03T08:46:50.3270650Z x iPhoneOS14.5.sdk/System/Library/Frameworks/SpriteKit.framework/Headers/SKReachConstraints.h
2026-06-03T08:46:50.3271820Z x iPhoneOS14.5.sdk/System/Library/Frameworks/NetworkExtension.framework/
2026-06-03T08:46:50.3274380Z x iPhoneOS14.5.sdk/System/Library/Frameworks/NetworkExtension.framework/Modules/
2026-06-03T08:46:50.3275030Z x iPhoneOS14.5.sdk/System/Library/Frameworks/NetworkExtension.framework/Modules/module.modulemap
2026-06-03T08:46:50.3275570Z x iPhoneOS14.5.sdk/System/Library/Frameworks/NetworkExtension.framework/Headers/
2026-06-03T08:46:50.3279230Z x iPhoneOS14.5.sdk/System/Library/Frameworks/NetworkExtension.framework/Headers/NEFilterProvider.h
2026-06-03T08:46:50.3280170Z x iPhoneOS14.5.sdk/System/Library/Frameworks/NetworkExtension.framework/Headers/NEFilterSettings.h
2026-06-03T08:46:50.3281030Z x iPhoneOS14.5.sdk/System/Library/Frameworks/NetworkExtension.framework/Headers/NEFilterDataProvider.h
2026-06-03T08:46:50.3282400Z x iPhoneOS14.5.sdk/System/Library/Frameworks/NetworkExtension.framework/Headers/NEIPv4Settings.h
2026-06-03T08:46:50.3283340Z x iPhoneOS14.5.sdk/System/Library/Frameworks/NetworkExtension.framework/Headers/NEAppProxyTCPFlow.h
2026-06-03T08:46:50.3284070Z x iPhoneOS14.5.sdk/System/Library/Frameworks/NetworkExtension.framework/Headers/NEVPNManager.h
2026-06-03T08:46:50.3285540Z x iPhoneOS14.5.sdk/System/Library/Frameworks/NetworkExtension.framework/Headers/NetworkExtension.apinotes
2026-06-03T08:46:50.3286620Z x iPhoneOS14.5.sdk/System/Library/Frameworks/NetworkExtension.framework/Headers/NWBonjourServiceEndpoint.h
2026-06-03T08:46:50.3287700Z x iPhoneOS14.5.sdk/System/Library/Frameworks/NetworkExtension.framework/Headers/NEVPNConnection.h
2026-06-03T08:46:50.3288740Z x iPhoneOS14.5.sdk/System/Library/Frameworks/NetworkExtension.framework/Headers/NEPacketTunnelNetworkSettings.h
2026-06-03T08:46:50.3294240Z x iPhoneOS14.5.sdk/System/Library/Frameworks/NetworkExtension.framework/Headers/NETunnelProvider.h
2026-06-03T08:46:50.3295130Z x iPhoneOS14.5.sdk/System/Library/Frameworks/NetworkExtension.framework/Headers/NEAppProxyFlow.h
2026-06-03T08:46:50.3296730Z x iPhoneOS14.5.sdk/System/Library/Frameworks/NetworkExtension.framework/Headers/NEProvider.h
2026-06-03T08:46:50.3298160Z x iPhoneOS14.5.sdk/System/Library/Frameworks/NetworkExtension.framework/Headers/NEDNSProxyManager.h
2026-06-03T08:46:50.3298930Z x iPhoneOS14.5.sdk/System/Library/Frameworks/NetworkExtension.framework/Headers/NEAppProxyProviderManager.h
2026-06-03T08:46:50.3299870Z x iPhoneOS14.5.sdk/System/Library/Frameworks/NetworkExtension.framework/Headers/NetworkExtension.h
2026-06-03T08:46:50.3300830Z x iPhoneOS14.5.sdk/System/Library/Frameworks/NetworkExtension.framework/Headers/NEProxySettings.h
2026-06-03T08:46:50.3303280Z x iPhoneOS14.5.sdk/System/Library/Frameworks/NetworkExtension.framework/Headers/NEFlowMetaData.h
2026-06-03T08:46:50.3303920Z x iPhoneOS14.5.sdk/System/Library/Frameworks/NetworkExtension.framework/Headers/NEAppPushManager.h
2026-06-03T08:46:50.3309840Z x iPhoneOS14.5.sdk/System/Library/Frameworks/NetworkExtension.framework/Headers/NEVPNProtocolIKEv2.h
2026-06-03T08:46:50.3312640Z x iPhoneOS14.5.sdk/System/Library/Frameworks/NetworkExtension.framework/Headers/NETunnelProviderSession.h
2026-06-03T08:46:50.3314430Z x iPhoneOS14.5.sdk/System/Library/Frameworks/NetworkExtension.framework/Headers/NETransparentProxyNetworkSettings.h
2026-06-03T08:46:50.3315180Z x iPhoneOS14.5.sdk/System/Library/Frameworks/NetworkExtension.framework/Headers/NETunnelNetworkSettings.h
2026-06-03T08:46:50.3315770Z x iPhoneOS14.5.sdk/System/Library/Frameworks/NetworkExtension.framework/Headers/NEHotspotHelper.h
2026-06-03T08:46:50.3316910Z x iPhoneOS14.5.sdk/System/Library/Frameworks/NetworkExtension.framework/Headers/NEAppProxyProvider.h
2026-06-03T08:46:50.3317630Z x iPhoneOS14.5.sdk/System/Library/Frameworks/NetworkExtension.framework/Headers/NEVPNProtocol.h
2026-06-03T08:46:50.3318930Z x iPhoneOS14.5.sdk/System/Library/Frameworks/NetworkExtension.framework/Headers/NEFilterProviderConfiguration.h
2026-06-03T08:46:50.3322290Z x iPhoneOS14.5.sdk/System/Library/Frameworks/NetworkExtension.framework/Headers/NWTCPConnection.h
2026-06-03T08:46:50.3324700Z x iPhoneOS14.5.sdk/System/Library/Frameworks/NetworkExtension.framework/Headers/NEFilterFlow.h
2026-06-03T08:46:50.3325300Z x iPhoneOS14.5.sdk/System/Library/Frameworks/NetworkExtension.framework/Headers/NWHostEndpoint.h
2026-06-03T08:46:50.3325990Z x iPhoneOS14.5.sdk/System/Library/Frameworks/NetworkExtension.framework/Headers/NEOnDemandRule.h
2026-06-03T08:46:50.3327730Z x iPhoneOS14.5.sdk/System/Library/Frameworks/NetworkExtension.framework/Headers/NETunnelProviderManager.h
2026-06-03T08:46:50.3328380Z x iPhoneOS14.5.sdk/System/Library/Frameworks/NetworkExtension.framework/Headers/NETransparentProxyProvider.h
2026-06-03T08:46:50.3329000Z x iPhoneOS14.5.sdk/System/Library/Frameworks/NetworkExtension.framework/Headers/NEPacketTunnelProvider.h
2026-06-03T08:46:50.3330310Z x iPhoneOS14.5.sdk/System/Library/Frameworks/NetworkExtension.framework/Headers/NEFilterManager.h
2026-06-03T08:46:50.3331040Z x iPhoneOS14.5.sdk/System/Library/Frameworks/NetworkExtension.framework/Headers/NETransparentProxyManager.h
2026-06-03T08:46:50.3331830Z x iPhoneOS14.5.sdk/System/Library/Frameworks/NetworkExtension.framework/Headers/NEFilterRule.h
2026-06-03T08:46:50.3333040Z x iPhoneOS14.5.sdk/System/Library/Frameworks/NetworkExtension.framework/Headers/NEAppProxyUDPFlow.h
2026-06-03T08:46:50.3333870Z x iPhoneOS14.5.sdk/System/Library/Frameworks/NetworkExtension.framework/Headers/NEVPNProtocolIPSec.h
2026-06-03T08:46:50.3339050Z x iPhoneOS14.5.sdk/System/Library/Frameworks/NetworkExtension.framework/Headers/NENetworkRule.h
2026-06-03T08:46:50.3340240Z x iPhoneOS14.5.sdk/System/Library/Frameworks/NetworkExtension.framework/Headers/NEDNSSettingsManager.h
2026-06-03T08:46:50.3341220Z x iPhoneOS14.5.sdk/System/Library/Frameworks/NetworkExtension.framework/Headers/NEDNSProxyProvider.h
2026-06-03T08:46:50.3342080Z x iPhoneOS14.5.sdk/System/Library/Frameworks/NetworkExtension.framework/Headers/NWEndpoint.h
2026-06-03T08:46:50.3342910Z x iPhoneOS14.5.sdk/System/Library/Frameworks/NetworkExtension.framework/Headers/NEPacketTunnelFlow.h
2026-06-03T08:46:50.3343780Z x iPhoneOS14.5.sdk/System/Library/Frameworks/NetworkExtension.framework/Headers/NEAppPushProvider.h
2026-06-03T08:46:50.3345160Z x iPhoneOS14.5.sdk/System/Library/Frameworks/NetworkExtension.framework/Headers/NEFilterPacketProvider.h
2026-06-03T08:46:50.3345720Z x iPhoneOS14.5.sdk/System/Library/Frameworks/NetworkExtension.framework/Headers/NEAppRule.h
2026-06-03T08:46:50.3346310Z x iPhoneOS14.5.sdk/System/Library/Frameworks/NetworkExtension.framework/Headers/NWTLSParameters.h
2026-06-03T08:46:50.3347010Z x iPhoneOS14.5.sdk/System/Library/Frameworks/NetworkExtension.framework/Headers/NEDNSSettings.h
2026-06-03T08:46:50.3347850Z x iPhoneOS14.5.sdk/System/Library/Frameworks/NetworkExtension.framework/Headers/NEHotspotNetwork.h
2026-06-03T08:46:50.3349600Z x iPhoneOS14.5.sdk/System/Library/Frameworks/NetworkExtension.framework/Headers/NWUDPSession.h
2026-06-03T08:46:50.3355050Z x iPhoneOS14.5.sdk/System/Library/Frameworks/NetworkExtension.framework/Headers/NEDNSProxyProviderProtocol.h
2026-06-03T08:46:50.3356120Z x iPhoneOS14.5.sdk/System/Library/Frameworks/NetworkExtension.framework/Headers/NEHotspotConfigurationManager.h
2026-06-03T08:46:50.3356750Z x iPhoneOS14.5.sdk/System/Library/Frameworks/NetworkExtension.framework/Headers/NWPath.h
2026-06-03T08:46:50.3357520Z x iPhoneOS14.5.sdk/System/Library/Frameworks/NetworkExtension.framework/Headers/NEPacket.h
2026-06-03T08:46:50.3358360Z x iPhoneOS14.5.sdk/System/Library/Frameworks/NetworkExtension.framework/Headers/NETunnelProviderProtocol.h
2026-06-03T08:46:50.3360360Z x iPhoneOS14.5.sdk/System/Library/Frameworks/NetworkExtension.framework/Headers/NEFilterControlProvider.h
2026-06-03T08:46:50.3361560Z x iPhoneOS14.5.sdk/System/Library/Frameworks/NetworkExtension.framework/Headers/NEIPv6Settings.h
2026-06-03T08:46:50.3367470Z x iPhoneOS14.5.sdk/System/Library/Frameworks/NetworkExtension.framework/NetworkExtension.tbd
2026-06-03T08:46:50.3368060Z x iPhoneOS14.5.sdk/System/Library/Frameworks/VideoSubscriberAccount.framework/
2026-06-03T08:46:50.3368620Z x iPhoneOS14.5.sdk/System/Library/Frameworks/VideoSubscriberAccount.framework/Modules/
2026-06-03T08:46:50.3369450Z x iPhoneOS14.5.sdk/System/Library/Frameworks/VideoSubscriberAccount.framework/Modules/module.modulemap
2026-06-03T08:46:50.3369990Z x iPhoneOS14.5.sdk/System/Library/Frameworks/VideoSubscriberAccount.framework/Headers/
2026-06-03T08:46:50.3370640Z x iPhoneOS14.5.sdk/System/Library/Frameworks/VideoSubscriberAccount.framework/Headers/VideoSubscriberAccount.apinotes
2026-06-03T08:46:50.3372090Z x iPhoneOS14.5.sdk/System/Library/Frameworks/VideoSubscriberAccount.framework/Headers/VSAccountApplicationProvider.h
2026-06-03T08:46:50.3372960Z x iPhoneOS14.5.sdk/System/Library/Frameworks/VideoSubscriberAccount.framework/Headers/VSSubscription.h
2026-06-03T08:46:50.3373920Z x iPhoneOS14.5.sdk/System/Library/Frameworks/VideoSubscriberAccount.framework/Headers/VSAccountManager.h
2026-06-03T08:46:50.3379500Z x iPhoneOS14.5.sdk/System/Library/Frameworks/VideoSubscriberAccount.framework/Headers/VSAccountMetadataRequest.h
2026-06-03T08:46:50.3380430Z x iPhoneOS14.5.sdk/System/Library/Frameworks/VideoSubscriberAccount.framework/Headers/VSSubscriptionRegistrationCenter.h
2026-06-03T08:46:50.3381950Z x iPhoneOS14.5.sdk/System/Library/Frameworks/VideoSubscriberAccount.framework/Headers/VSAccountManagerResult.h
2026-06-03T08:46:50.3382680Z x iPhoneOS14.5.sdk/System/Library/Frameworks/VideoSubscriberAccount.framework/Headers/VideoSubscriberAccountDefines.h
2026-06-03T08:46:50.3383330Z x iPhoneOS14.5.sdk/System/Library/Frameworks/VideoSubscriberAccount.framework/Headers/VSAccountMetadata.h
2026-06-03T08:46:50.3384020Z x iPhoneOS14.5.sdk/System/Library/Frameworks/VideoSubscriberAccount.framework/Headers/VSAccountProviderResponse.h
2026-06-03T08:46:50.3385100Z x iPhoneOS14.5.sdk/System/Library/Frameworks/VideoSubscriberAccount.framework/Headers/VideoSubscriberAccountErrors.h
2026-06-03T08:46:50.3385990Z x iPhoneOS14.5.sdk/System/Library/Frameworks/VideoSubscriberAccount.framework/Headers/VideoSubscriberAccount.h
2026-06-03T08:46:50.3387140Z x iPhoneOS14.5.sdk/System/Library/Frameworks/VideoSubscriberAccount.framework/VideoSubscriberAccount.tbd
2026-06-03T08:46:50.3387610Z x iPhoneOS14.5.sdk/System/Library/Frameworks/Accounts.framework/
2026-06-03T08:46:50.3388050Z x iPhoneOS14.5.sdk/System/Library/Frameworks/Accounts.framework/Modules/
2026-06-03T08:46:50.3388780Z x iPhoneOS14.5.sdk/System/Library/Frameworks/Accounts.framework/Modules/module.modulemap
2026-06-03T08:46:50.3389870Z x iPhoneOS14.5.sdk/System/Library/Frameworks/Accounts.framework/Accounts.tbd
2026-06-03T08:46:50.3390430Z x iPhoneOS14.5.sdk/System/Library/Frameworks/Accounts.framework/Headers/
2026-06-03T08:46:50.3396360Z x iPhoneOS14.5.sdk/System/Library/Frameworks/Accounts.framework/Headers/ACAccountStore.h
2026-06-03T08:46:50.3397850Z x iPhoneOS14.5.sdk/System/Library/Frameworks/Accounts.framework/Headers/ACError.h
2026-06-03T08:46:50.3398380Z x iPhoneOS14.5.sdk/System/Library/Frameworks/Accounts.framework/Headers/ACAccount.h
2026-06-03T08:46:50.3399240Z x iPhoneOS14.5.sdk/System/Library/Frameworks/Accounts.framework/Headers/Accounts.h
2026-06-03T08:46:50.3400170Z x iPhoneOS14.5.sdk/System/Library/Frameworks/Accounts.framework/Headers/ACAccountType.h
2026-06-03T08:46:50.3401100Z x iPhoneOS14.5.sdk/System/Library/Frameworks/Accounts.framework/Headers/ACAccountCredential.h
2026-06-03T08:46:50.3402080Z x iPhoneOS14.5.sdk/System/Library/Frameworks/Accounts.framework/Headers/AccountsDefines.h
2026-06-03T08:46:50.3402580Z x iPhoneOS14.5.sdk/System/Library/Frameworks/OpenGLES.framework/
2026-06-03T08:46:50.3403000Z x iPhoneOS14.5.sdk/System/Library/Frameworks/OpenGLES.framework/Modules/
2026-06-03T08:46:50.3403830Z x iPhoneOS14.5.sdk/System/Library/Frameworks/OpenGLES.framework/Modules/module.modulemap
2026-06-03T08:46:50.3404330Z x iPhoneOS14.5.sdk/System/Library/Frameworks/OpenGLES.framework/Headers/
2026-06-03T08:46:50.3404990Z x iPhoneOS14.5.sdk/System/Library/Frameworks/OpenGLES.framework/Headers/EAGLIOSurface.h
2026-06-03T08:46:50.3406190Z x iPhoneOS14.5.sdk/System/Library/Frameworks/OpenGLES.framework/Headers/OpenGLES.apinotes
2026-06-03T08:46:50.3407190Z x iPhoneOS14.5.sdk/System/Library/Frameworks/OpenGLES.framework/Headers/OpenGLESAvailability.h
2026-06-03T08:46:50.3407940Z x iPhoneOS14.5.sdk/System/Library/Frameworks/OpenGLES.framework/Headers/EAGLDrawable.h
2026-06-03T08:46:50.3408810Z x iPhoneOS14.5.sdk/System/Library/Frameworks/OpenGLES.framework/Headers/EAGL.h
2026-06-03T08:46:50.3409630Z x iPhoneOS14.5.sdk/System/Library/Frameworks/OpenGLES.framework/Headers/gltypes.h
2026-06-03T08:46:50.3410120Z x iPhoneOS14.5.sdk/System/Library/Frameworks/OpenGLES.framework/Headers/ES1/
2026-06-03T08:46:50.3411130Z x iPhoneOS14.5.sdk/System/Library/Frameworks/OpenGLES.framework/Headers/ES1/glext.h
2026-06-03T08:46:50.3416370Z x iPhoneOS14.5.sdk/System/Library/Frameworks/OpenGLES.framework/Headers/ES1/gl.h
2026-06-03T08:46:50.3416860Z x iPhoneOS14.5.sdk/System/Library/Frameworks/OpenGLES.framework/Headers/ES3/
2026-06-03T08:46:50.3417770Z x iPhoneOS14.5.sdk/System/Library/Frameworks/OpenGLES.framework/Headers/ES3/glext.h
2026-06-03T08:46:50.3424310Z x iPhoneOS14.5.sdk/System/Library/Frameworks/OpenGLES.framework/Headers/ES3/gl.h
2026-06-03T08:46:50.3424950Z x iPhoneOS14.5.sdk/System/Library/Frameworks/OpenGLES.framework/Headers/ES2/
2026-06-03T08:46:50.3425590Z x iPhoneOS14.5.sdk/System/Library/Frameworks/OpenGLES.framework/Headers/ES2/glext.h
2026-06-03T08:46:50.3430910Z x iPhoneOS14.5.sdk/System/Library/Frameworks/OpenGLES.framework/Headers/ES2/gl.h
2026-06-03T08:46:50.3432000Z x iPhoneOS14.5.sdk/System/Library/Frameworks/OpenGLES.framework/OpenGLES.tbd
2026-06-03T08:46:50.3432500Z x iPhoneOS14.5.sdk/System/Library/Frameworks/DeviceCheck.framework/
2026-06-03T08:46:50.3432980Z x iPhoneOS14.5.sdk/System/Library/Frameworks/DeviceCheck.framework/Modules/
2026-06-03T08:46:50.3433780Z x iPhoneOS14.5.sdk/System/Library/Frameworks/DeviceCheck.framework/Modules/module.modulemap
2026-06-03T08:46:50.3434320Z x iPhoneOS14.5.sdk/System/Library/Frameworks/DeviceCheck.framework/Headers/
2026-06-03T08:46:50.3434920Z x iPhoneOS14.5.sdk/System/Library/Frameworks/DeviceCheck.framework/Headers/DCError.h
2026-06-03T08:46:50.3436420Z x iPhoneOS14.5.sdk/System/Library/Frameworks/DeviceCheck.framework/Headers/DeviceCheck.h
2026-06-03T08:46:50.3436940Z x iPhoneOS14.5.sdk/System/Library/Frameworks/DeviceCheck.framework/Headers/DCAppAttestService.h
2026-06-03T08:46:50.3437980Z x iPhoneOS14.5.sdk/System/Library/Frameworks/DeviceCheck.framework/Headers/DCDevice.h
2026-06-03T08:46:50.3438890Z x iPhoneOS14.5.sdk/System/Library/Frameworks/DeviceCheck.framework/DeviceCheck.tbd
2026-06-03T08:46:50.3439360Z x iPhoneOS14.5.sdk/System/Library/Frameworks/HealthKit.framework/
2026-06-03T08:46:50.3439790Z x iPhoneOS14.5.sdk/System/Library/Frameworks/HealthKit.framework/Modules/
2026-06-03T08:46:50.3440590Z x iPhoneOS14.5.sdk/System/Library/Frameworks/HealthKit.framework/Modules/module.modulemap
2026-06-03T08:46:50.3441030Z x iPhoneOS14.5.sdk/System/Library/Frameworks/HealthKit.framework/Headers/
2026-06-03T08:46:50.3442390Z x iPhoneOS14.5.sdk/System/Library/Frameworks/HealthKit.framework/Headers/HKCDADocumentSample.h
2026-06-03T08:46:50.3443430Z x iPhoneOS14.5.sdk/System/Library/Frameworks/HealthKit.framework/Headers/HKCharacteristicObjects.h
2026-06-03T08:46:50.3444310Z x iPhoneOS14.5.sdk/System/Library/Frameworks/HealthKit.framework/Headers/HKCategorySample.h
2026-06-03T08:46:50.3445160Z x iPhoneOS14.5.sdk/System/Library/Frameworks/HealthKit.framework/Headers/HKAnchoredObjectQuery.h
2026-06-03T08:46:50.3452060Z x iPhoneOS14.5.sdk/System/Library/Frameworks/HealthKit.framework/Headers/HealthKit.apinotes
2026-06-03T08:46:50.3452570Z x iPhoneOS14.5.sdk/System/Library/Frameworks/HealthKit.framework/Headers/HKQuantity.h
2026-06-03T08:46:50.3453060Z x iPhoneOS14.5.sdk/System/Library/Frameworks/HealthKit.framework/Headers/HKDocumentQuery.h
2026-06-03T08:46:50.3453600Z x iPhoneOS14.5.sdk/System/Library/Frameworks/HealthKit.framework/Headers/HKMetadata.h
2026-06-03T08:46:50.3454280Z x iPhoneOS14.5.sdk/System/Library/Frameworks/HealthKit.framework/Headers/HKQuantitySample.h
2026-06-03T08:46:50.3455130Z x iPhoneOS14.5.sdk/System/Library/Frameworks/HealthKit.framework/Headers/HKFHIRResource.h
2026-06-03T08:46:50.3455890Z x iPhoneOS14.5.sdk/System/Library/Frameworks/HealthKit.framework/Headers/HKActivitySummaryQuery.h
2026-06-03T08:46:50.3469630Z x iPhoneOS14.5.sdk/System/Library/Frameworks/HealthKit.framework/Headers/HKQuery.h
2026-06-03T08:46:50.3470250Z x iPhoneOS14.5.sdk/System/Library/Frameworks/HealthKit.framework/Headers/HKCumulativeQuantitySeriesSample.h
2026-06-03T08:46:50.3470980Z x iPhoneOS14.5.sdk/System/Library/Frameworks/HealthKit.framework/Headers/HKHealthStore.h
2026-06-03T08:46:50.3471640Z x iPhoneOS14.5.sdk/System/Library/Frameworks/HealthKit.framework/Headers/HKCorrelation.h
2026-06-03T08:46:50.3472220Z x iPhoneOS14.5.sdk/System/Library/Frameworks/HealthKit.framework/Headers/HKElectrocardiogramQuery.h
2026-06-03T08:46:50.3474130Z x iPhoneOS14.5.sdk/System/Library/Frameworks/HealthKit.framework/Headers/HKStatistics.h
2026-06-03T08:46:50.3474830Z x iPhoneOS14.5.sdk/System/Library/Frameworks/HealthKit.framework/Headers/HKActivitySummary.h
2026-06-03T08:46:50.3475500Z x iPhoneOS14.5.sdk/System/Library/Frameworks/HealthKit.framework/Headers/HKDevice.h
2026-06-03T08:46:50.3476380Z x iPhoneOS14.5.sdk/System/Library/Frameworks/HealthKit.framework/Headers/HKStatisticsQuery.h
2026-06-03T08:46:50.3477160Z x iPhoneOS14.5.sdk/System/Library/Frameworks/HealthKit.framework/Headers/HKObserverQuery.h
2026-06-03T08:46:50.3478070Z x iPhoneOS14.5.sdk/System/Library/Frameworks/HealthKit.framework/Headers/HKHeartbeatSeriesSample.h
2026-06-03T08:46:50.3480150Z x iPhoneOS14.5.sdk/System/Library/Frameworks/HealthKit.framework/Headers/HKObject.h
2026-06-03T08:46:50.3480660Z x iPhoneOS14.5.sdk/System/Library/Frameworks/HealthKit.framework/Headers/HKSource.h
2026-06-03T08:46:50.3484900Z x iPhoneOS14.5.sdk/System/Library/Frameworks/HealthKit.framework/Headers/HKElectrocardiogram.h
2026-06-03T08:46:50.3485640Z x iPhoneOS14.5.sdk/System/Library/Frameworks/HealthKit.framework/Headers/HKDocumentSample.h
2026-06-03T08:46:50.3486520Z x iPhoneOS14.5.sdk/System/Library/Frameworks/HealthKit.framework/Headers/HKStatisticsCollectionQuery.h
2026-06-03T08:46:50.3487930Z x iPhoneOS14.5.sdk/System/Library/Frameworks/HealthKit.framework/Headers/HKSourceQuery.h
2026-06-03T08:46:50.3488430Z x iPhoneOS14.5.sdk/System/Library/Frameworks/HealthKit.framework/Headers/HKSeriesBuilder.h
2026-06-03T08:46:50.3489120Z x iPhoneOS14.5.sdk/System/Library/Frameworks/HealthKit.framework/Headers/HKFHIRVersion.h
2026-06-03T08:46:50.3490250Z x iPhoneOS14.5.sdk/System/Library/Frameworks/HealthKit.framework/Headers/HKWorkoutRouteBuilder.h
2026-06-03T08:46:50.3491170Z x iPhoneOS14.5.sdk/System/Library/Frameworks/HealthKit.framework/Headers/HKCumulativeQuantitySample.h
2026-06-03T08:46:50.3491960Z x iPhoneOS14.5.sdk/System/Library/Frameworks/HealthKit.framework/Headers/HKWorkout.h
2026-06-03T08:46:50.3493060Z x iPhoneOS14.5.sdk/System/Library/Frameworks/HealthKit.framework/Headers/HKHeartbeatSeriesBuilder.h
2026-06-03T08:46:50.3493990Z x iPhoneOS14.5.sdk/System/Library/Frameworks/HealthKit.framework/Headers/HKWorkoutConfiguration.h
2026-06-03T08:46:50.3494870Z x iPhoneOS14.5.sdk/System/Library/Frameworks/HealthKit.framework/Headers/HKCorrelationQuery.h
2026-06-03T08:46:50.3495640Z x iPhoneOS14.5.sdk/System/Library/Frameworks/HealthKit.framework/Headers/HKDiscreteQuantitySample.h
2026-06-03T08:46:50.3496380Z x iPhoneOS14.5.sdk/System/Library/Frameworks/HealthKit.framework/Headers/HKClinicalType.h
2026-06-03T08:46:50.3497710Z x iPhoneOS14.5.sdk/System/Library/Frameworks/HealthKit.framework/Headers/HKWorkoutRoute.h
2026-06-03T08:46:50.3502380Z x iPhoneOS14.5.sdk/System/Library/Frameworks/HealthKit.framework/Headers/HKFHIRRelease.h
2026-06-03T08:46:50.3503390Z x iPhoneOS14.5.sdk/System/Library/Frameworks/HealthKit.framework/Headers/HKQueryAnchor.h
2026-06-03T08:46:50.3504580Z x iPhoneOS14.5.sdk/System/Library/Frameworks/HealthKit.framework/Headers/HKLiveWorkoutDataSource.h
2026-06-03T08:46:50.3505670Z x iPhoneOS14.5.sdk/System/Library/Frameworks/HealthKit.framework/Headers/HKHeartbeatSeriesQuery.h
2026-06-03T08:46:50.3506650Z x iPhoneOS14.5.sdk/System/Library/Frameworks/HealthKit.framework/Headers/HKWorkoutSession.h
2026-06-03T08:46:50.3509950Z x iPhoneOS14.5.sdk/System/Library/Frameworks/HealthKit.framework/Headers/HKClinicalRecord.h
2026-06-03T08:46:50.3511420Z x iPhoneOS14.5.sdk/System/Library/Frameworks/HealthKit.framework/Headers/HKLiveWorkoutBuilder.h
2026-06-03T08:46:50.3513040Z x iPhoneOS14.5.sdk/System/Library/Frameworks/HealthKit.framework/Headers/HKDefines.h
2026-06-03T08:46:50.3514590Z x iPhoneOS14.5.sdk/System/Library/Frameworks/HealthKit.framework/Headers/HKQuantitySeriesSampleQuery.h
2026-06-03T08:46:50.3516480Z x iPhoneOS14.5.sdk/System/Library/Frameworks/HealthKit.framework/Headers/HKQuantitySeriesSampleBuilder.h
2026-06-03T08:46:50.3518090Z x iPhoneOS14.5.sdk/System/Library/Frameworks/HealthKit.framework/Headers/HKWorkoutRouteQuery.h
2026-06-03T08:46:50.3518890Z x iPhoneOS14.5.sdk/System/Library/Frameworks/HealthKit.framework/Headers/HKQuantityAggregationStyle.h
2026-06-03T08:46:50.3519420Z x iPhoneOS14.5.sdk/System/Library/Frameworks/HealthKit.framework/Headers/HKSample.h
2026-06-03T08:46:50.3519990Z x iPhoneOS14.5.sdk/System/Library/Frameworks/HealthKit.framework/Headers/HKSeriesSample.h
2026-06-03T08:46:50.3520620Z x iPhoneOS14.5.sdk/System/Library/Frameworks/HealthKit.framework/Headers/HealthKit.h
2026-06-03T08:46:50.3521610Z x iPhoneOS14.5.sdk/System/Library/Frameworks/HealthKit.framework/Headers/HKSampleQuery.h
2026-06-03T08:46:50.3522940Z x iPhoneOS14.5.sdk/System/Library/Frameworks/HealthKit.framework/Headers/HKDeletedObject.h
2026-06-03T08:46:50.3523970Z x iPhoneOS14.5.sdk/System/Library/Frameworks/HealthKit.framework/Headers/HKWorkoutBuilder.h
2026-06-03T08:46:50.3524910Z x iPhoneOS14.5.sdk/System/Library/Frameworks/HealthKit.framework/Headers/HKTypeIdentifiers.h
2026-06-03T08:46:50.3526350Z x iPhoneOS14.5.sdk/System/Library/Frameworks/HealthKit.framework/Headers/HKAudiogramSample.h
2026-06-03T08:46:50.3526890Z x iPhoneOS14.5.sdk/System/Library/Frameworks/HealthKit.framework/Headers/HKSourceRevision.h
2026-06-03T08:46:50.3533490Z x iPhoneOS14.5.sdk/System/Library/Frameworks/HealthKit.framework/Headers/HKObjectType.h
2026-06-03T08:46:50.3534420Z x iPhoneOS14.5.sdk/System/Library/Frameworks/HealthKit.framework/Headers/HKUnit.h
2026-06-03T08:46:50.3539930Z x iPhoneOS14.5.sdk/System/Library/Frameworks/HealthKit.framework/HealthKit.tbd
2026-06-03T08:46:50.3540430Z x iPhoneOS14.5.sdk/System/Library/Frameworks/AuthenticationServices.framework/
2026-06-03T08:46:50.3540900Z x iPhoneOS14.5.sdk/System/Library/Frameworks/AuthenticationServices.framework/Modules/
2026-06-03T08:46:50.3542590Z x iPhoneOS14.5.sdk/System/Library/Frameworks/AuthenticationServices.framework/Modules/module.modulemap
2026-06-03T08:46:50.3543270Z x iPhoneOS14.5.sdk/System/Library/Frameworks/AuthenticationServices.framework/Modules/AuthenticationServices.swiftcrossimport/
2026-06-03T08:46:50.3544260Z x iPhoneOS14.5.sdk/System/Library/Frameworks/AuthenticationServices.framework/Modules/AuthenticationServices.swiftcrossimport/SwiftUI.swiftoverlay
2026-06-03T08:46:50.3544950Z x iPhoneOS14.5.sdk/System/Library/Frameworks/AuthenticationServices.framework/Headers/
2026-06-03T08:46:50.3545660Z x iPhoneOS14.5.sdk/System/Library/Frameworks/AuthenticationServices.framework/Headers/ASAuthorizationProvider.h
2026-06-03T08:46:50.3546490Z x iPhoneOS14.5.sdk/System/Library/Frameworks/AuthenticationServices.framework/Headers/ASWebAuthenticationSessionWebBrowserSessionManager.h
2026-06-03T08:46:50.3547300Z x iPhoneOS14.5.sdk/System/Library/Frameworks/AuthenticationServices.framework/Headers/ASExtensionErrors.h
2026-06-03T08:46:50.3548490Z x iPhoneOS14.5.sdk/System/Library/Frameworks/AuthenticationServices.framework/Headers/ASAuthorizationError.h
2026-06-03T08:46:50.3552890Z x iPhoneOS14.5.sdk/System/Library/Frameworks/AuthenticationServices.framework/Headers/ASAccountAuthenticationModificationViewController.h
2026-06-03T08:46:50.3554070Z x iPhoneOS14.5.sdk/System/Library/Frameworks/AuthenticationServices.framework/Headers/ASAccountAuthenticationModificationUpgradePasswordToStrongPasswordRequest.h
2026-06-03T08:46:50.3554900Z x iPhoneOS14.5.sdk/System/Library/Frameworks/AuthenticationServices.framework/Headers/ASAuthorization.h
2026-06-03T08:46:50.3555940Z x iPhoneOS14.5.sdk/System/Library/Frameworks/AuthenticationServices.framework/Headers/ASWebAuthenticationSessionRequest.h
2026-06-03T08:46:50.3556880Z x iPhoneOS14.5.sdk/System/Library/Frameworks/AuthenticationServices.framework/Headers/ASAuthorizationController.h
2026-06-03T08:46:50.3564870Z x iPhoneOS14.5.sdk/System/Library/Frameworks/AuthenticationServices.framework/Headers/ASAuthorizationPasswordRequest.h
2026-06-03T08:46:50.3565600Z x iPhoneOS14.5.sdk/System/Library/Frameworks/AuthenticationServices.framework/Headers/ASAuthorizationRequest.h
2026-06-03T08:46:50.3566390Z x iPhoneOS14.5.sdk/System/Library/Frameworks/AuthenticationServices.framework/Headers/ASAuthorizationSingleSignOnRequest.h
2026-06-03T08:46:50.3567420Z x iPhoneOS14.5.sdk/System/Library/Frameworks/AuthenticationServices.framework/Headers/ASCredentialIdentityStoreState.h
2026-06-03T08:46:50.3568150Z x iPhoneOS14.5.sdk/System/Library/Frameworks/AuthenticationServices.framework/Headers/ASCredentialIdentityStore.h
2026-06-03T08:46:50.3568860Z x iPhoneOS14.5.sdk/System/Library/Frameworks/AuthenticationServices.framework/Headers/ASAuthorizationAppleIDRequest.h
2026-06-03T08:46:50.3569560Z x iPhoneOS14.5.sdk/System/Library/Frameworks/AuthenticationServices.framework/Headers/ASAuthorizationOpenIDRequest.h
2026-06-03T08:46:50.3570310Z x iPhoneOS14.5.sdk/System/Library/Frameworks/AuthenticationServices.framework/Headers/ASAuthorizationAppleIDCredential.h
2026-06-03T08:46:50.3571040Z x iPhoneOS14.5.sdk/System/Library/Frameworks/AuthenticationServices.framework/Headers/ASAuthorizationCredential.h
2026-06-03T08:46:50.3571770Z x iPhoneOS14.5.sdk/System/Library/Frameworks/AuthenticationServices.framework/Headers/ASCredentialServiceIdentifier.h
2026-06-03T08:46:50.3572740Z x iPhoneOS14.5.sdk/System/Library/Frameworks/AuthenticationServices.framework/Headers/ASAuthorizationAppleIDButton.h
2026-06-03T08:46:50.3573630Z x iPhoneOS14.5.sdk/System/Library/Frameworks/AuthenticationServices.framework/Headers/ASAuthorizationProviderExtensionAuthorizationRequest.h
2026-06-03T08:46:50.3574560Z x iPhoneOS14.5.sdk/System/Library/Frameworks/AuthenticationServices.framework/Headers/ASAccountAuthenticationModificationRequest.h
2026-06-03T08:46:50.3575400Z x iPhoneOS14.5.sdk/System/Library/Frameworks/AuthenticationServices.framework/Headers/ASCredentialProviderExtensionContext.h
2026-06-03T08:46:50.3576140Z x iPhoneOS14.5.sdk/System/Library/Frameworks/AuthenticationServices.framework/Headers/ASFoundation.h
2026-06-03T08:46:50.3577280Z x iPhoneOS14.5.sdk/System/Library/Frameworks/AuthenticationServices.framework/Headers/ASAccountAuthenticationModificationExtensionContext.h
2026-06-03T08:46:50.3578040Z x iPhoneOS14.5.sdk/System/Library/Frameworks/AuthenticationServices.framework/Headers/ASPasswordCredential.h
2026-06-03T08:46:50.3578690Z x iPhoneOS14.5.sdk/System/Library/Frameworks/AuthenticationServices.framework/Headers/ASWebAuthenticationSession.h
2026-06-03T08:46:50.3579380Z x iPhoneOS14.5.sdk/System/Library/Frameworks/AuthenticationServices.framework/Headers/ASAuthorizationPasswordProvider.h
2026-06-03T08:46:50.3580080Z x iPhoneOS14.5.sdk/System/Library/Frameworks/AuthenticationServices.framework/Headers/ASAuthorizationAppleIDProvider.h
2026-06-03T08:46:50.3580850Z x iPhoneOS14.5.sdk/System/Library/Frameworks/AuthenticationServices.framework/Headers/ASWebAuthenticationSessionWebBrowserSessionHandling.h
2026-06-03T08:46:50.3582280Z x iPhoneOS14.5.sdk/System/Library/Frameworks/AuthenticationServices.framework/Headers/AuthenticationServices.h
2026-06-03T08:46:50.3582960Z x iPhoneOS14.5.sdk/System/Library/Frameworks/AuthenticationServices.framework/Headers/AuthenticationServices.apinotes
2026-06-03T08:46:50.3583740Z x iPhoneOS14.5.sdk/System/Library/Frameworks/AuthenticationServices.framework/Headers/ASPasswordCredentialIdentity.h
2026-06-03T08:46:50.3584790Z x iPhoneOS14.5.sdk/System/Library/Frameworks/AuthenticationServices.framework/Headers/ASCredentialProviderViewController.h
2026-06-03T08:46:50.3585660Z x iPhoneOS14.5.sdk/System/Library/Frameworks/AuthenticationServices.framework/Headers/ASAccountAuthenticationModificationController.h
2026-06-03T08:46:50.3586510Z x iPhoneOS14.5.sdk/System/Library/Frameworks/AuthenticationServices.framework/Headers/ASAuthorizationSingleSignOnCredential.h
2026-06-03T08:46:50.3587340Z x iPhoneOS14.5.sdk/System/Library/Frameworks/AuthenticationServices.framework/Headers/ASAuthorizationSingleSignOnProvider.h
2026-06-03T08:46:50.3594460Z x iPhoneOS14.5.sdk/System/Library/Frameworks/AuthenticationServices.framework/Headers/ASAccountAuthenticationModificationReplacePasswordWithSignInWithAppleRequest.h
2026-06-03T08:46:50.3595320Z x iPhoneOS14.5.sdk/System/Library/Frameworks/AuthenticationServices.framework/AuthenticationServices.tbd
2026-06-03T08:46:50.3596050Z x iPhoneOS14.5.sdk/System/Library/Frameworks/MediaSetup.framework/
2026-06-03T08:46:50.3596490Z x iPhoneOS14.5.sdk/System/Library/Frameworks/MediaSetup.framework/Modules/
2026-06-03T08:46:50.3597130Z x iPhoneOS14.5.sdk/System/Library/Frameworks/MediaSetup.framework/Modules/module.modulemap
2026-06-03T08:46:50.3597600Z x iPhoneOS14.5.sdk/System/Library/Frameworks/MediaSetup.framework/MediaSetup.tbd
2026-06-03T08:46:50.3598080Z x iPhoneOS14.5.sdk/System/Library/Frameworks/MediaSetup.framework/Headers/
2026-06-03T08:46:50.3598770Z x iPhoneOS14.5.sdk/System/Library/Frameworks/MediaSetup.framework/Headers/MSSetupSession.h
2026-06-03T08:46:50.3600120Z x iPhoneOS14.5.sdk/System/Library/Frameworks/MediaSetup.framework/Headers/MediaSetup.h
2026-06-03T08:46:50.3601190Z x iPhoneOS14.5.sdk/System/Library/Frameworks/MediaSetup.framework/Headers/MSServiceAccount.h
2026-06-03T08:46:50.3601650Z x iPhoneOS14.5.sdk/System/Library/Frameworks/FileProvider.framework/
2026-06-03T08:46:50.3602120Z x iPhoneOS14.5.sdk/System/Library/Frameworks/FileProvider.framework/Modules/
2026-06-03T08:46:50.3603660Z x iPhoneOS14.5.sdk/System/Library/Frameworks/FileProvider.framework/Modules/module.modulemap
2026-06-03T08:46:50.3604310Z x iPhoneOS14.5.sdk/System/Library/Frameworks/FileProvider.framework/Headers/
2026-06-03T08:46:50.3604970Z x iPhoneOS14.5.sdk/System/Library/Frameworks/FileProvider.framework/Headers/NSFileProviderManager.h
2026-06-03T08:46:50.3606130Z x iPhoneOS14.5.sdk/System/Library/Frameworks/FileProvider.framework/Headers/NSFileProviderExtension.h
2026-06-03T08:46:50.3606730Z x iPhoneOS14.5.sdk/System/Library/Frameworks/FileProvider.framework/Headers/FileProvider.h
2026-06-03T08:46:50.3607630Z x iPhoneOS14.5.sdk/System/Library/Frameworks/FileProvider.framework/Headers/NSFileProviderActions.h
2026-06-03T08:46:50.3608340Z x iPhoneOS14.5.sdk/System/Library/Frameworks/FileProvider.framework/Headers/NSFileProviderDefines.h
2026-06-03T08:46:50.3614800Z x iPhoneOS14.5.sdk/System/Library/Frameworks/FileProvider.framework/Headers/NSFileProviderItem.h
2026-06-03T08:46:50.3616190Z x iPhoneOS14.5.sdk/System/Library/Frameworks/FileProvider.framework/Headers/NSFileProviderError.h
2026-06-03T08:46:50.3617060Z x iPhoneOS14.5.sdk/System/Library/Frameworks/FileProvider.framework/Headers/NSFileProviderEnumerating.h
2026-06-03T08:46:50.3617820Z x iPhoneOS14.5.sdk/System/Library/Frameworks/FileProvider.framework/Headers/NSFileProviderDomain.h
2026-06-03T08:46:50.3618410Z x iPhoneOS14.5.sdk/System/Library/Frameworks/FileProvider.framework/Headers/NSFileProviderThumbnailing.h
2026-06-03T08:46:50.3619290Z x iPhoneOS14.5.sdk/System/Library/Frameworks/FileProvider.framework/Headers/NSFileProviderService.h
2026-06-03T08:46:50.3620210Z x iPhoneOS14.5.sdk/System/Library/Frameworks/FileProvider.framework/FileProvider.tbd
2026-06-03T08:46:50.3620760Z x iPhoneOS14.5.sdk/System/Library/Frameworks/CoreNFC.framework/
2026-06-03T08:46:50.3621220Z x iPhoneOS14.5.sdk/System/Library/Frameworks/CoreNFC.framework/Modules/
2026-06-03T08:46:50.3622380Z x iPhoneOS14.5.sdk/System/Library/Frameworks/CoreNFC.framework/Modules/module.modulemap
2026-06-03T08:46:50.3623010Z x iPhoneOS14.5.sdk/System/Library/Frameworks/CoreNFC.framework/Headers/
2026-06-03T08:46:50.3623430Z x iPhoneOS14.5.sdk/System/Library/Frameworks/CoreNFC.framework/Headers/NFCTag.h
2026-06-03T08:46:50.3628770Z x iPhoneOS14.5.sdk/System/Library/Frameworks/CoreNFC.framework/Headers/NFCFeliCaTag.h
2026-06-03T08:46:50.3630480Z x iPhoneOS14.5.sdk/System/Library/Frameworks/CoreNFC.framework/Headers/NFCMiFareTag.h
2026-06-03T08:46:50.3630960Z x iPhoneOS14.5.sdk/System/Library/Frameworks/CoreNFC.framework/Headers/NFCNDEFPayload.h
2026-06-03T08:46:50.3632040Z x iPhoneOS14.5.sdk/System/Library/Frameworks/CoreNFC.framework/Headers/NFCNDEFMessage.h
2026-06-03T08:46:50.3633150Z x iPhoneOS14.5.sdk/System/Library/Frameworks/CoreNFC.framework/Headers/NFCNDEFReaderSession.h
2026-06-03T08:46:50.3633930Z x iPhoneOS14.5.sdk/System/Library/Frameworks/CoreNFC.framework/Headers/NFCISO15693ReaderSession.h
2026-06-03T08:46:50.3635070Z x iPhoneOS14.5.sdk/System/Library/Frameworks/CoreNFC.framework/Headers/NFCNDEFTag.h
2026-06-03T08:46:50.3636670Z x iPhoneOS14.5.sdk/System/Library/Frameworks/CoreNFC.framework/Headers/CoreNFC.h
2026-06-03T08:46:50.3638310Z x iPhoneOS14.5.sdk/System/Library/Frameworks/CoreNFC.framework/Headers/NFCISO7816Tag.h
2026-06-03T08:46:50.3639330Z x iPhoneOS14.5.sdk/System/Library/Frameworks/CoreNFC.framework/Headers/CoreNFC.apinotes
2026-06-03T08:46:50.3640240Z x iPhoneOS14.5.sdk/System/Library/Frameworks/CoreNFC.framework/Headers/NFCReaderSession.h
2026-06-03T08:46:50.3644050Z x iPhoneOS14.5.sdk/System/Library/Frameworks/CoreNFC.framework/Headers/NFCISO15693Tag.h
2026-06-03T08:46:50.3644980Z x iPhoneOS14.5.sdk/System/Library/Frameworks/CoreNFC.framework/Headers/NSUserActivity+CoreNFC.h
2026-06-03T08:46:50.3646020Z x iPhoneOS14.5.sdk/System/Library/Frameworks/CoreNFC.framework/Headers/NFCError.h
2026-06-03T08:46:50.3650610Z x iPhoneOS14.5.sdk/System/Library/Frameworks/CoreNFC.framework/Headers/NFCVASReaderSession.h
2026-06-03T08:46:50.3651400Z x iPhoneOS14.5.sdk/System/Library/Frameworks/CoreNFC.framework/Headers/NFCTagReaderSession.h
2026-06-03T08:46:50.3652240Z x iPhoneOS14.5.sdk/System/Library/Frameworks/CoreNFC.framework/CoreNFC.tbd
2026-06-03T08:46:50.3652640Z x iPhoneOS14.5.sdk/System/Library/Frameworks/MetricKit.framework/
2026-06-03T08:46:50.3653100Z x iPhoneOS14.5.sdk/System/Library/Frameworks/MetricKit.framework/Modules/
2026-06-03T08:46:50.3653940Z x iPhoneOS14.5.sdk/System/Library/Frameworks/MetricKit.framework/Modules/module.modulemap
2026-06-03T08:46:50.3654390Z x iPhoneOS14.5.sdk/System/Library/Frameworks/MetricKit.framework/Headers/
2026-06-03T08:46:50.3655790Z x iPhoneOS14.5.sdk/System/Library/Frameworks/MetricKit.framework/Headers/MXAppResponsivenessMetric.h
2026-06-03T08:46:50.3656400Z x iPhoneOS14.5.sdk/System/Library/Frameworks/MetricKit.framework/Headers/MetricKit.h
2026-06-03T08:46:50.3657180Z x iPhoneOS14.5.sdk/System/Library/Frameworks/MetricKit.framework/Headers/MXDiagnosticPayload.h
2026-06-03T08:46:50.3658390Z x iPhoneOS14.5.sdk/System/Library/Frameworks/MetricKit.framework/Headers/MXLocationActivityMetric.h
2026-06-03T08:46:50.3659090Z x iPhoneOS14.5.sdk/System/Library/Frameworks/MetricKit.framework/Headers/MXDisplayMetric.h
2026-06-03T08:46:50.3659810Z x iPhoneOS14.5.sdk/System/Library/Frameworks/MetricKit.framework/Headers/MXAverage.h
2026-06-03T08:46:50.3661010Z x iPhoneOS14.5.sdk/System/Library/Frameworks/MetricKit.framework/Headers/MXAppLaunchMetric.h
2026-06-03T08:46:50.3661870Z x iPhoneOS14.5.sdk/System/Library/Frameworks/MetricKit.framework/Headers/MXDiskWriteExceptionDiagnostic.h
2026-06-03T08:46:50.3662570Z x iPhoneOS14.5.sdk/System/Library/Frameworks/MetricKit.framework/Headers/MXMetaData.h
2026-06-03T08:46:50.3663330Z x iPhoneOS14.5.sdk/System/Library/Frameworks/MetricKit.framework/Headers/MXSignpostMetric.h
2026-06-03T08:46:50.3664300Z x iPhoneOS14.5.sdk/System/Library/Frameworks/MetricKit.framework/Headers/MXSignpost.h
2026-06-03T08:46:50.3665560Z x iPhoneOS14.5.sdk/System/Library/Frameworks/MetricKit.framework/Headers/MXNetworkTransferMetric.h
2026-06-03T08:46:50.3666260Z x iPhoneOS14.5.sdk/System/Library/Frameworks/MetricKit.framework/Headers/MXCellularConditionMetric.h
2026-06-03T08:46:50.3666870Z x iPhoneOS14.5.sdk/System/Library/Frameworks/MetricKit.framework/Headers/MXAnimationMetric.h
2026-06-03T08:46:50.3672030Z x iPhoneOS14.5.sdk/System/Library/Frameworks/MetricKit.framework/Headers/MXCrashDiagnostic.h
2026-06-03T08:46:50.3672980Z x iPhoneOS14.5.sdk/System/Library/Frameworks/MetricKit.framework/Headers/MXHistogram.h
2026-06-03T08:46:50.3673880Z x iPhoneOS14.5.sdk/System/Library/Frameworks/MetricKit.framework/Headers/MXMemoryMetric.h
2026-06-03T08:46:50.3675180Z x iPhoneOS14.5.sdk/System/Library/Frameworks/MetricKit.framework/Headers/MXMetric.h
2026-06-03T08:46:50.3676350Z x iPhoneOS14.5.sdk/System/Library/Frameworks/MetricKit.framework/Headers/MXCallStackTree.h
2026-06-03T08:46:50.3677310Z x iPhoneOS14.5.sdk/System/Library/Frameworks/MetricKit.framework/Headers/MXAppExitMetric.h
2026-06-03T08:46:50.3678240Z x iPhoneOS14.5.sdk/System/Library/Frameworks/MetricKit.framework/Headers/MXSignpost_Private.h
2026-06-03T08:46:50.3679150Z x iPhoneOS14.5.sdk/System/Library/Frameworks/MetricKit.framework/Headers/MXDiagnostic.h
2026-06-03T08:46:50.3681200Z x iPhoneOS14.5.sdk/System/Library/Frameworks/MetricKit.framework/Headers/MXMetricPayload.h
2026-06-03T08:46:50.3682440Z x iPhoneOS14.5.sdk/System/Library/Frameworks/MetricKit.framework/Headers/MXCPUMetric.h
2026-06-03T08:46:50.3683240Z x iPhoneOS14.5.sdk/System/Library/Frameworks/MetricKit.framework/Headers/MXCPUExceptionDiagnostic.h
2026-06-03T08:46:50.3684180Z x iPhoneOS14.5.sdk/System/Library/Frameworks/MetricKit.framework/Headers/MXAppRunTimeMetric.h
2026-06-03T08:46:50.3684950Z x iPhoneOS14.5.sdk/System/Library/Frameworks/MetricKit.framework/Headers/MXHangDiagnostic.h
2026-06-03T08:46:50.3685810Z x iPhoneOS14.5.sdk/System/Library/Frameworks/MetricKit.framework/Headers/MXUnit.h
2026-06-03T08:46:50.3687020Z x iPhoneOS14.5.sdk/System/Library/Frameworks/MetricKit.framework/Headers/MXMetricManager.h
2026-06-03T08:46:50.3688050Z x iPhoneOS14.5.sdk/System/Library/Frameworks/MetricKit.framework/Headers/MXGPUMetric.h
2026-06-03T08:46:50.3689070Z x iPhoneOS14.5.sdk/System/Library/Frameworks/MetricKit.framework/Headers/MXDiskIOMetric.h
2026-06-03T08:46:50.3689950Z x iPhoneOS14.5.sdk/System/Library/Frameworks/MetricKit.framework/MetricKit.tbd
2026-06-03T08:46:50.3690410Z x iPhoneOS14.5.sdk/System/Library/Frameworks/IOKit.framework/
2026-06-03T08:46:50.3699060Z x iPhoneOS14.5.sdk/System/Library/Frameworks/IOKit.framework/IOKit.tbd
2026-06-03T08:46:50.3699490Z x iPhoneOS14.5.sdk/System/Library/Frameworks/IOKit.framework/Versions/
2026-06-03T08:46:50.3700940Z x iPhoneOS14.5.sdk/System/Library/Frameworks/IOKit.framework/Versions/Current/
2026-06-03T08:46:50.3702860Z x iPhoneOS14.5.sdk/System/Library/Frameworks/IOKit.framework/Versions/Current/IOKit.tbd
2026-06-03T08:46:50.3703360Z x iPhoneOS14.5.sdk/System/Library/Frameworks/IOKit.framework/Versions/A/
2026-06-03T08:46:50.3710670Z x iPhoneOS14.5.sdk/System/Library/Frameworks/IOKit.framework/Versions/A/IOKit.tbd
2026-06-03T08:46:50.3711310Z x iPhoneOS14.5.sdk/System/Library/Frameworks/ClockKit.framework/
2026-06-03T08:46:50.3711740Z x iPhoneOS14.5.sdk/System/Library/Frameworks/ClockKit.framework/Modules/
2026-06-03T08:46:50.3712590Z x iPhoneOS14.5.sdk/System/Library/Frameworks/ClockKit.framework/Modules/module.modulemap
2026-06-03T08:46:50.3713030Z x iPhoneOS14.5.sdk/System/Library/Frameworks/ClockKit.framework/Headers/
2026-06-03T08:46:50.3713980Z x iPhoneOS14.5.sdk/System/Library/Frameworks/ClockKit.framework/Headers/CLKWatchFaceLibrary.h
2026-06-03T08:46:50.3715270Z x iPhoneOS14.5.sdk/System/Library/Frameworks/ClockKit.framework/Headers/CLKFullColorImageProvider.h
2026-06-03T08:46:50.3716360Z x iPhoneOS14.5.sdk/System/Library/Frameworks/ClockKit.framework/Headers/CLKComplicationTimelineEntry.h
2026-06-03T08:46:50.3717050Z x iPhoneOS14.5.sdk/System/Library/Frameworks/ClockKit.framework/Headers/CLKDefines.h
2026-06-03T08:46:50.3717970Z x iPhoneOS14.5.sdk/System/Library/Frameworks/ClockKit.framework/Headers/ClockKit.h
2026-06-03T08:46:50.3718800Z x iPhoneOS14.5.sdk/System/Library/Frameworks/ClockKit.framework/Headers/CLKTextProvider.h
2026-06-03T08:46:50.3720040Z x iPhoneOS14.5.sdk/System/Library/Frameworks/ClockKit.framework/Headers/CLKComplication.h
2026-06-03T08:46:50.3720640Z x iPhoneOS14.5.sdk/System/Library/Frameworks/ClockKit.framework/Headers/CLKComplicationServer.h
2026-06-03T08:46:50.3721310Z x iPhoneOS14.5.sdk/System/Library/Frameworks/ClockKit.framework/Headers/CLKImageProvider.h
2026-06-03T08:46:50.3724640Z x iPhoneOS14.5.sdk/System/Library/Frameworks/ClockKit.framework/Headers/CLKComplicationDescriptor.h
2026-06-03T08:46:50.3725590Z x iPhoneOS14.5.sdk/System/Library/Frameworks/ClockKit.framework/Headers/CLKComplicationDataSource.h
2026-06-03T08:46:50.3732250Z x iPhoneOS14.5.sdk/System/Library/Frameworks/ClockKit.framework/Headers/CLKComplicationTemplate.h
2026-06-03T08:46:50.3733030Z x iPhoneOS14.5.sdk/System/Library/Frameworks/ClockKit.framework/Headers/CLKGaugeProvider.h
2026-06-03T08:46:50.3733500Z x iPhoneOS14.5.sdk/System/Library/Frameworks/ClockKit.framework/ClockKit.tbd
2026-06-03T08:46:50.3733960Z x iPhoneOS14.5.sdk/System/Library/Frameworks/IntentsUI.framework/
2026-06-03T08:46:50.3734370Z x iPhoneOS14.5.sdk/System/Library/Frameworks/IntentsUI.framework/Modules/
2026-06-03T08:46:50.3734900Z x iPhoneOS14.5.sdk/System/Library/Frameworks/IntentsUI.framework/Modules/module.modulemap
2026-06-03T08:46:50.3735540Z x iPhoneOS14.5.sdk/System/Library/Frameworks/IntentsUI.framework/IntentsUI.tbd
2026-06-03T08:46:50.3736090Z x iPhoneOS14.5.sdk/System/Library/Frameworks/IntentsUI.framework/Headers/
2026-06-03T08:46:50.3737610Z x iPhoneOS14.5.sdk/System/Library/Frameworks/IntentsUI.framework/Headers/INUIEditVoiceShortcutViewController.h
2026-06-03T08:46:50.3738220Z x iPhoneOS14.5.sdk/System/Library/Frameworks/IntentsUI.framework/Headers/INUIAddVoiceShortcutButton.h
2026-06-03T08:46:50.3738850Z x iPhoneOS14.5.sdk/System/Library/Frameworks/IntentsUI.framework/Headers/IntentsUI.apinotes
2026-06-03T08:46:50.3739870Z x iPhoneOS14.5.sdk/System/Library/Frameworks/IntentsUI.framework/Headers/INUIHostedViewControlling.h
2026-06-03T08:46:50.3740520Z x iPhoneOS14.5.sdk/System/Library/Frameworks/IntentsUI.framework/Headers/IntentsUI.h
2026-06-03T08:46:50.3742150Z x iPhoneOS14.5.sdk/System/Library/Frameworks/IntentsUI.framework/Headers/INUIAddVoiceShortcutViewController.h
2026-06-03T08:46:50.3742800Z x iPhoneOS14.5.sdk/System/Library/Frameworks/IntentsUI.framework/Headers/INImage+IntentsUI.h
2026-06-03T08:46:50.3743900Z x iPhoneOS14.5.sdk/System/Library/Frameworks/IntentsUI.framework/Headers/INUIHostedViewSiriProviding.h
2026-06-03T08:46:50.3744630Z x iPhoneOS14.5.sdk/System/Library/Frameworks/JavaScriptCore.framework/
2026-06-03T08:46:50.3745080Z x iPhoneOS14.5.sdk/System/Library/Frameworks/JavaScriptCore.framework/Modules/
2026-06-03T08:46:50.3749720Z x iPhoneOS14.5.sdk/System/Library/Frameworks/JavaScriptCore.framework/Modules/module.modulemap
2026-06-03T08:46:50.3750800Z x iPhoneOS14.5.sdk/System/Library/Frameworks/JavaScriptCore.framework/Headers/
2026-06-03T08:46:50.3752190Z x iPhoneOS14.5.sdk/System/Library/Frameworks/JavaScriptCore.framework/Headers/JSValue.h
2026-06-03T08:46:50.3753760Z x iPhoneOS14.5.sdk/System/Library/Frameworks/JavaScriptCore.framework/Headers/JSExport.h
2026-06-03T08:46:50.3758910Z x iPhoneOS14.5.sdk/System/Library/Frameworks/JavaScriptCore.framework/Headers/JSObjectRef.h
2026-06-03T08:46:50.3759960Z x iPhoneOS14.5.sdk/System/Library/Frameworks/JavaScriptCore.framework/Headers/JSVirtualMachine.h
2026-06-03T08:46:50.3760820Z x iPhoneOS14.5.sdk/System/Library/Frameworks/JavaScriptCore.framework/Headers/JavaScript.h
2026-06-03T08:46:50.3761780Z x iPhoneOS14.5.sdk/System/Library/Frameworks/JavaScriptCore.framework/Headers/JSContextRef.h
2026-06-03T08:46:50.3762850Z x iPhoneOS14.5.sdk/System/Library/Frameworks/JavaScriptCore.framework/Headers/JSManagedValue.h
2026-06-03T08:46:50.3764220Z x iPhoneOS14.5.sdk/System/Library/Frameworks/JavaScriptCore.framework/Headers/JSBase.h
2026-06-03T08:46:50.3765180Z x iPhoneOS14.5.sdk/System/Library/Frameworks/JavaScriptCore.framework/Headers/JSTypedArray.h
2026-06-03T08:46:50.3766000Z x iPhoneOS14.5.sdk/System/Library/Frameworks/JavaScriptCore.framework/Headers/JavaScriptCore.h
2026-06-03T08:46:50.3779560Z x iPhoneOS14.5.sdk/System/Library/Frameworks/JavaScriptCore.framework/Headers/JSContext.h
2026-06-03T08:46:50.3780140Z x iPhoneOS14.5.sdk/System/Library/Frameworks/JavaScriptCore.framework/Headers/WebKitAvailability.h
2026-06-03T08:46:50.3785250Z x iPhoneOS14.5.sdk/System/Library/Frameworks/JavaScriptCore.framework/Headers/JSValueRef.h
2026-06-03T08:46:50.3786340Z x iPhoneOS14.5.sdk/System/Library/Frameworks/JavaScriptCore.framework/Headers/JSStringRefCF.h
2026-06-03T08:46:50.3787340Z x iPhoneOS14.5.sdk/System/Library/Frameworks/JavaScriptCore.framework/Headers/JSStringRef.h
2026-06-03T08:46:50.3821210Z x iPhoneOS14.5.sdk/System/Library/Frameworks/JavaScriptCore.framework/JavaScriptCore.tbd
2026-06-03T08:46:50.3821710Z x iPhoneOS14.5.sdk/System/Library/Frameworks/MediaPlayer.framework/
2026-06-03T08:46:50.3822150Z x iPhoneOS14.5.sdk/System/Library/Frameworks/MediaPlayer.framework/Modules/
2026-06-03T08:46:50.3822820Z x iPhoneOS14.5.sdk/System/Library/Frameworks/MediaPlayer.framework/Modules/module.modulemap
2026-06-03T08:46:50.3823290Z x iPhoneOS14.5.sdk/System/Library/Frameworks/MediaPlayer.framework/Headers/
2026-06-03T08:46:50.3823800Z x iPhoneOS14.5.sdk/System/Library/Frameworks/MediaPlayer.framework/Headers/MPMediaItem.h
2026-06-03T08:46:50.3825000Z x iPhoneOS14.5.sdk/System/Library/Frameworks/MediaPlayer.framework/Headers/NSUserActivity+MediaPlayerAdditions.h
2026-06-03T08:46:50.3825880Z x iPhoneOS14.5.sdk/System/Library/Frameworks/MediaPlayer.framework/Headers/MPMediaQuerySection.h
2026-06-03T08:46:50.3827240Z x iPhoneOS14.5.sdk/System/Library/Frameworks/MediaPlayer.framework/Headers/MPMoviePlayerController.h
2026-06-03T08:46:50.3827900Z x iPhoneOS14.5.sdk/System/Library/Frameworks/MediaPlayer.framework/Headers/MPContentItem.h
2026-06-03T08:46:50.3828910Z x iPhoneOS14.5.sdk/System/Library/Frameworks/MediaPlayer.framework/Headers/MPPlayableContentDelegate.h
2026-06-03T08:46:50.3829790Z x iPhoneOS14.5.sdk/System/Library/Frameworks/MediaPlayer.framework/Headers/MediaPlayerDefines.h
2026-06-03T08:46:50.3834930Z x iPhoneOS14.5.sdk/System/Library/Frameworks/MediaPlayer.framework/Headers/MPPlayableContentDataSource.h
2026-06-03T08:46:50.3836540Z x iPhoneOS14.5.sdk/System/Library/Frameworks/MediaPlayer.framework/Headers/MPNowPlayingInfoLanguageOption.h
2026-06-03T08:46:50.3837120Z x iPhoneOS14.5.sdk/System/Library/Frameworks/MediaPlayer.framework/Headers/MPMediaEntity.h
2026-06-03T08:46:50.3837680Z x iPhoneOS14.5.sdk/System/Library/Frameworks/MediaPlayer.framework/Headers/MPMediaPickerController.h
2026-06-03T08:46:50.3838610Z x iPhoneOS14.5.sdk/System/Library/Frameworks/MediaPlayer.framework/Headers/MPVolumeView.h
2026-06-03T08:46:50.3839680Z x iPhoneOS14.5.sdk/System/Library/Frameworks/MediaPlayer.framework/Headers/MPMusicPlayerQueueDescriptor.h
2026-06-03T08:46:50.3840320Z x iPhoneOS14.5.sdk/System/Library/Frameworks/MediaPlayer.framework/Headers/MPMediaLibrary.h
2026-06-03T08:46:50.3841630Z x iPhoneOS14.5.sdk/System/Library/Frameworks/MediaPlayer.framework/Headers/MPPlayableContentManager.h
2026-06-03T08:46:50.3842480Z x iPhoneOS14.5.sdk/System/Library/Frameworks/MediaPlayer.framework/Headers/MediaPlayer.apinotes
2026-06-03T08:46:50.3843280Z x iPhoneOS14.5.sdk/System/Library/Frameworks/MediaPlayer.framework/Headers/MPVolumeSettings.h
2026-06-03T08:46:50.3844270Z x iPhoneOS14.5.sdk/System/Library/Frameworks/MediaPlayer.framework/Headers/MPMusicPlayerApplicationController.h
2026-06-03T08:46:50.3845080Z x iPhoneOS14.5.sdk/System/Library/Frameworks/MediaPlayer.framework/Headers/MPRemoteControlTypes.h
2026-06-03T08:46:50.3846470Z x iPhoneOS14.5.sdk/System/Library/Frameworks/MediaPlayer.framework/Headers/MPRemoteCommandCenter.h
2026-06-03T08:46:50.3847590Z x iPhoneOS14.5.sdk/System/Library/Frameworks/MediaPlayer.framework/Headers/MPPlayableContentManagerContext.h
2026-06-03T08:46:50.3848920Z x iPhoneOS14.5.sdk/System/Library/Frameworks/MediaPlayer.framework/Headers/AVFoundation+MPNowPlayingInfoLanguageOptionAdditions.h
2026-06-03T08:46:50.3849720Z x iPhoneOS14.5.sdk/System/Library/Frameworks/MediaPlayer.framework/Headers/MPMoviePlayerViewController.h
2026-06-03T08:46:50.3850420Z x iPhoneOS14.5.sdk/System/Library/Frameworks/MediaPlayer.framework/Headers/MediaPlayer.h
2026-06-03T08:46:50.3851100Z x iPhoneOS14.5.sdk/System/Library/Frameworks/MediaPlayer.framework/Headers/MPMusicPlayerController.h
2026-06-03T08:46:50.3857230Z x iPhoneOS14.5.sdk/System/Library/Frameworks/MediaPlayer.framework/Headers/MPMediaPlaylist.h
2026-06-03T08:46:50.3858150Z x iPhoneOS14.5.sdk/System/Library/Frameworks/MediaPlayer.framework/Headers/MPRemoteCommand.h
2026-06-03T08:46:50.3858930Z x iPhoneOS14.5.sdk/System/Library/Frameworks/MediaPlayer.framework/Headers/MPNowPlayingSession.h
2026-06-03T08:46:50.3859690Z x iPhoneOS14.5.sdk/System/Library/Frameworks/MediaPlayer.framework/Headers/MPMediaPlayback.h
2026-06-03T08:46:50.3860830Z x iPhoneOS14.5.sdk/System/Library/Frameworks/MediaPlayer.framework/Headers/MPNowPlayingInfoCenter.h
2026-06-03T08:46:50.3862080Z x iPhoneOS14.5.sdk/System/Library/Frameworks/MediaPlayer.framework/Headers/MPMediaQuery.h
2026-06-03T08:46:50.3862750Z x iPhoneOS14.5.sdk/System/Library/Frameworks/MediaPlayer.framework/Headers/MPMediaItemCollection.h
2026-06-03T08:46:50.3863520Z x iPhoneOS14.5.sdk/System/Library/Frameworks/MediaPlayer.framework/Headers/MPRemoteCommandEvent.h
2026-06-03T08:46:50.3864510Z x iPhoneOS14.5.sdk/System/Library/Frameworks/MediaPlayer.framework/Headers/MPError.h
2026-06-03T08:46:50.3875180Z x iPhoneOS14.5.sdk/System/Library/Frameworks/MediaPlayer.framework/MediaPlayer.tbd
2026-06-03T08:46:50.3875780Z x iPhoneOS14.5.sdk/System/Library/Frameworks/GameController.framework/
2026-06-03T08:46:50.3876260Z x iPhoneOS14.5.sdk/System/Library/Frameworks/GameController.framework/Modules/
2026-06-03T08:46:50.3877860Z x iPhoneOS14.5.sdk/System/Library/Frameworks/GameController.framework/Modules/module.modulemap
2026-06-03T08:46:50.3878350Z x iPhoneOS14.5.sdk/System/Library/Frameworks/GameController.framework/Headers/
2026-06-03T08:46:50.3878980Z x iPhoneOS14.5.sdk/System/Library/Frameworks/GameController.framework/Headers/GCEventViewController.h
2026-06-03T08:46:50.3879670Z x iPhoneOS14.5.sdk/System/Library/Frameworks/GameController.framework/Headers/GCControllerAxisInput.h
2026-06-03T08:46:50.3880430Z x iPhoneOS14.5.sdk/System/Library/Frameworks/GameController.framework/Headers/GCDualSenseAdaptiveTrigger.h
2026-06-03T08:46:50.3881280Z x iPhoneOS14.5.sdk/System/Library/Frameworks/GameController.framework/Headers/GCDirectionalGamepad.h
2026-06-03T08:46:50.3882330Z x iPhoneOS14.5.sdk/System/Library/Frameworks/GameController.framework/Headers/GCMicroGamepadSnapshot.h
2026-06-03T08:46:50.3883900Z x iPhoneOS14.5.sdk/System/Library/Frameworks/GameController.framework/Headers/GCDeviceLight.h
2026-06-03T08:46:50.3884650Z x iPhoneOS14.5.sdk/System/Library/Frameworks/GameController.framework/Headers/GCMouse.h
2026-06-03T08:46:50.3885600Z x iPhoneOS14.5.sdk/System/Library/Frameworks/GameController.framework/Headers/GameController.h
2026-06-03T08:46:50.3886430Z x iPhoneOS14.5.sdk/System/Library/Frameworks/GameController.framework/Headers/GCControllerDirectionPad.h
2026-06-03T08:46:50.3891270Z x iPhoneOS14.5.sdk/System/Library/Frameworks/GameController.framework/Headers/GCInputNames.h
2026-06-03T08:46:50.3892220Z x iPhoneOS14.5.sdk/System/Library/Frameworks/GameController.framework/Headers/GCGamepad.h
2026-06-03T08:46:50.3893050Z x iPhoneOS14.5.sdk/System/Library/Frameworks/GameController.framework/Headers/GCExtendedGamepadSnapshot.h
2026-06-03T08:46:50.3893880Z x iPhoneOS14.5.sdk/System/Library/Frameworks/GameController.framework/Headers/GCDeviceBattery.h
2026-06-03T08:46:50.3894610Z x iPhoneOS14.5.sdk/System/Library/Frameworks/GameController.framework/Headers/GCKeyNames.h
2026-06-03T08:46:50.3896220Z x iPhoneOS14.5.sdk/System/Library/Frameworks/GameController.framework/Headers/GCControllerButtonInput.h
2026-06-03T08:46:50.3896800Z x iPhoneOS14.5.sdk/System/Library/Frameworks/GameController.framework/Headers/GCDualShockGamepad.h
2026-06-03T08:46:50.3897420Z x iPhoneOS14.5.sdk/System/Library/Frameworks/GameController.framework/Headers/GCGamepadSnapshot.h
2026-06-03T08:46:50.3898020Z x iPhoneOS14.5.sdk/System/Library/Frameworks/GameController.framework/Headers/GCXboxGamepad.h
2026-06-03T08:46:50.3898950Z x iPhoneOS14.5.sdk/System/Library/Frameworks/GameController.framework/Headers/GCDeviceHaptics.h
2026-06-03T08:46:50.3903590Z x iPhoneOS14.5.sdk/System/Library/Frameworks/GameController.framework/Headers/GCController.h
2026-06-03T08:46:50.3904880Z x iPhoneOS14.5.sdk/System/Library/Frameworks/GameController.framework/Headers/GCControllerElement.h
2026-06-03T08:46:50.3905720Z x iPhoneOS14.5.sdk/System/Library/Frameworks/GameController.framework/Headers/GCKeyCodes.h
2026-06-03T08:46:50.3906480Z x iPhoneOS14.5.sdk/System/Library/Frameworks/GameController.framework/Headers/GCMotion.h
2026-06-03T08:46:50.3907330Z x iPhoneOS14.5.sdk/System/Library/Frameworks/GameController.framework/Headers/GCDeviceCursor.h
2026-06-03T08:46:50.3908470Z x iPhoneOS14.5.sdk/System/Library/Frameworks/GameController.framework/Headers/GCControllerTouchpad.h
2026-06-03T08:46:50.3909780Z x iPhoneOS14.5.sdk/System/Library/Frameworks/GameController.framework/Headers/GCExtendedGamepad.h
2026-06-03T08:46:50.3910340Z x iPhoneOS14.5.sdk/System/Library/Frameworks/GameController.framework/Headers/GCDualSenseGamepad.h
2026-06-03T08:46:50.3911250Z x iPhoneOS14.5.sdk/System/Library/Frameworks/GameController.framework/Headers/GCColor.h
2026-06-03T08:46:50.3918990Z x iPhoneOS14.5.sdk/System/Library/Frameworks/GameController.framework/Headers/GCMouseInput.h
2026-06-03T08:46:50.3919510Z x iPhoneOS14.5.sdk/System/Library/Frameworks/GameController.framework/Headers/GCDevice.h
2026-06-03T08:46:50.3920190Z x iPhoneOS14.5.sdk/System/Library/Frameworks/GameController.framework/Headers/GCExtern.h
2026-06-03T08:46:50.3920880Z x iPhoneOS14.5.sdk/System/Library/Frameworks/GameController.framework/Headers/GCPhysicalInputProfile.h
2026-06-03T08:46:50.3921500Z x iPhoneOS14.5.sdk/System/Library/Frameworks/GameController.framework/Headers/GCKeyboard.h
2026-06-03T08:46:50.3922030Z x iPhoneOS14.5.sdk/System/Library/Frameworks/GameController.framework/Headers/GCMicroGamepad.h
2026-06-03T08:46:50.3922750Z x iPhoneOS14.5.sdk/System/Library/Frameworks/GameController.framework/Headers/GCKeyboardInput.h
2026-06-03T08:46:50.3923300Z x iPhoneOS14.5.sdk/System/Library/Frameworks/GameController.framework/GameController.tbd
2026-06-03T08:46:50.3925340Z x iPhoneOS14.5.sdk/System/Library/Frameworks/PencilKit.framework/
2026-06-03T08:46:50.3926140Z x iPhoneOS14.5.sdk/System/Library/Frameworks/PencilKit.framework/Modules/
2026-06-03T08:46:50.3926640Z x iPhoneOS14.5.sdk/System/Library/Frameworks/PencilKit.framework/Modules/module.modulemap
2026-06-03T08:46:50.3927130Z x iPhoneOS14.5.sdk/System/Library/Frameworks/PencilKit.framework/PencilKit.tbd
2026-06-03T08:46:50.3928090Z x iPhoneOS14.5.sdk/System/Library/Frameworks/PencilKit.framework/Headers/
2026-06-03T08:46:50.3928610Z x iPhoneOS14.5.sdk/System/Library/Frameworks/PencilKit.framework/Headers/PKDrawing.h
2026-06-03T08:46:50.3929300Z x iPhoneOS14.5.sdk/System/Library/Frameworks/PencilKit.framework/Headers/PKTool.h
2026-06-03T08:46:50.3930020Z x iPhoneOS14.5.sdk/System/Library/Frameworks/PencilKit.framework/Headers/PKToolPicker.h
2026-06-03T08:46:50.3931500Z x iPhoneOS14.5.sdk/System/Library/Frameworks/PencilKit.framework/Headers/PKStrokePath.h
2026-06-03T08:46:50.3932080Z x iPhoneOS14.5.sdk/System/Library/Frameworks/PencilKit.framework/Headers/PKStrokePoint.h
2026-06-03T08:46:50.3933050Z x iPhoneOS14.5.sdk/System/Library/Frameworks/PencilKit.framework/Headers/PKEraserTool.h
2026-06-03T08:46:50.3934020Z x iPhoneOS14.5.sdk/System/Library/Frameworks/PencilKit.framework/Headers/PKFloatRange.h
2026-06-03T08:46:50.3934570Z x iPhoneOS14.5.sdk/System/Library/Frameworks/PencilKit.framework/Headers/PKInkingTool.h
2026-06-03T08:46:50.3935400Z x iPhoneOS14.5.sdk/System/Library/Frameworks/PencilKit.framework/Headers/PKStroke.h
2026-06-03T08:46:50.3936740Z x iPhoneOS14.5.sdk/System/Library/Frameworks/PencilKit.framework/Headers/PKInk.h
2026-06-03T08:46:50.3942360Z x iPhoneOS14.5.sdk/System/Library/Frameworks/PencilKit.framework/Headers/PencilKit.h
2026-06-03T08:46:50.3943150Z x iPhoneOS14.5.sdk/System/Library/Frameworks/PencilKit.framework/Headers/PKLassoTool.h
2026-06-03T08:46:50.3944110Z x iPhoneOS14.5.sdk/System/Library/Frameworks/PencilKit.framework/Headers/PKCanvasView.h
2026-06-03T08:46:50.3944990Z x iPhoneOS14.5.sdk/System/Library/Frameworks/PencilKit.framework/Headers/PencilKit.apinotes
2026-06-03T08:46:50.3946460Z x iPhoneOS14.5.sdk/System/Library/Frameworks/PencilKit.framework/Headers/PKInkType.h
2026-06-03T08:46:50.3946880Z x iPhoneOS14.5.sdk/System/Library/Frameworks/AssetsLibrary.framework/
2026-06-03T08:46:50.3947510Z x iPhoneOS14.5.sdk/System/Library/Frameworks/AssetsLibrary.framework/Modules/
2026-06-03T08:46:50.3948000Z x iPhoneOS14.5.sdk/System/Library/Frameworks/AssetsLibrary.framework/Modules/module.modulemap
2026-06-03T08:46:50.3948530Z x iPhoneOS14.5.sdk/System/Library/Frameworks/AssetsLibrary.framework/Headers/
2026-06-03T08:46:50.3949080Z x iPhoneOS14.5.sdk/System/Library/Frameworks/AssetsLibrary.framework/Headers/ALAssetRepresentation.h
2026-06-03T08:46:50.3949850Z x iPhoneOS14.5.sdk/System/Library/Frameworks/AssetsLibrary.framework/Headers/ALAssetsGroup.h
2026-06-03T08:46:50.3950740Z x iPhoneOS14.5.sdk/System/Library/Frameworks/AssetsLibrary.framework/Headers/AssetsLibrary.h
2026-06-03T08:46:50.3951950Z x iPhoneOS14.5.sdk/System/Library/Frameworks/AssetsLibrary.framework/Headers/ALAssetsFilter.h
2026-06-03T08:46:50.3952500Z x iPhoneOS14.5.sdk/System/Library/Frameworks/AssetsLibrary.framework/Headers/ALAsset.h
2026-06-03T08:46:50.3953520Z x iPhoneOS14.5.sdk/System/Library/Frameworks/AssetsLibrary.framework/Headers/ALAssetsLibrary.h
2026-06-03T08:46:50.3954390Z x iPhoneOS14.5.sdk/System/Library/Frameworks/AssetsLibrary.framework/AssetsLibrary.tbd
2026-06-03T08:46:50.3954810Z x iPhoneOS14.5.sdk/System/Library/Frameworks/EventKit.framework/
2026-06-03T08:46:50.3955230Z x iPhoneOS14.5.sdk/System/Library/Frameworks/EventKit.framework/Modules/
2026-06-03T08:46:50.3956140Z x iPhoneOS14.5.sdk/System/Library/Frameworks/EventKit.framework/Modules/module.modulemap
2026-06-03T08:46:50.3957090Z x iPhoneOS14.5.sdk/System/Library/Frameworks/EventKit.framework/Headers/
2026-06-03T08:46:50.3957510Z x iPhoneOS14.5.sdk/System/Library/Frameworks/EventKit.framework/Headers/EventKit.h
2026-06-03T08:46:50.3964040Z x iPhoneOS14.5.sdk/System/Library/Frameworks/EventKit.framework/Headers/EKError.h
2026-06-03T08:46:50.3964820Z x iPhoneOS14.5.sdk/System/Library/Frameworks/EventKit.framework/Headers/EKRecurrenceEnd.h
2026-06-03T08:46:50.3965710Z x iPhoneOS14.5.sdk/System/Library/Frameworks/EventKit.framework/Headers/EKParticipant.h
2026-06-03T08:46:50.3966660Z x iPhoneOS14.5.sdk/System/Library/Frameworks/EventKit.framework/Headers/EventKitDefines.h
2026-06-03T08:46:50.3967900Z x iPhoneOS14.5.sdk/System/Library/Frameworks/EventKit.framework/Headers/EKTypes.h
2026-06-03T08:46:50.3968460Z x iPhoneOS14.5.sdk/System/Library/Frameworks/EventKit.framework/Headers/EKEvent.h
2026-06-03T08:46:50.3969430Z x iPhoneOS14.5.sdk/System/Library/Frameworks/EventKit.framework/Headers/EKReminder.h
2026-06-03T08:46:50.3970200Z x iPhoneOS14.5.sdk/System/Library/Frameworks/EventKit.framework/Headers/EKObject.h
2026-06-03T08:46:50.3971150Z x iPhoneOS14.5.sdk/System/Library/Frameworks/EventKit.framework/Headers/EKSource.h
2026-06-03T08:46:50.3972680Z x iPhoneOS14.5.sdk/System/Library/Frameworks/EventKit.framework/Headers/EKStructuredLocation.h
2026-06-03T08:46:50.3973220Z x iPhoneOS14.5.sdk/System/Library/Frameworks/EventKit.framework/Headers/EKRecurrenceDayOfWeek.h
2026-06-03T08:46:50.3973890Z x iPhoneOS14.5.sdk/System/Library/Frameworks/EventKit.framework/Headers/EKCalendarItem.h
2026-06-03T08:46:50.3974800Z x iPhoneOS14.5.sdk/System/Library/Frameworks/EventKit.framework/Headers/EKAlarm.h
2026-06-03T08:46:50.3980860Z x iPhoneOS14.5.sdk/System/Library/Frameworks/EventKit.framework/Headers/EKRecurrenceRule.h
2026-06-03T08:46:50.3981590Z x iPhoneOS14.5.sdk/System/Library/Frameworks/EventKit.framework/Headers/EventKit.apinotes
2026-06-03T08:46:50.3982800Z x iPhoneOS14.5.sdk/System/Library/Frameworks/EventKit.framework/Headers/EKEventStore.h
2026-06-03T08:46:50.3983590Z x iPhoneOS14.5.sdk/System/Library/Frameworks/EventKit.framework/Headers/EKCalendar.h
2026-06-03T08:46:50.3984450Z x iPhoneOS14.5.sdk/System/Library/Frameworks/EventKit.framework/EventKit.tbd
2026-06-03T08:46:50.3984920Z x iPhoneOS14.5.sdk/System/Library/Frameworks/WebKit.framework/
2026-06-03T08:46:50.3985340Z x iPhoneOS14.5.sdk/System/Library/Frameworks/WebKit.framework/Modules/
2026-06-03T08:46:50.3986150Z x iPhoneOS14.5.sdk/System/Library/Frameworks/WebKit.framework/Modules/module.modulemap
2026-06-03T08:46:50.3986690Z x iPhoneOS14.5.sdk/System/Library/Frameworks/WebKit.framework/Headers/
2026-06-03T08:46:50.3987960Z x iPhoneOS14.5.sdk/System/Library/Frameworks/WebKit.framework/Headers/WKFindResult.h
2026-06-03T08:46:50.3988540Z x iPhoneOS14.5.sdk/System/Library/Frameworks/WebKit.framework/Headers/WKSnapshotConfiguration.h
2026-06-03T08:46:50.3989340Z x iPhoneOS14.5.sdk/System/Library/Frameworks/WebKit.framework/Headers/WebKitLegacy.h
2026-06-03T08:46:50.3993810Z x iPhoneOS14.5.sdk/System/Library/Frameworks/WebKit.framework/Headers/WKContextMenuElementInfo.h
2026-06-03T08:46:50.3994590Z x iPhoneOS14.5.sdk/System/Library/Frameworks/WebKit.framework/Headers/WKWebsiteDataRecord.h
2026-06-03T08:46:50.3995540Z x iPhoneOS14.5.sdk/System/Library/Frameworks/WebKit.framework/Headers/WKError.h
2026-06-03T08:46:50.3996910Z x iPhoneOS14.5.sdk/System/Library/Frameworks/WebKit.framework/Headers/WKDataDetectorTypes.h
2026-06-03T08:46:50.3998130Z x iPhoneOS14.5.sdk/System/Library/Frameworks/WebKit.framework/Headers/WKBackForwardList.h
2026-06-03T08:46:50.3999060Z x iPhoneOS14.5.sdk/System/Library/Frameworks/WebKit.framework/Headers/WKNavigationResponse.h
2026-06-03T08:46:50.3999990Z x iPhoneOS14.5.sdk/System/Library/Frameworks/WebKit.framework/Headers/WebKit.apinotes
2026-06-03T08:46:50.4000860Z x iPhoneOS14.5.sdk/System/Library/Frameworks/WebKit.framework/Headers/NSAttributedString.h
2026-06-03T08:46:50.4002110Z x iPhoneOS14.5.sdk/System/Library/Frameworks/WebKit.framework/Headers/WKUserContentController.h
2026-06-03T08:46:50.4002620Z x iPhoneOS14.5.sdk/System/Library/Frameworks/WebKit.framework/Headers/WKSecurityOrigin.h
2026-06-03T08:46:50.4003220Z x iPhoneOS14.5.sdk/System/Library/Frameworks/WebKit.framework/Headers/WKFrameInfo.h
2026-06-03T08:46:50.4004160Z x iPhoneOS14.5.sdk/System/Library/Frameworks/WebKit.framework/Headers/WKDownload.h
2026-06-03T08:46:50.4004960Z x iPhoneOS14.5.sdk/System/Library/Frameworks/WebKit.framework/Headers/WKBackForwardListItem.h
2026-06-03T08:46:50.4005860Z x iPhoneOS14.5.sdk/System/Library/Frameworks/WebKit.framework/Headers/WebKit.h
2026-06-03T08:46:50.4007080Z x iPhoneOS14.5.sdk/System/Library/Frameworks/WebKit.framework/Headers/WKURLSchemeTask.h
2026-06-03T08:46:50.4012280Z x iPhoneOS14.5.sdk/System/Library/Frameworks/WebKit.framework/Headers/WKURLSchemeHandler.h
2026-06-03T08:46:50.4013110Z x iPhoneOS14.5.sdk/System/Library/Frameworks/WebKit.framework/Headers/WKPreviewActionItem.h
2026-06-03T08:46:50.4013870Z x iPhoneOS14.5.sdk/System/Library/Frameworks/WebKit.framework/Headers/WKWebViewConfiguration.h
2026-06-03T08:46:50.4014750Z x iPhoneOS14.5.sdk/System/Library/Frameworks/WebKit.framework/Headers/WKFindConfiguration.h
2026-06-03T08:46:50.4015650Z x iPhoneOS14.5.sdk/System/Library/Frameworks/WebKit.framework/Headers/WKProcessPool.h
2026-06-03T08:46:50.4016990Z x iPhoneOS14.5.sdk/System/Library/Frameworks/WebKit.framework/Headers/WKPreviewActionItemIdentifiers.h
2026-06-03T08:46:50.4017550Z x iPhoneOS14.5.sdk/System/Library/Frameworks/WebKit.framework/Headers/WKScriptMessageHandler.h
2026-06-03T08:46:50.4018400Z x iPhoneOS14.5.sdk/System/Library/Frameworks/WebKit.framework/Headers/WKWebpagePreferences.h
2026-06-03T08:46:50.4019360Z x iPhoneOS14.5.sdk/System/Library/Frameworks/WebKit.framework/Headers/WKNavigationDelegate.h
2026-06-03T08:46:50.4020160Z x iPhoneOS14.5.sdk/System/Library/Frameworks/WebKit.framework/Headers/WKWebsiteDataStore.h
2026-06-03T08:46:50.4025050Z x iPhoneOS14.5.sdk/System/Library/Frameworks/WebKit.framework/Headers/WKWebView.h
2026-06-03T08:46:50.4026340Z x iPhoneOS14.5.sdk/System/Library/Frameworks/WebKit.framework/Headers/WKContentRuleListStore.h
2026-06-03T08:46:50.4027200Z x iPhoneOS14.5.sdk/System/Library/Frameworks/WebKit.framework/Headers/WKPreviewElementInfo.h
2026-06-03T08:46:50.4028210Z x iPhoneOS14.5.sdk/System/Library/Frameworks/WebKit.framework/Headers/WKScriptMessageHandlerWithReply.h
2026-06-03T08:46:50.4029090Z x iPhoneOS14.5.sdk/System/Library/Frameworks/WebKit.framework/Headers/WKPDFConfiguration.h
2026-06-03T08:46:50.4030010Z x iPhoneOS14.5.sdk/System/Library/Frameworks/WebKit.framework/Headers/WKNavigationAction.h
2026-06-03T08:46:50.4031160Z x iPhoneOS14.5.sdk/System/Library/Frameworks/WebKit.framework/Headers/WKHTTPCookieStore.h
2026-06-03T08:46:50.4031960Z x iPhoneOS14.5.sdk/System/Library/Frameworks/WebKit.framework/Headers/WKContentRuleList.h
2026-06-03T08:46:50.4032730Z x iPhoneOS14.5.sdk/System/Library/Frameworks/WebKit.framework/Headers/WKContentWorld.h
2026-06-03T08:46:50.4033480Z x iPhoneOS14.5.sdk/System/Library/Frameworks/WebKit.framework/Headers/WKMediaPlaybackState.h
2026-06-03T08:46:50.4034480Z x iPhoneOS14.5.sdk/System/Library/Frameworks/WebKit.framework/Headers/WKOpenPanelParameters.h
2026-06-03T08:46:50.4035290Z x iPhoneOS14.5.sdk/System/Library/Frameworks/WebKit.framework/Headers/WKUIDelegate.h
2026-06-03T08:46:50.4036390Z x iPhoneOS14.5.sdk/System/Library/Frameworks/WebKit.framework/Headers/WKScriptMessage.h
2026-06-03T08:46:50.4041780Z x iPhoneOS14.5.sdk/System/Library/Frameworks/WebKit.framework/Headers/WKDownloadDelegate.h
2026-06-03T08:46:50.4042600Z x iPhoneOS14.5.sdk/System/Library/Frameworks/WebKit.framework/Headers/WKPreferences.h
2026-06-03T08:46:50.4043420Z x iPhoneOS14.5.sdk/System/Library/Frameworks/WebKit.framework/Headers/WKNavigation.h
2026-06-03T08:46:50.4044590Z x iPhoneOS14.5.sdk/System/Library/Frameworks/WebKit.framework/Headers/WKUserScript.h
2026-06-03T08:46:50.4045730Z x iPhoneOS14.5.sdk/System/Library/Frameworks/WebKit.framework/Headers/WKWindowFeatures.h
2026-06-03T08:46:50.4046420Z x iPhoneOS14.5.sdk/System/Library/Frameworks/WebKit.framework/Headers/WKFoundation.h
2026-06-03T08:46:50.4055670Z x iPhoneOS14.5.sdk/System/Library/Frameworks/WebKit.framework/WebKit.tbd
2026-06-03T08:46:50.4056070Z x iPhoneOS14.5.sdk/System/Library/Frameworks/_StoreKit_SwiftUI.framework/
2026-06-03T08:46:50.4056550Z x iPhoneOS14.5.sdk/System/Library/Frameworks/_StoreKit_SwiftUI.framework/Modules/
2026-06-03T08:46:50.4057420Z x iPhoneOS14.5.sdk/System/Library/Frameworks/_StoreKit_SwiftUI.framework/Modules/_StoreKit_SwiftUI.swiftmodule/
2026-06-03T08:46:50.4058280Z x iPhoneOS14.5.sdk/System/Library/Frameworks/_StoreKit_SwiftUI.framework/Modules/_StoreKit_SwiftUI.swiftmodule/arm64e-apple-ios.swiftdoc
2026-06-03T08:46:50.4059180Z x iPhoneOS14.5.sdk/System/Library/Frameworks/_StoreKit_SwiftUI.framework/Modules/_StoreKit_SwiftUI.swiftmodule/arm64-apple-ios.swiftdoc
2026-06-03T08:46:50.4060430Z x iPhoneOS14.5.sdk/System/Library/Frameworks/_StoreKit_SwiftUI.framework/Modules/_StoreKit_SwiftUI.swiftmodule/arm64.swiftdoc
2026-06-03T08:46:50.4061130Z x iPhoneOS14.5.sdk/System/Library/Frameworks/_StoreKit_SwiftUI.framework/Modules/_StoreKit_SwiftUI.swiftmodule/arm64e.swiftdoc
2026-06-03T08:46:50.4061890Z x iPhoneOS14.5.sdk/System/Library/Frameworks/_StoreKit_SwiftUI.framework/Modules/_StoreKit_SwiftUI.swiftmodule/arm64e-apple-ios.swiftinterface
2026-06-03T08:46:50.4062690Z x iPhoneOS14.5.sdk/System/Library/Frameworks/_StoreKit_SwiftUI.framework/Modules/_StoreKit_SwiftUI.swiftmodule/arm64-apple-ios.swiftinterface
2026-06-03T08:46:50.4063460Z x iPhoneOS14.5.sdk/System/Library/Frameworks/_StoreKit_SwiftUI.framework/Modules/_StoreKit_SwiftUI.swiftmodule/arm64e.swiftinterface
2026-06-03T08:46:50.4065000Z x iPhoneOS14.5.sdk/System/Library/Frameworks/_StoreKit_SwiftUI.framework/Modules/_StoreKit_SwiftUI.swiftmodule/arm64.swiftinterface
2026-06-03T08:46:50.4065780Z x iPhoneOS14.5.sdk/System/Library/Frameworks/_StoreKit_SwiftUI.framework/_StoreKit_SwiftUI.tbd
2026-06-03T08:46:50.4066230Z x iPhoneOS14.5.sdk/System/Library/Frameworks/Messages.framework/
2026-06-03T08:46:50.4067890Z x iPhoneOS14.5.sdk/System/Library/Frameworks/Messages.framework/Modules/
2026-06-03T08:46:50.4068420Z x iPhoneOS14.5.sdk/System/Library/Frameworks/Messages.framework/Modules/module.modulemap
2026-06-03T08:46:50.4068950Z x iPhoneOS14.5.sdk/System/Library/Frameworks/Messages.framework/Headers/
2026-06-03T08:46:50.4069620Z x iPhoneOS14.5.sdk/System/Library/Frameworks/Messages.framework/Headers/MSMessage.h
2026-06-03T08:46:50.4070700Z x iPhoneOS14.5.sdk/System/Library/Frameworks/Messages.framework/Headers/MSMessageLayout.h
2026-06-03T08:46:50.4072050Z x iPhoneOS14.5.sdk/System/Library/Frameworks/Messages.framework/Headers/MSStickerView.h
2026-06-03T08:46:50.4072700Z x iPhoneOS14.5.sdk/System/Library/Frameworks/Messages.framework/Headers/MSSession.h
2026-06-03T08:46:50.4073500Z x iPhoneOS14.5.sdk/System/Library/Frameworks/Messages.framework/Headers/MessagesDefines.h
2026-06-03T08:46:50.4074430Z x iPhoneOS14.5.sdk/System/Library/Frameworks/Messages.framework/Headers/MSStickerBrowserView.h
2026-06-03T08:46:50.4075350Z x iPhoneOS14.5.sdk/System/Library/Frameworks/Messages.framework/Headers/MSStickerBrowserViewDataSource.h
2026-06-03T08:46:50.4076060Z x iPhoneOS14.5.sdk/System/Library/Frameworks/Messages.framework/Headers/Messages.h
2026-06-03T08:46:50.4076990Z x iPhoneOS14.5.sdk/System/Library/Frameworks/Messages.framework/Headers/MSMessageError.h
2026-06-03T08:46:50.4077740Z x iPhoneOS14.5.sdk/System/Library/Frameworks/Messages.framework/Headers/MSSticker.h
2026-06-03T08:46:50.4078500Z x iPhoneOS14.5.sdk/System/Library/Frameworks/Messages.framework/Headers/MSConversation.h
2026-06-03T08:46:50.4083560Z x iPhoneOS14.5.sdk/System/Library/Frameworks/Messages.framework/Headers/MSMessageLiveLayout.h
2026-06-03T08:46:50.4084640Z x iPhoneOS14.5.sdk/System/Library/Frameworks/Messages.framework/Headers/MSMessagesAppViewController.h
2026-06-03T08:46:50.4086570Z x iPhoneOS14.5.sdk/System/Library/Frameworks/Messages.framework/Headers/MSStickerBrowserViewController.h
2026-06-03T08:46:50.4087140Z x iPhoneOS14.5.sdk/System/Library/Frameworks/Messages.framework/Headers/MSMessageTemplateLayout.h
2026-06-03T08:46:50.4087690Z x iPhoneOS14.5.sdk/System/Library/Frameworks/Messages.framework/Messages.tbd
2026-06-03T08:46:50.4088070Z x iPhoneOS14.5.sdk/System/Library/Frameworks/AppClip.framework/
2026-06-03T08:46:50.4088490Z x iPhoneOS14.5.sdk/System/Library/Frameworks/AppClip.framework/Modules/
2026-06-03T08:46:50.4089180Z x iPhoneOS14.5.sdk/System/Library/Frameworks/AppClip.framework/Modules/module.modulemap
2026-06-03T08:46:50.4089620Z x iPhoneOS14.5.sdk/System/Library/Frameworks/AppClip.framework/Headers/
2026-06-03T08:46:50.4090750Z x iPhoneOS14.5.sdk/System/Library/Frameworks/AppClip.framework/Headers/AppClip.h
2026-06-03T08:46:50.4091420Z x iPhoneOS14.5.sdk/System/Library/Frameworks/AppClip.framework/Headers/APBase.h
2026-06-03T08:46:50.4092090Z x iPhoneOS14.5.sdk/System/Library/Frameworks/AppClip.framework/Headers/APActivationPayload.h
2026-06-03T08:46:50.4092990Z x iPhoneOS14.5.sdk/System/Library/Frameworks/AppClip.framework/Headers/NSUserActivity+AppClip.h
2026-06-03T08:46:50.4093690Z x iPhoneOS14.5.sdk/System/Library/Frameworks/AppClip.framework/AppClip.tbd
2026-06-03T08:46:50.4094080Z x iPhoneOS14.5.sdk/System/Library/Frameworks/RealityKit.framework/
2026-06-03T08:46:50.4123720Z x iPhoneOS14.5.sdk/System/Library/Frameworks/RealityKit.framework/RealityKit.tbd
2026-06-03T08:46:50.4124170Z x iPhoneOS14.5.sdk/System/Library/Frameworks/RealityKit.framework/Modules/
2026-06-03T08:46:50.4124670Z x iPhoneOS14.5.sdk/System/Library/Frameworks/RealityKit.framework/Modules/RealityKit.swiftmodule/
2026-06-03T08:46:50.4150370Z x iPhoneOS14.5.sdk/System/Library/Frameworks/RealityKit.framework/Modules/RealityKit.swiftmodule/arm64e-apple-ios.swiftdoc
2026-06-03T08:46:50.4154320Z x iPhoneOS14.5.sdk/System/Library/Frameworks/RealityKit.framework/Modules/RealityKit.swiftmodule/arm64-apple-ios.swiftdoc
2026-06-03T08:46:50.4159550Z x iPhoneOS14.5.sdk/System/Library/Frameworks/RealityKit.framework/Modules/RealityKit.swiftmodule/arm64.swiftdoc
2026-06-03T08:46:50.4166650Z x iPhoneOS14.5.sdk/System/Library/Frameworks/RealityKit.framework/Modules/RealityKit.swiftmodule/arm64e.swiftdoc
2026-06-03T08:46:50.4177950Z x iPhoneOS14.5.sdk/System/Library/Frameworks/RealityKit.framework/Modules/RealityKit.swiftmodule/arm64e-apple-ios.swiftinterface
2026-06-03T08:46:50.4182750Z x iPhoneOS14.5.sdk/System/Library/Frameworks/RealityKit.framework/Modules/RealityKit.swiftmodule/arm64-apple-ios.swiftinterface
2026-06-03T08:46:50.4186190Z x iPhoneOS14.5.sdk/System/Library/Frameworks/RealityKit.framework/Modules/RealityKit.swiftmodule/arm64e.swiftinterface
2026-06-03T08:46:50.4191900Z x iPhoneOS14.5.sdk/System/Library/Frameworks/RealityKit.framework/Modules/RealityKit.swiftmodule/arm64.swiftinterface
2026-06-03T08:46:50.4192540Z x iPhoneOS14.5.sdk/System/Library/Frameworks/IOSurface.framework/
2026-06-03T08:46:50.4193110Z x iPhoneOS14.5.sdk/System/Library/Frameworks/IOSurface.framework/Modules/
2026-06-03T08:46:50.4194200Z x iPhoneOS14.5.sdk/System/Library/Frameworks/IOSurface.framework/Modules/module.modulemap
2026-06-03T08:46:50.4194710Z x iPhoneOS14.5.sdk/System/Library/Frameworks/IOSurface.framework/Headers/
2026-06-03T08:46:50.4196410Z x iPhoneOS14.5.sdk/System/Library/Frameworks/IOSurface.framework/Headers/IOSurfaceTypes.h
2026-06-03T08:46:50.4197880Z x iPhoneOS14.5.sdk/System/Library/Frameworks/IOSurface.framework/Headers/IOSurfaceBase.h
2026-06-03T08:46:50.4203940Z x iPhoneOS14.5.sdk/System/Library/Frameworks/IOSurface.framework/Headers/IOSurfaceRef.h
2026-06-03T08:46:50.4205380Z x iPhoneOS14.5.sdk/System/Library/Frameworks/IOSurface.framework/Headers/IOSurfaceObjC.h
2026-06-03T08:46:50.4206010Z x iPhoneOS14.5.sdk/System/Library/Frameworks/IOSurface.framework/IOSurface.tbd
2026-06-03T08:46:50.4206790Z x iPhoneOS14.5.sdk/System/Library/Frameworks/VisionKit.framework/
2026-06-03T08:46:50.4207310Z x iPhoneOS14.5.sdk/System/Library/Frameworks/VisionKit.framework/Modules/
2026-06-03T08:46:50.4208650Z x iPhoneOS14.5.sdk/System/Library/Frameworks/VisionKit.framework/Modules/module.modulemap
2026-06-03T08:46:50.4209950Z x iPhoneOS14.5.sdk/System/Library/Frameworks/VisionKit.framework/Headers/
2026-06-03T08:46:50.4210710Z x iPhoneOS14.5.sdk/System/Library/Frameworks/VisionKit.framework/Headers/VNDocumentCameraViewController.h
2026-06-03T08:46:50.4211820Z x iPhoneOS14.5.sdk/System/Library/Frameworks/VisionKit.framework/Headers/VisionKit.apinotes
2026-06-03T08:46:50.4212700Z x iPhoneOS14.5.sdk/System/Library/Frameworks/VisionKit.framework/Headers/VisionKit.h
2026-06-03T08:46:50.4214360Z x iPhoneOS14.5.sdk/System/Library/Frameworks/VisionKit.framework/Headers/DocumentCamera.h
2026-06-03T08:46:50.4215500Z x iPhoneOS14.5.sdk/System/Library/Frameworks/VisionKit.framework/Headers/VNDocumentCameraScan.h
2026-06-03T08:46:50.4216990Z x iPhoneOS14.5.sdk/System/Library/Frameworks/VisionKit.framework/VisionKit.tbd
2026-06-03T08:46:50.4217410Z x iPhoneOS14.5.sdk/System/Library/Frameworks/NearbyInteraction.framework/
2026-06-03T08:46:50.4217910Z x iPhoneOS14.5.sdk/System/Library/Frameworks/NearbyInteraction.framework/Modules/
2026-06-03T08:46:50.4218600Z x iPhoneOS14.5.sdk/System/Library/Frameworks/NearbyInteraction.framework/Modules/module.modulemap
2026-06-03T08:46:50.4219270Z x iPhoneOS14.5.sdk/System/Library/Frameworks/NearbyInteraction.framework/NearbyInteraction.tbd
2026-06-03T08:46:50.4219770Z x iPhoneOS14.5.sdk/System/Library/Frameworks/NearbyInteraction.framework/Headers/
2026-06-03T08:46:50.4220330Z x iPhoneOS14.5.sdk/System/Library/Frameworks/NearbyInteraction.framework/Headers/NIExport.h
2026-06-03T08:46:50.4221550Z x iPhoneOS14.5.sdk/System/Library/Frameworks/NearbyInteraction.framework/Headers/NearbyInteraction.h
2026-06-03T08:46:50.4227620Z x iPhoneOS14.5.sdk/System/Library/Frameworks/NearbyInteraction.framework/Headers/NISession.h
2026-06-03T08:46:50.4228280Z x iPhoneOS14.5.sdk/System/Library/Frameworks/NearbyInteraction.framework/Headers/NIConfiguration.h
2026-06-03T08:46:50.4228960Z x iPhoneOS14.5.sdk/System/Library/Frameworks/NearbyInteraction.framework/Headers/NIError.h
2026-06-03T08:46:50.4229710Z x iPhoneOS14.5.sdk/System/Library/Frameworks/NearbyInteraction.framework/Headers/NINearbyObject.h
2026-06-03T08:46:50.4230170Z x iPhoneOS14.5.sdk/System/Library/Frameworks/Metal.framework/
2026-06-03T08:46:50.4230580Z x iPhoneOS14.5.sdk/System/Library/Frameworks/Metal.framework/Modules/
2026-06-03T08:46:50.4232100Z x iPhoneOS14.5.sdk/System/Library/Frameworks/Metal.framework/Modules/module.modulemap
2026-06-03T08:46:50.4232530Z x iPhoneOS14.5.sdk/System/Library/Frameworks/Metal.framework/Headers/
2026-06-03T08:46:50.4233770Z x iPhoneOS14.5.sdk/System/Library/Frameworks/Metal.framework/Headers/MTLCommandQueue.h
2026-06-03T08:46:50.4235420Z x iPhoneOS14.5.sdk/System/Library/Frameworks/Metal.framework/Headers/MTLFunctionDescriptor.h
2026-06-03T08:46:50.4236080Z x iPhoneOS14.5.sdk/System/Library/Frameworks/Metal.framework/Headers/MTLDevice.h
2026-06-03T08:46:50.4241820Z x iPhoneOS14.5.sdk/System/Library/Frameworks/Metal.framework/Headers/MTLAccelerationStructureTypes.h
2026-06-03T08:46:50.4242590Z x iPhoneOS14.5.sdk/System/Library/Frameworks/Metal.framework/Headers/MTLLinkedFunctions.h
2026-06-03T08:46:50.4243970Z x iPhoneOS14.5.sdk/System/Library/Frameworks/Metal.framework/Headers/MTLCommandBuffer.h
2026-06-03T08:46:50.4244830Z x iPhoneOS14.5.sdk/System/Library/Frameworks/Metal.framework/Headers/MTLFunctionConstantValues.h
2026-06-03T08:46:50.4245650Z x iPhoneOS14.5.sdk/System/Library/Frameworks/Metal.framework/Headers/MTLComputePipeline.h
2026-06-03T08:46:50.4246590Z x iPhoneOS14.5.sdk/System/Library/Frameworks/Metal.framework/Headers/MTLIndirectCommandEncoder.h
2026-06-03T08:46:50.4247420Z x iPhoneOS14.5.sdk/System/Library/Frameworks/Metal.framework/Headers/MTLResourceStateCommandEncoder.h
2026-06-03T08:46:50.4248860Z x iPhoneOS14.5.sdk/System/Library/Frameworks/Metal.framework/Headers/MTLResourceStatePass.h
2026-06-03T08:46:50.4249360Z x iPhoneOS14.5.sdk/System/Library/Frameworks/Metal.framework/Headers/MTLCommandEncoder.h
2026-06-03T08:46:50.4250130Z x iPhoneOS14.5.sdk/System/Library/Frameworks/Metal.framework/Headers/MTLPixelFormat.h
2026-06-03T08:46:50.4255210Z x iPhoneOS14.5.sdk/System/Library/Frameworks/Metal.framework/Headers/MTLHeap.h
2026-06-03T08:46:50.4256180Z x iPhoneOS14.5.sdk/System/Library/Frameworks/Metal.framework/Headers/MTLRenderPipeline.h
2026-06-03T08:46:50.4256890Z x iPhoneOS14.5.sdk/System/Library/Frameworks/Metal.framework/Headers/MTLRenderPass.h
2026-06-03T08:46:50.4258150Z x iPhoneOS14.5.sdk/System/Library/Frameworks/Metal.framework/Headers/MTLParallelRenderCommandEncoder.h
2026-06-03T08:46:50.4258820Z x iPhoneOS14.5.sdk/System/Library/Frameworks/Metal.framework/Headers/MTLEvent.h
2026-06-03T08:46:50.4259620Z x iPhoneOS14.5.sdk/System/Library/Frameworks/Metal.framework/Headers/MTLArgumentEncoder.h
2026-06-03T08:46:50.4260720Z x iPhoneOS14.5.sdk/System/Library/Frameworks/Metal.framework/Headers/MTLAccelerationStructure.h
2026-06-03T08:46:50.4261290Z x iPhoneOS14.5.sdk/System/Library/Frameworks/Metal.framework/Headers/MTLDrawable.h
2026-06-03T08:46:50.4262580Z x iPhoneOS14.5.sdk/System/Library/Frameworks/Metal.framework/Headers/MTLDefines.h
2026-06-03T08:46:50.4267490Z x iPhoneOS14.5.sdk/System/Library/Frameworks/Metal.framework/Headers/MTLIndirectCommandBuffer.h
2026-06-03T08:46:50.4268150Z x iPhoneOS14.5.sdk/System/Library/Frameworks/Metal.framework/Headers/MTLSampler.h
2026-06-03T08:46:50.4269630Z x iPhoneOS14.5.sdk/System/Library/Frameworks/Metal.framework/Headers/MTLBuffer.h
2026-06-03T08:46:50.4270330Z x iPhoneOS14.5.sdk/System/Library/Frameworks/Metal.framework/Headers/MTLComputeCommandEncoder.h
2026-06-03T08:46:50.4271280Z x iPhoneOS14.5.sdk/System/Library/Frameworks/Metal.framework/Headers/MTLVertexDescriptor.h
2026-06-03T08:46:50.4272030Z x iPhoneOS14.5.sdk/System/Library/Frameworks/Metal.framework/Headers/MTLRasterizationRate.h
2026-06-03T08:46:50.4273480Z x iPhoneOS14.5.sdk/System/Library/Frameworks/Metal.framework/Headers/Metal.h
2026-06-03T08:46:50.4274410Z x iPhoneOS14.5.sdk/System/Library/Frameworks/Metal.framework/Headers/MTLComputePass.h
2026-06-03T08:46:50.4275570Z x iPhoneOS14.5.sdk/System/Library/Frameworks/Metal.framework/Headers/MTLFunctionLog.h
2026-06-03T08:46:50.4281280Z x iPhoneOS14.5.sdk/System/Library/Frameworks/Metal.framework/Headers/MTLArgument.h
2026-06-03T08:46:50.4282150Z x iPhoneOS14.5.sdk/System/Library/Frameworks/Metal.framework/Headers/MTLFunctionHandle.h
2026-06-03T08:46:50.4282950Z x iPhoneOS14.5.sdk/System/Library/Frameworks/Metal.framework/Headers/MTLCaptureManager.h
2026-06-03T08:46:50.4283990Z x iPhoneOS14.5.sdk/System/Library/Frameworks/Metal.framework/Headers/MTLBlitCommandEncoder.h
2026-06-03T08:46:50.4285560Z x iPhoneOS14.5.sdk/System/Library/Frameworks/Metal.framework/Headers/MTLVisibleFunctionTable.h
2026-06-03T08:46:50.4286450Z x iPhoneOS14.5.sdk/System/Library/Frameworks/Metal.framework/Headers/MTLCounters.h
2026-06-03T08:46:50.4287100Z x iPhoneOS14.5.sdk/System/Library/Frameworks/Metal.framework/Headers/MTLLibrary.h
2026-06-03T08:46:50.4291710Z x iPhoneOS14.5.sdk/System/Library/Frameworks/Metal.framework/Headers/MTLRenderCommandEncoder.h
2026-06-03T08:46:50.4292660Z x iPhoneOS14.5.sdk/System/Library/Frameworks/Metal.framework/Headers/MTLCaptureScope.h
2026-06-03T08:46:50.4301360Z x iPhoneOS14.5.sdk/System/Library/Frameworks/Metal.framework/Headers/MTLDepthStencil.h
2026-06-03T08:46:50.4301900Z x iPhoneOS14.5.sdk/System/Library/Frameworks/Metal.framework/Headers/MTLFence.h
2026-06-03T08:46:50.4302360Z x iPhoneOS14.5.sdk/System/Library/Frameworks/Metal.framework/Headers/MTLBinaryArchive.h
2026-06-03T08:46:50.4303260Z x iPhoneOS14.5.sdk/System/Library/Frameworks/Metal.framework/Headers/MTLDynamicLibrary.h
2026-06-03T08:46:50.4304050Z x iPhoneOS14.5.sdk/System/Library/Frameworks/Metal.framework/Headers/MTLTexture.h
2026-06-03T08:46:50.4304550Z x iPhoneOS14.5.sdk/System/Library/Frameworks/Metal.framework/Headers/MTLBlitPass.h
2026-06-03T08:46:50.4305000Z x iPhoneOS14.5.sdk/System/Library/Frameworks/Metal.framework/Headers/MTLPipeline.h
2026-06-03T08:46:50.4305580Z x iPhoneOS14.5.sdk/System/Library/Frameworks/Metal.framework/Headers/MTLStageInputOutputDescriptor.h
2026-06-03T08:46:50.4306140Z x iPhoneOS14.5.sdk/System/Library/Frameworks/Metal.framework/Headers/MTLResource.h
2026-06-03T08:46:50.4306440Z x iPhoneOS14.5.sdk/System/Library/Frameworks/Metal.framework/Headers/MTLIntersectionFunctionTable.h
2026-06-03T08:46:50.4309810Z x iPhoneOS14.5.sdk/System/Library/Frameworks/Metal.framework/Headers/Metal.apinotes
2026-06-03T08:46:50.4310590Z x iPhoneOS14.5.sdk/System/Library/Frameworks/Metal.framework/Headers/MTLAccelerationStructureCommandEncoder.h
2026-06-03T08:46:50.4311840Z x iPhoneOS14.5.sdk/System/Library/Frameworks/Metal.framework/Headers/MTLTypes.h
2026-06-03T08:46:50.4318180Z x iPhoneOS14.5.sdk/System/Library/Frameworks/Metal.framework/Metal.tbd
2026-06-03T08:46:50.4318590Z x iPhoneOS14.5.sdk/System/Library/Frameworks/CoreMIDI.framework/
2026-06-03T08:46:50.4319120Z x iPhoneOS14.5.sdk/System/Library/Frameworks/CoreMIDI.framework/Modules/
2026-06-03T08:46:50.4320090Z x iPhoneOS14.5.sdk/System/Library/Frameworks/CoreMIDI.framework/Modules/module.modulemap
2026-06-03T08:46:50.4320340Z x iPhoneOS14.5.sdk/System/Library/Frameworks/CoreMIDI.framework/Headers/
2026-06-03T08:46:50.4321550Z x iPhoneOS14.5.sdk/System/Library/Frameworks/CoreMIDI.framework/Headers/MIDINetworkSession.h
2026-06-03T08:46:50.4322300Z x iPhoneOS14.5.sdk/System/Library/Frameworks/CoreMIDI.framework/Headers/MIDIDriver.h
2026-06-03T08:46:50.4329090Z x iPhoneOS14.5.sdk/System/Library/Frameworks/CoreMIDI.framework/Headers/MIDICapabilityInquiry.h
2026-06-03T08:46:50.4329820Z x iPhoneOS14.5.sdk/System/Library/Frameworks/CoreMIDI.framework/Headers/CoreMIDI.h
2026-06-03T08:46:50.4330930Z x iPhoneOS14.5.sdk/System/Library/Frameworks/CoreMIDI.framework/Headers/MIDISetup.h
2026-06-03T08:46:50.4336470Z x iPhoneOS14.5.sdk/System/Library/Frameworks/CoreMIDI.framework/Headers/MIDIServices.h
2026-06-03T08:46:50.4343080Z x iPhoneOS14.5.sdk/System/Library/Frameworks/CoreMIDI.framework/Headers/MIDIMessages.h
2026-06-03T08:46:50.4344660Z x iPhoneOS14.5.sdk/System/Library/Frameworks/CoreMIDI.framework/Headers/MIDIThruConnection.h
2026-06-03T08:46:50.4344900Z x iPhoneOS14.5.sdk/System/Library/Frameworks/CoreMIDI.framework/CoreMIDI.tbd
2026-06-03T08:46:50.4345480Z x iPhoneOS14.5.sdk/System/Library/Frameworks/SceneKit.framework/
2026-06-03T08:46:50.4345850Z x iPhoneOS14.5.sdk/System/Library/Frameworks/SceneKit.framework/Modules/
2026-06-03T08:46:50.4346830Z x iPhoneOS14.5.sdk/System/Library/Frameworks/SceneKit.framework/Modules/module.modulemap
2026-06-03T08:46:50.4347340Z x iPhoneOS14.5.sdk/System/Library/Frameworks/SceneKit.framework/Modules/SceneKit.swiftcrossimport/
2026-06-03T08:46:50.4348280Z x iPhoneOS14.5.sdk/System/Library/Frameworks/SceneKit.framework/Modules/SceneKit.swiftcrossimport/SwiftUI.swiftoverlay
2026-06-03T08:46:50.4348580Z x iPhoneOS14.5.sdk/System/Library/Frameworks/SceneKit.framework/Headers/
2026-06-03T08:46:50.4349970Z x iPhoneOS14.5.sdk/System/Library/Frameworks/SceneKit.framework/Headers/SCNPhysicsShape.h
2026-06-03T08:46:50.4350230Z x iPhoneOS14.5.sdk/System/Library/Frameworks/SceneKit.framework/Headers/SCNTechnique.h
2026-06-03T08:46:50.4351100Z x iPhoneOS14.5.sdk/System/Library/Frameworks/SceneKit.framework/Headers/SceneKit.h
2026-06-03T08:46:50.4351960Z x iPhoneOS14.5.sdk/System/Library/Frameworks/SceneKit.framework/Headers/SCNPhysicsBehavior.h
2026-06-03T08:46:50.4358770Z x iPhoneOS14.5.sdk/System/Library/Frameworks/SceneKit.framework/Headers/SCNShadable.h
2026-06-03T08:46:50.4361810Z x iPhoneOS14.5.sdk/System/Library/Frameworks/SceneKit.framework/Headers/SceneKitTypes.h
2026-06-03T08:46:50.4363800Z x iPhoneOS14.5.sdk/System/Library/Frameworks/SceneKit.framework/Headers/SCNCameraController.h
2026-06-03T08:46:50.4364120Z x iPhoneOS14.5.sdk/System/Library/Frameworks/SceneKit.framework/Headers/SCNLight.h
2026-06-03T08:46:50.4365480Z x iPhoneOS14.5.sdk/System/Library/Frameworks/SceneKit.framework/Headers/SCNMorpher.h
2026-06-03T08:46:50.4369390Z x iPhoneOS14.5.sdk/System/Library/Frameworks/SceneKit.framework/Headers/SCNConstraint.h
2026-06-03T08:46:50.4371520Z x iPhoneOS14.5.sdk/System/Library/Frameworks/SceneKit.framework/Headers/SCNRenderer.h
2026-06-03T08:46:50.4372520Z x iPhoneOS14.5.sdk/System/Library/Frameworks/SceneKit.framework/Headers/SCNAction.h
2026-06-03T08:46:50.4377860Z x iPhoneOS14.5.sdk/System/Library/Frameworks/SceneKit.framework/Headers/SceneKitAvailability.h
2026-06-03T08:46:50.4380220Z x iPhoneOS14.5.sdk/System/Library/Frameworks/SceneKit.framework/Headers/SCNMaterialProperty.h
2026-06-03T08:46:50.4381440Z x iPhoneOS14.5.sdk/System/Library/Frameworks/SceneKit.framework/Headers/SCNGeometry.h
2026-06-03T08:46:50.4382440Z x iPhoneOS14.5.sdk/System/Library/Frameworks/SceneKit.framework/Headers/SCNView.h
2026-06-03T08:46:50.4388860Z x iPhoneOS14.5.sdk/System/Library/Frameworks/SceneKit.framework/Headers/SCNBoundingVolume.h
2026-06-03T08:46:50.4389900Z x iPhoneOS14.5.sdk/System/Library/Frameworks/SceneKit.framework/Headers/SCNLevelOfDetail.h
2026-06-03T08:46:50.4390800Z x iPhoneOS14.5.sdk/System/Library/Frameworks/SceneKit.framework/Headers/ModelIO.h
2026-06-03T08:46:50.4392030Z x iPhoneOS14.5.sdk/System/Library/Frameworks/SceneKit.framework/Headers/SCNParticleSystem.h
2026-06-03T08:46:50.4393210Z x iPhoneOS14.5.sdk/System/Library/Frameworks/SceneKit.framework/Headers/SCNReferenceNode.h
2026-06-03T08:46:50.4395300Z x iPhoneOS14.5.sdk/System/Library/Frameworks/SceneKit.framework/Headers/SceneKit.apinotes
2026-06-03T08:46:50.4395550Z x iPhoneOS14.5.sdk/System/Library/Frameworks/SceneKit.framework/Headers/SCNCAAnimationExtensions.h
2026-06-03T08:46:50.4395940Z x iPhoneOS14.5.sdk/System/Library/Frameworks/SceneKit.framework/Headers/SCNScene.h
2026-06-03T08:46:50.4401860Z x iPhoneOS14.5.sdk/System/Library/Frameworks/SceneKit.framework/Headers/SCNPhysicsContact.h
2026-06-03T08:46:50.4402740Z x iPhoneOS14.5.sdk/System/Library/Frameworks/SceneKit.framework/Headers/SCNSceneSource.h
2026-06-03T08:46:50.4403790Z x iPhoneOS14.5.sdk/System/Library/Frameworks/SceneKit.framework/Headers/SCNPhysicsBody.h
2026-06-03T08:46:50.4405510Z x iPhoneOS14.5.sdk/System/Library/Frameworks/SceneKit.framework/Headers/SCNParametricGeometry.h
2026-06-03T08:46:50.4406390Z x iPhoneOS14.5.sdk/System/Library/Frameworks/SceneKit.framework/Headers/SCNJavascript.h
2026-06-03T08:46:50.4412290Z x iPhoneOS14.5.sdk/System/Library/Frameworks/SceneKit.framework/Headers/SCNAnimation.h
2026-06-03T08:46:50.4413110Z x iPhoneOS14.5.sdk/System/Library/Frameworks/SceneKit.framework/Headers/SCNPhysicsWorld.h
2026-06-03T08:46:50.4414110Z x iPhoneOS14.5.sdk/System/Library/Frameworks/SceneKit.framework/Headers/SCNCamera.h
2026-06-03T08:46:50.4415580Z x iPhoneOS14.5.sdk/System/Library/Frameworks/SceneKit.framework/Headers/SCNHitTest.h
2026-06-03T08:46:50.4416060Z x iPhoneOS14.5.sdk/System/Library/Frameworks/SceneKit.framework/Headers/SCNNode.h
2026-06-03T08:46:50.4421830Z x iPhoneOS14.5.sdk/System/Library/Frameworks/SceneKit.framework/Headers/SCNAudioSource.h
2026-06-03T08:46:50.4422670Z x iPhoneOS14.5.sdk/System/Library/Frameworks/SceneKit.framework/Headers/SCNPhysicsField.h
2026-06-03T08:46:50.4426000Z x iPhoneOS14.5.sdk/System/Library/Frameworks/SceneKit.framework/Headers/SCNSceneRenderer.h
2026-06-03T08:46:50.4426270Z x iPhoneOS14.5.sdk/System/Library/Frameworks/SceneKit.framework/Headers/SCNMaterial.h
2026-06-03T08:46:50.4427320Z x iPhoneOS14.5.sdk/System/Library/Frameworks/SceneKit.framework/Headers/SceneKitDeprecated.h
2026-06-03T08:46:50.4430640Z x iPhoneOS14.5.sdk/System/Library/Frameworks/SceneKit.framework/Headers/SCNSkinner.h
2026-06-03T08:46:50.4432510Z x iPhoneOS14.5.sdk/System/Library/Frameworks/SceneKit.framework/Headers/SCNTransaction.h
2026-06-03T08:46:50.4433450Z x iPhoneOS14.5.sdk/System/Library/Frameworks/SceneKit.framework/Headers/scn_metal
2026-06-03T08:46:50.4440080Z x iPhoneOS14.5.sdk/System/Library/Frameworks/SceneKit.framework/SceneKit.tbd
2026-06-03T08:46:50.4442230Z x iPhoneOS14.5.sdk/System/Library/Frameworks/ModelIO.framework/
2026-06-03T08:46:50.4442550Z x iPhoneOS14.5.sdk/System/Library/Frameworks/ModelIO.framework/Modules/
2026-06-03T08:46:50.4442800Z x iPhoneOS14.5.sdk/System/Library/Frameworks/ModelIO.framework/Modules/module.modulemap
2026-06-03T08:46:50.4443000Z x iPhoneOS14.5.sdk/System/Library/Frameworks/ModelIO.framework/Headers/
2026-06-03T08:46:50.4443460Z x iPhoneOS14.5.sdk/System/Library/Frameworks/ModelIO.framework/Headers/MDLLight.h
2026-06-03T08:46:50.4444330Z x iPhoneOS14.5.sdk/System/Library/Frameworks/ModelIO.framework/Headers/MDLAsset.h
2026-06-03T08:46:50.4445330Z x iPhoneOS14.5.sdk/System/Library/Frameworks/ModelIO.framework/Headers/MDLMaterial.h
2026-06-03T08:46:50.4446160Z x iPhoneOS14.5.sdk/System/Library/Frameworks/ModelIO.framework/Headers/MDLAnimation.h
2026-06-03T08:46:50.4447490Z x iPhoneOS14.5.sdk/System/Library/Frameworks/ModelIO.framework/Headers/ModelIOExports.h
2026-06-03T08:46:50.4453700Z x iPhoneOS14.5.sdk/System/Library/Frameworks/ModelIO.framework/Headers/MDLVoxelArray.h
2026-06-03T08:46:50.4454530Z x iPhoneOS14.5.sdk/System/Library/Frameworks/ModelIO.framework/Headers/MDLTransform.h
2026-06-03T08:46:50.4455360Z x iPhoneOS14.5.sdk/System/Library/Frameworks/ModelIO.framework/Headers/MDLTexture.h
2026-06-03T08:46:50.4456250Z x iPhoneOS14.5.sdk/System/Library/Frameworks/ModelIO.framework/Headers/MDLTransformStack.h
2026-06-03T08:46:50.4457710Z x iPhoneOS14.5.sdk/System/Library/Frameworks/ModelIO.framework/Headers/ModelIO.h
2026-06-03T08:46:50.4457960Z x iPhoneOS14.5.sdk/System/Library/Frameworks/ModelIO.framework/Headers/MDLCamera.h
2026-06-03T08:46:50.4458530Z x iPhoneOS14.5.sdk/System/Library/Frameworks/ModelIO.framework/Headers/MDLValueTypes.h
2026-06-03T08:46:50.4459280Z x iPhoneOS14.5.sdk/System/Library/Frameworks/ModelIO.framework/Headers/MDLAssetResolver.h
2026-06-03T08:46:50.4460220Z x iPhoneOS14.5.sdk/System/Library/Frameworks/ModelIO.framework/Headers/ModelIO.apinotes
2026-06-03T08:46:50.4466000Z x iPhoneOS14.5.sdk/System/Library/Frameworks/ModelIO.framework/Headers/MDLVertexDescriptor.h
2026-06-03T08:46:50.4467450Z x iPhoneOS14.5.sdk/System/Library/Frameworks/ModelIO.framework/Headers/MDLSubmesh.h
2026-06-03T08:46:50.4467690Z x iPhoneOS14.5.sdk/System/Library/Frameworks/ModelIO.framework/Headers/MDLMesh.h
2026-06-03T08:46:50.4473370Z x iPhoneOS14.5.sdk/System/Library/Frameworks/ModelIO.framework/Headers/MDLAnimatedValueTypes.h
2026-06-03T08:46:50.4474110Z x iPhoneOS14.5.sdk/System/Library/Frameworks/ModelIO.framework/Headers/MDLTypes.h
2026-06-03T08:46:50.4475020Z x iPhoneOS14.5.sdk/System/Library/Frameworks/ModelIO.framework/Headers/MDLObject.h
2026-06-03T08:46:50.4477020Z x iPhoneOS14.5.sdk/System/Library/Frameworks/ModelIO.framework/Headers/MDLMeshBuffer.h
2026-06-03T08:46:50.4477500Z x iPhoneOS14.5.sdk/System/Library/Frameworks/ModelIO.framework/ModelIO.tbd
2026-06-03T08:46:50.4478060Z x iPhoneOS14.5.sdk/System/Library/Frameworks/LocalAuthentication.framework/
2026-06-03T08:46:50.4478570Z x iPhoneOS14.5.sdk/System/Library/Frameworks/LocalAuthentication.framework/Modules/
2026-06-03T08:46:50.4479520Z x iPhoneOS14.5.sdk/System/Library/Frameworks/LocalAuthentication.framework/Modules/module.modulemap
2026-06-03T08:46:50.4479860Z x iPhoneOS14.5.sdk/System/Library/Frameworks/LocalAuthentication.framework/Headers/
2026-06-03T08:46:50.4480740Z x iPhoneOS14.5.sdk/System/Library/Frameworks/LocalAuthentication.framework/Headers/LAError.h
2026-06-03T08:46:50.4481620Z x iPhoneOS14.5.sdk/System/Library/Frameworks/LocalAuthentication.framework/Headers/LAPublicDefines.h
2026-06-03T08:46:50.4484590Z x iPhoneOS14.5.sdk/System/Library/Frameworks/LocalAuthentication.framework/Headers/LocalAuthentication.h
2026-06-03T08:46:50.4484920Z x iPhoneOS14.5.sdk/System/Library/Frameworks/LocalAuthentication.framework/Headers/LABase.h
2026-06-03T08:46:50.4485220Z x iPhoneOS14.5.sdk/System/Library/Frameworks/LocalAuthentication.framework/Headers/LocalAuthentication.apinotes
2026-06-03T08:46:50.4498660Z x iPhoneOS14.5.sdk/System/Library/Frameworks/LocalAuthentication.framework/Headers/LAContext.h
2026-06-03T08:46:50.4499630Z x iPhoneOS14.5.sdk/System/Library/Frameworks/LocalAuthentication.framework/LocalAuthentication.tbd
2026-06-03T08:46:50.4500070Z x iPhoneOS14.5.sdk/System/Library/Frameworks/CoreAudioTypes.framework/
2026-06-03T08:46:50.4500640Z x iPhoneOS14.5.sdk/System/Library/Frameworks/CoreAudioTypes.framework/Modules/
2026-06-03T08:46:50.4501760Z x iPhoneOS14.5.sdk/System/Library/Frameworks/CoreAudioTypes.framework/Modules/module.modulemap
2026-06-03T08:46:50.4502570Z x iPhoneOS14.5.sdk/System/Library/Frameworks/CoreAudioTypes.framework/Headers/
2026-06-03T08:46:50.4503640Z x iPhoneOS14.5.sdk/System/Library/Frameworks/CoreAudioTypes.framework/Headers/AudioSessionTypes.h
2026-06-03T08:46:50.4504620Z x iPhoneOS14.5.sdk/System/Library/Frameworks/CoreAudioTypes.framework/Headers/CoreAudioTypes.h
2026-06-03T08:46:50.4507660Z x iPhoneOS14.5.sdk/System/Library/Frameworks/CoreAudioTypes.framework/Headers/CoreAudioTypes.apinotes
2026-06-03T08:46:50.4508360Z x iPhoneOS14.5.sdk/System/Library/Frameworks/CoreAudioTypes.framework/Headers/CoreAudioBaseTypes.h
2026-06-03T08:46:50.4508890Z x iPhoneOS14.5.sdk/System/Library/Frameworks/QuickLook.framework/
2026-06-03T08:46:50.4509270Z x iPhoneOS14.5.sdk/System/Library/Frameworks/QuickLook.framework/Modules/
2026-06-03T08:46:50.4509630Z x iPhoneOS14.5.sdk/System/Library/Frameworks/QuickLook.framework/Modules/module.modulemap
2026-06-03T08:46:50.4510090Z x iPhoneOS14.5.sdk/System/Library/Frameworks/QuickLook.framework/Modules/QuickLook.swiftcrossimport/
2026-06-03T08:46:50.4510560Z x iPhoneOS14.5.sdk/System/Library/Frameworks/QuickLook.framework/Modules/QuickLook.swiftcrossimport/SwiftUI.swiftoverlay
2026-06-03T08:46:50.4511300Z x iPhoneOS14.5.sdk/System/Library/Frameworks/QuickLook.framework/Headers/
2026-06-03T08:46:50.4512360Z x iPhoneOS14.5.sdk/System/Library/Frameworks/QuickLook.framework/Headers/QLThumbnailProvider.h
2026-06-03T08:46:50.4513140Z x iPhoneOS14.5.sdk/System/Library/Frameworks/QuickLook.framework/Headers/QuickLook.h
2026-06-03T08:46:50.4513820Z x iPhoneOS14.5.sdk/System/Library/Frameworks/QuickLook.framework/Headers/QuickLook.apinotes
2026-06-03T08:46:50.4514440Z x iPhoneOS14.5.sdk/System/Library/Frameworks/QuickLook.framework/Headers/QLThumbnailRequest.h
2026-06-03T08:46:50.4516600Z x iPhoneOS14.5.sdk/System/Library/Frameworks/QuickLook.framework/Headers/QLPreviewController.h
2026-06-03T08:46:50.4517810Z x iPhoneOS14.5.sdk/System/Library/Frameworks/QuickLook.framework/Headers/QLBase.h
2026-06-03T08:46:50.4518400Z x iPhoneOS14.5.sdk/System/Library/Frameworks/QuickLook.framework/Headers/QLPreviewItem.h
2026-06-03T08:46:50.4519320Z x iPhoneOS14.5.sdk/System/Library/Frameworks/QuickLook.framework/Headers/QLThumbnailReply.h
2026-06-03T08:46:50.4520120Z x iPhoneOS14.5.sdk/System/Library/Frameworks/QuickLook.framework/Headers/QLPreviewingController.h
2026-06-03T08:46:50.4520860Z x iPhoneOS14.5.sdk/System/Library/Frameworks/QuickLook.framework/QuickLook.tbd
2026-06-03T08:46:50.4521380Z x iPhoneOS14.5.sdk/System/Library/Frameworks/ExternalAccessory.framework/
2026-06-03T08:46:50.4521790Z x iPhoneOS14.5.sdk/System/Library/Frameworks/ExternalAccessory.framework/Modules/
2026-06-03T08:46:50.4522850Z x iPhoneOS14.5.sdk/System/Library/Frameworks/ExternalAccessory.framework/Modules/module.modulemap
2026-06-03T08:46:50.4523220Z x iPhoneOS14.5.sdk/System/Library/Frameworks/ExternalAccessory.framework/Headers/
2026-06-03T08:46:50.4524150Z x iPhoneOS14.5.sdk/System/Library/Frameworks/ExternalAccessory.framework/Headers/ExternalAccessory.h
2026-06-03T08:46:50.4524950Z x iPhoneOS14.5.sdk/System/Library/Frameworks/ExternalAccessory.framework/Headers/ExternalAccessoryDefines.h
2026-06-03T08:46:50.4525690Z x iPhoneOS14.5.sdk/System/Library/Frameworks/ExternalAccessory.framework/Headers/EASession.h
2026-06-03T08:46:50.4526610Z x iPhoneOS14.5.sdk/System/Library/Frameworks/ExternalAccessory.framework/Headers/ExternalAccessory.apinotes
2026-06-03T08:46:50.4528610Z x iPhoneOS14.5.sdk/System/Library/Frameworks/ExternalAccessory.framework/Headers/EAWiFiUnconfiguredAccessoryBrowser.h
2026-06-03T08:46:50.4529550Z x iPhoneOS14.5.sdk/System/Library/Frameworks/ExternalAccessory.framework/Headers/EAWiFiUnconfiguredAccessory.h
2026-06-03T08:46:50.4530370Z x iPhoneOS14.5.sdk/System/Library/Frameworks/ExternalAccessory.framework/Headers/EAAccessory.h
2026-06-03T08:46:50.4531510Z x iPhoneOS14.5.sdk/System/Library/Frameworks/ExternalAccessory.framework/Headers/EAAccessoryManager.h
2026-06-03T08:46:50.4537170Z x iPhoneOS14.5.sdk/System/Library/Frameworks/ExternalAccessory.framework/ExternalAccessory.tbd
2026-06-03T08:46:50.4537680Z x iPhoneOS14.5.sdk/System/Library/Frameworks/WatchConnectivity.framework/
2026-06-03T08:46:50.4551640Z x iPhoneOS14.5.sdk/System/Library/Frameworks/WatchConnectivity.framework/WatchConnectivity.tbd
2026-06-03T08:46:50.4551890Z x iPhoneOS14.5.sdk/System/Library/Frameworks/WatchConnectivity.framework/Modules/
2026-06-03T08:46:50.4552170Z x iPhoneOS14.5.sdk/System/Library/Frameworks/WatchConnectivity.framework/Modules/module.modulemap
2026-06-03T08:46:50.4554070Z x iPhoneOS14.5.sdk/System/Library/Frameworks/WatchConnectivity.framework/Headers/
2026-06-03T08:46:50.4554390Z x iPhoneOS14.5.sdk/System/Library/Frameworks/WatchConnectivity.framework/Headers/WCDefines.h
2026-06-03T08:46:50.4554810Z x iPhoneOS14.5.sdk/System/Library/Frameworks/WatchConnectivity.framework/Headers/WatchConnectivity.h
2026-06-03T08:46:50.4555160Z x iPhoneOS14.5.sdk/System/Library/Frameworks/WatchConnectivity.framework/Headers/WCSessionUserInfoTransfer.h
2026-06-03T08:46:50.4555590Z x iPhoneOS14.5.sdk/System/Library/Frameworks/WatchConnectivity.framework/Headers/WatchConnectivity.apinotes
2026-06-03T08:46:50.4555860Z x iPhoneOS14.5.sdk/System/Library/Frameworks/WatchConnectivity.framework/Headers/WCSession.h
2026-06-03T08:46:50.4556130Z x iPhoneOS14.5.sdk/System/Library/Frameworks/WatchConnectivity.framework/Headers/WCError.h
2026-06-03T08:46:50.4556660Z x iPhoneOS14.5.sdk/System/Library/Frameworks/WatchConnectivity.framework/Headers/WCSessionFile.h
2026-06-03T08:46:50.4556870Z x iPhoneOS14.5.sdk/System/Library/Frameworks/Speech.framework/
2026-06-03T08:46:50.4557070Z x iPhoneOS14.5.sdk/System/Library/Frameworks/Speech.framework/Modules/
2026-06-03T08:46:50.4558950Z x iPhoneOS14.5.sdk/System/Library/Frameworks/Speech.framework/Modules/module.modulemap
2026-06-03T08:46:50.4559390Z x iPhoneOS14.5.sdk/System/Library/Frameworks/Speech.framework/Speech.tbd
2026-06-03T08:46:50.4559840Z x iPhoneOS14.5.sdk/System/Library/Frameworks/Speech.framework/Headers/
2026-06-03T08:46:50.4560790Z x iPhoneOS14.5.sdk/System/Library/Frameworks/Speech.framework/Headers/SFSpeechRecognitionResult.h
2026-06-03T08:46:50.4561590Z x iPhoneOS14.5.sdk/System/Library/Frameworks/Speech.framework/Headers/SFVoiceAnalytics.h
2026-06-03T08:46:50.4562470Z x iPhoneOS14.5.sdk/System/Library/Frameworks/Speech.framework/Headers/SFSpeechRecognitionTaskHint.h
2026-06-03T08:46:50.4563270Z x iPhoneOS14.5.sdk/System/Library/Frameworks/Speech.framework/Headers/SFSpeechRecognitionTask.h
2026-06-03T08:46:50.4564650Z x iPhoneOS14.5.sdk/System/Library/Frameworks/Speech.framework/Headers/Speech.h
2026-06-03T08:46:50.4565620Z x iPhoneOS14.5.sdk/System/Library/Frameworks/Speech.framework/Headers/Speech.apinotes
2026-06-03T08:46:50.4566810Z x iPhoneOS14.5.sdk/System/Library/Frameworks/Speech.framework/Headers/SFTranscriptionSegment.h
2026-06-03T08:46:50.4567770Z x iPhoneOS14.5.sdk/System/Library/Frameworks/Speech.framework/Headers/SFSpeechRecognitionMetadata.h
2026-06-03T08:46:50.4569030Z x iPhoneOS14.5.sdk/System/Library/Frameworks/Speech.framework/Headers/SFTranscription.h
2026-06-03T08:46:50.4570250Z x iPhoneOS14.5.sdk/System/Library/Frameworks/Speech.framework/Headers/SFSpeechRecognizer.h
2026-06-03T08:46:50.4576440Z x iPhoneOS14.5.sdk/System/Library/Frameworks/Speech.framework/Headers/SFSpeechRecognitionRequest.h
2026-06-03T08:46:50.4576920Z x iPhoneOS14.5.sdk/System/Library/Frameworks/MediaToolbox.framework/
2026-06-03T08:46:50.4577380Z x iPhoneOS14.5.sdk/System/Library/Frameworks/MediaToolbox.framework/Modules/
2026-06-03T08:46:50.4578310Z x iPhoneOS14.5.sdk/System/Library/Frameworks/MediaToolbox.framework/Modules/module.modulemap
2026-06-03T08:46:50.4578730Z x iPhoneOS14.5.sdk/System/Library/Frameworks/MediaToolbox.framework/Headers/
2026-06-03T08:46:50.4579690Z x iPhoneOS14.5.sdk/System/Library/Frameworks/MediaToolbox.framework/Headers/MTFormatNames.h
2026-06-03T08:46:50.4580600Z x iPhoneOS14.5.sdk/System/Library/Frameworks/MediaToolbox.framework/Headers/MediaToolbox.h
2026-06-03T08:46:50.4581890Z x iPhoneOS14.5.sdk/System/Library/Frameworks/MediaToolbox.framework/Headers/MTAudioProcessingTap.h
2026-06-03T08:46:50.4582620Z x iPhoneOS14.5.sdk/System/Library/Frameworks/MediaToolbox.framework/Headers/MediaToolbox.apinotes
2026-06-03T08:46:50.4614240Z x iPhoneOS14.5.sdk/System/Library/Frameworks/MediaToolbox.framework/MediaToolbox.tbd
2026-06-03T08:46:50.4615300Z x iPhoneOS14.5.sdk/System/Library/Frameworks/AdSupport.framework/
2026-06-03T08:46:50.4615550Z x iPhoneOS14.5.sdk/System/Library/Frameworks/AdSupport.framework/Modules/
2026-06-03T08:46:50.4617240Z x iPhoneOS14.5.sdk/System/Library/Frameworks/AdSupport.framework/Modules/module.modulemap
2026-06-03T08:46:50.4618350Z x iPhoneOS14.5.sdk/System/Library/Frameworks/AdSupport.framework/AdSupport.tbd
2026-06-03T08:46:50.4619600Z x iPhoneOS14.5.sdk/System/Library/Frameworks/AdSupport.framework/Headers/
2026-06-03T08:46:50.4620570Z x iPhoneOS14.5.sdk/System/Library/Frameworks/AdSupport.framework/Headers/ASIdentifierManager.h
2026-06-03T08:46:50.4621840Z x iPhoneOS14.5.sdk/System/Library/Frameworks/AdSupport.framework/Headers/AdSupport.apinotes
2026-06-03T08:46:50.4622850Z x iPhoneOS14.5.sdk/System/Library/Frameworks/AdSupport.framework/Headers/AdSupport.h
2026-06-03T08:46:50.4623100Z x iPhoneOS14.5.sdk/System/Library/Frameworks/CarPlay.framework/
2026-06-03T08:46:50.4623780Z x iPhoneOS14.5.sdk/System/Library/Frameworks/CarPlay.framework/Modules/
2026-06-03T08:46:50.4625020Z x iPhoneOS14.5.sdk/System/Library/Frameworks/CarPlay.framework/Modules/module.modulemap
2026-06-03T08:46:50.4625190Z x iPhoneOS14.5.sdk/System/Library/Frameworks/CarPlay.framework/Headers/
2026-06-03T08:46:50.4626520Z x iPhoneOS14.5.sdk/System/Library/Frameworks/CarPlay.framework/Headers/CPTemplate.h
2026-06-03T08:46:50.4627140Z x iPhoneOS14.5.sdk/System/Library/Frameworks/CarPlay.framework/Headers/CPListSection.h
2026-06-03T08:46:50.4633040Z x iPhoneOS14.5.sdk/System/Library/Frameworks/CarPlay.framework/Headers/CPTextButton.h
2026-06-03T08:46:50.4633860Z x iPhoneOS14.5.sdk/System/Library/Frameworks/CarPlay.framework/Headers/CPVoiceControlTemplate.h
2026-06-03T08:46:50.4634870Z x iPhoneOS14.5.sdk/System/Library/Frameworks/CarPlay.framework/Headers/CPMessageListItem.h
2026-06-03T08:46:50.4635720Z x iPhoneOS14.5.sdk/System/Library/Frameworks/CarPlay.framework/Headers/CPInformationItem.h
2026-06-03T08:46:50.4636450Z x iPhoneOS14.5.sdk/System/Library/Frameworks/CarPlay.framework/Headers/CPImageSet.h
2026-06-03T08:46:50.4637970Z x iPhoneOS14.5.sdk/System/Library/Frameworks/CarPlay.framework/Headers/CPActionSheetTemplate.h
2026-06-03T08:46:50.4638340Z x iPhoneOS14.5.sdk/System/Library/Frameworks/CarPlay.framework/Headers/CarPlay.apinotes
2026-06-03T08:46:50.4639270Z x iPhoneOS14.5.sdk/System/Library/Frameworks/CarPlay.framework/Headers/CPNavigationAlert.h
2026-06-03T08:46:50.4639980Z x iPhoneOS14.5.sdk/System/Library/Frameworks/CarPlay.framework/Headers/CPMapButton.h
2026-06-03T08:46:50.4640900Z x iPhoneOS14.5.sdk/System/Library/Frameworks/CarPlay.framework/Headers/CPMapTemplate.h
2026-06-03T08:46:50.4641610Z x iPhoneOS14.5.sdk/System/Library/Frameworks/CarPlay.framework/Headers/CPDashboardButton.h
2026-06-03T08:46:50.4642730Z x iPhoneOS14.5.sdk/System/Library/Frameworks/CarPlay.framework/Headers/CPListItemTypes.h
2026-06-03T08:46:50.4643420Z x iPhoneOS14.5.sdk/System/Library/Frameworks/CarPlay.framework/Headers/CPListTemplate.h
2026-06-03T08:46:50.4644270Z x iPhoneOS14.5.sdk/System/Library/Frameworks/CarPlay.framework/Headers/CPTripPreviewTextConfiguration.h
2026-06-03T08:46:50.4645100Z x iPhoneOS14.5.sdk/System/Library/Frameworks/CarPlay.framework/Headers/CPDashboardController.h
2026-06-03T08:46:50.4645930Z x iPhoneOS14.5.sdk/System/Library/Frameworks/CarPlay.framework/Headers/CPTemplateApplicationScene.h
2026-06-03T08:46:50.4650810Z x iPhoneOS14.5.sdk/System/Library/Frameworks/CarPlay.framework/Headers/CPGridButton.h
2026-06-03T08:46:50.4690510Z x iPhoneOS14.5.sdk/System/Library/Frameworks/CarPlay.framework/Headers/CPInformationRatingItem.h
2026-06-03T08:46:50.4691880Z x iPhoneOS14.5.sdk/System/Library/Frameworks/CarPlay.framework/Headers/CarPlay.h
2026-06-03T08:46:50.4692460Z x iPhoneOS14.5.sdk/System/Library/Frameworks/CarPlay.framework/Headers/CPTrip.h
2026-06-03T08:46:50.4693320Z x iPhoneOS14.5.sdk/System/Library/Frameworks/CarPlay.framework/Headers/CPTravelEstimates.h
2026-06-03T08:46:50.4739470Z x iPhoneOS14.5.sdk/System/Library/Frameworks/CarPlay.framework/Headers/CPPointOfInterestTemplate.h
2026-06-03T08:46:50.4742290Z x iPhoneOS14.5.sdk/System/Library/Frameworks/CarPlay.framework/Headers/CPBarButtonProviding.h
2026-06-03T08:46:50.4742580Z x iPhoneOS14.5.sdk/System/Library/Frameworks/CarPlay.framework/Headers/CPMessageComposeBarButton.h
2026-06-03T08:46:50.4743560Z x iPhoneOS14.5.sdk/System/Library/Frameworks/CarPlay.framework/Headers/CPPointOfInterest.h
2026-06-03T08:46:50.4744480Z x iPhoneOS14.5.sdk/System/Library/Frameworks/CarPlay.framework/Headers/CPNavigationSession.h
2026-06-03T08:46:50.4745400Z x iPhoneOS14.5.sdk/System/Library/Frameworks/CarPlay.framework/Headers/CPGridTemplate.h
2026-06-03T08:46:50.4747700Z x iPhoneOS14.5.sdk/System/Library/Frameworks/CarPlay.framework/Headers/CPListItem.h
2026-06-03T08:46:50.4749300Z x iPhoneOS14.5.sdk/System/Library/Frameworks/CarPlay.framework/Headers/CPManeuver.h
2026-06-03T08:46:50.4750800Z x iPhoneOS14.5.sdk/System/Library/Frameworks/CarPlay.framework/Headers/CPNowPlayingTemplate.h
2026-06-03T08:46:50.4751680Z x iPhoneOS14.5.sdk/System/Library/Frameworks/CarPlay.framework/Headers/CPButton.h
2026-06-03T08:46:50.4753950Z x iPhoneOS14.5.sdk/System/Library/Frameworks/CarPlay.framework/Headers/CPContactTemplate.h
2026-06-03T08:46:50.4754340Z x iPhoneOS14.5.sdk/System/Library/Frameworks/CarPlay.framework/Headers/CPBarButton.h
2026-06-03T08:46:50.4765280Z x iPhoneOS14.5.sdk/System/Library/Frameworks/CarPlay.framework/Headers/CPInterfaceController.h
2026-06-03T08:46:50.4766220Z x iPhoneOS14.5.sdk/System/Library/Frameworks/CarPlay.framework/Headers/CPListImageRowItem.h
2026-06-03T08:46:50.4767040Z x iPhoneOS14.5.sdk/System/Library/Frameworks/CarPlay.framework/Headers/CPAlertTemplate.h
2026-06-03T08:46:50.4768110Z x iPhoneOS14.5.sdk/System/Library/Frameworks/CarPlay.framework/Headers/CPAlertAction.h
2026-06-03T08:46:50.4769340Z x iPhoneOS14.5.sdk/System/Library/Frameworks/CarPlay.framework/Headers/CPWindow.h
2026-06-03T08:46:50.4769780Z x iPhoneOS14.5.sdk/System/Library/Frameworks/CarPlay.framework/Headers/CPSearchTemplate.h
2026-06-03T08:46:50.4770520Z x iPhoneOS14.5.sdk/System/Library/Frameworks/CarPlay.framework/Headers/CPNowPlayingButton.h
2026-06-03T08:46:50.4771290Z x iPhoneOS14.5.sdk/System/Library/Frameworks/CarPlay.framework/Headers/CPTabBarTemplate.h
2026-06-03T08:46:50.4772300Z x iPhoneOS14.5.sdk/System/Library/Frameworks/CarPlay.framework/Headers/CPTemplateApplicationDashboardScene.h
2026-06-03T08:46:50.4773500Z x iPhoneOS14.5.sdk/System/Library/Frameworks/CarPlay.framework/Headers/CPSessionConfiguration.h
2026-06-03T08:46:50.4774700Z x iPhoneOS14.5.sdk/System/Library/Frameworks/CarPlay.framework/Headers/CPContact.h
2026-06-03T08:46:50.4784790Z x iPhoneOS14.5.sdk/System/Library/Frameworks/CarPlay.framework/Headers/CPInformationTemplate.h
2026-06-03T08:46:50.4785740Z x iPhoneOS14.5.sdk/System/Library/Frameworks/CarPlay.framework/CarPlay.tbd
2026-06-03T08:46:50.4786380Z x iPhoneOS14.5.sdk/System/Library/Frameworks/Foundation.framework/
2026-06-03T08:46:50.4786870Z x iPhoneOS14.5.sdk/System/Library/Frameworks/Foundation.framework/Modules/
2026-06-03T08:46:50.4787860Z x iPhoneOS14.5.sdk/System/Library/Frameworks/Foundation.framework/Modules/module.modulemap
2026-06-03T08:46:50.4788230Z x iPhoneOS14.5.sdk/System/Library/Frameworks/Foundation.framework/Headers/
2026-06-03T08:46:50.4789630Z x iPhoneOS14.5.sdk/System/Library/Frameworks/Foundation.framework/Headers/NSEnumerator.h
2026-06-03T08:46:50.4795990Z x iPhoneOS14.5.sdk/System/Library/Frameworks/Foundation.framework/Headers/NSError.h
2026-06-03T08:46:50.4797230Z x iPhoneOS14.5.sdk/System/Library/Frameworks/Foundation.framework/Headers/NSISO8601DateFormatter.h
2026-06-03T08:46:50.4797750Z x iPhoneOS14.5.sdk/System/Library/Frameworks/Foundation.framework/Headers/NSMetadata.h
2026-06-03T08:46:50.4798930Z x iPhoneOS14.5.sdk/System/Library/Frameworks/Foundation.framework/Headers/NSOrderedCollectionChange.h
2026-06-03T08:46:50.4800780Z x iPhoneOS14.5.sdk/System/Library/Frameworks/Foundation.framework/Headers/NSCompoundPredicate.h
2026-06-03T08:46:50.4801320Z x iPhoneOS14.5.sdk/System/Library/Frameworks/Foundation.framework/Headers/NSExpression.h
2026-06-03T08:46:50.4802560Z x iPhoneOS14.5.sdk/System/Library/Frameworks/Foundation.framework/Headers/NSRegularExpression.h
2026-06-03T08:46:50.4803500Z x iPhoneOS14.5.sdk/System/Library/Frameworks/Foundation.framework/Headers/NSPropertyList.h
2026-06-03T08:46:50.4804360Z x iPhoneOS14.5.sdk/System/Library/Frameworks/Foundation.framework/Headers/NSProxy.h
2026-06-03T08:46:50.4805330Z x iPhoneOS14.5.sdk/System/Library/Frameworks/Foundation.framework/Headers/NSMethodSignature.h
2026-06-03T08:46:50.4806480Z x iPhoneOS14.5.sdk/System/Library/Frameworks/Foundation.framework/Headers/NSCharacterSet.h
2026-06-03T08:46:50.4812390Z x iPhoneOS14.5.sdk/System/Library/Frameworks/Foundation.framework/Headers/NSFileHandle.h
2026-06-03T08:46:50.4813370Z x iPhoneOS14.5.sdk/System/Library/Frameworks/Foundation.framework/Headers/NSObjCRuntime.h
2026-06-03T08:46:50.4814180Z x iPhoneOS14.5.sdk/System/Library/Frameworks/Foundation.framework/Headers/NSMeasurement.h
2026-06-03T08:46:50.4815220Z x iPhoneOS14.5.sdk/System/Library/Frameworks/Foundation.framework/Headers/NSDate.h
2026-06-03T08:46:50.4816030Z x iPhoneOS14.5.sdk/System/Library/Frameworks/Foundation.framework/Headers/NSLock.h
2026-06-03T08:46:50.4816720Z x iPhoneOS14.5.sdk/System/Library/Frameworks/Foundation.framework/Headers/NSListFormatter.h
2026-06-03T08:46:50.4817510Z x iPhoneOS14.5.sdk/System/Library/Frameworks/Foundation.framework/Headers/NSOrderedSet.h
2026-06-03T08:46:50.4818410Z x iPhoneOS14.5.sdk/System/Library/Frameworks/Foundation.framework/Headers/NSCache.h
2026-06-03T08:46:50.4819290Z x iPhoneOS14.5.sdk/System/Library/Frameworks/Foundation.framework/Headers/NSURLError.h
2026-06-03T08:46:50.4828320Z x iPhoneOS14.5.sdk/System/Library/Frameworks/Foundation.framework/Headers/NSMetadataAttributes.h
2026-06-03T08:46:50.4830140Z x iPhoneOS14.5.sdk/System/Library/Frameworks/Foundation.framework/Headers/NSDateInterval.h
2026-06-03T08:46:50.4831030Z x iPhoneOS14.5.sdk/System/Library/Frameworks/Foundation.framework/Headers/NSValueTransformer.h
2026-06-03T08:46:50.4831950Z x iPhoneOS14.5.sdk/System/Library/Frameworks/Foundation.framework/Headers/NSDictionary.h
2026-06-03T08:46:50.4833000Z x iPhoneOS14.5.sdk/System/Library/Frameworks/Foundation.framework/Headers/FoundationLegacySwiftCompatibility.h
2026-06-03T08:46:50.4833720Z x iPhoneOS14.5.sdk/System/Library/Frameworks/Foundation.framework/Headers/NSHTTPCookieStorage.h
2026-06-03T08:46:50.4834710Z x iPhoneOS14.5.sdk/System/Library/Frameworks/Foundation.framework/Headers/NSMeasurementFormatter.h
2026-06-03T08:46:50.4840970Z x iPhoneOS14.5.sdk/System/Library/Frameworks/Foundation.framework/Headers/NSURLCredential.h
2026-06-03T08:46:50.4841900Z x iPhoneOS14.5.sdk/System/Library/Frameworks/Foundation.framework/Headers/NSDateIntervalFormatter.h
2026-06-03T08:46:50.4842590Z x iPhoneOS14.5.sdk/System/Library/Frameworks/Foundation.framework/Headers/NSInvocation.h
2026-06-03T08:46:50.4843450Z x iPhoneOS14.5.sdk/System/Library/Frameworks/Foundation.framework/Headers/NSAttributedString.h
2026-06-03T08:46:50.4844190Z x iPhoneOS14.5.sdk/System/Library/Frameworks/Foundation.framework/Headers/NSComparisonPredicate.h
2026-06-03T08:46:50.4845540Z x iPhoneOS14.5.sdk/System/Library/Frameworks/Foundation.framework/Headers/NSByteCountFormatter.h
2026-06-03T08:46:50.4845900Z x iPhoneOS14.5.sdk/System/Library/Frameworks/Foundation.framework/Headers/NSRange.h
2026-06-03T08:46:50.4847090Z x iPhoneOS14.5.sdk/System/Library/Frameworks/Foundation.framework/Headers/NSProcessInfo.h
2026-06-03T08:46:50.4847970Z x iPhoneOS14.5.sdk/System/Library/Frameworks/Foundation.framework/Headers/NSTextCheckingResult.h
2026-06-03T08:46:50.4849040Z x iPhoneOS14.5.sdk/System/Library/Frameworks/Foundation.framework/Headers/NSDecimal.h
2026-06-03T08:46:50.4855550Z x iPhoneOS14.5.sdk/System/Library/Frameworks/Foundation.framework/Headers/NSCalendar.h
2026-06-03T08:46:50.4856600Z x iPhoneOS14.5.sdk/System/Library/Frameworks/Foundation.framework/Headers/NSData.h
2026-06-03T08:46:50.4857310Z x iPhoneOS14.5.sdk/System/Library/Frameworks/Foundation.framework/Headers/NSTimer.h
2026-06-03T08:46:50.4862850Z x iPhoneOS14.5.sdk/System/Library/Frameworks/Foundation.framework/Headers/NSUnit.h
2026-06-03T08:46:50.4863750Z x iPhoneOS14.5.sdk/System/Library/Frameworks/Foundation.framework/Headers/NSUbiquitousKeyValueStore.h
2026-06-03T08:46:50.4864750Z x iPhoneOS14.5.sdk/System/Library/Frameworks/Foundation.framework/Headers/NSLinguisticTagger.h
2026-06-03T08:46:50.4871150Z x iPhoneOS14.5.sdk/System/Library/Frameworks/Foundation.framework/Headers/NSString.h
2026-06-03T08:46:50.4872010Z x iPhoneOS14.5.sdk/System/Library/Frameworks/Foundation.framework/Headers/NSPersonNameComponentsFormatter.h
2026-06-03T08:46:50.4872990Z x iPhoneOS14.5.sdk/System/Library/Frameworks/Foundation.framework/Headers/NSKeyValueCoding.h
2026-06-03T08:46:50.4879210Z x iPhoneOS14.5.sdk/System/Library/Frameworks/Foundation.framework/Headers/NSZone.h
2026-06-03T08:46:50.4880220Z x iPhoneOS14.5.sdk/System/Library/Frameworks/Foundation.framework/Headers/NSNumberFormatter.h
2026-06-03T08:46:50.4881490Z x iPhoneOS14.5.sdk/System/Library/Frameworks/Foundation.framework/Headers/NSDateComponentsFormatter.h
2026-06-03T08:46:50.4882360Z x iPhoneOS14.5.sdk/System/Library/Frameworks/Foundation.framework/Headers/NSExtensionItem.h
2026-06-03T08:46:50.4883170Z x iPhoneOS14.5.sdk/System/Library/Frameworks/Foundation.framework/Headers/FoundationErrors.h
2026-06-03T08:46:50.4884930Z x iPhoneOS14.5.sdk/System/Library/Frameworks/Foundation.framework/Headers/NSPersonNameComponents.h
2026-06-03T08:46:50.4885190Z x iPhoneOS14.5.sdk/System/Library/Frameworks/Foundation.framework/Headers/NSArray.h
2026-06-03T08:46:50.4886370Z x iPhoneOS14.5.sdk/System/Library/Frameworks/Foundation.framework/Headers/NSExtensionRequestHandling.h
2026-06-03T08:46:50.4887390Z x iPhoneOS14.5.sdk/System/Library/Frameworks/Foundation.framework/Headers/NSValue.h
2026-06-03T08:46:50.4894590Z x iPhoneOS14.5.sdk/System/Library/Frameworks/Foundation.framework/Headers/NSUserDefaults.h
2026-06-03T08:46:50.4895130Z x iPhoneOS14.5.sdk/System/Library/Frameworks/Foundation.framework/Headers/NSStream.h
2026-06-03T08:46:50.4896860Z x iPhoneOS14.5.sdk/System/Library/Frameworks/Foundation.framework/Headers/NSUUID.h
2026-06-03T08:46:50.4897920Z x iPhoneOS14.5.sdk/System/Library/Frameworks/Foundation.framework/Headers/NSEnergyFormatter.h
2026-06-03T08:46:50.4898760Z x iPhoneOS14.5.sdk/System/Library/Frameworks/Foundation.framework/Headers/NSException.h
2026-06-03T08:46:50.4899640Z x iPhoneOS14.5.sdk/System/Library/Frameworks/Foundation.framework/Headers/NSAutoreleasePool.h
2026-06-03T08:46:50.4900580Z x iPhoneOS14.5.sdk/System/Library/Frameworks/Foundation.framework/Headers/NSIndexSet.h
2026-06-03T08:46:50.4907460Z x iPhoneOS14.5.sdk/System/Library/Frameworks/Foundation.framework/Headers/NSXMLParser.h
2026-06-03T08:46:50.4908170Z x iPhoneOS14.5.sdk/System/Library/Frameworks/Foundation.framework/Headers/NSLocale.h
2026-06-03T08:46:50.4909130Z x iPhoneOS14.5.sdk/System/Library/Frameworks/Foundation.framework/Headers/NSItemProvider.h
2026-06-03T08:46:50.4910020Z x iPhoneOS14.5.sdk/System/Library/Frameworks/Foundation.framework/Headers/NSFilePresenter.h
2026-06-03T08:46:50.4911550Z x iPhoneOS14.5.sdk/System/Library/Frameworks/Foundation.framework/Headers/NSPointerFunctions.h
2026-06-03T08:46:50.4912490Z x iPhoneOS14.5.sdk/System/Library/Frameworks/Foundation.framework/Headers/NSNull.h
2026-06-03T08:46:50.4919550Z x iPhoneOS14.5.sdk/System/Library/Frameworks/Foundation.framework/Headers/NSJSONSerialization.h
2026-06-03T08:46:50.4920860Z x iPhoneOS14.5.sdk/System/Library/Frameworks/Foundation.framework/Headers/NSObject.h
2026-06-03T08:46:50.4922910Z x iPhoneOS14.5.sdk/System/Library/Frameworks/Foundation.framework/Headers/NSKeyValueObserving.h
2026-06-03T08:46:50.4924220Z x iPhoneOS14.5.sdk/System/Library/Frameworks/Foundation.framework/Headers/NSByteOrder.h
2026-06-03T08:46:50.4925700Z x iPhoneOS14.5.sdk/System/Library/Frameworks/Foundation.framework/Headers/NSPathUtilities.h
2026-06-03T08:46:50.4927960Z x iPhoneOS14.5.sdk/System/Library/Frameworks/Foundation.framework/Headers/NSNotification.h
2026-06-03T08:46:50.4928660Z x iPhoneOS14.5.sdk/System/Library/Frameworks/Foundation.framework/Headers/NSHTTPCookie.h
2026-06-03T08:46:50.4935160Z x iPhoneOS14.5.sdk/System/Library/Frameworks/Foundation.framework/Headers/NSProgress.h
2026-06-03T08:46:50.4936300Z x iPhoneOS14.5.sdk/System/Library/Frameworks/Foundation.framework/Headers/NSLengthFormatter.h
2026-06-03T08:46:50.4937000Z x iPhoneOS14.5.sdk/System/Library/Frameworks/Foundation.framework/Headers/NSItemProviderReadingWriting.h
2026-06-03T08:46:50.4937720Z x iPhoneOS14.5.sdk/System/Library/Frameworks/Foundation.framework/Headers/NSRunLoop.h
2026-06-03T08:46:50.4939190Z x iPhoneOS14.5.sdk/System/Library/Frameworks/Foundation.framework/Headers/NSDecimalNumber.h
2026-06-03T08:46:50.4940490Z x iPhoneOS14.5.sdk/System/Library/Frameworks/Foundation.framework/Headers/NSTimeZone.h
2026-06-03T08:46:50.4941350Z x iPhoneOS14.5.sdk/System/Library/Frameworks/Foundation.framework/Headers/NSURLProtectionSpace.h
2026-06-03T08:46:50.4942330Z x iPhoneOS14.5.sdk/System/Library/Frameworks/Foundation.framework/Headers/NSIndexPath.h
2026-06-03T08:46:50.4948810Z x iPhoneOS14.5.sdk/System/Library/Frameworks/Foundation.framework/Headers/NSURLCache.h
2026-06-03T08:46:50.4950290Z x iPhoneOS14.5.sdk/System/Library/Frameworks/Foundation.framework/Headers/NSPort.h
2026-06-03T08:46:50.4950970Z x iPhoneOS14.5.sdk/System/Library/Frameworks/Foundation.framework/Headers/NSURLCredentialStorage.h
2026-06-03T08:46:50.4952030Z x iPhoneOS14.5.sdk/System/Library/Frameworks/Foundation.framework/Headers/NSXPCConnection.h
2026-06-03T08:46:50.4952890Z x iPhoneOS14.5.sdk/System/Library/Frameworks/Foundation.framework/Headers/NSOrderedCollectionDifference.h
2026-06-03T08:46:50.4958700Z x iPhoneOS14.5.sdk/System/Library/Frameworks/Foundation.framework/Headers/Foundation.apinotes
2026-06-03T08:46:50.4965360Z x iPhoneOS14.5.sdk/System/Library/Frameworks/Foundation.framework/Headers/NSURLResponse.h
2026-06-03T08:46:50.4966760Z x iPhoneOS14.5.sdk/System/Library/Frameworks/Foundation.framework/Headers/NSBundle.h
2026-06-03T08:46:50.4967790Z x iPhoneOS14.5.sdk/System/Library/Frameworks/Foundation.framework/Headers/NSFileVersion.h
2026-06-03T08:46:50.4968500Z x iPhoneOS14.5.sdk/System/Library/Frameworks/Foundation.framework/Headers/NSOrthography.h
2026-06-03T08:46:50.4969350Z x iPhoneOS14.5.sdk/System/Library/Frameworks/Foundation.framework/Headers/NSNetServices.h
2026-06-03T08:46:50.4975880Z x iPhoneOS14.5.sdk/System/Library/Frameworks/Foundation.framework/Headers/NSFileWrapper.h
2026-06-03T08:46:50.4977100Z x iPhoneOS14.5.sdk/System/Library/Frameworks/Foundation.framework/Headers/NSSet.h
2026-06-03T08:46:50.4977720Z x iPhoneOS14.5.sdk/System/Library/Frameworks/Foundation.framework/Headers/NSDateFormatter.h
2026-06-03T08:46:50.4978550Z x iPhoneOS14.5.sdk/System/Library/Frameworks/Foundation.framework/Headers/NSUserActivity.h
2026-06-03T08:46:50.4985900Z x iPhoneOS14.5.sdk/System/Library/Frameworks/Foundation.framework/Headers/NSURLSession.h
2026-06-03T08:46:50.4987250Z x iPhoneOS14.5.sdk/System/Library/Frameworks/Foundation.framework/Headers/NSPointerArray.h
2026-06-03T08:46:50.4988190Z x iPhoneOS14.5.sdk/System/Library/Frameworks/Foundation.framework/Headers/NSOperation.h
2026-06-03T08:46:50.4994930Z x iPhoneOS14.5.sdk/System/Library/Frameworks/Foundation.framework/Headers/NSUndoManager.h
2026-06-03T08:46:50.4995700Z x iPhoneOS14.5.sdk/System/Library/Frameworks/Foundation.framework/Headers/NSScanner.h
2026-06-03T08:46:50.4996820Z x iPhoneOS14.5.sdk/System/Library/Frameworks/Foundation.framework/Headers/NSExtensionContext.h
2026-06-03T08:46:50.4997570Z x iPhoneOS14.5.sdk/System/Library/Frameworks/Foundation.framework/Headers/NSPredicate.h
2026-06-03T08:46:50.4998480Z x iPhoneOS14.5.sdk/System/Library/Frameworks/Foundation.framework/Headers/NSCoder.h
2026-06-03T08:46:50.4999870Z x iPhoneOS14.5.sdk/System/Library/Frameworks/Foundation.framework/Headers/NSMassFormatter.h
2026-06-03T08:46:50.5000670Z x iPhoneOS14.5.sdk/System/Library/Frameworks/Foundation.framework/Headers/Foundation.h
2026-06-03T08:46:50.5006930Z x iPhoneOS14.5.sdk/System/Library/Frameworks/Foundation.framework/Headers/NSFileCoordinator.h
2026-06-03T08:46:50.5007530Z x iPhoneOS14.5.sdk/System/Library/Frameworks/Foundation.framework/Headers/NSRelativeDateTimeFormatter.h
2026-06-03T08:46:50.5008530Z x iPhoneOS14.5.sdk/System/Library/Frameworks/Foundation.framework/Headers/NSNotificationQueue.h
2026-06-03T08:46:50.5010050Z x iPhoneOS14.5.sdk/System/Library/Frameworks/Foundation.framework/Headers/NSURLRequest.h
2026-06-03T08:46:50.5010850Z x iPhoneOS14.5.sdk/System/Library/Frameworks/Foundation.framework/Headers/NSURLAuthenticationChallenge.h
2026-06-03T08:46:50.5011570Z x iPhoneOS14.5.sdk/System/Library/Frameworks/Foundation.framework/Headers/NSThread.h
2026-06-03T08:46:50.5012620Z x iPhoneOS14.5.sdk/System/Library/Frameworks/Foundation.framework/Headers/NSFormatter.h
2026-06-03T08:46:50.5018340Z x iPhoneOS14.5.sdk/System/Library/Frameworks/Foundation.framework/Headers/NSHashTable.h
2026-06-03T08:46:50.5019560Z x iPhoneOS14.5.sdk/System/Library/Frameworks/Foundation.framework/Headers/NSFileManager.h
2026-06-03T08:46:50.5025560Z x iPhoneOS14.5.sdk/System/Library/Frameworks/Foundation.framework/Headers/NSURLProtocol.h
2026-06-03T08:46:50.5031810Z x iPhoneOS14.5.sdk/System/Library/Frameworks/Foundation.framework/Headers/NSURL.h
2026-06-03T08:46:50.5032790Z x iPhoneOS14.5.sdk/System/Library/Frameworks/Foundation.framework/Headers/NSKeyedArchiver.h
2026-06-03T08:46:50.5033750Z x iPhoneOS14.5.sdk/System/Library/Frameworks/Foundation.framework/Headers/NSSortDescriptor.h
2026-06-03T08:46:50.5034760Z x iPhoneOS14.5.sdk/System/Library/Frameworks/Foundation.framework/Headers/NSMapTable.h
2026-06-03T08:46:50.5039700Z x iPhoneOS14.5.sdk/System/Library/Frameworks/Foundation.framework/Headers/NSURLConnection.h
2026-06-03T08:46:50.5045570Z x iPhoneOS14.5.sdk/System/Library/Frameworks/Foundation.framework/Foundation.tbd
2026-06-03T08:46:50.5046240Z x iPhoneOS14.5.sdk/System/Library/Frameworks/QuickLookThumbnailing.framework/
2026-06-03T08:46:50.5046760Z x iPhoneOS14.5.sdk/System/Library/Frameworks/QuickLookThumbnailing.framework/Modules/
2026-06-03T08:46:50.5047640Z x iPhoneOS14.5.sdk/System/Library/Frameworks/QuickLookThumbnailing.framework/Modules/module.modulemap
2026-06-03T08:46:50.5048120Z x iPhoneOS14.5.sdk/System/Library/Frameworks/QuickLookThumbnailing.framework/Headers/
2026-06-03T08:46:50.5049070Z x iPhoneOS14.5.sdk/System/Library/Frameworks/QuickLookThumbnailing.framework/Headers/QLThumbnailProvider.h
2026-06-03T08:46:50.5053900Z x iPhoneOS14.5.sdk/System/Library/Frameworks/QuickLookThumbnailing.framework/Headers/QLThumbnailGenerator.h
2026-06-03T08:46:50.5080150Z x iPhoneOS14.5.sdk/System/Library/Frameworks/QuickLookThumbnailing.framework/Headers/QLThumbnailRequest.h
2026-06-03T08:46:50.5080860Z x iPhoneOS14.5.sdk/System/Library/Frameworks/QuickLookThumbnailing.framework/Headers/QLThumbnailRepresentation.h
2026-06-03T08:46:50.5081600Z x iPhoneOS14.5.sdk/System/Library/Frameworks/QuickLookThumbnailing.framework/Headers/QLThumbnailingBase.h
2026-06-03T08:46:50.5082300Z x iPhoneOS14.5.sdk/System/Library/Frameworks/QuickLookThumbnailing.framework/Headers/QLThumbnailGenerationRequest.h
2026-06-03T08:46:50.5082970Z x iPhoneOS14.5.sdk/System/Library/Frameworks/QuickLookThumbnailing.framework/Headers/QuickLookThumbnailing.h
2026-06-03T08:46:50.5083580Z x iPhoneOS14.5.sdk/System/Library/Frameworks/QuickLookThumbnailing.framework/Headers/QLThumbnailReply.h
2026-06-03T08:46:50.5084200Z x iPhoneOS14.5.sdk/System/Library/Frameworks/QuickLookThumbnailing.framework/Headers/QLThumbnailErrors.h
2026-06-03T08:46:50.5084800Z x iPhoneOS14.5.sdk/System/Library/Frameworks/QuickLookThumbnailing.framework/QuickLookThumbnailing.tbd
2026-06-03T08:46:50.5085380Z x iPhoneOS14.5.sdk/System/Library/Frameworks/AppTrackingTransparency.framework/
2026-06-03T08:46:50.5085910Z x iPhoneOS14.5.sdk/System/Library/Frameworks/AppTrackingTransparency.framework/Modules/
2026-06-03T08:46:50.5086530Z x iPhoneOS14.5.sdk/System/Library/Frameworks/AppTrackingTransparency.framework/Modules/module.modulemap
2026-06-03T08:46:50.5087140Z x iPhoneOS14.5.sdk/System/Library/Frameworks/AppTrackingTransparency.framework/Headers/
2026-06-03T08:46:50.5087760Z x iPhoneOS14.5.sdk/System/Library/Frameworks/AppTrackingTransparency.framework/Headers/AppTrackingTransparency.h
2026-06-03T08:46:50.5088440Z x iPhoneOS14.5.sdk/System/Library/Frameworks/AppTrackingTransparency.framework/Headers/ATTrackingManager.h
2026-06-03T08:46:50.5089730Z x iPhoneOS14.5.sdk/System/Library/Frameworks/AppTrackingTransparency.framework/AppTrackingTransparency.tbd
2026-06-03T08:46:50.5090230Z x iPhoneOS14.5.sdk/System/Library/Frameworks/CoreHaptics.framework/
2026-06-03T08:46:50.5090620Z x iPhoneOS14.5.sdk/System/Library/Frameworks/CoreHaptics.framework/Modules/
2026-06-03T08:46:50.5091230Z x iPhoneOS14.5.sdk/System/Library/Frameworks/CoreHaptics.framework/Modules/module.modulemap
2026-06-03T08:46:50.5091950Z x iPhoneOS14.5.sdk/System/Library/Frameworks/CoreHaptics.framework/CoreHaptics.tbd
2026-06-03T08:46:50.5092670Z x iPhoneOS14.5.sdk/System/Library/Frameworks/CoreHaptics.framework/Headers/
2026-06-03T08:46:50.5093210Z x iPhoneOS14.5.sdk/System/Library/Frameworks/CoreHaptics.framework/Headers/CHHapticEngine.h
2026-06-03T08:46:50.5094550Z x iPhoneOS14.5.sdk/System/Library/Frameworks/CoreHaptics.framework/Headers/CHHapticErrors.h
2026-06-03T08:46:50.5095150Z x iPhoneOS14.5.sdk/System/Library/Frameworks/CoreHaptics.framework/Headers/CHHapticPatternPlayer.h
2026-06-03T08:46:50.5095800Z x iPhoneOS14.5.sdk/System/Library/Frameworks/CoreHaptics.framework/Headers/CoreHaptics.apinotes
2026-06-03T08:46:50.5102730Z x iPhoneOS14.5.sdk/System/Library/Frameworks/CoreHaptics.framework/Headers/CHHapticPattern.h
2026-06-03T08:46:50.5103290Z x iPhoneOS14.5.sdk/System/Library/Frameworks/CoreHaptics.framework/Headers/CHHapticEvent.h
2026-06-03T08:46:50.5105230Z x iPhoneOS14.5.sdk/System/Library/Frameworks/CoreHaptics.framework/Headers/CHHapticParameter.h
2026-06-03T08:46:50.5106070Z x iPhoneOS14.5.sdk/System/Library/Frameworks/CoreHaptics.framework/Headers/CoreHaptics.h
2026-06-03T08:46:50.5106710Z x iPhoneOS14.5.sdk/System/Library/Frameworks/CoreHaptics.framework/Headers/CHHapticDeviceCapability.h
2026-06-03T08:46:50.5107170Z x iPhoneOS14.5.sdk/System/Library/Frameworks/SensorKit.framework/
2026-06-03T08:46:50.5107540Z x iPhoneOS14.5.sdk/System/Library/Frameworks/SensorKit.framework/Modules/
2026-06-03T08:46:50.5107980Z x iPhoneOS14.5.sdk/System/Library/Frameworks/SensorKit.framework/Modules/module.modulemap
2026-06-03T08:46:50.5108410Z x iPhoneOS14.5.sdk/System/Library/Frameworks/SensorKit.framework/Headers/
2026-06-03T08:46:50.5108940Z x iPhoneOS14.5.sdk/System/Library/Frameworks/SensorKit.framework/Headers/SRFetchResult.h
2026-06-03T08:46:50.5109530Z x iPhoneOS14.5.sdk/System/Library/Frameworks/SensorKit.framework/Headers/SRDeletionRecord.h
2026-06-03T08:46:50.5110170Z x iPhoneOS14.5.sdk/System/Library/Frameworks/SensorKit.framework/Headers/SRKeyboardMetrics.h
2026-06-03T08:46:50.5110680Z x iPhoneOS14.5.sdk/System/Library/Frameworks/SensorKit.framework/Headers/SRFetchRequest.h
2026-06-03T08:46:50.5111180Z x iPhoneOS14.5.sdk/System/Library/Frameworks/SensorKit.framework/Headers/SRWristDetection.h
2026-06-03T08:46:50.5111660Z x iPhoneOS14.5.sdk/System/Library/Frameworks/SensorKit.framework/Headers/SRVisit.h
2026-06-03T08:46:50.5112150Z x iPhoneOS14.5.sdk/System/Library/Frameworks/SensorKit.framework/Headers/SRDeviceUsageCategories.h
2026-06-03T08:46:50.5112670Z x iPhoneOS14.5.sdk/System/Library/Frameworks/SensorKit.framework/Headers/SRSensorReader.h
2026-06-03T08:46:50.5113280Z x iPhoneOS14.5.sdk/System/Library/Frameworks/SensorKit.framework/Headers/SRError.h
2026-06-03T08:46:50.5113740Z x iPhoneOS14.5.sdk/System/Library/Frameworks/SensorKit.framework/Headers/SRAbsoluteTime.h
2026-06-03T08:46:50.5114210Z x iPhoneOS14.5.sdk/System/Library/Frameworks/SensorKit.framework/Headers/SensorKit.h
2026-06-03T08:46:50.5114690Z x iPhoneOS14.5.sdk/System/Library/Frameworks/SensorKit.framework/Headers/SRDefines.h
2026-06-03T08:46:50.5115200Z x iPhoneOS14.5.sdk/System/Library/Frameworks/SensorKit.framework/Headers/SRAmbientLightSample.h
2026-06-03T08:46:50.5115940Z x iPhoneOS14.5.sdk/System/Library/Frameworks/SensorKit.framework/Headers/SRDevice.h
2026-06-03T08:46:50.5116950Z x iPhoneOS14.5.sdk/System/Library/Frameworks/SensorKit.framework/Headers/SRAuthorization.h
2026-06-03T08:46:50.5118000Z x iPhoneOS14.5.sdk/System/Library/Frameworks/SensorKit.framework/Headers/SRUsageReports.h
2026-06-03T08:46:50.5118910Z x iPhoneOS14.5.sdk/System/Library/Frameworks/SensorKit.framework/Headers/SRSensors+SRDeletionRecord.h
2026-06-03T08:46:50.5120010Z x iPhoneOS14.5.sdk/System/Library/Frameworks/SensorKit.framework/Headers/SensorKit.apinotes
2026-06-03T08:46:50.5120920Z x iPhoneOS14.5.sdk/System/Library/Frameworks/SensorKit.framework/Headers/SRSensors.h
2026-06-03T08:46:50.5121820Z x iPhoneOS14.5.sdk/System/Library/Frameworks/SensorKit.framework/Headers/NSDate+SensorKit.h
2026-06-03T08:46:50.5127820Z x iPhoneOS14.5.sdk/System/Library/Frameworks/SensorKit.framework/SensorKit.tbd
2026-06-03T08:46:50.5128720Z x iPhoneOS14.5.sdk/System/Library/Frameworks/ARKit.framework/
2026-06-03T08:46:50.5129120Z x iPhoneOS14.5.sdk/System/Library/Frameworks/ARKit.framework/Modules/
2026-06-03T08:46:50.5130420Z x iPhoneOS14.5.sdk/System/Library/Frameworks/ARKit.framework/Modules/module.modulemap
2026-06-03T08:46:50.5131680Z x iPhoneOS14.5.sdk/System/Library/Frameworks/ARKit.framework/Headers/
2026-06-03T08:46:50.5132820Z x iPhoneOS14.5.sdk/System/Library/Frameworks/ARKit.framework/Headers/ARCollaborationData.h
2026-06-03T08:46:50.5133800Z x iPhoneOS14.5.sdk/System/Library/Frameworks/ARKit.framework/Headers/ARMeshAnchor.h
2026-06-03T08:46:50.5135210Z x iPhoneOS14.5.sdk/System/Library/Frameworks/ARKit.framework/Headers/ARKit.h
2026-06-03T08:46:50.5136310Z x iPhoneOS14.5.sdk/System/Library/Frameworks/ARKit.framework/Headers/ARSCNView.h
2026-06-03T08:46:50.5137580Z x iPhoneOS14.5.sdk/System/Library/Frameworks/ARKit.framework/Headers/ARRaycastResult.h
2026-06-03T08:46:50.5139080Z x iPhoneOS14.5.sdk/System/Library/Frameworks/ARKit.framework/Headers/ARHitTestResult.h
2026-06-03T08:46:50.5139970Z x iPhoneOS14.5.sdk/System/Library/Frameworks/ARKit.framework/Headers/ARSkeletonDefinition.h
2026-06-03T08:46:50.5141260Z x iPhoneOS14.5.sdk/System/Library/Frameworks/ARKit.framework/Headers/ARCoachingOverlayView.h
2026-06-03T08:46:50.5142410Z x iPhoneOS14.5.sdk/System/Library/Frameworks/ARKit.framework/Headers/ARGeoAnchor.h
2026-06-03T08:46:50.5143600Z x iPhoneOS14.5.sdk/System/Library/Frameworks/ARKit.framework/Headers/ARFaceAnchor.h
2026-06-03T08:46:50.5145540Z x iPhoneOS14.5.sdk/System/Library/Frameworks/ARKit.framework/Headers/ARSession.h
2026-06-03T08:46:50.5150820Z x iPhoneOS14.5.sdk/System/Library/Frameworks/ARKit.framework/Headers/ARQuickLookPreviewItem.h
2026-06-03T08:46:50.5152080Z x iPhoneOS14.5.sdk/System/Library/Frameworks/ARKit.framework/Headers/ARPlaneAnchor.h
2026-06-03T08:46:50.5153190Z x iPhoneOS14.5.sdk/System/Library/Frameworks/ARKit.framework/Headers/ARMeshGeometry.h
2026-06-03T08:46:50.5154540Z x iPhoneOS14.5.sdk/System/Library/Frameworks/ARKit.framework/Headers/ARRaycastQuery.h
2026-06-03T08:46:50.5155870Z x iPhoneOS14.5.sdk/System/Library/Frameworks/ARKit.framework/Headers/ARPlaneGeometry.h
2026-06-03T08:46:50.5157570Z x iPhoneOS14.5.sdk/System/Library/Frameworks/ARKit.framework/Headers/ARAppClipCodeAnchor.h
2026-06-03T08:46:50.5158450Z x iPhoneOS14.5.sdk/System/Library/Frameworks/ARKit.framework/Headers/ARCamera.h
2026-06-03T08:46:50.5159910Z x iPhoneOS14.5.sdk/System/Library/Frameworks/ARKit.framework/Headers/ARParticipantAnchor.h
2026-06-03T08:46:50.5161240Z x iPhoneOS14.5.sdk/System/Library/Frameworks/ARKit.framework/Headers/ARReferenceImage.h
2026-06-03T08:46:50.5162340Z x iPhoneOS14.5.sdk/System/Library/Frameworks/ARKit.framework/Headers/AREnvironmentProbeAnchor.h
2026-06-03T08:46:50.5163830Z x iPhoneOS14.5.sdk/System/Library/Frameworks/ARKit.framework/Headers/ARConfiguration.h
2026-06-03T08:46:50.5167980Z x iPhoneOS14.5.sdk/System/Library/Frameworks/ARKit.framework/Headers/ARError.h
2026-06-03T08:46:50.5168740Z x iPhoneOS14.5.sdk/System/Library/Frameworks/ARKit.framework/Headers/ARImageAnchor.h
2026-06-03T08:46:50.5169550Z x iPhoneOS14.5.sdk/System/Library/Frameworks/ARKit.framework/Headers/ARFaceGeometry.h
2026-06-03T08:46:50.5170440Z x iPhoneOS14.5.sdk/System/Library/Frameworks/ARKit.framework/Headers/ARTrackedRaycast.h
2026-06-03T08:46:50.5171370Z x iPhoneOS14.5.sdk/System/Library/Frameworks/ARKit.framework/Headers/ARFrame.h
2026-06-03T08:46:50.5172750Z x iPhoneOS14.5.sdk/System/Library/Frameworks/ARKit.framework/Headers/ARMatteGenerator.h
2026-06-03T08:46:50.5174140Z x iPhoneOS14.5.sdk/System/Library/Frameworks/ARKit.framework/Headers/ARPointCloud.h
2026-06-03T08:46:50.5175030Z x iPhoneOS14.5.sdk/System/Library/Frameworks/ARKit.framework/Headers/ARLightEstimate.h
2026-06-03T08:46:50.5175780Z x iPhoneOS14.5.sdk/System/Library/Frameworks/ARKit.framework/Headers/ARSKView.h
2026-06-03T08:46:50.5176520Z x iPhoneOS14.5.sdk/System/Library/Frameworks/ARKit.framework/Headers/ARObjectAnchor.h
2026-06-03T08:46:50.5178020Z x iPhoneOS14.5.sdk/System/Library/Frameworks/ARKit.framework/Headers/ARKitCore.h
2026-06-03T08:46:50.5178550Z x iPhoneOS14.5.sdk/System/Library/Frameworks/ARKit.framework/Headers/ARBodyAnchor.h
2026-06-03T08:46:50.5179440Z x iPhoneOS14.5.sdk/System/Library/Frameworks/ARKit.framework/Headers/ARVideoFormat.h
2026-06-03T08:46:50.5180180Z x iPhoneOS14.5.sdk/System/Library/Frameworks/ARKit.framework/Headers/ARSCNFaceGeometry.h
2026-06-03T08:46:50.5180920Z x iPhoneOS14.5.sdk/System/Library/Frameworks/ARKit.framework/Headers/ARWorldMap.h
2026-06-03T08:46:50.5182340Z x iPhoneOS14.5.sdk/System/Library/Frameworks/ARKit.framework/Headers/ARReferenceObject.h
2026-06-03T08:46:50.5183620Z x iPhoneOS14.5.sdk/System/Library/Frameworks/ARKit.framework/Headers/ARAnchor.h
2026-06-03T08:46:50.5184260Z x iPhoneOS14.5.sdk/System/Library/Frameworks/ARKit.framework/Headers/ARSkeleton.h
2026-06-03T08:46:50.5185270Z x iPhoneOS14.5.sdk/System/Library/Frameworks/ARKit.framework/Headers/ARGeoTrackingTypes.h
2026-06-03T08:46:50.5186200Z x iPhoneOS14.5.sdk/System/Library/Frameworks/ARKit.framework/Headers/ARDepthData.h
2026-06-03T08:46:50.5187540Z x iPhoneOS14.5.sdk/System/Library/Frameworks/ARKit.framework/Headers/ARSCNPlaneGeometry.h
2026-06-03T08:46:50.5189590Z x iPhoneOS14.5.sdk/System/Library/Frameworks/ARKit.framework/Headers/ARBody2D.h
2026-06-03T08:46:50.5195600Z x iPhoneOS14.5.sdk/System/Library/Frameworks/ARKit.framework/ARKit.tbd
2026-06-03T08:46:50.5196150Z x iPhoneOS14.5.sdk/System/Library/Frameworks/CoreServices.framework/
2026-06-03T08:46:50.5196630Z x iPhoneOS14.5.sdk/System/Library/Frameworks/CoreServices.framework/Modules/
2026-06-03T08:46:50.5197480Z x iPhoneOS14.5.sdk/System/Library/Frameworks/CoreServices.framework/Modules/module.modulemap
2026-06-03T08:46:50.5198230Z x iPhoneOS14.5.sdk/System/Library/Frameworks/CoreServices.framework/CoreServices.tbd
2026-06-03T08:46:50.5198780Z x iPhoneOS14.5.sdk/System/Library/Frameworks/CoreServices.framework/Headers/
2026-06-03T08:46:50.5203780Z x iPhoneOS14.5.sdk/System/Library/Frameworks/CoreServices.framework/Headers/CoreServices.h
2026-06-03T08:46:50.5204990Z x iPhoneOS14.5.sdk/System/Library/Frameworks/CoreServices.framework/Headers/UTType.h
2026-06-03T08:46:50.5210100Z x iPhoneOS14.5.sdk/System/Library/Frameworks/CoreServices.framework/Headers/UTCoreTypes.h
2026-06-03T08:46:50.5210700Z x iPhoneOS14.5.sdk/System/Library/Frameworks/NotificationCenter.framework/
2026-06-03T08:46:50.5211130Z x iPhoneOS14.5.sdk/System/Library/Frameworks/NotificationCenter.framework/Modules/
2026-06-03T08:46:50.5211730Z x iPhoneOS14.5.sdk/System/Library/Frameworks/NotificationCenter.framework/Modules/module.modulemap
2026-06-03T08:46:50.5212900Z x iPhoneOS14.5.sdk/System/Library/Frameworks/NotificationCenter.framework/NotificationCenter.tbd
2026-06-03T08:46:50.5213580Z x iPhoneOS14.5.sdk/System/Library/Frameworks/NotificationCenter.framework/Headers/
2026-06-03T08:46:50.5215690Z x iPhoneOS14.5.sdk/System/Library/Frameworks/NotificationCenter.framework/Headers/NotificationCenter.h
2026-06-03T08:46:50.5217110Z x iPhoneOS14.5.sdk/System/Library/Frameworks/NotificationCenter.framework/Headers/NCWidgetProviding.h
2026-06-03T08:46:50.5218160Z x iPhoneOS14.5.sdk/System/Library/Frameworks/NotificationCenter.framework/Headers/NotificationCenterDefines.h
2026-06-03T08:46:50.5218910Z x iPhoneOS14.5.sdk/System/Library/Frameworks/NotificationCenter.framework/Headers/NCWidgetTypes.h
2026-06-03T08:46:50.5219700Z x iPhoneOS14.5.sdk/System/Library/Frameworks/NotificationCenter.framework/Headers/NCWidgetController.h
2026-06-03T08:46:50.5220190Z x iPhoneOS14.5.sdk/System/Library/Frameworks/BackgroundTasks.framework/
2026-06-03T08:46:50.5220610Z x iPhoneOS14.5.sdk/System/Library/Frameworks/BackgroundTasks.framework/Modules/
2026-06-03T08:46:50.5221930Z x iPhoneOS14.5.sdk/System/Library/Frameworks/BackgroundTasks.framework/Modules/module.modulemap
2026-06-03T08:46:50.5222430Z x iPhoneOS14.5.sdk/System/Library/Frameworks/BackgroundTasks.framework/Headers/
2026-06-03T08:46:50.5223070Z x iPhoneOS14.5.sdk/System/Library/Frameworks/BackgroundTasks.framework/Headers/BGTaskScheduler.h
2026-06-03T08:46:50.5224120Z x iPhoneOS14.5.sdk/System/Library/Frameworks/BackgroundTasks.framework/Headers/BackgroundTasks.apinotes
2026-06-03T08:46:50.5224840Z x iPhoneOS14.5.sdk/System/Library/Frameworks/BackgroundTasks.framework/Headers/BGTask.h
2026-06-03T08:46:50.5225530Z x iPhoneOS14.5.sdk/System/Library/Frameworks/BackgroundTasks.framework/Headers/BGDefines.h
2026-06-03T08:46:50.5226560Z x iPhoneOS14.5.sdk/System/Library/Frameworks/BackgroundTasks.framework/Headers/BGTaskRequest.h
2026-06-03T08:46:50.5228940Z x iPhoneOS14.5.sdk/System/Library/Frameworks/BackgroundTasks.framework/Headers/BackgroundTasks.h
2026-06-03T08:46:50.5229800Z x iPhoneOS14.5.sdk/System/Library/Frameworks/BackgroundTasks.framework/BackgroundTasks.tbd
2026-06-03T08:46:50.5230260Z x iPhoneOS14.5.sdk/System/Library/Frameworks/SafariServices.framework/
2026-06-03T08:46:50.5230820Z x iPhoneOS14.5.sdk/System/Library/Frameworks/SafariServices.framework/Modules/
2026-06-03T08:46:50.5231690Z x iPhoneOS14.5.sdk/System/Library/Frameworks/SafariServices.framework/Modules/module.modulemap
2026-06-03T08:46:50.5232170Z x iPhoneOS14.5.sdk/System/Library/Frameworks/SafariServices.framework/Headers/
2026-06-03T08:46:50.5233000Z x iPhoneOS14.5.sdk/System/Library/Frameworks/SafariServices.framework/Headers/SFSafariViewControllerConfiguration.h
2026-06-03T08:46:50.5234870Z x iPhoneOS14.5.sdk/System/Library/Frameworks/SafariServices.framework/Headers/SSReadingList.h
2026-06-03T08:46:50.5240570Z x iPhoneOS14.5.sdk/System/Library/Frameworks/SafariServices.framework/Headers/SFSafariViewController.h
2026-06-03T08:46:50.5241380Z x iPhoneOS14.5.sdk/System/Library/Frameworks/SafariServices.framework/Headers/SFContentBlockerState.h
2026-06-03T08:46:50.5242270Z x iPhoneOS14.5.sdk/System/Library/Frameworks/SafariServices.framework/Headers/SafariServices.h
2026-06-03T08:46:50.5243510Z x iPhoneOS14.5.sdk/System/Library/Frameworks/SafariServices.framework/Headers/SFContentBlockerManager.h
2026-06-03T08:46:50.5244430Z x iPhoneOS14.5.sdk/System/Library/Frameworks/SafariServices.framework/Headers/SafariServices.apinotes
2026-06-03T08:46:50.5245920Z x iPhoneOS14.5.sdk/System/Library/Frameworks/SafariServices.framework/Headers/SFFoundation.h
2026-06-03T08:46:50.5246420Z x iPhoneOS14.5.sdk/System/Library/Frameworks/SafariServices.framework/Headers/SFError.h
2026-06-03T08:46:50.5247440Z x iPhoneOS14.5.sdk/System/Library/Frameworks/SafariServices.framework/Headers/SFAuthenticationSession.h
2026-06-03T08:46:50.5248340Z x iPhoneOS14.5.sdk/System/Library/Frameworks/SafariServices.framework/SafariServices.tbd
2026-06-03T08:46:50.5248900Z x iPhoneOS14.5.sdk/System/Library/Frameworks/AddressBookUI.framework/
2026-06-03T08:46:50.5249400Z x iPhoneOS14.5.sdk/System/Library/Frameworks/AddressBookUI.framework/Modules/
2026-06-03T08:46:50.5250170Z x iPhoneOS14.5.sdk/System/Library/Frameworks/AddressBookUI.framework/Modules/module.modulemap
2026-06-03T08:46:50.5250650Z x iPhoneOS14.5.sdk/System/Library/Frameworks/AddressBookUI.framework/Headers/
2026-06-03T08:46:50.5252180Z x iPhoneOS14.5.sdk/System/Library/Frameworks/AddressBookUI.framework/Headers/ABPeoplePickerNavigationController.h
2026-06-03T08:46:50.5253140Z x iPhoneOS14.5.sdk/System/Library/Frameworks/AddressBookUI.framework/Headers/ABNewPersonViewController.h
2026-06-03T08:46:50.5253960Z x iPhoneOS14.5.sdk/System/Library/Frameworks/AddressBookUI.framework/Headers/ABAddressFormatting.h
2026-06-03T08:46:50.5254900Z x iPhoneOS14.5.sdk/System/Library/Frameworks/AddressBookUI.framework/Headers/ABPersonViewController.h
2026-06-03T08:46:50.5255750Z x iPhoneOS14.5.sdk/System/Library/Frameworks/AddressBookUI.framework/Headers/AddressBookUI.h
2026-06-03T08:46:50.5258430Z x iPhoneOS14.5.sdk/System/Library/Frameworks/AddressBookUI.framework/Headers/ABUnknownPersonViewController.h
2026-06-03T08:46:50.5267470Z x iPhoneOS14.5.sdk/System/Library/Frameworks/AddressBookUI.framework/AddressBookUI.tbd
2026-06-03T08:46:50.5268320Z x iPhoneOS14.5.sdk/System/Library/Frameworks/CoreVideo.framework/
2026-06-03T08:46:50.5268950Z x iPhoneOS14.5.sdk/System/Library/Frameworks/CoreVideo.framework/Modules/
2026-06-03T08:46:50.5269970Z x iPhoneOS14.5.sdk/System/Library/Frameworks/CoreVideo.framework/Modules/module.modulemap
2026-06-03T08:46:50.5270890Z x iPhoneOS14.5.sdk/System/Library/Frameworks/CoreVideo.framework/Headers/
2026-06-03T08:46:50.5271330Z x iPhoneOS14.5.sdk/System/Library/Frameworks/CoreVideo.framework/Headers/CVHostTime.h
2026-06-03T08:46:50.5272070Z x iPhoneOS14.5.sdk/System/Library/Frameworks/CoreVideo.framework/Headers/CoreVideo.h
2026-06-03T08:46:50.5274020Z x iPhoneOS14.5.sdk/System/Library/Frameworks/CoreVideo.framework/Headers/CVBase.h
2026-06-03T08:46:50.5279980Z x iPhoneOS14.5.sdk/System/Library/Frameworks/CoreVideo.framework/Headers/CVPixelBuffer.h
2026-06-03T08:46:50.5280960Z x iPhoneOS14.5.sdk/System/Library/Frameworks/CoreVideo.framework/Headers/CVImageBuffer.h
2026-06-03T08:46:50.5281780Z x iPhoneOS14.5.sdk/System/Library/Frameworks/CoreVideo.framework/Headers/CVOpenGLESTexture.h
2026-06-03T08:46:50.5282520Z x iPhoneOS14.5.sdk/System/Library/Frameworks/CoreVideo.framework/Headers/CVReturn.h
2026-06-03T08:46:50.5283600Z x iPhoneOS14.5.sdk/System/Library/Frameworks/CoreVideo.framework/Headers/CVPixelBufferIOSurface.h
2026-06-03T08:46:50.5284960Z x iPhoneOS14.5.sdk/System/Library/Frameworks/CoreVideo.framework/Headers/CVBuffer.h
2026-06-03T08:46:50.5290450Z x iPhoneOS14.5.sdk/System/Library/Frameworks/CoreVideo.framework/Headers/CVPixelBufferPool.h
2026-06-03T08:46:50.5291230Z x iPhoneOS14.5.sdk/System/Library/Frameworks/CoreVideo.framework/Headers/CVMetalTextureCache.h
2026-06-03T08:46:50.5292190Z x iPhoneOS14.5.sdk/System/Library/Frameworks/CoreVideo.framework/Headers/CVPixelFormatDescription.h
2026-06-03T08:46:50.5293000Z x iPhoneOS14.5.sdk/System/Library/Frameworks/CoreVideo.framework/Headers/CVOpenGLESTextureCache.h
2026-06-03T08:46:50.5294320Z x iPhoneOS14.5.sdk/System/Library/Frameworks/CoreVideo.framework/Headers/CVMetalTexture.h
2026-06-03T08:46:50.5295120Z x iPhoneOS14.5.sdk/System/Library/Frameworks/CoreVideo.framework/CoreVideo.tbd
2026-06-03T08:46:50.5295560Z x iPhoneOS14.5.sdk/System/Library/Frameworks/PhotosUI.framework/
2026-06-03T08:46:50.5296030Z x iPhoneOS14.5.sdk/System/Library/Frameworks/PhotosUI.framework/Modules/
2026-06-03T08:46:50.5297000Z x iPhoneOS14.5.sdk/System/Library/Frameworks/PhotosUI.framework/Modules/module.modulemap
2026-06-03T08:46:50.5297430Z x iPhoneOS14.5.sdk/System/Library/Frameworks/PhotosUI.framework/Headers/
2026-06-03T08:46:50.5298210Z x iPhoneOS14.5.sdk/System/Library/Frameworks/PhotosUI.framework/Headers/PHPicker.h
2026-06-03T08:46:50.5299410Z x iPhoneOS14.5.sdk/System/Library/Frameworks/PhotosUI.framework/Headers/PhotosUI.h
2026-06-03T08:46:50.5300320Z x iPhoneOS14.5.sdk/System/Library/Frameworks/PhotosUI.framework/Headers/PHContentEditingController.h
2026-06-03T08:46:50.5301110Z x iPhoneOS14.5.sdk/System/Library/Frameworks/PhotosUI.framework/Headers/PHEditingExtensionContext.h
2026-06-03T08:46:50.5306840Z x iPhoneOS14.5.sdk/System/Library/Frameworks/PhotosUI.framework/Headers/PHLivePhotoView.h
2026-06-03T08:46:50.5307800Z x iPhoneOS14.5.sdk/System/Library/Frameworks/PhotosUI.framework/Headers/PHPhotoLibrary+PhotosUISupport.h
2026-06-03T08:46:50.5308720Z x iPhoneOS14.5.sdk/System/Library/Frameworks/PhotosUI.framework/PhotosUI.tbd
2026-06-03T08:46:50.5309240Z x iPhoneOS14.5.sdk/System/Library/Frameworks/UniformTypeIdentifiers.framework/
2026-06-03T08:46:50.5309810Z x iPhoneOS14.5.sdk/System/Library/Frameworks/UniformTypeIdentifiers.framework/Modules/
2026-06-03T08:46:50.5310760Z x iPhoneOS14.5.sdk/System/Library/Frameworks/UniformTypeIdentifiers.framework/Modules/module.modulemap
2026-06-03T08:46:50.5311300Z x iPhoneOS14.5.sdk/System/Library/Frameworks/UniformTypeIdentifiers.framework/Headers/
2026-06-03T08:46:50.5312030Z x iPhoneOS14.5.sdk/System/Library/Frameworks/UniformTypeIdentifiers.framework/Headers/UniformTypeIdentifiers.apinotes
2026-06-03T08:46:50.5312870Z x iPhoneOS14.5.sdk/System/Library/Frameworks/UniformTypeIdentifiers.framework/Headers/UTTagClass.h
2026-06-03T08:46:50.5314220Z x iPhoneOS14.5.sdk/System/Library/Frameworks/UniformTypeIdentifiers.framework/Headers/UniformTypeIdentifiers.h
2026-06-03T08:46:50.5314950Z x iPhoneOS14.5.sdk/System/Library/Frameworks/UniformTypeIdentifiers.framework/Headers/UTAdditions.h
2026-06-03T08:46:50.5316250Z x iPhoneOS14.5.sdk/System/Library/Frameworks/UniformTypeIdentifiers.framework/Headers/UTDefines.h
2026-06-03T08:46:50.5317090Z x iPhoneOS14.5.sdk/System/Library/Frameworks/UniformTypeIdentifiers.framework/Headers/UTType.h
2026-06-03T08:46:50.5322880Z x iPhoneOS14.5.sdk/System/Library/Frameworks/UniformTypeIdentifiers.framework/Headers/UTCoreTypes.h
2026-06-03T08:46:50.5323730Z x iPhoneOS14.5.sdk/System/Library/Frameworks/UniformTypeIdentifiers.framework/UniformTypeIdentifiers.tbd
2026-06-03T08:46:50.5324230Z x iPhoneOS14.5.sdk/System/Library/Frameworks/CryptoTokenKit.framework/
2026-06-03T08:46:50.5324790Z x iPhoneOS14.5.sdk/System/Library/Frameworks/CryptoTokenKit.framework/Modules/
2026-06-03T08:46:50.5325450Z x iPhoneOS14.5.sdk/System/Library/Frameworks/CryptoTokenKit.framework/Modules/module.modulemap
2026-06-03T08:46:50.5326260Z x iPhoneOS14.5.sdk/System/Library/Frameworks/CryptoTokenKit.framework/Headers/
2026-06-03T08:46:50.5326720Z x iPhoneOS14.5.sdk/System/Library/Frameworks/CryptoTokenKit.framework/Headers/TKToken.h
2026-06-03T08:46:50.5327560Z x iPhoneOS14.5.sdk/System/Library/Frameworks/CryptoTokenKit.framework/Headers/CryptoTokenKit.h
2026-06-03T08:46:50.5328370Z x iPhoneOS14.5.sdk/System/Library/Frameworks/CryptoTokenKit.framework/Headers/TKSmartCardATR.h
2026-06-03T08:46:50.5329300Z x iPhoneOS14.5.sdk/System/Library/Frameworks/CryptoTokenKit.framework/Headers/TKBase.h
2026-06-03T08:46:50.5330260Z x iPhoneOS14.5.sdk/System/Library/Frameworks/CryptoTokenKit.framework/Headers/TKTokenKeychainItem.h
2026-06-03T08:46:50.5336240Z x iPhoneOS14.5.sdk/System/Library/Frameworks/CryptoTokenKit.framework/Headers/TKTLVRecord.h
2026-06-03T08:46:50.5337130Z x iPhoneOS14.5.sdk/System/Library/Frameworks/CryptoTokenKit.framework/Headers/TKSmartCardToken.h
2026-06-03T08:46:50.5337960Z x iPhoneOS14.5.sdk/System/Library/Frameworks/CryptoTokenKit.framework/Headers/CryptoTokenKit.apinotes
2026-06-03T08:46:50.5338720Z x iPhoneOS14.5.sdk/System/Library/Frameworks/CryptoTokenKit.framework/Headers/TKSmartCard.h
2026-06-03T08:46:50.5339610Z x iPhoneOS14.5.sdk/System/Library/Frameworks/CryptoTokenKit.framework/Headers/TKTokenConfiguration.h
2026-06-03T08:46:50.5340860Z x iPhoneOS14.5.sdk/System/Library/Frameworks/CryptoTokenKit.framework/Headers/TKTokenWatcher.h
2026-06-03T08:46:50.5341670Z x iPhoneOS14.5.sdk/System/Library/Frameworks/CryptoTokenKit.framework/Headers/TKError.h
2026-06-03T08:46:50.5342590Z x iPhoneOS14.5.sdk/System/Library/Frameworks/CryptoTokenKit.framework/CryptoTokenKit.tbd
2026-06-03T08:46:50.5343030Z x iPhoneOS14.5.sdk/System/Library/Frameworks/NewsstandKit.framework/
2026-06-03T08:46:50.5343430Z x iPhoneOS14.5.sdk/System/Library/Frameworks/NewsstandKit.framework/Modules/
2026-06-03T08:46:50.5344420Z x iPhoneOS14.5.sdk/System/Library/Frameworks/NewsstandKit.framework/Modules/module.modulemap
2026-06-03T08:46:50.5344920Z x iPhoneOS14.5.sdk/System/Library/Frameworks/NewsstandKit.framework/Headers/
2026-06-03T08:46:50.5345540Z x iPhoneOS14.5.sdk/System/Library/Frameworks/NewsstandKit.framework/Headers/NKNSURLConnectionAdditions.h
2026-06-03T08:46:50.5346520Z x iPhoneOS14.5.sdk/System/Library/Frameworks/NewsstandKit.framework/Headers/NKAssetDownload.h
2026-06-03T08:46:50.5347100Z x iPhoneOS14.5.sdk/System/Library/Frameworks/NewsstandKit.framework/Headers/NewsstandKit.h
2026-06-03T08:46:50.5347760Z x iPhoneOS14.5.sdk/System/Library/Frameworks/NewsstandKit.framework/Headers/NKIssue.h
2026-06-03T08:46:50.5348700Z x iPhoneOS14.5.sdk/System/Library/Frameworks/NewsstandKit.framework/Headers/NKLibrary.h
2026-06-03T08:46:50.5354440Z x iPhoneOS14.5.sdk/System/Library/Frameworks/NewsstandKit.framework/NewsstandKit.tbd
2026-06-03T08:46:50.5354900Z x iPhoneOS14.5.sdk/System/Library/Frameworks/CoreBluetooth.framework/
2026-06-03T08:46:50.5355410Z x iPhoneOS14.5.sdk/System/Library/Frameworks/CoreBluetooth.framework/Modules/
2026-06-03T08:46:50.5356450Z x iPhoneOS14.5.sdk/System/Library/Frameworks/CoreBluetooth.framework/Modules/module.modulemap
2026-06-03T08:46:50.5356920Z x iPhoneOS14.5.sdk/System/Library/Frameworks/CoreBluetooth.framework/Headers/
2026-06-03T08:46:50.5357770Z x iPhoneOS14.5.sdk/System/Library/Frameworks/CoreBluetooth.framework/Headers/CBDescriptor.h
2026-06-03T08:46:50.5358830Z x iPhoneOS14.5.sdk/System/Library/Frameworks/CoreBluetooth.framework/Headers/CBPeripheralManagerConstants.h
2026-06-03T08:46:50.5372890Z x iPhoneOS14.5.sdk/System/Library/Frameworks/CoreBluetooth.framework/Headers/CBPeripheralManager.h
2026-06-03T08:46:50.5373590Z x iPhoneOS14.5.sdk/System/Library/Frameworks/CoreBluetooth.framework/Headers/CBL2CAPChannel.h
2026-06-03T08:46:50.5374210Z x iPhoneOS14.5.sdk/System/Library/Frameworks/CoreBluetooth.framework/Headers/CBCharacteristic.h
2026-06-03T08:46:50.5375000Z x iPhoneOS14.5.sdk/System/Library/Frameworks/CoreBluetooth.framework/Headers/CBDefines.h
2026-06-03T08:46:50.5375720Z x iPhoneOS14.5.sdk/System/Library/Frameworks/CoreBluetooth.framework/Headers/CBPeripheral.h
2026-06-03T08:46:50.5378200Z x iPhoneOS14.5.sdk/System/Library/Frameworks/CoreBluetooth.framework/Headers/CBATTRequest.h
2026-06-03T08:46:50.5380080Z x iPhoneOS14.5.sdk/System/Library/Frameworks/CoreBluetooth.framework/Headers/CBCentralManager.h
2026-06-03T08:46:50.5380680Z x iPhoneOS14.5.sdk/System/Library/Frameworks/CoreBluetooth.framework/Headers/CBManager.h
2026-06-03T08:46:50.5381300Z x iPhoneOS14.5.sdk/System/Library/Frameworks/CoreBluetooth.framework/Headers/CoreBluetooth.apinotes
2026-06-03T08:46:50.5381920Z x iPhoneOS14.5.sdk/System/Library/Frameworks/CoreBluetooth.framework/Headers/CBCentral.h
2026-06-03T08:46:50.5382530Z x iPhoneOS14.5.sdk/System/Library/Frameworks/CoreBluetooth.framework/Headers/CBUUID.h
2026-06-03T08:46:50.5384910Z x iPhoneOS14.5.sdk/System/Library/Frameworks/CoreBluetooth.framework/Headers/CBAttribute.h
2026-06-03T08:46:50.5385460Z x iPhoneOS14.5.sdk/System/Library/Frameworks/CoreBluetooth.framework/Headers/CBService.h
2026-06-03T08:46:50.5385930Z x iPhoneOS14.5.sdk/System/Library/Frameworks/CoreBluetooth.framework/Headers/CBError.h
2026-06-03T08:46:50.5386390Z x iPhoneOS14.5.sdk/System/Library/Frameworks/CoreBluetooth.framework/Headers/CBPeer.h
2026-06-03T08:46:50.5387080Z x iPhoneOS14.5.sdk/System/Library/Frameworks/CoreBluetooth.framework/Headers/CoreBluetooth.h
2026-06-03T08:46:50.5388130Z x iPhoneOS14.5.sdk/System/Library/Frameworks/CoreBluetooth.framework/Headers/CBCentralManagerConstants.h
2026-06-03T08:46:50.5389610Z x iPhoneOS14.5.sdk/System/Library/Frameworks/CoreBluetooth.framework/Headers/CBAdvertisementData.h
2026-06-03T08:46:50.5396120Z x iPhoneOS14.5.sdk/System/Library/Frameworks/CoreBluetooth.framework/CoreBluetooth.tbd
2026-06-03T08:46:50.5396780Z x iPhoneOS14.5.sdk/System/Library/Frameworks/CoreMedia.framework/
2026-06-03T08:46:50.5397170Z x iPhoneOS14.5.sdk/System/Library/Frameworks/CoreMedia.framework/Modules/
2026-06-03T08:46:50.5398480Z x iPhoneOS14.5.sdk/System/Library/Frameworks/CoreMedia.framework/Modules/module.modulemap
2026-06-03T08:46:50.5399680Z x iPhoneOS14.5.sdk/System/Library/Frameworks/CoreMedia.framework/Headers/
2026-06-03T08:46:50.5403520Z x iPhoneOS14.5.sdk/System/Library/Frameworks/CoreMedia.framework/Headers/CMSampleBuffer.h
2026-06-03T08:46:50.5410190Z x iPhoneOS14.5.sdk/System/Library/Frameworks/CoreMedia.framework/Headers/CMBufferQueue.h
2026-06-03T08:46:50.5411380Z x iPhoneOS14.5.sdk/System/Library/Frameworks/CoreMedia.framework/Headers/CMBase.h
2026-06-03T08:46:50.5424130Z x iPhoneOS14.5.sdk/System/Library/Frameworks/CoreMedia.framework/Headers/CMFormatDescription.h
2026-06-03T08:46:50.5424710Z x iPhoneOS14.5.sdk/System/Library/Frameworks/CoreMedia.framework/Headers/CMMemoryPool.h
2026-06-03T08:46:50.5429490Z x iPhoneOS14.5.sdk/System/Library/Frameworks/CoreMedia.framework/Headers/CMBlockBuffer.h
2026-06-03T08:46:50.5430610Z x iPhoneOS14.5.sdk/System/Library/Frameworks/CoreMedia.framework/Headers/CMFormatDescriptionBridge.h
2026-06-03T08:46:50.5432160Z x iPhoneOS14.5.sdk/System/Library/Frameworks/CoreMedia.framework/Headers/CMSimpleQueue.h
2026-06-03T08:46:50.5446300Z x iPhoneOS14.5.sdk/System/Library/Frameworks/CoreMedia.framework/Headers/CMTextMarkup.h
2026-06-03T08:46:50.5453780Z x iPhoneOS14.5.sdk/System/Library/Frameworks/CoreMedia.framework/Headers/CMAttachment.h
2026-06-03T08:46:50.5454240Z x iPhoneOS14.5.sdk/System/Library/Frameworks/CoreMedia.framework/Headers/CMSync.h
2026-06-03T08:46:50.5461220Z x iPhoneOS14.5.sdk/System/Library/Frameworks/CoreMedia.framework/Headers/CMTimeRange.h
2026-06-03T08:46:50.5463390Z x iPhoneOS14.5.sdk/System/Library/Frameworks/CoreMedia.framework/Headers/CMTime.h
2026-06-03T08:46:50.5463840Z x iPhoneOS14.5.sdk/System/Library/Frameworks/CoreMedia.framework/Headers/CoreMedia.h
2026-06-03T08:46:50.5464870Z x iPhoneOS14.5.sdk/System/Library/Frameworks/CoreMedia.framework/Headers/CMMetadata.h
2026-06-03T08:46:50.5469410Z x iPhoneOS14.5.sdk/System/Library/Frameworks/CoreMedia.framework/Headers/CMAudioClock.h
2026-06-03T08:46:50.5474850Z x iPhoneOS14.5.sdk/System/Library/Frameworks/CoreMedia.framework/Headers/CoreMedia.apinotes
2026-06-03T08:46:50.5494440Z x iPhoneOS14.5.sdk/System/Library/Frameworks/CoreMedia.framework/CoreMedia.tbd
2026-06-03T08:46:50.5595230Z x iPhoneOS14.5.sdk/System/Library/Frameworks/CFNetwork.framework/
2026-06-03T08:46:50.5695550Z x iPhoneOS14.5.sdk/System/Library/Frameworks/CFNetwork.framework/Modules/
2026-06-03T08:46:50.5797550Z x iPhoneOS14.5.sdk/System/Library/Frameworks/CFNetwork.framework/Modules/module.modulemap
2026-06-03T08:46:50.5832040Z x iPhoneOS14.5.sdk/System/Library/Frameworks/CFNetwork.framework/Headers/
2026-06-03T08:46:50.5832710Z x iPhoneOS14.5.sdk/System/Library/Frameworks/CFNetwork.framework/Headers/CFNetDiagnostics.h
2026-06-03T08:46:50.5833320Z x iPhoneOS14.5.sdk/System/Library/Frameworks/CFNetwork.framework/Headers/CFNetServices.h
2026-06-03T08:46:50.5834020Z x iPhoneOS14.5.sdk/System/Library/Frameworks/CFNetwork.framework/Headers/CFProxySupport.h
2026-06-03T08:46:50.5834760Z x iPhoneOS14.5.sdk/System/Library/Frameworks/CFNetwork.framework/Headers/CFNetworkErrors.h
2026-06-03T08:46:50.5835410Z x iPhoneOS14.5.sdk/System/Library/Frameworks/CFNetwork.framework/Headers/CFFTPStream.h
2026-06-03T08:46:50.5837560Z x iPhoneOS14.5.sdk/System/Library/Frameworks/CFNetwork.framework/Headers/CFHTTPAuthentication.h
2026-06-03T08:46:50.5838640Z x iPhoneOS14.5.sdk/System/Library/Frameworks/CFNetwork.framework/Headers/CFHost.h
2026-06-03T08:46:50.5839170Z x iPhoneOS14.5.sdk/System/Library/Frameworks/CFNetwork.framework/Headers/CFHTTPStream.h
2026-06-03T08:46:50.5839690Z x iPhoneOS14.5.sdk/System/Library/Frameworks/CFNetwork.framework/Headers/CFNetwork.h
2026-06-03T08:46:50.5840160Z x iPhoneOS14.5.sdk/System/Library/Frameworks/CFNetwork.framework/Headers/CFNetworkDefs.h
2026-06-03T08:46:50.5840650Z x iPhoneOS14.5.sdk/System/Library/Frameworks/CFNetwork.framework/Headers/CFSocketStream.h
2026-06-03T08:46:50.5841140Z x iPhoneOS14.5.sdk/System/Library/Frameworks/CFNetwork.framework/Headers/CFHTTPMessage.h
2026-06-03T08:46:50.5841590Z x iPhoneOS14.5.sdk/System/Library/Frameworks/CFNetwork.framework/CFNetwork.tbd
2026-06-03T08:46:50.5841970Z x iPhoneOS14.5.sdk/System/Library/Frameworks/CoreML.framework/
2026-06-03T08:46:50.5842310Z x iPhoneOS14.5.sdk/System/Library/Frameworks/CoreML.framework/Modules/
2026-06-03T08:46:50.5842730Z x iPhoneOS14.5.sdk/System/Library/Frameworks/CoreML.framework/Modules/module.modulemap
2026-06-03T08:46:50.5843150Z x iPhoneOS14.5.sdk/System/Library/Frameworks/CoreML.framework/Headers/
2026-06-03T08:46:50.5843560Z x iPhoneOS14.5.sdk/System/Library/Frameworks/CoreML.framework/Headers/MLModelError.h
2026-06-03T08:46:50.5844040Z x iPhoneOS14.5.sdk/System/Library/Frameworks/CoreML.framework/Headers/MLArrayBatchProvider.h
2026-06-03T08:46:50.5844520Z x iPhoneOS14.5.sdk/System/Library/Frameworks/CoreML.framework/Headers/MLParameterKey.h
2026-06-03T08:46:50.5845170Z x iPhoneOS14.5.sdk/System/Library/Frameworks/CoreML.framework/Headers/MLMultiArrayShapeConstraint.h
2026-06-03T08:46:50.5845730Z x iPhoneOS14.5.sdk/System/Library/Frameworks/CoreML.framework/Headers/MLModel+MLModelCompilation.h
2026-06-03T08:46:50.5846420Z x iPhoneOS14.5.sdk/System/Library/Frameworks/CoreML.framework/Headers/MLUpdateProgressEvent.h
2026-06-03T08:46:50.5846910Z x iPhoneOS14.5.sdk/System/Library/Frameworks/CoreML.framework/Headers/MLImageSize.h
2026-06-03T08:46:50.5847340Z x iPhoneOS14.5.sdk/System/Library/Frameworks/CoreML.framework/Headers/MLTask.h
2026-06-03T08:46:50.5847830Z x iPhoneOS14.5.sdk/System/Library/Frameworks/CoreML.framework/Headers/MLMultiArrayShapeConstraintType.h
2026-06-03T08:46:50.5848380Z x iPhoneOS14.5.sdk/System/Library/Frameworks/CoreML.framework/Headers/MLImageSizeConstraint.h
2026-06-03T08:46:50.5848860Z x iPhoneOS14.5.sdk/System/Library/Frameworks/CoreML.framework/Headers/MLFeatureType.h
2026-06-03T08:46:50.5849640Z x iPhoneOS14.5.sdk/System/Library/Frameworks/CoreML.framework/Headers/MLMetricKey.h
2026-06-03T08:46:50.5850210Z x iPhoneOS14.5.sdk/System/Library/Frameworks/CoreML.framework/Headers/MLModelConfiguration.h
2026-06-03T08:46:50.5850720Z x iPhoneOS14.5.sdk/System/Library/Frameworks/CoreML.framework/Headers/MLModelDescription.h
2026-06-03T08:46:50.5851230Z x iPhoneOS14.5.sdk/System/Library/Frameworks/CoreML.framework/Headers/MLParameterDescription.h
2026-06-03T08:46:50.5851700Z x iPhoneOS14.5.sdk/System/Library/Frameworks/CoreML.framework/Headers/MLModel.h
2026-06-03T08:46:50.5852160Z x iPhoneOS14.5.sdk/System/Library/Frameworks/CoreML.framework/Headers/MLModelMetadataKeys.h
2026-06-03T08:46:50.5852700Z x iPhoneOS14.5.sdk/System/Library/Frameworks/CoreML.framework/Headers/CoreML.h
2026-06-03T08:46:50.5853130Z x iPhoneOS14.5.sdk/System/Library/Frameworks/CoreML.framework/Headers/MLSequence.h
2026-06-03T08:46:50.5853610Z x iPhoneOS14.5.sdk/System/Library/Frameworks/CoreML.framework/Headers/MLMultiArrayConstraint.h
2026-06-03T08:46:50.5854120Z x iPhoneOS14.5.sdk/System/Library/Frameworks/CoreML.framework/Headers/MLModelCollection.h
2026-06-03T08:46:50.5854660Z x iPhoneOS14.5.sdk/System/Library/Frameworks/CoreML.framework/Headers/MLCustomLayer.h
2026-06-03T08:46:50.5855140Z x iPhoneOS14.5.sdk/System/Library/Frameworks/CoreML.framework/Headers/MLFeatureProvider.h
2026-06-03T08:46:50.5855610Z x iPhoneOS14.5.sdk/System/Library/Frameworks/CoreML.framework/Headers/MLFeatureValue.h
2026-06-03T08:46:50.5856080Z x iPhoneOS14.5.sdk/System/Library/Frameworks/CoreML.framework/Headers/MLCustomModel.h
2026-06-03T08:46:50.5856530Z x iPhoneOS14.5.sdk/System/Library/Frameworks/CoreML.framework/Headers/CoreML.apinotes
2026-06-03T08:46:50.5857740Z x iPhoneOS14.5.sdk/System/Library/Frameworks/CoreML.framework/Headers/MLSequenceConstraint.h
2026-06-03T08:46:50.5858350Z x iPhoneOS14.5.sdk/System/Library/Frameworks/CoreML.framework/Headers/MLUpdateTask.h
2026-06-03T08:46:50.5858850Z x iPhoneOS14.5.sdk/System/Library/Frameworks/CoreML.framework/Headers/MLUpdateProgressHandlers.h
2026-06-03T08:46:50.5859450Z x iPhoneOS14.5.sdk/System/Library/Frameworks/CoreML.framework/Headers/MLImageConstraint.h
2026-06-03T08:46:50.5859950Z x iPhoneOS14.5.sdk/System/Library/Frameworks/CoreML.framework/Headers/MLDictionaryConstraint.h
2026-06-03T08:46:50.5860540Z x iPhoneOS14.5.sdk/System/Library/Frameworks/CoreML.framework/Headers/MLFeatureDescription.h
2026-06-03T08:46:50.5861000Z x iPhoneOS14.5.sdk/System/Library/Frameworks/CoreML.framework/Headers/MLExport.h
2026-06-03T08:46:50.5861510Z x iPhoneOS14.5.sdk/System/Library/Frameworks/CoreML.framework/Headers/MLWritable.h
2026-06-03T08:46:50.5862020Z x iPhoneOS14.5.sdk/System/Library/Frameworks/CoreML.framework/Headers/MLDictionaryFeatureProvider.h
2026-06-03T08:46:50.5863320Z x iPhoneOS14.5.sdk/System/Library/Frameworks/CoreML.framework/Headers/MLBatchProvider.h
2026-06-03T08:46:50.5863820Z x iPhoneOS14.5.sdk/System/Library/Frameworks/CoreML.framework/Headers/MLModelCollectionEntry.h
2026-06-03T08:46:50.5864380Z x iPhoneOS14.5.sdk/System/Library/Frameworks/CoreML.framework/Headers/MLFeatureValue+MLImageConversion.h
2026-06-03T08:46:50.5865020Z x iPhoneOS14.5.sdk/System/Library/Frameworks/CoreML.framework/Headers/MLNumericConstraint.h
2026-06-03T08:46:50.5865530Z x iPhoneOS14.5.sdk/System/Library/Frameworks/CoreML.framework/Headers/MLPredictionOptions.h
2026-06-03T08:46:50.5865990Z x iPhoneOS14.5.sdk/System/Library/Frameworks/CoreML.framework/Headers/MLKey.h
2026-06-03T08:46:50.5866460Z x iPhoneOS14.5.sdk/System/Library/Frameworks/CoreML.framework/Headers/MLImageSizeConstraintType.h
2026-06-03T08:46:50.5867050Z x iPhoneOS14.5.sdk/System/Library/Frameworks/CoreML.framework/Headers/MLUpdateContext.h
2026-06-03T08:46:50.5867510Z x iPhoneOS14.5.sdk/System/Library/Frameworks/CoreML.framework/Headers/MLMultiArray.h
2026-06-03T08:46:50.5867920Z x iPhoneOS14.5.sdk/System/Library/Frameworks/CoreML.framework/CoreML.tbd
2026-06-03T08:46:50.5868280Z x iPhoneOS14.5.sdk/System/Library/Frameworks/GLKit.framework/
2026-06-03T08:46:50.5868720Z x iPhoneOS14.5.sdk/System/Library/Frameworks/GLKit.framework/Modules/
2026-06-03T08:46:50.5869210Z x iPhoneOS14.5.sdk/System/Library/Frameworks/GLKit.framework/Modules/module.modulemap
2026-06-03T08:46:50.5869630Z x iPhoneOS14.5.sdk/System/Library/Frameworks/GLKit.framework/Headers/
2026-06-03T08:46:50.5870020Z x iPhoneOS14.5.sdk/System/Library/Frameworks/GLKit.framework/Headers/GLKVector2.h
2026-06-03T08:46:50.5870520Z x iPhoneOS14.5.sdk/System/Library/Frameworks/GLKit.framework/Headers/GLKView.h
2026-06-03T08:46:50.5870990Z x iPhoneOS14.5.sdk/System/Library/Frameworks/GLKit.framework/Headers/GLKTextureLoader.h
2026-06-03T08:46:50.5872200Z x iPhoneOS14.5.sdk/System/Library/Frameworks/GLKit.framework/Headers/GLKReflectionMapEffect.h
2026-06-03T08:46:50.5872770Z x iPhoneOS14.5.sdk/System/Library/Frameworks/GLKit.framework/Headers/GLKViewController.h
2026-06-03T08:46:50.5873230Z x iPhoneOS14.5.sdk/System/Library/Frameworks/GLKit.framework/Headers/GLKMatrix3.h
2026-06-03T08:46:50.5873750Z x iPhoneOS14.5.sdk/System/Library/Frameworks/GLKit.framework/Headers/GLKit.apinotes
2026-06-03T08:46:50.5874200Z x iPhoneOS14.5.sdk/System/Library/Frameworks/GLKit.framework/Headers/GLKMatrixStack.h
2026-06-03T08:46:50.5874650Z x iPhoneOS14.5.sdk/System/Library/Frameworks/GLKit.framework/Headers/GLKMathTypes.h
2026-06-03T08:46:50.5875100Z x iPhoneOS14.5.sdk/System/Library/Frameworks/GLKit.framework/Headers/GLKQuaternion.h
2026-06-03T08:46:50.5875550Z x iPhoneOS14.5.sdk/System/Library/Frameworks/GLKit.framework/Headers/GLKNamedEffect.h
2026-06-03T08:46:50.5875990Z x iPhoneOS14.5.sdk/System/Library/Frameworks/GLKit.framework/Headers/GLKVector4.h
2026-06-03T08:46:50.5876410Z x iPhoneOS14.5.sdk/System/Library/Frameworks/GLKit.framework/Headers/GLKEffects.h
2026-06-03T08:46:50.5876890Z x iPhoneOS14.5.sdk/System/Library/Frameworks/GLKit.framework/Headers/GLKEffectPropertyMaterial.h
2026-06-03T08:46:50.5877380Z x iPhoneOS14.5.sdk/System/Library/Frameworks/GLKit.framework/Headers/GLKSkyboxEffect.h
2026-06-03T08:46:50.5877950Z x iPhoneOS14.5.sdk/System/Library/Frameworks/GLKit.framework/Headers/GLKEffectPropertyFog.h
2026-06-03T08:46:50.5878410Z x iPhoneOS14.5.sdk/System/Library/Frameworks/GLKit.framework/Headers/GLKMath.h
2026-06-03T08:46:50.5878910Z x iPhoneOS14.5.sdk/System/Library/Frameworks/GLKit.framework/Headers/GLKModel.h
2026-06-03T08:46:50.5879320Z x iPhoneOS14.5.sdk/System/Library/Frameworks/GLKit.framework/Headers/GLKit.h
2026-06-03T08:46:50.5879740Z x iPhoneOS14.5.sdk/System/Library/Frameworks/GLKit.framework/Headers/GLKMathUtils.h
2026-06-03T08:46:50.5880980Z x iPhoneOS14.5.sdk/System/Library/Frameworks/GLKit.framework/Headers/GLKEffectPropertyTransform.h
2026-06-03T08:46:50.5881540Z x iPhoneOS14.5.sdk/System/Library/Frameworks/GLKit.framework/Headers/GLKEffectPropertyLight.h
2026-06-03T08:46:50.5882040Z x iPhoneOS14.5.sdk/System/Library/Frameworks/GLKit.framework/Headers/GLKBaseEffect.h
2026-06-03T08:46:50.5882500Z x iPhoneOS14.5.sdk/System/Library/Frameworks/GLKit.framework/Headers/GLKVector3.h
2026-06-03T08:46:50.5882970Z x iPhoneOS14.5.sdk/System/Library/Frameworks/GLKit.framework/Headers/GLKEffectProperty.h
2026-06-03T08:46:50.5883530Z x iPhoneOS14.5.sdk/System/Library/Frameworks/GLKit.framework/Headers/GLKMatrix4.h
2026-06-03T08:46:50.5884020Z x iPhoneOS14.5.sdk/System/Library/Frameworks/GLKit.framework/Headers/GLKEffectPropertyTexture.h
2026-06-03T08:46:50.5884500Z x iPhoneOS14.5.sdk/System/Library/Frameworks/GLKit.framework/Headers/GLKitBase.h
2026-06-03T08:46:50.5884890Z x iPhoneOS14.5.sdk/System/Library/Frameworks/GLKit.framework/GLKit.tbd
2026-06-03T08:46:50.5885240Z x iPhoneOS14.5.sdk/System/Library/Frameworks/CallKit.framework/
2026-06-03T08:46:50.5885600Z x iPhoneOS14.5.sdk/System/Library/Frameworks/CallKit.framework/Modules/
2026-06-03T08:46:50.5886020Z x iPhoneOS14.5.sdk/System/Library/Frameworks/CallKit.framework/Modules/module.modulemap
2026-06-03T08:46:50.5886450Z x iPhoneOS14.5.sdk/System/Library/Frameworks/CallKit.framework/CallKit.tbd
2026-06-03T08:46:50.5886960Z x iPhoneOS14.5.sdk/System/Library/Frameworks/CallKit.framework/Headers/
2026-06-03T08:46:50.5887390Z x iPhoneOS14.5.sdk/System/Library/Frameworks/CallKit.framework/Headers/CXCallController.h
2026-06-03T08:46:50.5887920Z x iPhoneOS14.5.sdk/System/Library/Frameworks/CallKit.framework/Headers/CXCallDirectoryManager.h
2026-06-03T08:46:50.5888440Z x iPhoneOS14.5.sdk/System/Library/Frameworks/CallKit.framework/Headers/CXPlayDTMFCallAction.h
2026-06-03T08:46:50.5888950Z x iPhoneOS14.5.sdk/System/Library/Frameworks/CallKit.framework/Headers/CXSetGroupCallAction.h
2026-06-03T08:46:50.5889470Z x iPhoneOS14.5.sdk/System/Library/Frameworks/CallKit.framework/Headers/CXProviderConfiguration.h
2026-06-03T08:46:50.5890060Z x iPhoneOS14.5.sdk/System/Library/Frameworks/CallKit.framework/Headers/CXSetMutedCallAction.h
2026-06-03T08:46:50.5890730Z x iPhoneOS14.5.sdk/System/Library/Frameworks/CallKit.framework/Headers/CallKit.apinotes
2026-06-03T08:46:50.5891230Z x iPhoneOS14.5.sdk/System/Library/Frameworks/CallKit.framework/Headers/CXCallDirectoryProvider.h
2026-06-03T08:46:50.5891750Z x iPhoneOS14.5.sdk/System/Library/Frameworks/CallKit.framework/Headers/CXAnswerCallAction.h
2026-06-03T08:46:50.5892220Z x iPhoneOS14.5.sdk/System/Library/Frameworks/CallKit.framework/Headers/CXAction.h
2026-06-03T08:46:50.5892660Z x iPhoneOS14.5.sdk/System/Library/Frameworks/CallKit.framework/Headers/CXProvider.h
2026-06-03T08:46:50.5893100Z x iPhoneOS14.5.sdk/System/Library/Frameworks/CallKit.framework/Headers/CXHandle.h
2026-06-03T08:46:50.5893520Z x iPhoneOS14.5.sdk/System/Library/Frameworks/CallKit.framework/Headers/CXError.h
2026-06-03T08:46:50.5893960Z x iPhoneOS14.5.sdk/System/Library/Frameworks/CallKit.framework/Headers/CXCallAction.h
2026-06-03T08:46:50.5894420Z x iPhoneOS14.5.sdk/System/Library/Frameworks/CallKit.framework/Headers/CXCallUpdate.h
2026-06-03T08:46:50.5894940Z x iPhoneOS14.5.sdk/System/Library/Frameworks/CallKit.framework/Headers/CXCallDirectoryExtensionContext.h
2026-06-03T08:46:50.5895440Z x iPhoneOS14.5.sdk/System/Library/Frameworks/CallKit.framework/Headers/CallKit.h
2026-06-03T08:46:50.5895890Z x iPhoneOS14.5.sdk/System/Library/Frameworks/CallKit.framework/Headers/CXTransaction.h
2026-06-03T08:46:50.5896340Z x iPhoneOS14.5.sdk/System/Library/Frameworks/CallKit.framework/Headers/CXBase.h
2026-06-03T08:46:50.5896790Z x iPhoneOS14.5.sdk/System/Library/Frameworks/CallKit.framework/Headers/CXStartCallAction.h
2026-06-03T08:46:50.5897350Z x iPhoneOS14.5.sdk/System/Library/Frameworks/CallKit.framework/Headers/CXEndCallAction.h
2026-06-03T08:46:50.5897880Z x iPhoneOS14.5.sdk/System/Library/Frameworks/CallKit.framework/Headers/CXCallObserver.h
2026-06-03T08:46:50.5898360Z x iPhoneOS14.5.sdk/System/Library/Frameworks/CallKit.framework/Headers/CXCallDirectory.h
2026-06-03T08:46:50.5898810Z x iPhoneOS14.5.sdk/System/Library/Frameworks/CallKit.framework/Headers/CXCall.h
2026-06-03T08:46:50.5899270Z x iPhoneOS14.5.sdk/System/Library/Frameworks/CallKit.framework/Headers/CXSetHeldCallAction.h
2026-06-03T08:46:50.5899710Z x iPhoneOS14.5.sdk/System/Library/Frameworks/CoreSpotlight.framework/
2026-06-03T08:46:50.5900100Z x iPhoneOS14.5.sdk/System/Library/Frameworks/CoreSpotlight.framework/Modules/
2026-06-03T08:46:50.5900710Z x iPhoneOS14.5.sdk/System/Library/Frameworks/CoreSpotlight.framework/Modules/module.modulemap
2026-06-03T08:46:50.5901340Z x iPhoneOS14.5.sdk/System/Library/Frameworks/CoreSpotlight.framework/Headers/
2026-06-03T08:46:50.5901780Z x iPhoneOS14.5.sdk/System/Library/Frameworks/CoreSpotlight.framework/Headers/CSPerson.h
2026-06-03T08:46:50.5902350Z x iPhoneOS14.5.sdk/System/Library/Frameworks/CoreSpotlight.framework/Headers/CSSearchableItemAttributeSet_Events.h
2026-06-03T08:46:50.5902980Z x iPhoneOS14.5.sdk/System/Library/Frameworks/CoreSpotlight.framework/Headers/CSSearchableItemAttributeSet.h
2026-06-03T08:46:50.5903560Z x iPhoneOS14.5.sdk/System/Library/Frameworks/CoreSpotlight.framework/Headers/CSSearchableIndex.h
2026-06-03T08:46:50.5904080Z x iPhoneOS14.5.sdk/System/Library/Frameworks/CoreSpotlight.framework/Headers/CoreSpotlight.h
2026-06-03T08:46:50.5904770Z x iPhoneOS14.5.sdk/System/Library/Frameworks/CoreSpotlight.framework/Headers/CSSearchableItemAttributeSet_General.h
2026-06-03T08:46:50.5905420Z x iPhoneOS14.5.sdk/System/Library/Frameworks/CoreSpotlight.framework/Headers/CSIndexExtensionRequestHandler.h
2026-06-03T08:46:50.5906000Z x iPhoneOS14.5.sdk/System/Library/Frameworks/CoreSpotlight.framework/Headers/CSSearchableItem.h
2026-06-03T08:46:50.5906600Z x iPhoneOS14.5.sdk/System/Library/Frameworks/CoreSpotlight.framework/Headers/CSSearchableItemAttributeSet_Messaging.h
2026-06-03T08:46:50.5907210Z x iPhoneOS14.5.sdk/System/Library/Frameworks/CoreSpotlight.framework/Headers/CoreSpotlight.apinotes
2026-06-03T08:46:50.5907820Z x iPhoneOS14.5.sdk/System/Library/Frameworks/CoreSpotlight.framework/Headers/CSSearchableItemAttributeSet_Images.h
2026-06-03T08:46:50.5908390Z x iPhoneOS14.5.sdk/System/Library/Frameworks/CoreSpotlight.framework/Headers/CSSearchQuery.h
2026-06-03T08:46:50.5908990Z x iPhoneOS14.5.sdk/System/Library/Frameworks/CoreSpotlight.framework/Headers/CSSearchableItemAttributeSet_Places.h
2026-06-03T08:46:50.5909670Z x iPhoneOS14.5.sdk/System/Library/Frameworks/CoreSpotlight.framework/Headers/CSSearchableItemAttributeSet_Categories.h
2026-06-03T08:46:50.5910240Z x iPhoneOS14.5.sdk/System/Library/Frameworks/CoreSpotlight.framework/Headers/CSBase.h
2026-06-03T08:46:50.5910810Z x iPhoneOS14.5.sdk/System/Library/Frameworks/CoreSpotlight.framework/Headers/CSSearchableItemAttributeSet_Media.h
2026-06-03T08:46:50.5911460Z x iPhoneOS14.5.sdk/System/Library/Frameworks/CoreSpotlight.framework/Headers/CSSearchableItemAttributeSet_Documents.h
2026-06-03T08:46:50.5912030Z x iPhoneOS14.5.sdk/System/Library/Frameworks/CoreSpotlight.framework/CoreSpotlight.tbd
2026-06-03T08:46:50.5912450Z x iPhoneOS14.5.sdk/System/Library/Frameworks/AVFAudio.framework/
2026-06-03T08:46:50.5912800Z x iPhoneOS14.5.sdk/System/Library/Frameworks/AVFAudio.framework/Modules/
2026-06-03T08:46:50.5913220Z x iPhoneOS14.5.sdk/System/Library/Frameworks/AVFAudio.framework/Modules/module.modulemap
2026-06-03T08:46:50.5913650Z x iPhoneOS14.5.sdk/System/Library/Frameworks/AVFAudio.framework/Headers/
2026-06-03T08:46:50.5914070Z x iPhoneOS14.5.sdk/System/Library/Frameworks/AVFAudio.framework/Headers/AVAudioPlayer.h
2026-06-03T08:46:50.5914770Z x iPhoneOS14.5.sdk/System/Library/Frameworks/AVFAudio.framework/Headers/AVAudioMixerNode.h
2026-06-03T08:46:50.5915280Z x iPhoneOS14.5.sdk/System/Library/Frameworks/AVFAudio.framework/Headers/AVAudioSessionTypes.h
2026-06-03T08:46:50.5915770Z x iPhoneOS14.5.sdk/System/Library/Frameworks/AVFAudio.framework/Headers/AVAudioMixing.h
2026-06-03T08:46:50.5916320Z x iPhoneOS14.5.sdk/System/Library/Frameworks/AVFAudio.framework/Headers/AVAudioUnitGenerator.h
2026-06-03T08:46:50.5916820Z x iPhoneOS14.5.sdk/System/Library/Frameworks/AVFAudio.framework/Headers/AVAudioSession.h
2026-06-03T08:46:50.5917330Z x iPhoneOS14.5.sdk/System/Library/Frameworks/AVFAudio.framework/Headers/AVAudioUnitMIDIInstrument.h
2026-06-03T08:46:50.5917860Z x iPhoneOS14.5.sdk/System/Library/Frameworks/AVFAudio.framework/Headers/AVAudioUnitDelay.h
2026-06-03T08:46:50.5918410Z x iPhoneOS14.5.sdk/System/Library/Frameworks/AVFAudio.framework/Headers/AVAudioUnit.h
2026-06-03T08:46:50.5918890Z x iPhoneOS14.5.sdk/System/Library/Frameworks/AVFAudio.framework/Headers/AVAudioSettings.h
2026-06-03T08:46:50.5919380Z x iPhoneOS14.5.sdk/System/Library/Frameworks/AVFAudio.framework/Headers/AVAudioPlayerNode.h
2026-06-03T08:46:50.5919900Z x iPhoneOS14.5.sdk/System/Library/Frameworks/AVFAudio.framework/Headers/AVAudioEnvironmentNode.h
2026-06-03T08:46:50.5920390Z x iPhoneOS14.5.sdk/System/Library/Frameworks/AVFAudio.framework/Headers/AVAudioTypes.h
2026-06-03T08:46:50.5920890Z x iPhoneOS14.5.sdk/System/Library/Frameworks/AVFAudio.framework/Headers/AVAudioConnectionPoint.h
2026-06-03T08:46:50.5921410Z x iPhoneOS14.5.sdk/System/Library/Frameworks/AVFAudio.framework/Headers/AVAudioUnitTimeEffect.h
2026-06-03T08:46:50.5921930Z x iPhoneOS14.5.sdk/System/Library/Frameworks/AVFAudio.framework/Headers/AVAudioUnitDistortion.h
2026-06-03T08:46:50.5922520Z x iPhoneOS14.5.sdk/System/Library/Frameworks/AVFAudio.framework/Headers/AVMIDIPlayer.h
2026-06-03T08:46:50.5923020Z x iPhoneOS14.5.sdk/System/Library/Frameworks/AVFAudio.framework/Headers/AVAudioSessionRoute.h
2026-06-03T08:46:50.5923510Z x iPhoneOS14.5.sdk/System/Library/Frameworks/AVFAudio.framework/Headers/AVAudioFile.h
2026-06-03T08:46:50.5923970Z x iPhoneOS14.5.sdk/System/Library/Frameworks/AVFAudio.framework/Headers/AVAudioUnitEQ.h
2026-06-03T08:46:50.5924470Z x iPhoneOS14.5.sdk/System/Library/Frameworks/AVFAudio.framework/Headers/AVAudioSourceNode.h
2026-06-03T08:46:50.5925860Z x iPhoneOS14.5.sdk/System/Library/Frameworks/AVFAudio.framework/Headers/AVFAudio.apinotes
2026-06-03T08:46:50.5926330Z x iPhoneOS14.5.sdk/System/Library/Frameworks/AVFAudio.framework/Headers/AVAudioEngine.h
2026-06-03T08:46:50.5926810Z x iPhoneOS14.5.sdk/System/Library/Frameworks/AVFAudio.framework/Headers/AVAudioConverter.h
2026-06-03T08:46:50.5927290Z x iPhoneOS14.5.sdk/System/Library/Frameworks/AVFAudio.framework/Headers/AVAudioBuffer.h
2026-06-03T08:46:50.5927760Z x iPhoneOS14.5.sdk/System/Library/Frameworks/AVFAudio.framework/Headers/AVAudioNode.h
2026-06-03T08:46:50.5928230Z x iPhoneOS14.5.sdk/System/Library/Frameworks/AVFAudio.framework/Headers/AVAudioSinkNode.h
2026-06-03T08:46:50.5928710Z x iPhoneOS14.5.sdk/System/Library/Frameworks/AVFAudio.framework/Headers/AVAudioUnitReverb.h
2026-06-03T08:46:50.5929190Z x iPhoneOS14.5.sdk/System/Library/Frameworks/AVFAudio.framework/Headers/AVAudioIONode.h
2026-06-03T08:46:50.5929670Z x iPhoneOS14.5.sdk/System/Library/Frameworks/AVFAudio.framework/Headers/AVAudioRecorder.h
2026-06-03T08:46:50.5930130Z x iPhoneOS14.5.sdk/System/Library/Frameworks/AVFAudio.framework/Headers/AVAudioFormat.h
2026-06-03T08:46:50.5930640Z x iPhoneOS14.5.sdk/System/Library/Frameworks/AVFAudio.framework/Headers/AVAudioSessionDeprecated.h
2026-06-03T08:46:50.5931180Z x iPhoneOS14.5.sdk/System/Library/Frameworks/AVFAudio.framework/Headers/AVAudioUnitTimePitch.h
2026-06-03T08:46:50.5931690Z x iPhoneOS14.5.sdk/System/Library/Frameworks/AVFAudio.framework/Headers/AVAudioUnitComponent.h
2026-06-03T08:46:50.5932180Z x iPhoneOS14.5.sdk/System/Library/Frameworks/AVFAudio.framework/Headers/AVAudioTime.h
2026-06-03T08:46:50.5932670Z x iPhoneOS14.5.sdk/System/Library/Frameworks/AVFAudio.framework/Headers/AVAudioChannelLayout.h
2026-06-03T08:46:50.5933180Z x iPhoneOS14.5.sdk/System/Library/Frameworks/AVFAudio.framework/Headers/AVSpeechSynthesis.h
2026-06-03T08:46:50.5933670Z x iPhoneOS14.5.sdk/System/Library/Frameworks/AVFAudio.framework/Headers/AVAudioSequencer.h
2026-06-03T08:46:50.5934140Z x iPhoneOS14.5.sdk/System/Library/Frameworks/AVFAudio.framework/Headers/AVFAudio.h
2026-06-03T08:46:50.5934600Z x iPhoneOS14.5.sdk/System/Library/Frameworks/AVFAudio.framework/Headers/AVAudioUnitEffect.h
2026-06-03T08:46:50.5935110Z x iPhoneOS14.5.sdk/System/Library/Frameworks/AVFAudio.framework/Headers/AVAudioUnitVarispeed.h
2026-06-03T08:46:50.5935640Z x iPhoneOS14.5.sdk/System/Library/Frameworks/AVFAudio.framework/Headers/AVAudioUnitSampler.h
2026-06-03T08:46:50.5936300Z x iPhoneOS14.5.sdk/System/Library/Frameworks/AVFAudio.framework/AVFAudio.tbd
2026-06-03T08:46:50.5936700Z x iPhoneOS14.5.sdk/System/Library/Frameworks/VideoToolbox.framework/
2026-06-03T08:46:50.5937090Z x iPhoneOS14.5.sdk/System/Library/Frameworks/VideoToolbox.framework/Modules/
2026-06-03T08:46:50.5937540Z x iPhoneOS14.5.sdk/System/Library/Frameworks/VideoToolbox.framework/Modules/module.modulemap
2026-06-03T08:46:50.5937990Z x iPhoneOS14.5.sdk/System/Library/Frameworks/VideoToolbox.framework/Headers/
2026-06-03T08:46:50.5938600Z x iPhoneOS14.5.sdk/System/Library/Frameworks/VideoToolbox.framework/Headers/VTDecompressionSession.h
2026-06-03T08:46:50.5939140Z x iPhoneOS14.5.sdk/System/Library/Frameworks/VideoToolbox.framework/Headers/VideoToolbox.h
2026-06-03T08:46:50.5939650Z x iPhoneOS14.5.sdk/System/Library/Frameworks/VideoToolbox.framework/Headers/VideoToolbox.apinotes
2026-06-03T08:46:50.5940300Z x iPhoneOS14.5.sdk/System/Library/Frameworks/VideoToolbox.framework/Headers/VTCompressionSession.h
2026-06-03T08:46:50.5940860Z x iPhoneOS14.5.sdk/System/Library/Frameworks/VideoToolbox.framework/Headers/VTPixelTransferProperties.h
2026-06-03T08:46:50.5941410Z x iPhoneOS14.5.sdk/System/Library/Frameworks/VideoToolbox.framework/Headers/VTBase.h
2026-06-03T08:46:50.5941940Z x iPhoneOS14.5.sdk/System/Library/Frameworks/VideoToolbox.framework/Headers/VTSession.h
2026-06-03T08:46:50.5942450Z x iPhoneOS14.5.sdk/System/Library/Frameworks/VideoToolbox.framework/Headers/VTMultiPassStorage.h
2026-06-03T08:46:50.5943010Z x iPhoneOS14.5.sdk/System/Library/Frameworks/VideoToolbox.framework/Headers/VTDecompressionProperties.h
2026-06-03T08:46:50.5943570Z x iPhoneOS14.5.sdk/System/Library/Frameworks/VideoToolbox.framework/Headers/VTFrameSilo.h
2026-06-03T08:46:50.5944100Z x iPhoneOS14.5.sdk/System/Library/Frameworks/VideoToolbox.framework/Headers/VTCompressionProperties.h
2026-06-03T08:46:50.5944650Z x iPhoneOS14.5.sdk/System/Library/Frameworks/VideoToolbox.framework/Headers/VTVideoEncoderList.h
2026-06-03T08:46:50.5945780Z x iPhoneOS14.5.sdk/System/Library/Frameworks/VideoToolbox.framework/Headers/VTErrors.h
2026-06-03T08:46:50.5946270Z x iPhoneOS14.5.sdk/System/Library/Frameworks/VideoToolbox.framework/Headers/VTUtilities.h
2026-06-03T08:46:50.5946750Z x iPhoneOS14.5.sdk/System/Library/Frameworks/VideoToolbox.framework/VideoToolbox.tbd
2026-06-03T08:46:50.5947180Z x iPhoneOS14.5.sdk/System/Library/Frameworks/SystemConfiguration.framework/
2026-06-03T08:46:50.5947620Z x iPhoneOS14.5.sdk/System/Library/Frameworks/SystemConfiguration.framework/Modules/
2026-06-03T08:46:50.5948120Z x iPhoneOS14.5.sdk/System/Library/Frameworks/SystemConfiguration.framework/Modules/module.modulemap
2026-06-03T08:46:50.5948630Z x iPhoneOS14.5.sdk/System/Library/Frameworks/SystemConfiguration.framework/Headers/
2026-06-03T08:46:50.5949160Z x iPhoneOS14.5.sdk/System/Library/Frameworks/SystemConfiguration.framework/Headers/SCNetworkConfiguration.h
2026-06-03T08:46:50.5949770Z x iPhoneOS14.5.sdk/System/Library/Frameworks/SystemConfiguration.framework/Headers/SystemConfiguration.h
2026-06-03T08:46:50.5950450Z x iPhoneOS14.5.sdk/System/Library/Frameworks/SystemConfiguration.framework/Headers/SCSchemaDefinitions.h
2026-06-03T08:46:50.5951070Z x iPhoneOS14.5.sdk/System/Library/Frameworks/SystemConfiguration.framework/Headers/SCDynamicStoreCopyDHCPInfo.h
2026-06-03T08:46:50.5951780Z x iPhoneOS14.5.sdk/System/Library/Frameworks/SystemConfiguration.framework/Headers/SCNetworkReachability.h
2026-06-03T08:46:50.5952460Z x iPhoneOS14.5.sdk/System/Library/Frameworks/SystemConfiguration.framework/Headers/SCDynamicStoreKey.h
2026-06-03T08:46:50.5953020Z x iPhoneOS14.5.sdk/System/Library/Frameworks/SystemConfiguration.framework/Headers/SCDynamicStore.h
2026-06-03T08:46:50.5953270Z x iPhoneOS14.5.sdk/System/Library/Frameworks/SystemConfiguration.framework/Headers/SCPreferencesPath.h
2026-06-03T08:46:50.5953640Z x iPhoneOS14.5.sdk/System/Library/Frameworks/SystemConfiguration.framework/Headers/SCDynamicStoreCopySpecific.h
2026-06-03T08:46:50.5953950Z x iPhoneOS14.5.sdk/System/Library/Frameworks/SystemConfiguration.framework/Headers/SCNetwork.h
2026-06-03T08:46:50.5954200Z x iPhoneOS14.5.sdk/System/Library/Frameworks/SystemConfiguration.framework/Headers/CaptiveNetwork.h
2026-06-03T08:46:50.5954470Z x iPhoneOS14.5.sdk/System/Library/Frameworks/SystemConfiguration.framework/Headers/SCPreferences.h
2026-06-03T08:46:50.5954730Z x iPhoneOS14.5.sdk/System/Library/Frameworks/SystemConfiguration.framework/Headers/SCNetworkConnection.h
2026-06-03T08:46:50.5955150Z x iPhoneOS14.5.sdk/System/Library/Frameworks/SystemConfiguration.framework/Headers/SCPreferencesSetSpecific.h
2026-06-03T08:46:50.5955420Z x iPhoneOS14.5.sdk/System/Library/Frameworks/SystemConfiguration.framework/Headers/DHCPClientPreferences.h
2026-06-03T08:46:50.5955670Z x iPhoneOS14.5.sdk/System/Library/Frameworks/SystemConfiguration.framework/SystemConfiguration.tbd
2026-06-03T08:46:50.5955910Z x iPhoneOS14.5.sdk/System/Library/Frameworks/MetalPerformanceShaders.framework/
2026-06-03T08:46:50.5963460Z x iPhoneOS14.5.sdk/System/Library/Frameworks/MetalPerformanceShaders.framework/Modules/
2026-06-03T08:46:50.5963740Z x iPhoneOS14.5.sdk/System/Library/Frameworks/MetalPerformanceShaders.framework/Modules/module.modulemap
2026-06-03T08:46:50.5963960Z x iPhoneOS14.5.sdk/System/Library/Frameworks/MetalPerformanceShaders.framework/Frameworks/
2026-06-03T08:46:50.5964240Z x iPhoneOS14.5.sdk/System/Library/Frameworks/MetalPerformanceShaders.framework/Frameworks/MPSNDArray.framework/
2026-06-03T08:46:50.5964540Z x iPhoneOS14.5.sdk/System/Library/Frameworks/MetalPerformanceShaders.framework/Frameworks/MPSNDArray.framework/Modules/
2026-06-03T08:46:50.5964890Z x iPhoneOS14.5.sdk/System/Library/Frameworks/MetalPerformanceShaders.framework/Frameworks/MPSNDArray.framework/Modules/module.modulemap
2026-06-03T08:46:50.5965200Z x iPhoneOS14.5.sdk/System/Library/Frameworks/MetalPerformanceShaders.framework/Frameworks/MPSNDArray.framework/Headers/
2026-06-03T08:46:50.5965700Z x iPhoneOS14.5.sdk/System/Library/Frameworks/MetalPerformanceShaders.framework/Frameworks/MPSNDArray.framework/Headers/MPSNDArrayMatrixMultiplication.h
2026-06-03T08:46:50.5966090Z x iPhoneOS14.5.sdk/System/Library/Frameworks/MetalPerformanceShaders.framework/Frameworks/MPSNDArray.framework/Headers/MPSNDArrayStridedSlice.h
2026-06-03T08:46:50.5967450Z x iPhoneOS14.5.sdk/System/Library/Frameworks/MetalPerformanceShaders.framework/Frameworks/MPSNDArray.framework/Headers/MPSNDArrayGradientState.h
2026-06-03T08:46:50.5967840Z x iPhoneOS14.5.sdk/System/Library/Frameworks/MetalPerformanceShaders.framework/Frameworks/MPSNDArray.framework/Headers/MPSNDArrayTypes.h
2026-06-03T08:46:50.5968210Z x iPhoneOS14.5.sdk/System/Library/Frameworks/MetalPerformanceShaders.framework/Frameworks/MPSNDArray.framework/Headers/MPSNDArrayGather.h
2026-06-03T08:46:50.5968550Z x iPhoneOS14.5.sdk/System/Library/Frameworks/MetalPerformanceShaders.framework/Frameworks/MPSNDArray.framework/Headers/MPSNDArray.h
2026-06-03T08:46:50.5968930Z x iPhoneOS14.5.sdk/System/Library/Frameworks/MetalPerformanceShaders.framework/Frameworks/MPSNDArray.framework/Headers/MPSNDArrayKernel.h
2026-06-03T08:46:50.5969200Z x iPhoneOS14.5.sdk/System/Library/Frameworks/MetalPerformanceShaders.framework/Frameworks/MPSImage.framework/
2026-06-03T08:46:50.5969500Z x iPhoneOS14.5.sdk/System/Library/Frameworks/MetalPerformanceShaders.framework/Frameworks/MPSImage.framework/Modules/
2026-06-03T08:46:50.5969840Z x iPhoneOS14.5.sdk/System/Library/Frameworks/MetalPerformanceShaders.framework/Frameworks/MPSImage.framework/Modules/module.modulemap
2026-06-03T08:46:50.5970140Z x iPhoneOS14.5.sdk/System/Library/Frameworks/MetalPerformanceShaders.framework/Frameworks/MPSImage.framework/Headers/
2026-06-03T08:46:50.5970500Z x iPhoneOS14.5.sdk/System/Library/Frameworks/MetalPerformanceShaders.framework/Frameworks/MPSImage.framework/Headers/MPSImageConversion.h
2026-06-03T08:46:50.5970850Z x iPhoneOS14.5.sdk/System/Library/Frameworks/MetalPerformanceShaders.framework/Frameworks/MPSImage.framework/Headers/MPSImageThreshold.h
2026-06-03T08:46:50.5971320Z x iPhoneOS14.5.sdk/System/Library/Frameworks/MetalPerformanceShaders.framework/Frameworks/MPSImage.framework/Headers/MPSImageResampling.h
2026-06-03T08:46:50.5971660Z x iPhoneOS14.5.sdk/System/Library/Frameworks/MetalPerformanceShaders.framework/Frameworks/MPSImage.framework/Headers/MPSImageMedian.h
2026-06-03T08:46:50.5972000Z x iPhoneOS14.5.sdk/System/Library/Frameworks/MetalPerformanceShaders.framework/Frameworks/MPSImage.framework/Headers/MPSImageMath.h
2026-06-03T08:46:50.5972350Z x iPhoneOS14.5.sdk/System/Library/Frameworks/MetalPerformanceShaders.framework/Frameworks/MPSImage.framework/Headers/MPSImageIntegral.h
2026-06-03T08:46:50.5972700Z x iPhoneOS14.5.sdk/System/Library/Frameworks/MetalPerformanceShaders.framework/Frameworks/MPSImage.framework/Headers/MPSImageHistogram.h
2026-06-03T08:46:50.5973050Z x iPhoneOS14.5.sdk/System/Library/Frameworks/MetalPerformanceShaders.framework/Frameworks/MPSImage.framework/Headers/MPSImageMorphology.h
2026-06-03T08:46:50.5973480Z x iPhoneOS14.5.sdk/System/Library/Frameworks/MetalPerformanceShaders.framework/Frameworks/MPSImage.framework/Headers/MPSImage.h
2026-06-03T08:46:50.5973830Z x iPhoneOS14.5.sdk/System/Library/Frameworks/MetalPerformanceShaders.framework/Frameworks/MPSImage.framework/Headers/MPSImageReduce.h
2026-06-03T08:46:50.5974160Z x iPhoneOS14.5.sdk/System/Library/Frameworks/MetalPerformanceShaders.framework/Frameworks/MPSImage.framework/Headers/MPSImageKernel.h
2026-06-03T08:46:50.5974490Z x iPhoneOS14.5.sdk/System/Library/Frameworks/MetalPerformanceShaders.framework/Frameworks/MPSImage.framework/Headers/MPSImageTranspose.h
2026-06-03T08:46:50.5974860Z x iPhoneOS14.5.sdk/System/Library/Frameworks/MetalPerformanceShaders.framework/Frameworks/MPSImage.framework/Headers/MPSImageDistanceTransform.h
2026-06-03T08:46:50.5975310Z x iPhoneOS14.5.sdk/System/Library/Frameworks/MetalPerformanceShaders.framework/Frameworks/MPSImage.framework/Headers/MPSImageEDLines.h
2026-06-03T08:46:50.5975670Z x iPhoneOS14.5.sdk/System/Library/Frameworks/MetalPerformanceShaders.framework/Frameworks/MPSImage.framework/Headers/MPSImageStatistics.h
2026-06-03T08:46:50.5976030Z x iPhoneOS14.5.sdk/System/Library/Frameworks/MetalPerformanceShaders.framework/Frameworks/MPSImage.framework/Headers/MPSImageConvolution.h
2026-06-03T08:46:50.5976370Z x iPhoneOS14.5.sdk/System/Library/Frameworks/MetalPerformanceShaders.framework/Frameworks/MPSImage.framework/Headers/MPSImageKeypoint.h
2026-06-03T08:46:50.5976710Z x iPhoneOS14.5.sdk/System/Library/Frameworks/MetalPerformanceShaders.framework/Frameworks/MPSImage.framework/Headers/MPSImageTypes.h
2026-06-03T08:46:50.5977050Z x iPhoneOS14.5.sdk/System/Library/Frameworks/MetalPerformanceShaders.framework/Frameworks/MPSImage.framework/Headers/MPSImageCopy.h
2026-06-03T08:46:50.5977660Z x iPhoneOS14.5.sdk/System/Library/Frameworks/MetalPerformanceShaders.framework/Frameworks/MPSImage.framework/Headers/MPSImageGuidedFilter.h
2026-06-03T08:46:50.5977980Z x iPhoneOS14.5.sdk/System/Library/Frameworks/MetalPerformanceShaders.framework/Frameworks/MPSNeuralNetwork.framework/
2026-06-03T08:46:50.5978360Z x iPhoneOS14.5.sdk/System/Library/Frameworks/MetalPerformanceShaders.framework/Frameworks/MPSNeuralNetwork.framework/Modules/
2026-06-03T08:46:50.5978740Z x iPhoneOS14.5.sdk/System/Library/Frameworks/MetalPerformanceShaders.framework/Frameworks/MPSNeuralNetwork.framework/Modules/module.modulemap
2026-06-03T08:46:50.5979060Z x iPhoneOS14.5.sdk/System/Library/Frameworks/MetalPerformanceShaders.framework/Frameworks/MPSNeuralNetwork.framework/Headers/
2026-06-03T08:46:50.5979460Z x iPhoneOS14.5.sdk/System/Library/Frameworks/MetalPerformanceShaders.framework/Frameworks/MPSNeuralNetwork.framework/Headers/MPSCNNBatchNormalization.h
2026-06-03T08:46:50.5979840Z x iPhoneOS14.5.sdk/System/Library/Frameworks/MetalPerformanceShaders.framework/Frameworks/MPSNeuralNetwork.framework/Headers/MPSNNGridSample.h
2026-06-03T08:46:50.5980210Z x iPhoneOS14.5.sdk/System/Library/Frameworks/MetalPerformanceShaders.framework/Frameworks/MPSNeuralNetwork.framework/Headers/MPSCNNDropout.h
2026-06-03T08:46:50.5980640Z x iPhoneOS14.5.sdk/System/Library/Frameworks/MetalPerformanceShaders.framework/Frameworks/MPSNeuralNetwork.framework/Headers/MPSCNNNeuron.h
2026-06-03T08:46:50.5981050Z x iPhoneOS14.5.sdk/System/Library/Frameworks/MetalPerformanceShaders.framework/Frameworks/MPSNeuralNetwork.framework/Headers/MPSMatrixFullyConnected.h
2026-06-03T08:46:50.5981430Z x iPhoneOS14.5.sdk/System/Library/Frameworks/MetalPerformanceShaders.framework/Frameworks/MPSNeuralNetwork.framework/Headers/MPSCNNNeuronType.h
2026-06-03T08:46:50.5981830Z x iPhoneOS14.5.sdk/System/Library/Frameworks/MetalPerformanceShaders.framework/Frameworks/MPSNeuralNetwork.framework/Headers/MPSCNNGroupNormalization.h
2026-06-03T08:46:50.5982210Z x iPhoneOS14.5.sdk/System/Library/Frameworks/MetalPerformanceShaders.framework/Frameworks/MPSNeuralNetwork.framework/Headers/MPSCNNUpsampling.h
2026-06-03T08:46:50.5982570Z x iPhoneOS14.5.sdk/System/Library/Frameworks/MetalPerformanceShaders.framework/Frameworks/MPSNeuralNetwork.framework/Headers/MPSNNSlice.h
2026-06-03T08:46:50.5983020Z x iPhoneOS14.5.sdk/System/Library/Frameworks/MetalPerformanceShaders.framework/Frameworks/MPSNeuralNetwork.framework/Headers/MPSNNGraph.h
2026-06-03T08:46:50.5983390Z x iPhoneOS14.5.sdk/System/Library/Frameworks/MetalPerformanceShaders.framework/Frameworks/MPSNeuralNetwork.framework/Headers/MPSMatrixSum.h
2026-06-03T08:46:50.5983770Z x iPhoneOS14.5.sdk/System/Library/Frameworks/MetalPerformanceShaders.framework/Frameworks/MPSNeuralNetwork.framework/Headers/MPSNNGraphNodes.h
2026-06-03T08:46:50.5984150Z x iPhoneOS14.5.sdk/System/Library/Frameworks/MetalPerformanceShaders.framework/Frameworks/MPSNeuralNetwork.framework/Headers/MPSCNNNormalization.h
2026-06-03T08:46:50.5984550Z x iPhoneOS14.5.sdk/System/Library/Frameworks/MetalPerformanceShaders.framework/Frameworks/MPSNeuralNetwork.framework/Headers/MPSNeuralNetworkTypes.h
2026-06-03T08:46:50.5984910Z x iPhoneOS14.5.sdk/System/Library/Frameworks/MetalPerformanceShaders.framework/Frameworks/MPSNeuralNetwork.framework/Headers/MPSCNNMath.h
2026-06-03T08:46:50.5985320Z x iPhoneOS14.5.sdk/System/Library/Frameworks/MetalPerformanceShaders.framework/Frameworks/MPSNeuralNetwork.framework/Headers/MPSCNNNormalizationWeights.h
2026-06-03T08:46:50.5985690Z x iPhoneOS14.5.sdk/System/Library/Frameworks/MetalPerformanceShaders.framework/Frameworks/MPSNeuralNetwork.framework/Headers/MPSCNNTypes.h
2026-06-03T08:46:50.5986160Z x iPhoneOS14.5.sdk/System/Library/Frameworks/MetalPerformanceShaders.framework/Frameworks/MPSNeuralNetwork.framework/Headers/MPSCNNConvolution.h
2026-06-03T08:46:50.5986670Z x iPhoneOS14.5.sdk/System/Library/Frameworks/MetalPerformanceShaders.framework/Frameworks/MPSNeuralNetwork.framework/Headers/MPSCNNSoftMax.h
2026-06-03T08:46:50.5987030Z x iPhoneOS14.5.sdk/System/Library/Frameworks/MetalPerformanceShaders.framework/Frameworks/MPSNeuralNetwork.framework/Headers/MPSNNReduce.h
2026-06-03T08:46:50.5987450Z x iPhoneOS14.5.sdk/System/Library/Frameworks/MetalPerformanceShaders.framework/Frameworks/MPSNeuralNetwork.framework/Headers/MPSMatrixBatchNormalization.h
2026-06-03T08:46:50.5988570Z x iPhoneOS14.5.sdk/System/Library/Frameworks/MetalPerformanceShaders.framework/Frameworks/MPSNeuralNetwork.framework/Headers/MPSRNNLayer.h
2026-06-03T08:46:50.5988970Z x iPhoneOS14.5.sdk/System/Library/Frameworks/MetalPerformanceShaders.framework/Frameworks/MPSNeuralNetwork.framework/Headers/MPSNNGradientState.h
2026-06-03T08:46:50.5989340Z x iPhoneOS14.5.sdk/System/Library/Frameworks/MetalPerformanceShaders.framework/Frameworks/MPSNeuralNetwork.framework/Headers/MPSNeuralNetwork.h
2026-06-03T08:46:50.5992190Z x iPhoneOS14.5.sdk/System/Library/Frameworks/MetalPerformanceShaders.framework/Frameworks/MPSNeuralNetwork.framework/Headers/MPSNNOptimizers.h
2026-06-03T08:46:50.5993120Z x iPhoneOS14.5.sdk/System/Library/Frameworks/MetalPerformanceShaders.framework/Frameworks/MPSNeuralNetwork.framework/Headers/MPSCNNInstanceNormalization.h
2026-06-03T08:46:50.5993950Z x iPhoneOS14.5.sdk/System/Library/Frameworks/MetalPerformanceShaders.framework/Frameworks/MPSNeuralNetwork.framework/Headers/MPSMatrixLayer.h
2026-06-03T08:46:50.5999140Z x iPhoneOS14.5.sdk/System/Library/Frameworks/MetalPerformanceShaders.framework/Frameworks/MPSNeuralNetwork.framework/Headers/MPSCNNLoss.h
2026-06-03T08:46:50.6004320Z x iPhoneOS14.5.sdk/System/Library/Frameworks/MetalPerformanceShaders.framework/Frameworks/MPSNeuralNetwork.framework/Headers/MPSCNNPooling.h
2026-06-03T08:46:50.6016640Z x iPhoneOS14.5.sdk/System/Library/Frameworks/MetalPerformanceShaders.framework/Frameworks/MPSNeuralNetwork.framework/Headers/MPSCNNKernel.h
2026-06-03T08:46:50.6021090Z x iPhoneOS14.5.sdk/System/Library/Frameworks/MetalPerformanceShaders.framework/Frameworks/MPSNeuralNetwork.framework/Headers/MPSMatrixNeuron.h
2026-06-03T08:46:50.6021930Z x iPhoneOS14.5.sdk/System/Library/Frameworks/MetalPerformanceShaders.framework/Frameworks/MPSNeuralNetwork.framework/Headers/MPSNNResize.h
2026-06-03T08:46:50.6023130Z x iPhoneOS14.5.sdk/System/Library/Frameworks/MetalPerformanceShaders.framework/Frameworks/MPSNeuralNetwork.framework/Headers/MPSNNReshape.h
2026-06-03T08:46:50.6023570Z x iPhoneOS14.5.sdk/System/Library/Frameworks/MetalPerformanceShaders.framework/Frameworks/MPSMatrix.framework/
2026-06-03T08:46:50.6024040Z x iPhoneOS14.5.sdk/System/Library/Frameworks/MetalPerformanceShaders.framework/Frameworks/MPSMatrix.framework/Modules/
2026-06-03T08:46:50.6025020Z x iPhoneOS14.5.sdk/System/Library/Frameworks/MetalPerformanceShaders.framework/Frameworks/MPSMatrix.framework/Modules/module.modulemap
2026-06-03T08:46:50.6026390Z x iPhoneOS14.5.sdk/System/Library/Frameworks/MetalPerformanceShaders.framework/Frameworks/MPSMatrix.framework/Headers/
2026-06-03T08:46:50.6026850Z x iPhoneOS14.5.sdk/System/Library/Frameworks/MetalPerformanceShaders.framework/Frameworks/MPSMatrix.framework/Headers/MPSMatrixFindTopK.h
2026-06-03T08:46:50.6031130Z x iPhoneOS14.5.sdk/System/Library/Frameworks/MetalPerformanceShaders.framework/Frameworks/MPSMatrix.framework/Headers/MPSMatrixDecomposition.h
2026-06-03T08:46:50.6032430Z x iPhoneOS14.5.sdk/System/Library/Frameworks/MetalPerformanceShaders.framework/Frameworks/MPSMatrix.framework/Headers/MPSMatrix.h
2026-06-03T08:46:50.6033120Z x iPhoneOS14.5.sdk/System/Library/Frameworks/MetalPerformanceShaders.framework/Frameworks/MPSMatrix.framework/Headers/MPSMatrixCombination.h
2026-06-03T08:46:50.6034150Z x iPhoneOS14.5.sdk/System/Library/Frameworks/MetalPerformanceShaders.framework/Frameworks/MPSMatrix.framework/Headers/MPSMatrixMultiplication.h
2026-06-03T08:46:50.6035660Z x iPhoneOS14.5.sdk/System/Library/Frameworks/MetalPerformanceShaders.framework/Frameworks/MPSMatrix.framework/Headers/MPSMatrixRandom.h
2026-06-03T08:46:50.6036640Z x iPhoneOS14.5.sdk/System/Library/Frameworks/MetalPerformanceShaders.framework/Frameworks/MPSMatrix.framework/Headers/MPSMatrixSoftMax.h
2026-06-03T08:46:50.6041080Z x iPhoneOS14.5.sdk/System/Library/Frameworks/MetalPerformanceShaders.framework/Frameworks/MPSMatrix.framework/Headers/MPSMatrixTypes.h
2026-06-03T08:46:50.6042210Z x iPhoneOS14.5.sdk/System/Library/Frameworks/MetalPerformanceShaders.framework/Frameworks/MPSMatrix.framework/Headers/MPSMatrixSolve.h
2026-06-03T08:46:50.6042590Z x iPhoneOS14.5.sdk/System/Library/Frameworks/MetalPerformanceShaders.framework/Frameworks/MPSCore.framework/
2026-06-03T08:46:50.6043050Z x iPhoneOS14.5.sdk/System/Library/Frameworks/MetalPerformanceShaders.framework/Frameworks/MPSCore.framework/Modules/
2026-06-03T08:46:50.6043980Z x iPhoneOS14.5.sdk/System/Library/Frameworks/MetalPerformanceShaders.framework/Frameworks/MPSCore.framework/Modules/module.modulemap
2026-06-03T08:46:50.6045300Z x iPhoneOS14.5.sdk/System/Library/Frameworks/MetalPerformanceShaders.framework/Frameworks/MPSCore.framework/Headers/
2026-06-03T08:46:50.6045760Z x iPhoneOS14.5.sdk/System/Library/Frameworks/MetalPerformanceShaders.framework/Frameworks/MPSCore.framework/Headers/MPSKeyedUnarchiver.h
2026-06-03T08:46:50.6046320Z x iPhoneOS14.5.sdk/System/Library/Frameworks/MetalPerformanceShaders.framework/Frameworks/MPSCore.framework/Headers/MPSKernel.h
2026-06-03T08:46:50.6047320Z x iPhoneOS14.5.sdk/System/Library/Frameworks/MetalPerformanceShaders.framework/Frameworks/MPSCore.framework/Headers/MPSCommandBuffer.h
2026-06-03T08:46:50.6052680Z x iPhoneOS14.5.sdk/System/Library/Frameworks/MetalPerformanceShaders.framework/Frameworks/MPSCore.framework/Headers/MPSMatrix.h
2026-06-03T08:46:50.6053660Z x iPhoneOS14.5.sdk/System/Library/Frameworks/MetalPerformanceShaders.framework/Frameworks/MPSCore.framework/Headers/MPSState.h
2026-06-03T08:46:50.6059990Z x iPhoneOS14.5.sdk/System/Library/Frameworks/MetalPerformanceShaders.framework/Frameworks/MPSCore.framework/Headers/MPSCoreTypes.h
2026-06-03T08:46:50.6065810Z x iPhoneOS14.5.sdk/System/Library/Frameworks/MetalPerformanceShaders.framework/Frameworks/MPSCore.framework/Headers/MPSImage.h
2026-06-03T08:46:50.6066950Z x iPhoneOS14.5.sdk/System/Library/Frameworks/MetalPerformanceShaders.framework/Frameworks/MPSCore.framework/Headers/MPSCore.h
2026-06-03T08:46:50.6067770Z x iPhoneOS14.5.sdk/System/Library/Frameworks/MetalPerformanceShaders.framework/Frameworks/MPSCore.framework/Headers/MPSNDArray.h
2026-06-03T08:46:50.6073780Z x iPhoneOS14.5.sdk/System/Library/Frameworks/MetalPerformanceShaders.framework/Frameworks/MPSCore.framework/Headers/MPSKernelTypes.h
2026-06-03T08:46:50.6075520Z x iPhoneOS14.5.sdk/System/Library/Frameworks/MetalPerformanceShaders.framework/Frameworks/MPSCore.framework/Headers/MPSFunctionConstantIndices.h
2026-06-03T08:46:50.6075950Z x iPhoneOS14.5.sdk/System/Library/Frameworks/MetalPerformanceShaders.framework/Frameworks/MPSRayIntersector.framework/
2026-06-03T08:46:50.6076370Z x iPhoneOS14.5.sdk/System/Library/Frameworks/MetalPerformanceShaders.framework/Frameworks/MPSRayIntersector.framework/Modules/
2026-06-03T08:46:50.6077020Z x iPhoneOS14.5.sdk/System/Library/Frameworks/MetalPerformanceShaders.framework/Frameworks/MPSRayIntersector.framework/Modules/module.modulemap
2026-06-03T08:46:50.6077460Z x iPhoneOS14.5.sdk/System/Library/Frameworks/MetalPerformanceShaders.framework/Frameworks/MPSRayIntersector.framework/Headers/
2026-06-03T08:46:50.6078580Z x iPhoneOS14.5.sdk/System/Library/Frameworks/MetalPerformanceShaders.framework/Frameworks/MPSRayIntersector.framework/Headers/MPSAccelerationStructureGroup.h
2026-06-03T08:46:50.6079550Z x iPhoneOS14.5.sdk/System/Library/Frameworks/MetalPerformanceShaders.framework/Frameworks/MPSRayIntersector.framework/Headers/MPSTriangleAccelerationStructure.h
2026-06-03T08:46:50.6085180Z x iPhoneOS14.5.sdk/System/Library/Frameworks/MetalPerformanceShaders.framework/Frameworks/MPSRayIntersector.framework/Headers/MPSSVGF.h
2026-06-03T08:46:50.6090650Z x iPhoneOS14.5.sdk/System/Library/Frameworks/MetalPerformanceShaders.framework/Frameworks/MPSRayIntersector.framework/Headers/MPSAccelerationStructure.h
2026-06-03T08:46:50.6091350Z x iPhoneOS14.5.sdk/System/Library/Frameworks/MetalPerformanceShaders.framework/Frameworks/MPSRayIntersector.framework/Headers/MPSPolygonBuffer.h
2026-06-03T08:46:50.6092410Z x iPhoneOS14.5.sdk/System/Library/Frameworks/MetalPerformanceShaders.framework/Frameworks/MPSRayIntersector.framework/Headers/MPSInstanceAccelerationStructure.h
2026-06-03T08:46:50.6093280Z x iPhoneOS14.5.sdk/System/Library/Frameworks/MetalPerformanceShaders.framework/Frameworks/MPSRayIntersector.framework/Headers/MPSTemporalAA.h
2026-06-03T08:46:50.6094480Z x iPhoneOS14.5.sdk/System/Library/Frameworks/MetalPerformanceShaders.framework/Frameworks/MPSRayIntersector.framework/Headers/MPSQuadrilateralAccelerationStructure.h
2026-06-03T08:46:50.6096250Z x iPhoneOS14.5.sdk/System/Library/Frameworks/MetalPerformanceShaders.framework/Frameworks/MPSRayIntersector.framework/Headers/MPSPolygonAccelerationStructure.h
2026-06-03T08:46:50.6102760Z x iPhoneOS14.5.sdk/System/Library/Frameworks/MetalPerformanceShaders.framework/Frameworks/MPSRayIntersector.framework/Headers/MPSRayIntersector.h
2026-06-03T08:46:50.6103820Z x iPhoneOS14.5.sdk/System/Library/Frameworks/MetalPerformanceShaders.framework/Frameworks/MPSRayIntersector.framework/Headers/MPSRayIntersectorTypes.h
2026-06-03T08:46:50.6104300Z x iPhoneOS14.5.sdk/System/Library/Frameworks/MetalPerformanceShaders.framework/Headers/
2026-06-03T08:46:50.6105170Z x iPhoneOS14.5.sdk/System/Library/Frameworks/MetalPerformanceShaders.framework/Headers/MetalPerformanceShaders.apinotes
2026-06-03T08:46:50.6119310Z x iPhoneOS14.5.sdk/System/Library/Frameworks/MetalPerformanceShaders.framework/Headers/MetalPerformanceShaders.h
2026-06-03T08:46:50.6124460Z x iPhoneOS14.5.sdk/System/Library/Frameworks/MetalPerformanceShaders.framework/MetalPerformanceShaders.tbd
2026-06-03T08:46:50.6125920Z x iPhoneOS14.5.sdk/System/Library/Frameworks/Vision.framework/
2026-06-03T08:46:50.6126080Z x iPhoneOS14.5.sdk/System/Library/Frameworks/Vision.framework/Modules/
2026-06-03T08:46:50.6126620Z x iPhoneOS14.5.sdk/System/Library/Frameworks/Vision.framework/Modules/module.modulemap
2026-06-03T08:46:50.6127000Z x iPhoneOS14.5.sdk/System/Library/Frameworks/Vision.framework/Headers/
2026-06-03T08:46:50.6127940Z x iPhoneOS14.5.sdk/System/Library/Frameworks/Vision.framework/Headers/VNRequestRevisionProviding.h
2026-06-03T08:46:50.6129130Z x iPhoneOS14.5.sdk/System/Library/Frameworks/Vision.framework/Headers/VNGenerateObjectnessBasedSaliencyImageRequest.h
2026-06-03T08:46:50.6130090Z x iPhoneOS14.5.sdk/System/Library/Frameworks/Vision.framework/Headers/VNDetectTextRectanglesRequest.h
2026-06-03T08:46:50.6131740Z x iPhoneOS14.5.sdk/System/Library/Frameworks/Vision.framework/Headers/VNTrackRectangleRequest.h
2026-06-03T08:46:50.6132060Z x iPhoneOS14.5.sdk/System/Library/Frameworks/Vision.framework/Headers/VNGeometryUtils.h
2026-06-03T08:46:50.6133040Z x iPhoneOS14.5.sdk/System/Library/Frameworks/Vision.framework/Headers/VNRecognizeTextRequest.h
2026-06-03T08:46:50.6133930Z x iPhoneOS14.5.sdk/System/Library/Frameworks/Vision.framework/Headers/VNDetectRectanglesRequest.h
2026-06-03T08:46:50.6134860Z x iPhoneOS14.5.sdk/System/Library/Frameworks/Vision.framework/Headers/VNUtils.h
2026-06-03T08:46:50.6135950Z x iPhoneOS14.5.sdk/System/Library/Frameworks/Vision.framework/Headers/VNDetectHumanHandPoseRequest.h
2026-06-03T08:46:50.6137100Z x iPhoneOS14.5.sdk/System/Library/Frameworks/Vision.framework/Headers/VNGenerateImageFeaturePrintRequest.h
2026-06-03T08:46:50.6137640Z x iPhoneOS14.5.sdk/System/Library/Frameworks/Vision.framework/Headers/VNImageRegistrationRequest.h
2026-06-03T08:46:50.6138820Z x iPhoneOS14.5.sdk/System/Library/Frameworks/Vision.framework/Headers/VNDetectContoursRequest.h
2026-06-03T08:46:50.6139590Z x iPhoneOS14.5.sdk/System/Library/Frameworks/Vision.framework/Headers/VNDetectHorizonRequest.h
2026-06-03T08:46:50.6140520Z x iPhoneOS14.5.sdk/System/Library/Frameworks/Vision.framework/Headers/VNDetectedPoint.h
2026-06-03T08:46:50.6145300Z x iPhoneOS14.5.sdk/System/Library/Frameworks/Vision.framework/Headers/VNDetectFaceCaptureQualityRequest.h
2026-06-03T08:46:50.6145730Z x iPhoneOS14.5.sdk/System/Library/Frameworks/Vision.framework/Headers/VNDefines.h
2026-06-03T08:46:50.6146750Z x iPhoneOS14.5.sdk/System/Library/Frameworks/Vision.framework/Headers/VNTargetedImageRequest.h
2026-06-03T08:46:50.6147660Z x iPhoneOS14.5.sdk/System/Library/Frameworks/Vision.framework/Headers/VNDetectHumanBodyPoseRequest.h
2026-06-03T08:46:50.6148550Z x iPhoneOS14.5.sdk/System/Library/Frameworks/Vision.framework/Headers/VNDetectFaceLandmarksRequest.h
2026-06-03T08:46:50.6149340Z x iPhoneOS14.5.sdk/System/Library/Frameworks/Vision.framework/Headers/VNFaceLandmarks.h
2026-06-03T08:46:50.6150480Z x iPhoneOS14.5.sdk/System/Library/Frameworks/Vision.framework/Headers/VNTypes.h
2026-06-03T08:46:50.6155730Z x iPhoneOS14.5.sdk/System/Library/Frameworks/Vision.framework/Headers/VNRequestHandler.h
2026-06-03T08:46:50.6156710Z x iPhoneOS14.5.sdk/System/Library/Frameworks/Vision.framework/Headers/VNTrackingRequest.h
2026-06-03T08:46:50.6157480Z x iPhoneOS14.5.sdk/System/Library/Frameworks/Vision.framework/Headers/VNCoreMLRequest.h
2026-06-03T08:46:50.6158340Z x iPhoneOS14.5.sdk/System/Library/Frameworks/Vision.framework/Headers/VNRecognizeAnimalsRequest.h
2026-06-03T08:46:50.6159630Z x iPhoneOS14.5.sdk/System/Library/Frameworks/Vision.framework/Headers/VNClassifyImageRequest.h
2026-06-03T08:46:50.6160340Z x iPhoneOS14.5.sdk/System/Library/Frameworks/Vision.framework/Headers/Vision.h
2026-06-03T08:46:50.6161120Z x iPhoneOS14.5.sdk/System/Library/Frameworks/Vision.framework/Headers/VNObservation.h
2026-06-03T08:46:50.6162090Z x iPhoneOS14.5.sdk/System/Library/Frameworks/Vision.framework/Headers/VNDetectTrajectoriesRequest.h
2026-06-03T08:46:50.6162840Z x iPhoneOS14.5.sdk/System/Library/Frameworks/Vision.framework/Headers/Vision.apinotes
2026-06-03T08:46:50.6163890Z x iPhoneOS14.5.sdk/System/Library/Frameworks/Vision.framework/Headers/VNDetectBarcodesRequest.h
2026-06-03T08:46:50.6170220Z x iPhoneOS14.5.sdk/System/Library/Frameworks/Vision.framework/Headers/VNVideoProcessor.h
2026-06-03T08:46:50.6171220Z x iPhoneOS14.5.sdk/System/Library/Frameworks/Vision.framework/Headers/VNGenerateOpticalFlowRequest.h
2026-06-03T08:46:50.6172160Z x iPhoneOS14.5.sdk/System/Library/Frameworks/Vision.framework/Headers/VNError.h
2026-06-03T08:46:50.6172970Z x iPhoneOS14.5.sdk/System/Library/Frameworks/Vision.framework/Headers/VNStatefulRequest.h
2026-06-03T08:46:50.6173860Z x iPhoneOS14.5.sdk/System/Library/Frameworks/Vision.framework/Headers/VNDetectFaceRectanglesRequest.h
2026-06-03T08:46:50.6176030Z x iPhoneOS14.5.sdk/System/Library/Frameworks/Vision.framework/Headers/VNGenerateAttentionBasedSaliencyImageRequest.h
2026-06-03T08:46:50.6176700Z x iPhoneOS14.5.sdk/System/Library/Frameworks/Vision.framework/Headers/VNRequest.h
2026-06-03T08:46:50.6177640Z x iPhoneOS14.5.sdk/System/Library/Frameworks/Vision.framework/Headers/VNTrackObjectRequest.h
2026-06-03T08:46:50.6178450Z x iPhoneOS14.5.sdk/System/Library/Frameworks/Vision.framework/Headers/VNFaceObservationAccepting.h
2026-06-03T08:46:50.6179450Z x iPhoneOS14.5.sdk/System/Library/Frameworks/Vision.framework/Headers/VNGeometry.h
2026-06-03T08:46:50.6180030Z x iPhoneOS14.5.sdk/System/Library/Frameworks/Vision.framework/Headers/VNDetectHumanRectanglesRequest.h
2026-06-03T08:46:50.6181210Z x iPhoneOS14.5.sdk/System/Library/Frameworks/Vision.framework/Vision.tbd
2026-06-03T08:46:50.6181520Z x iPhoneOS14.5.sdk/System/Library/Frameworks/CloudKit.framework/
2026-06-03T08:46:50.6182000Z x iPhoneOS14.5.sdk/System/Library/Frameworks/CloudKit.framework/Modules/
2026-06-03T08:46:50.6182950Z x iPhoneOS14.5.sdk/System/Library/Frameworks/CloudKit.framework/Modules/module.modulemap
2026-06-03T08:46:50.6189020Z x iPhoneOS14.5.sdk/System/Library/Frameworks/CloudKit.framework/CloudKit.tbd
2026-06-03T08:46:50.6189400Z x iPhoneOS14.5.sdk/System/Library/Frameworks/CloudKit.framework/Headers/
2026-06-03T08:46:50.6190570Z x iPhoneOS14.5.sdk/System/Library/Frameworks/CloudKit.framework/Headers/CKFetchNotificationChangesOperation.h
2026-06-03T08:46:50.6192090Z x iPhoneOS14.5.sdk/System/Library/Frameworks/CloudKit.framework/Headers/CKFetchShareParticipantsOperation.h
2026-06-03T08:46:50.6192740Z x iPhoneOS14.5.sdk/System/Library/Frameworks/CloudKit.framework/Headers/CKError.h
2026-06-03T08:46:50.6193720Z x iPhoneOS14.5.sdk/System/Library/Frameworks/CloudKit.framework/Headers/CKAsset.h
2026-06-03T08:46:50.6194900Z x iPhoneOS14.5.sdk/System/Library/Frameworks/CloudKit.framework/Headers/CKFetchRecordZoneChangesOperation.h
2026-06-03T08:46:50.6200120Z x iPhoneOS14.5.sdk/System/Library/Frameworks/CloudKit.framework/Headers/CKOperationGroup.h
2026-06-03T08:46:50.6201140Z x iPhoneOS14.5.sdk/System/Library/Frameworks/CloudKit.framework/Headers/CKNotification.h
2026-06-03T08:46:50.6202620Z x iPhoneOS14.5.sdk/System/Library/Frameworks/CloudKit.framework/Headers/CKFetchRecordChangesOperation.h
2026-06-03T08:46:50.6203410Z x iPhoneOS14.5.sdk/System/Library/Frameworks/CloudKit.framework/Headers/CKContainer.h
2026-06-03T08:46:50.6204290Z x iPhoneOS14.5.sdk/System/Library/Frameworks/CloudKit.framework/Headers/CKQuery.h
2026-06-03T08:46:50.6205160Z x iPhoneOS14.5.sdk/System/Library/Frameworks/CloudKit.framework/Headers/CKOperation.h
2026-06-03T08:46:50.6206160Z x iPhoneOS14.5.sdk/System/Library/Frameworks/CloudKit.framework/Headers/CKFetchWebAuthTokenOperation.h
2026-06-03T08:46:50.6221360Z x iPhoneOS14.5.sdk/System/Library/Frameworks/CloudKit.framework/Headers/CKRecordZone.h
2026-06-03T08:46:50.6222600Z x iPhoneOS14.5.sdk/System/Library/Frameworks/CloudKit.framework/Headers/CKUserIdentityLookupInfo.h
2026-06-03T08:46:50.6222910Z x iPhoneOS14.5.sdk/System/Library/Frameworks/CloudKit.framework/Headers/CKRecordID.h
2026-06-03T08:46:50.6223290Z x iPhoneOS14.5.sdk/System/Library/Frameworks/CloudKit.framework/Headers/CKFetchShareMetadataOperation.h
2026-06-03T08:46:50.6227510Z x iPhoneOS14.5.sdk/System/Library/Frameworks/CloudKit.framework/Headers/CloudKit.apinotes
2026-06-03T08:46:50.6228350Z x iPhoneOS14.5.sdk/System/Library/Frameworks/CloudKit.framework/Headers/CKFetchRecordsOperation.h
2026-06-03T08:46:50.6229330Z x iPhoneOS14.5.sdk/System/Library/Frameworks/CloudKit.framework/Headers/CKShare.h
2026-06-03T08:46:50.6230240Z x iPhoneOS14.5.sdk/System/Library/Frameworks/CloudKit.framework/Headers/CloudKit.h
2026-06-03T08:46:50.6231810Z x iPhoneOS14.5.sdk/System/Library/Frameworks/CloudKit.framework/Headers/CKShareMetadata.h
2026-06-03T08:46:50.6232660Z x iPhoneOS14.5.sdk/System/Library/Frameworks/CloudKit.framework/Headers/CKUserIdentity.h
2026-06-03T08:46:50.6233710Z x iPhoneOS14.5.sdk/System/Library/Frameworks/CloudKit.framework/Headers/CKAcceptSharesOperation.h
2026-06-03T08:46:50.6234500Z x iPhoneOS14.5.sdk/System/Library/Frameworks/CloudKit.framework/Headers/CKDefines.h
2026-06-03T08:46:50.6235460Z x iPhoneOS14.5.sdk/System/Library/Frameworks/CloudKit.framework/Headers/CKFetchRecordZonesOperation.h
2026-06-03T08:46:50.6237200Z x iPhoneOS14.5.sdk/System/Library/Frameworks/CloudKit.framework/Headers/CKFetchDatabaseChangesOperation.h
2026-06-03T08:46:50.6237450Z x iPhoneOS14.5.sdk/System/Library/Frameworks/CloudKit.framework/Headers/CKLocationSortDescriptor.h
2026-06-03T08:46:50.6238150Z x iPhoneOS14.5.sdk/System/Library/Frameworks/CloudKit.framework/Headers/CKModifyRecordZonesOperation.h
2026-06-03T08:46:50.6238980Z x iPhoneOS14.5.sdk/System/Library/Frameworks/CloudKit.framework/Headers/CKDiscoverAllUserIdentitiesOperation.h
2026-06-03T08:46:50.6239700Z x iPhoneOS14.5.sdk/System/Library/Frameworks/CloudKit.framework/Headers/CKQueryOperation.h
2026-06-03T08:46:50.6240550Z x iPhoneOS14.5.sdk/System/Library/Frameworks/CloudKit.framework/Headers/CKSubscription.h
2026-06-03T08:46:50.6241940Z x iPhoneOS14.5.sdk/System/Library/Frameworks/CloudKit.framework/Headers/CKDatabase.h
2026-06-03T08:46:50.6246540Z x iPhoneOS14.5.sdk/System/Library/Frameworks/CloudKit.framework/Headers/CKDatabaseOperation.h
2026-06-03T08:46:50.6247260Z x iPhoneOS14.5.sdk/System/Library/Frameworks/CloudKit.framework/Headers/CKRecordZoneID.h
2026-06-03T08:46:50.6248080Z x iPhoneOS14.5.sdk/System/Library/Frameworks/CloudKit.framework/Headers/CKServerChangeToken.h
2026-06-03T08:46:50.6248950Z x iPhoneOS14.5.sdk/System/Library/Frameworks/CloudKit.framework/Headers/CKRecord.h
2026-06-03T08:46:50.6251630Z x iPhoneOS14.5.sdk/System/Library/Frameworks/CloudKit.framework/Headers/CKShareParticipant.h
2026-06-03T08:46:50.6252110Z x iPhoneOS14.5.sdk/System/Library/Frameworks/CloudKit.framework/Headers/CKMarkNotificationsReadOperation.h
2026-06-03T08:46:50.6253000Z x iPhoneOS14.5.sdk/System/Library/Frameworks/CloudKit.framework/Headers/CKModifySubscriptionsOperation.h
2026-06-03T08:46:50.6254040Z x iPhoneOS14.5.sdk/System/Library/Frameworks/CloudKit.framework/Headers/CKDiscoverUserIdentitiesOperation.h
2026-06-03T08:46:50.6254910Z x iPhoneOS14.5.sdk/System/Library/Frameworks/CloudKit.framework/Headers/CKModifyRecordsOperation.h
2026-06-03T08:46:50.6255860Z x iPhoneOS14.5.sdk/System/Library/Frameworks/CloudKit.framework/Headers/CKModifyBadgeOperation.h
2026-06-03T08:46:50.6257200Z x iPhoneOS14.5.sdk/System/Library/Frameworks/CloudKit.framework/Headers/CKReference.h
2026-06-03T08:46:50.6257690Z x iPhoneOS14.5.sdk/System/Library/Frameworks/CloudKit.framework/Headers/CKFetchSubscriptionsOperation.h
2026-06-03T08:46:50.6258250Z x iPhoneOS14.5.sdk/System/Library/Frameworks/MultipeerConnectivity.framework/
2026-06-03T08:46:50.6258760Z x iPhoneOS14.5.sdk/System/Library/Frameworks/MultipeerConnectivity.framework/Modules/
2026-06-03T08:46:50.6259550Z x iPhoneOS14.5.sdk/System/Library/Frameworks/MultipeerConnectivity.framework/Modules/module.modulemap
2026-06-03T08:46:50.6259990Z x iPhoneOS14.5.sdk/System/Library/Frameworks/MultipeerConnectivity.framework/Headers/
2026-06-03T08:46:50.6260920Z x iPhoneOS14.5.sdk/System/Library/Frameworks/MultipeerConnectivity.framework/Headers/MultipeerConnectivity.h
2026-06-03T08:46:50.6261850Z x iPhoneOS14.5.sdk/System/Library/Frameworks/MultipeerConnectivity.framework/Headers/MCError.h
2026-06-03T08:46:50.6263280Z x iPhoneOS14.5.sdk/System/Library/Frameworks/MultipeerConnectivity.framework/Headers/MCNearbyServiceBrowser.h
2026-06-03T08:46:50.6264390Z x iPhoneOS14.5.sdk/System/Library/Frameworks/MultipeerConnectivity.framework/Headers/MCBrowserViewController.h
2026-06-03T08:46:50.6268820Z x iPhoneOS14.5.sdk/System/Library/Frameworks/MultipeerConnectivity.framework/Headers/MCSession.h
2026-06-03T08:46:50.6269900Z x iPhoneOS14.5.sdk/System/Library/Frameworks/MultipeerConnectivity.framework/Headers/MCNearbyServiceAdvertiser.h
2026-06-03T08:46:50.6270560Z x iPhoneOS14.5.sdk/System/Library/Frameworks/MultipeerConnectivity.framework/Headers/MCPeerID.h
2026-06-03T08:46:50.6275500Z x iPhoneOS14.5.sdk/System/Library/Frameworks/MultipeerConnectivity.framework/Headers/MultipeerConnectivity.apinotes
2026-06-03T08:46:50.6276020Z x iPhoneOS14.5.sdk/System/Library/Frameworks/MultipeerConnectivity.framework/Headers/MCAdvertiserAssistant.h
2026-06-03T08:46:50.6276370Z x iPhoneOS14.5.sdk/System/Library/Frameworks/MultipeerConnectivity.framework/MultipeerConnectivity.tbd
2026-06-03T08:46:50.6276620Z x iPhoneOS14.5.sdk/System/Library/Frameworks/HealthKitUI.framework/
2026-06-03T08:46:50.6278100Z x iPhoneOS14.5.sdk/System/Library/Frameworks/HealthKitUI.framework/Modules/
2026-06-03T08:46:50.6279630Z x iPhoneOS14.5.sdk/System/Library/Frameworks/HealthKitUI.framework/Modules/module.modulemap
2026-06-03T08:46:50.6279860Z x iPhoneOS14.5.sdk/System/Library/Frameworks/HealthKitUI.framework/Headers/
2026-06-03T08:46:50.6280270Z x iPhoneOS14.5.sdk/System/Library/Frameworks/HealthKitUI.framework/Headers/HealthKitUI.h
2026-06-03T08:46:50.6281390Z x iPhoneOS14.5.sdk/System/Library/Frameworks/HealthKitUI.framework/Headers/HKActivityRingView.h
2026-06-03T08:46:50.6282050Z x iPhoneOS14.5.sdk/System/Library/Frameworks/HealthKitUI.framework/HealthKitUI.tbd
2026-06-03T08:46:50.6282590Z x iPhoneOS14.5.sdk/System/Library/Frameworks/NaturalLanguage.framework/
2026-06-03T08:46:50.6283010Z x iPhoneOS14.5.sdk/System/Library/Frameworks/NaturalLanguage.framework/Modules/
2026-06-03T08:46:50.6283950Z x iPhoneOS14.5.sdk/System/Library/Frameworks/NaturalLanguage.framework/Modules/module.modulemap
2026-06-03T08:46:50.6284430Z x iPhoneOS14.5.sdk/System/Library/Frameworks/NaturalLanguage.framework/Headers/
2026-06-03T08:46:50.6285530Z x iPhoneOS14.5.sdk/System/Library/Frameworks/NaturalLanguage.framework/Headers/NLLanguage.h
2026-06-03T08:46:50.6287020Z x iPhoneOS14.5.sdk/System/Library/Frameworks/NaturalLanguage.framework/Headers/NLLanguageRecognizer.h
2026-06-03T08:46:50.6287910Z x iPhoneOS14.5.sdk/System/Library/Frameworks/NaturalLanguage.framework/Headers/NLTagger.h
2026-06-03T08:46:50.6288560Z x iPhoneOS14.5.sdk/System/Library/Frameworks/NaturalLanguage.framework/Headers/NLTagScheme.h
2026-06-03T08:46:50.6293890Z x iPhoneOS14.5.sdk/System/Library/Frameworks/NaturalLanguage.framework/Headers/NLEmbedding.h
2026-06-03T08:46:50.6294820Z x iPhoneOS14.5.sdk/System/Library/Frameworks/NaturalLanguage.framework/Headers/NLModel.h
2026-06-03T08:46:50.6296170Z x iPhoneOS14.5.sdk/System/Library/Frameworks/NaturalLanguage.framework/Headers/NLTokenizer.h
2026-06-03T08:46:50.6297190Z x iPhoneOS14.5.sdk/System/Library/Frameworks/NaturalLanguage.framework/Headers/NLGazetteer.h
2026-06-03T08:46:50.6298200Z x iPhoneOS14.5.sdk/System/Library/Frameworks/NaturalLanguage.framework/Headers/NaturalLanguage.h
2026-06-03T08:46:50.6299100Z x iPhoneOS14.5.sdk/System/Library/Frameworks/NaturalLanguage.framework/NaturalLanguage.tbd
2026-06-03T08:46:50.6299690Z x iPhoneOS14.5.sdk/System/Library/Frameworks/MediaAccessibility.framework/
2026-06-03T08:46:50.6300270Z x iPhoneOS14.5.sdk/System/Library/Frameworks/MediaAccessibility.framework/Modules/
2026-06-03T08:46:50.6301290Z x iPhoneOS14.5.sdk/System/Library/Frameworks/MediaAccessibility.framework/Modules/module.modulemap
2026-06-03T08:46:50.6301640Z x iPhoneOS14.5.sdk/System/Library/Frameworks/MediaAccessibility.framework/Headers/
2026-06-03T08:46:50.6303180Z x iPhoneOS14.5.sdk/System/Library/Frameworks/MediaAccessibility.framework/Headers/MAImageCaptioning.h
2026-06-03T08:46:50.6303790Z x iPhoneOS14.5.sdk/System/Library/Frameworks/MediaAccessibility.framework/Headers/MediaAccessibility.h
2026-06-03T08:46:50.6304830Z x iPhoneOS14.5.sdk/System/Library/Frameworks/MediaAccessibility.framework/Headers/MAAudibleMedia.h
2026-06-03T08:46:50.6305880Z x iPhoneOS14.5.sdk/System/Library/Frameworks/MediaAccessibility.framework/Headers/MACaptionAppearance.h
2026-06-03T08:46:50.6306680Z x iPhoneOS14.5.sdk/System/Library/Frameworks/MediaAccessibility.framework/Headers/MADefinitions.h
2026-06-03T08:46:50.6311400Z x iPhoneOS14.5.sdk/System/Library/Frameworks/MediaAccessibility.framework/MediaAccessibility.tbd
2026-06-03T08:46:50.6311730Z x iPhoneOS14.5.sdk/System/Library/Frameworks/MobileCoreServices.framework/
2026-06-03T08:46:50.6312010Z x iPhoneOS14.5.sdk/System/Library/Frameworks/MobileCoreServices.framework/Modules/
2026-06-03T08:46:50.6312960Z x iPhoneOS14.5.sdk/System/Library/Frameworks/MobileCoreServices.framework/Modules/module.modulemap
2026-06-03T08:46:50.6313610Z x iPhoneOS14.5.sdk/System/Library/Frameworks/MobileCoreServices.framework/Headers/
2026-06-03T08:46:50.6314300Z x iPhoneOS14.5.sdk/System/Library/Frameworks/MobileCoreServices.framework/Headers/MobileCoreServices.h
2026-06-03T08:46:50.6315090Z x iPhoneOS14.5.sdk/System/Library/Frameworks/MobileCoreServices.framework/Headers/UTType.h
2026-06-03T08:46:50.6315970Z x iPhoneOS14.5.sdk/System/Library/Frameworks/MobileCoreServices.framework/Headers/UTCoreTypes.h
2026-06-03T08:46:50.6317480Z x iPhoneOS14.5.sdk/System/Library/Frameworks/MobileCoreServices.framework/MobileCoreServices.tbd
2026-06-03T08:46:50.6317650Z x iPhoneOS14.5.sdk/System/Library/Frameworks/OSLog.framework/
2026-06-03T08:46:50.6317840Z x iPhoneOS14.5.sdk/System/Library/Frameworks/OSLog.framework/Modules/
2026-06-03T08:46:50.6318620Z x iPhoneOS14.5.sdk/System/Library/Frameworks/OSLog.framework/Modules/module.modulemap
2026-06-03T08:46:50.6319060Z x iPhoneOS14.5.sdk/System/Library/Frameworks/OSLog.framework/Headers/
2026-06-03T08:46:50.6319950Z x iPhoneOS14.5.sdk/System/Library/Frameworks/OSLog.framework/Headers/EntryActivity.h
2026-06-03T08:46:50.6320730Z x iPhoneOS14.5.sdk/System/Library/Frameworks/OSLog.framework/Headers/EntrySignpost.h
2026-06-03T08:46:50.6321580Z x iPhoneOS14.5.sdk/System/Library/Frameworks/OSLog.framework/Headers/Entry.h
2026-06-03T08:46:50.6322640Z x iPhoneOS14.5.sdk/System/Library/Frameworks/OSLog.framework/Headers/Enumerator.h
2026-06-03T08:46:50.6323290Z x iPhoneOS14.5.sdk/System/Library/Frameworks/OSLog.framework/Headers/OSLog.h
2026-06-03T08:46:50.6324240Z x iPhoneOS14.5.sdk/System/Library/Frameworks/OSLog.framework/Headers/EntryBoundary.h
2026-06-03T08:46:50.6325100Z x iPhoneOS14.5.sdk/System/Library/Frameworks/OSLog.framework/Headers/EntryLog.h
2026-06-03T08:46:50.6325980Z x iPhoneOS14.5.sdk/System/Library/Frameworks/OSLog.framework/Headers/MessageComponent.h
2026-06-03T08:46:50.6331280Z x iPhoneOS14.5.sdk/System/Library/Frameworks/OSLog.framework/Headers/Store.h
2026-06-03T08:46:50.6332350Z x iPhoneOS14.5.sdk/System/Library/Frameworks/OSLog.framework/Headers/Position.h
2026-06-03T08:46:50.6333130Z x iPhoneOS14.5.sdk/System/Library/Frameworks/OSLog.framework/OSLog.tbd
2026-06-03T08:46:50.6333550Z x iPhoneOS14.5.sdk/System/Library/Frameworks/CoreMotion.framework/
2026-06-03T08:46:50.6333990Z x iPhoneOS14.5.sdk/System/Library/Frameworks/CoreMotion.framework/Modules/
2026-06-03T08:46:50.6335250Z x iPhoneOS14.5.sdk/System/Library/Frameworks/CoreMotion.framework/Modules/module.modulemap
2026-06-03T08:46:50.6335520Z x iPhoneOS14.5.sdk/System/Library/Frameworks/CoreMotion.framework/Headers/
2026-06-03T08:46:50.6336910Z x iPhoneOS14.5.sdk/System/Library/Frameworks/CoreMotion.framework/Headers/CMRotationRateData.h
2026-06-03T08:46:50.6337780Z x iPhoneOS14.5.sdk/System/Library/Frameworks/CoreMotion.framework/Headers/CMAccelerometer.h
2026-06-03T08:46:50.6338600Z x iPhoneOS14.5.sdk/System/Library/Frameworks/CoreMotion.framework/Headers/CMLogItem.h
2026-06-03T08:46:50.6340090Z x iPhoneOS14.5.sdk/System/Library/Frameworks/CoreMotion.framework/Headers/CoreMotion.h
2026-06-03T08:46:50.6340770Z x iPhoneOS14.5.sdk/System/Library/Frameworks/CoreMotion.framework/Headers/CMError.h
2026-06-03T08:46:50.6341460Z x iPhoneOS14.5.sdk/System/Library/Frameworks/CoreMotion.framework/Headers/CMFallDetectionEvent.h
2026-06-03T08:46:50.6342460Z x iPhoneOS14.5.sdk/System/Library/Frameworks/CoreMotion.framework/Headers/CMAltimeter.h
2026-06-03T08:46:50.6343640Z x iPhoneOS14.5.sdk/System/Library/Frameworks/CoreMotion.framework/Headers/CMPedometer.h
2026-06-03T08:46:50.6344610Z x iPhoneOS14.5.sdk/System/Library/Frameworks/CoreMotion.framework/Headers/CMMotionActivityManager.h
2026-06-03T08:46:50.6345480Z x iPhoneOS14.5.sdk/System/Library/Frameworks/CoreMotion.framework/Headers/CMAltitude.h
2026-06-03T08:46:50.6346410Z x iPhoneOS14.5.sdk/System/Library/Frameworks/CoreMotion.framework/Headers/CMAvailability.h
2026-06-03T08:46:50.6347920Z x iPhoneOS14.5.sdk/System/Library/Frameworks/CoreMotion.framework/Headers/CMFallDetectionManager.h
2026-06-03T08:46:50.6348350Z x iPhoneOS14.5.sdk/System/Library/Frameworks/CoreMotion.framework/Headers/CMMotionManager.h
2026-06-03T08:46:50.6349220Z x iPhoneOS14.5.sdk/System/Library/Frameworks/CoreMotion.framework/Headers/CMAuthorization.h
2026-06-03T08:46:50.6350190Z x iPhoneOS14.5.sdk/System/Library/Frameworks/CoreMotion.framework/Headers/CMSensorRecorder.h
2026-06-03T08:46:50.6355730Z x iPhoneOS14.5.sdk/System/Library/Frameworks/CoreMotion.framework/Headers/CMHeadphoneMotionManager.h
2026-06-03T08:46:50.6356650Z x iPhoneOS14.5.sdk/System/Library/Frameworks/CoreMotion.framework/Headers/CMHeadphoneMotionManagerDelegate.h
2026-06-03T08:46:50.6357900Z x iPhoneOS14.5.sdk/System/Library/Frameworks/CoreMotion.framework/Headers/CMDeviceMotion.h
2026-06-03T08:46:50.6358920Z x iPhoneOS14.5.sdk/System/Library/Frameworks/CoreMotion.framework/Headers/CMMovementDisorderManager.h
2026-06-03T08:46:50.6359730Z x iPhoneOS14.5.sdk/System/Library/Frameworks/CoreMotion.framework/Headers/CMStepCounter.h
2026-06-03T08:46:50.6360690Z x iPhoneOS14.5.sdk/System/Library/Frameworks/CoreMotion.framework/Headers/CMGyro.h
2026-06-03T08:46:50.6361700Z x iPhoneOS14.5.sdk/System/Library/Frameworks/CoreMotion.framework/Headers/CMRecordedAccelerometerData.h
2026-06-03T08:46:50.6363200Z x iPhoneOS14.5.sdk/System/Library/Frameworks/CoreMotion.framework/Headers/CMMotionActivity.h
2026-06-03T08:46:50.6363580Z x iPhoneOS14.5.sdk/System/Library/Frameworks/CoreMotion.framework/Headers/CMErrorDomain.h
2026-06-03T08:46:50.6364400Z x iPhoneOS14.5.sdk/System/Library/Frameworks/CoreMotion.framework/Headers/CMAttitude.h
2026-06-03T08:46:50.6365360Z x iPhoneOS14.5.sdk/System/Library/Frameworks/CoreMotion.framework/Headers/CMMagnetometer.h
2026-06-03T08:46:50.6366190Z x iPhoneOS14.5.sdk/System/Library/Frameworks/CoreMotion.framework/CoreMotion.tbd
2026-06-03T08:46:50.6366520Z x iPhoneOS14.5.sdk/System/Library/Frameworks/AVFoundation.framework/
2026-06-03T08:46:50.6366950Z x iPhoneOS14.5.sdk/System/Library/Frameworks/AVFoundation.framework/Modules/
2026-06-03T08:46:50.6368500Z x iPhoneOS14.5.sdk/System/Library/Frameworks/AVFoundation.framework/Modules/module.modulemap
2026-06-03T08:46:50.6368670Z x iPhoneOS14.5.sdk/System/Library/Frameworks/AVFoundation.framework/Headers/
2026-06-03T08:46:50.6374850Z x iPhoneOS14.5.sdk/System/Library/Frameworks/AVFoundation.framework/Headers/AVCaptureVideoPreviewLayer.h
2026-06-03T08:46:50.6375960Z x iPhoneOS14.5.sdk/System/Library/Frameworks/AVFoundation.framework/Headers/AVAudioPlayer.h
2026-06-03T08:46:50.6376970Z x iPhoneOS14.5.sdk/System/Library/Frameworks/AVFoundation.framework/Headers/AVCaptureSystemPressure.h
2026-06-03T08:46:50.6377560Z x iPhoneOS14.5.sdk/System/Library/Frameworks/AVFoundation.framework/Headers/AVUtilities.h
2026-06-03T08:46:50.6378550Z x iPhoneOS14.5.sdk/System/Library/Frameworks/AVFoundation.framework/Headers/AVCaptureStillImageOutput.h
2026-06-03T08:46:50.6379740Z x iPhoneOS14.5.sdk/System/Library/Frameworks/AVFoundation.framework/Headers/AVCaptureAudioDataOutput.h
2026-06-03T08:46:50.6385860Z x iPhoneOS14.5.sdk/System/Library/Frameworks/AVFoundation.framework/Headers/AVPlayerItemOutput.h
2026-06-03T08:46:50.6386690Z x iPhoneOS14.5.sdk/System/Library/Frameworks/AVFoundation.framework/Headers/AVAssetTrackSegment.h
2026-06-03T08:46:50.6387510Z x iPhoneOS14.5.sdk/System/Library/Frameworks/AVFoundation.framework/Headers/AVAudioMixerNode.h
2026-06-03T08:46:50.6388480Z x iPhoneOS14.5.sdk/System/Library/Frameworks/AVFoundation.framework/Headers/AVAssetSegmentReport.h
2026-06-03T08:46:50.6389830Z x iPhoneOS14.5.sdk/System/Library/Frameworks/AVFoundation.framework/Headers/AVCompositionTrack.h
2026-06-03T08:46:50.6390190Z x iPhoneOS14.5.sdk/System/Library/Frameworks/AVFoundation.framework/Headers/AVSampleBufferDisplayLayer.h
2026-06-03T08:46:50.6394660Z x iPhoneOS14.5.sdk/System/Library/Frameworks/AVFoundation.framework/Headers/AVCaptureSessionPreset.h
2026-06-03T08:46:50.6395610Z x iPhoneOS14.5.sdk/System/Library/Frameworks/AVFoundation.framework/Headers/AVComposition.h
2026-06-03T08:46:50.6396450Z x iPhoneOS14.5.sdk/System/Library/Frameworks/AVFoundation.framework/Headers/AVAudioSessionTypes.h
2026-06-03T08:46:50.6397800Z x iPhoneOS14.5.sdk/System/Library/Frameworks/AVFoundation.framework/Headers/AVCaptureVideoDataOutput.h
2026-06-03T08:46:50.6398810Z x iPhoneOS14.5.sdk/System/Library/Frameworks/AVFoundation.framework/Headers/AVAudioMixing.h
2026-06-03T08:46:50.6399650Z x iPhoneOS14.5.sdk/System/Library/Frameworks/AVFoundation.framework/Headers/AVAudioUnitGenerator.h
2026-06-03T08:46:50.6400660Z x iPhoneOS14.5.sdk/System/Library/Frameworks/AVFoundation.framework/Headers/AVAudioSession.h
2026-06-03T08:46:50.6401580Z x iPhoneOS14.5.sdk/System/Library/Frameworks/AVFoundation.framework/Headers/AVDisplayCriteria.h
2026-06-03T08:46:50.6402680Z x iPhoneOS14.5.sdk/System/Library/Frameworks/AVFoundation.framework/Headers/AVError.h
2026-06-03T08:46:50.6404210Z x iPhoneOS14.5.sdk/System/Library/Frameworks/AVFoundation.framework/Headers/AVAudioUnitMIDIInstrument.h
2026-06-03T08:46:50.6408950Z x iPhoneOS14.5.sdk/System/Library/Frameworks/AVFoundation.framework/Headers/AVMetadataFormat.h
2026-06-03T08:46:50.6410140Z x iPhoneOS14.5.sdk/System/Library/Frameworks/AVFoundation.framework/Headers/AVAudioUnitDelay.h
2026-06-03T08:46:50.6411250Z x iPhoneOS14.5.sdk/System/Library/Frameworks/AVFoundation.framework/Headers/AVTimedMetadataGroup.h
2026-06-03T08:46:50.6412180Z x iPhoneOS14.5.sdk/System/Library/Frameworks/AVFoundation.framework/Headers/AVAudioUnit.h
2026-06-03T08:46:50.6413330Z x iPhoneOS14.5.sdk/System/Library/Frameworks/AVFoundation.framework/Headers/AVAudioSettings.h
2026-06-03T08:46:50.6414450Z x iPhoneOS14.5.sdk/System/Library/Frameworks/AVFoundation.framework/Headers/AVTextStyleRule.h
2026-06-03T08:46:50.6420420Z x iPhoneOS14.5.sdk/System/Library/Frameworks/AVFoundation.framework/Headers/AVPlayerInterstitialEventController.h
2026-06-03T08:46:50.6421240Z x iPhoneOS14.5.sdk/System/Library/Frameworks/AVFoundation.framework/Headers/AVFoundation.h
2026-06-03T08:46:50.6422190Z x iPhoneOS14.5.sdk/System/Library/Frameworks/AVFoundation.framework/Headers/AVBase.h
2026-06-03T08:46:50.6423290Z x iPhoneOS14.5.sdk/System/Library/Frameworks/AVFoundation.framework/Headers/AVAudioPlayerNode.h
2026-06-03T08:46:50.6424820Z x iPhoneOS14.5.sdk/System/Library/Frameworks/AVFoundation.framework/Headers/AVCaptureDepthDataOutput.h
2026-06-03T08:46:50.6525870Z x iPhoneOS14.5.sdk/System/Library/Frameworks/AVFoundation.framework/Headers/AVSampleBufferAudioRenderer.h
2026-06-03T08:46:50.6627140Z x iPhoneOS14.5.sdk/System/Library/Frameworks/AVFoundation.framework/Headers/AVAudioEnvironmentNode.h
2026-06-03T08:46:50.6727950Z x iPhoneOS14.5.sdk/System/Library/Frameworks/AVFoundation.framework/Headers/AVAudioTypes.h
2026-06-03T08:46:50.6828960Z x iPhoneOS14.5.sdk/System/Library/Frameworks/AVFoundation.framework/Headers/AVAudioConnectionPoint.h
2026-06-03T08:46:50.6932010Z x iPhoneOS14.5.sdk/System/Library/Frameworks/AVFoundation.framework/Headers/AVContentKeySession.h
2026-06-03T08:46:50.7033120Z x iPhoneOS14.5.sdk/System/Library/Frameworks/AVFoundation.framework/Headers/AVCompositionTrackSegment.h
2026-06-03T08:46:50.7133970Z x iPhoneOS14.5.sdk/System/Library/Frameworks/AVFoundation.framework/Headers/AVPlayerLayer.h
2026-06-03T08:46:50.7234830Z x iPhoneOS14.5.sdk/System/Library/Frameworks/AVFoundation.framework/Headers/AVMovie.h
2026-06-03T08:46:50.7335830Z x iPhoneOS14.5.sdk/System/Library/Frameworks/AVFoundation.framework/Headers/AVPlayerLooper.h
2026-06-03T08:46:50.7437270Z x iPhoneOS14.5.sdk/System/Library/Frameworks/AVFoundation.framework/Headers/AVPlayerItemMediaDataCollector.h
2026-06-03T08:46:50.7556530Z x iPhoneOS14.5.sdk/System/Library/Frameworks/AVFoundation.framework/Headers/AVAnimation.h
2026-06-03T08:46:50.7657550Z x iPhoneOS14.5.sdk/System/Library/Frameworks/AVFoundation.framework/Headers/AVAudioUnitTimeEffect.h
2026-06-03T08:46:50.7767040Z x iPhoneOS14.5.sdk/System/Library/Frameworks/AVFoundation.framework/Headers/AVMetadataIdentifiers.h
2026-06-03T08:46:50.7868310Z x iPhoneOS14.5.sdk/System/Library/Frameworks/AVFoundation.framework/Headers/AVMediaSelectionGroup.h
2026-06-03T08:46:50.7969590Z x iPhoneOS14.5.sdk/System/Library/Frameworks/AVFoundation.framework/Headers/AVOutputSettingsAssistant.h
2026-06-03T08:46:50.8070700Z x iPhoneOS14.5.sdk/System/Library/Frameworks/AVFoundation.framework/Headers/AVMediaSelection.h
2026-06-03T08:46:50.8171940Z x iPhoneOS14.5.sdk/System/Library/Frameworks/AVFoundation.framework/Headers/AVAudioUnitDistortion.h
2026-06-03T08:46:50.8273110Z x iPhoneOS14.5.sdk/System/Library/Frameworks/AVFoundation.framework/Headers/AVMIDIPlayer.h
2026-06-03T08:46:50.8374300Z x iPhoneOS14.5.sdk/System/Library/Frameworks/AVFoundation.framework/Headers/AVFoundation.apinotes
2026-06-03T08:46:50.8475510Z x iPhoneOS14.5.sdk/System/Library/Frameworks/AVFoundation.framework/Headers/AVCaptureDevice.h
2026-06-03T08:46:50.8584270Z x iPhoneOS14.5.sdk/System/Library/Frameworks/AVFoundation.framework/Headers/AVAssetExportSession.h
2026-06-03T08:46:50.8685660Z x iPhoneOS14.5.sdk/System/Library/Frameworks/AVFoundation.framework/Headers/AVAssetReaderOutput.h
2026-06-03T08:46:50.8788230Z x iPhoneOS14.5.sdk/System/Library/Frameworks/AVFoundation.framework/Headers/AVAudioProcessingSettings.h
2026-06-03T08:46:50.8890220Z x iPhoneOS14.5.sdk/System/Library/Frameworks/AVFoundation.framework/Headers/AVCaptureInput.h
2026-06-03T08:46:50.8991610Z x iPhoneOS14.5.sdk/System/Library/Frameworks/AVFoundation.framework/Headers/AVAudioSessionRoute.h
2026-06-03T08:46:50.9093050Z x iPhoneOS14.5.sdk/System/Library/Frameworks/AVFoundation.framework/Headers/AVVideoComposition.h
2026-06-03T08:46:50.9194290Z x iPhoneOS14.5.sdk/System/Library/Frameworks/AVFoundation.framework/Headers/AVTime.h
2026-06-03T08:46:50.9295310Z x iPhoneOS14.5.sdk/System/Library/Frameworks/AVFoundation.framework/Headers/AVAudioFile.h
2026-06-03T08:46:50.9309440Z x iPhoneOS14.5.sdk/System/Library/Frameworks/AVFoundation.framework/Headers/AVAudioUnitEQ.h
2026-06-03T08:46:50.9310980Z x iPhoneOS14.5.sdk/System/Library/Frameworks/AVFoundation.framework/Headers/AVAsynchronousKeyValueLoading.h
2026-06-03T08:46:50.9318680Z x iPhoneOS14.5.sdk/System/Library/Frameworks/AVFoundation.framework/Headers/AVAudioEngine.h
2026-06-03T08:46:50.9325070Z x iPhoneOS14.5.sdk/System/Library/Frameworks/AVFoundation.framework/Headers/AVAudioConverter.h
2026-06-03T08:46:50.9340320Z x iPhoneOS14.5.sdk/System/Library/Frameworks/AVFoundation.framework/Headers/AVAudioBuffer.h
2026-06-03T08:46:50.9358500Z x iPhoneOS14.5.sdk/System/Library/Frameworks/AVFoundation.framework/Headers/AVAudioNode.h
2026-06-03T08:46:50.9419530Z x iPhoneOS14.5.sdk/System/Library/Frameworks/AVFoundation.framework/Headers/AVQueuedSampleBufferRendering.h
2026-06-03T08:46:50.9421850Z x iPhoneOS14.5.sdk/System/Library/Frameworks/AVFoundation.framework/Headers/AVSynchronizedLayer.h
2026-06-03T08:46:50.9442010Z x iPhoneOS14.5.sdk/System/Library/Frameworks/AVFoundation.framework/Headers/AVAudioUnitReverb.h
2026-06-03T08:46:50.9447160Z x iPhoneOS14.5.sdk/System/Library/Frameworks/AVFoundation.framework/Headers/AVAudioIONode.h
2026-06-03T08:46:50.9451230Z x iPhoneOS14.5.sdk/System/Library/Frameworks/AVFoundation.framework/Headers/AVAssetTrack.h
2026-06-03T08:46:50.9460500Z x iPhoneOS14.5.sdk/System/Library/Frameworks/AVFoundation.framework/Headers/AVPlayerItem.h
2026-06-03T08:46:50.9461830Z x iPhoneOS14.5.sdk/System/Library/Frameworks/AVFoundation.framework/Headers/AVSemanticSegmentationMatte.h
2026-06-03T08:46:50.9463380Z x iPhoneOS14.5.sdk/System/Library/Frameworks/AVFoundation.framework/Headers/AVFCore.h
2026-06-03T08:46:50.9475700Z x iPhoneOS14.5.sdk/System/Library/Frameworks/AVFoundation.framework/Headers/AVPlayer.h
2026-06-03T08:46:50.9497920Z x iPhoneOS14.5.sdk/System/Library/Frameworks/AVFoundation.framework/Headers/AVAudioRecorder.h
2026-06-03T08:46:50.9510890Z x iPhoneOS14.5.sdk/System/Library/Frameworks/AVFoundation.framework/Headers/AVAssetResourceLoader.h
2026-06-03T08:46:50.9511510Z x iPhoneOS14.5.sdk/System/Library/Frameworks/AVFoundation.framework/Headers/AVAudioFormat.h
2026-06-03T08:46:50.9512220Z x iPhoneOS14.5.sdk/System/Library/Frameworks/AVFoundation.framework/Headers/AVDepthData.h
2026-06-03T08:46:50.9512730Z x iPhoneOS14.5.sdk/System/Library/Frameworks/AVFoundation.framework/Headers/AVMediaFormat.h
2026-06-03T08:46:50.9518960Z x iPhoneOS14.5.sdk/System/Library/Frameworks/AVFoundation.framework/Headers/AVAssetReader.h
2026-06-03T08:46:50.9519500Z x iPhoneOS14.5.sdk/System/Library/Frameworks/AVFoundation.framework/Headers/AVPortraitEffectsMatte.h
2026-06-03T08:46:50.9520090Z x iPhoneOS14.5.sdk/System/Library/Frameworks/AVFoundation.framework/Headers/AVAudioSessionDeprecated.h
2026-06-03T08:46:50.9520660Z x iPhoneOS14.5.sdk/System/Library/Frameworks/AVFoundation.framework/Headers/AVAudioUnitTimePitch.h
2026-06-03T08:46:50.9521210Z x iPhoneOS14.5.sdk/System/Library/Frameworks/AVFoundation.framework/Headers/AVAudioUnitComponent.h
2026-06-03T08:46:50.9521730Z x iPhoneOS14.5.sdk/System/Library/Frameworks/AVFoundation.framework/Headers/AVCaptureSession.h
2026-06-03T08:46:50.9522310Z x iPhoneOS14.5.sdk/System/Library/Frameworks/AVFoundation.framework/Headers/AVPlayerMediaSelectionCriteria.h
2026-06-03T08:46:50.9523160Z x iPhoneOS14.5.sdk/System/Library/Frameworks/AVFoundation.framework/Headers/AVCaptureMetadataOutput.h
2026-06-03T08:46:50.9524570Z x iPhoneOS14.5.sdk/System/Library/Frameworks/AVFoundation.framework/Headers/AVAssetWriter.h
2026-06-03T08:46:50.9525080Z x iPhoneOS14.5.sdk/System/Library/Frameworks/AVFoundation.framework/Headers/AVAudioTime.h
2026-06-03T08:46:50.9525610Z x iPhoneOS14.5.sdk/System/Library/Frameworks/AVFoundation.framework/Headers/AVAssetCache.h
2026-06-03T08:46:50.9526140Z x iPhoneOS14.5.sdk/System/Library/Frameworks/AVFoundation.framework/Headers/AVAssetDownloadTask.h
2026-06-03T08:46:50.9526690Z x iPhoneOS14.5.sdk/System/Library/Frameworks/AVFoundation.framework/Headers/AVAudioChannelLayout.h
2026-06-03T08:46:50.9527220Z x iPhoneOS14.5.sdk/System/Library/Frameworks/AVFoundation.framework/Headers/AVCaptureOutput.h
2026-06-03T08:46:50.9527720Z x iPhoneOS14.5.sdk/System/Library/Frameworks/AVFoundation.framework/Headers/AVFCapture.h
2026-06-03T08:46:50.9528230Z x iPhoneOS14.5.sdk/System/Library/Frameworks/AVFoundation.framework/Headers/AVVideoCompositing.h
2026-06-03T08:46:50.9528810Z x iPhoneOS14.5.sdk/System/Library/Frameworks/AVFoundation.framework/Headers/AVSampleBufferRenderSynchronizer.h
2026-06-03T08:46:50.9529390Z x iPhoneOS14.5.sdk/System/Library/Frameworks/AVFoundation.framework/Headers/AVSpeechSynthesis.h
2026-06-03T08:46:50.9530100Z x iPhoneOS14.5.sdk/System/Library/Frameworks/AVFoundation.framework/Headers/AVCameraCalibrationData.h
2026-06-03T08:46:50.9530670Z x iPhoneOS14.5.sdk/System/Library/Frameworks/AVFoundation.framework/Headers/AVCaptureFileOutput.h
2026-06-03T08:46:50.9531200Z x iPhoneOS14.5.sdk/System/Library/Frameworks/AVFoundation.framework/Headers/AVAssetTrackGroup.h
2026-06-03T08:46:50.9531760Z x iPhoneOS14.5.sdk/System/Library/Frameworks/AVFoundation.framework/Headers/AVAsset.h
2026-06-03T08:46:50.9532250Z x iPhoneOS14.5.sdk/System/Library/Frameworks/AVFoundation.framework/Headers/AVAudioSequencer.h
2026-06-03T08:46:50.9547640Z x iPhoneOS14.5.sdk/System/Library/Frameworks/AVFoundation.framework/Headers/AVVideoSettings.h
2026-06-03T08:46:50.9548200Z x iPhoneOS14.5.sdk/System/Library/Frameworks/AVFoundation.framework/Headers/AVFAudio.h
2026-06-03T08:46:50.9548700Z x iPhoneOS14.5.sdk/System/Library/Frameworks/AVFoundation.framework/Headers/AVAudioUnitEffect.h
2026-06-03T08:46:50.9549450Z x iPhoneOS14.5.sdk/System/Library/Frameworks/AVFoundation.framework/Headers/AVCaptureOutputBase.h
2026-06-03T08:46:50.9550000Z x iPhoneOS14.5.sdk/System/Library/Frameworks/AVFoundation.framework/Headers/AVAssetWriterInput.h
2026-06-03T08:46:50.9550540Z x iPhoneOS14.5.sdk/System/Library/Frameworks/AVFoundation.framework/Headers/AVCapturePhotoOutput.h
2026-06-03T08:46:50.9551190Z x iPhoneOS14.5.sdk/System/Library/Frameworks/AVFoundation.framework/Headers/AVAudioMix.h
2026-06-03T08:46:50.9653370Z x iPhoneOS14.5.sdk/System/Library/Frameworks/AVFoundation.framework/Headers/AVCaptureDataOutputSynchronizer.h
2026-06-03T08:46:50.9678860Z x iPhoneOS14.5.sdk/System/Library/Frameworks/AVFoundation.framework/Headers/AVPlayerItemTrack.h
2026-06-03T08:46:50.9680670Z x iPhoneOS14.5.sdk/System/Library/Frameworks/AVFoundation.framework/Headers/AVMetadataObject.h
2026-06-03T08:46:50.9694020Z x iPhoneOS14.5.sdk/System/Library/Frameworks/AVFoundation.framework/Headers/AVAudioUnitVarispeed.h
2026-06-03T08:46:50.9704330Z x iPhoneOS14.5.sdk/System/Library/Frameworks/AVFoundation.framework/Headers/AVAssetDownloadStorageManager.h
2026-06-03T08:46:50.9705420Z x iPhoneOS14.5.sdk/System/Library/Frameworks/AVFoundation.framework/Headers/AVAudioUnitSampler.h
2026-06-03T08:46:50.9707000Z x iPhoneOS14.5.sdk/System/Library/Frameworks/AVFoundation.framework/Headers/AVRouteDetector.h
2026-06-03T08:46:50.9717500Z x iPhoneOS14.5.sdk/System/Library/Frameworks/AVFoundation.framework/Headers/AVAssetImageGenerator.h
2026-06-03T08:46:50.9722210Z x iPhoneOS14.5.sdk/System/Library/Frameworks/AVFoundation.framework/Headers/AVMovieTrack.h
2026-06-03T08:46:50.9722730Z x iPhoneOS14.5.sdk/System/Library/Frameworks/AVFoundation.framework/Headers/AVMetadataItem.h
2026-06-03T08:46:50.9723290Z x iPhoneOS14.5.sdk/System/Library/Frameworks/AVFoundation.framework/Headers/AVCaptureAudioPreviewOutput.h
2026-06-03T08:46:50.9723830Z x iPhoneOS14.5.sdk/System/Library/Frameworks/AVFoundation.framework/AVFoundation.tbd
2026-06-03T08:46:50.9724310Z x iPhoneOS14.5.sdk/System/Library/Frameworks/MetalPerformanceShadersGraph.framework/
2026-06-03T08:46:50.9724820Z x iPhoneOS14.5.sdk/System/Library/Frameworks/MetalPerformanceShadersGraph.framework/Modules/
2026-06-03T08:46:50.9725400Z x iPhoneOS14.5.sdk/System/Library/Frameworks/MetalPerformanceShadersGraph.framework/Modules/module.modulemap
2026-06-03T08:46:50.9725980Z x iPhoneOS14.5.sdk/System/Library/Frameworks/MetalPerformanceShadersGraph.framework/Headers/
2026-06-03T08:46:50.9726580Z x iPhoneOS14.5.sdk/System/Library/Frameworks/MetalPerformanceShadersGraph.framework/Headers/MPSGraphTensorShapeOps.h
2026-06-03T08:46:50.9727260Z x iPhoneOS14.5.sdk/System/Library/Frameworks/MetalPerformanceShadersGraph.framework/Headers/MPSGraphConvolutionOps.h
2026-06-03T08:46:50.9727930Z x iPhoneOS14.5.sdk/System/Library/Frameworks/MetalPerformanceShadersGraph.framework/Headers/MPSGraphGatherNDOps.h
2026-06-03T08:46:50.9728600Z x iPhoneOS14.5.sdk/System/Library/Frameworks/MetalPerformanceShadersGraph.framework/Headers/MPSGraphScatterNDOps.h
2026-06-03T08:46:50.9729650Z x iPhoneOS14.5.sdk/System/Library/Frameworks/MetalPerformanceShadersGraph.framework/Headers/MPSGraphTensorData.h
2026-06-03T08:46:50.9730360Z x iPhoneOS14.5.sdk/System/Library/Frameworks/MetalPerformanceShadersGraph.framework/Headers/MPSGraphConvolutionTransposeOps.h
2026-06-03T08:46:50.9731050Z x iPhoneOS14.5.sdk/System/Library/Frameworks/MetalPerformanceShadersGraph.framework/Headers/MPSGraphCore.h
2026-06-03T08:46:50.9731680Z x iPhoneOS14.5.sdk/System/Library/Frameworks/MetalPerformanceShadersGraph.framework/Headers/MPSGraphMemoryOps.h
2026-06-03T08:46:50.9732510Z x iPhoneOS14.5.sdk/System/Library/Frameworks/MetalPerformanceShadersGraph.framework/Headers/MPSGraphDepthwiseConvolutionOps.h
2026-06-03T08:46:50.9733200Z x iPhoneOS14.5.sdk/System/Library/Frameworks/MetalPerformanceShadersGraph.framework/Headers/MPSGraphTensor.h
2026-06-03T08:46:50.9733890Z x iPhoneOS14.5.sdk/System/Library/Frameworks/MetalPerformanceShadersGraph.framework/Headers/MPSGraphAutomaticDifferentiation.h
2026-06-03T08:46:50.9734880Z x iPhoneOS14.5.sdk/System/Library/Frameworks/MetalPerformanceShadersGraph.framework/Headers/MPSGraphActivationOps.h
2026-06-03T08:46:50.9735540Z x iPhoneOS14.5.sdk/System/Library/Frameworks/MetalPerformanceShadersGraph.framework/Headers/MPSGraphRandomOps.h
2026-06-03T08:46:50.9736200Z x iPhoneOS14.5.sdk/System/Library/Frameworks/MetalPerformanceShadersGraph.framework/Headers/MPSGraphArithmeticOps.h
2026-06-03T08:46:50.9736940Z x iPhoneOS14.5.sdk/System/Library/Frameworks/MetalPerformanceShadersGraph.framework/Headers/MPSGraphReductionOps.h
2026-06-03T08:46:50.9737940Z x iPhoneOS14.5.sdk/System/Library/Frameworks/MetalPerformanceShadersGraph.framework/Headers/MetalPerformanceShadersGraph.h
2026-06-03T08:46:50.9738630Z x iPhoneOS14.5.sdk/System/Library/Frameworks/MetalPerformanceShadersGraph.framework/Headers/MPSGraphOneHotOps.h
2026-06-03T08:46:50.9739290Z x iPhoneOS14.5.sdk/System/Library/Frameworks/MetalPerformanceShadersGraph.framework/Headers/MPSGraphNormalizationOps.h
2026-06-03T08:46:50.9740020Z x iPhoneOS14.5.sdk/System/Library/Frameworks/MetalPerformanceShadersGraph.framework/Headers/MPSGraphMatrixMultiplicationOps.h
2026-06-03T08:46:50.9740720Z x iPhoneOS14.5.sdk/System/Library/Frameworks/MetalPerformanceShadersGraph.framework/Headers/MPSGraphOptimizerOps.h
2026-06-03T08:46:50.9741490Z x iPhoneOS14.5.sdk/System/Library/Frameworks/MetalPerformanceShadersGraph.framework/Headers/MPSGraphOperation.h
2026-06-03T08:46:50.9742200Z x iPhoneOS14.5.sdk/System/Library/Frameworks/MetalPerformanceShadersGraph.framework/Headers/MPSGraphGatherOps.h
2026-06-03T08:46:50.9742950Z x iPhoneOS14.5.sdk/System/Library/Frameworks/MetalPerformanceShadersGraph.framework/Headers/MPSGraphLossOps.h
2026-06-03T08:46:50.9743570Z x iPhoneOS14.5.sdk/System/Library/Frameworks/MetalPerformanceShadersGraph.framework/Headers/MPSGraphDevice.h
2026-06-03T08:46:50.9745640Z x iPhoneOS14.5.sdk/System/Library/Frameworks/MetalPerformanceShadersGraph.framework/Headers/MPSGraph.h
2026-06-03T08:46:50.9747430Z x iPhoneOS14.5.sdk/System/Library/Frameworks/MetalPerformanceShadersGraph.framework/Headers/MPSGraphPoolingOps.h
2026-06-03T08:46:50.9749190Z x iPhoneOS14.5.sdk/System/Library/Frameworks/MetalPerformanceShadersGraph.framework/Headers/MPSGraphResizeOps.h
2026-06-03T08:46:50.9750960Z x iPhoneOS14.5.sdk/System/Library/Frameworks/MetalPerformanceShadersGraph.framework/MetalPerformanceShadersGraph.tbd
2026-06-03T08:46:50.9752600Z x iPhoneOS14.5.sdk/System/Library/Frameworks/Intents.framework/
2026-06-03T08:46:50.9753560Z x iPhoneOS14.5.sdk/System/Library/Frameworks/Intents.framework/Modules/
2026-06-03T08:46:50.9754460Z x iPhoneOS14.5.sdk/System/Library/Frameworks/Intents.framework/Modules/module.modulemap
2026-06-03T08:46:50.9754980Z x iPhoneOS14.5.sdk/System/Library/Frameworks/Intents.framework/Headers/
2026-06-03T08:46:50.9755440Z x iPhoneOS14.5.sdk/System/Library/Frameworks/Intents.framework/Headers/INRecurrenceFrequency.h
2026-06-03T08:46:50.9756120Z x iPhoneOS14.5.sdk/System/Library/Frameworks/Intents.framework/Headers/INLocationSearchTypeResolutionResult.h
2026-06-03T08:46:50.9757010Z x iPhoneOS14.5.sdk/System/Library/Frameworks/Intents.framework/Headers/INStartAudioCallIntent_Deprecated.h
2026-06-03T08:46:50.9757590Z x iPhoneOS14.5.sdk/System/Library/Frameworks/Intents.framework/Headers/INSendMessageIntent.h
2026-06-03T08:46:50.9758150Z x iPhoneOS14.5.sdk/System/Library/Frameworks/Intents.framework/Headers/NSUserActivity+IntentsAdditions.h
2026-06-03T08:46:50.9758720Z x iPhoneOS14.5.sdk/System/Library/Frameworks/Intents.framework/Headers/INUpdateMediaAffinityIntent.h
2026-06-03T08:46:50.9759250Z x iPhoneOS14.5.sdk/System/Library/Frameworks/Intents.framework/Headers/INCallCapability.h
2026-06-03T08:46:50.9759750Z x iPhoneOS14.5.sdk/System/Library/Frameworks/Intents.framework/Headers/INPersonRelationship.h
2026-06-03T08:46:50.9760250Z x iPhoneOS14.5.sdk/System/Library/Frameworks/Intents.framework/Headers/INVoiceShortcut.h
2026-06-03T08:46:50.9760780Z x iPhoneOS14.5.sdk/System/Library/Frameworks/Intents.framework/Headers/INTimeIntervalResolutionResult.h
2026-06-03T08:46:50.9761530Z x iPhoneOS14.5.sdk/System/Library/Frameworks/Intents.framework/Headers/INSetMessageAttributeIntent.h
2026-06-03T08:46:50.9762080Z x iPhoneOS14.5.sdk/System/Library/Frameworks/Intents.framework/Headers/INBooleanResolutionResult.h
2026-06-03T08:46:50.9762670Z x iPhoneOS14.5.sdk/System/Library/Frameworks/Intents.framework/Headers/INOutgoingMessageTypeResolutionResult.h
2026-06-03T08:46:50.9763300Z x iPhoneOS14.5.sdk/System/Library/Frameworks/Intents.framework/Headers/INGetReservationDetailsIntentResponse.h
2026-06-03T08:46:50.9764780Z x iPhoneOS14.5.sdk/System/Library/Frameworks/Intents.framework/Headers/INCarAudioSourceResolutionResult.h
2026-06-03T08:46:50.9765690Z x iPhoneOS14.5.sdk/System/Library/Frameworks/Intents.framework/Headers/INCarDefroster.h
2026-06-03T08:46:50.9766300Z x iPhoneOS14.5.sdk/System/Library/Frameworks/Intents.framework/Headers/INResumeWorkoutIntentResponse.h
2026-06-03T08:46:50.9766850Z x iPhoneOS14.5.sdk/System/Library/Frameworks/Intents.framework/Headers/INSetRadioStationIntent.h
2026-06-03T08:46:50.9767390Z x iPhoneOS14.5.sdk/System/Library/Frameworks/Intents.framework/Headers/INCarAirCirculationMode.h
2026-06-03T08:46:50.9767970Z x iPhoneOS14.5.sdk/System/Library/Frameworks/Intents.framework/Headers/INWorkoutLocationTypeResolutionResult.h
2026-06-03T08:46:50.9768560Z x iPhoneOS14.5.sdk/System/Library/Frameworks/Intents.framework/Headers/INBillTypeResolutionResult.h
2026-06-03T08:46:50.9769090Z x iPhoneOS14.5.sdk/System/Library/Frameworks/Intents.framework/Headers/INRequestRideIntent.h
2026-06-03T08:46:50.9769570Z x iPhoneOS14.5.sdk/System/Library/Frameworks/Intents.framework/Headers/INUserContext.h
2026-06-03T08:46:50.9770030Z x iPhoneOS14.5.sdk/System/Library/Frameworks/Intents.framework/Headers/INTaskType.h
2026-06-03T08:46:50.9770500Z x iPhoneOS14.5.sdk/System/Library/Frameworks/Intents.framework/Headers/INTextNoteContent.h
2026-06-03T08:46:50.9771130Z x iPhoneOS14.5.sdk/System/Library/Frameworks/Intents.framework/Headers/INPlacemarkResolutionResult.h
2026-06-03T08:46:50.9771750Z x iPhoneOS14.5.sdk/System/Library/Frameworks/Intents.framework/Headers/INPlayMediaPlaybackSpeedResolutionResult.h
2026-06-03T08:46:50.9772450Z x iPhoneOS14.5.sdk/System/Library/Frameworks/Intents.framework/Headers/INGetUserCurrentRestaurantReservationBookingsIntent.h
2026-06-03T08:46:50.9774070Z x iPhoneOS14.5.sdk/System/Library/Frameworks/Intents.framework/Headers/INMediaDestination.h
2026-06-03T08:46:50.9774560Z x iPhoneOS14.5.sdk/System/Library/Frameworks/Intents.framework/Headers/INPriceRange.h
2026-06-03T08:46:50.9775330Z x iPhoneOS14.5.sdk/System/Library/Frameworks/Intents.framework/Headers/INAddTasksIntent_Deprecated.h
2026-06-03T08:46:50.9775950Z x iPhoneOS14.5.sdk/System/Library/Frameworks/Intents.framework/Headers/INMassResolutionResult.h
2026-06-03T08:46:50.9776460Z x iPhoneOS14.5.sdk/System/Library/Frameworks/Intents.framework/Headers/INIntentResponses.h
2026-06-03T08:46:50.9777080Z x iPhoneOS14.5.sdk/System/Library/Frameworks/Intents.framework/Headers/INBillPayeeResolutionResult.h
2026-06-03T08:46:50.9777790Z x iPhoneOS14.5.sdk/System/Library/Frameworks/Intents.framework/Headers/INDateSearchType.h
2026-06-03T08:46:50.9778500Z x iPhoneOS14.5.sdk/System/Library/Frameworks/Intents.framework/Headers/INMessageAttributeOptionsResolutionResult.h
2026-06-03T08:46:50.9779660Z x iPhoneOS14.5.sdk/System/Library/Frameworks/Intents.framework/Headers/INSendPaymentIntent.h
2026-06-03T08:46:50.9780320Z x iPhoneOS14.5.sdk/System/Library/Frameworks/Intents.framework/Headers/INGetAvailableRestaurantReservationBookingDefaultsIntent.h
2026-06-03T08:46:50.9780980Z x iPhoneOS14.5.sdk/System/Library/Frameworks/Intents.framework/Headers/INPhotoAttributeOptions.h
2026-06-03T08:46:50.9781480Z x iPhoneOS14.5.sdk/System/Library/Frameworks/Intents.framework/Headers/INPaymentAmount.h
2026-06-03T08:46:50.9781960Z x iPhoneOS14.5.sdk/System/Library/Frameworks/Intents.framework/Headers/INMediaSortOrder.h
2026-06-03T08:46:50.9782500Z x iPhoneOS14.5.sdk/System/Library/Frameworks/Intents.framework/Headers/INIntegerResolutionResult.h
2026-06-03T08:46:50.9783200Z x iPhoneOS14.5.sdk/System/Library/Frameworks/Intents.framework/Headers/INRadioType.h
2026-06-03T08:46:50.9783790Z x iPhoneOS14.5.sdk/System/Library/Frameworks/Intents.framework/Headers/INTemporalEventTriggerTypeOptionsResolutionResult.h
2026-06-03T08:46:50.9784440Z x iPhoneOS14.5.sdk/System/Library/Frameworks/Intents.framework/Headers/INVocabulary.h
2026-06-03T08:46:50.9785040Z x iPhoneOS14.5.sdk/System/Library/Frameworks/Intents.framework/Headers/INDeleteTasksTaskListResolutionResult.h
2026-06-03T08:46:50.9785660Z x iPhoneOS14.5.sdk/System/Library/Frameworks/Intents.framework/Headers/INSearchForMessagesIntentResponse.h
2026-06-03T08:46:50.9786280Z x iPhoneOS14.5.sdk/System/Library/Frameworks/Intents.framework/Headers/INDateComponentsRangeResolutionResult.h
2026-06-03T08:46:50.9786830Z x iPhoneOS14.5.sdk/System/Library/Frameworks/Intents.framework/Headers/INTicketedEvent.h
2026-06-03T08:46:50.9787410Z x iPhoneOS14.5.sdk/System/Library/Frameworks/Intents.framework/Headers/INUpcomingMediaManager.h
2026-06-03T08:46:50.9787940Z x iPhoneOS14.5.sdk/System/Library/Frameworks/Intents.framework/Headers/INMediaDestinationType.h
2026-06-03T08:46:50.9788470Z x iPhoneOS14.5.sdk/System/Library/Frameworks/Intents.framework/Headers/INRelevantShortcutStore.h
2026-06-03T08:46:50.9789030Z x iPhoneOS14.5.sdk/System/Library/Frameworks/Intents.framework/Headers/INCurrencyAmountResolutionResult.h
2026-06-03T08:46:50.9789610Z x iPhoneOS14.5.sdk/System/Library/Frameworks/Intents.framework/Headers/INTemperatureResolutionResult.h
2026-06-03T08:46:50.9790170Z x iPhoneOS14.5.sdk/System/Library/Frameworks/Intents.framework/Headers/INDoubleResolutionResult.h
2026-06-03T08:46:50.9790650Z x iPhoneOS14.5.sdk/System/Library/Frameworks/Intents.framework/Headers/INNote.h
2026-06-03T08:46:50.9791170Z x iPhoneOS14.5.sdk/System/Library/Frameworks/Intents.framework/Headers/INMediaAffinityTypeResolutionResult.h
2026-06-03T08:46:50.9791770Z x iPhoneOS14.5.sdk/System/Library/Frameworks/Intents.framework/Headers/INGetCarLockStatusIntentResponse.h
2026-06-03T08:46:50.9792310Z x iPhoneOS14.5.sdk/System/Library/Frameworks/Intents.framework/Headers/INImageNoteContent.h
2026-06-03T08:46:50.9792860Z x iPhoneOS14.5.sdk/System/Library/Frameworks/Intents.framework/Headers/INGetCarPowerLevelStatusIntent.h
2026-06-03T08:46:50.9793410Z x iPhoneOS14.5.sdk/System/Library/Frameworks/Intents.framework/Headers/INLodgingReservation.h
2026-06-03T08:46:50.9793930Z x iPhoneOS14.5.sdk/System/Library/Frameworks/Intents.framework/Headers/INVoiceShortcutCenter.h
2026-06-03T08:46:50.9794400Z x iPhoneOS14.5.sdk/System/Library/Frameworks/Intents.framework/Headers/INPerson.h
2026-06-03T08:46:50.9794860Z x iPhoneOS14.5.sdk/System/Library/Frameworks/Intents.framework/Headers/Intents_Generated.h
2026-06-03T08:46:50.9795350Z x iPhoneOS14.5.sdk/System/Library/Frameworks/Intents.framework/Headers/INObjectCollection.h
2026-06-03T08:46:50.9795890Z x iPhoneOS14.5.sdk/System/Library/Frameworks/Intents.framework/Headers/INTrainTrip.h
2026-06-03T08:46:50.9796340Z x iPhoneOS14.5.sdk/System/Library/Frameworks/Intents.framework/Headers/INFlight.h
2026-06-03T08:46:50.9796900Z x iPhoneOS14.5.sdk/System/Library/Frameworks/Intents.framework/Headers/INRelativeSetting.h
2026-06-03T08:46:50.9797450Z x iPhoneOS14.5.sdk/System/Library/Frameworks/Intents.framework/Headers/INCarDefrosterResolutionResult.h
2026-06-03T08:46:50.9797960Z x iPhoneOS14.5.sdk/System/Library/Frameworks/Intents.framework/Headers/INExtension.h
2026-06-03T08:46:50.9798450Z x iPhoneOS14.5.sdk/System/Library/Frameworks/Intents.framework/Headers/INLocationSearchType.h
2026-06-03T08:46:50.9798930Z x iPhoneOS14.5.sdk/System/Library/Frameworks/Intents.framework/Headers/INListCarsIntent.h
2026-06-03T08:46:50.9799430Z x iPhoneOS14.5.sdk/System/Library/Frameworks/Intents.framework/Headers/INPaymentMethodType.h
2026-06-03T08:46:50.9800000Z x iPhoneOS14.5.sdk/System/Library/Frameworks/Intents.framework/Headers/INSetClimateSettingsInCarIntentResponse.h
2026-06-03T08:46:50.9800650Z x iPhoneOS14.5.sdk/System/Library/Frameworks/Intents.framework/Headers/INRideDriver.h
2026-06-03T08:46:50.9801110Z x iPhoneOS14.5.sdk/System/Library/Frameworks/Intents.framework/Headers/INMediaItem.h
2026-06-03T08:46:50.9801600Z x iPhoneOS14.5.sdk/System/Library/Frameworks/Intents.framework/Headers/INSearchForPhotosIntent.h
2026-06-03T08:46:50.9802140Z x iPhoneOS14.5.sdk/System/Library/Frameworks/Intents.framework/Headers/INRestaurantResolutionResult.h
2026-06-03T08:46:50.9802770Z x iPhoneOS14.5.sdk/System/Library/Frameworks/Intents.framework/Headers/INStartCallCallRecordToCallBackResolutionResult.h
2026-06-03T08:46:50.9803430Z x iPhoneOS14.5.sdk/System/Library/Frameworks/Intents.framework/Headers/INStartPhotoPlaybackIntentResponse.h
2026-06-03T08:46:50.9803990Z x iPhoneOS14.5.sdk/System/Library/Frameworks/Intents.framework/Headers/INGetRideStatusIntent.h
2026-06-03T08:46:50.9804470Z x iPhoneOS14.5.sdk/System/Library/Frameworks/Intents.framework/Headers/INBusTrip.h
2026-06-03T08:46:50.9805020Z x iPhoneOS14.5.sdk/System/Library/Frameworks/Intents.framework/Headers/INBookRestaurantReservationIntentResponse.h
2026-06-03T08:46:50.9805590Z x iPhoneOS14.5.sdk/System/Library/Frameworks/Intents.framework/Headers/INCallRecordType.h
2026-06-03T08:46:50.9806090Z x iPhoneOS14.5.sdk/System/Library/Frameworks/Intents.framework/Headers/INEnumResolutionResult.h
2026-06-03T08:46:50.9806620Z x iPhoneOS14.5.sdk/System/Library/Frameworks/Intents.framework/Headers/INObjectResolutionResult.h
2026-06-03T08:46:50.9807190Z x iPhoneOS14.5.sdk/System/Library/Frameworks/Intents.framework/Headers/INSearchForMessagesIntent_Deprecated.h
2026-06-03T08:46:50.9807770Z x iPhoneOS14.5.sdk/System/Library/Frameworks/Intents.framework/Headers/INCancelRideIntentResponse.h
2026-06-03T08:46:50.9808560Z x iPhoneOS14.5.sdk/System/Library/Frameworks/Intents.framework/Headers/NSExtensionContext+ShareExtension.h
2026-06-03T08:46:50.9809200Z x iPhoneOS14.5.sdk/System/Library/Frameworks/Intents.framework/Headers/INCancelWorkoutIntentResponse.h
2026-06-03T08:46:50.9809780Z x iPhoneOS14.5.sdk/System/Library/Frameworks/Intents.framework/Headers/INAddMediaIntentResponse.h
2026-06-03T08:46:50.9810300Z x iPhoneOS14.5.sdk/System/Library/Frameworks/Intents.framework/Headers/INCurrencyAmount.h
2026-06-03T08:46:50.9810780Z x iPhoneOS14.5.sdk/System/Library/Frameworks/Intents.framework/Headers/INIntentErrors.h
2026-06-03T08:46:50.9811280Z x iPhoneOS14.5.sdk/System/Library/Frameworks/Intents.framework/Headers/INPersonHandleLabel.h
2026-06-03T08:46:50.9811770Z x iPhoneOS14.5.sdk/System/Library/Frameworks/Intents.framework/Headers/INAddTasksIntent.h
2026-06-03T08:46:50.9812250Z x iPhoneOS14.5.sdk/System/Library/Frameworks/Intents.framework/Headers/Intents.apinotes
2026-06-03T08:46:50.9812730Z x iPhoneOS14.5.sdk/System/Library/Frameworks/Intents.framework/Headers/INRestaurantOffer.h
2026-06-03T08:46:50.9813250Z x iPhoneOS14.5.sdk/System/Library/Frameworks/Intents.framework/Headers/INSearchForMessagesIntent.h
2026-06-03T08:46:50.9813850Z x iPhoneOS14.5.sdk/System/Library/Frameworks/Intents.framework/Headers/INSearchForNotebookItemsIntent_Deprecated.h
2026-06-03T08:46:50.9814580Z x iPhoneOS14.5.sdk/System/Library/Frameworks/Intents.framework/Headers/INCarSeatResolutionResult.h
2026-06-03T08:46:50.9815120Z x iPhoneOS14.5.sdk/System/Library/Frameworks/Intents.framework/Headers/INDateComponentsRange.h
2026-06-03T08:46:50.9815630Z x iPhoneOS14.5.sdk/System/Library/Frameworks/Intents.framework/Headers/INPerson_Deprecated.h
2026-06-03T08:46:50.9816100Z x iPhoneOS14.5.sdk/System/Library/Frameworks/Intents.framework/Headers/INTask.h
2026-06-03T08:46:50.9816600Z x iPhoneOS14.5.sdk/System/Library/Frameworks/Intents.framework/Headers/INIntentResolutionResult+Custom.h
2026-06-03T08:46:50.9817140Z x iPhoneOS14.5.sdk/System/Library/Frameworks/Intents.framework/Headers/INRelevanceProvider.h
2026-06-03T08:46:50.9817620Z x iPhoneOS14.5.sdk/System/Library/Frameworks/Intents.framework/Headers/INTaskPriority.h
2026-06-03T08:46:50.9818160Z x iPhoneOS14.5.sdk/System/Library/Frameworks/Intents.framework/Headers/INVisualCodeTypeResolutionResult.h
2026-06-03T08:46:50.9818810Z x iPhoneOS14.5.sdk/System/Library/Frameworks/Intents.framework/Headers/INMediaReference.h
2026-06-03T08:46:50.9819300Z x iPhoneOS14.5.sdk/System/Library/Frameworks/Intents.framework/Headers/INDayOfWeekOptions.h
2026-06-03T08:46:50.9819780Z x iPhoneOS14.5.sdk/System/Library/Frameworks/Intents.framework/Headers/INRidePhase.h
2026-06-03T08:46:50.9820240Z x iPhoneOS14.5.sdk/System/Library/Frameworks/Intents.framework/Headers/INCarHeadUnit.h
2026-06-03T08:46:50.9820720Z x iPhoneOS14.5.sdk/System/Library/Frameworks/Intents.framework/Headers/INMediaUserContext.h
2026-06-03T08:46:50.9821270Z x iPhoneOS14.5.sdk/System/Library/Frameworks/Intents.framework/Headers/INDeleteTasksTaskResolutionResult.h
2026-06-03T08:46:50.9822190Z x iPhoneOS14.5.sdk/System/Library/Frameworks/Intents.framework/Headers/INTemporalEventTriggerResolutionResult.h
2026-06-03T08:46:50.9822740Z x iPhoneOS14.5.sdk/System/Library/Frameworks/Intents.framework/Headers/INAirport.h
2026-06-03T08:46:50.9823270Z x iPhoneOS14.5.sdk/System/Library/Frameworks/Intents.framework/Headers/INCreateTaskListIntent.h
2026-06-03T08:46:50.9823970Z x iPhoneOS14.5.sdk/System/Library/Frameworks/Intents.framework/Headers/INSetDefrosterSettingsInCarIntent_Deprecated.h
2026-06-03T08:46:50.9824660Z x iPhoneOS14.5.sdk/System/Library/Frameworks/Intents.framework/Headers/INStringResolutionResult.h
2026-06-03T08:46:50.9825230Z x iPhoneOS14.5.sdk/System/Library/Frameworks/Intents.framework/Headers/INImage.h
2026-06-03T08:46:50.9825750Z x iPhoneOS14.5.sdk/System/Library/Frameworks/Intents.framework/Headers/INSetMessageAttributeIntentResponse.h
2026-06-03T08:46:50.9826420Z x iPhoneOS14.5.sdk/System/Library/Frameworks/Intents.framework/Headers/INCreateTaskListIntentResponse.h
2026-06-03T08:46:50.9827040Z x iPhoneOS14.5.sdk/System/Library/Frameworks/Intents.framework/Headers/INPlayMediaIntent.h
2026-06-03T08:46:50.9827740Z x iPhoneOS14.5.sdk/System/Library/Frameworks/Intents.framework/Headers/INDefaultCardTemplate.h
2026-06-03T08:46:50.9828270Z x iPhoneOS14.5.sdk/System/Library/Frameworks/Intents.framework/Headers/INReservationActionType.h
2026-06-03T08:46:50.9828890Z x iPhoneOS14.5.sdk/System/Library/Frameworks/Intents.framework/Headers/INSetCarLockStatusIntent.h
2026-06-03T08:46:50.9829420Z x iPhoneOS14.5.sdk/System/Library/Frameworks/Intents.framework/Headers/INPerson+SiriAdditions.h
2026-06-03T08:46:50.9830000Z x iPhoneOS14.5.sdk/System/Library/Frameworks/Intents.framework/Headers/INGetCarPowerLevelStatusIntentResponse.h
2026-06-03T08:46:50.9830710Z x iPhoneOS14.5.sdk/System/Library/Frameworks/Intents.framework/Headers/INGetUserCurrentRestaurantReservationBookingsIntentResponse.h
2026-06-03T08:46:50.9831380Z x iPhoneOS14.5.sdk/System/Library/Frameworks/Intents.framework/Headers/INPayBillIntentResponse.h
2026-06-03T08:46:50.9831890Z x iPhoneOS14.5.sdk/System/Library/Frameworks/Intents.framework/Headers/INBoatReservation.h
2026-06-03T08:46:50.9832390Z x iPhoneOS14.5.sdk/System/Library/Frameworks/Intents.framework/Headers/INMediaSearch_Deprecated.h
2026-06-03T08:46:50.9833010Z x iPhoneOS14.5.sdk/System/Library/Frameworks/Intents.framework/Headers/INTermsAndConditions.h
2026-06-03T08:46:50.9833570Z x iPhoneOS14.5.sdk/System/Library/Frameworks/Intents.framework/Headers/INRelativeSettingResolutionResult.h
2026-06-03T08:46:50.9834140Z x iPhoneOS14.5.sdk/System/Library/Frameworks/Intents.framework/Headers/INMediaAffinityType.h
2026-06-03T08:46:50.9834700Z x iPhoneOS14.5.sdk/System/Library/Frameworks/Intents.framework/Headers/INAddMediaMediaItemResolutionResult.h
2026-06-03T08:46:50.9835430Z x iPhoneOS14.5.sdk/System/Library/Frameworks/Intents.framework/Headers/INSetClimateSettingsInCarIntent_Deprecated.h
2026-06-03T08:46:50.9836100Z x iPhoneOS14.5.sdk/System/Library/Frameworks/Intents.framework/Headers/INCallRecord_Deprecated.h
2026-06-03T08:46:50.9836760Z x iPhoneOS14.5.sdk/System/Library/Frameworks/Intents.framework/Headers/INGetCarLockStatusIntent.h
2026-06-03T08:46:50.9837290Z x iPhoneOS14.5.sdk/System/Library/Frameworks/Intents.framework/Headers/INPersonResolutionResult.h
2026-06-03T08:46:50.9838130Z x iPhoneOS14.5.sdk/System/Library/Frameworks/Intents.framework/Headers/INSendMessageRecipientResolutionResult.h
2026-06-03T08:46:50.9838880Z x iPhoneOS14.5.sdk/System/Library/Frameworks/Intents.framework/Headers/INPauseWorkoutIntentResponse.h
2026-06-03T08:46:50.9839390Z x iPhoneOS14.5.sdk/System/Library/Frameworks/Intents.framework/Headers/INShortcut.h
2026-06-03T08:46:50.9839970Z x iPhoneOS14.5.sdk/System/Library/Frameworks/Intents.framework/Headers/INMediaItemResolutionResult.h
2026-06-03T08:46:50.9840490Z x iPhoneOS14.5.sdk/System/Library/Frameworks/Intents.framework/Headers/INReservation.h
2026-06-03T08:46:50.9841100Z x iPhoneOS14.5.sdk/System/Library/Frameworks/Intents.framework/Headers/INSendMessageIntentResponse.h
2026-06-03T08:46:50.9841660Z x iPhoneOS14.5.sdk/System/Library/Frameworks/Intents.framework/Headers/INSiriAuthorizationStatus.h
2026-06-03T08:46:50.9842290Z x iPhoneOS14.5.sdk/System/Library/Frameworks/Intents.framework/Headers/INListRideOptionsIntent.h
2026-06-03T08:46:50.9842850Z x iPhoneOS14.5.sdk/System/Library/Frameworks/Intents.framework/Headers/INCallCapabilityResolutionResult.h
2026-06-03T08:46:50.9843430Z x iPhoneOS14.5.sdk/System/Library/Frameworks/Intents.framework/Headers/INSendPaymentIntentResponse.h
2026-06-03T08:46:50.9844050Z x iPhoneOS14.5.sdk/System/Library/Frameworks/Intents.framework/Headers/INAddTasksTemporalEventTriggerResolutionResult.h
2026-06-03T08:46:50.9844660Z x iPhoneOS14.5.sdk/System/Library/Frameworks/Intents.framework/Headers/INStartAudioCallIntent.h
2026-06-03T08:46:50.9845140Z x iPhoneOS14.5.sdk/System/Library/Frameworks/Intents.framework/Headers/INSortType.h
2026-06-03T08:46:50.9845690Z x iPhoneOS14.5.sdk/System/Library/Frameworks/Intents.framework/Headers/INSetDefrosterSettingsInCarIntentResponse.h
2026-06-03T08:46:50.9846260Z x iPhoneOS14.5.sdk/System/Library/Frameworks/Intents.framework/Headers/INIntentResponse.h
2026-06-03T08:46:50.9846770Z x iPhoneOS14.5.sdk/System/Library/Frameworks/Intents.framework/Headers/INSearchForAccountsIntent.h
2026-06-03T08:46:50.9847400Z x iPhoneOS14.5.sdk/System/Library/Frameworks/Intents.framework/Headers/INGetAvailableRestaurantReservationBookingsIntent.h
2026-06-03T08:46:50.9848270Z x iPhoneOS14.5.sdk/System/Library/Frameworks/Intents.framework/Headers/INSpatialEventTriggerResolutionResult.h
2026-06-03T08:46:50.9849240Z x iPhoneOS14.5.sdk/System/Library/Frameworks/Intents.framework/Headers/INSearchForNotebookItemsIntentResponse.h
2026-06-03T08:46:50.9859340Z x iPhoneOS14.5.sdk/System/Library/Frameworks/Intents.framework/Headers/INAddTasksTargetTaskListResolutionResult.h
2026-06-03T08:46:50.9859970Z x iPhoneOS14.5.sdk/System/Library/Frameworks/Intents.framework/Headers/INListCarsIntentResponse.h
2026-06-03T08:46:50.9860560Z x iPhoneOS14.5.sdk/System/Library/Frameworks/Intents.framework/Headers/INCarSignalOptionsResolutionResult.h
2026-06-03T08:46:50.9861150Z x iPhoneOS14.5.sdk/System/Library/Frameworks/Intents.framework/Headers/INTicketedEventReservation.h
2026-06-03T08:46:50.9861690Z x iPhoneOS14.5.sdk/System/Library/Frameworks/Intents.framework/Headers/INRecurrenceRule.h
2026-06-03T08:46:50.9862410Z x iPhoneOS14.5.sdk/System/Library/Frameworks/Intents.framework/Headers/INSpeakableStringResolutionResult.h
2026-06-03T08:46:50.9862980Z x iPhoneOS14.5.sdk/System/Library/Frameworks/Intents.framework/Headers/INFileResolutionResult.h
2026-06-03T08:46:50.9863500Z x iPhoneOS14.5.sdk/System/Library/Frameworks/Intents.framework/Headers/INFlightReservation.h
2026-06-03T08:46:50.9864010Z x iPhoneOS14.5.sdk/System/Library/Frameworks/Intents.framework/Headers/INTransferMoneyIntent.h
2026-06-03T08:46:50.9864730Z x iPhoneOS14.5.sdk/System/Library/Frameworks/Intents.framework/Headers/INSnoozeTasksIntentResponse.h
2026-06-03T08:46:50.9865280Z x iPhoneOS14.5.sdk/System/Library/Frameworks/Intents.framework/Headers/INCallRecordTypeOptions.h
2026-06-03T08:46:50.9865950Z x iPhoneOS14.5.sdk/System/Library/Frameworks/Intents.framework/Headers/INNoteResolutionResult.h
2026-06-03T08:46:50.9866680Z x iPhoneOS14.5.sdk/System/Library/Frameworks/Intents.framework/Headers/INRestaurant.h
2026-06-03T08:46:50.9867210Z x iPhoneOS14.5.sdk/System/Library/Frameworks/Intents.framework/Headers/INCallRecordTypeResolutionResult.h
2026-06-03T08:46:50.9867850Z x iPhoneOS14.5.sdk/System/Library/Frameworks/Intents.framework/Headers/INAddMediaMediaDestinationResolutionResult.h
2026-06-03T08:46:50.9868540Z x iPhoneOS14.5.sdk/System/Library/Frameworks/Intents.framework/Headers/INAppendToNoteIntent.h
2026-06-03T08:46:50.9869070Z x iPhoneOS14.5.sdk/System/Library/Frameworks/Intents.framework/Headers/INRequestPaymentIntent.h
2026-06-03T08:46:50.9869620Z x iPhoneOS14.5.sdk/System/Library/Frameworks/Intents.framework/Headers/INBalanceTypeResolutionResult.h
2026-06-03T08:46:50.9870210Z x iPhoneOS14.5.sdk/System/Library/Frameworks/Intents.framework/Headers/INMessageAttributeResolutionResult.h
2026-06-03T08:46:50.9870870Z x iPhoneOS14.5.sdk/System/Library/Frameworks/Intents.framework/Headers/INStartVideoCallIntent.h
2026-06-03T08:46:50.9871420Z x iPhoneOS14.5.sdk/System/Library/Frameworks/Intents.framework/Headers/CLPlacemark+IntentsAdditions.h
2026-06-03T08:46:50.9871930Z x iPhoneOS14.5.sdk/System/Library/Frameworks/Intents.framework/Headers/INParameter.h
2026-06-03T08:46:50.9872550Z x iPhoneOS14.5.sdk/System/Library/Frameworks/Intents.framework/Headers/INTaskList.h
2026-06-03T08:46:50.9874440Z x iPhoneOS14.5.sdk/System/Library/Frameworks/Intents.framework/Headers/INFile.h
2026-06-03T08:46:50.9875080Z x iPhoneOS14.5.sdk/System/Library/Frameworks/Intents.framework/Headers/INRestaurantGuestResolutionResult.h
2026-06-03T08:46:50.9875700Z x iPhoneOS14.5.sdk/System/Library/Frameworks/Intents.framework/Headers/INRelativeReferenceResolutionResult.h
2026-06-03T08:46:50.9876250Z x iPhoneOS14.5.sdk/System/Library/Frameworks/Intents.framework/Headers/INBalanceAmount.h
2026-06-03T08:46:50.9876730Z x iPhoneOS14.5.sdk/System/Library/Frameworks/Intents.framework/Headers/INNoteContentType.h
2026-06-03T08:46:50.9877430Z x iPhoneOS14.5.sdk/System/Library/Frameworks/Intents.framework/Headers/INStartCallIntent.h
2026-06-03T08:46:50.9877980Z x iPhoneOS14.5.sdk/System/Library/Frameworks/Intents.framework/Headers/INEnergyResolutionResult.h
2026-06-03T08:46:50.9878490Z x iPhoneOS14.5.sdk/System/Library/Frameworks/Intents.framework/Headers/INPreferences.h
2026-06-03T08:46:50.9880200Z x iPhoneOS14.5.sdk/System/Library/Frameworks/Intents.framework/Headers/INEndWorkoutIntent.h
2026-06-03T08:46:50.9881230Z x iPhoneOS14.5.sdk/System/Library/Frameworks/Intents.framework/Headers/INSetProfileInCarIntentResponse.h
2026-06-03T08:46:50.9881790Z x iPhoneOS14.5.sdk/System/Library/Frameworks/Intents.framework/Headers/INRideDriver_Deprecated.h
2026-06-03T08:46:50.9882340Z x iPhoneOS14.5.sdk/System/Library/Frameworks/Intents.framework/Headers/INPlayMediaIntent_Deprecated.h
2026-06-03T08:46:50.9883040Z x iPhoneOS14.5.sdk/System/Library/Frameworks/Intents.framework/Headers/INCallRecordFilter.h
2026-06-03T08:46:50.9883550Z x iPhoneOS14.5.sdk/System/Library/Frameworks/Intents.framework/Headers/INNotebookItemType.h
2026-06-03T08:46:50.9884210Z x iPhoneOS14.5.sdk/System/Library/Frameworks/Intents.framework/Headers/INIntentHandlerProviding.h
2026-06-03T08:46:50.9884730Z x iPhoneOS14.5.sdk/System/Library/Frameworks/Intents.framework/Headers/INRideOption.h
2026-06-03T08:46:50.9885370Z x iPhoneOS14.5.sdk/System/Library/Frameworks/Intents.framework/Headers/INSpatialEvent.h
2026-06-03T08:46:50.9885920Z x iPhoneOS14.5.sdk/System/Library/Frameworks/Intents.framework/Headers/INTemporalEventTriggerTypeOptions.h
2026-06-03T08:46:50.9886520Z x iPhoneOS14.5.sdk/System/Library/Frameworks/Intents.framework/Headers/INSearchForPhotosIntentResponse.h
2026-06-03T08:46:50.9887060Z x iPhoneOS14.5.sdk/System/Library/Frameworks/Intents.framework/Headers/INRidePartySizeOption.h
2026-06-03T08:46:50.9887540Z x iPhoneOS14.5.sdk/System/Library/Frameworks/Intents.framework/Headers/INIntent.h
2026-06-03T08:46:50.9888040Z x iPhoneOS14.5.sdk/System/Library/Frameworks/Intents.framework/Headers/INSetSeatSettingsInCarIntent.h
2026-06-03T08:46:50.9892810Z x iPhoneOS14.5.sdk/System/Library/Frameworks/Intents.framework/Headers/INSendMessageIntent_Deprecated.h
2026-06-03T08:46:50.9893520Z x iPhoneOS14.5.sdk/System/Library/Frameworks/Intents.framework/Headers/INSetProfileInCarIntent.h
2026-06-03T08:46:50.9894070Z x iPhoneOS14.5.sdk/System/Library/Frameworks/Intents.framework/Headers/INPaymentAccount.h
2026-06-03T08:46:50.9894590Z x iPhoneOS14.5.sdk/System/Library/Frameworks/Intents.framework/Headers/INGetVisualCodeIntent.h
2026-06-03T08:46:50.9895550Z x iPhoneOS14.5.sdk/System/Library/Frameworks/Intents.framework/Headers/INIntents.h
2026-06-03T08:46:50.9896780Z x iPhoneOS14.5.sdk/System/Library/Frameworks/Intents.framework/Headers/INUpdateMediaAffinityIntentResponse.h
2026-06-03T08:46:50.9897380Z x iPhoneOS14.5.sdk/System/Library/Frameworks/Intents.framework/Headers/INTransferMoneyIntentResponse.h
2026-06-03T08:46:50.9898030Z x iPhoneOS14.5.sdk/System/Library/Frameworks/Intents.framework/Headers/INSearchForNotebookItemsIntent.h
2026-06-03T08:46:50.9898740Z x iPhoneOS14.5.sdk/System/Library/Frameworks/Intents.framework/Headers/INShortcutAvailabilityOptions.h
2026-06-03T08:46:50.9900820Z x iPhoneOS14.5.sdk/System/Library/Frameworks/Intents.framework/Headers/INStartCallIntent_Deprecated.h
2026-06-03T08:46:50.9901370Z x iPhoneOS14.5.sdk/System/Library/Frameworks/Intents.framework/Headers/INMediaItemType.h
2026-06-03T08:46:50.9901900Z x iPhoneOS14.5.sdk/System/Library/Frameworks/Intents.framework/Headers/INRestaurantReservationBooking.h
2026-06-03T08:46:50.9902500Z x iPhoneOS14.5.sdk/System/Library/Frameworks/Intents.framework/Headers/INSetAudioSourceInCarIntentResponse.h
2026-06-03T08:46:50.9903070Z x iPhoneOS14.5.sdk/System/Library/Frameworks/Intents.framework/Headers/INOutgoingMessageType.h
2026-06-03T08:46:50.9903620Z x iPhoneOS14.5.sdk/System/Library/Frameworks/Intents.framework/Headers/INListRideOptionsIntentResponse.h
2026-06-03T08:46:50.9904300Z x iPhoneOS14.5.sdk/System/Library/Frameworks/Intents.framework/Headers/INMessageAttribute.h
2026-06-03T08:46:50.9904810Z x iPhoneOS14.5.sdk/System/Library/Frameworks/Intents.framework/Headers/INCallRecord.h
2026-06-03T08:46:50.9905340Z x iPhoneOS14.5.sdk/System/Library/Frameworks/Intents.framework/Headers/INAppendToNoteIntentResponse.h
2026-06-03T08:46:50.9905880Z x iPhoneOS14.5.sdk/System/Library/Frameworks/Intents.framework/Headers/INRideCompletionStatus.h
2026-06-03T08:46:50.9906460Z x iPhoneOS14.5.sdk/System/Library/Frameworks/Intents.framework/Headers/INActivateCarSignalIntentResponse.h
2026-06-03T08:46:50.9906990Z x iPhoneOS14.5.sdk/System/Library/Frameworks/Intents.framework/Headers/INRentalCar.h
2026-06-03T08:46:50.9907820Z x iPhoneOS14.5.sdk/System/Library/Frameworks/Intents.framework/Headers/INSetTaskAttributeIntent.h
2026-06-03T08:46:50.9908380Z x iPhoneOS14.5.sdk/System/Library/Frameworks/Intents.framework/Headers/INTaskResolutionResult.h
2026-06-03T08:46:50.9908900Z x iPhoneOS14.5.sdk/System/Library/Frameworks/Intents.framework/Headers/INRentalCarReservation.h
2026-06-03T08:46:50.9909400Z x iPhoneOS14.5.sdk/System/Library/Frameworks/Intents.framework/Headers/INPersonHandle.h
2026-06-03T08:46:50.9911580Z x iPhoneOS14.5.sdk/System/Library/Frameworks/Intents.framework/Headers/NSString+Intents.h
2026-06-03T08:46:50.9912130Z x iPhoneOS14.5.sdk/System/Library/Frameworks/Intents.framework/Headers/INStartWorkoutIntent.h
2026-06-03T08:46:50.9913350Z x iPhoneOS14.5.sdk/System/Library/Frameworks/Intents.framework/Headers/INGetRestaurantGuestIntent.h
2026-06-03T08:46:50.9913870Z x iPhoneOS14.5.sdk/System/Library/Frameworks/Intents.framework/Headers/INAirline.h
2026-06-03T08:46:50.9914370Z x iPhoneOS14.5.sdk/System/Library/Frameworks/Intents.framework/Headers/INEndWorkoutIntentResponse.h
2026-06-03T08:46:50.9915960Z x iPhoneOS14.5.sdk/System/Library/Frameworks/Intents.framework/Headers/INCarSeat.h
2026-06-03T08:46:50.9916520Z x iPhoneOS14.5.sdk/System/Library/Frameworks/Intents.framework/Headers/INPlaybackQueueLocationResolutionResult.h
2026-06-03T08:46:50.9917380Z x iPhoneOS14.5.sdk/System/Library/Frameworks/Intents.framework/Headers/INDateSearchTypeResolutionResult.h
2026-06-03T08:46:50.9917960Z x iPhoneOS14.5.sdk/System/Library/Frameworks/Intents.framework/Headers/INWorkoutNameIdentifier.h
2026-06-03T08:46:50.9918500Z x iPhoneOS14.5.sdk/System/Library/Frameworks/Intents.framework/Headers/INDeleteTasksIntentResponse.h
2026-06-03T08:46:50.9919010Z x iPhoneOS14.5.sdk/System/Library/Frameworks/Intents.framework/Headers/INMediaSearch.h
2026-06-03T08:46:50.9919550Z x iPhoneOS14.5.sdk/System/Library/Frameworks/Intents.framework/Headers/INWorkoutGoalUnitTypeResolutionResult.h
2026-06-03T08:46:50.9920160Z x iPhoneOS14.5.sdk/System/Library/Frameworks/Intents.framework/Headers/INPaymentAmountResolutionResult.h
2026-06-03T08:46:50.9920720Z x iPhoneOS14.5.sdk/System/Library/Frameworks/Intents.framework/Headers/INStartCallIntentResponse.h
2026-06-03T08:46:50.9922010Z x iPhoneOS14.5.sdk/System/Library/Frameworks/Intents.framework/Headers/INRequestRideIntentResponse.h
2026-06-03T08:46:50.9922610Z x iPhoneOS14.5.sdk/System/Library/Frameworks/Intents.framework/Headers/INRequestPaymentIntentResponse.h
2026-06-03T08:46:50.9923140Z x iPhoneOS14.5.sdk/System/Library/Frameworks/Intents.framework/Headers/INPaymentStatus.h
2026-06-03T08:46:50.9923610Z x iPhoneOS14.5.sdk/System/Library/Frameworks/Intents.framework/Headers/INBillDetails.h
2026-06-03T08:46:50.9924120Z x iPhoneOS14.5.sdk/System/Library/Frameworks/Intents.framework/Headers/INRideFeedbackTypeOptions.h
2026-06-03T08:46:50.9924630Z x iPhoneOS14.5.sdk/System/Library/Frameworks/Intents.framework/Headers/INVisualCodeType.h
2026-06-03T08:46:50.9925180Z x iPhoneOS14.5.sdk/System/Library/Frameworks/Intents.framework/Headers/INSetSeatSettingsInCarIntent_Deprecated.h
2026-06-03T08:46:50.9925790Z x iPhoneOS14.5.sdk/System/Library/Frameworks/Intents.framework/Headers/INSaveProfileInCarIntentResponse.h
2026-06-03T08:46:50.9926790Z x iPhoneOS14.5.sdk/System/Library/Frameworks/Intents.framework/Headers/INAirportGate.h
2026-06-03T08:46:50.9927450Z x iPhoneOS14.5.sdk/System/Library/Frameworks/Intents.framework/Headers/INSetTaskAttributeTemporalEventTriggerResolutionResult.h
2026-06-03T08:46:50.9928070Z x iPhoneOS14.5.sdk/System/Library/Frameworks/Intents.framework/Headers/INCarAudioSource.h
2026-06-03T08:46:50.9928570Z x iPhoneOS14.5.sdk/System/Library/Frameworks/Intents.framework/Headers/INSnoozeTasksIntent.h
2026-06-03T08:46:50.9929210Z x iPhoneOS14.5.sdk/System/Library/Frameworks/Intents.framework/Headers/INSetProfileInCarIntent_Deprecated.h
2026-06-03T08:46:50.9929730Z x iPhoneOS14.5.sdk/System/Library/Frameworks/Intents.framework/Headers/INMessage.h
2026-06-03T08:46:50.9930180Z x iPhoneOS14.5.sdk/System/Library/Frameworks/Intents.framework/Headers/INSpeakable.h
2026-06-03T08:46:50.9930790Z x iPhoneOS14.5.sdk/System/Library/Frameworks/Intents.framework/Headers/INResumeWorkoutIntent.h
2026-06-03T08:46:50.9931310Z x iPhoneOS14.5.sdk/System/Library/Frameworks/Intents.framework/Headers/INTemporalEventTrigger.h
2026-06-03T08:46:50.9932820Z x iPhoneOS14.5.sdk/System/Library/Frameworks/Intents.framework/Headers/INAccountType.h
2026-06-03T08:46:50.9933500Z x iPhoneOS14.5.sdk/System/Library/Frameworks/Intents.framework/Headers/INSearchCallHistoryIntentResponse.h
2026-06-03T08:46:50.9934120Z x iPhoneOS14.5.sdk/System/Library/Frameworks/Intents.framework/Headers/INPayBillIntent.h
2026-06-03T08:46:50.9934790Z x iPhoneOS14.5.sdk/System/Library/Frameworks/Intents.framework/Headers/INSendPaymentPayeeResolutionResult.h
2026-06-03T08:46:50.9935360Z x iPhoneOS14.5.sdk/System/Library/Frameworks/Intents.framework/Headers/INTrainReservation.h
2026-06-03T08:46:50.9936680Z x iPhoneOS14.5.sdk/System/Library/Frameworks/Intents.framework/Headers/INAddTasksIntentResponse.h
2026-06-03T08:46:50.9937220Z x iPhoneOS14.5.sdk/System/Library/Frameworks/Intents.framework/Headers/INSpeedResolutionResult.h
2026-06-03T08:46:50.9937800Z x iPhoneOS14.5.sdk/System/Library/Frameworks/Intents.framework/Headers/INCallRecordTypeOptionsResolutionResult.h
2026-06-03T08:46:50.9940480Z x iPhoneOS14.5.sdk/System/Library/Frameworks/Intents.framework/Headers/INSetTaskAttributeIntentResponse.h
2026-06-03T08:46:50.9941090Z x iPhoneOS14.5.sdk/System/Library/Frameworks/Intents.framework/Headers/INPaymentStatusResolutionResult.h
2026-06-03T08:46:50.9941700Z x iPhoneOS14.5.sdk/System/Library/Frameworks/Intents.framework/Headers/INRideVehicle.h
2026-06-03T08:46:50.9942220Z x iPhoneOS14.5.sdk/System/Library/Frameworks/Intents.framework/Headers/INTaskListResolutionResult.h
2026-06-03T08:46:50.9944190Z x iPhoneOS14.5.sdk/System/Library/Frameworks/Intents.framework/Headers/INRestaurantReservationUserBooking.h
2026-06-03T08:46:50.9944860Z x iPhoneOS14.5.sdk/System/Library/Frameworks/Intents.framework/Headers/INAmountType.h
2026-06-03T08:46:50.9945560Z x iPhoneOS14.5.sdk/System/Library/Frameworks/Intents.framework/Headers/INSetDefrosterSettingsInCarIntent.h
2026-06-03T08:46:50.9946160Z x iPhoneOS14.5.sdk/System/Library/Frameworks/Intents.framework/Headers/INSendRideFeedbackIntentResponse.h
2026-06-03T08:46:50.9946760Z x iPhoneOS14.5.sdk/System/Library/Frameworks/Intents.framework/Headers/INNoteContentTypeResolutionResult.h
2026-06-03T08:46:50.9947430Z x iPhoneOS14.5.sdk/System/Library/Frameworks/Intents.framework/Headers/INSetAudioSourceInCarIntent.h
2026-06-03T08:46:50.9948000Z x iPhoneOS14.5.sdk/System/Library/Frameworks/Intents.framework/Headers/INStartWorkoutIntentResponse.h
2026-06-03T08:46:50.9948560Z x iPhoneOS14.5.sdk/System/Library/Frameworks/Intents.framework/Headers/INTaskStatusResolutionResult.h
2026-06-03T08:46:50.9949100Z x iPhoneOS14.5.sdk/System/Library/Frameworks/Intents.framework/Headers/INWorkoutLocationType.h
2026-06-03T08:46:50.9949600Z x iPhoneOS14.5.sdk/System/Library/Frameworks/Intents.framework/Headers/INBillType.h
2026-06-03T08:46:50.9950080Z x iPhoneOS14.5.sdk/System/Library/Frameworks/Intents.framework/Headers/INDeleteTasksIntent.h
2026-06-03T08:46:50.9950600Z x iPhoneOS14.5.sdk/System/Library/Frameworks/Intents.framework/Headers/INCallDestinationType.h
2026-06-03T08:46:50.9951140Z x iPhoneOS14.5.sdk/System/Library/Frameworks/Intents.framework/Headers/INCallRecordResolutionResult.h
2026-06-03T08:46:50.9951910Z x iPhoneOS14.5.sdk/System/Library/Frameworks/Intents.framework/Headers/INBalanceType.h
2026-06-03T08:46:50.9952440Z x iPhoneOS14.5.sdk/System/Library/Frameworks/Intents.framework/Headers/INAccountTypeResolutionResult.h
2026-06-03T08:46:50.9953140Z x iPhoneOS14.5.sdk/System/Library/Frameworks/Intents.framework/Headers/INSetClimateSettingsInCarIntent.h
2026-06-03T08:46:50.9953830Z x iPhoneOS14.5.sdk/System/Library/Frameworks/Intents.framework/Headers/INGetAvailableRestaurantReservationBookingsIntentResponse.h
2026-06-03T08:46:50.9954570Z x iPhoneOS14.5.sdk/System/Library/Frameworks/Intents.framework/Headers/INRestaurantGuest.h
2026-06-03T08:46:50.9955180Z x iPhoneOS14.5.sdk/System/Library/Frameworks/Intents.framework/Headers/INTicketedEventCategory.h
2026-06-03T08:46:50.9956540Z x iPhoneOS14.5.sdk/System/Library/Frameworks/Intents.framework/Headers/INWorkoutGoalUnitType.h
2026-06-03T08:46:50.9958820Z x iPhoneOS14.5.sdk/System/Library/Frameworks/Intents.framework/Headers/INSearchForMediaIntentResponse.h
2026-06-03T08:46:50.9959630Z x iPhoneOS14.5.sdk/System/Library/Frameworks/Intents.framework/Headers/INSpatialEventTrigger.h
2026-06-03T08:46:50.9960260Z x iPhoneOS14.5.sdk/System/Library/Frameworks/Intents.framework/Headers/INMessageAttributeOptions.h
2026-06-03T08:46:50.9960750Z x iPhoneOS14.5.sdk/System/Library/Frameworks/Intents.framework/Headers/Intents.h
2026-06-03T08:46:50.9961240Z x iPhoneOS14.5.sdk/System/Library/Frameworks/Intents.framework/Headers/INCallCapabilityOptions.h
2026-06-03T08:46:50.9961790Z x iPhoneOS14.5.sdk/System/Library/Frameworks/Intents.framework/Headers/INSetRadioStationIntentResponse.h
2026-06-03T08:46:50.9962330Z x iPhoneOS14.5.sdk/System/Library/Frameworks/Intents.framework/Headers/INCreateNoteIntent.h
2026-06-03T08:46:50.9962810Z x iPhoneOS14.5.sdk/System/Library/Frameworks/Intents.framework/Headers/INInteraction.h
2026-06-03T08:46:50.9963340Z x iPhoneOS14.5.sdk/System/Library/Frameworks/Intents.framework/Headers/INSearchForBillsIntentResponse.h
2026-06-03T08:46:50.9964020Z x iPhoneOS14.5.sdk/System/Library/Frameworks/Intents.framework/Headers/INCarSignalOptions.h
2026-06-03T08:46:50.9964570Z x iPhoneOS14.5.sdk/System/Library/Frameworks/Intents.framework/Headers/INBookRestaurantReservationIntent.h
2026-06-03T08:46:50.9965110Z x iPhoneOS14.5.sdk/System/Library/Frameworks/Intents.framework/Headers/INRelevantShortcut.h
2026-06-03T08:46:50.9965680Z x iPhoneOS14.5.sdk/System/Library/Frameworks/Intents.framework/Headers/INCarAirCirculationModeResolutionResult.h
2026-06-03T08:46:50.9966300Z x iPhoneOS14.5.sdk/System/Library/Frameworks/Intents.framework/Headers/INPaymentAccountResolutionResult.h
2026-06-03T08:46:50.9966880Z x iPhoneOS14.5.sdk/System/Library/Frameworks/Intents.framework/Headers/INGetRideStatusIntentResponse.h
2026-06-03T08:46:50.9969430Z x iPhoneOS14.5.sdk/System/Library/Frameworks/Intents.framework/Headers/INStartCallContactResolutionResult.h
2026-06-03T08:46:50.9970280Z x iPhoneOS14.5.sdk/System/Library/Frameworks/Intents.framework/Headers/INGetAvailableRestaurantReservationBookingDefaultsIntentResponse.h
2026-06-03T08:46:50.9971060Z x iPhoneOS14.5.sdk/System/Library/Frameworks/Intents.framework/Headers/INVolumeResolutionResult.h
2026-06-03T08:46:50.9971680Z x iPhoneOS14.5.sdk/System/Library/Frameworks/Intents.framework/Headers/INSendRideFeedbackIntent.h
2026-06-03T08:46:50.9972320Z x iPhoneOS14.5.sdk/System/Library/Frameworks/Intents.framework/Headers/INGetVisualCodeIntentResponse.h
2026-06-03T08:46:50.9972900Z x iPhoneOS14.5.sdk/System/Library/Frameworks/Intents.framework/Headers/INNoteContentResolutionResult.h
2026-06-03T08:46:50.9974540Z x iPhoneOS14.5.sdk/System/Library/Frameworks/Intents.framework/Headers/INReservationStatus.h
2026-06-03T08:46:50.9975200Z x iPhoneOS14.5.sdk/System/Library/Frameworks/Intents.framework/Headers/INSearchCallHistoryIntent_Deprecated.h
2026-06-03T08:46:50.9975850Z x iPhoneOS14.5.sdk/System/Library/Frameworks/Intents.framework/Headers/INRestaurantGuestDisplayPreferences.h
2026-06-03T08:46:50.9976620Z x iPhoneOS14.5.sdk/System/Library/Frameworks/Intents.framework/Headers/INIntentRestaurantReservation.h
2026-06-03T08:46:50.9977280Z x iPhoneOS14.5.sdk/System/Library/Frameworks/Intents.framework/Headers/INRequestPaymentCurrencyAmountResolutionResult.h
2026-06-03T08:46:50.9978040Z x iPhoneOS14.5.sdk/System/Library/Frameworks/Intents.framework/Headers/INSearchForAccountsIntentResponse.h
2026-06-03T08:46:50.9978660Z x iPhoneOS14.5.sdk/System/Library/Frameworks/Intents.framework/Headers/INPaymentMethodResolutionResult.h
2026-06-03T08:46:50.9979270Z x iPhoneOS14.5.sdk/System/Library/Frameworks/Intents.framework/Headers/INSetSeatSettingsInCarIntentResponse.h
2026-06-03T08:46:50.9980040Z x iPhoneOS14.5.sdk/System/Library/Frameworks/Intents.framework/Headers/INSetCarLockStatusIntentResponse.h
2026-06-03T08:46:50.9980760Z x iPhoneOS14.5.sdk/System/Library/Frameworks/Intents.framework/Headers/INURLResolutionResult.h
2026-06-03T08:46:50.9981250Z x iPhoneOS14.5.sdk/System/Library/Frameworks/Intents.framework/Headers/INTaskStatus.h
2026-06-03T08:46:50.9981870Z x iPhoneOS14.5.sdk/System/Library/Frameworks/Intents.framework/Headers/INSaveProfileInCarIntent.h
2026-06-03T08:46:50.9982360Z x iPhoneOS14.5.sdk/System/Library/Frameworks/Intents.framework/Headers/INSeat.h
2026-06-03T08:46:50.9982840Z x iPhoneOS14.5.sdk/System/Library/Frameworks/Intents.framework/Headers/INLengthResolutionResult.h
2026-06-03T08:46:50.9983370Z x iPhoneOS14.5.sdk/System/Library/Frameworks/Intents.framework/Headers/INSearchForBillsIntent.h
2026-06-03T08:46:50.9983940Z x iPhoneOS14.5.sdk/System/Library/Frameworks/Intents.framework/Headers/INPlayMediaMediaItemResolutionResult.h
2026-06-03T08:46:50.9984590Z x iPhoneOS14.5.sdk/System/Library/Frameworks/Intents.framework/Headers/INSendPaymentCurrencyAmountResolutionResult.h
2026-06-03T08:46:50.9985220Z x iPhoneOS14.5.sdk/System/Library/Frameworks/Intents.framework/Headers/INDateComponentsResolutionResult.h
2026-06-03T08:46:50.9985910Z x iPhoneOS14.5.sdk/System/Library/Frameworks/Intents.framework/Headers/INSearchForMediaIntent.h
2026-06-03T08:46:50.9986960Z x iPhoneOS14.5.sdk/System/Library/Frameworks/Intents.framework/Headers/INStartAudioCallIntentResponse.h
2026-06-03T08:46:50.9987560Z x iPhoneOS14.5.sdk/System/Library/Frameworks/Intents.framework/Headers/INRequestRideIntent_Deprecated.h
2026-06-03T08:46:50.9988090Z x iPhoneOS14.5.sdk/System/Library/Frameworks/Intents.framework/Headers/IntentsDefines.h
2026-06-03T08:46:50.9988710Z x iPhoneOS14.5.sdk/System/Library/Frameworks/Intents.framework/Headers/INSendMessageAttachment.h
2026-06-03T08:46:50.9989270Z x iPhoneOS14.5.sdk/System/Library/Frameworks/Intents.framework/Headers/INGetReservationDetailsIntent.h
2026-06-03T08:46:50.9989780Z x iPhoneOS14.5.sdk/System/Library/Frameworks/Intents.framework/Headers/INRideStatus.h
2026-06-03T08:46:50.9990290Z x iPhoneOS14.5.sdk/System/Library/Frameworks/Intents.framework/Headers/INCarChargingConnectorType.h
2026-06-03T08:46:50.9990830Z x iPhoneOS14.5.sdk/System/Library/Frameworks/Intents.framework/Headers/INPaymentRecord.h
2026-06-03T08:46:50.9991310Z x iPhoneOS14.5.sdk/System/Library/Frameworks/Intents.framework/Headers/INPaymentMethod.h
2026-06-03T08:46:50.9991800Z x iPhoneOS14.5.sdk/System/Library/Frameworks/Intents.framework/Headers/INAddMediaIntent.h
2026-06-03T08:46:50.9992310Z x iPhoneOS14.5.sdk/System/Library/Frameworks/Intents.framework/Headers/INActivateCarSignalIntent.h
2026-06-03T08:46:50.9993570Z x iPhoneOS14.5.sdk/System/Library/Frameworks/Intents.framework/Headers/INUpdateMediaAffinityMediaItemResolutionResult.h
2026-06-03T08:46:50.9994140Z x iPhoneOS14.5.sdk/System/Library/Frameworks/Intents.framework/Headers/INObject.h
2026-06-03T08:46:50.9994650Z x iPhoneOS14.5.sdk/System/Library/Frameworks/Intents.framework/Headers/INStartVideoCallIntentResponse.h
2026-06-03T08:46:50.9995570Z x iPhoneOS14.5.sdk/System/Library/Frameworks/Intents.framework/Headers/INGetRestaurantGuestIntentResponse.h
2026-06-03T08:46:50.9996140Z x iPhoneOS14.5.sdk/System/Library/Frameworks/Intents.framework/Headers/INDomainHandling.h
2026-06-03T08:46:50.9996730Z x iPhoneOS14.5.sdk/System/Library/Frameworks/Intents.framework/Headers/INPauseWorkoutIntent.h
2026-06-03T08:46:50.9997380Z x iPhoneOS14.5.sdk/System/Library/Frameworks/Intents.framework/Headers/INNotebookItemTypeResolutionResult.h
2026-06-03T08:46:50.9997940Z x iPhoneOS14.5.sdk/System/Library/Frameworks/Intents.framework/Headers/INIntentIdentifiers.h
2026-06-03T08:46:50.9998460Z x iPhoneOS14.5.sdk/System/Library/Frameworks/Intents.framework/Headers/INPlayMediaIntentResponse.h
2026-06-03T08:46:50.9999000Z x iPhoneOS14.5.sdk/System/Library/Frameworks/Intents.framework/Headers/INConditionalOperator.h
2026-06-03T08:46:50.9999500Z x iPhoneOS14.5.sdk/System/Library/Frameworks/Intents.framework/Headers/INReservationAction.h
2026-06-03T08:46:51.0000020Z x iPhoneOS14.5.sdk/System/Library/Frameworks/Intents.framework/Headers/INSearchCallHistoryIntent.h
2026-06-03T08:46:51.0000530Z x iPhoneOS14.5.sdk/System/Library/Frameworks/Intents.framework/Headers/INObjectSection.h
2026-06-03T08:46:51.0001170Z x iPhoneOS14.5.sdk/System/Library/Frameworks/Intents.framework/Headers/INPlaybackQueueLocation.h
2026-06-03T08:46:51.0001690Z x iPhoneOS14.5.sdk/System/Library/Frameworks/Intents.framework/Headers/INBusReservation.h
2026-06-03T08:46:51.0002180Z x iPhoneOS14.5.sdk/System/Library/Frameworks/Intents.framework/Headers/INCallAudioRoute.h
2026-06-03T08:46:51.0002670Z x iPhoneOS14.5.sdk/System/Library/Frameworks/Intents.framework/Headers/INSpeakableString.h
2026-06-03T08:46:51.0003200Z x iPhoneOS14.5.sdk/System/Library/Frameworks/Intents.framework/Headers/INRadioTypeResolutionResult.h
2026-06-03T08:46:51.0003880Z x iPhoneOS14.5.sdk/System/Library/Frameworks/Intents.framework/Headers/INCallDestinationTypeResolutionResult.h
2026-06-03T08:46:51.0004530Z x iPhoneOS14.5.sdk/System/Library/Frameworks/Intents.framework/Headers/INRestaurantReservation.h
2026-06-03T08:46:51.0005020Z x iPhoneOS14.5.sdk/System/Library/Frameworks/Intents.framework/Headers/INCallGroup.h
2026-06-03T08:46:51.0006530Z x iPhoneOS14.5.sdk/System/Library/Frameworks/Intents.framework/Headers/INPlaybackRepeatMode.h
2026-06-03T08:46:51.0007140Z x iPhoneOS14.5.sdk/System/Library/Frameworks/Intents.framework/Headers/INSearchForMediaMediaItemResolutionResult.h
2026-06-03T08:46:51.0007790Z x iPhoneOS14.5.sdk/System/Library/Frameworks/Intents.framework/Headers/INRequestPaymentPayerResolutionResult.h
2026-06-03T08:46:51.0008420Z x iPhoneOS14.5.sdk/System/Library/Frameworks/Intents.framework/Headers/INMediaDestinationResolutionResult.h
2026-06-03T08:46:51.0008950Z x iPhoneOS14.5.sdk/System/Library/Frameworks/Intents.framework/Headers/INBoatTrip.h
2026-06-03T08:46:51.0009430Z x iPhoneOS14.5.sdk/System/Library/Frameworks/Intents.framework/Headers/INRelativeReference.h
2026-06-03T08:46:51.0009890Z x iPhoneOS14.5.sdk/System/Library/Frameworks/Intents.framework/Headers/INCar.h
2026-06-03T08:46:51.0010450Z x iPhoneOS14.5.sdk/System/Library/Frameworks/Intents.framework/Headers/INSnoozeTasksTaskResolutionResult.h
2026-06-03T08:46:51.0011200Z x iPhoneOS14.5.sdk/System/Library/Frameworks/Intents.framework/Headers/INCancelRideIntent.h
2026-06-03T08:46:51.0011700Z x iPhoneOS14.5.sdk/System/Library/Frameworks/Intents.framework/Headers/INRideFareLineItem.h
2026-06-03T08:46:51.0012230Z x iPhoneOS14.5.sdk/System/Library/Frameworks/Intents.framework/Headers/INCreateNoteIntentResponse.h
2026-06-03T08:46:51.0012810Z x iPhoneOS14.5.sdk/System/Library/Frameworks/Intents.framework/Headers/INSaveProfileInCarIntent_Deprecated.h
2026-06-03T08:46:51.0013400Z x iPhoneOS14.5.sdk/System/Library/Frameworks/Intents.framework/Headers/INIntentResolutionResult.h
2026-06-03T08:46:51.0013990Z x iPhoneOS14.5.sdk/System/Library/Frameworks/Intents.framework/Headers/INSetTaskAttributeIntent_Deprecated.h
2026-06-03T08:46:51.0014520Z x iPhoneOS14.5.sdk/System/Library/Frameworks/Intents.framework/Headers/INBillPayee.h
2026-06-03T08:46:51.0015000Z x iPhoneOS14.5.sdk/System/Library/Frameworks/Intents.framework/Headers/INCancelWorkoutIntent.h
2026-06-03T08:46:51.0015590Z x iPhoneOS14.5.sdk/System/Library/Frameworks/Intents.framework/Headers/INStartCallCallCapabilityResolutionResult.h
2026-06-03T08:46:51.0016200Z x iPhoneOS14.5.sdk/System/Library/Frameworks/Intents.framework/Headers/INStartPhotoPlaybackIntent.h
2026-06-03T08:46:51.0016790Z x iPhoneOS14.5.sdk/System/Library/Frameworks/Intents.framework/Headers/INPlaybackRepeatModeResolutionResult.h
2026-06-03T08:46:51.0017330Z x iPhoneOS14.5.sdk/System/Library/Frameworks/Intents.framework/Headers/INNoteContent.h
2026-06-03T08:46:51.0017860Z x iPhoneOS14.5.sdk/System/Library/Frameworks/Intents.framework/Headers/INTaskPriorityResolutionResult.h
2026-06-03T08:46:51.0018340Z x iPhoneOS14.5.sdk/System/Library/Frameworks/Intents.framework/Intents.tbd
2026-06-03T08:46:51.0018720Z x iPhoneOS14.5.sdk/System/Library/Frameworks/ContactsUI.framework/
2026-06-03T08:46:51.0019080Z x iPhoneOS14.5.sdk/System/Library/Frameworks/ContactsUI.framework/Modules/
2026-06-03T08:46:51.0019520Z x iPhoneOS14.5.sdk/System/Library/Frameworks/ContactsUI.framework/Modules/module.modulemap
2026-06-03T08:46:51.0019680Z x iPhoneOS14.5.sdk/System/Library/Frameworks/ContactsUI.framework/Headers/
2026-06-03T08:46:51.0020050Z x iPhoneOS14.5.sdk/System/Library/Frameworks/ContactsUI.framework/Headers/CNContactPickerViewController.h
2026-06-03T08:46:51.0020330Z x iPhoneOS14.5.sdk/System/Library/Frameworks/ContactsUI.framework/Headers/UIApplicationShortcutIcon+Contacts.h
2026-06-03T08:46:51.0020520Z x iPhoneOS14.5.sdk/System/Library/Frameworks/ContactsUI.framework/Headers/ContactsUI.h
2026-06-03T08:46:51.0020770Z x iPhoneOS14.5.sdk/System/Library/Frameworks/ContactsUI.framework/Headers/CNContactViewController.h
2026-06-03T08:46:51.0020950Z x iPhoneOS14.5.sdk/System/Library/Frameworks/ContactsUI.framework/ContactsUI.tbd
2026-06-03T08:46:51.0021080Z x iPhoneOS14.5.sdk/System/Library/Frameworks/SwiftUI.framework/
2026-06-03T08:46:51.0021300Z x iPhoneOS14.5.sdk/System/Library/Frameworks/SwiftUI.framework/Modules/
2026-06-03T08:46:51.0021630Z x iPhoneOS14.5.sdk/System/Library/Frameworks/SwiftUI.framework/Modules/module.modulemap
2026-06-03T08:46:51.0021840Z x iPhoneOS14.5.sdk/System/Library/Frameworks/SwiftUI.framework/Modules/SwiftUI.swiftmodule/
2026-06-03T08:46:51.0022140Z x iPhoneOS14.5.sdk/System/Library/Frameworks/SwiftUI.framework/Modules/SwiftUI.swiftmodule/arm64e-apple-ios.swiftdoc
2026-06-03T08:46:51.0022420Z x iPhoneOS14.5.sdk/System/Library/Frameworks/SwiftUI.framework/Modules/SwiftUI.swiftmodule/arm64-apple-ios.swiftdoc
2026-06-03T08:46:51.0022670Z x iPhoneOS14.5.sdk/System/Library/Frameworks/SwiftUI.framework/Modules/SwiftUI.swiftmodule/arm64.swiftdoc
2026-06-03T08:46:51.0022920Z x iPhoneOS14.5.sdk/System/Library/Frameworks/SwiftUI.framework/Modules/SwiftUI.swiftmodule/arm64e.swiftdoc
2026-06-03T08:46:51.0023240Z x iPhoneOS14.5.sdk/System/Library/Frameworks/SwiftUI.framework/Modules/SwiftUI.swiftmodule/arm64e-apple-ios.swiftinterface
2026-06-03T08:46:51.0023620Z x iPhoneOS14.5.sdk/System/Library/Frameworks/SwiftUI.framework/Modules/SwiftUI.swiftmodule/arm64-apple-ios.swiftinterface
2026-06-03T08:46:51.0023980Z x iPhoneOS14.5.sdk/System/Library/Frameworks/SwiftUI.framework/Modules/SwiftUI.swiftmodule/arm64e.swiftinterface
2026-06-03T08:46:51.0024260Z x iPhoneOS14.5.sdk/System/Library/Frameworks/SwiftUI.framework/Modules/SwiftUI.swiftmodule/arm64.swiftinterface
2026-06-03T08:46:51.0024420Z x iPhoneOS14.5.sdk/System/Library/Frameworks/SwiftUI.framework/Headers/
2026-06-03T08:46:51.0024600Z x iPhoneOS14.5.sdk/System/Library/Frameworks/SwiftUI.framework/Headers/SwiftUI.h
2026-06-03T08:46:51.0024980Z x iPhoneOS14.5.sdk/System/Library/Frameworks/SwiftUI.framework/SwiftUI.tbd
2026-06-03T08:46:51.0025130Z x iPhoneOS14.5.sdk/System/Library/Frameworks/ReplayKit.framework/
2026-06-03T08:46:51.0025290Z x iPhoneOS14.5.sdk/System/Library/Frameworks/ReplayKit.framework/Modules/
2026-06-03T08:46:51.0025510Z x iPhoneOS14.5.sdk/System/Library/Frameworks/ReplayKit.framework/Modules/module.modulemap
2026-06-03T08:46:51.0025660Z x iPhoneOS14.5.sdk/System/Library/Frameworks/ReplayKit.framework/Headers/
2026-06-03T08:46:51.0025910Z x iPhoneOS14.5.sdk/System/Library/Frameworks/ReplayKit.framework/Headers/RPBroadcastConfiguration.h
2026-06-03T08:46:51.0026110Z x iPhoneOS14.5.sdk/System/Library/Frameworks/ReplayKit.framework/Headers/RPError.h
2026-06-03T08:46:51.0026340Z x iPhoneOS14.5.sdk/System/Library/Frameworks/ReplayKit.framework/Headers/RPBroadcastExtension.h
2026-06-03T08:46:51.0026590Z x iPhoneOS14.5.sdk/System/Library/Frameworks/ReplayKit.framework/Headers/ReplayKit.h
2026-06-03T08:46:51.0033590Z x iPhoneOS14.5.sdk/System/Library/Frameworks/ReplayKit.framework/Headers/RPBroadcast.h
2026-06-03T08:46:51.0033860Z x iPhoneOS14.5.sdk/System/Library/Frameworks/ReplayKit.framework/Headers/RPPreviewViewController.h
2026-06-03T08:46:51.0034070Z x iPhoneOS14.5.sdk/System/Library/Frameworks/ReplayKit.framework/Headers/RPScreenRecorder.h
2026-06-03T08:46:51.0034250Z x iPhoneOS14.5.sdk/System/Library/Frameworks/ReplayKit.framework/ReplayKit.tbd
2026-06-03T08:46:51.0034400Z x iPhoneOS14.5.sdk/System/Library/Frameworks/AdServices.framework/
2026-06-03T08:46:51.0034550Z x iPhoneOS14.5.sdk/System/Library/Frameworks/AdServices.framework/Modules/
2026-06-03T08:46:51.0034860Z x iPhoneOS14.5.sdk/System/Library/Frameworks/AdServices.framework/Modules/module.modulemap
2026-06-03T08:46:51.0035020Z x iPhoneOS14.5.sdk/System/Library/Frameworks/AdServices.framework/Headers/
2026-06-03T08:46:51.0035210Z x iPhoneOS14.5.sdk/System/Library/Frameworks/AdServices.framework/Headers/AdServices.h
2026-06-03T08:46:51.0035410Z x iPhoneOS14.5.sdk/System/Library/Frameworks/AdServices.framework/Headers/AAAttribution.h
2026-06-03T08:46:51.0035580Z x iPhoneOS14.5.sdk/System/Library/Frameworks/AdServices.framework/AdServices.tbd
2026-06-03T08:46:51.0035760Z x iPhoneOS14.5.sdk/System/Library/Frameworks/DeveloperToolsSupport.framework/
2026-06-03T08:46:51.0035950Z x iPhoneOS14.5.sdk/System/Library/Frameworks/DeveloperToolsSupport.framework/Modules/
2026-06-03T08:46:51.0036200Z x iPhoneOS14.5.sdk/System/Library/Frameworks/DeveloperToolsSupport.framework/Modules/module.modulemap
2026-06-03T08:46:51.0036620Z x iPhoneOS14.5.sdk/System/Library/Frameworks/DeveloperToolsSupport.framework/Modules/DeveloperToolsSupport.swiftmodule/
2026-06-03T08:46:51.0037360Z x iPhoneOS14.5.sdk/System/Library/Frameworks/DeveloperToolsSupport.framework/Modules/DeveloperToolsSupport.swiftmodule/arm64e-apple-ios.swiftdoc
2026-06-03T08:46:51.0037780Z x iPhoneOS14.5.sdk/System/Library/Frameworks/DeveloperToolsSupport.framework/Modules/DeveloperToolsSupport.swiftmodule/arm64-apple-ios.swiftdoc
2026-06-03T08:46:51.0038130Z x iPhoneOS14.5.sdk/System/Library/Frameworks/DeveloperToolsSupport.framework/Modules/DeveloperToolsSupport.swiftmodule/arm64.swiftdoc
2026-06-03T08:46:51.0038490Z x iPhoneOS14.5.sdk/System/Library/Frameworks/DeveloperToolsSupport.framework/Modules/DeveloperToolsSupport.swiftmodule/arm64e.swiftdoc
2026-06-03T08:46:51.0038890Z x iPhoneOS14.5.sdk/System/Library/Frameworks/DeveloperToolsSupport.framework/Modules/DeveloperToolsSupport.swiftmodule/arm64e-apple-ios.swiftinterface
2026-06-03T08:46:51.0039300Z x iPhoneOS14.5.sdk/System/Library/Frameworks/DeveloperToolsSupport.framework/Modules/DeveloperToolsSupport.swiftmodule/arm64-apple-ios.swiftinterface
2026-06-03T08:46:51.0039680Z x iPhoneOS14.5.sdk/System/Library/Frameworks/DeveloperToolsSupport.framework/Modules/DeveloperToolsSupport.swiftmodule/arm64e.swiftinterface
2026-06-03T08:46:51.0040040Z x iPhoneOS14.5.sdk/System/Library/Frameworks/DeveloperToolsSupport.framework/Modules/DeveloperToolsSupport.swiftmodule/arm64.swiftinterface
2026-06-03T08:46:51.0040240Z x iPhoneOS14.5.sdk/System/Library/Frameworks/DeveloperToolsSupport.framework/Headers/
2026-06-03T08:46:51.0040540Z x iPhoneOS14.5.sdk/System/Library/Frameworks/DeveloperToolsSupport.framework/Headers/DeveloperToolsSupport-Swift.h
2026-06-03T08:46:51.0040790Z x iPhoneOS14.5.sdk/System/Library/Frameworks/DeveloperToolsSupport.framework/DeveloperToolsSupport.tbd
2026-06-03T08:46:51.0040940Z x iPhoneOS14.5.sdk/System/Library/Frameworks/GameplayKit.framework/
2026-06-03T08:46:51.0041100Z x iPhoneOS14.5.sdk/System/Library/Frameworks/GameplayKit.framework/Modules/
2026-06-03T08:46:51.0041320Z x iPhoneOS14.5.sdk/System/Library/Frameworks/GameplayKit.framework/Modules/module.modulemap
2026-06-03T08:46:51.0041480Z x iPhoneOS14.5.sdk/System/Library/Frameworks/GameplayKit.framework/Headers/
2026-06-03T08:46:51.0041700Z x iPhoneOS14.5.sdk/System/Library/Frameworks/GameplayKit.framework/Headers/SpriteKit+Additions.h
2026-06-03T08:46:51.0041890Z x iPhoneOS14.5.sdk/System/Library/Frameworks/GameplayKit.framework/Headers/GKGraph.h
2026-06-03T08:46:51.0042070Z x iPhoneOS14.5.sdk/System/Library/Frameworks/GameplayKit.framework/Headers/GKScene.h
2026-06-03T08:46:51.0042870Z x iPhoneOS14.5.sdk/System/Library/Frameworks/GameplayKit.framework/Headers/GKQuadtree.h
2026-06-03T08:46:51.0043090Z x iPhoneOS14.5.sdk/System/Library/Frameworks/GameplayKit.framework/Headers/GKObstacleGraph.h
2026-06-03T08:46:51.0043330Z x iPhoneOS14.5.sdk/System/Library/Frameworks/GameplayKit.framework/Headers/GKRandomDistribution.h
2026-06-03T08:46:51.0043720Z x iPhoneOS14.5.sdk/System/Library/Frameworks/GameplayKit.framework/Headers/GKMinmaxStrategist.h
2026-06-03T08:46:51.0043920Z x iPhoneOS14.5.sdk/System/Library/Frameworks/GameplayKit.framework/Headers/GKGameModel.h
2026-06-03T08:46:51.0044110Z x iPhoneOS14.5.sdk/System/Library/Frameworks/GameplayKit.framework/Headers/GKGoal.h
2026-06-03T08:46:51.0044330Z x iPhoneOS14.5.sdk/System/Library/Frameworks/GameplayKit.framework/Headers/SceneKit+Additions.h
2026-06-03T08:46:51.0044530Z x iPhoneOS14.5.sdk/System/Library/Frameworks/GameplayKit.framework/Headers/GKComponent.h
2026-06-03T08:46:51.0044720Z x iPhoneOS14.5.sdk/System/Library/Frameworks/GameplayKit.framework/Headers/GKNoiseMap.h
2026-06-03T08:46:51.0044940Z x iPhoneOS14.5.sdk/System/Library/Frameworks/GameplayKit.framework/Headers/GKCompositeBehavior.h
2026-06-03T08:46:51.0045130Z x iPhoneOS14.5.sdk/System/Library/Frameworks/GameplayKit.framework/Headers/GKRTree.h
2026-06-03T08:46:51.0045450Z x iPhoneOS14.5.sdk/System/Library/Frameworks/GameplayKit.framework/Headers/GKSKNodeComponent.h
2026-06-03T08:46:51.0045650Z x iPhoneOS14.5.sdk/System/Library/Frameworks/GameplayKit.framework/Headers/GKRuleSystem.h
2026-06-03T08:46:51.0045840Z x iPhoneOS14.5.sdk/System/Library/Frameworks/GameplayKit.framework/Headers/GKGridGraph.h
2026-06-03T08:46:51.0046050Z x iPhoneOS14.5.sdk/System/Library/Frameworks/GameplayKit.framework/Headers/GKRandomSource.h
2026-06-03T08:46:51.0046250Z x iPhoneOS14.5.sdk/System/Library/Frameworks/GameplayKit.framework/Headers/GKStrategist.h
2026-06-03T08:46:51.0046460Z x iPhoneOS14.5.sdk/System/Library/Frameworks/GameplayKit.framework/Headers/GKDecisionTree.h
2026-06-03T08:46:51.0046650Z x iPhoneOS14.5.sdk/System/Library/Frameworks/GameplayKit.framework/Headers/GKVersion.h
2026-06-03T08:46:51.0046840Z x iPhoneOS14.5.sdk/System/Library/Frameworks/GameplayKit.framework/Headers/GameplayKit.h
2026-06-03T08:46:51.0047040Z x iPhoneOS14.5.sdk/System/Library/Frameworks/GameplayKit.framework/Headers/GKMeshGraph.h
2026-06-03T08:46:51.0047220Z x iPhoneOS14.5.sdk/System/Library/Frameworks/GameplayKit.framework/Headers/GKEntity.h
2026-06-03T08:46:51.0047430Z x iPhoneOS14.5.sdk/System/Library/Frameworks/GameplayKit.framework/Headers/GKNoiseSource.h
2026-06-03T08:46:51.0047650Z x iPhoneOS14.5.sdk/System/Library/Frameworks/GameplayKit.framework/Headers/GameplayKit.apinotes
2026-06-03T08:46:51.0047840Z x iPhoneOS14.5.sdk/System/Library/Frameworks/GameplayKit.framework/Headers/GKAgent.h
2026-06-03T08:46:51.0048020Z x iPhoneOS14.5.sdk/System/Library/Frameworks/GameplayKit.framework/Headers/GKNoise.h
2026-06-03T08:46:51.0048200Z x iPhoneOS14.5.sdk/System/Library/Frameworks/GameplayKit.framework/Headers/GKOctree.h
2026-06-03T08:46:51.0048380Z x iPhoneOS14.5.sdk/System/Library/Frameworks/GameplayKit.framework/Headers/GKState.h
2026-06-03T08:46:51.0048590Z x iPhoneOS14.5.sdk/System/Library/Frameworks/GameplayKit.framework/Headers/GKStateMachine.h
2026-06-03T08:46:51.0048780Z x iPhoneOS14.5.sdk/System/Library/Frameworks/GameplayKit.framework/Headers/GKObstacle.h
2026-06-03T08:46:51.0048970Z x iPhoneOS14.5.sdk/System/Library/Frameworks/GameplayKit.framework/Headers/GKBehavior.h
2026-06-03T08:46:51.0049210Z x iPhoneOS14.5.sdk/System/Library/Frameworks/GameplayKit.framework/Headers/GKMonteCarloStrategist.h
2026-06-03T08:46:51.0049400Z x iPhoneOS14.5.sdk/System/Library/Frameworks/GameplayKit.framework/Headers/GKPath.h
2026-06-03T08:46:51.0049600Z x iPhoneOS14.5.sdk/System/Library/Frameworks/GameplayKit.framework/Headers/GameplayKitBase.h
2026-06-03T08:46:51.0049830Z x iPhoneOS14.5.sdk/System/Library/Frameworks/GameplayKit.framework/Headers/GKSCNNodeComponent.h
2026-06-03T08:46:51.0050020Z x iPhoneOS14.5.sdk/System/Library/Frameworks/GameplayKit.framework/Headers/GKGraphNode.h
2026-06-03T08:46:51.0050230Z x iPhoneOS14.5.sdk/System/Library/Frameworks/GameplayKit.framework/Headers/GKPrimitives.h
2026-06-03T08:46:51.0050410Z x iPhoneOS14.5.sdk/System/Library/Frameworks/GameplayKit.framework/GameplayKit.tbd
2026-06-03T08:46:51.0050550Z x iPhoneOS14.5.sdk/System/Library/Frameworks/QuartzCore.framework/
2026-06-03T08:46:51.0050780Z x iPhoneOS14.5.sdk/System/Library/Frameworks/QuartzCore.framework/Modules/
2026-06-03T08:46:51.0050990Z x iPhoneOS14.5.sdk/System/Library/Frameworks/QuartzCore.framework/Modules/module.modulemap
2026-06-03T08:46:51.0051170Z x iPhoneOS14.5.sdk/System/Library/Frameworks/QuartzCore.framework/QuartzCore.tbd
2026-06-03T08:46:51.0051320Z x iPhoneOS14.5.sdk/System/Library/Frameworks/QuartzCore.framework/Headers/
2026-06-03T08:46:51.0051520Z x iPhoneOS14.5.sdk/System/Library/Frameworks/QuartzCore.framework/Headers/CoreAnimation.h
2026-06-03T08:46:51.0052340Z x iPhoneOS14.5.sdk/System/Library/Frameworks/QuartzCore.framework/Headers/CAEAGLLayer.h
2026-06-03T08:46:51.0052560Z x iPhoneOS14.5.sdk/System/Library/Frameworks/QuartzCore.framework/Headers/CATransformLayer.h
2026-06-03T08:46:51.0052760Z x iPhoneOS14.5.sdk/System/Library/Frameworks/QuartzCore.framework/Headers/CATiledLayer.h
2026-06-03T08:46:51.0053070Z x iPhoneOS14.5.sdk/System/Library/Frameworks/QuartzCore.framework/Headers/CATransform3D.h
2026-06-03T08:46:51.0053270Z x iPhoneOS14.5.sdk/System/Library/Frameworks/QuartzCore.framework/Headers/CAEmitterLayer.h
2026-06-03T08:46:51.0053460Z x iPhoneOS14.5.sdk/System/Library/Frameworks/QuartzCore.framework/Headers/QuartzCore.h
2026-06-03T08:46:51.0053690Z x iPhoneOS14.5.sdk/System/Library/Frameworks/QuartzCore.framework/Headers/CAMediaTimingFunction.h
2026-06-03T08:46:51.0053900Z x iPhoneOS14.5.sdk/System/Library/Frameworks/QuartzCore.framework/Headers/CAReplicatorLayer.h
2026-06-03T08:46:51.0054100Z x iPhoneOS14.5.sdk/System/Library/Frameworks/QuartzCore.framework/Headers/CAAnimation.h
2026-06-03T08:46:51.0054290Z x iPhoneOS14.5.sdk/System/Library/Frameworks/QuartzCore.framework/Headers/CATextLayer.h
2026-06-03T08:46:51.0054490Z x iPhoneOS14.5.sdk/System/Library/Frameworks/QuartzCore.framework/Headers/CAEmitterCell.h
2026-06-03T08:46:51.0054690Z x iPhoneOS14.5.sdk/System/Library/Frameworks/QuartzCore.framework/Headers/CADisplayLink.h
2026-06-03T08:46:51.0054890Z x iPhoneOS14.5.sdk/System/Library/Frameworks/QuartzCore.framework/Headers/CAMetalLayer.h
2026-06-03T08:46:51.0055090Z x iPhoneOS14.5.sdk/System/Library/Frameworks/QuartzCore.framework/Headers/CAScrollLayer.h
2026-06-03T08:46:51.0055300Z x iPhoneOS14.5.sdk/System/Library/Frameworks/QuartzCore.framework/Headers/QuartzCore.apinotes
2026-06-03T08:46:51.0055500Z x iPhoneOS14.5.sdk/System/Library/Frameworks/QuartzCore.framework/Headers/CAGradientLayer.h
2026-06-03T08:46:51.0055680Z x iPhoneOS14.5.sdk/System/Library/Frameworks/QuartzCore.framework/Headers/CABase.h
2026-06-03T08:46:51.0055860Z x iPhoneOS14.5.sdk/System/Library/Frameworks/QuartzCore.framework/Headers/CALayer.h
2026-06-03T08:46:51.0056060Z x iPhoneOS14.5.sdk/System/Library/Frameworks/QuartzCore.framework/Headers/CATransaction.h
2026-06-03T08:46:51.0056260Z x iPhoneOS14.5.sdk/System/Library/Frameworks/QuartzCore.framework/Headers/CAValueFunction.h
2026-06-03T08:46:51.0057090Z x iPhoneOS14.5.sdk/System/Library/Frameworks/QuartzCore.framework/Headers/CAMediaTiming.h
2026-06-03T08:46:51.0057290Z x iPhoneOS14.5.sdk/System/Library/Frameworks/QuartzCore.framework/Headers/CAShapeLayer.h
2026-06-03T08:46:51.0057420Z x iPhoneOS14.5.sdk/System/Library/Frameworks/Social.framework/
2026-06-03T08:46:51.0057620Z x iPhoneOS14.5.sdk/System/Library/Frameworks/Social.framework/Modules/
2026-06-03T08:46:51.0057810Z x iPhoneOS14.5.sdk/System/Library/Frameworks/Social.framework/Modules/module.modulemap
2026-06-03T08:46:51.0057960Z x iPhoneOS14.5.sdk/System/Library/Frameworks/Social.framework/Social.tbd
2026-06-03T08:46:51.0058100Z x iPhoneOS14.5.sdk/System/Library/Frameworks/Social.framework/Headers/
2026-06-03T08:46:51.0058290Z x iPhoneOS14.5.sdk/System/Library/Frameworks/Social.framework/Headers/SLServiceTypes.h
2026-06-03T08:46:51.0058510Z x iPhoneOS14.5.sdk/System/Library/Frameworks/Social.framework/Headers/SLComposeViewController.h
2026-06-03T08:46:51.0058770Z x iPhoneOS14.5.sdk/System/Library/Frameworks/Social.framework/Headers/SLComposeSheetConfigurationItem.h
2026-06-03T08:46:51.0059020Z x iPhoneOS14.5.sdk/System/Library/Frameworks/Social.framework/Headers/SocialDefines.h
2026-06-03T08:46:51.0059200Z x iPhoneOS14.5.sdk/System/Library/Frameworks/Social.framework/Headers/SLRequest.h
2026-06-03T08:46:51.0059370Z x iPhoneOS14.5.sdk/System/Library/Frameworks/Social.framework/Headers/Social.h
2026-06-03T08:46:51.0059610Z x iPhoneOS14.5.sdk/System/Library/Frameworks/Social.framework/Headers/SLComposeServiceViewController.h
2026-06-03T08:46:51.0059750Z x iPhoneOS14.5.sdk/System/Library/Frameworks/EventKitUI.framework/
2026-06-03T08:46:51.0059900Z x iPhoneOS14.5.sdk/System/Library/Frameworks/EventKitUI.framework/Modules/
2026-06-03T08:46:51.0060120Z x iPhoneOS14.5.sdk/System/Library/Frameworks/EventKitUI.framework/Modules/module.modulemap
2026-06-03T08:46:51.0060270Z x iPhoneOS14.5.sdk/System/Library/Frameworks/EventKitUI.framework/Headers/
2026-06-03T08:46:51.0060500Z x iPhoneOS14.5.sdk/System/Library/Frameworks/EventKitUI.framework/Headers/EKEventViewController.h
2026-06-03T08:46:51.0060780Z x iPhoneOS14.5.sdk/System/Library/Frameworks/EventKitUI.framework/Headers/EventKitUI.h
2026-06-03T08:46:51.0061030Z x iPhoneOS14.5.sdk/System/Library/Frameworks/EventKitUI.framework/Headers/UIFont+EKDayOccurrenceView.h
2026-06-03T08:46:51.0061800Z x iPhoneOS14.5.sdk/System/Library/Frameworks/EventKitUI.framework/Headers/EKEventEditViewController.h
2026-06-03T08:46:51.0062020Z x iPhoneOS14.5.sdk/System/Library/Frameworks/EventKitUI.framework/Headers/EventKitUIDefines.h
2026-06-03T08:46:51.0062240Z x iPhoneOS14.5.sdk/System/Library/Frameworks/EventKitUI.framework/Headers/EventKitUI.apinotes
2026-06-03T08:46:51.0062450Z x iPhoneOS14.5.sdk/System/Library/Frameworks/EventKitUI.framework/Headers/EventKitUIBundle.h
2026-06-03T08:46:51.0062660Z x iPhoneOS14.5.sdk/System/Library/Frameworks/EventKitUI.framework/Headers/EKCalendarChooser.h
2026-06-03T08:46:51.0062840Z x iPhoneOS14.5.sdk/System/Library/Frameworks/EventKitUI.framework/EventKitUI.tbd
2026-06-03T08:46:51.0062980Z x iPhoneOS14.5.sdk/System/Library/Frameworks/CryptoKit.framework/
2026-06-03T08:46:51.0063130Z x iPhoneOS14.5.sdk/System/Library/Frameworks/CryptoKit.framework/Modules/
2026-06-03T08:46:51.0063360Z x iPhoneOS14.5.sdk/System/Library/Frameworks/CryptoKit.framework/Modules/CryptoKit.swiftmodule/
2026-06-03T08:46:51.0063660Z x iPhoneOS14.5.sdk/System/Library/Frameworks/CryptoKit.framework/Modules/CryptoKit.swiftmodule/arm64e-apple-ios.swiftdoc
2026-06-03T08:46:51.0063960Z x iPhoneOS14.5.sdk/System/Library/Frameworks/CryptoKit.framework/Modules/CryptoKit.swiftmodule/arm64-apple-ios.swiftdoc
2026-06-03T08:46:51.0064220Z x iPhoneOS14.5.sdk/System/Library/Frameworks/CryptoKit.framework/Modules/CryptoKit.swiftmodule/arm64.swiftdoc
2026-06-03T08:46:51.0064520Z x iPhoneOS14.5.sdk/System/Library/Frameworks/CryptoKit.framework/Modules/CryptoKit.swiftmodule/armv7-apple-ios.swiftdoc
2026-06-03T08:46:51.0064840Z x iPhoneOS14.5.sdk/System/Library/Frameworks/CryptoKit.framework/Modules/CryptoKit.swiftmodule/armv7-apple-ios.swiftinterface
2026-06-03T08:46:51.0065110Z x iPhoneOS14.5.sdk/System/Library/Frameworks/CryptoKit.framework/Modules/CryptoKit.swiftmodule/arm64e.swiftdoc
2026-06-03T08:46:51.0065430Z x iPhoneOS14.5.sdk/System/Library/Frameworks/CryptoKit.framework/Modules/CryptoKit.swiftmodule/armv7s-apple-ios.swiftinterface
2026-06-03T08:46:51.0065740Z x iPhoneOS14.5.sdk/System/Library/Frameworks/CryptoKit.framework/Modules/CryptoKit.swiftmodule/arm64e-apple-ios.swiftinterface
2026-06-03T08:46:51.0066040Z x iPhoneOS14.5.sdk/System/Library/Frameworks/CryptoKit.framework/Modules/CryptoKit.swiftmodule/armv7s-apple-ios.swiftdoc
2026-06-03T08:46:51.0066350Z x iPhoneOS14.5.sdk/System/Library/Frameworks/CryptoKit.framework/Modules/CryptoKit.swiftmodule/arm64-apple-ios.swiftinterface
2026-06-03T08:46:51.0066700Z x iPhoneOS14.5.sdk/System/Library/Frameworks/CryptoKit.framework/Modules/CryptoKit.swiftmodule/arm64e.swiftinterface
2026-06-03T08:46:51.0066990Z x iPhoneOS14.5.sdk/System/Library/Frameworks/CryptoKit.framework/Modules/CryptoKit.swiftmodule/arm64.swiftinterface
2026-06-03T08:46:51.0067210Z x iPhoneOS14.5.sdk/System/Library/Frameworks/CryptoKit.framework/CryptoKit.tbd
2026-06-03T08:46:51.0067390Z x iPhoneOS14.5.sdk/System/Library/Frameworks/ExposureNotification.framework/
2026-06-03T08:46:51.0067580Z x iPhoneOS14.5.sdk/System/Library/Frameworks/ExposureNotification.framework/Modules/
2026-06-03T08:46:51.0067820Z x iPhoneOS14.5.sdk/System/Library/Frameworks/ExposureNotification.framework/Modules/module.modulemap
2026-06-03T08:46:51.0068000Z x iPhoneOS14.5.sdk/System/Library/Frameworks/ExposureNotification.framework/Headers/
2026-06-03T08:46:51.0068230Z x iPhoneOS14.5.sdk/System/Library/Frameworks/ExposureNotification.framework/Headers/ENManager.h
2026-06-03T08:46:51.0068490Z x iPhoneOS14.5.sdk/System/Library/Frameworks/ExposureNotification.framework/Headers/ExposureNotification.h
2026-06-03T08:46:51.0068710Z x iPhoneOS14.5.sdk/System/Library/Frameworks/ExposureNotification.framework/Headers/ENCommon.h
2026-06-03T08:46:51.0069030Z x iPhoneOS14.5.sdk/System/Library/Frameworks/ExposureNotification.framework/ExposureNotification.tbd
2026-06-03T08:46:51.0069190Z x iPhoneOS14.5.sdk/System/Library/Frameworks/IdentityLookupUI.framework/
2026-06-03T08:46:51.0069370Z x iPhoneOS14.5.sdk/System/Library/Frameworks/IdentityLookupUI.framework/Modules/
2026-06-03T08:46:51.0069590Z x iPhoneOS14.5.sdk/System/Library/Frameworks/IdentityLookupUI.framework/Modules/module.modulemap
2026-06-03T08:46:51.0069770Z x iPhoneOS14.5.sdk/System/Library/Frameworks/IdentityLookupUI.framework/Headers/
2026-06-03T08:46:51.0070090Z x iPhoneOS14.5.sdk/System/Library/Frameworks/IdentityLookupUI.framework/Headers/ILClassificationUIExtensionViewController.h
2026-06-03T08:46:51.0070740Z x iPhoneOS14.5.sdk/System/Library/Frameworks/IdentityLookupUI.framework/Headers/ILClassificationUIExtensionContext.h
2026-06-03T08:46:51.0071010Z x iPhoneOS14.5.sdk/System/Library/Frameworks/IdentityLookupUI.framework/Headers/IdentityLookupUI.h
2026-06-03T08:46:51.0071240Z x iPhoneOS14.5.sdk/System/Library/Frameworks/IdentityLookupUI.framework/IdentityLookupUI.tbd
2026-06-03T08:46:51.0071390Z x iPhoneOS14.5.sdk/System/Library/Frameworks/CoreAudioKit.framework/
2026-06-03T08:46:51.0071550Z x iPhoneOS14.5.sdk/System/Library/Frameworks/CoreAudioKit.framework/Modules/
2026-06-03T08:46:51.0071770Z x iPhoneOS14.5.sdk/System/Library/Frameworks/CoreAudioKit.framework/Modules/module.modulemap
2026-06-03T08:46:51.0071930Z x iPhoneOS14.5.sdk/System/Library/Frameworks/CoreAudioKit.framework/Headers/
2026-06-03T08:46:51.0072250Z x iPhoneOS14.5.sdk/System/Library/Frameworks/CoreAudioKit.framework/Headers/CAInterAppAudioSwitcherView.h
2026-06-03T08:46:51.0072520Z x iPhoneOS14.5.sdk/System/Library/Frameworks/CoreAudioKit.framework/Headers/CAInterAppAudioTransportView.h
2026-06-03T08:46:51.0072830Z x iPhoneOS14.5.sdk/System/Library/Frameworks/CoreAudioKit.framework/Headers/CABTMIDILocalPeripheralViewController.h
2026-06-03T08:46:51.0073100Z x iPhoneOS14.5.sdk/System/Library/Frameworks/CoreAudioKit.framework/Headers/CABTMIDICentralViewController.h
2026-06-03T08:46:51.0073320Z x iPhoneOS14.5.sdk/System/Library/Frameworks/CoreAudioKit.framework/Headers/CoreAudioKit.h
2026-06-03T08:46:51.0073540Z x iPhoneOS14.5.sdk/System/Library/Frameworks/CoreAudioKit.framework/Headers/AUViewController.h
2026-06-03T08:46:51.0073730Z x iPhoneOS14.5.sdk/System/Library/Frameworks/CoreAudioKit.framework/CoreAudioKit.tbd
2026-06-03T08:46:51.0073870Z x iPhoneOS14.5.sdk/System/Library/Frameworks/CoreAudio.framework/
2026-06-03T08:46:51.0074020Z x iPhoneOS14.5.sdk/System/Library/Frameworks/CoreAudio.framework/Modules/
2026-06-03T08:46:51.0074230Z x iPhoneOS14.5.sdk/System/Library/Frameworks/CoreAudio.framework/Modules/module.modulemap
2026-06-03T08:46:51.0074380Z x iPhoneOS14.5.sdk/System/Library/Frameworks/CoreAudio.framework/Headers/
2026-06-03T08:46:51.0074580Z x iPhoneOS14.5.sdk/System/Library/Frameworks/CoreAudio.framework/Headers/CoreAudioTypes.h
2026-06-03T08:46:51.0074750Z x iPhoneOS14.5.sdk/System/Library/Frameworks/CoreAudio.framework/CoreAudio.tbd
2026-06-03T08:46:51.0074900Z x iPhoneOS14.5.sdk/System/Library/Frameworks/Accessibility.framework/
2026-06-03T08:46:51.0075150Z x iPhoneOS14.5.sdk/System/Library/Frameworks/Accessibility.framework/Modules/
2026-06-03T08:46:51.0075380Z x iPhoneOS14.5.sdk/System/Library/Frameworks/Accessibility.framework/Modules/module.modulemap
2026-06-03T08:46:51.0075550Z x iPhoneOS14.5.sdk/System/Library/Frameworks/Accessibility.framework/Headers/
2026-06-03T08:46:51.0075770Z x iPhoneOS14.5.sdk/System/Library/Frameworks/Accessibility.framework/Headers/AXCustomContent.h
2026-06-03T08:46:51.0075990Z x iPhoneOS14.5.sdk/System/Library/Frameworks/Accessibility.framework/Headers/AXColorUtilities.h
2026-06-03T08:46:51.0076260Z x iPhoneOS14.5.sdk/System/Library/Frameworks/Accessibility.framework/Headers/Accessibility.h
2026-06-03T08:46:51.0076470Z x iPhoneOS14.5.sdk/System/Library/Frameworks/Accessibility.framework/Headers/AXFoundation.h
2026-06-03T08:46:51.0076660Z x iPhoneOS14.5.sdk/System/Library/Frameworks/Accessibility.framework/Accessibility.tbd
2026-06-03T08:46:51.0090820Z x iPhoneOS14.5.sdk/System/Library/Frameworks/CoreLocation.framework/
2026-06-03T08:46:51.0090990Z x iPhoneOS14.5.sdk/System/Library/Frameworks/CoreLocation.framework/Modules/
2026-06-03T08:46:51.0092780Z x iPhoneOS14.5.sdk/System/Library/Frameworks/CoreLocation.framework/Modules/module.modulemap
2026-06-03T08:46:51.0093120Z x iPhoneOS14.5.sdk/System/Library/Frameworks/CoreLocation.framework/Headers/
2026-06-03T08:46:51.0093340Z x iPhoneOS14.5.sdk/System/Library/Frameworks/CoreLocation.framework/Headers/CLAvailability.h
2026-06-03T08:46:51.0093600Z x iPhoneOS14.5.sdk/System/Library/Frameworks/CoreLocation.framework/Headers/CLLocationManagerDelegate.h
2026-06-03T08:46:51.0093830Z x iPhoneOS14.5.sdk/System/Library/Frameworks/CoreLocation.framework/Headers/CoreLocation.apinotes
2026-06-03T08:46:51.0094030Z x iPhoneOS14.5.sdk/System/Library/Frameworks/CoreLocation.framework/Headers/CLGeocoder.h
2026-06-03T08:46:51.0094210Z x iPhoneOS14.5.sdk/System/Library/Frameworks/CoreLocation.framework/Headers/CLError.h
2026-06-03T08:46:51.0094420Z x iPhoneOS14.5.sdk/System/Library/Frameworks/CoreLocation.framework/Headers/CoreLocation.h
2026-06-03T08:46:51.0094710Z x iPhoneOS14.5.sdk/System/Library/Frameworks/CoreLocation.framework/Headers/CLLocationManager+CLVisitExtensions.h
2026-06-03T08:46:51.0094910Z x iPhoneOS14.5.sdk/System/Library/Frameworks/CoreLocation.framework/Headers/CLPlacemark.h
2026-06-03T08:46:51.0095100Z x iPhoneOS14.5.sdk/System/Library/Frameworks/CoreLocation.framework/Headers/CLRegion.h
2026-06-03T08:46:51.0095310Z x iPhoneOS14.5.sdk/System/Library/Frameworks/CoreLocation.framework/Headers/CLBeaconRegion.h
2026-06-03T08:46:51.0095510Z x iPhoneOS14.5.sdk/System/Library/Frameworks/CoreLocation.framework/Headers/CLLocation.h
2026-06-03T08:46:51.0095730Z x iPhoneOS14.5.sdk/System/Library/Frameworks/CoreLocation.framework/Headers/CLLocationManager.h
2026-06-03T08:46:51.0095990Z x iPhoneOS14.5.sdk/System/Library/Frameworks/CoreLocation.framework/Headers/CLErrorDomain.h
2026-06-03T08:46:51.0096180Z x iPhoneOS14.5.sdk/System/Library/Frameworks/CoreLocation.framework/Headers/CLVisit.h
2026-06-03T08:46:51.0096440Z x iPhoneOS14.5.sdk/System/Library/Frameworks/CoreLocation.framework/Headers/CLBeaconIdentityConstraint.h
2026-06-03T08:46:51.0096660Z x iPhoneOS14.5.sdk/System/Library/Frameworks/CoreLocation.framework/Headers/CLCircularRegion.h
2026-06-03T08:46:51.0096840Z x iPhoneOS14.5.sdk/System/Library/Frameworks/CoreLocation.framework/Headers/CLHeading.h
2026-06-03T08:46:51.0097030Z x iPhoneOS14.5.sdk/System/Library/Frameworks/CoreLocation.framework/CoreLocation.tbd
2026-06-03T08:46:51.0097180Z x iPhoneOS14.5.sdk/System/Library/Frameworks/CoreFoundation.framework/
2026-06-03T08:46:51.0097360Z x iPhoneOS14.5.sdk/System/Library/Frameworks/CoreFoundation.framework/Modules/
2026-06-03T08:46:51.0097570Z x iPhoneOS14.5.sdk/System/Library/Frameworks/CoreFoundation.framework/Modules/module.modulemap
2026-06-03T08:46:51.0097760Z x iPhoneOS14.5.sdk/System/Library/Frameworks/CoreFoundation.framework/Headers/
2026-06-03T08:46:51.0098090Z x iPhoneOS14.5.sdk/System/Library/Frameworks/CoreFoundation.framework/Headers/CFBase.h
2026-06-03T08:46:51.0098310Z x iPhoneOS14.5.sdk/System/Library/Frameworks/CoreFoundation.framework/Headers/CFCharacterSet.h
2026-06-03T08:46:51.0098640Z x iPhoneOS14.5.sdk/System/Library/Frameworks/CoreFoundation.framework/Headers/CFUUID.h
2026-06-03T08:46:51.0098870Z x iPhoneOS14.5.sdk/System/Library/Frameworks/CoreFoundation.framework/Headers/CFAttributedString.h
2026-06-03T08:46:51.0099100Z x iPhoneOS14.5.sdk/System/Library/Frameworks/CoreFoundation.framework/Headers/CoreFoundation.h
2026-06-03T08:46:51.0099410Z x iPhoneOS14.5.sdk/System/Library/Frameworks/CoreFoundation.framework/Headers/CFUtilities.h
2026-06-03T08:46:51.0099640Z x iPhoneOS14.5.sdk/System/Library/Frameworks/CoreFoundation.framework/Headers/CFFileDescriptor.h
2026-06-03T08:46:51.0099830Z x iPhoneOS14.5.sdk/System/Library/Frameworks/CoreFoundation.framework/Headers/CFDate.h
2026-06-03T08:46:51.0100230Z x iPhoneOS14.5.sdk/System/Library/Frameworks/CoreFoundation.framework/Headers/CFData.h
2026-06-03T08:46:51.0102160Z x iPhoneOS14.5.sdk/System/Library/Frameworks/CoreFoundation.framework/Headers/CFRunLoop.h
2026-06-03T08:46:51.0102370Z x iPhoneOS14.5.sdk/System/Library/Frameworks/CoreFoundation.framework/Headers/CFBundle.h
2026-06-03T08:46:51.0102570Z x iPhoneOS14.5.sdk/System/Library/Frameworks/CoreFoundation.framework/Headers/CFLocale.h
2026-06-03T08:46:51.0102770Z x iPhoneOS14.5.sdk/System/Library/Frameworks/CoreFoundation.framework/Headers/CFCalendar.h
2026-06-03T08:46:51.0102990Z x iPhoneOS14.5.sdk/System/Library/Frameworks/CoreFoundation.framework/Headers/CFBinaryHeap.h
2026-06-03T08:46:51.0103230Z x iPhoneOS14.5.sdk/System/Library/Frameworks/CoreFoundation.framework/Headers/CFNotificationCenter.h
2026-06-03T08:46:51.0103440Z x iPhoneOS14.5.sdk/System/Library/Frameworks/CoreFoundation.framework/Headers/CFFileSecurity.h
2026-06-03T08:46:51.0103650Z x iPhoneOS14.5.sdk/System/Library/Frameworks/CoreFoundation.framework/Headers/CFTree.h
2026-06-03T08:46:51.0103870Z x iPhoneOS14.5.sdk/System/Library/Frameworks/CoreFoundation.framework/Headers/CFBitVector.h
2026-06-03T08:46:51.0104090Z x iPhoneOS14.5.sdk/System/Library/Frameworks/CoreFoundation.framework/Headers/CFByteOrder.h
2026-06-03T08:46:51.0104300Z x iPhoneOS14.5.sdk/System/Library/Frameworks/CoreFoundation.framework/Headers/CFDictionary.h
2026-06-03T08:46:51.0104500Z x iPhoneOS14.5.sdk/System/Library/Frameworks/CoreFoundation.framework/Headers/CFXMLNode.h
2026-06-03T08:46:51.0104730Z x iPhoneOS14.5.sdk/System/Library/Frameworks/CoreFoundation.framework/Headers/CFStringEncodingExt.h
2026-06-03T08:46:51.0104930Z x iPhoneOS14.5.sdk/System/Library/Frameworks/CoreFoundation.framework/Headers/CFTimeZone.h
2026-06-03T08:46:51.0105160Z x iPhoneOS14.5.sdk/System/Library/Frameworks/CoreFoundation.framework/Headers/CFNumberFormatter.h
2026-06-03T08:46:51.0106060Z x iPhoneOS14.5.sdk/System/Library/Frameworks/CoreFoundation.framework/Headers/CFPropertyList.h
2026-06-03T08:46:51.0106280Z x iPhoneOS14.5.sdk/System/Library/Frameworks/CoreFoundation.framework/Headers/CFError.h
2026-06-03T08:46:51.0106510Z x iPhoneOS14.5.sdk/System/Library/Frameworks/CoreFoundation.framework/Headers/CFUserNotification.h
2026-06-03T08:46:51.0106730Z x iPhoneOS14.5.sdk/System/Library/Frameworks/CoreFoundation.framework/Headers/CFURLEnumerator.h
2026-06-03T08:46:51.0106930Z x iPhoneOS14.5.sdk/System/Library/Frameworks/CoreFoundation.framework/Headers/CFMachPort.h
2026-06-03T08:46:51.0107140Z x iPhoneOS14.5.sdk/System/Library/Frameworks/CoreFoundation.framework/Headers/CFMessagePort.h
2026-06-03T08:46:51.0107360Z x iPhoneOS14.5.sdk/System/Library/Frameworks/CoreFoundation.framework/Headers/CFAvailability.h
2026-06-03T08:46:51.0107560Z x iPhoneOS14.5.sdk/System/Library/Frameworks/CoreFoundation.framework/Headers/CFPlugInCOM.h
2026-06-03T08:46:51.0107760Z x iPhoneOS14.5.sdk/System/Library/Frameworks/CoreFoundation.framework/Headers/CFSocket.h
2026-06-03T08:46:51.0107960Z x iPhoneOS14.5.sdk/System/Library/Frameworks/CoreFoundation.framework/Headers/CFArray.h
2026-06-03T08:46:51.0108230Z x iPhoneOS14.5.sdk/System/Library/Frameworks/CoreFoundation.framework/Headers/CFURL.h
2026-06-03T08:46:51.0108430Z x iPhoneOS14.5.sdk/System/Library/Frameworks/CoreFoundation.framework/Headers/CFBag.h
2026-06-03T08:46:51.0108620Z x iPhoneOS14.5.sdk/System/Library/Frameworks/CoreFoundation.framework/Headers/CFStream.h
2026-06-03T08:46:51.0108850Z x iPhoneOS14.5.sdk/System/Library/Frameworks/CoreFoundation.framework/Headers/CFStringTokenizer.h
2026-06-03T08:46:51.0109060Z x iPhoneOS14.5.sdk/System/Library/Frameworks/CoreFoundation.framework/Headers/CFURLAccess.h
2026-06-03T08:46:51.0109250Z x iPhoneOS14.5.sdk/System/Library/Frameworks/CoreFoundation.framework/Headers/CFString.h
2026-06-03T08:46:51.0109470Z x iPhoneOS14.5.sdk/System/Library/Frameworks/CoreFoundation.framework/Headers/CFXMLParser.h
2026-06-03T08:46:51.0109680Z x iPhoneOS14.5.sdk/System/Library/Frameworks/CoreFoundation.framework/Headers/CFPreferences.h
2026-06-03T08:46:51.0110010Z x iPhoneOS14.5.sdk/System/Library/Frameworks/CoreFoundation.framework/Headers/CFDateFormatter.h
2026-06-03T08:46:51.0110730Z x iPhoneOS14.5.sdk/System/Library/Frameworks/CoreFoundation.framework/Headers/CFSet.h
2026-06-03T08:46:51.0111070Z x iPhoneOS14.5.sdk/System/Library/Frameworks/CoreFoundation.framework/Headers/CFNumber.h
2026-06-03T08:46:51.0111270Z x iPhoneOS14.5.sdk/System/Library/Frameworks/CoreFoundation.framework/Headers/CFPlugIn.h
2026-06-03T08:46:51.0111460Z x iPhoneOS14.5.sdk/System/Library/Frameworks/CoreFoundation.framework/CoreFoundation.tbd
2026-06-03T08:46:51.0111620Z x iPhoneOS14.5.sdk/System/Library/Frameworks/_SpriteKit_SwiftUI.framework/
2026-06-03T08:46:51.0111790Z x iPhoneOS14.5.sdk/System/Library/Frameworks/_SpriteKit_SwiftUI.framework/Modules/
2026-06-03T08:46:51.0112120Z x iPhoneOS14.5.sdk/System/Library/Frameworks/_SpriteKit_SwiftUI.framework/Modules/_SpriteKit_SwiftUI.swiftmodule/
2026-06-03T08:46:51.0112470Z x iPhoneOS14.5.sdk/System/Library/Frameworks/_SpriteKit_SwiftUI.framework/Modules/_SpriteKit_SwiftUI.swiftmodule/arm64e-apple-ios.swiftdoc
2026-06-03T08:46:51.0112810Z x iPhoneOS14.5.sdk/System/Library/Frameworks/_SpriteKit_SwiftUI.framework/Modules/_SpriteKit_SwiftUI.swiftmodule/arm64-apple-ios.swiftdoc
2026-06-03T08:46:51.0113120Z x iPhoneOS14.5.sdk/System/Library/Frameworks/_SpriteKit_SwiftUI.framework/Modules/_SpriteKit_SwiftUI.swiftmodule/arm64.swiftdoc
2026-06-03T08:46:51.0113430Z x iPhoneOS14.5.sdk/System/Library/Frameworks/_SpriteKit_SwiftUI.framework/Modules/_SpriteKit_SwiftUI.swiftmodule/arm64e.swiftdoc
2026-06-03T08:46:51.0113790Z x iPhoneOS14.5.sdk/System/Library/Frameworks/_SpriteKit_SwiftUI.framework/Modules/_SpriteKit_SwiftUI.swiftmodule/arm64e-apple-ios.swiftinterface
2026-06-03T08:46:51.0114150Z x iPhoneOS14.5.sdk/System/Library/Frameworks/_SpriteKit_SwiftUI.framework/Modules/_SpriteKit_SwiftUI.swiftmodule/arm64-apple-ios.swiftinterface
2026-06-03T08:46:51.0114480Z x iPhoneOS14.5.sdk/System/Library/Frameworks/_SpriteKit_SwiftUI.framework/Modules/_SpriteKit_SwiftUI.swiftmodule/arm64e.swiftinterface
2026-06-03T08:46:51.0114820Z x iPhoneOS14.5.sdk/System/Library/Frameworks/_SpriteKit_SwiftUI.framework/Modules/_SpriteKit_SwiftUI.swiftmodule/arm64.swiftinterface
2026-06-03T08:46:51.0115030Z x iPhoneOS14.5.sdk/System/Library/Frameworks/_SpriteKit_SwiftUI.framework/_SpriteKit_SwiftUI.tbd
2026-06-03T08:46:51.0115170Z x iPhoneOS14.5.sdk/System/Library/Frameworks/AddressBook.framework/
2026-06-03T08:46:51.0115330Z x iPhoneOS14.5.sdk/System/Library/Frameworks/AddressBook.framework/Modules/
2026-06-03T08:46:51.0115540Z x iPhoneOS14.5.sdk/System/Library/Frameworks/AddressBook.framework/Modules/module.modulemap
2026-06-03T08:46:51.0116140Z x iPhoneOS14.5.sdk/System/Library/Frameworks/AddressBook.framework/Headers/
2026-06-03T08:46:51.0116370Z x iPhoneOS14.5.sdk/System/Library/Frameworks/AddressBook.framework/Headers/AddressBookDefines.h
2026-06-03T08:46:51.0116570Z x iPhoneOS14.5.sdk/System/Library/Frameworks/AddressBook.framework/Headers/AddressBook.h
2026-06-03T08:46:51.0116760Z x iPhoneOS14.5.sdk/System/Library/Frameworks/AddressBook.framework/Headers/ABRecord.h
2026-06-03T08:46:51.0117020Z x iPhoneOS14.5.sdk/System/Library/Frameworks/AddressBook.framework/Headers/ABMultiValue.h
2026-06-03T08:46:51.0117210Z x iPhoneOS14.5.sdk/System/Library/Frameworks/AddressBook.framework/Headers/ABPerson.h
2026-06-03T08:46:51.0117410Z x iPhoneOS14.5.sdk/System/Library/Frameworks/AddressBook.framework/Headers/ABAddressBook.h
2026-06-03T08:46:51.0117600Z x iPhoneOS14.5.sdk/System/Library/Frameworks/AddressBook.framework/Headers/ABSource.h
2026-06-03T08:46:51.0117780Z x iPhoneOS14.5.sdk/System/Library/Frameworks/AddressBook.framework/Headers/ABGroup.h
2026-06-03T08:46:51.0117960Z x iPhoneOS14.5.sdk/System/Library/Frameworks/AddressBook.framework/AddressBook.tbd
2026-06-03T08:46:51.0118110Z x iPhoneOS14.5.sdk/System/Library/Frameworks/_HomeKit_SwiftUI.framework/
2026-06-03T08:46:51.0118290Z x iPhoneOS14.5.sdk/System/Library/Frameworks/_HomeKit_SwiftUI.framework/Modules/
2026-06-03T08:46:51.0118670Z x iPhoneOS14.5.sdk/System/Library/Frameworks/_HomeKit_SwiftUI.framework/Modules/_HomeKit_SwiftUI.swiftmodule/
2026-06-03T08:46:51.0119000Z x iPhoneOS14.5.sdk/System/Library/Frameworks/_HomeKit_SwiftUI.framework/Modules/_HomeKit_SwiftUI.swiftmodule/arm64e-apple-ios.swiftdoc
2026-06-03T08:46:51.0119330Z x iPhoneOS14.5.sdk/System/Library/Frameworks/_HomeKit_SwiftUI.framework/Modules/_HomeKit_SwiftUI.swiftmodule/arm64-apple-ios.swiftdoc
2026-06-03T08:46:51.0119630Z x iPhoneOS14.5.sdk/System/Library/Frameworks/_HomeKit_SwiftUI.framework/Modules/_HomeKit_SwiftUI.swiftmodule/arm64.swiftdoc
2026-06-03T08:46:51.0119930Z x iPhoneOS14.5.sdk/System/Library/Frameworks/_HomeKit_SwiftUI.framework/Modules/_HomeKit_SwiftUI.swiftmodule/arm64e.swiftdoc
2026-06-03T08:46:51.0120280Z x iPhoneOS14.5.sdk/System/Library/Frameworks/_HomeKit_SwiftUI.framework/Modules/_HomeKit_SwiftUI.swiftmodule/arm64e-apple-ios.swiftinterface
2026-06-03T08:46:51.0120620Z x iPhoneOS14.5.sdk/System/Library/Frameworks/_HomeKit_SwiftUI.framework/Modules/_HomeKit_SwiftUI.swiftmodule/arm64-apple-ios.swiftinterface
2026-06-03T08:46:51.0120950Z x iPhoneOS14.5.sdk/System/Library/Frameworks/_HomeKit_SwiftUI.framework/Modules/_HomeKit_SwiftUI.swiftmodule/arm64e.swiftinterface
2026-06-03T08:46:51.0121280Z x iPhoneOS14.5.sdk/System/Library/Frameworks/_HomeKit_SwiftUI.framework/Modules/_HomeKit_SwiftUI.swiftmodule/arm64.swiftinterface
2026-06-03T08:46:51.0121490Z x iPhoneOS14.5.sdk/System/Library/Frameworks/_HomeKit_SwiftUI.framework/_HomeKit_SwiftUI.tbd
2026-06-03T08:46:51.0121620Z x iPhoneOS14.5.sdk/System/Library/Frameworks/MessageUI.framework/
2026-06-03T08:46:51.0122130Z x iPhoneOS14.5.sdk/System/Library/Frameworks/MessageUI.framework/Modules/
2026-06-03T08:46:51.0122350Z x iPhoneOS14.5.sdk/System/Library/Frameworks/MessageUI.framework/Modules/module.modulemap
2026-06-03T08:46:51.0122500Z x iPhoneOS14.5.sdk/System/Library/Frameworks/MessageUI.framework/Headers/
2026-06-03T08:46:51.0122720Z x iPhoneOS14.5.sdk/System/Library/Frameworks/MessageUI.framework/Headers/MessageUI.apinotes
2026-06-03T08:46:51.0122990Z x iPhoneOS14.5.sdk/System/Library/Frameworks/MessageUI.framework/Headers/MFMessageComposeViewController.h
2026-06-03T08:46:51.0123180Z x iPhoneOS14.5.sdk/System/Library/Frameworks/MessageUI.framework/Headers/MessageUI.h
2026-06-03T08:46:51.0123420Z x iPhoneOS14.5.sdk/System/Library/Frameworks/MessageUI.framework/Headers/MFMailComposeViewController.h
2026-06-03T08:46:51.0123650Z x iPhoneOS14.5.sdk/System/Library/Frameworks/MessageUI.framework/MessageUI.tbd
2026-06-03T08:46:51.0123780Z x iPhoneOS14.5.sdk/System/Library/Frameworks/UIKit.framework/
2026-06-03T08:46:51.0123920Z x iPhoneOS14.5.sdk/System/Library/Frameworks/UIKit.framework/Modules/
2026-06-03T08:46:51.0124110Z x iPhoneOS14.5.sdk/System/Library/Frameworks/UIKit.framework/Modules/module.modulemap
2026-06-03T08:46:51.0124260Z x iPhoneOS14.5.sdk/System/Library/Frameworks/UIKit.framework/UIKit.tbd
2026-06-03T08:46:51.0124400Z x iPhoneOS14.5.sdk/System/Library/Frameworks/UIKit.framework/Headers/
2026-06-03T08:46:51.0124700Z x iPhoneOS14.5.sdk/System/Library/Frameworks/UIKit.framework/Headers/UILargeContentViewer.h
2026-06-03T08:46:51.0124870Z x iPhoneOS14.5.sdk/System/Library/Frameworks/UIKit.framework/Headers/NSShadow.h
2026-06-03T08:46:51.0125050Z x iPhoneOS14.5.sdk/System/Library/Frameworks/UIKit.framework/Headers/UIInputView.h
2026-06-03T08:46:51.0125220Z x iPhoneOS14.5.sdk/System/Library/Frameworks/UIKit.framework/Headers/UIControl.h
2026-06-03T08:46:51.0125510Z x iPhoneOS14.5.sdk/System/Library/Frameworks/UIKit.framework/Headers/UIFontPickerViewControllerConfiguration.h
2026-06-03T08:46:51.0125730Z x iPhoneOS14.5.sdk/System/Library/Frameworks/UIKit.framework/Headers/UIContextMenuConfiguration.h
2026-06-03T08:46:51.0125970Z x iPhoneOS14.5.sdk/System/Library/Frameworks/UIKit.framework/Headers/UITableViewHeaderFooterView.h
2026-06-03T08:46:51.0126140Z x iPhoneOS14.5.sdk/System/Library/Frameworks/UIKit.framework/Headers/UIWindow.h
2026-06-03T08:46:51.0126410Z x iPhoneOS14.5.sdk/System/Library/Frameworks/UIKit.framework/Headers/UIPrintInfo.h
2026-06-03T08:46:51.0126620Z x iPhoneOS14.5.sdk/System/Library/Frameworks/UIKit.framework/Headers/UIContextualAction.h
2026-06-03T08:46:51.0126840Z x iPhoneOS14.5.sdk/System/Library/Frameworks/UIKit.framework/Headers/UIBarButtonItemAppearance.h
2026-06-03T08:46:51.0127040Z x iPhoneOS14.5.sdk/System/Library/Frameworks/UIKit.framework/Headers/UICollectionView.h
2026-06-03T08:46:51.0127260Z x iPhoneOS14.5.sdk/System/Library/Frameworks/UIKit.framework/Headers/UICollectionViewController.h
2026-06-03T08:46:51.0127500Z x iPhoneOS14.5.sdk/System/Library/Frameworks/UIKit.framework/Headers/UITextInput.h
2026-06-03T08:46:51.0127710Z x iPhoneOS14.5.sdk/System/Library/Frameworks/UIKit.framework/Headers/UITextDragURLPreviews.h
2026-06-03T08:46:51.0127890Z x iPhoneOS14.5.sdk/System/Library/Frameworks/UIKit.framework/Headers/UITabBarItem.h
2026-06-03T08:46:51.0128170Z x iPhoneOS14.5.sdk/System/Library/Frameworks/UIKit.framework/Headers/UIViewControllerTransitionCoordinator.h
2026-06-03T08:46:51.0128370Z x iPhoneOS14.5.sdk/System/Library/Frameworks/UIKit.framework/Headers/UITextInputTraits.h
2026-06-03T08:46:51.0128580Z x iPhoneOS14.5.sdk/System/Library/Frameworks/UIKit.framework/Headers/NSFileProviderExtension.h
2026-06-03T08:46:51.0128750Z x iPhoneOS14.5.sdk/System/Library/Frameworks/UIKit.framework/Headers/UIAction.h
2026-06-03T08:46:51.0128950Z x iPhoneOS14.5.sdk/System/Library/Frameworks/UIKit.framework/Headers/UITextInteraction.h
2026-06-03T08:46:51.0129160Z x iPhoneOS14.5.sdk/System/Library/Frameworks/UIKit.framework/Headers/UITargetedDragPreview.h
2026-06-03T08:46:51.0129410Z x iPhoneOS14.5.sdk/System/Library/Frameworks/UIKit.framework/Headers/UIAccessibilityLocationDescriptor.h
2026-06-03T08:46:51.0129610Z x iPhoneOS14.5.sdk/System/Library/Frameworks/UIKit.framework/Headers/ShareSheet.h
2026-06-03T08:46:51.0129780Z x iPhoneOS14.5.sdk/System/Library/Frameworks/UIKit.framework/Headers/UIStackView.h
2026-06-03T08:46:51.0130010Z x iPhoneOS14.5.sdk/System/Library/Frameworks/UIKit.framework/Headers/UIDataSourceTranslating.h
2026-06-03T08:46:51.0130230Z x iPhoneOS14.5.sdk/System/Library/Frameworks/UIKit.framework/Headers/UINavigationBarAppearance.h
2026-06-03T08:46:51.0130420Z x iPhoneOS14.5.sdk/System/Library/Frameworks/UIKit.framework/Headers/UIGravityBehavior.h
2026-06-03T08:46:51.0130650Z x iPhoneOS14.5.sdk/System/Library/Frameworks/UIKit.framework/Headers/UIApplicationShortcutItem.h
2026-06-03T08:46:51.0130880Z x iPhoneOS14.5.sdk/System/Library/Frameworks/UIKit.framework/Headers/UIListSeparatorConfiguration.h
2026-06-03T08:46:51.0131080Z x iPhoneOS14.5.sdk/System/Library/Frameworks/UIKit.framework/Headers/NSLayoutConstraint.h
2026-06-03T08:46:51.0131290Z x iPhoneOS14.5.sdk/System/Library/Frameworks/UIKit.framework/Headers/UIPointerInteraction.h
2026-06-03T08:46:51.0131510Z x iPhoneOS14.5.sdk/System/Library/Frameworks/UIKit.framework/Headers/UICollectionViewUpdateItem.h
2026-06-03T08:46:51.0131770Z x iPhoneOS14.5.sdk/System/Library/Frameworks/UIKit.framework/Headers/UIDocumentInteractionController.h
2026-06-03T08:46:51.0132100Z x iPhoneOS14.5.sdk/System/Library/Frameworks/UIKit.framework/Headers/UIAccessibilityAdditions.h
2026-06-03T08:46:51.0132370Z x iPhoneOS14.5.sdk/System/Library/Frameworks/UIKit.framework/Headers/UICollectionViewCompositionalLayout.h
2026-06-03T08:46:51.0132600Z x iPhoneOS14.5.sdk/System/Library/Frameworks/UIKit.framework/Headers/UILocalizedIndexedCollation.h
2026-06-03T08:46:51.0132810Z x iPhoneOS14.5.sdk/System/Library/Frameworks/UIKit.framework/Headers/UIPageViewController.h
2026-06-03T08:46:51.0133020Z x iPhoneOS14.5.sdk/System/Library/Frameworks/UIKit.framework/Headers/UIPrinterPickerController.h
2026-06-03T08:46:51.0133210Z x iPhoneOS14.5.sdk/System/Library/Frameworks/UIKit.framework/Headers/UIResponder.h
2026-06-03T08:46:51.0133400Z x iPhoneOS14.5.sdk/System/Library/Frameworks/UIKit.framework/Headers/UIViewAnimating.h
2026-06-03T08:46:51.0133600Z x iPhoneOS14.5.sdk/System/Library/Frameworks/UIKit.framework/Headers/UIBarButtonItemGroup.h
2026-06-03T08:46:51.0133860Z x iPhoneOS14.5.sdk/System/Library/Frameworks/UIKit.framework/Headers/UIProgressView.h
2026-06-03T08:46:51.0134060Z x iPhoneOS14.5.sdk/System/Library/Frameworks/UIKit.framework/Headers/UIDragInteraction.h
2026-06-03T08:46:51.0134240Z x iPhoneOS14.5.sdk/System/Library/Frameworks/UIKit.framework/Headers/UIGraphics.h
2026-06-03T08:46:51.0134470Z x iPhoneOS14.5.sdk/System/Library/Frameworks/UIKit.framework/Headers/NSItemProvider+UIKitAdditions.h
2026-06-03T08:46:51.0134670Z x iPhoneOS14.5.sdk/System/Library/Frameworks/UIKit.framework/Headers/NSTextAttachment.h
2026-06-03T08:46:51.0134860Z x iPhoneOS14.5.sdk/System/Library/Frameworks/UIKit.framework/Headers/DocumentManager.h
2026-06-03T08:46:51.0135050Z x iPhoneOS14.5.sdk/System/Library/Frameworks/UIKit.framework/Headers/UITabBarController.h
2026-06-03T08:46:51.0135250Z x iPhoneOS14.5.sdk/System/Library/Frameworks/UIKit.framework/Headers/UIPopoverSupport.h
2026-06-03T08:46:51.0135470Z x iPhoneOS14.5.sdk/System/Library/Frameworks/UIKit.framework/Headers/UIGestureRecognizerSubclass.h
2026-06-03T08:46:51.0135710Z x iPhoneOS14.5.sdk/System/Library/Frameworks/UIKit.framework/Headers/UICollectionViewFlowLayout.h
2026-06-03T08:46:51.0135900Z x iPhoneOS14.5.sdk/System/Library/Frameworks/UIKit.framework/Headers/NSLayoutManager.h
2026-06-03T08:46:51.0136140Z x iPhoneOS14.5.sdk/System/Library/Frameworks/UIKit.framework/Headers/UIDocumentMenuViewController.h
2026-06-03T08:46:51.0136380Z x iPhoneOS14.5.sdk/System/Library/Frameworks/UIKit.framework/Headers/UIDocumentPickerViewController.h
2026-06-03T08:46:51.0136560Z x iPhoneOS14.5.sdk/System/Library/Frameworks/UIKit.framework/Headers/UITextField.h
2026-06-03T08:46:51.0136740Z x iPhoneOS14.5.sdk/System/Library/Frameworks/UIKit.framework/Headers/UITextDropping.h
2026-06-03T08:46:51.0136960Z x iPhoneOS14.5.sdk/System/Library/Frameworks/UIKit.framework/Headers/UIActivityViewController.h
2026-06-03T08:46:51.0137520Z x iPhoneOS14.5.sdk/System/Library/Frameworks/UIKit.framework/Headers/UICollectionLayoutList.h
2026-06-03T08:46:51.0137750Z x iPhoneOS14.5.sdk/System/Library/Frameworks/UIKit.framework/Headers/UIRotationGestureRecognizer.h
2026-06-03T08:46:51.0137950Z x iPhoneOS14.5.sdk/System/Library/Frameworks/UIKit.framework/Headers/UIAlertController.h
2026-06-03T08:46:51.0138140Z x iPhoneOS14.5.sdk/System/Library/Frameworks/UIKit.framework/Headers/UIViewController.h
2026-06-03T08:46:51.0138400Z x iPhoneOS14.5.sdk/System/Library/Frameworks/UIKit.framework/Headers/UIAccessibilityZoom.h
2026-06-03T08:46:51.0138610Z x iPhoneOS14.5.sdk/System/Library/Frameworks/UIKit.framework/Headers/UIGraphicsPDFRenderer.h
2026-06-03T08:46:51.0138830Z x iPhoneOS14.5.sdk/System/Library/Frameworks/UIKit.framework/Headers/UIHoverGestureRecognizer.h
2026-06-03T08:46:51.0139060Z x iPhoneOS14.5.sdk/System/Library/Frameworks/UIKit.framework/Headers/UIUserNotificationSettings.h
2026-06-03T08:46:51.0139250Z x iPhoneOS14.5.sdk/System/Library/Frameworks/UIKit.framework/Headers/UINavigationItem.h
2026-06-03T08:46:51.0139430Z x iPhoneOS14.5.sdk/System/Library/Frameworks/UIKit.framework/Headers/UIDragItem.h
2026-06-03T08:46:51.0139660Z x iPhoneOS14.5.sdk/System/Library/Frameworks/UIKit.framework/Headers/UIStepper.h
2026-06-03T08:46:51.0139850Z x iPhoneOS14.5.sdk/System/Library/Frameworks/UIKit.framework/Headers/UIBezierPath.h
2026-06-03T08:46:51.0140070Z x iPhoneOS14.5.sdk/System/Library/Frameworks/UIKit.framework/Headers/UIAccessibilityContainer.h
2026-06-03T08:46:51.0140250Z x iPhoneOS14.5.sdk/System/Library/Frameworks/UIKit.framework/Headers/UIPageControl.h
2026-06-03T08:46:51.0140430Z x iPhoneOS14.5.sdk/System/Library/Frameworks/UIKit.framework/Headers/UIKitCore.h
2026-06-03T08:46:51.0140610Z x iPhoneOS14.5.sdk/System/Library/Frameworks/UIKit.framework/Headers/UIWindowScene.h
2026-06-03T08:46:51.0140860Z x iPhoneOS14.5.sdk/System/Library/Frameworks/UIKit.framework/Headers/UICollectionViewTransitionLayout.h
2026-06-03T08:46:51.0141090Z x iPhoneOS14.5.sdk/System/Library/Frameworks/UIKit.framework/Headers/UILongPressGestureRecognizer.h
2026-06-03T08:46:51.0141450Z x iPhoneOS14.5.sdk/System/Library/Frameworks/UIKit.framework/Headers/UISpringLoadedInteraction.h
2026-06-03T08:46:51.0141640Z x iPhoneOS14.5.sdk/System/Library/Frameworks/UIKit.framework/Headers/UIDragPreview.h
2026-06-03T08:46:51.0141850Z x iPhoneOS14.5.sdk/System/Library/Frameworks/UIKit.framework/Headers/UIViewPropertyAnimator.h
2026-06-03T08:46:51.0142070Z x iPhoneOS14.5.sdk/System/Library/Frameworks/UIKit.framework/Headers/UICellConfigurationState.h
2026-06-03T08:46:51.0142310Z x iPhoneOS14.5.sdk/System/Library/Frameworks/UIKit.framework/Headers/UILayoutGuide.h
2026-06-03T08:46:51.0142510Z x iPhoneOS14.5.sdk/System/Library/Frameworks/UIKit.framework/Headers/NSAttributedString.h
2026-06-03T08:46:51.0142720Z x iPhoneOS14.5.sdk/System/Library/Frameworks/UIKit.framework/Headers/UIConfigurationState.h
2026-06-03T08:46:51.0142920Z x iPhoneOS14.5.sdk/System/Library/Frameworks/UIKit.framework/Headers/UITextItemInteraction.h
2026-06-03T08:46:51.0143140Z x iPhoneOS14.5.sdk/System/Library/Frameworks/UIKit.framework/Headers/UIPanGestureRecognizer.h
2026-06-03T08:46:51.0143330Z x iPhoneOS14.5.sdk/System/Library/Frameworks/UIKit.framework/Headers/UIMenuBuilder.h
2026-06-03T08:46:51.0143510Z x iPhoneOS14.5.sdk/System/Library/Frameworks/UIKit.framework/Headers/UIAppearance.h
2026-06-03T08:46:51.0143710Z x iPhoneOS14.5.sdk/System/Library/Frameworks/UIKit.framework/Headers/UISceneDefinitions.h
2026-06-03T08:46:51.0143930Z x iPhoneOS14.5.sdk/System/Library/Frameworks/UIKit.framework/Headers/UIPopoverBackgroundView.h
2026-06-03T08:46:51.0144120Z x iPhoneOS14.5.sdk/System/Library/Frameworks/UIKit.framework/Headers/UIMotionEffect.h
2026-06-03T08:46:51.0144290Z x iPhoneOS14.5.sdk/System/Library/Frameworks/UIKit.framework/Headers/UIPickerView.h
2026-06-03T08:46:51.0144470Z x iPhoneOS14.5.sdk/System/Library/Frameworks/UIKit.framework/Headers/UIDevice.h
2026-06-03T08:46:51.0144640Z x iPhoneOS14.5.sdk/System/Library/Frameworks/UIKit.framework/Headers/UIScrollView.h
2026-06-03T08:46:51.0144890Z x iPhoneOS14.5.sdk/System/Library/Frameworks/UIKit.framework/Headers/UISearchContainerViewController.h
2026-06-03T08:46:51.0145080Z x iPhoneOS14.5.sdk/System/Library/Frameworks/UIKit.framework/Headers/UIFontMetrics.h
2026-06-03T08:46:51.0145280Z x iPhoneOS14.5.sdk/System/Library/Frameworks/UIKit.framework/Headers/UITextPasteDelegate.h
2026-06-03T08:46:51.0145460Z x iPhoneOS14.5.sdk/System/Library/Frameworks/UIKit.framework/Headers/UIGeometry.h
2026-06-03T08:46:51.0145620Z x iPhoneOS14.5.sdk/System/Library/Frameworks/UIKit.framework/Headers/UIFocus.h
2026-06-03T08:46:51.0145840Z x iPhoneOS14.5.sdk/System/Library/Frameworks/UIKit.framework/Headers/UIDragPreviewParameters.h
2026-06-03T08:46:51.0146060Z x iPhoneOS14.5.sdk/System/Library/Frameworks/UIKit.framework/Headers/UIViewConfigurationState.h
2026-06-03T08:46:51.0146220Z x iPhoneOS14.5.sdk/System/Library/Frameworks/UIKit.framework/Headers/UIScene.h
2026-06-03T08:46:51.0146400Z x iPhoneOS14.5.sdk/System/Library/Frameworks/UIKit.framework/Headers/UIMenuElement.h
2026-06-03T08:46:51.0146590Z x iPhoneOS14.5.sdk/System/Library/Frameworks/UIKit.framework/Headers/UISceneSession.h
2026-06-03T08:46:51.0146900Z x iPhoneOS14.5.sdk/System/Library/Frameworks/UIKit.framework/Headers/UIContentConfiguration.h
2026-06-03T08:46:51.0147080Z x iPhoneOS14.5.sdk/System/Library/Frameworks/UIKit.framework/Headers/UIRegion.h
2026-06-03T08:46:51.0147440Z x iPhoneOS14.5.sdk/System/Library/Frameworks/UIKit.framework/Headers/UIPopoverPresentationController.h
2026-06-03T08:46:51.0147640Z x iPhoneOS14.5.sdk/System/Library/Frameworks/UIKit.framework/Headers/UIDynamicItemBehavior.h
2026-06-03T08:46:51.0147910Z x iPhoneOS14.5.sdk/System/Library/Frameworks/UIKit.framework/Headers/UIActivityItemsConfigurationReading.h
2026-06-03T08:46:51.0148080Z x iPhoneOS14.5.sdk/System/Library/Frameworks/UIKit.framework/Headers/UIToolbar.h
2026-06-03T08:46:51.0148270Z x iPhoneOS14.5.sdk/System/Library/Frameworks/UIKit.framework/Headers/UIFontDescriptor.h
2026-06-03T08:46:51.0148490Z x iPhoneOS14.5.sdk/System/Library/Frameworks/UIKit.framework/Headers/NSToolbar+UIKitAdditions.h
2026-06-03T08:46:51.0148800Z x iPhoneOS14.5.sdk/System/Library/Frameworks/UIKit.framework/Headers/UIActivityIndicatorView.h
2026-06-03T08:46:51.0149010Z x iPhoneOS14.5.sdk/System/Library/Frameworks/UIKit.framework/Headers/UISplitViewController.h
2026-06-03T08:46:51.0149230Z x iPhoneOS14.5.sdk/System/Library/Frameworks/UIKit.framework/Headers/UIPresentationController.h
2026-06-03T08:46:51.0149460Z x iPhoneOS14.5.sdk/System/Library/Frameworks/UIKit.framework/Headers/UIFontPickerViewController.h
2026-06-03T08:46:51.0149640Z x iPhoneOS14.5.sdk/System/Library/Frameworks/UIKit.framework/Headers/UIDatePicker.h
2026-06-03T08:46:51.0149820Z x iPhoneOS14.5.sdk/System/Library/Frameworks/UIKit.framework/Headers/UIPrintPaper.h
2026-06-03T08:46:51.0150260Z x iPhoneOS14.5.sdk/System/Library/Frameworks/UIKit.framework/Headers/UIBarItem.h
2026-06-03T08:46:51.0150640Z x iPhoneOS14.5.sdk/System/Library/Frameworks/UIKit.framework/Headers/UIPointerStyle.h
2026-06-03T08:46:51.0150840Z x iPhoneOS14.5.sdk/System/Library/Frameworks/UIKit.framework/Headers/UITouch.h
2026-06-03T08:46:51.0151030Z x iPhoneOS14.5.sdk/System/Library/Frameworks/UIKit.framework/Headers/UIPushBehavior.h
2026-06-03T08:46:51.0151210Z x iPhoneOS14.5.sdk/System/Library/Frameworks/UIKit.framework/Headers/UINavigationBar.h
2026-06-03T08:46:51.0151410Z x iPhoneOS14.5.sdk/System/Library/Frameworks/UIKit.framework/Headers/UIDropInteraction.h
2026-06-03T08:46:51.0151570Z x iPhoneOS14.5.sdk/System/Library/Frameworks/UIKit.framework/Headers/NSText.h
2026-06-03T08:46:51.0151790Z x iPhoneOS14.5.sdk/System/Library/Frameworks/UIKit.framework/Headers/UITextDragPreviewRenderer.h
2026-06-03T08:46:51.0152010Z x iPhoneOS14.5.sdk/System/Library/Frameworks/UIKit.framework/Headers/UISearchDisplayController.h
2026-06-03T08:46:51.0152200Z x iPhoneOS14.5.sdk/System/Library/Frameworks/UIKit.framework/Headers/UIVisualEffect.h
2026-06-03T08:46:51.0152390Z x iPhoneOS14.5.sdk/System/Library/Frameworks/UIKit.framework/Headers/UIStringDrawing.h
2026-06-03T08:46:51.0152600Z x iPhoneOS14.5.sdk/System/Library/Frameworks/UIKit.framework/Headers/UICollectionViewCell.h
2026-06-03T08:46:51.0152760Z x iPhoneOS14.5.sdk/System/Library/Frameworks/UIKit.framework/Headers/UIKit.h
2026-06-03T08:46:51.0152960Z x iPhoneOS14.5.sdk/System/Library/Frameworks/UIKit.framework/Headers/UIVisualEffectView.h
2026-06-03T08:46:51.0153170Z x iPhoneOS14.5.sdk/System/Library/Frameworks/UIKit.framework/Headers/UIImageConfiguration.h
2026-06-03T08:46:51.0153370Z x iPhoneOS14.5.sdk/System/Library/Frameworks/UIKit.framework/Headers/UIPencilInteraction.h
2026-06-03T08:46:51.0153560Z x iPhoneOS14.5.sdk/System/Library/Frameworks/UIKit.framework/Headers/UISceneOptions.h
2026-06-03T08:46:51.0153740Z x iPhoneOS14.5.sdk/System/Library/Frameworks/UIKit.framework/Headers/UIUserActivity.h
2026-06-03T08:46:51.0153960Z x iPhoneOS14.5.sdk/System/Library/Frameworks/UIKit.framework/Headers/UIImpactFeedbackGenerator.h
2026-06-03T08:46:51.0154140Z x iPhoneOS14.5.sdk/System/Library/Frameworks/UIKit.framework/Headers/UIBlurEffect.h
2026-06-03T08:46:51.0154330Z x iPhoneOS14.5.sdk/System/Library/Frameworks/UIKit.framework/Headers/UITextChecker.h
2026-06-03T08:46:51.0154680Z x iPhoneOS14.5.sdk/System/Library/Frameworks/UIKit.framework/Headers/NSDataAsset.h
2026-06-03T08:46:51.0154890Z x iPhoneOS14.5.sdk/System/Library/Frameworks/UIKit.framework/Headers/UIFocusMovementHint.h
2026-06-03T08:46:51.0155120Z x iPhoneOS14.5.sdk/System/Library/Frameworks/UIKit.framework/Headers/UISelectionFeedbackGenerator.h
2026-06-03T08:46:51.0155310Z x iPhoneOS14.5.sdk/System/Library/Frameworks/UIKit.framework/Headers/UIPrintFormatter.h
2026-06-03T08:46:51.0155490Z x iPhoneOS14.5.sdk/System/Library/Frameworks/UIKit.framework/Headers/UILexicon.h
2026-06-03T08:46:51.0155760Z x iPhoneOS14.5.sdk/System/Library/Frameworks/UIKit.framework/Headers/UIBarButtonItem.h
2026-06-03T08:46:51.0156070Z x iPhoneOS14.5.sdk/System/Library/Frameworks/UIKit.framework/Headers/UIAccessibilityContentSizeCategoryImageAdjusting.h
2026-06-03T08:46:51.0156410Z x iPhoneOS14.5.sdk/System/Library/Frameworks/UIKit.framework/Headers/UIAlert.h
2026-06-03T08:46:51.0156650Z x iPhoneOS14.5.sdk/System/Library/Frameworks/UIKit.framework/Headers/UIAccessibilityCustomRotor.h
2026-06-03T08:46:51.0156870Z x iPhoneOS14.5.sdk/System/Library/Frameworks/UIKit.framework/Headers/UIAccessibilityConstants.h
2026-06-03T08:46:51.0157070Z x iPhoneOS14.5.sdk/System/Library/Frameworks/UIKit.framework/Headers/UIAttachmentBehavior.h
2026-06-03T08:46:51.0157400Z x iPhoneOS14.5.sdk/System/Library/Frameworks/UIKit.framework/Headers/UIPasteConfigurationSupporting.h
2026-06-03T08:46:51.0157600Z x iPhoneOS14.5.sdk/System/Library/Frameworks/UIKit.framework/Headers/UIStatusBarManager.h
2026-06-03T08:46:51.0157880Z x iPhoneOS14.5.sdk/System/Library/Frameworks/UIKit.framework/Headers/UISwipeActionsConfiguration.h
2026-06-03T08:46:51.0158050Z x iPhoneOS14.5.sdk/System/Library/Frameworks/UIKit.framework/Headers/UIMenu.h
2026-06-03T08:46:51.0158260Z x iPhoneOS14.5.sdk/System/Library/Frameworks/UIKit.framework/Headers/UITapGestureRecognizer.h
2026-06-03T08:46:51.0158560Z x iPhoneOS14.5.sdk/System/Library/Frameworks/UIKit.framework/Headers/UIPinchGestureRecognizer.h
2026-06-03T08:46:51.0158740Z x iPhoneOS14.5.sdk/System/Library/Frameworks/UIKit.framework/Headers/UIMenuSystem.h
2026-06-03T08:46:51.0158950Z x iPhoneOS14.5.sdk/System/Library/Frameworks/UIKit.framework/Headers/UIScreenshotService.h
2026-06-03T08:46:51.0159150Z x iPhoneOS14.5.sdk/System/Library/Frameworks/UIKit.framework/Headers/UIFeedbackGenerator.h
2026-06-03T08:46:51.0159440Z x iPhoneOS14.5.sdk/System/Library/Frameworks/UIKit.framework/Headers/UICollectionViewLayout.h
2026-06-03T08:46:51.0159690Z x iPhoneOS14.5.sdk/System/Library/Frameworks/UIKit.framework/Headers/UIConfigurationColorTransformer.h
2026-06-03T08:46:51.0159900Z x iPhoneOS14.5.sdk/System/Library/Frameworks/UIKit.framework/Headers/UIEventAttributionView.h
2026-06-03T08:46:51.0160080Z x iPhoneOS14.5.sdk/System/Library/Frameworks/UIKit.framework/Headers/UIPrintError.h
2026-06-03T08:46:51.0160380Z x iPhoneOS14.5.sdk/System/Library/Frameworks/UIKit.framework/Headers/UIBackgroundConfiguration.h
2026-06-03T08:46:51.0160580Z x iPhoneOS14.5.sdk/System/Library/Frameworks/UIKit.framework/Headers/UIOpenURLContext.h
2026-06-03T08:46:51.0160850Z x iPhoneOS14.5.sdk/System/Library/Frameworks/UIKit.framework/Headers/UIDocumentBrowserViewController.h
2026-06-03T08:46:51.0161210Z x iPhoneOS14.5.sdk/System/Library/Frameworks/UIKit.framework/Headers/UIDocumentPickerExtensionViewController.h
2026-06-03T08:46:51.0161400Z x iPhoneOS14.5.sdk/System/Library/Frameworks/UIKit.framework/Headers/NSLayoutAnchor.h
2026-06-03T08:46:51.0161580Z x iPhoneOS14.5.sdk/System/Library/Frameworks/UIKit.framework/Headers/UIColorWell.h
2026-06-03T08:46:51.0161770Z x iPhoneOS14.5.sdk/System/Library/Frameworks/UIKit.framework/Headers/UIPointerRegion.h
2026-06-03T08:46:51.0161940Z x iPhoneOS14.5.sdk/System/Library/Frameworks/UIKit.framework/Headers/UIImageAsset.h
2026-06-03T08:46:51.0162230Z x iPhoneOS14.5.sdk/System/Library/Frameworks/UIKit.framework/Headers/UIPreviewInteraction.h
2026-06-03T08:46:51.0162540Z x iPhoneOS14.5.sdk/System/Library/Frameworks/UIKit.framework/Headers/UITargetedPreview.h
2026-06-03T08:46:51.0162770Z x iPhoneOS14.5.sdk/System/Library/Frameworks/UIKit.framework/Headers/UIKitDefines.h
2026-06-03T08:46:51.0163100Z x iPhoneOS14.5.sdk/System/Library/Frameworks/UIKit.framework/Headers/UIFocusDebugger.h
2026-06-03T08:46:51.0163330Z x iPhoneOS14.5.sdk/System/Library/Frameworks/UIKit.framework/Headers/UIPreviewParameters.h
2026-06-03T08:46:51.0163630Z x iPhoneOS14.5.sdk/System/Library/Frameworks/UIKit.framework/Headers/UIColorPickerViewController.h
2026-06-03T08:46:51.0163860Z x iPhoneOS14.5.sdk/System/Library/Frameworks/UIKit.framework/Headers/UIDeferredMenuElement.h
2026-06-03T08:46:51.0164060Z x iPhoneOS14.5.sdk/System/Library/Frameworks/UIKit.framework/Headers/UILocalNotification.h
2026-06-03T08:46:51.0170380Z x iPhoneOS14.5.sdk/System/Library/Frameworks/UIKit.framework/Headers/UIStoryboard.h
2026-06-03T08:46:51.0170720Z x iPhoneOS14.5.sdk/System/Library/Frameworks/UIKit.framework/Headers/NSStringDrawing.h
2026-06-03T08:46:51.0170910Z x iPhoneOS14.5.sdk/System/Library/Frameworks/UIKit.framework/Headers/UIRefreshControl.h
2026-06-03T08:46:51.0171160Z x iPhoneOS14.5.sdk/System/Library/Frameworks/UIKit.framework/Headers/UINib.h
2026-06-03T08:46:51.0171380Z x iPhoneOS14.5.sdk/System/Library/Frameworks/UIKit.framework/Headers/UICollectionViewListCell.h
2026-06-03T08:46:51.0171610Z x iPhoneOS14.5.sdk/System/Library/Frameworks/UIKit.framework/Headers/UINavigationController.h
2026-06-03T08:46:51.0171790Z x iPhoneOS14.5.sdk/System/Library/Frameworks/UIKit.framework/Headers/UIAlertView.h
2026-06-03T08:46:51.0172140Z x iPhoneOS14.5.sdk/System/Library/Frameworks/UIKit.framework/Headers/NSDiffableDataSourceSectionSnapshot.h
2026-06-03T08:46:51.0172400Z x iPhoneOS14.5.sdk/System/Library/Frameworks/UIKit.framework/Headers/UIScreenEdgePanGestureRecognizer.h
2026-06-03T08:46:51.0172610Z x iPhoneOS14.5.sdk/System/Library/Frameworks/UIKit.framework/Headers/UIAccelerometer.h
2026-06-03T08:46:51.0172900Z x iPhoneOS14.5.sdk/System/Library/Frameworks/UIKit.framework/Headers/UIContentSizeCategoryAdjusting.h
2026-06-03T08:46:51.0173340Z x iPhoneOS14.5.sdk/System/Library/Frameworks/UIKit.framework/Headers/UIPrintInteractionController.h
2026-06-03T08:46:51.0173610Z x iPhoneOS14.5.sdk/System/Library/Frameworks/UIKit.framework/Headers/UIReferenceLibraryViewController.h
2026-06-03T08:46:51.0173920Z x iPhoneOS14.5.sdk/System/Library/Frameworks/UIKit.framework/Headers/UIGraphicsImageRenderer.h
2026-06-03T08:46:51.0174140Z x iPhoneOS14.5.sdk/System/Library/Frameworks/UIKit.framework/Headers/UIPointerLockState.h
2026-06-03T08:46:51.0174370Z x iPhoneOS14.5.sdk/System/Library/Frameworks/UIKit.framework/Headers/UITableViewController.h
2026-06-03T08:46:51.0174540Z x iPhoneOS14.5.sdk/System/Library/Frameworks/UIKit.framework/Headers/UITabBar.h
2026-06-03T08:46:51.0174800Z x iPhoneOS14.5.sdk/System/Library/Frameworks/UIKit.framework/Headers/UIGuidedAccessRestrictions.h
2026-06-03T08:46:51.0175050Z x iPhoneOS14.5.sdk/System/Library/Frameworks/UIKit.framework/Headers/NSTouchBar+UIKitAdditions.h
2026-06-03T08:46:51.0175270Z x iPhoneOS14.5.sdk/System/Library/Frameworks/UIKit.framework/Headers/UICellAccessory.h
2026-06-03T08:46:51.0175530Z x iPhoneOS14.5.sdk/System/Library/Frameworks/UIKit.framework/Headers/UIViewControllerTransitioning.h
2026-06-03T08:46:51.0175750Z x iPhoneOS14.5.sdk/System/Library/Frameworks/UIKit.framework/Headers/UIVideoEditorController.h
2026-06-03T08:46:51.0176010Z x iPhoneOS14.5.sdk/System/Library/Frameworks/UIKit.framework/Headers/NSUserActivity+NSItemProvider.h
2026-06-03T08:46:51.0176250Z x iPhoneOS14.5.sdk/System/Library/Frameworks/UIKit.framework/Headers/UIContentSizeCategory.h
2026-06-03T08:46:51.0176490Z x iPhoneOS14.5.sdk/System/Library/Frameworks/UIKit.framework/Headers/UIPrintServiceExtension.h
2026-06-03T08:46:51.0176680Z x iPhoneOS14.5.sdk/System/Library/Frameworks/UIKit.framework/Headers/UIBarAppearance.h
2026-06-03T08:46:51.0176860Z x iPhoneOS14.5.sdk/System/Library/Frameworks/UIKit.framework/Headers/UIDocument.h
2026-06-03T08:46:51.0177110Z x iPhoneOS14.5.sdk/System/Library/Frameworks/UIKit.framework/Headers/UISwitch.h
2026-06-03T08:46:51.0177330Z x iPhoneOS14.5.sdk/System/Library/Frameworks/UIKit.framework/Headers/UIPasteConfiguration.h
2026-06-03T08:46:51.0177620Z x iPhoneOS14.5.sdk/System/Library/Frameworks/UIKit.framework/Headers/UISearchController.h
2026-06-03T08:46:51.0177800Z x iPhoneOS14.5.sdk/System/Library/Frameworks/UIKit.framework/Headers/NSTextStorage.h
2026-06-03T08:46:51.0178000Z x iPhoneOS14.5.sdk/System/Library/Frameworks/UIKit.framework/Headers/UIImage.h
2026-06-03T08:46:51.0178280Z x iPhoneOS14.5.sdk/System/Library/Frameworks/UIKit.framework/Headers/UIResponder+UIActivityItemsConfiguration.h
2026-06-03T08:46:51.0178490Z x iPhoneOS14.5.sdk/System/Library/Frameworks/UIKit.framework/Headers/UIDataDetectors.h
2026-06-03T08:46:51.0178740Z x iPhoneOS14.5.sdk/System/Library/Frameworks/UIKit.framework/Headers/UIFont.h
2026-06-03T08:46:51.0182460Z x iPhoneOS14.5.sdk/System/Library/Frameworks/UIKit.framework/Headers/UICloudSharingController.h
2026-06-03T08:46:51.0182650Z x iPhoneOS14.5.sdk/System/Library/Frameworks/UIKit.framework/Headers/UIInterface.h
2026-06-03T08:46:51.0183100Z x iPhoneOS14.5.sdk/System/Library/Frameworks/UIKit.framework/Headers/UIImagePickerController.h
2026-06-03T08:46:51.0183270Z x iPhoneOS14.5.sdk/System/Library/Frameworks/UIKit.framework/Headers/UIEvent.h
2026-06-03T08:46:51.0183470Z x iPhoneOS14.5.sdk/System/Library/Frameworks/UIKit.framework/Headers/UITimingParameters.h
2026-06-03T08:46:51.0183680Z x iPhoneOS14.5.sdk/System/Library/Frameworks/UIKit.framework/Headers/UIPrintPageRenderer.h
2026-06-03T08:46:51.0183990Z x iPhoneOS14.5.sdk/System/Library/Frameworks/UIKit.framework/Headers/UIView.h
2026-06-03T08:46:51.0279600Z x iPhoneOS14.5.sdk/System/Library/Frameworks/UIKit.framework/Headers/UIStoryboardSegue.h
2026-06-03T08:46:51.0280640Z x iPhoneOS14.5.sdk/System/Library/Frameworks/UIKit.framework/Headers/UITabBarAppearance.h
2026-06-03T08:46:51.0281900Z x iPhoneOS14.5.sdk/System/Library/Frameworks/UIKit.framework/Headers/UITextView.h
2026-06-03T08:46:51.0282260Z x iPhoneOS14.5.sdk/System/Library/Frameworks/UIKit.framework/Headers/UIIndirectScribbleInteraction.h
2026-06-03T08:46:51.0287360Z x iPhoneOS14.5.sdk/System/Library/Frameworks/UIKit.framework/Headers/UISwipeGestureRecognizer.h
2026-06-03T08:46:51.0287730Z x iPhoneOS14.5.sdk/System/Library/Frameworks/UIKit.framework/Headers/UIActivityItemsConfiguration.h
2026-06-03T08:46:51.0288040Z x iPhoneOS14.5.sdk/System/Library/Frameworks/UIKit.framework/Headers/UIStoryboardPopoverSegue.h
2026-06-03T08:46:51.0288300Z x iPhoneOS14.5.sdk/System/Library/Frameworks/UIKit.framework/Headers/UITableViewCell.h
2026-06-03T08:46:51.0290070Z x iPhoneOS14.5.sdk/System/Library/Frameworks/UIKit.framework/Headers/UIApplication.h
2026-06-03T08:46:51.0290310Z x iPhoneOS14.5.sdk/System/Library/Frameworks/UIKit.framework/Headers/UIAccessibility.h
2026-06-03T08:46:51.0290600Z x iPhoneOS14.5.sdk/System/Library/Frameworks/UIKit.framework/Headers/UIVibrancyEffect.h
2026-06-03T08:46:51.0290870Z x iPhoneOS14.5.sdk/System/Library/Frameworks/UIKit.framework/Headers/UIScribbleInteraction.h
2026-06-03T08:46:51.0291070Z x iPhoneOS14.5.sdk/System/Library/Frameworks/UIKit.framework/Headers/UIGuidedAccess.h
2026-06-03T08:46:51.0291340Z x iPhoneOS14.5.sdk/System/Library/Frameworks/UIKit.framework/Headers/UICollectionViewItemRegistration.h
2026-06-03T08:46:51.0291560Z x iPhoneOS14.5.sdk/System/Library/Frameworks/UIKit.framework/Headers/UIDiffableDataSource.h
2026-06-03T08:46:51.0292310Z x iPhoneOS14.5.sdk/System/Library/Frameworks/UIKit.framework/Headers/UIListContentConfiguration.h
2026-06-03T08:46:51.0292510Z x iPhoneOS14.5.sdk/System/Library/Frameworks/UIKit.framework/Headers/UISearchBar.h
2026-06-03T08:46:51.0292700Z x iPhoneOS14.5.sdk/System/Library/Frameworks/UIKit.framework/Headers/UIDragSession.h
2026-06-03T08:46:51.0292900Z x iPhoneOS14.5.sdk/System/Library/Frameworks/UIKit.framework/Headers/UIPopoverController.h
2026-06-03T08:46:51.0293080Z x iPhoneOS14.5.sdk/System/Library/Frameworks/UIKit.framework/Headers/UIPress.h
2026-06-03T08:46:51.0293610Z x iPhoneOS14.5.sdk/System/Library/Frameworks/UIKit.framework/Headers/UIListContentImageProperties.h
2026-06-03T08:46:51.0293830Z x iPhoneOS14.5.sdk/System/Library/Frameworks/UIKit.framework/Headers/UIDynamicBehavior.h
2026-06-03T08:46:51.0294030Z x iPhoneOS14.5.sdk/System/Library/Frameworks/UIKit.framework/Headers/UIFocusSystem.h
2026-06-03T08:46:51.0294260Z x iPhoneOS14.5.sdk/System/Library/Frameworks/UIKit.framework/Headers/UISceneActivationConditions.h
2026-06-03T08:46:51.0294470Z x iPhoneOS14.5.sdk/System/Library/Frameworks/UIKit.framework/Headers/UIStateRestoration.h
2026-06-03T08:46:51.0294650Z x iPhoneOS14.5.sdk/System/Library/Frameworks/UIKit.framework/Headers/UIScreen.h
2026-06-03T08:46:51.0294830Z x iPhoneOS14.5.sdk/System/Library/Frameworks/UIKit.framework/Headers/UIPrinter.h
2026-06-03T08:46:51.0295000Z x iPhoneOS14.5.sdk/System/Library/Frameworks/UIKit.framework/Headers/UIBarCommon.h
2026-06-03T08:46:51.0295470Z x iPhoneOS14.5.sdk/System/Library/Frameworks/UIKit.framework/Headers/UIManagedDocument.h
2026-06-03T08:46:51.0295910Z x iPhoneOS14.5.sdk/System/Library/Frameworks/UIKit.framework/Headers/UIButton.h
2026-06-03T08:46:51.0296080Z x iPhoneOS14.5.sdk/System/Library/Frameworks/UIKit.framework/Headers/UIKey.h
2026-06-03T08:46:51.0296290Z x iPhoneOS14.5.sdk/System/Library/Frameworks/UIKit.framework/Headers/UICollisionBehavior.h
2026-06-03T08:46:51.0296520Z x iPhoneOS14.5.sdk/System/Library/Frameworks/UIKit.framework/Headers/UIAccessibilityElement.h
2026-06-03T08:46:51.0296720Z x iPhoneOS14.5.sdk/System/Library/Frameworks/UIKit.framework/Headers/UIScreenMode.h
2026-06-03T08:46:51.0296970Z x iPhoneOS14.5.sdk/System/Library/Frameworks/UIKit.framework/Headers/UINotificationFeedbackGenerator.h
2026-06-03T08:46:51.0297240Z x iPhoneOS14.5.sdk/System/Library/Frameworks/UIKit.framework/Headers/UITextDragging.h
2026-06-03T08:46:51.0297460Z x iPhoneOS14.5.sdk/System/Library/Frameworks/UIKit.framework/Headers/UIGraphicsRenderer.h
2026-06-03T08:46:51.0297650Z x iPhoneOS14.5.sdk/System/Library/Frameworks/UIKit.framework/Headers/UIPressesEvent.h
2026-06-03T08:46:51.0297840Z x iPhoneOS14.5.sdk/System/Library/Frameworks/UIKit.framework/Headers/UISegmentedControl.h
2026-06-03T08:46:51.0298070Z x iPhoneOS14.5.sdk/System/Library/Frameworks/UIKit.framework/Headers/UITextFormattingCoordinator.h
2026-06-03T08:46:51.0298270Z x iPhoneOS14.5.sdk/System/Library/Frameworks/UIKit.framework/Headers/UITextDropProposal.h
2026-06-03T08:46:51.0298500Z x iPhoneOS14.5.sdk/System/Library/Frameworks/UIKit.framework/Headers/UIGraphicsRendererSubclass.h
2026-06-03T08:46:51.0298680Z x iPhoneOS14.5.sdk/System/Library/Frameworks/UIKit.framework/Headers/UIFocusGuide.h
2026-06-03T08:46:51.0298890Z x iPhoneOS14.5.sdk/System/Library/Frameworks/UIKit.framework/Headers/UITimingCurveProvider.h
2026-06-03T08:46:51.0299070Z x iPhoneOS14.5.sdk/System/Library/Frameworks/UIKit.framework/Headers/NSTextContainer.h
2026-06-03T08:46:51.0299260Z x iPhoneOS14.5.sdk/System/Library/Frameworks/UIKit.framework/Headers/UIActionSheet.h
2026-06-03T08:46:51.0299510Z x iPhoneOS14.5.sdk/System/Library/Frameworks/UIKit.framework/Headers/UIContextMenuInteraction.h
2026-06-03T08:46:51.0299690Z x iPhoneOS14.5.sdk/System/Library/Frameworks/UIKit.framework/Headers/UIInteraction.h
2026-06-03T08:46:51.0393020Z x iPhoneOS14.5.sdk/System/Library/Frameworks/UIKit.framework/Headers/UITraitCollection.h
2026-06-03T08:46:51.0408250Z x iPhoneOS14.5.sdk/System/Library/Frameworks/UIKit.framework/Headers/UINibLoading.h
2026-06-03T08:46:51.0412360Z x iPhoneOS14.5.sdk/System/Library/Frameworks/UIKit.framework/Headers/UNNotificationResponse+UIKitAdditions.h
2026-06-03T08:46:51.0482720Z x iPhoneOS14.5.sdk/System/Library/Frameworks/UIKit.framework/Headers/UISpringLoadedInteractionSupporting.h
2026-06-03T08:46:51.0518030Z x iPhoneOS14.5.sdk/System/Library/Frameworks/UIKit.framework/Headers/UIInputViewController.h
2026-06-03T08:46:51.0518510Z x iPhoneOS14.5.sdk/System/Library/Frameworks/UIKit.framework/Headers/UIAccessibilityCustomAction.h
2026-06-03T08:46:51.0519020Z x iPhoneOS14.5.sdk/System/Library/Frameworks/UIKit.framework/Headers/UISearchSuggestion.h
2026-06-03T08:46:51.0519380Z x iPhoneOS14.5.sdk/System/Library/Frameworks/UIKit.framework/Headers/UIDocumentBrowserAction.h
2026-06-03T08:46:51.0519700Z x iPhoneOS14.5.sdk/System/Library/Frameworks/UIKit.framework/Headers/UIEventAttribution.h
2026-06-03T08:46:51.0520020Z x iPhoneOS14.5.sdk/System/Library/Frameworks/UIKit.framework/Headers/UISnapBehavior.h
2026-06-03T08:46:51.0520570Z x iPhoneOS14.5.sdk/System/Library/Frameworks/UIKit.framework/Headers/UITableView.h
2026-06-03T08:46:51.0520890Z x iPhoneOS14.5.sdk/System/Library/Frameworks/UIKit.framework/Headers/UISlider.h
2026-06-03T08:46:51.0521220Z x iPhoneOS14.5.sdk/System/Library/Frameworks/UIKit.framework/Headers/UIGestureRecognizer.h
2026-06-03T08:46:51.0522530Z x iPhoneOS14.5.sdk/System/Library/Frameworks/UIKit.framework/Headers/UIListContentTextProperties.h
2026-06-03T08:46:51.0523080Z x iPhoneOS14.5.sdk/System/Library/Frameworks/UIKit.framework/Headers/NSIndexPath+UIKitAdditions.h
2026-06-03T08:46:51.0523450Z x iPhoneOS14.5.sdk/System/Library/Frameworks/UIKit.framework/Headers/UIPasteboard.h
2026-06-03T08:46:51.0523750Z x iPhoneOS14.5.sdk/System/Library/Frameworks/UIKit.framework/Headers/UIWebView.h
2026-06-03T08:46:51.0524120Z x iPhoneOS14.5.sdk/System/Library/Frameworks/UIKit.framework/Headers/UIAccessibilityIdentification.h
2026-06-03T08:46:51.0524250Z 
2026-06-03T08:46:51.0524710Z  27 12.1M   27 3374k    0     0  2929k      0  0:00:04  0:00:01  0:00:03 2929kx iPhoneOS14.5.sdk/System/Library/Frameworks/UIKit.framework/Headers/UIActivity.h
2026-06-03T08:46:51.0525040Z x iPhoneOS14.5.sdk/System/Library/Frameworks/UIKit.framework/Headers/UIKeyConstants.h
2026-06-03T08:46:51.0525240Z x iPhoneOS14.5.sdk/System/Library/Frameworks/UIKit.framework/Headers/UIFieldBehavior.h
2026-06-03T08:46:51.0525560Z x iPhoneOS14.5.sdk/System/Library/Frameworks/UIKit.framework/Headers/UILabel.h
2026-06-03T08:46:51.0525890Z x iPhoneOS14.5.sdk/System/Library/Frameworks/UIKit.framework/Headers/UISearchTextField.h
2026-06-03T08:46:51.0526070Z x iPhoneOS14.5.sdk/System/Library/Frameworks/UIKit.framework/Headers/UIImageView.h
2026-06-03T08:46:51.0526250Z x iPhoneOS14.5.sdk/System/Library/Frameworks/UIKit.framework/Headers/UICommand.h
2026-06-03T08:46:51.0526440Z x iPhoneOS14.5.sdk/System/Library/Frameworks/UIKit.framework/Headers/UIDynamicAnimator.h
2026-06-03T08:46:51.0526630Z x iPhoneOS14.5.sdk/System/Library/Frameworks/UIKit.framework/Headers/UIKit.apinotes
2026-06-03T08:46:51.0526910Z x iPhoneOS14.5.sdk/System/Library/Frameworks/UIKit.framework/Headers/NSParagraphStyle.h
2026-06-03T08:46:51.0527110Z x iPhoneOS14.5.sdk/System/Library/Frameworks/UIKit.framework/Headers/UINibDeclarations.h
2026-06-03T08:46:51.0527310Z x iPhoneOS14.5.sdk/System/Library/Frameworks/UIKit.framework/Headers/UIMenuController.h
2026-06-03T08:46:51.0527540Z x iPhoneOS14.5.sdk/System/Library/Frameworks/UIKit.framework/Headers/UIFocusAnimationCoordinator.h
2026-06-03T08:46:51.0527850Z x iPhoneOS14.5.sdk/System/Library/Frameworks/UIKit.framework/Headers/UIActivityItemProvider.h
2026-06-03T08:46:51.0528080Z x iPhoneOS14.5.sdk/System/Library/Frameworks/UIKit.framework/Headers/UIImageSymbolConfiguration.h
2026-06-03T08:46:51.0528350Z x iPhoneOS14.5.sdk/System/Library/Frameworks/UIKit.framework/Headers/UITextPasteConfigurationSupporting.h
2026-06-03T08:46:51.0528560Z x iPhoneOS14.5.sdk/System/Library/Frameworks/UIKit.framework/Headers/UIToolbarAppearance.h
2026-06-03T08:46:51.0528820Z x iPhoneOS14.5.sdk/System/Library/Frameworks/UIKit.framework/Headers/UIKeyCommand.h
2026-06-03T08:46:51.0529000Z x iPhoneOS14.5.sdk/System/Library/Frameworks/UIKit.framework/Headers/UIColor.h
2026-06-03T08:46:51.0529150Z x iPhoneOS14.5.sdk/System/Library/Frameworks/_SceneKit_SwiftUI.framework/
2026-06-03T08:46:51.0529330Z x iPhoneOS14.5.sdk/System/Library/Frameworks/_SceneKit_SwiftUI.framework/Modules/
2026-06-03T08:46:51.0529550Z x iPhoneOS14.5.sdk/System/Library/Frameworks/_SceneKit_SwiftUI.framework/Modules/module.modulemap
2026-06-03T08:46:51.0530010Z x iPhoneOS14.5.sdk/System/Library/Frameworks/_SceneKit_SwiftUI.framework/Modules/_SceneKit_SwiftUI.swiftmodule/
2026-06-03T08:46:51.0530360Z x iPhoneOS14.5.sdk/System/Library/Frameworks/_SceneKit_SwiftUI.framework/Modules/_SceneKit_SwiftUI.swiftmodule/arm64e-apple-ios.swiftdoc
2026-06-03T08:46:51.0530700Z x iPhoneOS14.5.sdk/System/Library/Frameworks/_SceneKit_SwiftUI.framework/Modules/_SceneKit_SwiftUI.swiftmodule/arm64-apple-ios.swiftdoc
2026-06-03T08:46:51.0531010Z x iPhoneOS14.5.sdk/System/Library/Frameworks/_SceneKit_SwiftUI.framework/Modules/_SceneKit_SwiftUI.swiftmodule/arm64.swiftdoc
2026-06-03T08:46:51.0531310Z x iPhoneOS14.5.sdk/System/Library/Frameworks/_SceneKit_SwiftUI.framework/Modules/_SceneKit_SwiftUI.swiftmodule/arm64e.swiftdoc
2026-06-03T08:46:51.0531670Z x iPhoneOS14.5.sdk/System/Library/Frameworks/_SceneKit_SwiftUI.framework/Modules/_SceneKit_SwiftUI.swiftmodule/arm64e-apple-ios.swiftinterface
2026-06-03T08:46:51.0532120Z x iPhoneOS14.5.sdk/System/Library/Frameworks/_SceneKit_SwiftUI.framework/Modules/_SceneKit_SwiftUI.swiftmodule/arm64-apple-ios.swiftinterface
2026-06-03T08:46:51.0532450Z x iPhoneOS14.5.sdk/System/Library/Frameworks/_SceneKit_SwiftUI.framework/Modules/_SceneKit_SwiftUI.swiftmodule/arm64e.swiftinterface
2026-06-03T08:46:51.0532770Z x iPhoneOS14.5.sdk/System/Library/Frameworks/_SceneKit_SwiftUI.framework/Modules/_SceneKit_SwiftUI.swiftmodule/arm64.swiftinterface
2026-06-03T08:46:51.0532940Z x iPhoneOS14.5.sdk/System/Library/Frameworks/_SceneKit_SwiftUI.framework/Headers/
2026-06-03T08:46:51.0533990Z x iPhoneOS14.5.sdk/System/Library/Frameworks/_SceneKit_SwiftUI.framework/Headers/_SceneKit_SwiftUI.h
2026-06-03T08:46:51.0534230Z x iPhoneOS14.5.sdk/System/Library/Frameworks/_SceneKit_SwiftUI.framework/_SceneKit_SwiftUI.tbd
2026-06-03T08:46:51.0534450Z x iPhoneOS14.5.sdk/System/Library/Frameworks/AutomaticAssessmentConfiguration.framework/
2026-06-03T08:46:51.0534800Z x iPhoneOS14.5.sdk/System/Library/Frameworks/AutomaticAssessmentConfiguration.framework/AutomaticAssessmentConfiguration.tbd
2026-06-03T08:46:51.0535040Z x iPhoneOS14.5.sdk/System/Library/Frameworks/AutomaticAssessmentConfiguration.framework/Modules/
2026-06-03T08:46:51.0535340Z x iPhoneOS14.5.sdk/System/Library/Frameworks/AutomaticAssessmentConfiguration.framework/Modules/module.modulemap
2026-06-03T08:46:51.0535570Z x iPhoneOS14.5.sdk/System/Library/Frameworks/AutomaticAssessmentConfiguration.framework/Headers/
2026-06-03T08:46:51.0535840Z x iPhoneOS14.5.sdk/System/Library/Frameworks/AutomaticAssessmentConfiguration.framework/Headers/AEErrors.h
2026-06-03T08:46:51.0536150Z x iPhoneOS14.5.sdk/System/Library/Frameworks/AutomaticAssessmentConfiguration.framework/Headers/AEAssessmentSession.h
2026-06-03T08:46:51.0536500Z x iPhoneOS14.5.sdk/System/Library/Frameworks/AutomaticAssessmentConfiguration.framework/Headers/AutomaticAssessmentConfiguration.h
2026-06-03T08:46:51.0536840Z x iPhoneOS14.5.sdk/System/Library/Frameworks/AutomaticAssessmentConfiguration.framework/Headers/AEAssessmentSessionDelegate.h
2026-06-03T08:46:51.0537170Z x iPhoneOS14.5.sdk/System/Library/Frameworks/AutomaticAssessmentConfiguration.framework/Headers/AEAssessmentConfiguration.h
2026-06-03T08:46:51.0537310Z x iPhoneOS14.5.sdk/System/Library/Frameworks/CoreData.framework/
2026-06-03T08:46:51.0537460Z x iPhoneOS14.5.sdk/System/Library/Frameworks/CoreData.framework/Modules/
2026-06-03T08:46:51.0537670Z x iPhoneOS14.5.sdk/System/Library/Frameworks/CoreData.framework/Modules/module.modulemap
2026-06-03T08:46:51.0537820Z x iPhoneOS14.5.sdk/System/Library/Frameworks/CoreData.framework/Headers/
2026-06-03T08:46:51.0538100Z x iPhoneOS14.5.sdk/System/Library/Frameworks/CoreData.framework/Headers/NSPersistentCloudKitContainerOptions.h
2026-06-03T08:46:51.0538320Z x iPhoneOS14.5.sdk/System/Library/Frameworks/CoreData.framework/Headers/NSBatchDeleteRequest.h
2026-06-03T08:46:51.0538540Z x iPhoneOS14.5.sdk/System/Library/Frameworks/CoreData.framework/Headers/NSAtomicStoreCacheNode.h
2026-06-03T08:46:51.0538850Z x iPhoneOS14.5.sdk/System/Library/Frameworks/CoreData.framework/Headers/NSSaveChangesRequest.h
2026-06-03T08:46:51.0539090Z x iPhoneOS14.5.sdk/System/Library/Frameworks/CoreData.framework/Headers/NSPersistentStoreRequest.h
2026-06-03T08:46:51.0539290Z x iPhoneOS14.5.sdk/System/Library/Frameworks/CoreData.framework/Headers/CoreData.apinotes
2026-06-03T08:46:51.0539960Z x iPhoneOS14.5.sdk/System/Library/Frameworks/CoreData.framework/Headers/NSPropertyMapping.h
2026-06-03T08:46:51.0540210Z x iPhoneOS14.5.sdk/System/Library/Frameworks/CoreData.framework/Headers/NSFetchedResultsController.h
2026-06-03T08:46:51.0540460Z x iPhoneOS14.5.sdk/System/Library/Frameworks/CoreData.framework/Headers/NSPersistentHistoryTransaction.h
2026-06-03T08:46:51.0540700Z x iPhoneOS14.5.sdk/System/Library/Frameworks/CoreData.framework/Headers/NSPersistentHistoryChange.h
2026-06-03T08:46:51.0540890Z x iPhoneOS14.5.sdk/System/Library/Frameworks/CoreData.framework/Headers/CoreData.h
2026-06-03T08:46:51.0541220Z x iPhoneOS14.5.sdk/System/Library/Frameworks/CoreData.framework/Headers/NSMergePolicy.h
2026-06-03T08:46:51.0541420Z x iPhoneOS14.5.sdk/System/Library/Frameworks/CoreData.framework/Headers/NSAtomicStore.h
2026-06-03T08:46:51.0541650Z x iPhoneOS14.5.sdk/System/Library/Frameworks/CoreData.framework/Headers/NSEntityDescription.h
2026-06-03T08:46:51.0541950Z x iPhoneOS14.5.sdk/System/Library/Frameworks/CoreData.framework/Headers/NSPersistentCloudKitContainerEventRequest.h
2026-06-03T08:46:51.0542210Z x iPhoneOS14.5.sdk/System/Library/Frameworks/CoreData.framework/Headers/NSPersistentHistoryChangeRequest.h
2026-06-03T08:46:51.0542450Z x iPhoneOS14.5.sdk/System/Library/Frameworks/CoreData.framework/Headers/NSRelationshipDescription.h
2026-06-03T08:46:51.0542650Z x iPhoneOS14.5.sdk/System/Library/Frameworks/CoreData.framework/Headers/NSFetchRequest.h
2026-06-03T08:46:51.0543650Z x iPhoneOS14.5.sdk/System/Library/Frameworks/CoreData.framework/Headers/NSPersistentHistoryToken.h
2026-06-03T08:46:51.0543910Z x iPhoneOS14.5.sdk/System/Library/Frameworks/CoreData.framework/Headers/NSPersistentStoreCoordinator.h
2026-06-03T08:46:51.0544340Z x iPhoneOS14.5.sdk/System/Library/Frameworks/CoreData.framework/Headers/NSPersistentCloudKitContainer.h
2026-06-03T08:46:51.0544870Z x iPhoneOS14.5.sdk/System/Library/Frameworks/CoreData.framework/Headers/NSFetchRequestExpression.h
2026-06-03T08:46:51.0545090Z x iPhoneOS14.5.sdk/System/Library/Frameworks/CoreData.framework/Headers/NSBatchInsertRequest.h
2026-06-03T08:46:51.0545500Z x iPhoneOS14.5.sdk/System/Library/Frameworks/CoreData.framework/Headers/NSQueryGenerationToken.h
2026-06-03T08:46:51.0545780Z x iPhoneOS14.5.sdk/System/Library/Frameworks/CoreData.framework/Headers/NSManagedObject.h
2026-06-03T08:46:51.0546010Z x iPhoneOS14.5.sdk/System/Library/Frameworks/CoreData.framework/Headers/NSPersistentStoreResult.h
2026-06-03T08:46:51.0546220Z x iPhoneOS14.5.sdk/System/Library/Frameworks/CoreData.framework/Headers/NSManagedObjectModel.h
2026-06-03T08:46:51.0546460Z x iPhoneOS14.5.sdk/System/Library/Frameworks/CoreData.framework/Headers/NSExpressionDescription.h
2026-06-03T08:46:51.0546680Z x iPhoneOS14.5.sdk/System/Library/Frameworks/CoreData.framework/Headers/NSBatchUpdateRequest.h
2026-06-03T08:46:51.0546930Z x iPhoneOS14.5.sdk/System/Library/Frameworks/CoreData.framework/Headers/NSPersistentStoreDescription.h
2026-06-03T08:46:51.0547160Z x iPhoneOS14.5.sdk/System/Library/Frameworks/CoreData.framework/Headers/NSIncrementalStoreNode.h
2026-06-03T08:46:51.0547380Z x iPhoneOS14.5.sdk/System/Library/Frameworks/CoreData.framework/Headers/NSPropertyDescription.h
2026-06-03T08:46:51.0547600Z x iPhoneOS14.5.sdk/System/Library/Frameworks/CoreData.framework/Headers/NSAttributeDescription.h
2026-06-03T08:46:51.0547820Z x iPhoneOS14.5.sdk/System/Library/Frameworks/CoreData.framework/Headers/NSPersistentContainer.h
2026-06-03T08:46:51.0548050Z x iPhoneOS14.5.sdk/System/Library/Frameworks/CoreData.framework/Headers/NSFetchIndexDescription.h
2026-06-03T08:46:51.0548310Z x iPhoneOS14.5.sdk/System/Library/Frameworks/CoreData.framework/Headers/NSDerivedAttributeDescription.h
2026-06-03T08:46:51.0548670Z x iPhoneOS14.5.sdk/System/Library/Frameworks/CoreData.framework/Headers/NSIncrementalStore.h
2026-06-03T08:46:51.0548880Z x iPhoneOS14.5.sdk/System/Library/Frameworks/CoreData.framework/Headers/NSManagedObjectID.h
2026-06-03T08:46:51.0549090Z x iPhoneOS14.5.sdk/System/Library/Frameworks/CoreData.framework/Headers/CoreDataDefines.h
2026-06-03T08:46:51.0549290Z x iPhoneOS14.5.sdk/System/Library/Frameworks/CoreData.framework/Headers/NSMigrationManager.h
2026-06-03T08:46:51.0549610Z x iPhoneOS14.5.sdk/System/Library/Frameworks/CoreData.framework/Headers/NSFetchIndexElementDescription.h
2026-06-03T08:46:51.0549890Z x iPhoneOS14.5.sdk/System/Library/Frameworks/CoreData.framework/Headers/NSPersistentCloudKitContainerEvent.h
2026-06-03T08:46:51.0550090Z x iPhoneOS14.5.sdk/System/Library/Frameworks/CoreData.framework/Headers/NSMappingModel.h
2026-06-03T08:46:51.0550390Z x iPhoneOS14.5.sdk/System/Library/Frameworks/CoreData.framework/Headers/CoreDataErrors.h
2026-06-03T08:46:51.0550600Z x iPhoneOS14.5.sdk/System/Library/Frameworks/CoreData.framework/Headers/NSEntityMapping.h
2026-06-03T08:46:51.0550810Z x iPhoneOS14.5.sdk/System/Library/Frameworks/CoreData.framework/Headers/NSPersistentStore.h
2026-06-03T08:46:51.0551030Z x iPhoneOS14.5.sdk/System/Library/Frameworks/CoreData.framework/Headers/NSEntityMigrationPolicy.h
2026-06-03T08:46:51.0551290Z x iPhoneOS14.5.sdk/System/Library/Frameworks/CoreData.framework/Headers/NSCoreDataCoreSpotlightDelegate.h
2026-06-03T08:46:51.0551510Z x iPhoneOS14.5.sdk/System/Library/Frameworks/CoreData.framework/Headers/NSManagedObjectContext.h
2026-06-03T08:46:51.0551760Z x iPhoneOS14.5.sdk/System/Library/Frameworks/CoreData.framework/Headers/NSFetchedPropertyDescription.h
2026-06-03T08:46:51.0551930Z x iPhoneOS14.5.sdk/System/Library/Frameworks/CoreData.framework/CoreData.tbd
2026-06-03T08:46:51.0552080Z x iPhoneOS14.5.sdk/System/Library/Frameworks/Accelerate.framework/
2026-06-03T08:46:51.0552250Z x iPhoneOS14.5.sdk/System/Library/Frameworks/Accelerate.framework/Modules/
2026-06-03T08:46:51.0552460Z x iPhoneOS14.5.sdk/System/Library/Frameworks/Accelerate.framework/Modules/module.modulemap
2026-06-03T08:46:51.0552630Z x iPhoneOS14.5.sdk/System/Library/Frameworks/Accelerate.framework/Frameworks/
2026-06-03T08:46:51.0552850Z x iPhoneOS14.5.sdk/System/Library/Frameworks/Accelerate.framework/Frameworks/vecLib.framework/
2026-06-03T08:46:51.0553090Z x iPhoneOS14.5.sdk/System/Library/Frameworks/Accelerate.framework/Frameworks/vecLib.framework/Headers/
2026-06-03T08:46:51.0553360Z x iPhoneOS14.5.sdk/System/Library/Frameworks/Accelerate.framework/Frameworks/vecLib.framework/Headers/Sparse/
2026-06-03T08:46:51.0553650Z x iPhoneOS14.5.sdk/System/Library/Frameworks/Accelerate.framework/Frameworks/vecLib.framework/Headers/Sparse/BLAS.h
2026-06-03T08:46:51.0553930Z x iPhoneOS14.5.sdk/System/Library/Frameworks/Accelerate.framework/Frameworks/vecLib.framework/Headers/Sparse/Sparse.h
2026-06-03T08:46:51.0554220Z x iPhoneOS14.5.sdk/System/Library/Frameworks/Accelerate.framework/Frameworks/vecLib.framework/Headers/Sparse/Solve.h
2026-06-03T08:46:51.0554550Z x iPhoneOS14.5.sdk/System/Library/Frameworks/Accelerate.framework/Frameworks/vecLib.framework/Headers/Sparse/SolveImplementation.h
2026-06-03T08:46:51.0554840Z x iPhoneOS14.5.sdk/System/Library/Frameworks/Accelerate.framework/Frameworks/vecLib.framework/Headers/Sparse/Types.h
2026-06-03T08:46:51.0555190Z x iPhoneOS14.5.sdk/System/Library/Frameworks/Accelerate.framework/Frameworks/vecLib.framework/Headers/Sparse/SolveImplementationTyped.h
2026-06-03T08:46:51.0555450Z x iPhoneOS14.5.sdk/System/Library/Frameworks/Accelerate.framework/Frameworks/vecLib.framework/Headers/BNNS/
2026-06-03T08:46:51.0555760Z x iPhoneOS14.5.sdk/System/Library/Frameworks/Accelerate.framework/Frameworks/vecLib.framework/Headers/BNNS/bnns_structures.h
2026-06-03T08:46:51.0556070Z x iPhoneOS14.5.sdk/System/Library/Frameworks/Accelerate.framework/Frameworks/vecLib.framework/Headers/BNNS/bnns_constants.h
2026-06-03T08:46:51.0556430Z x iPhoneOS14.5.sdk/System/Library/Frameworks/Accelerate.framework/Frameworks/vecLib.framework/Headers/BNNS/bnns.h
2026-06-03T08:46:51.0556720Z x iPhoneOS14.5.sdk/System/Library/Frameworks/Accelerate.framework/Frameworks/vecLib.framework/Headers/LinearAlgebra/
2026-06-03T08:46:51.0557060Z x iPhoneOS14.5.sdk/System/Library/Frameworks/Accelerate.framework/Frameworks/vecLib.framework/Headers/LinearAlgebra/splat.h
2026-06-03T08:46:51.0557400Z x iPhoneOS14.5.sdk/System/Library/Frameworks/Accelerate.framework/Frameworks/vecLib.framework/Headers/LinearAlgebra/LinearAlgebra.h
2026-06-03T08:46:51.0557700Z x iPhoneOS14.5.sdk/System/Library/Frameworks/Accelerate.framework/Frameworks/vecLib.framework/Headers/LinearAlgebra/object.h
2026-06-03T08:46:51.0558680Z x iPhoneOS14.5.sdk/System/Library/Frameworks/Accelerate.framework/Frameworks/vecLib.framework/Headers/LinearAlgebra/base.h
2026-06-03T08:46:51.0559870Z x iPhoneOS14.5.sdk/System/Library/Frameworks/Accelerate.framework/Frameworks/vecLib.framework/Headers/LinearAlgebra/linear_systems.h
2026-06-03T08:46:51.0561740Z x iPhoneOS14.5.sdk/System/Library/Frameworks/Accelerate.framework/Frameworks/vecLib.framework/Headers/LinearAlgebra/matrix.h
2026-06-03T08:46:51.0562730Z x iPhoneOS14.5.sdk/System/Library/Frameworks/Accelerate.framework/Frameworks/vecLib.framework/Headers/LinearAlgebra/vector.h
2026-06-03T08:46:51.0563600Z x iPhoneOS14.5.sdk/System/Library/Frameworks/Accelerate.framework/Frameworks/vecLib.framework/Headers/LinearAlgebra/arithmetic.h
2026-06-03T08:46:51.0564420Z x iPhoneOS14.5.sdk/System/Library/Frameworks/Accelerate.framework/Frameworks/vecLib.framework/Headers/LinearAlgebra/norms.h
2026-06-03T08:46:51.0565130Z x iPhoneOS14.5.sdk/System/Library/Frameworks/Accelerate.framework/Frameworks/vecLib.framework/Headers/vForce.h
2026-06-03T08:46:51.0565860Z x iPhoneOS14.5.sdk/System/Library/Frameworks/Accelerate.framework/Frameworks/vecLib.framework/Headers/vBigNum.h
2026-06-03T08:46:51.0566630Z x iPhoneOS14.5.sdk/System/Library/Frameworks/Accelerate.framework/Frameworks/vecLib.framework/Headers/vecLibTypes.h
2026-06-03T08:46:51.0567320Z x iPhoneOS14.5.sdk/System/Library/Frameworks/Accelerate.framework/Frameworks/vecLib.framework/Headers/vfp.h
2026-06-03T08:46:51.0568060Z x iPhoneOS14.5.sdk/System/Library/Frameworks/Accelerate.framework/Frameworks/vecLib.framework/Headers/vectorOps.h
2026-06-03T08:46:51.0568790Z x iPhoneOS14.5.sdk/System/Library/Frameworks/Accelerate.framework/Frameworks/vecLib.framework/Headers/cblas.h
2026-06-03T08:46:51.0578200Z x iPhoneOS14.5.sdk/System/Library/Frameworks/Accelerate.framework/Frameworks/vecLib.framework/Headers/vDSP.h
2026-06-03T08:46:51.0609700Z x iPhoneOS14.5.sdk/System/Library/Frameworks/Accelerate.framework/Frameworks/vecLib.framework/Headers/clapack.h
2026-06-03T08:46:51.0610790Z x iPhoneOS14.5.sdk/System/Library/Frameworks/Accelerate.framework/Frameworks/vecLib.framework/Headers/vecLib.h
2026-06-03T08:46:51.0611210Z x iPhoneOS14.5.sdk/System/Library/Frameworks/Accelerate.framework/Frameworks/vecLib.framework/Headers/vDSP_translate.h
2026-06-03T08:46:51.0611540Z x iPhoneOS14.5.sdk/System/Library/Frameworks/Accelerate.framework/Frameworks/vecLib.framework/Headers/Quadrature/
2026-06-03T08:46:51.0612570Z x iPhoneOS14.5.sdk/System/Library/Frameworks/Accelerate.framework/Frameworks/vecLib.framework/Headers/Quadrature/Integration.h
2026-06-03T08:46:51.0622200Z x iPhoneOS14.5.sdk/System/Library/Frameworks/Accelerate.framework/Frameworks/vecLib.framework/Headers/Quadrature/Quadrature.h
2026-06-03T08:46:51.0626560Z x iPhoneOS14.5.sdk/System/Library/Frameworks/Accelerate.framework/Frameworks/vecLib.framework/Headers/vBasicOps.h
2026-06-03T08:46:51.0628490Z x iPhoneOS14.5.sdk/System/Library/Frameworks/Accelerate.framework/Frameworks/vImage.framework/
2026-06-03T08:46:51.0629820Z x iPhoneOS14.5.sdk/System/Library/Frameworks/Accelerate.framework/Frameworks/vImage.framework/Headers/
2026-06-03T08:46:51.0651260Z x iPhoneOS14.5.sdk/System/Library/Frameworks/Accelerate.framework/Frameworks/vImage.framework/Headers/Convolution.h
2026-06-03T08:46:51.0658670Z x iPhoneOS14.5.sdk/System/Library/Frameworks/Accelerate.framework/Frameworks/vImage.framework/Headers/vImage_Types.h
2026-06-03T08:46:51.0668540Z x iPhoneOS14.5.sdk/System/Library/Frameworks/Accelerate.framework/Frameworks/vImage.framework/Headers/vImage_Utilities.h
2026-06-03T08:46:51.0680120Z x iPhoneOS14.5.sdk/System/Library/Frameworks/Accelerate.framework/Frameworks/vImage.framework/Headers/Transform.h
2026-06-03T08:46:51.0690340Z x iPhoneOS14.5.sdk/System/Library/Frameworks/Accelerate.framework/Frameworks/vImage.framework/Headers/vImage.h
2026-06-03T08:46:51.0691160Z x iPhoneOS14.5.sdk/System/Library/Frameworks/Accelerate.framework/Frameworks/vImage.framework/Headers/vImage_CVUtilities.h
2026-06-03T08:46:51.0691960Z x iPhoneOS14.5.sdk/System/Library/Frameworks/Accelerate.framework/Frameworks/vImage.framework/Headers/BasicImageTypes.h
2026-06-03T08:46:51.0697300Z x iPhoneOS14.5.sdk/System/Library/Frameworks/Accelerate.framework/Frameworks/vImage.framework/Headers/Alpha.h
2026-06-03T08:46:51.0704090Z x iPhoneOS14.5.sdk/System/Library/Frameworks/Accelerate.framework/Frameworks/vImage.framework/Headers/Morphology.h
2026-06-03T08:46:51.0708190Z x iPhoneOS14.5.sdk/System/Library/Frameworks/Accelerate.framework/Frameworks/vImage.framework/Headers/Geometry.h
2026-06-03T08:46:51.0711730Z x iPhoneOS14.5.sdk/System/Library/Frameworks/Accelerate.framework/Frameworks/vImage.framework/Headers/Histogram.h
2026-06-03T08:46:51.0733550Z x iPhoneOS14.5.sdk/System/Library/Frameworks/Accelerate.framework/Frameworks/vImage.framework/Headers/Conversion.h
2026-06-03T08:46:51.0733720Z x iPhoneOS14.5.sdk/System/Library/Frameworks/Accelerate.framework/Headers/
2026-06-03T08:46:51.0734450Z x iPhoneOS14.5.sdk/System/Library/Frameworks/Accelerate.framework/Headers/Accelerate.h
2026-06-03T08:46:51.0735550Z x iPhoneOS14.5.sdk/System/Library/Frameworks/Accelerate.framework/Headers/Accelerate.apinotes
2026-06-03T08:46:51.0743710Z x iPhoneOS14.5.sdk/System/Library/Frameworks/Accelerate.framework/Accelerate.tbd
2026-06-03T08:46:51.0743960Z x iPhoneOS14.5.sdk/System/Library/Frameworks/_MapKit_SwiftUI.framework/
2026-06-03T08:46:51.0744160Z x iPhoneOS14.5.sdk/System/Library/Frameworks/_MapKit_SwiftUI.framework/Modules/
2026-06-03T08:46:51.0746090Z x iPhoneOS14.5.sdk/System/Library/Frameworks/_MapKit_SwiftUI.framework/Modules/module.modulemap
2026-06-03T08:46:51.0746360Z x iPhoneOS14.5.sdk/System/Library/Frameworks/_MapKit_SwiftUI.framework/Modules/_MapKit_SwiftUI.swiftmodule/
2026-06-03T08:46:51.0747000Z x iPhoneOS14.5.sdk/System/Library/Frameworks/_MapKit_SwiftUI.framework/Modules/_MapKit_SwiftUI.swiftmodule/arm64e-apple-ios.swiftdoc
2026-06-03T08:46:51.0747910Z x iPhoneOS14.5.sdk/System/Library/Frameworks/_MapKit_SwiftUI.framework/Modules/_MapKit_SwiftUI.swiftmodule/arm64-apple-ios.swiftdoc
2026-06-03T08:46:51.0748710Z x iPhoneOS14.5.sdk/System/Library/Frameworks/_MapKit_SwiftUI.framework/Modules/_MapKit_SwiftUI.swiftmodule/arm64.swiftdoc
2026-06-03T08:46:51.0749570Z x iPhoneOS14.5.sdk/System/Library/Frameworks/_MapKit_SwiftUI.framework/Modules/_MapKit_SwiftUI.swiftmodule/arm64e.swiftdoc
2026-06-03T08:46:51.0751210Z x iPhoneOS14.5.sdk/System/Library/Frameworks/_MapKit_SwiftUI.framework/Modules/_MapKit_SwiftUI.swiftmodule/arm64e-apple-ios.swiftinterface
2026-06-03T08:46:51.0751670Z x iPhoneOS14.5.sdk/System/Library/Frameworks/_MapKit_SwiftUI.framework/Modules/_MapKit_SwiftUI.swiftmodule/arm64-apple-ios.swiftinterface
2026-06-03T08:46:51.0752610Z x iPhoneOS14.5.sdk/System/Library/Frameworks/_MapKit_SwiftUI.framework/Modules/_MapKit_SwiftUI.swiftmodule/arm64e.swiftinterface
2026-06-03T08:46:51.0753450Z x iPhoneOS14.5.sdk/System/Library/Frameworks/_MapKit_SwiftUI.framework/Modules/_MapKit_SwiftUI.swiftmodule/arm64.swiftinterface
2026-06-03T08:46:51.0759450Z x iPhoneOS14.5.sdk/System/Library/Frameworks/_MapKit_SwiftUI.framework/_MapKit_SwiftUI.tbd
2026-06-03T08:46:51.0759680Z x iPhoneOS14.5.sdk/System/Library/Frameworks/ImageCaptureCore.framework/
2026-06-03T08:46:51.0760170Z x iPhoneOS14.5.sdk/System/Library/Frameworks/ImageCaptureCore.framework/Modules/
2026-06-03T08:46:51.0761770Z x iPhoneOS14.5.sdk/System/Library/Frameworks/ImageCaptureCore.framework/Modules/module.modulemap
2026-06-03T08:46:51.0762250Z x iPhoneOS14.5.sdk/System/Library/Frameworks/ImageCaptureCore.framework/Headers/
2026-06-03T08:46:51.0762800Z x iPhoneOS14.5.sdk/System/Library/Frameworks/ImageCaptureCore.framework/Headers/ImageCaptureConstants.h
2026-06-03T08:46:51.0763750Z x iPhoneOS14.5.sdk/System/Library/Frameworks/ImageCaptureCore.framework/Headers/ICScannerBandData.h
2026-06-03T08:46:51.0764570Z x iPhoneOS14.5.sdk/System/Library/Frameworks/ImageCaptureCore.framework/Headers/ICDeviceBrowser.h
2026-06-03T08:46:51.0770100Z x iPhoneOS14.5.sdk/System/Library/Frameworks/ImageCaptureCore.framework/Headers/ICScannerFunctionalUnits.h
2026-06-03T08:46:51.0770900Z x iPhoneOS14.5.sdk/System/Library/Frameworks/ImageCaptureCore.framework/Headers/ICCameraFile.h
2026-06-03T08:46:51.0772250Z x iPhoneOS14.5.sdk/System/Library/Frameworks/ImageCaptureCore.framework/Headers/ICCameraItem.h
2026-06-03T08:46:51.0773080Z x iPhoneOS14.5.sdk/System/Library/Frameworks/ImageCaptureCore.framework/Headers/ICDevice.h
2026-06-03T08:46:51.0778730Z x iPhoneOS14.5.sdk/System/Library/Frameworks/ImageCaptureCore.framework/Headers/ICCameraDevice.h
2026-06-03T08:46:51.0779240Z x iPhoneOS14.5.sdk/System/Library/Frameworks/ImageCaptureCore.framework/Headers/ICScannerDevice.h
2026-06-03T08:46:51.0780050Z x iPhoneOS14.5.sdk/System/Library/Frameworks/ImageCaptureCore.framework/Headers/ImageCaptureCore.h
2026-06-03T08:46:51.0781360Z x iPhoneOS14.5.sdk/System/Library/Frameworks/ImageCaptureCore.framework/Headers/ICCameraFolder.h
2026-06-03T08:46:51.0782210Z x iPhoneOS14.5.sdk/System/Library/Frameworks/ImageCaptureCore.framework/Headers/ImageCapturePlatform.h
2026-06-03T08:46:51.0783280Z x iPhoneOS14.5.sdk/System/Library/Frameworks/ImageCaptureCore.framework/ImageCaptureCore.tbd
2026-06-03T08:46:51.0783630Z x iPhoneOS14.5.sdk/System/Library/Frameworks/ClassKit.framework/
2026-06-03T08:46:51.0784120Z x iPhoneOS14.5.sdk/System/Library/Frameworks/ClassKit.framework/Modules/
2026-06-03T08:46:51.0785020Z x iPhoneOS14.5.sdk/System/Library/Frameworks/ClassKit.framework/Modules/module.modulemap
2026-06-03T08:46:51.0785820Z x iPhoneOS14.5.sdk/System/Library/Frameworks/ClassKit.framework/ClassKit.tbd
2026-06-03T08:46:51.0786240Z x iPhoneOS14.5.sdk/System/Library/Frameworks/ClassKit.framework/Headers/
2026-06-03T08:46:51.0787410Z x iPhoneOS14.5.sdk/System/Library/Frameworks/ClassKit.framework/Headers/CLSContextProvider.h
2026-06-03T08:46:51.0788320Z x iPhoneOS14.5.sdk/System/Library/Frameworks/ClassKit.framework/Headers/CLSObject.h
2026-06-03T08:46:51.0793360Z x iPhoneOS14.5.sdk/System/Library/Frameworks/ClassKit.framework/Headers/CLSScoreItem.h
2026-06-03T08:46:51.0794180Z x iPhoneOS14.5.sdk/System/Library/Frameworks/ClassKit.framework/Headers/CLSProgressReportingCapability.h
2026-06-03T08:46:51.0795000Z x iPhoneOS14.5.sdk/System/Library/Frameworks/ClassKit.framework/Headers/CLSActivity.h
2026-06-03T08:46:51.0796580Z x iPhoneOS14.5.sdk/System/Library/Frameworks/ClassKit.framework/Headers/ClassKit.h
2026-06-03T08:46:51.0797060Z x iPhoneOS14.5.sdk/System/Library/Frameworks/ClassKit.framework/Headers/NSUserActivity+CLSDeepLinks.h
2026-06-03T08:46:51.0797880Z x iPhoneOS14.5.sdk/System/Library/Frameworks/ClassKit.framework/Headers/CLSContext.h
2026-06-03T08:46:51.0798830Z x iPhoneOS14.5.sdk/System/Library/Frameworks/ClassKit.framework/Headers/CLSDefines.h
2026-06-03T08:46:51.0799770Z x iPhoneOS14.5.sdk/System/Library/Frameworks/ClassKit.framework/Headers/CLSQuantityItem.h
2026-06-03T08:46:51.0800660Z x iPhoneOS14.5.sdk/System/Library/Frameworks/ClassKit.framework/Headers/CLSDataStore.h
2026-06-03T08:46:51.0802610Z x iPhoneOS14.5.sdk/System/Library/Frameworks/ClassKit.framework/Headers/CLSActivityItem.h
2026-06-03T08:46:51.0803060Z x iPhoneOS14.5.sdk/System/Library/Frameworks/ClassKit.framework/Headers/CLSBinaryItem.h
2026-06-03T08:46:51.0803530Z x iPhoneOS14.5.sdk/System/Library/Frameworks/UserNotifications.framework/
2026-06-03T08:46:51.0804440Z x iPhoneOS14.5.sdk/System/Library/Frameworks/UserNotifications.framework/Modules/
2026-06-03T08:46:51.0805140Z x iPhoneOS14.5.sdk/System/Library/Frameworks/UserNotifications.framework/Modules/module.modulemap
2026-06-03T08:46:51.0805410Z x iPhoneOS14.5.sdk/System/Library/Frameworks/UserNotifications.framework/Headers/
2026-06-03T08:46:51.0806330Z x iPhoneOS14.5.sdk/System/Library/Frameworks/UserNotifications.framework/Headers/UNNotificationResponse.h
2026-06-03T08:46:51.0807750Z x iPhoneOS14.5.sdk/System/Library/Frameworks/UserNotifications.framework/Headers/UNError.h
2026-06-03T08:46:51.0808320Z x iPhoneOS14.5.sdk/System/Library/Frameworks/UserNotifications.framework/Headers/UNNotificationContent.h
2026-06-03T08:46:51.0809320Z x iPhoneOS14.5.sdk/System/Library/Frameworks/UserNotifications.framework/Headers/NSString+UserNotifications.h
2026-06-03T08:46:51.0810180Z x iPhoneOS14.5.sdk/System/Library/Frameworks/UserNotifications.framework/Headers/UserNotifications.h
2026-06-03T08:46:51.0814630Z x iPhoneOS14.5.sdk/System/Library/Frameworks/UserNotifications.framework/Headers/UNNotificationSettings.h
2026-06-03T08:46:51.0815750Z x iPhoneOS14.5.sdk/System/Library/Frameworks/UserNotifications.framework/Headers/UNNotificationTrigger.h
2026-06-03T08:46:51.0817000Z x iPhoneOS14.5.sdk/System/Library/Frameworks/UserNotifications.framework/Headers/UNNotificationRequest.h
2026-06-03T08:46:51.0817770Z x iPhoneOS14.5.sdk/System/Library/Frameworks/UserNotifications.framework/Headers/UNNotification.h
2026-06-03T08:46:51.0818680Z x iPhoneOS14.5.sdk/System/Library/Frameworks/UserNotifications.framework/Headers/UNNotificationAttachment.h
2026-06-03T08:46:51.0819680Z x iPhoneOS14.5.sdk/System/Library/Frameworks/UserNotifications.framework/Headers/UserNotifications.apinotes
2026-06-03T08:46:51.0820650Z x iPhoneOS14.5.sdk/System/Library/Frameworks/UserNotifications.framework/Headers/UNUserNotificationCenter.h
2026-06-03T08:46:51.0822160Z x iPhoneOS14.5.sdk/System/Library/Frameworks/UserNotifications.framework/Headers/UNNotificationServiceExtension.h
2026-06-03T08:46:51.0822660Z x iPhoneOS14.5.sdk/System/Library/Frameworks/UserNotifications.framework/Headers/UNNotificationSound.h
2026-06-03T08:46:51.0823590Z x iPhoneOS14.5.sdk/System/Library/Frameworks/UserNotifications.framework/Headers/UNNotificationAction.h
2026-06-03T08:46:51.0824490Z x iPhoneOS14.5.sdk/System/Library/Frameworks/UserNotifications.framework/Headers/UNNotificationCategory.h
2026-06-03T08:46:51.0825330Z x iPhoneOS14.5.sdk/System/Library/Frameworks/UserNotifications.framework/UserNotifications.tbd
2026-06-03T08:46:51.0825710Z x iPhoneOS14.5.sdk/System/Library/Frameworks/_AuthenticationServices_SwiftUI.framework/
2026-06-03T08:46:51.0826200Z x iPhoneOS14.5.sdk/System/Library/Frameworks/_AuthenticationServices_SwiftUI.framework/Modules/
2026-06-03T08:46:51.0827710Z x iPhoneOS14.5.sdk/System/Library/Frameworks/_AuthenticationServices_SwiftUI.framework/Modules/module.modulemap
2026-06-03T08:46:51.0828080Z x iPhoneOS14.5.sdk/System/Library/Frameworks/_AuthenticationServices_SwiftUI.framework/Modules/_AuthenticationServices_SwiftUI.swiftmodule/
2026-06-03T08:46:51.0828980Z x iPhoneOS14.5.sdk/System/Library/Frameworks/_AuthenticationServices_SwiftUI.framework/Modules/_AuthenticationServices_SwiftUI.swiftmodule/arm64e-apple-ios.swiftdoc
2026-06-03T08:46:51.0832430Z x iPhoneOS14.5.sdk/System/Library/Frameworks/_AuthenticationServices_SwiftUI.framework/Modules/_AuthenticationServices_SwiftUI.swiftmodule/arm64-apple-ios.swiftdoc
2026-06-03T08:46:51.0833210Z x iPhoneOS14.5.sdk/System/Library/Frameworks/_AuthenticationServices_SwiftUI.framework/Modules/_AuthenticationServices_SwiftUI.swiftmodule/arm64.swiftdoc
2026-06-03T08:46:51.0834290Z x iPhoneOS14.5.sdk/System/Library/Frameworks/_AuthenticationServices_SwiftUI.framework/Modules/_AuthenticationServices_SwiftUI.swiftmodule/arm64e.swiftdoc
2026-06-03T08:46:51.0837020Z x iPhoneOS14.5.sdk/System/Library/Frameworks/_AuthenticationServices_SwiftUI.framework/Modules/_AuthenticationServices_SwiftUI.swiftmodule/arm64e-apple-ios.swiftinterface
2026-06-03T08:46:51.0838130Z x iPhoneOS14.5.sdk/System/Library/Frameworks/_AuthenticationServices_SwiftUI.framework/Modules/_AuthenticationServices_SwiftUI.swiftmodule/arm64-apple-ios.swiftinterface
2026-06-03T08:46:51.0838960Z x iPhoneOS14.5.sdk/System/Library/Frameworks/_AuthenticationServices_SwiftUI.framework/Modules/_AuthenticationServices_SwiftUI.swiftmodule/arm64e.swiftinterface
2026-06-03T08:46:51.0840100Z x iPhoneOS14.5.sdk/System/Library/Frameworks/_AuthenticationServices_SwiftUI.framework/Modules/_AuthenticationServices_SwiftUI.swiftmodule/arm64.swiftinterface
2026-06-03T08:46:51.0840820Z x iPhoneOS14.5.sdk/System/Library/Frameworks/_AuthenticationServices_SwiftUI.framework/Headers/
2026-06-03T08:46:51.0841720Z x iPhoneOS14.5.sdk/System/Library/Frameworks/_AuthenticationServices_SwiftUI.framework/Headers/_AuthenticationServices_SwiftUI-Swift.h
2026-06-03T08:46:51.0842660Z x iPhoneOS14.5.sdk/System/Library/Frameworks/_AuthenticationServices_SwiftUI.framework/_AuthenticationServices_SwiftUI.tbd
2026-06-03T08:46:51.0843830Z x iPhoneOS14.5.sdk/System/Library/Frameworks/StoreKit.framework/
2026-06-03T08:46:51.0844130Z x iPhoneOS14.5.sdk/System/Library/Frameworks/StoreKit.framework/Modules/
2026-06-03T08:46:51.0844940Z x iPhoneOS14.5.sdk/System/Library/Frameworks/StoreKit.framework/Modules/module.modulemap
2026-06-03T08:46:51.0845810Z x iPhoneOS14.5.sdk/System/Library/Frameworks/StoreKit.framework/Modules/StoreKit.swiftcrossimport/
2026-06-03T08:46:51.0899510Z x iPhoneOS14.5.sdk/System/Library/Frameworks/StoreKit.framework/Modules/StoreKit.swiftcrossimport/SwiftUI.swiftoverlay
2026-06-03T08:46:51.0939580Z x iPhoneOS14.5.sdk/System/Library/Frameworks/StoreKit.framework/StoreKit.tbd
2026-06-03T08:46:51.1000770Z x iPhoneOS14.5.sdk/System/Library/Frameworks/StoreKit.framework/Headers/
2026-06-03T08:46:51.1003220Z x iPhoneOS14.5.sdk/System/Library/Frameworks/StoreKit.framework/Headers/SKArcadeService.h
2026-06-03T08:46:51.1003870Z x iPhoneOS14.5.sdk/System/Library/Frameworks/StoreKit.framework/Headers/SKPaymentDiscount.h
2026-06-03T08:46:51.1004480Z x iPhoneOS14.5.sdk/System/Library/Frameworks/StoreKit.framework/Headers/SKError.h
2026-06-03T08:46:51.1008120Z x iPhoneOS14.5.sdk/System/Library/Frameworks/StoreKit.framework/Headers/SKStorefront.h
2026-06-03T08:46:51.1008700Z x iPhoneOS14.5.sdk/System/Library/Frameworks/StoreKit.framework/Headers/SKAdNetwork.h
2026-06-03T08:46:51.1009340Z x iPhoneOS14.5.sdk/System/Library/Frameworks/StoreKit.framework/Headers/SKCloudServiceSetupViewController.h
2026-06-03T08:46:51.1009990Z x iPhoneOS14.5.sdk/System/Library/Frameworks/StoreKit.framework/Headers/SKAdImpression.h
2026-06-03T08:46:51.1013400Z x iPhoneOS14.5.sdk/System/Library/Frameworks/StoreKit.framework/Headers/StoreKit.apinotes
2026-06-03T08:46:51.1014040Z x iPhoneOS14.5.sdk/System/Library/Frameworks/StoreKit.framework/Headers/SKDownload.h
2026-06-03T08:46:51.1018420Z x iPhoneOS14.5.sdk/System/Library/Frameworks/StoreKit.framework/Headers/SKPayment.h
2026-06-03T08:46:51.1019050Z x iPhoneOS14.5.sdk/System/Library/Frameworks/StoreKit.framework/Headers/SKProductDiscount.h
2026-06-03T08:46:51.1020190Z x iPhoneOS14.5.sdk/System/Library/Frameworks/StoreKit.framework/Headers/SKPaymentTransaction.h
2026-06-03T08:46:51.1021370Z x iPhoneOS14.5.sdk/System/Library/Frameworks/StoreKit.framework/Headers/StoreKitDefines.h
2026-06-03T08:46:51.1021960Z x iPhoneOS14.5.sdk/System/Library/Frameworks/StoreKit.framework/Headers/SKRequest.h
2026-06-03T08:46:51.1022550Z x iPhoneOS14.5.sdk/System/Library/Frameworks/StoreKit.framework/Headers/SKOverlay.h
2026-06-03T08:46:51.1024140Z x iPhoneOS14.5.sdk/System/Library/Frameworks/StoreKit.framework/Headers/SKReceiptRefreshRequest.h
2026-06-03T08:46:51.1024820Z x iPhoneOS14.5.sdk/System/Library/Frameworks/StoreKit.framework/Headers/SKStoreProductViewController.h
2026-06-03T08:46:51.1025480Z x iPhoneOS14.5.sdk/System/Library/Frameworks/StoreKit.framework/Headers/SKStoreReviewController.h
2026-06-03T08:46:51.1028280Z x iPhoneOS14.5.sdk/System/Library/Frameworks/StoreKit.framework/Headers/SKPaymentQueue.h
2026-06-03T08:46:51.1033490Z x iPhoneOS14.5.sdk/System/Library/Frameworks/StoreKit.framework/Headers/StoreKit.h
2026-06-03T08:46:51.1034980Z x iPhoneOS14.5.sdk/System/Library/Frameworks/StoreKit.framework/Headers/SKProductStorePromotionController.h
2026-06-03T08:46:51.1035620Z x iPhoneOS14.5.sdk/System/Library/Frameworks/StoreKit.framework/Headers/SKProduct.h
2026-06-03T08:46:51.1036200Z x iPhoneOS14.5.sdk/System/Library/Frameworks/StoreKit.framework/Headers/SKProductsRequest.h
2026-06-03T08:46:51.1036900Z x iPhoneOS14.5.sdk/System/Library/Frameworks/StoreKit.framework/Headers/SKCloudServiceController.h
2026-06-03T08:46:51.1085350Z x iPhoneOS14.5.sdk/System/Library/Frameworks/StoreKit.framework/Headers/SKOverlayTransitionContext.h
2026-06-03T08:46:51.1085930Z x iPhoneOS14.5.sdk/System/Library/Frameworks/StoreKit.framework/Headers/SKOverlayConfiguration.h
2026-06-03T08:46:51.1107330Z x iPhoneOS14.5.sdk/System/Library/Frameworks/AudioUnit.framework/
2026-06-03T08:46:51.1208430Z x iPhoneOS14.5.sdk/System/Library/Frameworks/AudioUnit.framework/Modules/
2026-06-03T08:46:51.1288850Z x iPhoneOS14.5.sdk/System/Library/Frameworks/AudioUnit.framework/Modules/module.modulemap
2026-06-03T08:46:51.1313810Z x iPhoneOS14.5.sdk/System/Library/Frameworks/AudioUnit.framework/Headers/
2026-06-03T08:46:51.1318790Z x iPhoneOS14.5.sdk/System/Library/Frameworks/AudioUnit.framework/Headers/AudioCodec.h
2026-06-03T08:46:51.1420780Z x iPhoneOS14.5.sdk/System/Library/Frameworks/AudioUnit.framework/Headers/AudioComponent.h
2026-06-03T08:46:51.1519380Z x iPhoneOS14.5.sdk/System/Library/Frameworks/AudioUnit.framework/Headers/AUParameters.h
2026-06-03T08:46:51.1542060Z x iPhoneOS14.5.sdk/System/Library/Frameworks/AudioUnit.framework/Headers/MusicDevice.h
2026-06-03T08:46:51.1544680Z x iPhoneOS14.5.sdk/System/Library/Frameworks/AudioUnit.framework/Headers/AUComponent.h
2026-06-03T08:46:51.1545330Z x iPhoneOS14.5.sdk/System/Library/Frameworks/AudioUnit.framework/Headers/AudioUnitProperties.h
2026-06-03T08:46:51.1646700Z x iPhoneOS14.5.sdk/System/Library/Frameworks/AudioUnit.framework/Headers/AudioUnitParameters.h
2026-06-03T08:46:51.1749590Z x iPhoneOS14.5.sdk/System/Library/Frameworks/AudioUnit.framework/Headers/AUAudioUnitImplementation.h
2026-06-03T08:46:51.1751990Z x iPhoneOS14.5.sdk/System/Library/Frameworks/AudioUnit.framework/Headers/AudioUnit.h
2026-06-03T08:46:51.1802300Z x iPhoneOS14.5.sdk/System/Library/Frameworks/AudioUnit.framework/Headers/AudioOutputUnit.h
2026-06-03T08:46:51.1802980Z x iPhoneOS14.5.sdk/System/Library/Frameworks/AudioUnit.framework/Headers/AUAudioUnit.h
2026-06-03T08:46:51.1929450Z x iPhoneOS14.5.sdk/System/Library/Frameworks/Contacts.framework/
2026-06-03T08:46:51.2133670Z x iPhoneOS14.5.sdk/System/Library/Frameworks/Contacts.framework/Modules/
2026-06-03T08:46:51.2235780Z x iPhoneOS14.5.sdk/System/Library/Frameworks/Contacts.framework/Modules/module.modulemap
2026-06-03T08:46:51.2333710Z x iPhoneOS14.5.sdk/System/Library/Frameworks/Contacts.framework/Headers/
2026-06-03T08:46:51.2435950Z x iPhoneOS14.5.sdk/System/Library/Frameworks/Contacts.framework/Headers/CNGroup.h
2026-06-03T08:46:51.2533540Z x iPhoneOS14.5.sdk/System/Library/Frameworks/Contacts.framework/Headers/CNPostalAddressFormatter.h
2026-06-03T08:46:51.2631560Z x iPhoneOS14.5.sdk/System/Library/Frameworks/Contacts.framework/Headers/CNGroup+Predicates.h
2026-06-03T08:46:51.2635630Z x iPhoneOS14.5.sdk/System/Library/Frameworks/Contacts.framework/Headers/CNContactFormatter.h
2026-06-03T08:46:51.2636280Z x iPhoneOS14.5.sdk/System/Library/Frameworks/Contacts.framework/Headers/CNContactFetchRequest.h
2026-06-03T08:46:51.2638090Z x iPhoneOS14.5.sdk/System/Library/Frameworks/Contacts.framework/Headers/CNFetchRequest.h
2026-06-03T08:46:51.2638700Z x iPhoneOS14.5.sdk/System/Library/Frameworks/Contacts.framework/Headers/CNContactRelation.h
2026-06-03T08:46:51.2639330Z x iPhoneOS14.5.sdk/System/Library/Frameworks/Contacts.framework/Headers/CNChangeHistoryEvent.h
2026-06-03T08:46:51.2639980Z x iPhoneOS14.5.sdk/System/Library/Frameworks/Contacts.framework/Headers/ContactsDefines.h
2026-06-03T08:46:51.2640900Z x iPhoneOS14.5.sdk/System/Library/Frameworks/Contacts.framework/Headers/CNContactVCardSerialization.h
2026-06-03T08:46:51.2641540Z x iPhoneOS14.5.sdk/System/Library/Frameworks/Contacts.framework/Headers/CNContainer.h
2026-06-03T08:46:51.2642150Z x iPhoneOS14.5.sdk/System/Library/Frameworks/Contacts.framework/Headers/CNInstantMessageAddress.h
2026-06-03T08:46:51.2642780Z x iPhoneOS14.5.sdk/System/Library/Frameworks/Contacts.framework/Headers/CNContainer+Predicates.h
2026-06-03T08:46:51.2643390Z x iPhoneOS14.5.sdk/System/Library/Frameworks/Contacts.framework/Headers/Contacts.apinotes
2026-06-03T08:46:51.2643970Z x iPhoneOS14.5.sdk/System/Library/Frameworks/Contacts.framework/Headers/CNSaveRequest.h
2026-06-03T08:46:51.2644540Z x iPhoneOS14.5.sdk/System/Library/Frameworks/Contacts.framework/Headers/CNMutableGroup.h
2026-06-03T08:46:51.2645100Z x iPhoneOS14.5.sdk/System/Library/Frameworks/Contacts.framework/Headers/CNContact.h
2026-06-03T08:46:51.2646080Z x iPhoneOS14.5.sdk/System/Library/Frameworks/Contacts.framework/Headers/CNPostalAddress.h
2026-06-03T08:46:51.2649680Z x iPhoneOS14.5.sdk/System/Library/Frameworks/Contacts.framework/Headers/Contacts.h
2026-06-03T08:46:51.2650180Z x iPhoneOS14.5.sdk/System/Library/Frameworks/Contacts.framework/Headers/CNMutablePostalAddress.h
2026-06-03T08:46:51.2650730Z x iPhoneOS14.5.sdk/System/Library/Frameworks/Contacts.framework/Headers/CNContact+NSItemProvider.h
2026-06-03T08:46:51.2651330Z x iPhoneOS14.5.sdk/System/Library/Frameworks/Contacts.framework/Headers/CNChangeHistoryFetchRequest.h
2026-06-03T08:46:51.2652240Z x iPhoneOS14.5.sdk/System/Library/Frameworks/Contacts.framework/Headers/CNError.h
2026-06-03T08:46:51.2652780Z x iPhoneOS14.5.sdk/System/Library/Frameworks/Contacts.framework/Headers/CNMutableContact.h
2026-06-03T08:46:51.2653280Z x iPhoneOS14.5.sdk/System/Library/Frameworks/Contacts.framework/Headers/CNContactProperty.h
2026-06-03T08:46:51.2653780Z x iPhoneOS14.5.sdk/System/Library/Frameworks/Contacts.framework/Headers/CNLabeledValue.h
2026-06-03T08:46:51.2654260Z x iPhoneOS14.5.sdk/System/Library/Frameworks/Contacts.framework/Headers/CNSocialProfile.h
2026-06-03T08:46:51.2654870Z x iPhoneOS14.5.sdk/System/Library/Frameworks/Contacts.framework/Headers/CNContactsUserDefaults.h
2026-06-03T08:46:51.2655370Z x iPhoneOS14.5.sdk/System/Library/Frameworks/Contacts.framework/Headers/CNFetchResult.h
2026-06-03T08:46:51.2655870Z x iPhoneOS14.5.sdk/System/Library/Frameworks/Contacts.framework/Headers/CNContact+Predicates.h
2026-06-03T08:46:51.2656370Z x iPhoneOS14.5.sdk/System/Library/Frameworks/Contacts.framework/Headers/CNContactStore.h
2026-06-03T08:46:51.2656850Z x iPhoneOS14.5.sdk/System/Library/Frameworks/Contacts.framework/Headers/CNPhoneNumber.h
2026-06-03T08:46:51.2657290Z x iPhoneOS14.5.sdk/System/Library/Frameworks/Contacts.framework/Contacts.tbd
2026-06-03T08:46:51.2657670Z x iPhoneOS14.5.sdk/System/Library/Frameworks/WidgetKit.framework/
2026-06-03T08:46:51.2658050Z x iPhoneOS14.5.sdk/System/Library/Frameworks/WidgetKit.framework/Modules/
2026-06-03T08:46:51.2658490Z x iPhoneOS14.5.sdk/System/Library/Frameworks/WidgetKit.framework/Modules/module.modulemap
2026-06-03T08:46:51.2659010Z x iPhoneOS14.5.sdk/System/Library/Frameworks/WidgetKit.framework/Modules/WidgetKit.swiftmodule/
2026-06-03T08:46:51.2659620Z x iPhoneOS14.5.sdk/System/Library/Frameworks/WidgetKit.framework/Modules/WidgetKit.swiftmodule/arm64e-apple-ios.swiftdoc
2026-06-03T08:46:51.2660420Z x iPhoneOS14.5.sdk/System/Library/Frameworks/WidgetKit.framework/Modules/WidgetKit.swiftmodule/arm64-apple-ios.swiftdoc
2026-06-03T08:46:51.2661070Z x iPhoneOS14.5.sdk/System/Library/Frameworks/WidgetKit.framework/Modules/WidgetKit.swiftmodule/arm64.swiftdoc
2026-06-03T08:46:51.2661850Z x iPhoneOS14.5.sdk/System/Library/Frameworks/WidgetKit.framework/Modules/WidgetKit.swiftmodule/arm64e.swiftdoc
2026-06-03T08:46:51.2662530Z x iPhoneOS14.5.sdk/System/Library/Frameworks/WidgetKit.framework/Modules/WidgetKit.swiftmodule/arm64e-apple-ios.swiftinterface
2026-06-03T08:46:51.2664460Z x iPhoneOS14.5.sdk/System/Library/Frameworks/WidgetKit.framework/Modules/WidgetKit.swiftmodule/arm64-apple-ios.swiftinterface
2026-06-03T08:46:51.2665210Z x iPhoneOS14.5.sdk/System/Library/Frameworks/WidgetKit.framework/Modules/WidgetKit.swiftmodule/arm64e.swiftinterface
2026-06-03T08:46:51.2665870Z x iPhoneOS14.5.sdk/System/Library/Frameworks/WidgetKit.framework/Modules/WidgetKit.swiftmodule/arm64.swiftinterface
2026-06-03T08:46:51.2666390Z x iPhoneOS14.5.sdk/System/Library/Frameworks/WidgetKit.framework/Headers/
2026-06-03T08:46:51.2666820Z x iPhoneOS14.5.sdk/System/Library/Frameworks/WidgetKit.framework/Headers/WidgetKit.h
2026-06-03T08:46:51.2667290Z x iPhoneOS14.5.sdk/System/Library/Frameworks/WidgetKit.framework/Headers/WGWidgetDefines.h
2026-06-03T08:46:51.2668120Z x iPhoneOS14.5.sdk/System/Library/Frameworks/WidgetKit.framework/WidgetKit.tbd
2026-06-03T08:46:51.2668700Z x iPhoneOS14.5.sdk/System/Library/Frameworks/OpenAL.framework/
2026-06-03T08:46:51.2669250Z x iPhoneOS14.5.sdk/System/Library/Frameworks/OpenAL.framework/Modules/
2026-06-03T08:46:51.2669670Z x iPhoneOS14.5.sdk/System/Library/Frameworks/OpenAL.framework/Modules/module.modulemap
2026-06-03T08:46:51.2670090Z x iPhoneOS14.5.sdk/System/Library/Frameworks/OpenAL.framework/Headers/
2026-06-03T08:46:51.2670540Z x iPhoneOS14.5.sdk/System/Library/Frameworks/OpenAL.framework/Headers/oalStaticBufferExtension.h
2026-06-03T08:46:51.2671020Z x iPhoneOS14.5.sdk/System/Library/Frameworks/OpenAL.framework/Headers/OpenAL.h
2026-06-03T08:46:51.2671490Z x iPhoneOS14.5.sdk/System/Library/Frameworks/OpenAL.framework/Headers/oalMacOSX_OALExtensions.h
2026-06-03T08:46:51.2671940Z x iPhoneOS14.5.sdk/System/Library/Frameworks/OpenAL.framework/Headers/al.h
2026-06-03T08:46:51.2672340Z x iPhoneOS14.5.sdk/System/Library/Frameworks/OpenAL.framework/Headers/alc.h
2026-06-03T08:46:51.2672730Z x iPhoneOS14.5.sdk/System/Library/Frameworks/OpenAL.framework/OpenAL.tbd
2026-06-03T08:46:51.2673080Z x iPhoneOS14.5.sdk/System/Library/Frameworks/GSS.framework/
2026-06-03T08:46:51.2673400Z x iPhoneOS14.5.sdk/System/Library/Frameworks/GSS.framework/Modules/
2026-06-03T08:46:51.2673800Z x iPhoneOS14.5.sdk/System/Library/Frameworks/GSS.framework/Modules/module.modulemap
2026-06-03T08:46:51.2674210Z x iPhoneOS14.5.sdk/System/Library/Frameworks/GSS.framework/GSS.tbd
2026-06-03T08:46:51.2674550Z x iPhoneOS14.5.sdk/System/Library/Frameworks/GSS.framework/Headers/
2026-06-03T08:46:51.2674930Z x iPhoneOS14.5.sdk/System/Library/Frameworks/GSS.framework/Headers/gssapi_krb5.h
2026-06-03T08:46:51.2675370Z x iPhoneOS14.5.sdk/System/Library/Frameworks/GSS.framework/Headers/gssapi_spnego.h
2026-06-03T08:46:51.2675800Z x iPhoneOS14.5.sdk/System/Library/Frameworks/GSS.framework/Headers/gssapi_protos.h
2026-06-03T08:46:51.2676220Z x iPhoneOS14.5.sdk/System/Library/Frameworks/GSS.framework/Headers/gssapi_oid.h
2026-06-03T08:46:51.2676640Z x iPhoneOS14.5.sdk/System/Library/Frameworks/GSS.framework/Headers/gssapi_apple.h
2026-06-03T08:46:51.2677060Z x iPhoneOS14.5.sdk/System/Library/Frameworks/GSS.framework/Headers/gssapi.h
2026-06-03T08:46:51.2677450Z x iPhoneOS14.5.sdk/System/Library/Frameworks/GSS.framework/Headers/GSS.h
2026-06-03T08:46:51.2677800Z x iPhoneOS14.5.sdk/System/Library/Frameworks/GameKit.framework/
2026-06-03T08:46:51.2678150Z x iPhoneOS14.5.sdk/System/Library/Frameworks/GameKit.framework/Modules/
2026-06-03T08:46:51.2678580Z x iPhoneOS14.5.sdk/System/Library/Frameworks/GameKit.framework/Modules/module.modulemap
2026-06-03T08:46:51.2679000Z x iPhoneOS14.5.sdk/System/Library/Frameworks/GameKit.framework/Headers/
2026-06-03T08:46:51.2679430Z x iPhoneOS14.5.sdk/System/Library/Frameworks/GameKit.framework/Headers/GKAccessPoint.h
2026-06-03T08:46:51.2679940Z x iPhoneOS14.5.sdk/System/Library/Frameworks/GameKit.framework/Headers/GKGameSessionEventListener.h
2026-06-03T08:46:51.2680450Z x iPhoneOS14.5.sdk/System/Library/Frameworks/GameKit.framework/Headers/GKChallenge.h
2026-06-03T08:46:51.2680930Z x iPhoneOS14.5.sdk/System/Library/Frameworks/GameKit.framework/Headers/GKLeaderboardScore.h
2026-06-03T08:46:51.2681510Z x iPhoneOS14.5.sdk/System/Library/Frameworks/GameKit.framework/Headers/GKPublicProtocols.h
2026-06-03T08:46:51.2682020Z x iPhoneOS14.5.sdk/System/Library/Frameworks/GameKit.framework/Headers/GKSavedGameListener.h
2026-06-03T08:46:51.2682500Z x iPhoneOS14.5.sdk/System/Library/Frameworks/GameKit.framework/Headers/GKBasePlayer.h
2026-06-03T08:46:51.2683000Z x iPhoneOS14.5.sdk/System/Library/Frameworks/GameKit.framework/Headers/GKPeerPickerController.h
2026-06-03T08:46:51.2683530Z x iPhoneOS14.5.sdk/System/Library/Frameworks/GameKit.framework/Headers/GKAchievementDescription.h
2026-06-03T08:46:51.2684040Z x iPhoneOS14.5.sdk/System/Library/Frameworks/GameKit.framework/Headers/GKLeaderboardSet.h
2026-06-03T08:46:51.2684510Z x iPhoneOS14.5.sdk/System/Library/Frameworks/GameKit.framework/Headers/GKEventListener.h
2026-06-03T08:46:51.2685000Z x iPhoneOS14.5.sdk/System/Library/Frameworks/GameKit.framework/Headers/GKNotificationBanner.h
2026-06-03T08:46:51.2686900Z x iPhoneOS14.5.sdk/System/Library/Frameworks/GameKit.framework/Headers/GKChallengeEventHandler.h
2026-06-03T08:46:51.2687460Z x iPhoneOS14.5.sdk/System/Library/Frameworks/GameKit.framework/Headers/GKMatchmaker.h
2026-06-03T08:46:51.2688280Z x iPhoneOS14.5.sdk/System/Library/Frameworks/GameKit.framework/Headers/GKAchievementViewController.h
2026-06-03T08:46:51.2688840Z x iPhoneOS14.5.sdk/System/Library/Frameworks/GameKit.framework/Headers/GKLeaderboardViewController.h
2026-06-03T08:46:51.2689330Z x iPhoneOS14.5.sdk/System/Library/Frameworks/GameKit.framework/Headers/GKError.h
2026-06-03T08:46:51.2689770Z x iPhoneOS14.5.sdk/System/Library/Frameworks/GameKit.framework/Headers/GKLocalPlayer.h
2026-06-03T08:46:51.2690230Z x iPhoneOS14.5.sdk/System/Library/Frameworks/GameKit.framework/Headers/GKVoiceChat.h
2026-06-03T08:46:51.2690680Z x iPhoneOS14.5.sdk/System/Library/Frameworks/GameKit.framework/Headers/GKDefines.h
2026-06-03T08:46:51.2691130Z x iPhoneOS14.5.sdk/System/Library/Frameworks/GameKit.framework/Headers/GameKit.apinotes
2026-06-03T08:46:51.2691620Z x iPhoneOS14.5.sdk/System/Library/Frameworks/GameKit.framework/Headers/GKVoiceChatService.h
2026-06-03T08:46:51.2692090Z x iPhoneOS14.5.sdk/System/Library/Frameworks/GameKit.framework/Headers/GKPlayer.h
2026-06-03T08:46:51.2692540Z x iPhoneOS14.5.sdk/System/Library/Frameworks/GameKit.framework/Headers/GKAchievement.h
2026-06-03T08:46:51.2693080Z x iPhoneOS14.5.sdk/System/Library/Frameworks/GameKit.framework/Headers/GKTurnBasedMatchmakerViewController.h
2026-06-03T08:46:51.2693640Z x iPhoneOS14.5.sdk/System/Library/Frameworks/GameKit.framework/Headers/GKSession.h
2026-06-03T08:46:51.2694080Z x iPhoneOS14.5.sdk/System/Library/Frameworks/GameKit.framework/Headers/GKScore.h
2026-06-03T08:46:51.2694530Z x iPhoneOS14.5.sdk/System/Library/Frameworks/GameKit.framework/Headers/GKGameSessionError.h
2026-06-03T08:46:51.2695020Z x iPhoneOS14.5.sdk/System/Library/Frameworks/GameKit.framework/Headers/GKSessionError.h
2026-06-03T08:46:51.2695570Z x iPhoneOS14.5.sdk/System/Library/Frameworks/GameKit.framework/Headers/GKFriendRequestComposeViewController.h
2026-06-03T08:46:51.2696100Z x iPhoneOS14.5.sdk/System/Library/Frameworks/GameKit.framework/Headers/GameKit.h
2026-06-03T08:46:51.2696590Z x iPhoneOS14.5.sdk/System/Library/Frameworks/GameKit.framework/Headers/GKGameCenterViewController.h
2026-06-03T08:46:51.2697090Z x iPhoneOS14.5.sdk/System/Library/Frameworks/GameKit.framework/Headers/GKGameSession.h
2026-06-03T08:46:51.2697570Z x iPhoneOS14.5.sdk/System/Library/Frameworks/GameKit.framework/Headers/GKPublicConstants.h
2026-06-03T08:46:51.2698040Z x iPhoneOS14.5.sdk/System/Library/Frameworks/GameKit.framework/Headers/GKSavedGame.h
2026-06-03T08:46:51.2698550Z x iPhoneOS14.5.sdk/System/Library/Frameworks/GameKit.framework/Headers/GKMatchmakerViewController.h
2026-06-03T08:46:51.2699060Z x iPhoneOS14.5.sdk/System/Library/Frameworks/GameKit.framework/Headers/GKLeaderboard.h
2026-06-03T08:46:51.2699610Z x iPhoneOS14.5.sdk/System/Library/Frameworks/GameKit.framework/Headers/GKGameSessionSharingViewController.h
2026-06-03T08:46:51.2700240Z x iPhoneOS14.5.sdk/System/Library/Frameworks/GameKit.framework/Headers/GKMatch.h
2026-06-03T08:46:51.2700690Z x iPhoneOS14.5.sdk/System/Library/Frameworks/GameKit.framework/Headers/GKCloudPlayer.h
2026-06-03T08:46:51.2701170Z x iPhoneOS14.5.sdk/System/Library/Frameworks/GameKit.framework/Headers/GKLeaderboardEntry.h
2026-06-03T08:46:51.2701670Z x iPhoneOS14.5.sdk/System/Library/Frameworks/GameKit.framework/Headers/GKTurnBasedMatch.h
2026-06-03T08:46:51.2702590Z x iPhoneOS14.5.sdk/System/Library/Frameworks/GameKit.framework/GameKit.tbd
2026-06-03T08:46:51.2703030Z x iPhoneOS14.5.sdk/System/Library/Frameworks/CoreTelephony.framework/
2026-06-03T08:46:51.2704480Z x iPhoneOS14.5.sdk/System/Library/Frameworks/CoreTelephony.framework/Modules/
2026-06-03T08:46:51.2705750Z x iPhoneOS14.5.sdk/System/Library/Frameworks/CoreTelephony.framework/Modules/module.modulemap
2026-06-03T08:46:51.2707080Z x iPhoneOS14.5.sdk/System/Library/Frameworks/CoreTelephony.framework/CoreTelephony.tbd
2026-06-03T08:46:51.2708850Z x iPhoneOS14.5.sdk/System/Library/Frameworks/CoreTelephony.framework/Headers/
2026-06-03T08:46:51.2710060Z x iPhoneOS14.5.sdk/System/Library/Frameworks/CoreTelephony.framework/Headers/CTSubscriber.h
2026-06-03T08:46:51.2711430Z x iPhoneOS14.5.sdk/System/Library/Frameworks/CoreTelephony.framework/Headers/CTSubscriberInfo.h
2026-06-03T08:46:51.2713150Z x iPhoneOS14.5.sdk/System/Library/Frameworks/CoreTelephony.framework/Headers/CTCellularPlanProvisioningRequest.h
2026-06-03T08:46:51.2714750Z x iPhoneOS14.5.sdk/System/Library/Frameworks/CoreTelephony.framework/Headers/CTTelephonyNetworkInfo.h
2026-06-03T08:46:51.2716160Z x iPhoneOS14.5.sdk/System/Library/Frameworks/CoreTelephony.framework/Headers/CTCallCenter.h
2026-06-03T08:46:51.2717580Z x iPhoneOS14.5.sdk/System/Library/Frameworks/CoreTelephony.framework/Headers/CoreTelephonyDefines.h
2026-06-03T08:46:51.2719000Z x iPhoneOS14.5.sdk/System/Library/Frameworks/CoreTelephony.framework/Headers/CTCellularData.h
2026-06-03T08:46:51.2720330Z x iPhoneOS14.5.sdk/System/Library/Frameworks/CoreTelephony.framework/Headers/CTCarrier.h
2026-06-03T08:46:51.2721930Z x iPhoneOS14.5.sdk/System/Library/Frameworks/CoreTelephony.framework/Headers/CTCall.h
2026-06-03T08:46:51.2723340Z x iPhoneOS14.5.sdk/System/Library/Frameworks/CoreTelephony.framework/Headers/CTCellularPlanProvisioning.h
2026-06-03T08:46:51.2724590Z x iPhoneOS14.5.sdk/System/Library/Frameworks/ImageIO.framework/
2026-06-03T08:46:51.2725540Z x iPhoneOS14.5.sdk/System/Library/Frameworks/ImageIO.framework/Modules/
2026-06-03T08:46:51.2726920Z x iPhoneOS14.5.sdk/System/Library/Frameworks/ImageIO.framework/Modules/module.modulemap
2026-06-03T08:46:51.2728340Z x iPhoneOS14.5.sdk/System/Library/Frameworks/ImageIO.framework/Headers/
2026-06-03T08:46:51.2729490Z x iPhoneOS14.5.sdk/System/Library/Frameworks/ImageIO.framework/Headers/CGImageDestination.h
2026-06-03T08:46:51.2730720Z x iPhoneOS14.5.sdk/System/Library/Frameworks/ImageIO.framework/Headers/ImageIO.h
2026-06-03T08:46:51.2731930Z x iPhoneOS14.5.sdk/System/Library/Frameworks/ImageIO.framework/Headers/CGImageAnimation.h
2026-06-03T08:46:51.2733210Z x iPhoneOS14.5.sdk/System/Library/Frameworks/ImageIO.framework/Headers/CGImageSource.h
2026-06-03T08:46:51.2738540Z x iPhoneOS14.5.sdk/System/Library/Frameworks/ImageIO.framework/Headers/CGImageMetadata.h
2026-06-03T08:46:51.2739800Z x iPhoneOS14.5.sdk/System/Library/Frameworks/ImageIO.framework/Headers/ImageIOBase.h
2026-06-03T08:46:51.2741050Z x iPhoneOS14.5.sdk/System/Library/Frameworks/ImageIO.framework/Headers/CGImageProperties.h
2026-06-03T08:46:51.2742220Z x iPhoneOS14.5.sdk/System/Library/Frameworks/ImageIO.framework/ImageIO.tbd
2026-06-03T08:46:51.2743190Z x iPhoneOS14.5.sdk/System/Library/Frameworks/Photos.framework/
2026-06-03T08:46:51.2744120Z x iPhoneOS14.5.sdk/System/Library/Frameworks/Photos.framework/Modules/
2026-06-03T08:46:51.2745210Z x iPhoneOS14.5.sdk/System/Library/Frameworks/Photos.framework/Modules/module.modulemap
2026-06-03T08:46:51.2746340Z x iPhoneOS14.5.sdk/System/Library/Frameworks/Photos.framework/Headers/
2026-06-03T08:46:51.2747910Z x iPhoneOS14.5.sdk/System/Library/Frameworks/Photos.framework/Headers/PHProject.h
2026-06-03T08:46:51.2749220Z x iPhoneOS14.5.sdk/System/Library/Frameworks/Photos.framework/Headers/PHCollection.h
2026-06-03T08:46:51.2750460Z x iPhoneOS14.5.sdk/System/Library/Frameworks/Photos.framework/Headers/PHAdjustmentData.h
2026-06-03T08:46:51.2751960Z x iPhoneOS14.5.sdk/System/Library/Frameworks/Photos.framework/Headers/PHProjectChangeRequest.h
2026-06-03T08:46:51.2753450Z x iPhoneOS14.5.sdk/System/Library/Frameworks/Photos.framework/Headers/PHAssetChangeRequest.h
2026-06-03T08:46:51.2754800Z x iPhoneOS14.5.sdk/System/Library/Frameworks/Photos.framework/Headers/PHFetchResult.h
2026-06-03T08:46:51.2759000Z x iPhoneOS14.5.sdk/System/Library/Frameworks/Photos.framework/Headers/PHLivePhotoEditingContext.h
2026-06-03T08:46:51.2759500Z x iPhoneOS14.5.sdk/System/Library/Frameworks/Photos.framework/Headers/PHChange.h
2026-06-03T08:46:51.2760180Z x iPhoneOS14.5.sdk/System/Library/Frameworks/Photos.framework/Headers/PHAsset.h
2026-06-03T08:46:51.2760630Z x iPhoneOS14.5.sdk/System/Library/Frameworks/Photos.framework/Headers/PHPhotoLibrary.h
2026-06-03T08:46:51.2761180Z x iPhoneOS14.5.sdk/System/Library/Frameworks/Photos.framework/Headers/PhotosTypes.h
2026-06-03T08:46:51.2761710Z x iPhoneOS14.5.sdk/System/Library/Frameworks/Photos.framework/Headers/PHAssetCollectionChangeRequest.h
2026-06-03T08:46:51.2762270Z x iPhoneOS14.5.sdk/System/Library/Frameworks/Photos.framework/Headers/PHAssetCreationRequest.h
2026-06-03T08:46:51.2762790Z x iPhoneOS14.5.sdk/System/Library/Frameworks/Photos.framework/Headers/PHAssetResourceManager.h
2026-06-03T08:46:51.2763310Z x iPhoneOS14.5.sdk/System/Library/Frameworks/Photos.framework/Headers/PHContentEditingInput.h
2026-06-03T08:46:51.2763800Z x iPhoneOS14.5.sdk/System/Library/Frameworks/Photos.framework/Headers/Photos.apinotes
2026-06-03T08:46:51.2764280Z x iPhoneOS14.5.sdk/System/Library/Frameworks/Photos.framework/Headers/PHContentEditingOutput.h
2026-06-03T08:46:51.2765200Z x iPhoneOS14.5.sdk/System/Library/Frameworks/Photos.framework/Headers/PHAssetResource.h
2026-06-03T08:46:51.2765750Z x iPhoneOS14.5.sdk/System/Library/Frameworks/Photos.framework/Headers/PHLivePhoto.h
2026-06-03T08:46:51.2766220Z x iPhoneOS14.5.sdk/System/Library/Frameworks/Photos.framework/Headers/PHImageManager.h
2026-06-03T08:46:51.2766680Z x iPhoneOS14.5.sdk/System/Library/Frameworks/Photos.framework/Headers/PHObject.h
2026-06-03T08:46:51.2767150Z x iPhoneOS14.5.sdk/System/Library/Frameworks/Photos.framework/Headers/PHCloudIdentifier.h
2026-06-03T08:46:51.2767630Z x iPhoneOS14.5.sdk/System/Library/Frameworks/Photos.framework/Headers/PHChangeRequest.h
2026-06-03T08:46:51.2768100Z x iPhoneOS14.5.sdk/System/Library/Frameworks/Photos.framework/Headers/PHFetchOptions.h
2026-06-03T08:46:51.2768550Z x iPhoneOS14.5.sdk/System/Library/Frameworks/Photos.framework/Headers/PHError.h
2026-06-03T08:46:51.2768980Z x iPhoneOS14.5.sdk/System/Library/Frameworks/Photos.framework/Headers/Photos.h
2026-06-03T08:46:51.2769480Z x iPhoneOS14.5.sdk/System/Library/Frameworks/Photos.framework/Headers/PHCollectionListChangeRequest.h
2026-06-03T08:46:51.2769960Z x iPhoneOS14.5.sdk/System/Library/Frameworks/Photos.framework/Photos.tbd
2026-06-03T08:46:51.2770340Z x iPhoneOS14.5.sdk/System/Library/Frameworks/_QuickLook_SwiftUI.framework/
2026-06-03T08:46:51.2770750Z x iPhoneOS14.5.sdk/System/Library/Frameworks/_QuickLook_SwiftUI.framework/Modules/
2026-06-03T08:46:51.2771280Z x iPhoneOS14.5.sdk/System/Library/Frameworks/_QuickLook_SwiftUI.framework/Modules/_QuickLook_SwiftUI.swiftmodule/
2026-06-03T08:46:51.2771980Z x iPhoneOS14.5.sdk/System/Library/Frameworks/_QuickLook_SwiftUI.framework/Modules/_QuickLook_SwiftUI.swiftmodule/arm64e-apple-ios.swiftdoc
2026-06-03T08:46:51.2772740Z x iPhoneOS14.5.sdk/System/Library/Frameworks/_QuickLook_SwiftUI.framework/Modules/_QuickLook_SwiftUI.swiftmodule/arm64-apple-ios.swiftdoc
2026-06-03T08:46:51.2773470Z x iPhoneOS14.5.sdk/System/Library/Frameworks/_QuickLook_SwiftUI.framework/Modules/_QuickLook_SwiftUI.swiftmodule/arm64.swiftdoc
2026-06-03T08:46:51.2774310Z x iPhoneOS14.5.sdk/System/Library/Frameworks/_QuickLook_SwiftUI.framework/Modules/_QuickLook_SwiftUI.swiftmodule/arm64e.swiftdoc
2026-06-03T08:46:51.2775080Z x iPhoneOS14.5.sdk/System/Library/Frameworks/_QuickLook_SwiftUI.framework/Modules/_QuickLook_SwiftUI.swiftmodule/arm64e-apple-ios.swiftinterface
2026-06-03T08:46:51.2776650Z x iPhoneOS14.5.sdk/System/Library/Frameworks/_QuickLook_SwiftUI.framework/Modules/_QuickLook_SwiftUI.swiftmodule/arm64-apple-ios.swiftinterface
2026-06-03T08:46:51.2777420Z x iPhoneOS14.5.sdk/System/Library/Frameworks/_QuickLook_SwiftUI.framework/Modules/_QuickLook_SwiftUI.swiftmodule/arm64e.swiftinterface
2026-06-03T08:46:51.2778150Z x iPhoneOS14.5.sdk/System/Library/Frameworks/_QuickLook_SwiftUI.framework/Modules/_QuickLook_SwiftUI.swiftmodule/arm64.swiftinterface
2026-06-03T08:46:51.2778790Z x iPhoneOS14.5.sdk/System/Library/Frameworks/_QuickLook_SwiftUI.framework/_QuickLook_SwiftUI.tbd
2026-06-03T08:46:51.2779370Z x iPhoneOS14.5.sdk/System/Library/Frameworks/PushKit.framework/
2026-06-03T08:46:51.2779730Z x iPhoneOS14.5.sdk/System/Library/Frameworks/PushKit.framework/Modules/
2026-06-03T08:46:51.2780150Z x iPhoneOS14.5.sdk/System/Library/Frameworks/PushKit.framework/Modules/module.modulemap
2026-06-03T08:46:51.2780580Z x iPhoneOS14.5.sdk/System/Library/Frameworks/PushKit.framework/Headers/
2026-06-03T08:46:51.2781010Z x iPhoneOS14.5.sdk/System/Library/Frameworks/PushKit.framework/Headers/PKPushRegistry.h
2026-06-03T08:46:51.2781490Z x iPhoneOS14.5.sdk/System/Library/Frameworks/PushKit.framework/Headers/PKPushCredentials.h
2026-06-03T08:46:51.2781970Z x iPhoneOS14.5.sdk/System/Library/Frameworks/PushKit.framework/Headers/PKPushPayload.h
2026-06-03T08:46:51.2782420Z x iPhoneOS14.5.sdk/System/Library/Frameworks/PushKit.framework/Headers/PushKit.h
2026-06-03T08:46:51.2782870Z x iPhoneOS14.5.sdk/System/Library/Frameworks/PushKit.framework/Headers/PushKit.apinotes
2026-06-03T08:46:51.2783330Z x iPhoneOS14.5.sdk/System/Library/Frameworks/PushKit.framework/Headers/PKDefines.h
2026-06-03T08:46:51.2783750Z x iPhoneOS14.5.sdk/System/Library/Frameworks/PushKit.framework/PushKit.tbd
2026-06-03T08:46:51.2784110Z x iPhoneOS14.5.sdk/System/Library/Frameworks/iAd.framework/
2026-06-03T08:46:51.2784440Z x iPhoneOS14.5.sdk/System/Library/Frameworks/iAd.framework/Modules/
2026-06-03T08:46:51.2784840Z x iPhoneOS14.5.sdk/System/Library/Frameworks/iAd.framework/Modules/module.modulemap
2026-06-03T08:46:51.2785240Z x iPhoneOS14.5.sdk/System/Library/Frameworks/iAd.framework/Headers/
2026-06-03T08:46:51.2785640Z x iPhoneOS14.5.sdk/System/Library/Frameworks/iAd.framework/Headers/ADInterstitialAd.h
2026-06-03T08:46:51.2786150Z x iPhoneOS14.5.sdk/System/Library/Frameworks/iAd.framework/Headers/ADActionViewControllerInterface.h
2026-06-03T08:46:51.2786720Z x iPhoneOS14.5.sdk/System/Library/Frameworks/iAd.framework/Headers/AVPlayerViewController_iAdPreroll.h
2026-06-03T08:46:51.2787240Z x iPhoneOS14.5.sdk/System/Library/Frameworks/iAd.framework/Headers/ADCommonDefinitions.h
2026-06-03T08:46:51.2787670Z x iPhoneOS14.5.sdk/System/Library/Frameworks/iAd.framework/Headers/iAd.h
2026-06-03T08:46:51.2788080Z x iPhoneOS14.5.sdk/System/Library/Frameworks/iAd.framework/Headers/ADBannerView.h
2026-06-03T08:46:51.2788560Z x iPhoneOS14.5.sdk/System/Library/Frameworks/iAd.framework/Headers/UIViewControlleriAdAdditions.h
2026-06-03T08:46:51.2789080Z x iPhoneOS14.5.sdk/System/Library/Frameworks/iAd.framework/Headers/ADBannerView_Deprecated.h
2026-06-03T08:46:51.2790260Z x iPhoneOS14.5.sdk/System/Library/Frameworks/iAd.framework/Headers/ADClient.h
2026-06-03T08:46:51.2790670Z x iPhoneOS14.5.sdk/System/Library/Frameworks/iAd.framework/Headers/iAd.apinotes
2026-06-03T08:46:51.2791050Z x iPhoneOS14.5.sdk/System/Library/Frameworks/iAd.framework/iAd.tbd
2026-06-03T08:46:51.2791410Z x iPhoneOS14.5.sdk/System/Library/Frameworks/IdentityLookup.framework/
2026-06-03T08:46:51.2791820Z x iPhoneOS14.5.sdk/System/Library/Frameworks/IdentityLookup.framework/Modules/
2026-06-03T08:46:51.2792380Z x iPhoneOS14.5.sdk/System/Library/Frameworks/IdentityLookup.framework/Modules/module.modulemap
2026-06-03T08:46:51.2792870Z x iPhoneOS14.5.sdk/System/Library/Frameworks/IdentityLookup.framework/Headers/
2026-06-03T08:46:51.2793380Z x iPhoneOS14.5.sdk/System/Library/Frameworks/IdentityLookup.framework/Headers/ILClassificationResponse.h
2026-06-03T08:46:51.2793940Z x iPhoneOS14.5.sdk/System/Library/Frameworks/IdentityLookup.framework/Headers/ILCommunication.h
2026-06-03T08:46:51.2794510Z x iPhoneOS14.5.sdk/System/Library/Frameworks/IdentityLookup.framework/Headers/ILCallClassificationRequest.h
2026-06-03T08:46:51.2795230Z x iPhoneOS14.5.sdk/System/Library/Frameworks/IdentityLookup.framework/Headers/IdentityLookup.apinotes
2026-06-03T08:46:51.2796300Z x iPhoneOS14.5.sdk/System/Library/Frameworks/IdentityLookup.framework/Headers/IdentityLookup.h
2026-06-03T08:46:51.2796900Z x iPhoneOS14.5.sdk/System/Library/Frameworks/IdentityLookup.framework/Headers/ILMessageFilterQueryRequest.h
2026-06-03T08:46:51.2797680Z x iPhoneOS14.5.sdk/System/Library/Frameworks/IdentityLookup.framework/Headers/ILBase.h
2026-06-03T08:46:51.2798220Z x iPhoneOS14.5.sdk/System/Library/Frameworks/IdentityLookup.framework/Headers/ILMessageFilterError.h
2026-06-03T08:46:51.2798820Z x iPhoneOS14.5.sdk/System/Library/Frameworks/IdentityLookup.framework/Headers/ILMessageFilterQueryHandling.h
2026-06-03T08:46:51.2799430Z x iPhoneOS14.5.sdk/System/Library/Frameworks/IdentityLookup.framework/Headers/ILMessageFilterExtension.h
2026-06-03T08:46:51.2800000Z x iPhoneOS14.5.sdk/System/Library/Frameworks/IdentityLookup.framework/Headers/ILNetworkResponse.h
2026-06-03T08:46:51.2800620Z x iPhoneOS14.5.sdk/System/Library/Frameworks/IdentityLookup.framework/Headers/ILCallCommunication.h
2026-06-03T08:46:51.2801490Z x iPhoneOS14.5.sdk/System/Library/Frameworks/IdentityLookup.framework/Headers/ILMessageFilterQueryResponse.h
2026-06-03T08:46:51.2802250Z x iPhoneOS14.5.sdk/System/Library/Frameworks/IdentityLookup.framework/Headers/ILMessageFilterExtensionContext.h
2026-06-03T08:46:51.2802900Z x iPhoneOS14.5.sdk/System/Library/Frameworks/IdentityLookup.framework/Headers/ILMessageClassificationRequest.h
2026-06-03T08:46:51.2803520Z x iPhoneOS14.5.sdk/System/Library/Frameworks/IdentityLookup.framework/Headers/ILMessageFilterAction.h
2026-06-03T08:46:51.2812980Z x iPhoneOS14.5.sdk/System/Library/Frameworks/IdentityLookup.framework/Headers/ILClassificationRequest.h
2026-06-03T08:46:51.2813580Z x iPhoneOS14.5.sdk/System/Library/Frameworks/IdentityLookup.framework/Headers/ILClassificationActions.h
2026-06-03T08:46:51.2814170Z x iPhoneOS14.5.sdk/System/Library/Frameworks/IdentityLookup.framework/Headers/ILMessageCommunication.h
2026-06-03T08:46:51.2814710Z x iPhoneOS14.5.sdk/System/Library/Frameworks/IdentityLookup.framework/IdentityLookup.tbd
2026-06-03T08:46:51.2816450Z x iPhoneOS14.5.sdk/System/Library/Frameworks/_AVKit_SwiftUI.framework/
2026-06-03T08:46:51.2817590Z x iPhoneOS14.5.sdk/System/Library/Frameworks/_AVKit_SwiftUI.framework/Modules/
2026-06-03T08:46:51.2818930Z x iPhoneOS14.5.sdk/System/Library/Frameworks/_AVKit_SwiftUI.framework/Modules/_AVKit_SwiftUI.swiftmodule/
2026-06-03T08:46:51.2820650Z x iPhoneOS14.5.sdk/System/Library/Frameworks/_AVKit_SwiftUI.framework/Modules/_AVKit_SwiftUI.swiftmodule/arm64e-apple-ios.swiftdoc
2026-06-03T08:46:51.2822570Z x iPhoneOS14.5.sdk/System/Library/Frameworks/_AVKit_SwiftUI.framework/Modules/_AVKit_SwiftUI.swiftmodule/arm64-apple-ios.swiftdoc
2026-06-03T08:46:51.2824380Z x iPhoneOS14.5.sdk/System/Library/Frameworks/_AVKit_SwiftUI.framework/Modules/_AVKit_SwiftUI.swiftmodule/arm64.swiftdoc
2026-06-03T08:46:51.2826130Z x iPhoneOS14.5.sdk/System/Library/Frameworks/_AVKit_SwiftUI.framework/Modules/_AVKit_SwiftUI.swiftmodule/arm64e.swiftdoc
2026-06-03T08:46:51.2828000Z x iPhoneOS14.5.sdk/System/Library/Frameworks/_AVKit_SwiftUI.framework/Modules/_AVKit_SwiftUI.swiftmodule/arm64e-apple-ios.swiftinterface
2026-06-03T08:46:51.2830020Z x iPhoneOS14.5.sdk/System/Library/Frameworks/_AVKit_SwiftUI.framework/Modules/_AVKit_SwiftUI.swiftmodule/arm64-apple-ios.swiftinterface
2026-06-03T08:46:51.2833210Z x iPhoneOS14.5.sdk/System/Library/Frameworks/_AVKit_SwiftUI.framework/Modules/_AVKit_SwiftUI.swiftmodule/arm64e.swiftinterface
2026-06-03T08:46:51.2836150Z x iPhoneOS14.5.sdk/System/Library/Frameworks/_AVKit_SwiftUI.framework/Modules/_AVKit_SwiftUI.swiftmodule/arm64.swiftinterface
2026-06-03T08:46:51.2837700Z x iPhoneOS14.5.sdk/System/Library/Frameworks/_AVKit_SwiftUI.framework/_AVKit_SwiftUI.tbd
2026-06-03T08:46:51.2838810Z x iPhoneOS14.5.sdk/System/Library/Frameworks/Combine.framework/
2026-06-03T08:46:51.2839750Z x iPhoneOS14.5.sdk/System/Library/Frameworks/Combine.framework/Modules/
2026-06-03T08:46:51.2841180Z x iPhoneOS14.5.sdk/System/Library/Frameworks/Combine.framework/Modules/Combine.swiftmodule/
2026-06-03T08:46:51.2843340Z x iPhoneOS14.5.sdk/System/Library/Frameworks/Combine.framework/Modules/Combine.swiftmodule/arm64e-apple-ios.swiftdoc
2026-06-03T08:46:51.2845670Z x iPhoneOS14.5.sdk/System/Library/Frameworks/Combine.framework/Modules/Combine.swiftmodule/arm64-apple-ios.swiftdoc
2026-06-03T08:46:51.2846340Z x iPhoneOS14.5.sdk/System/Library/Frameworks/Combine.framework/Modules/Combine.swiftmodule/arm64.swiftdoc
2026-06-03T08:46:51.2859860Z x iPhoneOS14.5.sdk/System/Library/Frameworks/Combine.framework/Modules/Combine.swiftmodule/arm64e.swiftdoc
2026-06-03T08:46:51.2860600Z x iPhoneOS14.5.sdk/System/Library/Frameworks/Combine.framework/Modules/Combine.swiftmodule/arm64e-apple-ios.swiftinterface
2026-06-03T08:46:51.2861300Z x iPhoneOS14.5.sdk/System/Library/Frameworks/Combine.framework/Modules/Combine.swiftmodule/arm64-apple-ios.swiftinterface
2026-06-03T08:46:51.2861950Z x iPhoneOS14.5.sdk/System/Library/Frameworks/Combine.framework/Modules/Combine.swiftmodule/arm64e.swiftinterface
2026-06-03T08:46:51.2862580Z x iPhoneOS14.5.sdk/System/Library/Frameworks/Combine.framework/Modules/Combine.swiftmodule/arm64.swiftinterface
2026-06-03T08:46:51.2863100Z x iPhoneOS14.5.sdk/System/Library/Frameworks/Combine.framework/Combine.tbd
2026-06-03T08:46:51.2863500Z x iPhoneOS14.5.sdk/System/Library/Frameworks/ScreenTime.framework/
2026-06-03T08:46:51.2863880Z x iPhoneOS14.5.sdk/System/Library/Frameworks/ScreenTime.framework/Modules/
2026-06-03T08:46:51.2864320Z x iPhoneOS14.5.sdk/System/Library/Frameworks/ScreenTime.framework/Modules/module.modulemap
2026-06-03T08:46:51.2864800Z x iPhoneOS14.5.sdk/System/Library/Frameworks/ScreenTime.framework/ScreenTime.tbd
2026-06-03T08:46:51.2865210Z x iPhoneOS14.5.sdk/System/Library/Frameworks/ScreenTime.framework/Headers/
2026-06-03T08:46:51.2865640Z x iPhoneOS14.5.sdk/System/Library/Frameworks/ScreenTime.framework/Headers/ScreenTime.h
2026-06-03T08:46:51.2866160Z x iPhoneOS14.5.sdk/System/Library/Frameworks/ScreenTime.framework/Headers/STScreenTimeConfiguration.h
2026-06-03T08:46:51.2866710Z x iPhoneOS14.5.sdk/System/Library/Frameworks/ScreenTime.framework/Headers/STWebpageController.h
2026-06-03T08:46:51.2867230Z x iPhoneOS14.5.sdk/System/Library/Frameworks/ScreenTime.framework/Headers/STWebHistory.h
2026-06-03T08:46:51.2867660Z x iPhoneOS14.5.sdk/System/Library/Frameworks/PassKit.framework/
2026-06-03T08:46:51.2868010Z x iPhoneOS14.5.sdk/System/Library/Frameworks/PassKit.framework/Modules/
2026-06-03T08:46:51.2868710Z x iPhoneOS14.5.sdk/System/Library/Frameworks/PassKit.framework/Modules/module.modulemap
2026-06-03T08:46:51.2869140Z x iPhoneOS14.5.sdk/System/Library/Frameworks/PassKit.framework/Headers/
2026-06-03T08:46:51.2869680Z x iPhoneOS14.5.sdk/System/Library/Frameworks/PassKit.framework/Headers/PKDisbursementAuthorizationController.h
2026-06-03T08:46:51.2870230Z x iPhoneOS14.5.sdk/System/Library/Frameworks/PassKit.framework/Headers/PKContact.h
2026-06-03T08:46:51.2870670Z x iPhoneOS14.5.sdk/System/Library/Frameworks/PassKit.framework/Headers/PassKit.h
2026-06-03T08:46:51.2871190Z x iPhoneOS14.5.sdk/System/Library/Frameworks/PassKit.framework/Headers/PKIssuerProvisioningExtensionStatus.h
2026-06-03T08:46:51.2871740Z x iPhoneOS14.5.sdk/System/Library/Frameworks/PassKit.framework/Headers/PKPaymentRequest.h
2026-06-03T08:46:51.2872400Z x iPhoneOS14.5.sdk/System/Library/Frameworks/PassKit.framework/Headers/PKSecureElementPass.h
2026-06-03T08:46:51.2874480Z x iPhoneOS14.5.sdk/System/Library/Frameworks/PassKit.framework/Headers/PKObject.h
2026-06-03T08:46:51.2874940Z x iPhoneOS14.5.sdk/System/Library/Frameworks/PassKit.framework/Headers/PKError.h
2026-06-03T08:46:51.2875430Z x iPhoneOS14.5.sdk/System/Library/Frameworks/PassKit.framework/Headers/PKPaymentRequestStatus.h
2026-06-03T08:46:51.2876000Z x iPhoneOS14.5.sdk/System/Library/Frameworks/PassKit.framework/Headers/PKPaymentAuthorizationController.h
2026-06-03T08:46:51.2876590Z x iPhoneOS14.5.sdk/System/Library/Frameworks/PassKit.framework/Headers/PKAddCarKeyPassConfiguration.h
2026-06-03T08:46:51.2877240Z x iPhoneOS14.5.sdk/System/Library/Frameworks/PassKit.framework/Headers/PKIssuerProvisioningExtensionAuthorizationProviding.h
2026-06-03T08:46:51.2877890Z x iPhoneOS14.5.sdk/System/Library/Frameworks/PassKit.framework/Headers/PKAddPassesViewController.h
2026-06-03T08:46:51.2878670Z x iPhoneOS14.5.sdk/System/Library/Frameworks/PassKit.framework/Headers/PKAddPaymentPassViewController.h
2026-06-03T08:46:51.2879390Z x iPhoneOS14.5.sdk/System/Library/Frameworks/PassKit.framework/Headers/PKBarcodeEventMetadataRequest.h
2026-06-03T08:46:51.2880030Z x iPhoneOS14.5.sdk/System/Library/Frameworks/PassKit.framework/Headers/PKAddShareablePassConfiguration.h
2026-06-03T08:46:51.2880560Z x iPhoneOS14.5.sdk/System/Library/Frameworks/PassKit.framework/Headers/PKPaymentToken.h
2026-06-03T08:46:51.2881060Z x iPhoneOS14.5.sdk/System/Library/Frameworks/PassKit.framework/Headers/PKDisbursementVoucher.h
2026-06-03T08:46:51.2881640Z x iPhoneOS14.5.sdk/System/Library/Frameworks/PassKit.framework/Headers/PKPaymentAuthorizationViewController.h
2026-06-03T08:46:51.2882220Z x iPhoneOS14.5.sdk/System/Library/Frameworks/PassKit.framework/Headers/PKAddPaymentPassRequest.h
2026-06-03T08:46:51.2882720Z x iPhoneOS14.5.sdk/System/Library/Frameworks/PassKit.framework/Headers/PKAddPassButton.h
2026-06-03T08:46:51.2883180Z x iPhoneOS14.5.sdk/System/Library/Frameworks/PassKit.framework/Headers/PKPass.h
2026-06-03T08:46:51.2883660Z x iPhoneOS14.5.sdk/System/Library/Frameworks/PassKit.framework/Headers/PKPaymentMerchantSession.h
2026-06-03T08:46:51.2884240Z x iPhoneOS14.5.sdk/System/Library/Frameworks/PassKit.framework/Headers/PKIssuerProvisioningExtensionHandler.h
2026-06-03T08:46:51.2884940Z x iPhoneOS14.5.sdk/System/Library/Frameworks/PassKit.framework/Headers/PKPaymentPass.h
2026-06-03T08:46:51.2885450Z x iPhoneOS14.5.sdk/System/Library/Frameworks/PassKit.framework/Headers/PKDisbursementRequest.h
2026-06-03T08:46:51.2886000Z x iPhoneOS14.5.sdk/System/Library/Frameworks/PassKit.framework/Headers/PKPaymentButton.h
2026-06-03T08:46:51.2886630Z x iPhoneOS14.5.sdk/System/Library/Frameworks/PassKit.framework/Headers/PKIssuerProvisioningExtensionPassEntry.h
2026-06-03T08:46:51.2887180Z x iPhoneOS14.5.sdk/System/Library/Frameworks/PassKit.framework/Headers/PKConstants.h
2026-06-03T08:46:51.2887640Z x iPhoneOS14.5.sdk/System/Library/Frameworks/PassKit.framework/Headers/PKPassLibrary.h
2026-06-03T08:46:51.2888110Z x iPhoneOS14.5.sdk/System/Library/Frameworks/PassKit.framework/Headers/PKLabeledValue.h
2026-06-03T08:46:51.2888590Z x iPhoneOS14.5.sdk/System/Library/Frameworks/PassKit.framework/Headers/PKPaymentMethod.h
2026-06-03T08:46:51.2889130Z x iPhoneOS14.5.sdk/System/Library/Frameworks/PassKit.framework/Headers/PKAddSecureElementPassConfiguration.h
2026-06-03T08:46:51.2889750Z x iPhoneOS14.5.sdk/System/Library/Frameworks/PassKit.framework/Headers/PKPaymentInformationEventExtension.h
2026-06-03T08:46:51.2890310Z x iPhoneOS14.5.sdk/System/Library/Frameworks/PassKit.framework/Headers/PKSuicaPassProperties.h
2026-06-03T08:46:51.2890910Z x iPhoneOS14.5.sdk/System/Library/Frameworks/PassKit.framework/Headers/PKPaymentAuthorizationViewControllerDelegate.h
2026-06-03T08:46:51.2891480Z x iPhoneOS14.5.sdk/System/Library/Frameworks/PassKit.framework/Headers/PKPayment.h
2026-06-03T08:46:51.2892010Z x iPhoneOS14.5.sdk/System/Library/Frameworks/PassKit.framework/Headers/PKAddSecureElementPassViewController.h
2026-06-03T08:46:51.2892670Z x iPhoneOS14.5.sdk/System/Library/Frameworks/PassKit.framework/Headers/PKTransitPassProperties.h
2026-06-03T08:46:51.2893290Z x iPhoneOS14.5.sdk/System/Library/Frameworks/PassKit.framework/Headers/PKIssuerProvisioningExtensionPaymentPassEntry.h
2026-06-03T08:46:51.2893870Z x iPhoneOS14.5.sdk/System/Library/Frameworks/PassKit.framework/Headers/PassKit.apinotes
2026-06-03T08:46:51.2894310Z x iPhoneOS14.5.sdk/System/Library/Frameworks/PassKit.framework/PassKit.tbd
2026-06-03T08:46:51.2894720Z x iPhoneOS14.5.sdk/System/Library/Frameworks/UserNotificationsUI.framework/
2026-06-03T08:46:51.2895160Z x iPhoneOS14.5.sdk/System/Library/Frameworks/UserNotificationsUI.framework/Modules/
2026-06-03T08:46:51.2896420Z x iPhoneOS14.5.sdk/System/Library/Frameworks/UserNotificationsUI.framework/Modules/module.modulemap
2026-06-03T08:46:51.2897100Z x iPhoneOS14.5.sdk/System/Library/Frameworks/UserNotificationsUI.framework/Headers/
2026-06-03T08:46:51.2897650Z x iPhoneOS14.5.sdk/System/Library/Frameworks/UserNotificationsUI.framework/Headers/UserNotificationsUI.h
2026-06-03T08:46:51.2898290Z x iPhoneOS14.5.sdk/System/Library/Frameworks/UserNotificationsUI.framework/Headers/UNNotificationContentExtension.h
2026-06-03T08:46:51.2898910Z x iPhoneOS14.5.sdk/System/Library/Frameworks/UserNotificationsUI.framework/UserNotificationsUI.tbd
2026-06-03T08:46:51.2899390Z x iPhoneOS14.5.sdk/System/Library/Frameworks/LinkPresentation.framework/
2026-06-03T08:46:51.2899800Z x iPhoneOS14.5.sdk/System/Library/Frameworks/LinkPresentation.framework/Modules/
2026-06-03T08:46:51.2900290Z x iPhoneOS14.5.sdk/System/Library/Frameworks/LinkPresentation.framework/Modules/module.modulemap
2026-06-03T08:46:51.2900760Z x iPhoneOS14.5.sdk/System/Library/Frameworks/LinkPresentation.framework/Headers/
2026-06-03T08:46:51.2901240Z x iPhoneOS14.5.sdk/System/Library/Frameworks/LinkPresentation.framework/Headers/LPLinkMetadata.h
2026-06-03T08:46:51.2901760Z x iPhoneOS14.5.sdk/System/Library/Frameworks/LinkPresentation.framework/Headers/LPError.h
2026-06-03T08:46:51.2902440Z x iPhoneOS14.5.sdk/System/Library/Frameworks/LinkPresentation.framework/Headers/LPFoundation.h
2026-06-03T08:46:51.2903040Z x iPhoneOS14.5.sdk/System/Library/Frameworks/LinkPresentation.framework/Headers/LPLinkView.h
2026-06-03T08:46:51.2903580Z x iPhoneOS14.5.sdk/System/Library/Frameworks/LinkPresentation.framework/Headers/LPMetadataProvider.h
2026-06-03T08:46:51.2904130Z x iPhoneOS14.5.sdk/System/Library/Frameworks/LinkPresentation.framework/Headers/LinkPresentation.h
2026-06-03T08:46:51.2904660Z x iPhoneOS14.5.sdk/System/Library/Frameworks/LinkPresentation.framework/LinkPresentation.tbd
2026-06-03T08:46:51.2905100Z x iPhoneOS14.5.sdk/System/Library/Frameworks/SoundAnalysis.framework/
2026-06-03T08:46:51.2905490Z x iPhoneOS14.5.sdk/System/Library/Frameworks/SoundAnalysis.framework/Modules/
2026-06-03T08:46:51.2905960Z x iPhoneOS14.5.sdk/System/Library/Frameworks/SoundAnalysis.framework/Modules/module.modulemap
2026-06-03T08:46:51.2906430Z x iPhoneOS14.5.sdk/System/Library/Frameworks/SoundAnalysis.framework/Headers/
2026-06-03T08:46:51.2906870Z x iPhoneOS14.5.sdk/System/Library/Frameworks/SoundAnalysis.framework/Headers/SNError.h
2026-06-03T08:46:51.2907390Z x iPhoneOS14.5.sdk/System/Library/Frameworks/SoundAnalysis.framework/Headers/SNClassificationResult.h
2026-06-03T08:46:51.2907910Z x iPhoneOS14.5.sdk/System/Library/Frameworks/SoundAnalysis.framework/Headers/SNResult.h
2026-06-03T08:46:51.2908430Z x iPhoneOS14.5.sdk/System/Library/Frameworks/SoundAnalysis.framework/Headers/SNClassifySoundRequest.h
2026-06-03T08:46:51.2908950Z x iPhoneOS14.5.sdk/System/Library/Frameworks/SoundAnalysis.framework/Headers/SNDefines.h
2026-06-03T08:46:51.2909430Z x iPhoneOS14.5.sdk/System/Library/Frameworks/SoundAnalysis.framework/Headers/SNAnalyzer.h
2026-06-03T08:46:51.2909920Z x iPhoneOS14.5.sdk/System/Library/Frameworks/SoundAnalysis.framework/Headers/SoundAnalysis.h
2026-06-03T08:46:51.2910530Z x iPhoneOS14.5.sdk/System/Library/Frameworks/SoundAnalysis.framework/Headers/SoundAnalysis.apinotes
2026-06-03T08:46:51.2911160Z x iPhoneOS14.5.sdk/System/Library/Frameworks/SoundAnalysis.framework/Headers/SNRequest.h
2026-06-03T08:46:51.2911690Z x iPhoneOS14.5.sdk/System/Library/Frameworks/SoundAnalysis.framework/SoundAnalysis.tbd
2026-06-03T08:46:51.2912120Z x iPhoneOS14.5.sdk/System/Library/Frameworks/FileProviderUI.framework/
2026-06-03T08:46:51.2912520Z x iPhoneOS14.5.sdk/System/Library/Frameworks/FileProviderUI.framework/Modules/
2026-06-03T08:46:51.2913270Z x iPhoneOS14.5.sdk/System/Library/Frameworks/FileProviderUI.framework/Modules/module.modulemap
2026-06-03T08:46:51.2913770Z x iPhoneOS14.5.sdk/System/Library/Frameworks/FileProviderUI.framework/Headers/
2026-06-03T08:46:51.2914230Z x iPhoneOS14.5.sdk/System/Library/Frameworks/FileProviderUI.framework/Headers/FPUIBase.h
2026-06-03T08:46:51.2914790Z x iPhoneOS14.5.sdk/System/Library/Frameworks/FileProviderUI.framework/Headers/FPUIActionExtensionViewController.h
2026-06-03T08:46:51.2915560Z x iPhoneOS14.5.sdk/System/Library/Frameworks/FileProviderUI.framework/Headers/FPUIActionExtensionContext.h
2026-06-03T08:46:51.2916130Z x iPhoneOS14.5.sdk/System/Library/Frameworks/FileProviderUI.framework/Headers/FileProviderUI.h
2026-06-03T08:46:51.2916630Z x iPhoneOS14.5.sdk/System/Library/Frameworks/FileProviderUI.framework/FileProviderUI.tbd
2026-06-03T08:46:51.2917040Z x iPhoneOS14.5.sdk/System/Library/Frameworks/Twitter.framework/
2026-06-03T08:46:51.2917400Z x iPhoneOS14.5.sdk/System/Library/Frameworks/Twitter.framework/Modules/
2026-06-03T08:46:51.2917820Z x iPhoneOS14.5.sdk/System/Library/Frameworks/Twitter.framework/Modules/module.modulemap
2026-06-03T08:46:51.2918240Z x iPhoneOS14.5.sdk/System/Library/Frameworks/Twitter.framework/Headers/
2026-06-03T08:46:51.2918720Z x iPhoneOS14.5.sdk/System/Library/Frameworks/Twitter.framework/Headers/TWTweetComposeViewController.h
2026-06-03T08:46:51.2919220Z x iPhoneOS14.5.sdk/System/Library/Frameworks/Twitter.framework/Headers/Twitter.h
2026-06-03T08:46:51.2919650Z x iPhoneOS14.5.sdk/System/Library/Frameworks/Twitter.framework/Headers/TWRequest.h
2026-06-03T08:46:51.2922780Z x iPhoneOS14.5.sdk/System/Library/Frameworks/Twitter.framework/Twitter.tbd
2026-06-03T08:46:51.2925580Z x iPhoneOS14.5.sdk/System/Library/Frameworks/MLCompute.framework/
2026-06-03T08:46:51.2926040Z x iPhoneOS14.5.sdk/System/Library/Frameworks/MLCompute.framework/Modules/
2026-06-03T08:46:51.2926570Z x iPhoneOS14.5.sdk/System/Library/Frameworks/MLCompute.framework/Modules/module.modulemap
2026-06-03T08:46:51.2927090Z x iPhoneOS14.5.sdk/System/Library/Frameworks/MLCompute.framework/Headers/
2026-06-03T08:46:51.2927640Z x iPhoneOS14.5.sdk/System/Library/Frameworks/MLCompute.framework/Headers/MLCSplitLayer.h
2026-06-03T08:46:51.2928310Z x iPhoneOS14.5.sdk/System/Library/Frameworks/MLCompute.framework/Headers/MLCMultiheadAttentionLayer.h
2026-06-03T08:46:51.2930640Z x iPhoneOS14.5.sdk/System/Library/Frameworks/MLCompute.framework/Headers/MLCTensorDescriptor.h
2026-06-03T08:46:51.2932680Z x iPhoneOS14.5.sdk/System/Library/Frameworks/MLCompute.framework/Headers/MLCYOLOLossLayer.h
2026-06-03T08:46:51.2933690Z x iPhoneOS14.5.sdk/System/Library/Frameworks/MLCompute.framework/Headers/MLCLossLayer.h
2026-06-03T08:46:51.2934210Z x iPhoneOS14.5.sdk/System/Library/Frameworks/MLCompute.framework/Headers/MLCDropoutLayer.h
2026-06-03T08:46:51.2934750Z x iPhoneOS14.5.sdk/System/Library/Frameworks/MLCompute.framework/Headers/MLCBatchNormalizationLayer.h
2026-06-03T08:46:51.2935290Z x iPhoneOS14.5.sdk/System/Library/Frameworks/MLCompute.framework/Headers/MLCScatterLayer.h
2026-06-03T08:46:51.2935790Z x iPhoneOS14.5.sdk/System/Library/Frameworks/MLCompute.framework/Headers/MLCUpsampleLayer.h
2026-06-03T08:46:51.2936360Z x iPhoneOS14.5.sdk/System/Library/Frameworks/MLCompute.framework/Headers/MLCDevice.h
2026-06-03T08:46:51.2936860Z x iPhoneOS14.5.sdk/System/Library/Frameworks/MLCompute.framework/Headers/MLCFullyConnectedLayer.h
2026-06-03T08:46:51.2939040Z x iPhoneOS14.5.sdk/System/Library/Frameworks/MLCompute.framework/Headers/MLCMatMulLayer.h
2026-06-03T08:46:51.2940930Z x iPhoneOS14.5.sdk/System/Library/Frameworks/MLCompute.framework/Headers/MLCConvolutionLayer.h
2026-06-03T08:46:51.2941510Z x iPhoneOS14.5.sdk/System/Library/Frameworks/MLCompute.framework/Headers/MLCGroupNormalizationLayer.h
2026-06-03T08:46:51.2942110Z x iPhoneOS14.5.sdk/System/Library/Frameworks/MLCompute.framework/Headers/MLCInstanceNormalizationLayer.h
2026-06-03T08:46:51.2943510Z x iPhoneOS14.5.sdk/System/Library/Frameworks/MLCompute.framework/Headers/MLCInferenceGraph.h
2026-06-03T08:46:51.2944020Z x iPhoneOS14.5.sdk/System/Library/Frameworks/MLCompute.framework/Headers/MLCTypes.h
2026-06-03T08:46:51.2944520Z x iPhoneOS14.5.sdk/System/Library/Frameworks/MLCompute.framework/Headers/MLCRMSPropOptimizer.h
2026-06-03T08:46:51.2945010Z x iPhoneOS14.5.sdk/System/Library/Frameworks/MLCompute.framework/Headers/MLCLayer.h
2026-06-03T08:46:51.2947070Z x iPhoneOS14.5.sdk/System/Library/Frameworks/MLCompute.framework/Headers/MLCMultiheadAttentionDescriptor.h
2026-06-03T08:46:51.2947650Z x iPhoneOS14.5.sdk/System/Library/Frameworks/MLCompute.framework/Headers/MLCReductionLayer.h
2026-06-03T08:46:51.2948180Z x iPhoneOS14.5.sdk/System/Library/Frameworks/MLCompute.framework/Headers/MLCOptimizerDescriptor.h
2026-06-03T08:46:51.2948720Z x iPhoneOS14.5.sdk/System/Library/Frameworks/MLCompute.framework/Headers/MLCArithmeticLayer.h
2026-06-03T08:46:51.2949270Z x iPhoneOS14.5.sdk/System/Library/Frameworks/MLCompute.framework/Headers/MLCLayerNormalizationLayer.h
2026-06-03T08:46:51.2949810Z x iPhoneOS14.5.sdk/System/Library/Frameworks/MLCompute.framework/Headers/MLCMatMulDescriptor.h
2026-06-03T08:46:51.2950340Z x iPhoneOS14.5.sdk/System/Library/Frameworks/MLCompute.framework/Headers/MLCActivationDescriptor.h
2026-06-03T08:46:51.2950910Z x iPhoneOS14.5.sdk/System/Library/Frameworks/MLCompute.framework/Headers/MLCTensorOptimizerDeviceData.h
2026-06-03T08:46:51.2951450Z x iPhoneOS14.5.sdk/System/Library/Frameworks/MLCompute.framework/Headers/MLCPoolingLayer.h
2026-06-03T08:46:51.2951940Z x iPhoneOS14.5.sdk/System/Library/Frameworks/MLCompute.framework/Headers/MLCTensorData.h
2026-06-03T08:46:51.2952430Z x iPhoneOS14.5.sdk/System/Library/Frameworks/MLCompute.framework/Headers/MLCLossDescriptor.h
2026-06-03T08:46:51.2952930Z x iPhoneOS14.5.sdk/System/Library/Frameworks/MLCompute.framework/Headers/MLCSoftmaxLayer.h
2026-06-03T08:46:51.2953430Z x iPhoneOS14.5.sdk/System/Library/Frameworks/MLCompute.framework/Headers/MLCComparisonLayer.h
2026-06-03T08:46:51.2953920Z x iPhoneOS14.5.sdk/System/Library/Frameworks/MLCompute.framework/Headers/MLCDefines.h
2026-06-03T08:46:51.2954480Z x iPhoneOS14.5.sdk/System/Library/Frameworks/MLCompute.framework/Headers/MLCActivationLayer.h
2026-06-03T08:46:51.2955010Z x iPhoneOS14.5.sdk/System/Library/Frameworks/MLCompute.framework/Headers/MLCEmbeddingDescriptor.h
2026-06-03T08:46:51.2955520Z x iPhoneOS14.5.sdk/System/Library/Frameworks/MLCompute.framework/Headers/MLCompute.h
2026-06-03T08:46:51.2956010Z x iPhoneOS14.5.sdk/System/Library/Frameworks/MLCompute.framework/Headers/MLCTrainingGraph.h
2026-06-03T08:46:51.2956530Z x iPhoneOS14.5.sdk/System/Library/Frameworks/MLCompute.framework/Headers/MLCYOLOLossDescriptor.h
2026-06-03T08:46:51.2957040Z x iPhoneOS14.5.sdk/System/Library/Frameworks/MLCompute.framework/Headers/MLCLSTMDescriptor.h
2026-06-03T08:46:51.2957540Z x iPhoneOS14.5.sdk/System/Library/Frameworks/MLCompute.framework/Headers/MLCReshapeLayer.h
2026-06-03T08:46:51.2958020Z x iPhoneOS14.5.sdk/System/Library/Frameworks/MLCompute.framework/Headers/MLCSliceLayer.h
2026-06-03T08:46:51.2958520Z x iPhoneOS14.5.sdk/System/Library/Frameworks/MLCompute.framework/Headers/MLCPoolingDescriptor.h
2026-06-03T08:46:51.2959060Z x iPhoneOS14.5.sdk/System/Library/Frameworks/MLCompute.framework/Headers/MLCConvolutionDescriptor.h
2026-06-03T08:46:51.2959590Z x iPhoneOS14.5.sdk/System/Library/Frameworks/MLCompute.framework/Headers/MLCEmbeddingLayer.h
2026-06-03T08:46:51.2960080Z x iPhoneOS14.5.sdk/System/Library/Frameworks/MLCompute.framework/Headers/MLCLSTMLayer.h
2026-06-03T08:46:51.2960730Z x iPhoneOS14.5.sdk/System/Library/Frameworks/MLCompute.framework/Headers/MLCGatherLayer.h
2026-06-03T08:46:51.2961230Z x iPhoneOS14.5.sdk/System/Library/Frameworks/MLCompute.framework/Headers/MLCSGDOptimizer.h
2026-06-03T08:46:51.2961710Z x iPhoneOS14.5.sdk/System/Library/Frameworks/MLCompute.framework/Headers/MLCTensor.h
2026-06-03T08:46:51.2962190Z x iPhoneOS14.5.sdk/System/Library/Frameworks/MLCompute.framework/Headers/MLCConcatenationLayer.h
2026-06-03T08:46:51.2962710Z x iPhoneOS14.5.sdk/System/Library/Frameworks/MLCompute.framework/Headers/MLCAdamOptimizer.h
2026-06-03T08:46:51.2963210Z x iPhoneOS14.5.sdk/System/Library/Frameworks/MLCompute.framework/Headers/MLCTensorParameter.h
2026-06-03T08:46:51.2963700Z x iPhoneOS14.5.sdk/System/Library/Frameworks/MLCompute.framework/Headers/MLCOptimizer.h
2026-06-03T08:46:51.2964190Z x iPhoneOS14.5.sdk/System/Library/Frameworks/MLCompute.framework/Headers/MLCGramMatrixLayer.h
2026-06-03T08:46:51.2965100Z x iPhoneOS14.5.sdk/System/Library/Frameworks/MLCompute.framework/Headers/MLCTransposeLayer.h
2026-06-03T08:46:51.2965580Z x iPhoneOS14.5.sdk/System/Library/Frameworks/MLCompute.framework/Headers/MLCGraph.h
2026-06-03T08:46:51.2967430Z x iPhoneOS14.5.sdk/System/Library/Frameworks/MLCompute.framework/Headers/MLCSelectionLayer.h
2026-06-03T08:46:51.2969700Z x iPhoneOS14.5.sdk/System/Library/Frameworks/MLCompute.framework/Headers/MLCPaddingLayer.h
2026-06-03T08:46:51.2970500Z x iPhoneOS14.5.sdk/System/Library/Frameworks/MLCompute.framework/MLCompute.tbd
2026-06-03T08:46:51.2970910Z x iPhoneOS14.5.sdk/System/Library/Frameworks/CoreImage.framework/
2026-06-03T08:46:51.2971280Z x iPhoneOS14.5.sdk/System/Library/Frameworks/CoreImage.framework/Modules/
2026-06-03T08:46:51.2972400Z x iPhoneOS14.5.sdk/System/Library/Frameworks/CoreImage.framework/Modules/module.modulemap
2026-06-03T08:46:51.2973210Z x iPhoneOS14.5.sdk/System/Library/Frameworks/CoreImage.framework/CoreImage.tbd
2026-06-03T08:46:51.2973640Z x iPhoneOS14.5.sdk/System/Library/Frameworks/CoreImage.framework/Headers/
2026-06-03T08:46:51.2974100Z x iPhoneOS14.5.sdk/System/Library/Frameworks/CoreImage.framework/Headers/CIImageProvider.h
2026-06-03T08:46:51.2974570Z x iPhoneOS14.5.sdk/System/Library/Frameworks/CoreImage.framework/Headers/CISampler.h
2026-06-03T08:46:51.2975030Z x iPhoneOS14.5.sdk/System/Library/Frameworks/CoreImage.framework/Headers/CIDetector.h
2026-06-03T08:46:51.2975500Z x iPhoneOS14.5.sdk/System/Library/Frameworks/CoreImage.framework/Headers/CIKernel.h
2026-06-03T08:46:51.2976000Z x iPhoneOS14.5.sdk/System/Library/Frameworks/CoreImage.framework/Headers/CIFilterGenerator.h
2026-06-03T08:46:51.2976520Z x iPhoneOS14.5.sdk/System/Library/Frameworks/CoreImage.framework/Headers/CIKernelMetalLib.h
2026-06-03T08:46:51.2977030Z x iPhoneOS14.5.sdk/System/Library/Frameworks/CoreImage.framework/Headers/CoreImage.apinotes
2026-06-03T08:46:51.2977560Z x iPhoneOS14.5.sdk/System/Library/Frameworks/CoreImage.framework/Headers/CIFilterBuiltins.h
2026-06-03T08:46:51.2978060Z x iPhoneOS14.5.sdk/System/Library/Frameworks/CoreImage.framework/Headers/CIColor.h
2026-06-03T08:46:51.2978560Z x iPhoneOS14.5.sdk/System/Library/Frameworks/CoreImage.framework/Headers/CIBarcodeDescriptor.h
2026-06-03T08:46:51.2979090Z x iPhoneOS14.5.sdk/System/Library/Frameworks/CoreImage.framework/Headers/CIPlugInInterface.h
2026-06-03T08:46:51.2979590Z x iPhoneOS14.5.sdk/System/Library/Frameworks/CoreImage.framework/Headers/CIImageAccumulator.h
2026-06-03T08:46:51.2980070Z x iPhoneOS14.5.sdk/System/Library/Frameworks/CoreImage.framework/Headers/CIImage.h
2026-06-03T08:46:51.2980970Z x iPhoneOS14.5.sdk/System/Library/Frameworks/CoreImage.framework/Headers/CIVector.h
2026-06-03T08:46:51.2981420Z x iPhoneOS14.5.sdk/System/Library/Frameworks/CoreImage.framework/Headers/CIFeature.h
2026-06-03T08:46:51.2981960Z x iPhoneOS14.5.sdk/System/Library/Frameworks/CoreImage.framework/Headers/CIImageProcessor.h
2026-06-03T08:46:51.2982790Z x iPhoneOS14.5.sdk/System/Library/Frameworks/CoreImage.framework/Headers/CoreImage.h
2026-06-03T08:46:51.2983420Z x iPhoneOS14.5.sdk/System/Library/Frameworks/CoreImage.framework/Headers/CIPlugIn.h
2026-06-03T08:46:51.2983890Z x iPhoneOS14.5.sdk/System/Library/Frameworks/CoreImage.framework/Headers/CIFilterShape.h
2026-06-03T08:46:51.2984350Z x iPhoneOS14.5.sdk/System/Library/Frameworks/CoreImage.framework/Headers/CIFilter.h
2026-06-03T08:46:51.2984830Z x iPhoneOS14.5.sdk/System/Library/Frameworks/CoreImage.framework/Headers/CIFilterConstructor.h
2026-06-03T08:46:51.2985350Z x iPhoneOS14.5.sdk/System/Library/Frameworks/CoreImage.framework/Headers/CIRenderDestination.h
2026-06-03T08:46:51.2985560Z x iPhoneOS14.5.sdk/System/Library/Frameworks/CoreImage.framework/Headers/CoreImageDefines.h
2026-06-03T08:46:51.2985740Z x iPhoneOS14.5.sdk/System/Library/Frameworks/CoreImage.framework/Headers/CIRAWFilter.h
2026-06-03T08:46:51.2985930Z x iPhoneOS14.5.sdk/System/Library/Frameworks/CoreImage.framework/Headers/CIContext.h
2026-06-03T08:46:51.2986250Z x iPhoneOS14.5.sdk/System/Library/Frameworks/CoreGraphics.framework/
2026-06-03T08:46:51.2986450Z x iPhoneOS14.5.sdk/System/Library/Frameworks/CoreGraphics.framework/Modules/
2026-06-03T08:46:51.2986670Z x iPhoneOS14.5.sdk/System/Library/Frameworks/CoreGraphics.framework/Modules/module.modulemap
2026-06-03T08:46:51.2986830Z x iPhoneOS14.5.sdk/System/Library/Frameworks/CoreGraphics.framework/Headers/
2026-06-03T08:46:51.2987040Z x iPhoneOS14.5.sdk/System/Library/Frameworks/CoreGraphics.framework/Headers/CGDataProvider.h
2026-06-03T08:46:51.2987250Z x iPhoneOS14.5.sdk/System/Library/Frameworks/CoreGraphics.framework/Headers/CGPDFStream.h
2026-06-03T08:46:51.2987460Z x iPhoneOS14.5.sdk/System/Library/Frameworks/CoreGraphics.framework/Headers/CGBitmapContext.h
2026-06-03T08:46:51.2987660Z x iPhoneOS14.5.sdk/System/Library/Frameworks/CoreGraphics.framework/Headers/CGPDFString.h
2026-06-03T08:46:51.2987850Z x iPhoneOS14.5.sdk/System/Library/Frameworks/CoreGraphics.framework/Headers/CGError.h
2026-06-03T08:46:51.2988040Z x iPhoneOS14.5.sdk/System/Library/Frameworks/CoreGraphics.framework/Headers/CGFont.h
2026-06-03T08:46:51.2988230Z x iPhoneOS14.5.sdk/System/Library/Frameworks/CoreGraphics.framework/Headers/CGGradient.h
2026-06-03T08:46:51.2988440Z x iPhoneOS14.5.sdk/System/Library/Frameworks/CoreGraphics.framework/Headers/CGPDFScanner.h
2026-06-03T08:46:51.2988660Z x iPhoneOS14.5.sdk/System/Library/Frameworks/CoreGraphics.framework/Headers/CGAffineTransform.h
2026-06-03T08:46:51.2988880Z x iPhoneOS14.5.sdk/System/Library/Frameworks/CoreGraphics.framework/Headers/CGPDFDictionary.h
2026-06-03T08:46:51.2989060Z x iPhoneOS14.5.sdk/System/Library/Frameworks/CoreGraphics.framework/Headers/CGPath.h
2026-06-03T08:46:51.2989260Z x iPhoneOS14.5.sdk/System/Library/Frameworks/CoreGraphics.framework/Headers/CGColorSpace.h
2026-06-03T08:46:51.2989450Z x iPhoneOS14.5.sdk/System/Library/Frameworks/CoreGraphics.framework/Headers/CGPDFPage.h
2026-06-03T08:46:51.2989640Z x iPhoneOS14.5.sdk/System/Library/Frameworks/CoreGraphics.framework/Headers/CGLayer.h
2026-06-03T08:46:51.2989850Z x iPhoneOS14.5.sdk/System/Library/Frameworks/CoreGraphics.framework/Headers/CGPDFObject.h
2026-06-03T08:46:51.2990070Z x iPhoneOS14.5.sdk/System/Library/Frameworks/CoreGraphics.framework/Headers/CGPDFOperatorTable.h
2026-06-03T08:46:51.2990260Z x iPhoneOS14.5.sdk/System/Library/Frameworks/CoreGraphics.framework/Headers/CGColor.h
2026-06-03T08:46:51.2990500Z x iPhoneOS14.5.sdk/System/Library/Frameworks/CoreGraphics.framework/Headers/CGColorConversionInfo.h
2026-06-03T08:46:51.2990690Z x iPhoneOS14.5.sdk/System/Library/Frameworks/CoreGraphics.framework/Headers/CGImage.h
2026-06-03T08:46:51.2990870Z x iPhoneOS14.5.sdk/System/Library/Frameworks/CoreGraphics.framework/Headers/CGBase.h
2026-06-03T08:46:51.2991090Z x iPhoneOS14.5.sdk/System/Library/Frameworks/CoreGraphics.framework/Headers/CoreGraphics.apinotes
2026-06-03T08:46:51.2991300Z x iPhoneOS14.5.sdk/System/Library/Frameworks/CoreGraphics.framework/Headers/CGPDFDocument.h
2026-06-03T08:46:51.2991500Z x iPhoneOS14.5.sdk/System/Library/Frameworks/CoreGraphics.framework/Headers/CGFunction.h
2026-06-03T08:46:51.2991770Z x iPhoneOS14.5.sdk/System/Library/Frameworks/CoreGraphics.framework/Headers/CGContext.h
2026-06-03T08:46:51.2991980Z x iPhoneOS14.5.sdk/System/Library/Frameworks/CoreGraphics.framework/Headers/CGShading.h
2026-06-03T08:46:51.2992180Z x iPhoneOS14.5.sdk/System/Library/Frameworks/CoreGraphics.framework/Headers/CoreGraphics.h
2026-06-03T08:46:51.2992390Z x iPhoneOS14.5.sdk/System/Library/Frameworks/CoreGraphics.framework/Headers/CGDataConsumer.h
2026-06-03T08:46:51.2992580Z x iPhoneOS14.5.sdk/System/Library/Frameworks/CoreGraphics.framework/Headers/CGPattern.h
2026-06-03T08:46:51.2992810Z x iPhoneOS14.5.sdk/System/Library/Frameworks/CoreGraphics.framework/Headers/CGPDFContentStream.h
2026-06-03T08:46:51.2993010Z x iPhoneOS14.5.sdk/System/Library/Frameworks/CoreGraphics.framework/Headers/CGGeometry.h
2026-06-03T08:46:51.2993210Z x iPhoneOS14.5.sdk/System/Library/Frameworks/CoreGraphics.framework/Headers/CGPDFContext.h
2026-06-03T08:46:51.2994480Z x iPhoneOS14.5.sdk/System/Library/Frameworks/CoreGraphics.framework/Headers/CGPDFArray.h
2026-06-03T08:46:51.2994690Z x iPhoneOS14.5.sdk/System/Library/Frameworks/CoreGraphics.framework/CoreGraphics.tbd
2026-06-03T08:46:51.2994820Z x iPhoneOS14.5.sdk/System/Library/Frameworks/CoreText.framework/
2026-06-03T08:46:51.2994970Z x iPhoneOS14.5.sdk/System/Library/Frameworks/CoreText.framework/Modules/
2026-06-03T08:46:51.2995350Z x iPhoneOS14.5.sdk/System/Library/Frameworks/CoreText.framework/Modules/module.modulemap
2026-06-03T08:46:51.2995600Z x iPhoneOS14.5.sdk/System/Library/Frameworks/CoreText.framework/Headers/
2026-06-03T08:46:51.2995780Z x iPhoneOS14.5.sdk/System/Library/Frameworks/CoreText.framework/Headers/CTFont.h
2026-06-03T08:46:51.2996000Z x iPhoneOS14.5.sdk/System/Library/Frameworks/CoreText.framework/Headers/CTFontCollection.h
2026-06-03T08:46:51.2996870Z x iPhoneOS14.5.sdk/System/Library/Frameworks/CoreText.framework/Headers/CoreText.h
2026-06-03T08:46:51.2997110Z x iPhoneOS14.5.sdk/System/Library/Frameworks/CoreText.framework/Headers/CoreText.apinotes
2026-06-03T08:46:51.3005750Z x iPhoneOS14.5.sdk/System/Library/Frameworks/CoreText.framework/Headers/CTFontDescriptor.h
2026-06-03T08:46:51.3006040Z x iPhoneOS14.5.sdk/System/Library/Frameworks/CoreText.framework/Headers/CTFontTraits.h
2026-06-03T08:46:51.3006240Z x iPhoneOS14.5.sdk/System/Library/Frameworks/CoreText.framework/Headers/CTTypesetter.h
2026-06-03T08:46:51.3006420Z x iPhoneOS14.5.sdk/System/Library/Frameworks/CoreText.framework/Headers/CTLine.h
2026-06-03T08:46:51.3006610Z x iPhoneOS14.5.sdk/System/Library/Frameworks/CoreText.framework/Headers/CTDefines.h
2026-06-03T08:46:51.3006800Z x iPhoneOS14.5.sdk/System/Library/Frameworks/CoreText.framework/Headers/SFNTTypes.h
2026-06-03T08:46:51.3007010Z x iPhoneOS14.5.sdk/System/Library/Frameworks/CoreText.framework/Headers/CTRubyAnnotation.h
2026-06-03T08:46:51.3007190Z x iPhoneOS14.5.sdk/System/Library/Frameworks/CoreText.framework/Headers/CTFrame.h
2026-06-03T08:46:51.3007390Z x iPhoneOS14.5.sdk/System/Library/Frameworks/CoreText.framework/Headers/CTRunDelegate.h
2026-06-03T08:46:51.3007600Z x iPhoneOS14.5.sdk/System/Library/Frameworks/CoreText.framework/Headers/SFNTLayoutTypes.h
2026-06-03T08:46:51.3007790Z x iPhoneOS14.5.sdk/System/Library/Frameworks/CoreText.framework/Headers/CTFontManager.h
2026-06-03T08:46:51.3008020Z x iPhoneOS14.5.sdk/System/Library/Frameworks/CoreText.framework/Headers/CTFontManagerErrors.h
2026-06-03T08:46:51.3008200Z x iPhoneOS14.5.sdk/System/Library/Frameworks/CoreText.framework/Headers/CTRun.h
2026-06-03T08:46:51.3008380Z x iPhoneOS14.5.sdk/System/Library/Frameworks/CoreText.framework/Headers/CTTextTab.h
2026-06-03T08:46:51.3008600Z x iPhoneOS14.5.sdk/System/Library/Frameworks/CoreText.framework/Headers/CTStringAttributes.h
2026-06-03T08:46:51.3008800Z x iPhoneOS14.5.sdk/System/Library/Frameworks/CoreText.framework/Headers/CTParagraphStyle.h
2026-06-03T08:46:51.3009000Z x iPhoneOS14.5.sdk/System/Library/Frameworks/CoreText.framework/Headers/CTFramesetter.h
2026-06-03T08:46:51.3009440Z x iPhoneOS14.5.sdk/System/Library/Frameworks/CoreText.framework/Headers/CTGlyphInfo.h
2026-06-03T08:46:51.3009620Z x iPhoneOS14.5.sdk/System/Library/Frameworks/CoreText.framework/CoreText.tbd
2026-06-03T08:46:51.3009770Z x iPhoneOS14.5.sdk/System/Library/Frameworks/Security.framework/
2026-06-03T08:46:51.3009920Z x iPhoneOS14.5.sdk/System/Library/Frameworks/Security.framework/Modules/
2026-06-03T08:46:51.3010120Z x iPhoneOS14.5.sdk/System/Library/Frameworks/Security.framework/Modules/module.modulemap
2026-06-03T08:46:51.3010270Z x iPhoneOS14.5.sdk/System/Library/Frameworks/Security.framework/Headers/
2026-06-03T08:46:51.3010480Z x iPhoneOS14.5.sdk/System/Library/Frameworks/Security.framework/Headers/SecProtocolOptions.h
2026-06-03T08:46:51.3010690Z x iPhoneOS14.5.sdk/System/Library/Frameworks/Security.framework/Headers/SecProtocolObject.h
2026-06-03T08:46:51.3010880Z x iPhoneOS14.5.sdk/System/Library/Frameworks/Security.framework/Headers/CipherSuite.h
2026-06-03T08:46:51.3012590Z x iPhoneOS14.5.sdk/System/Library/Frameworks/Security.framework/Headers/SecProtocolMetadata.h
2026-06-03T08:46:51.3012800Z x iPhoneOS14.5.sdk/System/Library/Frameworks/Security.framework/Headers/SecItem.h
2026-06-03T08:46:51.3013010Z x iPhoneOS14.5.sdk/System/Library/Frameworks/Security.framework/Headers/SecProtocolTypes.h
2026-06-03T08:46:51.3013220Z x iPhoneOS14.5.sdk/System/Library/Frameworks/Security.framework/Headers/SecSharedCredential.h
2026-06-03T08:46:51.3013440Z x iPhoneOS14.5.sdk/System/Library/Frameworks/Security.framework/Headers/SecImportExport.h
2026-06-03T08:46:51.3013630Z x iPhoneOS14.5.sdk/System/Library/Frameworks/Security.framework/Headers/SecureTransport.h
2026-06-03T08:46:51.3013820Z x iPhoneOS14.5.sdk/System/Library/Frameworks/Security.framework/Headers/SecPolicy.h
2026-06-03T08:46:51.3013990Z x iPhoneOS14.5.sdk/System/Library/Frameworks/Security.framework/Headers/SecRandom.h
2026-06-03T08:46:51.3014190Z x iPhoneOS14.5.sdk/System/Library/Frameworks/Security.framework/Headers/SecCertificate.h
2026-06-03T08:46:51.3014380Z x iPhoneOS14.5.sdk/System/Library/Frameworks/Security.framework/Headers/SecKey.h
2026-06-03T08:46:51.3014580Z x iPhoneOS14.5.sdk/System/Library/Frameworks/Security.framework/Headers/SecAccessControl.h
2026-06-03T08:46:51.3014760Z x iPhoneOS14.5.sdk/System/Library/Frameworks/Security.framework/Headers/SecIdentity.h
2026-06-03T08:46:51.3014940Z x iPhoneOS14.5.sdk/System/Library/Frameworks/Security.framework/Headers/SecTrust.h
2026-06-03T08:46:51.3015120Z x iPhoneOS14.5.sdk/System/Library/Frameworks/Security.framework/Headers/SecBase.h
2026-06-03T08:46:51.3015310Z x iPhoneOS14.5.sdk/System/Library/Frameworks/Security.framework/Headers/Security.apinotes
2026-06-03T08:46:51.3015490Z x iPhoneOS14.5.sdk/System/Library/Frameworks/Security.framework/Headers/Security.h
2026-06-03T08:46:51.3015650Z x iPhoneOS14.5.sdk/System/Library/Frameworks/Security.framework/Security.tbd
2026-06-03T08:46:51.3015760Z x iPhoneOS14.5.sdk/System/Library/PrivateFrameworks/
2026-06-03T08:46:51.3015900Z x iPhoneOS14.5.sdk/System/Library/PrivateFrameworks/FMF.framework/
2026-06-03T08:46:51.3016060Z x iPhoneOS14.5.sdk/System/Library/PrivateFrameworks/FMF.framework/FMF.tbd
2026-06-03T08:46:51.3016210Z x iPhoneOS14.5.sdk/System/Library/PrivateFrameworks/SiriTasks.framework/
2026-06-03T08:46:51.3016400Z x iPhoneOS14.5.sdk/System/Library/PrivateFrameworks/SiriTasks.framework/SiriTasks.tbd
2026-06-03T08:46:51.3016550Z x iPhoneOS14.5.sdk/System/Library/PrivateFrameworks/FMIPCore.framework/
2026-06-03T08:46:51.3016740Z x iPhoneOS14.5.sdk/System/Library/PrivateFrameworks/FMIPCore.framework/FMIPCore.tbd
2026-06-03T08:46:51.3016950Z x iPhoneOS14.5.sdk/System/Library/PrivateFrameworks/UserNotificationsSettings.framework/
2026-06-03T08:46:51.3017260Z x iPhoneOS14.5.sdk/System/Library/PrivateFrameworks/UserNotificationsSettings.framework/UserNotificationsSettings.tbd
2026-06-03T08:46:51.3017420Z x iPhoneOS14.5.sdk/System/Library/PrivateFrameworks/StoreKitUI.framework/
2026-06-03T08:46:51.3017610Z x iPhoneOS14.5.sdk/System/Library/PrivateFrameworks/StoreKitUI.framework/StoreKitUI.tbd
2026-06-03T08:46:51.3017890Z x iPhoneOS14.5.sdk/System/Library/PrivateFrameworks/ODML.framework/
2026-06-03T08:46:51.3018050Z x iPhoneOS14.5.sdk/System/Library/PrivateFrameworks/ODML.framework/ODML.tbd
2026-06-03T08:46:51.3018220Z x iPhoneOS14.5.sdk/System/Library/PrivateFrameworks/PacketFilter.framework/
2026-06-03T08:46:51.3018430Z x iPhoneOS14.5.sdk/System/Library/PrivateFrameworks/PacketFilter.framework/PacketFilter.tbd
2026-06-03T08:46:51.3018600Z x iPhoneOS14.5.sdk/System/Library/PrivateFrameworks/CameraEditKit.framework/
2026-06-03T08:46:51.3018820Z x iPhoneOS14.5.sdk/System/Library/PrivateFrameworks/CameraEditKit.framework/CameraEditKit.tbd
2026-06-03T08:46:51.3018960Z x iPhoneOS14.5.sdk/System/Library/PrivateFrameworks/FMFUI.framework/
2026-06-03T08:46:51.3019130Z x iPhoneOS14.5.sdk/System/Library/PrivateFrameworks/FMFUI.framework/FMFUI.tbd
2026-06-03T08:46:51.3019850Z x iPhoneOS14.5.sdk/System/Library/PrivateFrameworks/DiagnosticsKit.framework/
2026-06-03T08:46:51.3020970Z x iPhoneOS14.5.sdk/System/Library/PrivateFrameworks/DiagnosticsKit.framework/DiagnosticsKit.tbd
2026-06-03T08:46:51.3021170Z x iPhoneOS14.5.sdk/System/Library/PrivateFrameworks/SiriAppResolution.framework/
2026-06-03T08:46:51.3022440Z x iPhoneOS14.5.sdk/System/Library/PrivateFrameworks/SiriAppResolution.framework/SiriAppResolution.tbd
2026-06-03T08:46:51.3022610Z x iPhoneOS14.5.sdk/System/Library/PrivateFrameworks/AdPlatforms.framework/
2026-06-03T08:46:51.3022820Z x iPhoneOS14.5.sdk/System/Library/PrivateFrameworks/AdPlatforms.framework/AdPlatforms.tbd
2026-06-03T08:46:51.3022990Z x iPhoneOS14.5.sdk/System/Library/PrivateFrameworks/FoundationODR.framework/
2026-06-03T08:46:51.3023210Z x iPhoneOS14.5.sdk/System/Library/PrivateFrameworks/FoundationODR.framework/FoundationODR.tbd
2026-06-03T08:46:51.3023390Z x iPhoneOS14.5.sdk/System/Library/PrivateFrameworks/iOSDiagnostics.framework/
2026-06-03T08:46:51.3023620Z x iPhoneOS14.5.sdk/System/Library/PrivateFrameworks/iOSDiagnostics.framework/iOSDiagnostics.tbd
2026-06-03T08:46:51.3023820Z x iPhoneOS14.5.sdk/System/Library/PrivateFrameworks/MobileAccessoryUpdater.framework/
2026-06-03T08:46:51.3024100Z x iPhoneOS14.5.sdk/System/Library/PrivateFrameworks/MobileAccessoryUpdater.framework/MobileAccessoryUpdater.tbd
2026-06-03T08:46:51.3024280Z x iPhoneOS14.5.sdk/System/Library/PrivateFrameworks/WiFiPeerToPeer.framework/
2026-06-03T08:46:51.3024530Z x iPhoneOS14.5.sdk/System/Library/PrivateFrameworks/WiFiPeerToPeer.framework/WiFiPeerToPeer.tbd
2026-06-03T08:46:51.3024730Z x iPhoneOS14.5.sdk/System/Library/PrivateFrameworks/CoreSuggestionsInternals.framework/
2026-06-03T08:46:51.3025030Z x iPhoneOS14.5.sdk/System/Library/PrivateFrameworks/CoreSuggestionsInternals.framework/CoreSuggestionsInternals.tbd
2026-06-03T08:46:51.3025190Z x iPhoneOS14.5.sdk/System/Library/PrivateFrameworks/ActionKitUI.framework/
2026-06-03T08:46:51.3025400Z x iPhoneOS14.5.sdk/System/Library/PrivateFrameworks/ActionKitUI.framework/ActionKitUI.tbd
2026-06-03T08:46:51.3025550Z x iPhoneOS14.5.sdk/System/Library/PrivateFrameworks/OAuth.framework/
2026-06-03T08:46:51.3025720Z x iPhoneOS14.5.sdk/System/Library/PrivateFrameworks/OAuth.framework/OAuth.tbd
2026-06-03T08:46:51.3026590Z x iPhoneOS14.5.sdk/System/Library/PrivateFrameworks/OnBoardingKit.framework/
2026-06-03T08:46:51.3026850Z x iPhoneOS14.5.sdk/System/Library/PrivateFrameworks/OnBoardingKit.framework/OnBoardingKit.tbd
2026-06-03T08:46:51.3027020Z x iPhoneOS14.5.sdk/System/Library/PrivateFrameworks/CacheDelete.framework/
2026-06-03T08:46:51.3027230Z x iPhoneOS14.5.sdk/System/Library/PrivateFrameworks/CacheDelete.framework/CacheDelete.tbd
2026-06-03T08:46:51.3027370Z x iPhoneOS14.5.sdk/System/Library/PrivateFrameworks/HomeAI.framework/
2026-06-03T08:46:51.3027550Z x iPhoneOS14.5.sdk/System/Library/PrivateFrameworks/HomeAI.framework/HomeAI.tbd
2026-06-03T08:46:51.3027710Z x iPhoneOS14.5.sdk/System/Library/PrivateFrameworks/SecureChannel.framework/
2026-06-03T08:46:51.3027940Z x iPhoneOS14.5.sdk/System/Library/PrivateFrameworks/SecureChannel.framework/SecureChannel.tbd
2026-06-03T08:46:51.3028200Z x iPhoneOS14.5.sdk/System/Library/PrivateFrameworks/Quagga.framework/
2026-06-03T08:46:51.3028380Z x iPhoneOS14.5.sdk/System/Library/PrivateFrameworks/Quagga.framework/Quagga.tbd
2026-06-03T08:46:51.3028550Z x iPhoneOS14.5.sdk/System/Library/PrivateFrameworks/H10ISPServices.framework/
2026-06-03T08:46:51.3028780Z x iPhoneOS14.5.sdk/System/Library/PrivateFrameworks/H10ISPServices.framework/H10ISPServices.tbd
2026-06-03T08:46:51.3028970Z x iPhoneOS14.5.sdk/System/Library/PrivateFrameworks/FamilyNotification.framework/
2026-06-03T08:46:51.3029230Z x iPhoneOS14.5.sdk/System/Library/PrivateFrameworks/FamilyNotification.framework/FamilyNotification.tbd
2026-06-03T08:46:51.3029400Z x iPhoneOS14.5.sdk/System/Library/PrivateFrameworks/CoreAutoLayout.framework/
2026-06-03T08:46:51.3029630Z x iPhoneOS14.5.sdk/System/Library/PrivateFrameworks/CoreAutoLayout.framework/CoreAutoLayout.tbd
2026-06-03T08:46:51.3029880Z x iPhoneOS14.5.sdk/System/Library/PrivateFrameworks/Marco.framework/
2026-06-03T08:46:51.3030050Z x iPhoneOS14.5.sdk/System/Library/PrivateFrameworks/Marco.framework/Marco.tbd
2026-06-03T08:46:51.3030250Z x iPhoneOS14.5.sdk/System/Library/PrivateFrameworks/AssetsLibraryServices.framework/
2026-06-03T08:46:51.3030530Z x iPhoneOS14.5.sdk/System/Library/PrivateFrameworks/AssetsLibraryServices.framework/AssetsLibraryServices.tbd
2026-06-03T08:46:51.3030710Z x iPhoneOS14.5.sdk/System/Library/PrivateFrameworks/HearingUtilities.framework/
2026-06-03T08:46:51.3030950Z x iPhoneOS14.5.sdk/System/Library/PrivateFrameworks/HearingUtilities.framework/HearingUtilities.tbd
2026-06-03T08:46:51.3031150Z x iPhoneOS14.5.sdk/System/Library/PrivateFrameworks/AppPredictionWidget.framework/
2026-06-03T08:46:51.3031410Z x iPhoneOS14.5.sdk/System/Library/PrivateFrameworks/AppPredictionWidget.framework/AppPredictionWidget.tbd
2026-06-03T08:46:51.3031560Z x iPhoneOS14.5.sdk/System/Library/PrivateFrameworks/kperf.framework/
2026-06-03T08:46:51.3031720Z x iPhoneOS14.5.sdk/System/Library/PrivateFrameworks/kperf.framework/kperf.tbd
2026-06-03T08:46:51.3031880Z x iPhoneOS14.5.sdk/System/Library/PrivateFrameworks/IPTelephony.framework/
2026-06-03T08:46:51.3032070Z x iPhoneOS14.5.sdk/System/Library/PrivateFrameworks/IPTelephony.framework/Support/
2026-06-03T08:46:51.3032320Z x iPhoneOS14.5.sdk/System/Library/PrivateFrameworks/IPTelephony.framework/Support/libIPTelephony.tbd
2026-06-03T08:46:51.3032500Z x iPhoneOS14.5.sdk/System/Library/PrivateFrameworks/ProactiveSupport.framework/
2026-06-03T08:46:51.3032740Z x iPhoneOS14.5.sdk/System/Library/PrivateFrameworks/ProactiveSupport.framework/ProactiveSupport.tbd
2026-06-03T08:46:51.3032920Z x iPhoneOS14.5.sdk/System/Library/PrivateFrameworks/SpeakerRecognition.framework/
2026-06-03T08:46:51.3033180Z x iPhoneOS14.5.sdk/System/Library/PrivateFrameworks/SpeakerRecognition.framework/SpeakerRecognition.tbd
2026-06-03T08:46:51.3033380Z x iPhoneOS14.5.sdk/System/Library/PrivateFrameworks/PowerlogFullOperators.framework/
2026-06-03T08:46:51.3033670Z x iPhoneOS14.5.sdk/System/Library/PrivateFrameworks/PowerlogFullOperators.framework/PowerlogFullOperators.tbd
2026-06-03T08:46:51.3033860Z x iPhoneOS14.5.sdk/System/Library/PrivateFrameworks/HardwareDiagnostics.framework/
2026-06-03T08:46:51.3034170Z x iPhoneOS14.5.sdk/System/Library/PrivateFrameworks/HardwareDiagnostics.framework/HardwareDiagnostics.tbd
2026-06-03T08:46:51.3034340Z x iPhoneOS14.5.sdk/System/Library/PrivateFrameworks/KeychainCircle.framework/
2026-06-03T08:46:51.3034690Z x iPhoneOS14.5.sdk/System/Library/PrivateFrameworks/KeychainCircle.framework/KeychainCircle.tbd
2026-06-03T08:46:51.3034880Z x iPhoneOS14.5.sdk/System/Library/PrivateFrameworks/GameCenterUICore.framework/
2026-06-03T08:46:51.3035110Z x iPhoneOS14.5.sdk/System/Library/PrivateFrameworks/GameCenterUICore.framework/GameCenterUICore.tbd
2026-06-03T08:46:51.3035270Z x iPhoneOS14.5.sdk/System/Library/PrivateFrameworks/NanoLeash.framework/
2026-06-03T08:46:51.3035470Z x iPhoneOS14.5.sdk/System/Library/PrivateFrameworks/NanoLeash.framework/NanoLeash.tbd
2026-06-03T08:46:51.3035680Z x iPhoneOS14.5.sdk/System/Library/PrivateFrameworks/TextInputUI.framework/
2026-06-03T08:46:51.3035890Z x iPhoneOS14.5.sdk/System/Library/PrivateFrameworks/TextInputUI.framework/TextInputUI.tbd
2026-06-03T08:46:51.3036100Z x iPhoneOS14.5.sdk/System/Library/PrivateFrameworks/AGXCompilerConnection-S2A8.framework/
2026-06-03T08:46:51.3036420Z x iPhoneOS14.5.sdk/System/Library/PrivateFrameworks/AGXCompilerConnection-S2A8.framework/AGXCompilerConnection-S2A8.tbd
2026-06-03T08:46:51.3036580Z x iPhoneOS14.5.sdk/System/Library/PrivateFrameworks/PhotosUICore.framework/
2026-06-03T08:46:51.3036800Z x iPhoneOS14.5.sdk/System/Library/PrivateFrameworks/PhotosUICore.framework/PhotosUICore.tbd
2026-06-03T08:46:51.3036960Z x iPhoneOS14.5.sdk/System/Library/PrivateFrameworks/TSUtility.framework/
2026-06-03T08:46:51.3037140Z x iPhoneOS14.5.sdk/System/Library/PrivateFrameworks/TSUtility.framework/TSUtility.tbd
2026-06-03T08:46:51.3037390Z x iPhoneOS14.5.sdk/System/Library/PrivateFrameworks/SleepDaemon.framework/
2026-06-03T08:46:51.3038230Z x iPhoneOS14.5.sdk/System/Library/PrivateFrameworks/SleepDaemon.framework/SleepDaemon.tbd
2026-06-03T08:46:51.3038440Z x iPhoneOS14.5.sdk/System/Library/PrivateFrameworks/VectorKit.framework/
2026-06-03T08:46:51.3038640Z x iPhoneOS14.5.sdk/System/Library/PrivateFrameworks/VectorKit.framework/VectorKit.tbd
2026-06-03T08:46:51.3038800Z x iPhoneOS14.5.sdk/System/Library/PrivateFrameworks/HeartRhythmUI.framework/
2026-06-03T08:46:51.3039030Z x iPhoneOS14.5.sdk/System/Library/PrivateFrameworks/HeartRhythmUI.framework/HeartRhythmUI.tbd
2026-06-03T08:46:51.3039230Z x iPhoneOS14.5.sdk/System/Library/PrivateFrameworks/ProactiveMagicalMoments.framework/
2026-06-03T08:46:51.3039530Z x iPhoneOS14.5.sdk/System/Library/PrivateFrameworks/ProactiveMagicalMoments.framework/ProactiveMagicalMoments.tbd
2026-06-03T08:46:51.3039670Z x iPhoneOS14.5.sdk/System/Library/PrivateFrameworks/WebUI.framework/
2026-06-03T08:46:51.3039840Z x iPhoneOS14.5.sdk/System/Library/PrivateFrameworks/WebUI.framework/WebUI.tbd
2026-06-03T08:46:51.3040010Z x iPhoneOS14.5.sdk/System/Library/PrivateFrameworks/PhotosFormats.framework/
2026-06-03T08:46:51.3040240Z x iPhoneOS14.5.sdk/System/Library/PrivateFrameworks/PhotosFormats.framework/PhotosFormats.tbd
2026-06-03T08:46:51.3040420Z x iPhoneOS14.5.sdk/System/Library/PrivateFrameworks/IAPAuthentication.framework/
2026-06-03T08:46:51.3040690Z x iPhoneOS14.5.sdk/System/Library/PrivateFrameworks/IAPAuthentication.framework/IAPAuthentication.tbd
2026-06-03T08:46:51.3040860Z x iPhoneOS14.5.sdk/System/Library/PrivateFrameworks/CoreDuetContext.framework/
2026-06-03T08:46:51.3041090Z x iPhoneOS14.5.sdk/System/Library/PrivateFrameworks/CoreDuetContext.framework/CoreDuetContext.tbd
2026-06-03T08:46:51.3041290Z x iPhoneOS14.5.sdk/System/Library/PrivateFrameworks/ComplicationDisplay.framework/
2026-06-03T08:46:51.3041550Z x iPhoneOS14.5.sdk/System/Library/PrivateFrameworks/ComplicationDisplay.framework/ComplicationDisplay.tbd
2026-06-03T08:46:51.3041730Z x iPhoneOS14.5.sdk/System/Library/PrivateFrameworks/AppleCVAPhoto.framework/
2026-06-03T08:46:51.3041950Z x iPhoneOS14.5.sdk/System/Library/PrivateFrameworks/AppleCVAPhoto.framework/AppleCVAPhoto.tbd
2026-06-03T08:46:51.3042110Z x iPhoneOS14.5.sdk/System/Library/PrivateFrameworks/SiriFindMy.framework/
2026-06-03T08:46:51.3042370Z x iPhoneOS14.5.sdk/System/Library/PrivateFrameworks/SiriFindMy.framework/SiriFindMy.tbd
2026-06-03T08:46:51.3042560Z x iPhoneOS14.5.sdk/System/Library/PrivateFrameworks/CellularPlanManager.framework/
2026-06-03T08:46:51.3042820Z x iPhoneOS14.5.sdk/System/Library/PrivateFrameworks/CellularPlanManager.framework/CellularPlanManager.tbd
2026-06-03T08:46:51.3043020Z x iPhoneOS14.5.sdk/System/Library/PrivateFrameworks/UserNotificationsUIKit.framework/
2026-06-03T08:46:51.3043370Z x iPhoneOS14.5.sdk/System/Library/PrivateFrameworks/UserNotificationsUIKit.framework/UserNotificationsUIKit.tbd
2026-06-03T08:46:51.3043540Z x iPhoneOS14.5.sdk/System/Library/PrivateFrameworks/SeymourClient.framework/
2026-06-03T08:46:51.3043910Z x iPhoneOS14.5.sdk/System/Library/PrivateFrameworks/SeymourClient.framework/SeymourClient.tbd
2026-06-03T08:46:51.3044090Z x iPhoneOS14.5.sdk/System/Library/PrivateFrameworks/RTTUtilities.framework/
2026-06-03T08:46:51.3044540Z x iPhoneOS14.5.sdk/System/Library/PrivateFrameworks/RTTUtilities.framework/RTTUtilities.tbd
2026-06-03T08:46:51.3044710Z x iPhoneOS14.5.sdk/System/Library/PrivateFrameworks/JasperDepth.framework/
2026-06-03T08:46:51.3044930Z x iPhoneOS14.5.sdk/System/Library/PrivateFrameworks/JasperDepth.framework/JasperDepth.tbd
2026-06-03T08:46:51.3045080Z x iPhoneOS14.5.sdk/System/Library/PrivateFrameworks/ColorSync.framework/
2026-06-03T08:46:51.3045270Z x iPhoneOS14.5.sdk/System/Library/PrivateFrameworks/ColorSync.framework/ColorSync.tbd
2026-06-03T08:46:51.3045510Z x iPhoneOS14.5.sdk/System/Library/PrivateFrameworks/MediaLibraryCore.framework/
2026-06-03T08:46:51.3045760Z x iPhoneOS14.5.sdk/System/Library/PrivateFrameworks/MediaLibraryCore.framework/MediaLibraryCore.tbd
2026-06-03T08:46:51.3046110Z x iPhoneOS14.5.sdk/System/Library/PrivateFrameworks/ExchangeSyncExpress.framework/
2026-06-03T08:46:51.3046380Z x iPhoneOS14.5.sdk/System/Library/PrivateFrameworks/ExchangeSyncExpress.framework/ExchangeSyncExpress.tbd
2026-06-03T08:46:51.3046540Z x iPhoneOS14.5.sdk/System/Library/PrivateFrameworks/TSReading.framework/
2026-06-03T08:46:51.3046730Z x iPhoneOS14.5.sdk/System/Library/PrivateFrameworks/TSReading.framework/TSReading.tbd
2026-06-03T08:46:51.3046870Z x iPhoneOS14.5.sdk/System/Library/PrivateFrameworks/Heimdal.framework/
2026-06-03T08:46:51.3047080Z x iPhoneOS14.5.sdk/System/Library/PrivateFrameworks/Heimdal.framework/Heimdal.tbd
2026-06-03T08:46:51.3047240Z x iPhoneOS14.5.sdk/System/Library/PrivateFrameworks/CertInfo.framework/
2026-06-03T08:46:51.3047420Z x iPhoneOS14.5.sdk/System/Library/PrivateFrameworks/CertInfo.framework/CertInfo.tbd
2026-06-03T08:46:51.3047590Z x iPhoneOS14.5.sdk/System/Library/PrivateFrameworks/IMCorePipeline.framework/
2026-06-03T08:46:51.3047830Z x iPhoneOS14.5.sdk/System/Library/PrivateFrameworks/IMCorePipeline.framework/IMCorePipeline.tbd
2026-06-03T08:46:51.3047990Z x iPhoneOS14.5.sdk/System/Library/PrivateFrameworks/ParsecModel.framework/
2026-06-03T08:46:51.3048190Z x iPhoneOS14.5.sdk/System/Library/PrivateFrameworks/ParsecModel.framework/ParsecModel.tbd
2026-06-03T08:46:51.3048350Z x iPhoneOS14.5.sdk/System/Library/PrivateFrameworks/NewsFeed.framework/
2026-06-03T08:46:51.3048530Z x iPhoneOS14.5.sdk/System/Library/PrivateFrameworks/NewsFeed.framework/NewsFeed.tbd
2026-06-03T08:46:51.3048720Z x iPhoneOS14.5.sdk/System/Library/PrivateFrameworks/AccessoryBLEPairing.framework/
2026-06-03T08:46:51.3049040Z x iPhoneOS14.5.sdk/System/Library/PrivateFrameworks/AccessoryBLEPairing.framework/AccessoryBLEPairing.tbd
2026-06-03T08:46:51.3049200Z x iPhoneOS14.5.sdk/System/Library/PrivateFrameworks/MailServices.framework/
2026-06-03T08:46:51.3050060Z x iPhoneOS14.5.sdk/System/Library/PrivateFrameworks/MailServices.framework/MailServices.tbd
2026-06-03T08:46:51.3050270Z x iPhoneOS14.5.sdk/System/Library/PrivateFrameworks/MobileMailUI.framework/
2026-06-03T08:46:51.3050550Z x iPhoneOS14.5.sdk/System/Library/PrivateFrameworks/MobileMailUI.framework/MobileMailUI.tbd
2026-06-03T08:46:51.3050730Z x iPhoneOS14.5.sdk/System/Library/PrivateFrameworks/AskPermission.framework/
2026-06-03T08:46:51.3050950Z x iPhoneOS14.5.sdk/System/Library/PrivateFrameworks/AskPermission.framework/AskPermission.tbd
2026-06-03T08:46:51.3051130Z x iPhoneOS14.5.sdk/System/Library/PrivateFrameworks/HealthPluginHost.framework/
2026-06-03T08:46:51.3051390Z x iPhoneOS14.5.sdk/System/Library/PrivateFrameworks/HealthPluginHost.framework/HealthPluginHost.tbd
2026-06-03T08:46:51.3051590Z x iPhoneOS14.5.sdk/System/Library/PrivateFrameworks/AppPreferenceClient.framework/
2026-06-03T08:46:51.3052790Z x iPhoneOS14.5.sdk/System/Library/PrivateFrameworks/AppPreferenceClient.framework/AppPreferenceClient.tbd
2026-06-03T08:46:51.3052970Z x iPhoneOS14.5.sdk/System/Library/PrivateFrameworks/AppleCVA.framework/
2026-06-03T08:46:51.3053540Z x iPhoneOS14.5.sdk/System/Library/PrivateFrameworks/AppleCVA.framework/AppleCVA.tbd
2026-06-03T08:46:51.3053700Z x iPhoneOS14.5.sdk/System/Library/PrivateFrameworks/Email.framework/
2026-06-03T08:46:51.3055180Z x iPhoneOS14.5.sdk/System/Library/PrivateFrameworks/Email.framework/Email.tbd
2026-06-03T08:46:51.3056650Z x iPhoneOS14.5.sdk/System/Library/PrivateFrameworks/AuthKitUI.framework/
2026-06-03T08:46:51.3056850Z x iPhoneOS14.5.sdk/System/Library/PrivateFrameworks/AuthKitUI.framework/AuthKitUI.tbd
2026-06-03T08:46:51.3057040Z x iPhoneOS14.5.sdk/System/Library/PrivateFrameworks/AudioTransportCommon.framework/
2026-06-03T08:46:51.3057320Z x iPhoneOS14.5.sdk/System/Library/PrivateFrameworks/AudioTransportCommon.framework/AudioTransportCommon.tbd
2026-06-03T08:46:51.3057470Z x iPhoneOS14.5.sdk/System/Library/PrivateFrameworks/WelcomeKit.framework/
2026-06-03T08:46:51.3057670Z x iPhoneOS14.5.sdk/System/Library/PrivateFrameworks/WelcomeKit.framework/WelcomeKit.tbd
2026-06-03T08:46:51.3058530Z x iPhoneOS14.5.sdk/System/Library/PrivateFrameworks/CoreWiFi.framework/
2026-06-03T08:46:51.3058720Z x iPhoneOS14.5.sdk/System/Library/PrivateFrameworks/CoreWiFi.framework/CoreWiFi.tbd
2026-06-03T08:46:51.3058870Z x iPhoneOS14.5.sdk/System/Library/PrivateFrameworks/WPDaemon.framework/
2026-06-03T08:46:51.3059510Z x iPhoneOS14.5.sdk/System/Library/PrivateFrameworks/WPDaemon.framework/WPDaemon.tbd
2026-06-03T08:46:51.3060360Z x iPhoneOS14.5.sdk/System/Library/PrivateFrameworks/SetupKit.framework/
2026-06-03T08:46:51.3060910Z x iPhoneOS14.5.sdk/System/Library/PrivateFrameworks/SetupKit.framework/SetupKit.tbd
2026-06-03T08:46:51.3061090Z x iPhoneOS14.5.sdk/System/Library/PrivateFrameworks/DocumentManager.framework/
2026-06-03T08:46:51.3061330Z x iPhoneOS14.5.sdk/System/Library/PrivateFrameworks/DocumentManager.framework/DocumentManager.tbd
2026-06-03T08:46:51.3061520Z x iPhoneOS14.5.sdk/System/Library/PrivateFrameworks/DifferentialPrivacy.framework/
2026-06-03T08:46:51.3061790Z x iPhoneOS14.5.sdk/System/Library/PrivateFrameworks/DifferentialPrivacy.framework/DifferentialPrivacy.tbd
2026-06-03T08:46:51.3061940Z x iPhoneOS14.5.sdk/System/Library/PrivateFrameworks/Search.framework/
2026-06-03T08:46:51.3062110Z x iPhoneOS14.5.sdk/System/Library/PrivateFrameworks/Search.framework/Search.tbd
2026-06-03T08:46:51.3062270Z x iPhoneOS14.5.sdk/System/Library/PrivateFrameworks/ATFoundation.framework/
2026-06-03T08:46:51.3062490Z x iPhoneOS14.5.sdk/System/Library/PrivateFrameworks/ATFoundation.framework/ATFoundation.tbd
2026-06-03T08:46:51.3062640Z x iPhoneOS14.5.sdk/System/Library/PrivateFrameworks/CoreDAV.framework/
2026-06-03T08:46:51.3062820Z x iPhoneOS14.5.sdk/System/Library/PrivateFrameworks/CoreDAV.framework/CoreDAV.tbd
2026-06-03T08:46:51.3062960Z x iPhoneOS14.5.sdk/System/Library/PrivateFrameworks/Sharing.framework/
2026-06-03T08:46:51.3063140Z x iPhoneOS14.5.sdk/System/Library/PrivateFrameworks/Sharing.framework/Sharing.tbd
2026-06-03T08:46:51.3063340Z x iPhoneOS14.5.sdk/System/Library/PrivateFrameworks/FlightUtilitiesCore.framework/
2026-06-03T08:46:51.3063600Z x iPhoneOS14.5.sdk/System/Library/PrivateFrameworks/FlightUtilitiesCore.framework/FlightUtilitiesCore.tbd
2026-06-03T08:46:51.3063780Z x iPhoneOS14.5.sdk/System/Library/PrivateFrameworks/PowerlogControl.framework/
2026-06-03T08:46:51.3064030Z x iPhoneOS14.5.sdk/System/Library/PrivateFrameworks/PowerlogControl.framework/PowerlogControl.tbd
2026-06-03T08:46:51.3064290Z x iPhoneOS14.5.sdk/System/Library/PrivateFrameworks/SiriTTS.framework/
2026-06-03T08:46:51.3064500Z x iPhoneOS14.5.sdk/System/Library/PrivateFrameworks/SiriTTS.framework/SiriTTS.tbd
2026-06-03T08:46:51.3064680Z x iPhoneOS14.5.sdk/System/Library/PrivateFrameworks/ActivitySharing.framework/
2026-06-03T08:46:51.3064910Z x iPhoneOS14.5.sdk/System/Library/PrivateFrameworks/ActivitySharing.framework/ActivitySharing.tbd
2026-06-03T08:46:51.3065080Z x iPhoneOS14.5.sdk/System/Library/PrivateFrameworks/CoreBluetoothUI.framework/
2026-06-03T08:46:51.3065690Z x iPhoneOS14.5.sdk/System/Library/PrivateFrameworks/CoreBluetoothUI.framework/CoreBluetoothUI.tbd
2026-06-03T08:46:51.3066060Z x iPhoneOS14.5.sdk/System/Library/PrivateFrameworks/ConstantClasses.framework/
2026-06-03T08:46:51.3066330Z x iPhoneOS14.5.sdk/System/Library/PrivateFrameworks/ConstantClasses.framework/ConstantClasses.tbd
2026-06-03T08:46:51.3066510Z x iPhoneOS14.5.sdk/System/Library/PrivateFrameworks/NanoMailKitServer.framework/
2026-06-03T08:46:51.3066760Z x iPhoneOS14.5.sdk/System/Library/PrivateFrameworks/NanoMailKitServer.framework/NanoMailKitServer.tbd
2026-06-03T08:46:51.3067240Z x iPhoneOS14.5.sdk/System/Library/PrivateFrameworks/AXFrontBoardUtils.framework/
2026-06-03T08:46:51.3067490Z x iPhoneOS14.5.sdk/System/Library/PrivateFrameworks/AXFrontBoardUtils.framework/AXFrontBoardUtils.tbd
2026-06-03T08:46:51.3067670Z x iPhoneOS14.5.sdk/System/Library/PrivateFrameworks/RemoteManagement.framework/
2026-06-03T08:46:51.3067880Z x iPhoneOS14.5.sdk/System/Library/PrivateFrameworks/RemoteManagement.framework/Frameworks/
2026-06-03T08:46:51.3068310Z x iPhoneOS14.5.sdk/System/Library/PrivateFrameworks/RemoteManagement.framework/Frameworks/RemoteManagementModel.framework/
2026-06-03T08:46:51.3069500Z x iPhoneOS14.5.sdk/System/Library/PrivateFrameworks/RemoteManagement.framework/Frameworks/RemoteManagementModel.framework/RemoteManagementModel.tbd
2026-06-03T08:46:51.3070150Z x iPhoneOS14.5.sdk/System/Library/PrivateFrameworks/RemoteManagement.framework/Frameworks/RemoteManagementProtocol.framework/
2026-06-03T08:46:51.3070580Z x iPhoneOS14.5.sdk/System/Library/PrivateFrameworks/RemoteManagement.framework/Frameworks/RemoteManagementProtocol.framework/RemoteManagementProtocol.tbd
2026-06-03T08:46:51.3070830Z x iPhoneOS14.5.sdk/System/Library/PrivateFrameworks/RemoteManagement.framework/RemoteManagement.tbd
2026-06-03T08:46:51.3070960Z x iPhoneOS14.5.sdk/System/Library/PrivateFrameworks/C2.framework/
2026-06-03T08:46:51.3071110Z x iPhoneOS14.5.sdk/System/Library/PrivateFrameworks/C2.framework/C2.tbd
2026-06-03T08:46:51.3071290Z x iPhoneOS14.5.sdk/System/Library/PrivateFrameworks/BookDataStore.framework/
2026-06-03T08:46:51.3071510Z x iPhoneOS14.5.sdk/System/Library/PrivateFrameworks/BookDataStore.framework/BookDataStore.tbd
2026-06-03T08:46:51.3071750Z x iPhoneOS14.5.sdk/System/Library/PrivateFrameworks/NanoWeatherComplicationsCompanion.framework/
2026-06-03T08:46:51.3072130Z x iPhoneOS14.5.sdk/System/Library/PrivateFrameworks/NanoWeatherComplicationsCompanion.framework/NanoWeatherComplicationsCompanion.tbd
2026-06-03T08:46:51.3072300Z x iPhoneOS14.5.sdk/System/Library/PrivateFrameworks/InertiaCam.framework/
2026-06-03T08:46:51.3072500Z x iPhoneOS14.5.sdk/System/Library/PrivateFrameworks/InertiaCam.framework/InertiaCam.tbd
2026-06-03T08:46:51.3072690Z x iPhoneOS14.5.sdk/System/Library/PrivateFrameworks/CameraImagingFramework.framework/
2026-06-03T08:46:51.3072990Z x iPhoneOS14.5.sdk/System/Library/PrivateFrameworks/CameraImagingFramework.framework/CameraImagingFramework.tbd
2026-06-03T08:46:51.3073170Z x iPhoneOS14.5.sdk/System/Library/PrivateFrameworks/CoreFollowUpUI.framework/
2026-06-03T08:46:51.3073390Z x iPhoneOS14.5.sdk/System/Library/PrivateFrameworks/CoreFollowUpUI.framework/CoreFollowUpUI.tbd
2026-06-03T08:46:51.3073580Z x iPhoneOS14.5.sdk/System/Library/PrivateFrameworks/HealthAlgorithms.framework/
2026-06-03T08:46:51.3074180Z x iPhoneOS14.5.sdk/System/Library/PrivateFrameworks/HealthAlgorithms.framework/HealthAlgorithms.tbd
2026-06-03T08:46:51.3074410Z x iPhoneOS14.5.sdk/System/Library/PrivateFrameworks/CoreCaptureControl.framework/
2026-06-03T08:46:51.3074670Z x iPhoneOS14.5.sdk/System/Library/PrivateFrameworks/CoreCaptureControl.framework/CoreCaptureControl.tbd
2026-06-03T08:46:51.3075310Z x iPhoneOS14.5.sdk/System/Library/PrivateFrameworks/TelephonyUtilities.framework/
2026-06-03T08:46:51.3075730Z x iPhoneOS14.5.sdk/System/Library/PrivateFrameworks/TelephonyUtilities.framework/TelephonyUtilities.tbd
2026-06-03T08:46:51.3075890Z x iPhoneOS14.5.sdk/System/Library/PrivateFrameworks/ContentKit.framework/
2026-06-03T08:46:51.3076100Z x iPhoneOS14.5.sdk/System/Library/PrivateFrameworks/ContentKit.framework/ContentKit.tbd
2026-06-03T08:46:51.3076350Z x iPhoneOS14.5.sdk/System/Library/PrivateFrameworks/NanoMediaAPI.framework/
2026-06-03T08:46:51.3076580Z x iPhoneOS14.5.sdk/System/Library/PrivateFrameworks/NanoMediaAPI.framework/NanoMediaAPI.tbd
2026-06-03T08:46:51.3076790Z x iPhoneOS14.5.sdk/System/Library/PrivateFrameworks/AggregateDictionaryHistory.framework/
2026-06-03T08:46:51.3077110Z x iPhoneOS14.5.sdk/System/Library/PrivateFrameworks/AggregateDictionaryHistory.framework/AggregateDictionaryHistory.tbd
2026-06-03T08:46:51.3077310Z x iPhoneOS14.5.sdk/System/Library/PrivateFrameworks/AccessibilityUIShared.framework/
2026-06-03T08:46:51.3077580Z x iPhoneOS14.5.sdk/System/Library/PrivateFrameworks/AccessibilityUIShared.framework/AccessibilityUIShared.tbd
2026-06-03T08:46:51.3077740Z x iPhoneOS14.5.sdk/System/Library/PrivateFrameworks/AppSSOUI.framework/
2026-06-03T08:46:51.3078020Z x iPhoneOS14.5.sdk/System/Library/PrivateFrameworks/AppSSOUI.framework/AppSSOUI.tbd
2026-06-03T08:46:51.3078440Z x iPhoneOS14.5.sdk/System/Library/PrivateFrameworks/SpeechRecognitionCore.framework/
2026-06-03T08:46:51.3078730Z x iPhoneOS14.5.sdk/System/Library/PrivateFrameworks/SpeechRecognitionCore.framework/SpeechRecognitionCore.tbd
2026-06-03T08:46:51.3078920Z x iPhoneOS14.5.sdk/System/Library/PrivateFrameworks/NCLaunchStats.framework/
2026-06-03T08:46:51.3079140Z x iPhoneOS14.5.sdk/System/Library/PrivateFrameworks/NCLaunchStats.framework/NCLaunchStats.tbd
2026-06-03T08:46:51.3079620Z x iPhoneOS14.5.sdk/System/Library/PrivateFrameworks/PreferencesUI.framework/
2026-06-03T08:46:51.3080010Z x iPhoneOS14.5.sdk/System/Library/PrivateFrameworks/PreferencesUI.framework/PreferencesUI.tbd
2026-06-03T08:46:51.3080170Z x iPhoneOS14.5.sdk/System/Library/PrivateFrameworks/IDSKVStore.framework/
2026-06-03T08:46:51.3080380Z x iPhoneOS14.5.sdk/System/Library/PrivateFrameworks/IDSKVStore.framework/IDSKVStore.tbd
2026-06-03T08:46:51.3080560Z x iPhoneOS14.5.sdk/System/Library/PrivateFrameworks/QuickLookSupport.framework/
2026-06-03T08:46:51.3080810Z x iPhoneOS14.5.sdk/System/Library/PrivateFrameworks/QuickLookSupport.framework/QuickLookSupport.tbd
2026-06-03T08:46:51.3081020Z x iPhoneOS14.5.sdk/System/Library/PrivateFrameworks/EmbeddedSensingProtocols.framework/
2026-06-03T08:46:51.3081310Z x iPhoneOS14.5.sdk/System/Library/PrivateFrameworks/EmbeddedSensingProtocols.framework/EmbeddedSensingProtocols.tbd
2026-06-03T08:46:51.3081470Z x iPhoneOS14.5.sdk/System/Library/PrivateFrameworks/Memories.framework/
2026-06-03T08:46:51.3081650Z x iPhoneOS14.5.sdk/System/Library/PrivateFrameworks/Memories.framework/Memories.tbd
2026-06-03T08:46:51.3081820Z x iPhoneOS14.5.sdk/System/Library/PrivateFrameworks/BulletinBoard.framework/
2026-06-03T08:46:51.3082050Z x iPhoneOS14.5.sdk/System/Library/PrivateFrameworks/BulletinBoard.framework/BulletinBoard.tbd
2026-06-03T08:46:51.3082210Z x iPhoneOS14.5.sdk/System/Library/PrivateFrameworks/SpringBoard.framework/
2026-06-03T08:46:51.3082450Z x iPhoneOS14.5.sdk/System/Library/PrivateFrameworks/SpringBoard.framework/SpringBoard.tbd
2026-06-03T08:46:51.3082630Z x iPhoneOS14.5.sdk/System/Library/PrivateFrameworks/CoreServicesStore.framework/
2026-06-03T08:46:51.3082910Z x iPhoneOS14.5.sdk/System/Library/PrivateFrameworks/CoreServicesStore.framework/CoreServicesStore.tbd
2026-06-03T08:46:51.3083080Z x iPhoneOS14.5.sdk/System/Library/PrivateFrameworks/MobileActivation.framework/
2026-06-03T08:46:51.3083320Z x iPhoneOS14.5.sdk/System/Library/PrivateFrameworks/MobileActivation.framework/MobileActivation.tbd
2026-06-03T08:46:51.3083480Z x iPhoneOS14.5.sdk/System/Library/PrivateFrameworks/PersonaKit.framework/
2026-06-03T08:46:51.3083680Z x iPhoneOS14.5.sdk/System/Library/PrivateFrameworks/PersonaKit.framework/PersonaKit.tbd
2026-06-03T08:46:51.3083840Z x iPhoneOS14.5.sdk/System/Library/PrivateFrameworks/GameCenterUI.framework/
2026-06-03T08:46:51.3084050Z x iPhoneOS14.5.sdk/System/Library/PrivateFrameworks/GameCenterUI.framework/GameCenterUI.tbd
2026-06-03T08:46:51.3084220Z x iPhoneOS14.5.sdk/System/Library/PrivateFrameworks/DialogEngine.framework/
2026-06-03T08:46:51.3090330Z x iPhoneOS14.5.sdk/System/Library/PrivateFrameworks/DialogEngine.framework/DialogEngine.tbd
2026-06-03T08:46:51.3090970Z x iPhoneOS14.5.sdk/System/Library/PrivateFrameworks/DoNotDisturbServer.framework/
2026-06-03T08:46:51.3092860Z x iPhoneOS14.5.sdk/System/Library/PrivateFrameworks/DoNotDisturbServer.framework/DoNotDisturbServer.tbd
2026-06-03T08:46:51.3093200Z x iPhoneOS14.5.sdk/System/Library/PrivateFrameworks/XGBoostFramework.framework/
2026-06-03T08:46:51.3093460Z x iPhoneOS14.5.sdk/System/Library/PrivateFrameworks/XGBoostFramework.framework/XGBoostFramework.tbd
2026-06-03T08:46:51.3096020Z x iPhoneOS14.5.sdk/System/Library/PrivateFrameworks/AppleNeuralEngine.framework/
2026-06-03T08:46:51.3096350Z x iPhoneOS14.5.sdk/System/Library/PrivateFrameworks/AppleNeuralEngine.framework/AppleNeuralEngine.tbd
2026-06-03T08:46:51.3096520Z x iPhoneOS14.5.sdk/System/Library/PrivateFrameworks/AXIDSServices.framework/
2026-06-03T08:46:51.3096900Z x iPhoneOS14.5.sdk/System/Library/PrivateFrameworks/AXIDSServices.framework/AXIDSServices.tbd
2026-06-03T08:46:51.3097080Z x iPhoneOS14.5.sdk/System/Library/PrivateFrameworks/CorePhoneNumbers.framework/
2026-06-03T08:46:51.3097410Z x iPhoneOS14.5.sdk/System/Library/PrivateFrameworks/CorePhoneNumbers.framework/CorePhoneNumbers.tbd
2026-06-03T08:46:51.3097720Z x iPhoneOS14.5.sdk/System/Library/PrivateFrameworks/BackgroundTaskAgent.framework/
2026-06-03T08:46:51.3098810Z x iPhoneOS14.5.sdk/System/Library/PrivateFrameworks/BackgroundTaskAgent.framework/BackgroundTaskAgent.tbd
2026-06-03T08:46:51.3099460Z x iPhoneOS14.5.sdk/System/Library/PrivateFrameworks/SiriExperiments.framework/
2026-06-03T08:46:51.3100850Z x iPhoneOS14.5.sdk/System/Library/PrivateFrameworks/SiriExperiments.framework/SiriExperiments.tbd
2026-06-03T08:46:51.3101200Z x iPhoneOS14.5.sdk/System/Library/PrivateFrameworks/AACCore.framework/
2026-06-03T08:46:51.3107120Z x iPhoneOS14.5.sdk/System/Library/PrivateFrameworks/AACCore.framework/AACCore.tbd
2026-06-03T08:46:51.3107380Z x iPhoneOS14.5.sdk/System/Library/PrivateFrameworks/CardServices.framework/
2026-06-03T08:46:51.3108160Z x iPhoneOS14.5.sdk/System/Library/PrivateFrameworks/CardServices.framework/CardServices.tbd
2026-06-03T08:46:51.3108580Z x iPhoneOS14.5.sdk/System/Library/PrivateFrameworks/IMAssistantCore.framework/
2026-06-03T08:46:51.3109470Z x iPhoneOS14.5.sdk/System/Library/PrivateFrameworks/IMAssistantCore.framework/IMAssistantCore.tbd
2026-06-03T08:46:51.3110040Z x iPhoneOS14.5.sdk/System/Library/PrivateFrameworks/AssistantSettingsSupport.framework/
2026-06-03T08:46:51.3111050Z x iPhoneOS14.5.sdk/System/Library/PrivateFrameworks/AssistantSettingsSupport.framework/AssistantSettingsSupport.tbd
2026-06-03T08:46:51.3111540Z x iPhoneOS14.5.sdk/System/Library/PrivateFrameworks/PrivateFederatedLearning.framework/
2026-06-03T08:46:51.3113440Z x iPhoneOS14.5.sdk/System/Library/PrivateFrameworks/PrivateFederatedLearning.framework/PrivateFederatedLearning.tbd
2026-06-03T08:46:51.3113690Z x iPhoneOS14.5.sdk/System/Library/PrivateFrameworks/AirPlayReceiver.framework/
2026-06-03T08:46:51.3118360Z x iPhoneOS14.5.sdk/System/Library/PrivateFrameworks/AirPlayReceiver.framework/AirPlayReceiver.tbd
2026-06-03T08:46:51.3118560Z x iPhoneOS14.5.sdk/System/Library/PrivateFrameworks/BiometricSupport.framework/
2026-06-03T08:46:51.3119560Z x iPhoneOS14.5.sdk/System/Library/PrivateFrameworks/BiometricSupport.framework/BiometricSupport.tbd
2026-06-03T08:46:51.3119930Z x iPhoneOS14.5.sdk/System/Library/PrivateFrameworks/ClipServices.framework/
2026-06-03T08:46:51.3121040Z x iPhoneOS14.5.sdk/System/Library/PrivateFrameworks/ClipServices.framework/ClipServices.tbd
2026-06-03T08:46:51.3121450Z x iPhoneOS14.5.sdk/System/Library/PrivateFrameworks/IntentsServices.framework/
2026-06-03T08:46:51.3122300Z x iPhoneOS14.5.sdk/System/Library/PrivateFrameworks/IntentsServices.framework/IntentsServices.tbd
2026-06-03T08:46:51.3123370Z x iPhoneOS14.5.sdk/System/Library/PrivateFrameworks/SiriReferenceResolution.framework/
2026-06-03T08:46:51.3124140Z x iPhoneOS14.5.sdk/System/Library/PrivateFrameworks/SiriReferenceResolution.framework/SiriReferenceResolution.tbd
2026-06-03T08:46:51.3124430Z x iPhoneOS14.5.sdk/System/Library/PrivateFrameworks/GPURawCounter.framework/
2026-06-03T08:46:51.3130140Z x iPhoneOS14.5.sdk/System/Library/PrivateFrameworks/GPURawCounter.framework/GPURawCounter.tbd
2026-06-03T08:46:51.3130450Z x iPhoneOS14.5.sdk/System/Library/PrivateFrameworks/IMSharedUtilities.framework/
2026-06-03T08:46:51.3131490Z x iPhoneOS14.5.sdk/System/Library/PrivateFrameworks/IMSharedUtilities.framework/IMSharedUtilities.tbd
2026-06-03T08:46:51.3131770Z x iPhoneOS14.5.sdk/System/Library/PrivateFrameworks/NotesShared.framework/
2026-06-03T08:46:51.3145640Z x iPhoneOS14.5.sdk/System/Library/PrivateFrameworks/NotesShared.framework/NotesShared.tbd
2026-06-03T08:46:51.3146020Z x iPhoneOS14.5.sdk/System/Library/PrivateFrameworks/ActionKit.framework/
2026-06-03T08:46:51.3170770Z x iPhoneOS14.5.sdk/System/Library/PrivateFrameworks/ActionKit.framework/ActionKit.tbd
2026-06-03T08:46:51.3170980Z x iPhoneOS14.5.sdk/System/Library/PrivateFrameworks/LocationSupport.framework/
2026-06-03T08:46:51.3175630Z x iPhoneOS14.5.sdk/System/Library/PrivateFrameworks/LocationSupport.framework/LocationSupport.tbd
2026-06-03T08:46:51.3175810Z x iPhoneOS14.5.sdk/System/Library/PrivateFrameworks/FMNetworking.framework/
2026-06-03T08:46:51.3176970Z x iPhoneOS14.5.sdk/System/Library/PrivateFrameworks/FMNetworking.framework/FMNetworking.tbd
2026-06-03T08:46:51.3177240Z x iPhoneOS14.5.sdk/System/Library/PrivateFrameworks/AutoLoop.framework/
2026-06-03T08:46:51.3178140Z x iPhoneOS14.5.sdk/System/Library/PrivateFrameworks/AutoLoop.framework/AutoLoop.tbd
2026-06-03T08:46:51.3178650Z x iPhoneOS14.5.sdk/System/Library/PrivateFrameworks/TouchML.framework/
2026-06-03T08:46:51.3181110Z x iPhoneOS14.5.sdk/System/Library/PrivateFrameworks/TouchML.framework/TouchML.tbd
2026-06-03T08:46:51.3181700Z x iPhoneOS14.5.sdk/System/Library/PrivateFrameworks/CoreDuet.framework/
2026-06-03T08:46:51.3192960Z x iPhoneOS14.5.sdk/System/Library/PrivateFrameworks/CoreDuet.framework/CoreDuet.tbd
2026-06-03T08:46:51.3193730Z x iPhoneOS14.5.sdk/System/Library/PrivateFrameworks/ActivityRingsUI.framework/
2026-06-03T08:46:51.3194940Z x iPhoneOS14.5.sdk/System/Library/PrivateFrameworks/ActivityRingsUI.framework/ActivityRingsUI.tbd
2026-06-03T08:46:51.3195570Z x iPhoneOS14.5.sdk/System/Library/PrivateFrameworks/SIMSetupSupport.framework/
2026-06-03T08:46:51.3195830Z x iPhoneOS14.5.sdk/System/Library/PrivateFrameworks/SIMSetupSupport.framework/SIMSetupSupport.tbd
2026-06-03T08:46:51.3196080Z x iPhoneOS14.5.sdk/System/Library/PrivateFrameworks/CoreUtils.framework/
2026-06-03T08:46:51.3215610Z x iPhoneOS14.5.sdk/System/Library/PrivateFrameworks/CoreUtils.framework/CoreUtils.tbd
2026-06-03T08:46:51.3215800Z x iPhoneOS14.5.sdk/System/Library/PrivateFrameworks/AXMediaUtilities.framework/
2026-06-03T08:46:51.3221690Z x iPhoneOS14.5.sdk/System/Library/PrivateFrameworks/AXMediaUtilities.framework/AXMediaUtilities.tbd
2026-06-03T08:46:51.3223170Z x iPhoneOS14.5.sdk/System/Library/PrivateFrameworks/CoverSheet.framework/
2026-06-03T08:46:51.3229920Z x iPhoneOS14.5.sdk/System/Library/PrivateFrameworks/CoverSheet.framework/CoverSheet.tbd
2026-06-03T08:46:51.3230440Z x iPhoneOS14.5.sdk/System/Library/PrivateFrameworks/LimitAdTracking.framework/
2026-06-03T08:46:51.3231810Z x iPhoneOS14.5.sdk/System/Library/PrivateFrameworks/LimitAdTracking.framework/LimitAdTracking.tbd
2026-06-03T08:46:51.3232430Z x iPhoneOS14.5.sdk/System/Library/PrivateFrameworks/ProactiveEventTracker.framework/
2026-06-03T08:46:51.3233730Z x iPhoneOS14.5.sdk/System/Library/PrivateFrameworks/ProactiveEventTracker.framework/ProactiveEventTracker.tbd
2026-06-03T08:46:51.3234020Z x iPhoneOS14.5.sdk/System/Library/PrivateFrameworks/ContactsDonationFeedback.framework/
2026-06-03T08:46:51.3234930Z x iPhoneOS14.5.sdk/System/Library/PrivateFrameworks/ContactsDonationFeedback.framework/ContactsDonationFeedback.tbd
2026-06-03T08:46:51.3235710Z x iPhoneOS14.5.sdk/System/Library/PrivateFrameworks/CommonUtilities.framework/
2026-06-03T08:46:51.3237300Z x iPhoneOS14.5.sdk/System/Library/PrivateFrameworks/CommonUtilities.framework/CommonUtilities.tbd
2026-06-03T08:46:51.3237650Z x iPhoneOS14.5.sdk/System/Library/PrivateFrameworks/SpotlightDaemon.framework/
2026-06-03T08:46:51.3244290Z x iPhoneOS14.5.sdk/System/Library/PrivateFrameworks/SpotlightDaemon.framework/SpotlightDaemon.tbd
2026-06-03T08:46:51.3244670Z x iPhoneOS14.5.sdk/System/Library/PrivateFrameworks/SiriDialogEngine.framework/
2026-06-03T08:46:51.3245670Z x iPhoneOS14.5.sdk/System/Library/PrivateFrameworks/SiriDialogEngine.framework/SiriDialogEngine.tbd
2026-06-03T08:46:51.3246270Z x iPhoneOS14.5.sdk/System/Library/PrivateFrameworks/PodcastsFoundation.framework/
2026-06-03T08:46:51.3247320Z x iPhoneOS14.5.sdk/System/Library/PrivateFrameworks/PodcastsFoundation.framework/PodcastsFoundation.tbd
2026-06-03T08:46:51.3247760Z x iPhoneOS14.5.sdk/System/Library/PrivateFrameworks/AssetExplorer.framework/
2026-06-03T08:46:51.3249530Z x iPhoneOS14.5.sdk/System/Library/PrivateFrameworks/AssetExplorer.framework/AssetExplorer.tbd
2026-06-03T08:46:51.3249980Z x iPhoneOS14.5.sdk/System/Library/PrivateFrameworks/CoreCaptureDaemon.framework/
2026-06-03T08:46:51.3250310Z x iPhoneOS14.5.sdk/System/Library/PrivateFrameworks/CoreCaptureDaemon.framework/CoreCaptureDaemon.tbd
2026-06-03T08:46:51.3251430Z x iPhoneOS14.5.sdk/System/Library/PrivateFrameworks/Montreal.framework/
2026-06-03T08:46:51.3256600Z x iPhoneOS14.5.sdk/System/Library/PrivateFrameworks/Montreal.framework/Montreal.tbd
2026-06-03T08:46:51.3256910Z x iPhoneOS14.5.sdk/System/Library/PrivateFrameworks/CoreNameParser.framework/
2026-06-03T08:46:51.3257880Z x iPhoneOS14.5.sdk/System/Library/PrivateFrameworks/CoreNameParser.framework/CoreNameParser.tbd
2026-06-03T08:46:51.3258410Z x iPhoneOS14.5.sdk/System/Library/PrivateFrameworks/AdAnalytics.framework/
2026-06-03T08:46:51.3259520Z x iPhoneOS14.5.sdk/System/Library/PrivateFrameworks/AdAnalytics.framework/AdAnalytics.tbd
2026-06-03T08:46:51.3260270Z x iPhoneOS14.5.sdk/System/Library/PrivateFrameworks/CoreSpeech.framework/
2026-06-03T08:46:51.3265600Z x iPhoneOS14.5.sdk/System/Library/PrivateFrameworks/CoreSpeech.framework/CoreSpeech.tbd
2026-06-03T08:46:51.3265910Z x iPhoneOS14.5.sdk/System/Library/PrivateFrameworks/MobileBackup.framework/
2026-06-03T08:46:51.3270670Z x iPhoneOS14.5.sdk/System/Library/PrivateFrameworks/MobileBackup.framework/MobileBackup.tbd
2026-06-03T08:46:51.3271080Z x iPhoneOS14.5.sdk/System/Library/PrivateFrameworks/VideoSubscriberAccountUI.framework/
2026-06-03T08:46:51.3272140Z x iPhoneOS14.5.sdk/System/Library/PrivateFrameworks/VideoSubscriberAccountUI.framework/VideoSubscriberAccountUI.tbd
2026-06-03T08:46:51.3272490Z x iPhoneOS14.5.sdk/System/Library/PrivateFrameworks/SymptomReporter.framework/
2026-06-03T08:46:51.3273400Z x iPhoneOS14.5.sdk/System/Library/PrivateFrameworks/SymptomReporter.framework/SymptomReporter.tbd
2026-06-03T08:46:51.3274170Z x iPhoneOS14.5.sdk/System/Library/PrivateFrameworks/WelcomeKitUI.framework/
2026-06-03T08:46:51.3275270Z x iPhoneOS14.5.sdk/System/Library/PrivateFrameworks/WelcomeKitUI.framework/WelcomeKitUI.tbd
2026-06-03T08:46:51.3275790Z x iPhoneOS14.5.sdk/System/Library/PrivateFrameworks/ContextKitExtraction.framework/
2026-06-03T08:46:51.3280580Z x iPhoneOS14.5.sdk/System/Library/PrivateFrameworks/ContextKitExtraction.framework/ContextKitExtraction.tbd
2026-06-03T08:46:51.3280790Z x iPhoneOS14.5.sdk/System/Library/PrivateFrameworks/EAFirmwareUpdater.framework/
2026-06-03T08:46:51.3281770Z x iPhoneOS14.5.sdk/System/Library/PrivateFrameworks/EAFirmwareUpdater.framework/EAFirmwareUpdater.tbd
2026-06-03T08:46:51.3282120Z x iPhoneOS14.5.sdk/System/Library/PrivateFrameworks/MapsSync.framework/
2026-06-03T08:46:51.3283030Z x iPhoneOS14.5.sdk/System/Library/PrivateFrameworks/MapsSync.framework/MapsSync.tbd
2026-06-03T08:46:51.3283640Z x iPhoneOS14.5.sdk/System/Library/PrivateFrameworks/MessageSecurity.framework/
2026-06-03T08:46:51.3284520Z x iPhoneOS14.5.sdk/System/Library/PrivateFrameworks/MessageSecurity.framework/MessageSecurity.tbd
2026-06-03T08:46:51.3284970Z x iPhoneOS14.5.sdk/System/Library/PrivateFrameworks/FeatureFlags.framework/
2026-06-03T08:46:51.3285690Z x iPhoneOS14.5.sdk/System/Library/PrivateFrameworks/FeatureFlags.framework/FeatureFlags.tbd
2026-06-03T08:46:51.3286140Z x iPhoneOS14.5.sdk/System/Library/PrivateFrameworks/SettingsFoundation.framework/
2026-06-03T08:46:51.3287090Z x iPhoneOS14.5.sdk/System/Library/PrivateFrameworks/SettingsFoundation.framework/SettingsFoundation.tbd
2026-06-03T08:46:51.3287340Z x iPhoneOS14.5.sdk/System/Library/PrivateFrameworks/ScoreBoard.framework/
2026-06-03T08:46:51.3288320Z x iPhoneOS14.5.sdk/System/Library/PrivateFrameworks/ScoreBoard.framework/ScoreBoard.tbd
2026-06-03T08:46:51.3288930Z x iPhoneOS14.5.sdk/System/Library/PrivateFrameworks/SecurityFoundation.framework/
2026-06-03T08:46:51.3289880Z x iPhoneOS14.5.sdk/System/Library/PrivateFrameworks/SecurityFoundation.framework/SecurityFoundation.tbd
2026-06-03T08:46:51.3294320Z x iPhoneOS14.5.sdk/System/Library/PrivateFrameworks/AccessibilityPlatformTranslation.framework/
2026-06-03T08:46:51.3295190Z x iPhoneOS14.5.sdk/System/Library/PrivateFrameworks/AccessibilityPlatformTranslation.framework/AccessibilityPlatformTranslation.tbd
2026-06-03T08:46:51.3295480Z x iPhoneOS14.5.sdk/System/Library/PrivateFrameworks/NewDeviceOutreach.framework/
2026-06-03T08:46:51.3296390Z x iPhoneOS14.5.sdk/System/Library/PrivateFrameworks/NewDeviceOutreach.framework/NewDeviceOutreach.tbd
2026-06-03T08:46:51.3296770Z x iPhoneOS14.5.sdk/System/Library/PrivateFrameworks/ActivitySharingUI.framework/
2026-06-03T08:46:51.3297960Z x iPhoneOS14.5.sdk/System/Library/PrivateFrameworks/ActivitySharingUI.framework/ActivitySharingUI.tbd
2026-06-03T08:46:51.3298210Z x iPhoneOS14.5.sdk/System/Library/PrivateFrameworks/CalendarWidget.framework/
2026-06-03T08:46:51.3298920Z x iPhoneOS14.5.sdk/System/Library/PrivateFrameworks/CalendarWidget.framework/CalendarWidget.tbd
2026-06-03T08:46:51.3299280Z x iPhoneOS14.5.sdk/System/Library/PrivateFrameworks/UITriggerVC.framework/
2026-06-03T08:46:51.3300260Z x iPhoneOS14.5.sdk/System/Library/PrivateFrameworks/UITriggerVC.framework/UITriggerVC.tbd
2026-06-03T08:46:51.3300720Z x iPhoneOS14.5.sdk/System/Library/PrivateFrameworks/HDRProcessing.framework/
2026-06-03T08:46:51.3305860Z x iPhoneOS14.5.sdk/System/Library/PrivateFrameworks/HDRProcessing.framework/HDRProcessing.tbd
2026-06-03T08:46:51.3306100Z x iPhoneOS14.5.sdk/System/Library/PrivateFrameworks/AudioPasscode.framework/
2026-06-03T08:46:51.3307230Z x iPhoneOS14.5.sdk/System/Library/PrivateFrameworks/AudioPasscode.framework/AudioPasscode.tbd
2026-06-03T08:46:51.3307540Z x iPhoneOS14.5.sdk/System/Library/PrivateFrameworks/FMCoreLite.framework/
2026-06-03T08:46:51.3308690Z x iPhoneOS14.5.sdk/System/Library/PrivateFrameworks/FMCoreLite.framework/FMCoreLite.tbd
2026-06-03T08:46:51.3309160Z x iPhoneOS14.5.sdk/System/Library/PrivateFrameworks/TelephonyXPCServer.framework/
2026-06-03T08:46:51.3310090Z x iPhoneOS14.5.sdk/System/Library/PrivateFrameworks/TelephonyXPCServer.framework/TelephonyXPCServer.tbd
2026-06-03T08:46:51.3310610Z x iPhoneOS14.5.sdk/System/Library/PrivateFrameworks/iCloudQuotaDaemon.framework/
2026-06-03T08:46:51.3311490Z x iPhoneOS14.5.sdk/System/Library/PrivateFrameworks/iCloudQuotaDaemon.framework/iCloudQuotaDaemon.tbd
2026-06-03T08:46:51.3311890Z x iPhoneOS14.5.sdk/System/Library/PrivateFrameworks/MobileSafari.framework/
2026-06-03T08:46:51.3313860Z x iPhoneOS14.5.sdk/System/Library/PrivateFrameworks/MobileSafari.framework/MobileSafari.tbd
2026-06-03T08:46:51.3315030Z x iPhoneOS14.5.sdk/System/Library/PrivateFrameworks/MobileSafari.framework/PlugIns/
2026-06-03T08:46:51.3315280Z x iPhoneOS14.5.sdk/System/Library/PrivateFrameworks/MobileSafari.framework/PlugIns/Safari.wkbundle/
2026-06-03T08:46:51.3315670Z x iPhoneOS14.5.sdk/System/Library/PrivateFrameworks/MobileSafari.framework/PlugIns/Safari.wkbundle/Safari.tbd
2026-06-03T08:46:51.3316090Z x iPhoneOS14.5.sdk/System/Library/PrivateFrameworks/AirPlaySync.framework/
2026-06-03T08:46:51.3320780Z x iPhoneOS14.5.sdk/System/Library/PrivateFrameworks/AirPlaySync.framework/AirPlaySync.tbd
2026-06-03T08:46:51.3320980Z x iPhoneOS14.5.sdk/System/Library/PrivateFrameworks/MobileInstallation.framework/
2026-06-03T08:46:51.3321840Z x iPhoneOS14.5.sdk/System/Library/PrivateFrameworks/MobileInstallation.framework/MobileInstallation.tbd
2026-06-03T08:46:51.3322290Z x iPhoneOS14.5.sdk/System/Library/PrivateFrameworks/TrialProto.framework/
2026-06-03T08:46:51.3323530Z x iPhoneOS14.5.sdk/System/Library/PrivateFrameworks/TrialProto.framework/TrialProto.tbd
2026-06-03T08:46:51.3324690Z x iPhoneOS14.5.sdk/System/Library/PrivateFrameworks/NewsPersonalization.framework/
2026-06-03T08:46:51.3329690Z x iPhoneOS14.5.sdk/System/Library/PrivateFrameworks/NewsPersonalization.framework/NewsPersonalization.tbd
2026-06-03T08:46:51.3329880Z x iPhoneOS14.5.sdk/System/Library/PrivateFrameworks/DeviceOMatic.framework/
2026-06-03T08:46:51.3330600Z x iPhoneOS14.5.sdk/System/Library/PrivateFrameworks/DeviceOMatic.framework/DeviceOMatic.tbd
2026-06-03T08:46:51.3331060Z x iPhoneOS14.5.sdk/System/Library/PrivateFrameworks/MMCSServices.framework/
2026-06-03T08:46:51.3331920Z x iPhoneOS14.5.sdk/System/Library/PrivateFrameworks/MMCSServices.framework/MMCSServices.tbd
2026-06-03T08:46:51.3332350Z x iPhoneOS14.5.sdk/System/Library/PrivateFrameworks/Silex.framework/
2026-06-03T08:46:51.3345890Z x iPhoneOS14.5.sdk/System/Library/PrivateFrameworks/Silex.framework/Silex.tbd
2026-06-03T08:46:51.3350740Z x iPhoneOS14.5.sdk/System/Library/PrivateFrameworks/HealthUI.framework/
2026-06-03T08:46:51.3368800Z x iPhoneOS14.5.sdk/System/Library/PrivateFrameworks/HealthUI.framework/HealthUI.tbd
2026-06-03T08:46:51.3372560Z x iPhoneOS14.5.sdk/System/Library/PrivateFrameworks/CoreUARP.framework/
2026-06-03T08:46:51.3407160Z x iPhoneOS14.5.sdk/System/Library/PrivateFrameworks/CoreUARP.framework/CoreUARP.tbd
2026-06-03T08:46:51.3407430Z x iPhoneOS14.5.sdk/System/Library/PrivateFrameworks/SOS.framework/
2026-06-03T08:46:51.3407770Z x iPhoneOS14.5.sdk/System/Library/PrivateFrameworks/SOS.framework/SOS.tbd
2026-06-03T08:46:51.3408020Z x iPhoneOS14.5.sdk/System/Library/PrivateFrameworks/CalendarDaemon.framework/
2026-06-03T08:46:51.3408380Z x iPhoneOS14.5.sdk/System/Library/PrivateFrameworks/CalendarDaemon.framework/CalendarDaemon.tbd
2026-06-03T08:46:51.3408580Z x iPhoneOS14.5.sdk/System/Library/PrivateFrameworks/SMBSearch.framework/
2026-06-03T08:46:51.3408820Z x iPhoneOS14.5.sdk/System/Library/PrivateFrameworks/SMBSearch.framework/SMBSearch.tbd
2026-06-03T08:46:51.3409070Z x iPhoneOS14.5.sdk/System/Library/PrivateFrameworks/SpringBoardFoundation.framework/
2026-06-03T08:46:51.3409400Z x iPhoneOS14.5.sdk/System/Library/PrivateFrameworks/SpringBoardFoundation.framework/SpringBoardFoundation.tbd
2026-06-03T08:46:51.3409650Z x iPhoneOS14.5.sdk/System/Library/PrivateFrameworks/SiriDailyBriefingInternal.framework/
2026-06-03T08:46:51.3410010Z x iPhoneOS14.5.sdk/System/Library/PrivateFrameworks/SiriDailyBriefingInternal.framework/SiriDailyBriefingInternal.tbd
2026-06-03T08:46:51.3410400Z x iPhoneOS14.5.sdk/System/Library/PrivateFrameworks/PhotoFoundation.framework/
2026-06-03T08:46:51.3410720Z x iPhoneOS14.5.sdk/System/Library/PrivateFrameworks/PhotoFoundation.framework/PhotoFoundation.tbd
2026-06-03T08:46:51.3410980Z x iPhoneOS14.5.sdk/System/Library/PrivateFrameworks/WebInspector.framework/
2026-06-03T08:46:51.3411280Z x iPhoneOS14.5.sdk/System/Library/PrivateFrameworks/WebInspector.framework/WebInspector.tbd
2026-06-03T08:46:51.3411520Z x iPhoneOS14.5.sdk/System/Library/PrivateFrameworks/SiriKitInvocation.framework/
2026-06-03T08:46:51.3411820Z x iPhoneOS14.5.sdk/System/Library/PrivateFrameworks/SiriKitInvocation.framework/SiriKitInvocation.tbd
2026-06-03T08:46:51.3413220Z x iPhoneOS14.5.sdk/System/Library/PrivateFrameworks/MusicCarDisplayUI.framework/
2026-06-03T08:46:51.3413530Z x iPhoneOS14.5.sdk/System/Library/PrivateFrameworks/MusicCarDisplayUI.framework/MusicCarDisplayUI.tbd
2026-06-03T08:46:51.3413780Z x iPhoneOS14.5.sdk/System/Library/PrivateFrameworks/OSAServicesClient.framework/
2026-06-03T08:46:51.3414270Z x iPhoneOS14.5.sdk/System/Library/PrivateFrameworks/OSAServicesClient.framework/OSAServicesClient.tbd
2026-06-03T08:46:51.3414530Z x iPhoneOS14.5.sdk/System/Library/PrivateFrameworks/DeviceManagement.framework/
2026-06-03T08:46:51.3422560Z x iPhoneOS14.5.sdk/System/Library/PrivateFrameworks/DeviceManagement.framework/DeviceManagement.tbd
2026-06-03T08:46:51.3423410Z x iPhoneOS14.5.sdk/System/Library/PrivateFrameworks/AuthKit.framework/
2026-06-03T08:46:51.3423690Z x iPhoneOS14.5.sdk/System/Library/PrivateFrameworks/AuthKit.framework/AuthKit.tbd
2026-06-03T08:46:51.3423910Z x iPhoneOS14.5.sdk/System/Library/PrivateFrameworks/AppSSOCore.framework/
2026-06-03T08:46:51.3424160Z x iPhoneOS14.5.sdk/System/Library/PrivateFrameworks/AppSSOCore.framework/AppSSOCore.tbd
2026-06-03T08:46:51.3424410Z x iPhoneOS14.5.sdk/System/Library/PrivateFrameworks/AccessoryAssistiveTouch.framework/
2026-06-03T08:46:51.3425710Z x iPhoneOS14.5.sdk/System/Library/PrivateFrameworks/AccessoryAssistiveTouch.framework/AccessoryAssistiveTouch.tbd
2026-06-03T08:46:51.3425930Z x iPhoneOS14.5.sdk/System/Library/PrivateFrameworks/CoreRE.framework/
2026-06-03T08:46:51.3431280Z x iPhoneOS14.5.sdk/System/Library/PrivateFrameworks/CoreRE.framework/CoreRE.tbd
2026-06-03T08:46:51.3431990Z x iPhoneOS14.5.sdk/System/Library/PrivateFrameworks/CalDAV.framework/
2026-06-03T08:46:51.3432970Z x iPhoneOS14.5.sdk/System/Library/PrivateFrameworks/CalDAV.framework/CalDAV.tbd
2026-06-03T08:46:51.3433550Z x iPhoneOS14.5.sdk/System/Library/PrivateFrameworks/ActionPredictionHeuristicsInternal.framework/
2026-06-03T08:46:51.3439210Z x iPhoneOS14.5.sdk/System/Library/PrivateFrameworks/ActionPredictionHeuristicsInternal.framework/ActionPredictionHeuristicsInternal.tbd
2026-06-03T08:46:51.3439420Z x iPhoneOS14.5.sdk/System/Library/PrivateFrameworks/SoftwareUpdateSettings.framework/
2026-06-03T08:46:51.3441310Z x iPhoneOS14.5.sdk/System/Library/PrivateFrameworks/SoftwareUpdateSettings.framework/SoftwareUpdateSettings.tbd
2026-06-03T08:46:51.3441500Z x iPhoneOS14.5.sdk/System/Library/PrivateFrameworks/BatteryCenter.framework/
2026-06-03T08:46:51.3441890Z x iPhoneOS14.5.sdk/System/Library/PrivateFrameworks/BatteryCenter.framework/BatteryCenter.tbd
2026-06-03T08:46:51.3442220Z x iPhoneOS14.5.sdk/System/Library/PrivateFrameworks/IMTranscoderAgent.framework/
2026-06-03T08:46:51.3443210Z x iPhoneOS14.5.sdk/System/Library/PrivateFrameworks/IMTranscoderAgent.framework/IMTranscoderAgent.tbd
2026-06-03T08:46:51.3443520Z x iPhoneOS14.5.sdk/System/Library/PrivateFrameworks/PubSub.framework/
2026-06-03T08:46:51.3444450Z x iPhoneOS14.5.sdk/System/Library/PrivateFrameworks/PubSub.framework/PubSub.tbd
2026-06-03T08:46:51.3444880Z x iPhoneOS14.5.sdk/System/Library/PrivateFrameworks/PhotoLibrary.framework/
2026-06-03T08:46:51.3450310Z x iPhoneOS14.5.sdk/System/Library/PrivateFrameworks/PhotoLibrary.framework/PhotoLibrary.tbd
2026-06-03T08:46:51.3450580Z x iPhoneOS14.5.sdk/System/Library/PrivateFrameworks/SystemStatusServer.framework/
2026-06-03T08:46:51.3451340Z x iPhoneOS14.5.sdk/System/Library/PrivateFrameworks/SystemStatusServer.framework/SystemStatusServer.tbd
2026-06-03T08:46:51.3451750Z x iPhoneOS14.5.sdk/System/Library/PrivateFrameworks/SoftwareUpdateCoreSupport.framework/
2026-06-03T08:46:51.3452790Z x iPhoneOS14.5.sdk/System/Library/PrivateFrameworks/SoftwareUpdateCoreSupport.framework/SoftwareUpdateCoreSupport.tbd
2026-06-03T08:46:51.3453060Z x iPhoneOS14.5.sdk/System/Library/PrivateFrameworks/DAEASOAuthFramework.framework/
2026-06-03T08:46:51.3453930Z x iPhoneOS14.5.sdk/System/Library/PrivateFrameworks/DAEASOAuthFramework.framework/DAEASOAuthFramework.tbd
2026-06-03T08:46:51.3454260Z x iPhoneOS14.5.sdk/System/Library/PrivateFrameworks/GPUSupport.framework/
2026-06-03T08:46:51.3456010Z x iPhoneOS14.5.sdk/System/Library/PrivateFrameworks/GPUSupport.framework/libGPUSupportMercury.tbd
2026-06-03T08:46:51.3456180Z x iPhoneOS14.5.sdk/System/Library/PrivateFrameworks/AccessoryHID.framework/
2026-06-03T08:46:51.3456980Z x iPhoneOS14.5.sdk/System/Library/PrivateFrameworks/AccessoryHID.framework/AccessoryHID.tbd
2026-06-03T08:46:51.3457480Z x iPhoneOS14.5.sdk/System/Library/PrivateFrameworks/BrookServices.framework/
2026-06-03T08:46:51.3462160Z x iPhoneOS14.5.sdk/System/Library/PrivateFrameworks/BrookServices.framework/BrookServices.tbd
2026-06-03T08:46:51.3462450Z x iPhoneOS14.5.sdk/System/Library/PrivateFrameworks/CryptoKitCBridging.framework/
2026-06-03T08:46:51.3463440Z x iPhoneOS14.5.sdk/System/Library/PrivateFrameworks/CryptoKitCBridging.framework/CryptoKitCBridging.tbd
2026-06-03T08:46:51.3463730Z x iPhoneOS14.5.sdk/System/Library/PrivateFrameworks/AlgosScoreFramework.framework/
2026-06-03T08:46:51.3465530Z x iPhoneOS14.5.sdk/System/Library/PrivateFrameworks/AlgosScoreFramework.framework/AlgosScoreFramework.tbd
2026-06-03T08:46:51.3465770Z x iPhoneOS14.5.sdk/System/Library/PrivateFrameworks/WeatherCharts.framework/
2026-06-03T08:46:51.3466440Z x iPhoneOS14.5.sdk/System/Library/PrivateFrameworks/WeatherCharts.framework/WeatherCharts.tbd
2026-06-03T08:46:51.3466970Z x iPhoneOS14.5.sdk/System/Library/PrivateFrameworks/TeaUI.framework/
2026-06-03T08:46:51.3467840Z x iPhoneOS14.5.sdk/System/Library/PrivateFrameworks/TeaUI.framework/TeaUI.tbd
2026-06-03T08:46:51.3468420Z x iPhoneOS14.5.sdk/System/Library/PrivateFrameworks/ToneKit.framework/
2026-06-03T08:46:51.3469340Z x iPhoneOS14.5.sdk/System/Library/PrivateFrameworks/ToneKit.framework/ToneKit.tbd
2026-06-03T08:46:51.3469880Z x iPhoneOS14.5.sdk/System/Library/PrivateFrameworks/AutoBugCaptureCore.framework/
2026-06-03T08:46:51.3475940Z x iPhoneOS14.5.sdk/System/Library/PrivateFrameworks/AutoBugCaptureCore.framework/AutoBugCaptureCore.tbd
2026-06-03T08:46:51.3476170Z x iPhoneOS14.5.sdk/System/Library/PrivateFrameworks/AvatarUI.framework/
2026-06-03T08:46:51.3483960Z x iPhoneOS14.5.sdk/System/Library/PrivateFrameworks/AvatarUI.framework/AvatarUI.tbd
2026-06-03T08:46:51.3484260Z x iPhoneOS14.5.sdk/System/Library/PrivateFrameworks/SpotlightUIInternal.framework/
2026-06-03T08:46:51.3485270Z x iPhoneOS14.5.sdk/System/Library/PrivateFrameworks/SpotlightUIInternal.framework/SpotlightUIInternal.tbd
2026-06-03T08:46:51.3485690Z x iPhoneOS14.5.sdk/System/Library/PrivateFrameworks/ChronoServices.framework/
2026-06-03T08:46:51.3486590Z x iPhoneOS14.5.sdk/System/Library/PrivateFrameworks/ChronoServices.framework/ChronoServices.tbd
2026-06-03T08:46:51.3487090Z x iPhoneOS14.5.sdk/System/Library/PrivateFrameworks/PhotoVision.framework/
2026-06-03T08:46:51.3492380Z x iPhoneOS14.5.sdk/System/Library/PrivateFrameworks/PhotoVision.framework/PhotoVision.tbd
2026-06-03T08:46:51.3492660Z x iPhoneOS14.5.sdk/System/Library/PrivateFrameworks/MMCS.framework/
2026-06-03T08:46:51.3494100Z x iPhoneOS14.5.sdk/System/Library/PrivateFrameworks/MMCS.framework/MMCS.tbd
2026-06-03T08:46:51.3494720Z x iPhoneOS14.5.sdk/System/Library/PrivateFrameworks/SPShared.framework/
2026-06-03T08:46:51.3495790Z x iPhoneOS14.5.sdk/System/Library/PrivateFrameworks/SPShared.framework/SPShared.tbd
2026-06-03T08:46:51.3496200Z x iPhoneOS14.5.sdk/System/Library/PrivateFrameworks/LocalAuthenticationPrivateUI.framework/
2026-06-03T08:46:51.3497250Z x iPhoneOS14.5.sdk/System/Library/PrivateFrameworks/LocalAuthenticationPrivateUI.framework/LocalAuthenticationPrivateUI.tbd
2026-06-03T08:46:51.3501910Z x iPhoneOS14.5.sdk/System/Library/PrivateFrameworks/PlugInKit.framework/
2026-06-03T08:46:51.3502610Z x iPhoneOS14.5.sdk/System/Library/PrivateFrameworks/PlugInKit.framework/PlugInKit.tbd
2026-06-03T08:46:51.3502990Z x iPhoneOS14.5.sdk/System/Library/PrivateFrameworks/BaseBoard.framework/
2026-06-03T08:46:51.3504280Z x iPhoneOS14.5.sdk/System/Library/PrivateFrameworks/BaseBoard.framework/BaseBoard.tbd
2026-06-03T08:46:51.3504480Z x iPhoneOS14.5.sdk/System/Library/PrivateFrameworks/PowerlogLiteOperators.framework/
2026-06-03T08:46:51.3520470Z x iPhoneOS14.5.sdk/System/Library/PrivateFrameworks/PowerlogLiteOperators.framework/PowerlogLiteOperators.tbd
2026-06-03T08:46:51.3520720Z x iPhoneOS14.5.sdk/System/Library/PrivateFrameworks/iAdDeveloper.framework/
2026-06-03T08:46:51.3521820Z x iPhoneOS14.5.sdk/System/Library/PrivateFrameworks/iAdDeveloper.framework/iAdDeveloper.tbd
2026-06-03T08:46:51.3522190Z x iPhoneOS14.5.sdk/System/Library/PrivateFrameworks/IMCore.framework/
2026-06-03T08:46:51.3528170Z x iPhoneOS14.5.sdk/System/Library/PrivateFrameworks/IMCore.framework/IMCore.tbd
2026-06-03T08:46:51.3528480Z x iPhoneOS14.5.sdk/System/Library/PrivateFrameworks/NewsServices.framework/
2026-06-03T08:46:51.3529820Z x iPhoneOS14.5.sdk/System/Library/PrivateFrameworks/NewsServices.framework/NewsServices.tbd
2026-06-03T08:46:51.3530150Z x iPhoneOS14.5.sdk/System/Library/PrivateFrameworks/NanoMusicSync.framework/
2026-06-03T08:46:51.3531370Z x iPhoneOS14.5.sdk/System/Library/PrivateFrameworks/NanoMusicSync.framework/NanoMusicSync.tbd
2026-06-03T08:46:51.3531660Z x iPhoneOS14.5.sdk/System/Library/PrivateFrameworks/TVUIKit.framework/
2026-06-03T08:46:51.3532940Z x iPhoneOS14.5.sdk/System/Library/PrivateFrameworks/TVUIKit.framework/TVUIKit.tbd
2026-06-03T08:46:51.3533420Z x iPhoneOS14.5.sdk/System/Library/PrivateFrameworks/MediaStream.framework/
2026-06-03T08:46:51.3538070Z x iPhoneOS14.5.sdk/System/Library/PrivateFrameworks/MediaStream.framework/MediaStream.tbd
2026-06-03T08:46:51.3538460Z x iPhoneOS14.5.sdk/System/Library/PrivateFrameworks/BoardServices.framework/
2026-06-03T08:46:51.3539900Z x iPhoneOS14.5.sdk/System/Library/PrivateFrameworks/BoardServices.framework/BoardServices.tbd
2026-06-03T08:46:51.3540290Z x iPhoneOS14.5.sdk/System/Library/PrivateFrameworks/Haptics.framework/
2026-06-03T08:46:51.3541140Z x iPhoneOS14.5.sdk/System/Library/PrivateFrameworks/Haptics.framework/Haptics.tbd
2026-06-03T08:46:51.3541640Z x iPhoneOS14.5.sdk/System/Library/PrivateFrameworks/InternationalTextSearch.framework/
2026-06-03T08:46:51.3542600Z x iPhoneOS14.5.sdk/System/Library/PrivateFrameworks/InternationalTextSearch.framework/InternationalTextSearch.tbd
2026-06-03T08:46:51.3542930Z x iPhoneOS14.5.sdk/System/Library/PrivateFrameworks/AssertionServices.framework/
2026-06-03T08:46:51.3543850Z x iPhoneOS14.5.sdk/System/Library/PrivateFrameworks/AssertionServices.framework/AssertionServices.tbd
2026-06-03T08:46:51.3544430Z x iPhoneOS14.5.sdk/System/Library/PrivateFrameworks/FTServices.framework/
2026-06-03T08:46:51.3545880Z x iPhoneOS14.5.sdk/System/Library/PrivateFrameworks/FTServices.framework/FTServices.tbd
2026-06-03T08:46:51.3549000Z x iPhoneOS14.5.sdk/System/Library/PrivateFrameworks/DuetRecommendation.framework/
2026-06-03T08:46:51.3549910Z x iPhoneOS14.5.sdk/System/Library/PrivateFrameworks/DuetRecommendation.framework/DuetRecommendation.tbd
2026-06-03T08:46:51.3550430Z x iPhoneOS14.5.sdk/System/Library/PrivateFrameworks/ReminderKitUI.framework/
2026-06-03T08:46:51.3550900Z x iPhoneOS14.5.sdk/System/Library/PrivateFrameworks/ReminderKitUI.framework/ReminderKitUI.tbd
2026-06-03T08:46:51.3551370Z x iPhoneOS14.5.sdk/System/Library/PrivateFrameworks/CPAnalytics.framework/
2026-06-03T08:46:51.3557270Z x iPhoneOS14.5.sdk/System/Library/PrivateFrameworks/CPAnalytics.framework/CPAnalytics.tbd
2026-06-03T08:46:51.3559210Z x iPhoneOS14.5.sdk/System/Library/PrivateFrameworks/FilesActionsUI.framework/
2026-06-03T08:46:51.3559710Z x iPhoneOS14.5.sdk/System/Library/PrivateFrameworks/FilesActionsUI.framework/FilesActionsUI.tbd
2026-06-03T08:46:51.3560260Z x iPhoneOS14.5.sdk/System/Library/PrivateFrameworks/MessageLegacy.framework/
2026-06-03T08:46:51.3560830Z x iPhoneOS14.5.sdk/System/Library/PrivateFrameworks/MessageLegacy.framework/MailServices/
2026-06-03T08:46:51.3561420Z x iPhoneOS14.5.sdk/System/Library/PrivateFrameworks/MessageLegacy.framework/MailServices/IMAP.framework/
2026-06-03T08:46:51.3562040Z x iPhoneOS14.5.sdk/System/Library/PrivateFrameworks/MessageLegacy.framework/MailServices/IMAP.framework/IMAP.tbd
2026-06-03T08:46:51.3567060Z x iPhoneOS14.5.sdk/System/Library/PrivateFrameworks/MessageLegacy.framework/MessageLegacy.tbd
2026-06-03T08:46:51.3567550Z x iPhoneOS14.5.sdk/System/Library/PrivateFrameworks/RemoteStateDumpKit.framework/
2026-06-03T08:46:51.3568340Z x iPhoneOS14.5.sdk/System/Library/PrivateFrameworks/RemoteStateDumpKit.framework/RemoteStateDumpKit.tbd
2026-06-03T08:46:51.3569200Z x iPhoneOS14.5.sdk/System/Library/PrivateFrameworks/LiveFS.framework/
2026-06-03T08:46:51.3570130Z x iPhoneOS14.5.sdk/System/Library/PrivateFrameworks/LiveFS.framework/LiveFS.tbd
2026-06-03T08:46:51.3570600Z x iPhoneOS14.5.sdk/System/Library/PrivateFrameworks/RespiratoryHealthDaemon.framework/
2026-06-03T08:46:51.3571470Z x iPhoneOS14.5.sdk/System/Library/PrivateFrameworks/RespiratoryHealthDaemon.framework/RespiratoryHealthDaemon.tbd
2026-06-03T08:46:51.3572000Z x iPhoneOS14.5.sdk/System/Library/PrivateFrameworks/WebApp.framework/
2026-06-03T08:46:51.3572590Z x iPhoneOS14.5.sdk/System/Library/PrivateFrameworks/WebApp.framework/WebApp.tbd
2026-06-03T08:46:51.3573200Z x iPhoneOS14.5.sdk/System/Library/PrivateFrameworks/MetalTools.framework/
2026-06-03T08:46:51.3578160Z x iPhoneOS14.5.sdk/System/Library/PrivateFrameworks/MetalTools.framework/MetalTools.tbd
2026-06-03T08:46:51.3578850Z x iPhoneOS14.5.sdk/System/Library/PrivateFrameworks/ContactsAssistantServices.framework/
2026-06-03T08:46:51.3580230Z x iPhoneOS14.5.sdk/System/Library/PrivateFrameworks/ContactsAssistantServices.framework/ContactsAssistantServices.tbd
2026-06-03T08:46:51.3586000Z x iPhoneOS14.5.sdk/System/Library/PrivateFrameworks/AddressBookLegacy.framework/
2026-06-03T08:46:51.3586570Z x iPhoneOS14.5.sdk/System/Library/PrivateFrameworks/AddressBookLegacy.framework/AddressBookLegacy.tbd
2026-06-03T08:46:51.3587110Z x iPhoneOS14.5.sdk/System/Library/PrivateFrameworks/PowerlogHelperdOperators.framework/
2026-06-03T08:46:51.3592270Z x iPhoneOS14.5.sdk/System/Library/PrivateFrameworks/PowerlogHelperdOperators.framework/PowerlogHelperdOperators.tbd
2026-06-03T08:46:51.3592830Z x iPhoneOS14.5.sdk/System/Library/PrivateFrameworks/AppLaunchStats.framework/
2026-06-03T08:46:51.3593310Z x iPhoneOS14.5.sdk/System/Library/PrivateFrameworks/AppLaunchStats.framework/AppLaunchStats.tbd
2026-06-03T08:46:51.3593860Z x iPhoneOS14.5.sdk/System/Library/PrivateFrameworks/CoreHAP.framework/
2026-06-03T08:46:51.3606950Z x iPhoneOS14.5.sdk/System/Library/PrivateFrameworks/CoreHAP.framework/CoreHAP.tbd
2026-06-03T08:46:51.3612810Z x iPhoneOS14.5.sdk/System/Library/PrivateFrameworks/ASOctaneSupport.framework/
2026-06-03T08:46:51.3615500Z x iPhoneOS14.5.sdk/System/Library/PrivateFrameworks/ASOctaneSupport.framework/ASOctaneSupport.tbd
2026-06-03T08:46:51.3616070Z x iPhoneOS14.5.sdk/System/Library/PrivateFrameworks/ContinuousDialogManagerService.framework/
2026-06-03T08:46:51.3616720Z x iPhoneOS14.5.sdk/System/Library/PrivateFrameworks/ContinuousDialogManagerService.framework/ContinuousDialogManagerService.tbd
2026-06-03T08:46:51.3617340Z x iPhoneOS14.5.sdk/System/Library/PrivateFrameworks/AppleM8CameraInterface.framework/
2026-06-03T08:46:51.3617910Z x iPhoneOS14.5.sdk/System/Library/PrivateFrameworks/AppleM8CameraInterface.framework/AppleM8CameraInterface.tbd
2026-06-03T08:46:51.3618440Z x iPhoneOS14.5.sdk/System/Library/PrivateFrameworks/IDSFoundation.framework/
2026-06-03T08:46:51.3624620Z x iPhoneOS14.5.sdk/System/Library/PrivateFrameworks/IDSFoundation.framework/IDSFoundation.tbd
2026-06-03T08:46:51.3625940Z x iPhoneOS14.5.sdk/System/Library/PrivateFrameworks/SlideshowKit.framework/
2026-06-03T08:46:51.3627110Z x iPhoneOS14.5.sdk/System/Library/PrivateFrameworks/SlideshowKit.framework/Frameworks/
2026-06-03T08:46:51.3628640Z x iPhoneOS14.5.sdk/System/Library/PrivateFrameworks/SlideshowKit.framework/Frameworks/OpusKit.framework/
2026-06-03T08:46:51.3630870Z x iPhoneOS14.5.sdk/System/Library/PrivateFrameworks/SlideshowKit.framework/Frameworks/OpusKit.framework/OpusKit.tbd
2026-06-03T08:46:51.3632390Z x iPhoneOS14.5.sdk/System/Library/PrivateFrameworks/SlideshowKit.framework/Frameworks/OpusFoundation.framework/
2026-06-03T08:46:51.3636300Z x iPhoneOS14.5.sdk/System/Library/PrivateFrameworks/SlideshowKit.framework/Frameworks/OpusFoundation.framework/OpusFoundation.tbd
2026-06-03T08:46:51.3637000Z x iPhoneOS14.5.sdk/System/Library/PrivateFrameworks/SlideshowKit.framework/SlideshowKit.tbd
2026-06-03T08:46:51.3637920Z x iPhoneOS14.5.sdk/System/Library/PrivateFrameworks/ProactiveInputPredictionsInternals.framework/
2026-06-03T08:46:51.3639560Z x iPhoneOS14.5.sdk/System/Library/PrivateFrameworks/ProactiveInputPredictionsInternals.framework/ProactiveInputPredictionsInternals.tbd
2026-06-03T08:46:51.3642950Z x iPhoneOS14.5.sdk/System/Library/PrivateFrameworks/NewsAnalytics.framework/
2026-06-03T08:46:51.3643910Z x iPhoneOS14.5.sdk/System/Library/PrivateFrameworks/NewsAnalytics.framework/NewsAnalytics.tbd
2026-06-03T08:46:51.3644440Z x iPhoneOS14.5.sdk/System/Library/PrivateFrameworks/SiriAnalytics.framework/
2026-06-03T08:46:51.3644950Z x iPhoneOS14.5.sdk/System/Library/PrivateFrameworks/SiriAnalytics.framework/SiriAnalytics.tbd
2026-06-03T08:46:51.3645470Z x iPhoneOS14.5.sdk/System/Library/PrivateFrameworks/DiagnosticLogCollection.framework/
2026-06-03T08:46:51.3646110Z x iPhoneOS14.5.sdk/System/Library/PrivateFrameworks/DiagnosticLogCollection.framework/DiagnosticLogCollection.tbd
2026-06-03T08:46:51.3647170Z x iPhoneOS14.5.sdk/System/Library/PrivateFrameworks/NLPLearner.framework/
2026-06-03T08:46:51.3647650Z x iPhoneOS14.5.sdk/System/Library/PrivateFrameworks/NLPLearner.framework/NLPLearner.tbd
2026-06-03T08:46:51.3648190Z x iPhoneOS14.5.sdk/System/Library/PrivateFrameworks/PencilPairingUI.framework/
2026-06-03T08:46:51.3655500Z x iPhoneOS14.5.sdk/System/Library/PrivateFrameworks/PencilPairingUI.framework/PencilPairingUI.tbd
2026-06-03T08:46:51.3656200Z x iPhoneOS14.5.sdk/System/Library/PrivateFrameworks/DiagnosticRequest.framework/
2026-06-03T08:46:51.3657000Z x iPhoneOS14.5.sdk/System/Library/PrivateFrameworks/DiagnosticRequest.framework/DiagnosticRequest.tbd
2026-06-03T08:46:51.3657530Z x iPhoneOS14.5.sdk/System/Library/PrivateFrameworks/FusionPluginServices.framework/
2026-06-03T08:46:51.3663450Z x iPhoneOS14.5.sdk/System/Library/PrivateFrameworks/FusionPluginServices.framework/FusionPluginServices.tbd
2026-06-03T08:46:51.3664490Z x iPhoneOS14.5.sdk/System/Library/PrivateFrameworks/SMBClientProvider.framework/
2026-06-03T08:46:51.3665080Z x iPhoneOS14.5.sdk/System/Library/PrivateFrameworks/SMBClientProvider.framework/SMBClientProvider.tbd
2026-06-03T08:46:51.3665810Z x iPhoneOS14.5.sdk/System/Library/PrivateFrameworks/EnhancedLoggingState.framework/
2026-06-03T08:46:51.3666430Z x iPhoneOS14.5.sdk/System/Library/PrivateFrameworks/EnhancedLoggingState.framework/EnhancedLoggingState.tbd
2026-06-03T08:46:51.3667770Z x iPhoneOS14.5.sdk/System/Library/PrivateFrameworks/LinguisticData.framework/
2026-06-03T08:46:51.3671070Z x iPhoneOS14.5.sdk/System/Library/PrivateFrameworks/LinguisticData.framework/LinguisticData.tbd
2026-06-03T08:46:51.3685960Z x iPhoneOS14.5.sdk/System/Library/PrivateFrameworks/RemoteUI.framework/
2026-06-03T08:46:51.3686490Z x iPhoneOS14.5.sdk/System/Library/PrivateFrameworks/RemoteUI.framework/RemoteUI.tbd
2026-06-03T08:46:51.3690070Z x iPhoneOS14.5.sdk/System/Library/PrivateFrameworks/HMFoundation.framework/
2026-06-03T08:46:51.3696350Z x iPhoneOS14.5.sdk/System/Library/PrivateFrameworks/HMFoundation.framework/HMFoundation.tbd
2026-06-03T08:46:51.3697830Z x iPhoneOS14.5.sdk/System/Library/PrivateFrameworks/FusionPluginKit.framework/
2026-06-03T08:46:51.3699130Z x iPhoneOS14.5.sdk/System/Library/PrivateFrameworks/FusionPluginKit.framework/FusionPluginKit.tbd
2026-06-03T08:46:51.3700460Z x iPhoneOS14.5.sdk/System/Library/PrivateFrameworks/QLCharts.framework/
2026-06-03T08:46:51.3701890Z x iPhoneOS14.5.sdk/System/Library/PrivateFrameworks/QLCharts.framework/QLCharts.tbd
2026-06-03T08:46:51.3703070Z x iPhoneOS14.5.sdk/System/Library/PrivateFrameworks/ASEProcessing.framework/
2026-06-03T08:46:51.3704600Z x iPhoneOS14.5.sdk/System/Library/PrivateFrameworks/ASEProcessing.framework/ASEProcessing.tbd
2026-06-03T08:46:51.3705900Z x iPhoneOS14.5.sdk/System/Library/PrivateFrameworks/PodcastsKit.framework/
2026-06-03T08:46:51.3707720Z x iPhoneOS14.5.sdk/System/Library/PrivateFrameworks/PodcastsKit.framework/PodcastsKit.tbd
2026-06-03T08:46:51.3708310Z x iPhoneOS14.5.sdk/System/Library/PrivateFrameworks/SearchFoundation.framework/
2026-06-03T08:46:51.3713110Z x iPhoneOS14.5.sdk/System/Library/PrivateFrameworks/SearchFoundation.framework/SearchFoundation.tbd
2026-06-03T08:46:51.3714380Z x iPhoneOS14.5.sdk/System/Library/PrivateFrameworks/DictionaryUI.framework/
2026-06-03T08:46:51.3716010Z x iPhoneOS14.5.sdk/System/Library/PrivateFrameworks/DictionaryUI.framework/DictionaryUI.tbd
2026-06-03T08:46:51.3717490Z x iPhoneOS14.5.sdk/System/Library/PrivateFrameworks/MSUDataAccessor.framework/
2026-06-03T08:46:51.3718580Z x iPhoneOS14.5.sdk/System/Library/PrivateFrameworks/MSUDataAccessor.framework/MSUDataAccessor.tbd
2026-06-03T08:46:51.3719170Z x iPhoneOS14.5.sdk/System/Library/PrivateFrameworks/SafariCore.framework/
2026-06-03T08:46:51.3725870Z x iPhoneOS14.5.sdk/System/Library/PrivateFrameworks/SafariCore.framework/SafariCore.tbd
2026-06-03T08:46:51.3726380Z x iPhoneOS14.5.sdk/System/Library/PrivateFrameworks/CoreAnalytics.framework/
2026-06-03T08:46:51.3727520Z x iPhoneOS14.5.sdk/System/Library/PrivateFrameworks/CoreAnalytics.framework/CoreAnalytics.tbd
2026-06-03T08:46:51.3728180Z x iPhoneOS14.5.sdk/System/Library/PrivateFrameworks/IOAccelMemoryInfo.framework/
2026-06-03T08:46:51.3730020Z x iPhoneOS14.5.sdk/System/Library/PrivateFrameworks/IOAccelMemoryInfo.framework/IOAccelMemoryInfo.tbd
2026-06-03T08:46:51.3731360Z x iPhoneOS14.5.sdk/System/Library/PrivateFrameworks/HangTracer.framework/
2026-06-03T08:46:51.3731870Z x iPhoneOS14.5.sdk/System/Library/PrivateFrameworks/HangTracer.framework/HangTracer.tbd
2026-06-03T08:46:51.3732470Z x iPhoneOS14.5.sdk/System/Library/PrivateFrameworks/SpringBoardUI.framework/
2026-06-03T08:46:51.3733050Z x iPhoneOS14.5.sdk/System/Library/PrivateFrameworks/SpringBoardUI.framework/SpringBoardUI.tbd
2026-06-03T08:46:51.3733520Z x iPhoneOS14.5.sdk/System/Library/PrivateFrameworks/RevealCore.framework/
2026-06-03T08:46:51.3738170Z x iPhoneOS14.5.sdk/System/Library/PrivateFrameworks/RevealCore.framework/RevealCore.tbd
2026-06-03T08:46:51.3738680Z x iPhoneOS14.5.sdk/System/Library/PrivateFrameworks/AppleIDSSOAuthentication.framework/
2026-06-03T08:46:51.3739560Z x iPhoneOS14.5.sdk/System/Library/PrivateFrameworks/AppleIDSSOAuthentication.framework/AppleIDSSOAuthentication.tbd
2026-06-03T08:46:51.3741510Z x iPhoneOS14.5.sdk/System/Library/PrivateFrameworks/AppStoreOverlays.framework/
2026-06-03T08:46:51.3742040Z x iPhoneOS14.5.sdk/System/Library/PrivateFrameworks/AppStoreOverlays.framework/AppStoreOverlays.tbd
2026-06-03T08:46:51.3742640Z x iPhoneOS14.5.sdk/System/Library/PrivateFrameworks/AOPHaptics.framework/
2026-06-03T08:46:51.3743170Z x iPhoneOS14.5.sdk/System/Library/PrivateFrameworks/AOPHaptics.framework/AOPHaptics.tbd
2026-06-03T08:46:51.3743760Z x iPhoneOS14.5.sdk/System/Library/PrivateFrameworks/AppStoreKit.framework/
2026-06-03T08:46:51.3744610Z x iPhoneOS14.5.sdk/System/Library/PrivateFrameworks/AppStoreKit.framework/AppStoreKit.tbd
2026-06-03T08:46:51.3745060Z x iPhoneOS14.5.sdk/System/Library/PrivateFrameworks/SDAPI.framework/
2026-06-03T08:46:51.3745930Z x iPhoneOS14.5.sdk/System/Library/PrivateFrameworks/SDAPI.framework/SDAPI.tbd
2026-06-03T08:46:51.3746470Z x iPhoneOS14.5.sdk/System/Library/PrivateFrameworks/PrototypeToolsUI.framework/
2026-06-03T08:46:51.3747870Z x iPhoneOS14.5.sdk/System/Library/PrivateFrameworks/PrototypeToolsUI.framework/PrototypeToolsUI.tbd
2026-06-03T08:46:51.3748540Z x iPhoneOS14.5.sdk/System/Library/PrivateFrameworks/MetricKitSource.framework/
2026-06-03T08:46:51.3749260Z x iPhoneOS14.5.sdk/System/Library/PrivateFrameworks/MetricKitSource.framework/MetricKitSource.tbd
2026-06-03T08:46:51.3750180Z x iPhoneOS14.5.sdk/System/Library/PrivateFrameworks/HAENotifications.framework/
2026-06-03T08:46:51.3750690Z x iPhoneOS14.5.sdk/System/Library/PrivateFrameworks/HAENotifications.framework/HAENotifications.tbd
2026-06-03T08:46:51.3751180Z x iPhoneOS14.5.sdk/System/Library/PrivateFrameworks/AppleAccount.framework/
2026-06-03T08:46:51.3756560Z x iPhoneOS14.5.sdk/System/Library/PrivateFrameworks/AppleAccount.framework/AppleAccount.tbd
2026-06-03T08:46:51.3757180Z x iPhoneOS14.5.sdk/System/Library/PrivateFrameworks/EAP8021X.framework/
2026-06-03T08:46:51.3758570Z x iPhoneOS14.5.sdk/System/Library/PrivateFrameworks/EAP8021X.framework/EAP8021X.tbd
2026-06-03T08:46:51.3759090Z x iPhoneOS14.5.sdk/System/Library/PrivateFrameworks/WatchdogClient.framework/
2026-06-03T08:46:51.3759900Z x iPhoneOS14.5.sdk/System/Library/PrivateFrameworks/WatchdogClient.framework/WatchdogClient.tbd
2026-06-03T08:46:51.3760400Z x iPhoneOS14.5.sdk/System/Library/PrivateFrameworks/SpeakThisServices.framework/
2026-06-03T08:46:51.3761330Z x iPhoneOS14.5.sdk/System/Library/PrivateFrameworks/SpeakThisServices.framework/SpeakThisServices.tbd
2026-06-03T08:46:51.3761890Z x iPhoneOS14.5.sdk/System/Library/PrivateFrameworks/GeoServices.framework/
2026-06-03T08:46:51.3798720Z x iPhoneOS14.5.sdk/System/Library/PrivateFrameworks/GeoServices.framework/GeoServices.tbd
2026-06-03T08:46:51.3800490Z x iPhoneOS14.5.sdk/System/Library/PrivateFrameworks/Announce.framework/
2026-06-03T08:46:51.3801170Z x iPhoneOS14.5.sdk/System/Library/PrivateFrameworks/Announce.framework/Announce.tbd
2026-06-03T08:46:51.3801650Z x iPhoneOS14.5.sdk/System/Library/PrivateFrameworks/AccessoryMediaLibrary.framework/
2026-06-03T08:46:51.3808460Z x iPhoneOS14.5.sdk/System/Library/PrivateFrameworks/AccessoryMediaLibrary.framework/AccessoryMediaLibrary.tbd
2026-06-03T08:46:51.3809900Z x iPhoneOS14.5.sdk/System/Library/PrivateFrameworks/PegasusKit.framework/
2026-06-03T08:46:51.3811210Z x iPhoneOS14.5.sdk/System/Library/PrivateFrameworks/PegasusKit.framework/PegasusKit.tbd
2026-06-03T08:46:51.3813380Z x iPhoneOS14.5.sdk/System/Library/PrivateFrameworks/SampleAnalysis.framework/
2026-06-03T08:46:51.3813910Z x iPhoneOS14.5.sdk/System/Library/PrivateFrameworks/SampleAnalysis.framework/SampleAnalysis.tbd
2026-06-03T08:46:51.3814380Z x iPhoneOS14.5.sdk/System/Library/PrivateFrameworks/ProVideo.framework/
2026-06-03T08:46:51.3960620Z x iPhoneOS14.5.sdk/System/Library/PrivateFrameworks/ProVideo.framework/ProVideo.tbd
2026-06-03T08:46:51.3961110Z x iPhoneOS14.5.sdk/System/Library/PrivateFrameworks/Stocks.framework/
2026-06-03T08:46:51.3962130Z x iPhoneOS14.5.sdk/System/Library/PrivateFrameworks/Stocks.framework/Stocks.tbd
2026-06-03T08:46:51.3962750Z x iPhoneOS14.5.sdk/System/Library/PrivateFrameworks/BulletinDistributorCompanion.framework/
2026-06-03T08:46:51.3969000Z x iPhoneOS14.5.sdk/System/Library/PrivateFrameworks/BulletinDistributorCompanion.framework/BulletinDistributorCompanion.tbd
2026-06-03T08:46:51.3969590Z x iPhoneOS14.5.sdk/System/Library/PrivateFrameworks/Osprey.framework/
2026-06-03T08:46:51.3974160Z x iPhoneOS14.5.sdk/System/Library/PrivateFrameworks/Osprey.framework/Osprey.tbd
2026-06-03T08:46:51.3976310Z x iPhoneOS14.5.sdk/System/Library/PrivateFrameworks/RemindersUICore.framework/
2026-06-03T08:46:51.3976820Z x iPhoneOS14.5.sdk/System/Library/PrivateFrameworks/RemindersUICore.framework/RemindersUICore.tbd
2026-06-03T08:46:51.3977310Z x iPhoneOS14.5.sdk/System/Library/PrivateFrameworks/MPUFoundation.framework/
2026-06-03T08:46:51.3978070Z x iPhoneOS14.5.sdk/System/Library/PrivateFrameworks/MPUFoundation.framework/MPUFoundation.tbd
2026-06-03T08:46:51.3978550Z x iPhoneOS14.5.sdk/System/Library/PrivateFrameworks/SiriClientFlow.framework/
2026-06-03T08:46:51.3979050Z x iPhoneOS14.5.sdk/System/Library/PrivateFrameworks/SiriClientFlow.framework/SiriClientFlow.tbd
2026-06-03T08:46:51.3979520Z x iPhoneOS14.5.sdk/System/Library/PrivateFrameworks/NanoUniverse.framework/
2026-06-03T08:46:51.3980260Z x iPhoneOS14.5.sdk/System/Library/PrivateFrameworks/NanoUniverse.framework/NanoUniverse.tbd
2026-06-03T08:46:51.3980760Z x iPhoneOS14.5.sdk/System/Library/PrivateFrameworks/BluetoothServices.framework/
2026-06-03T08:46:51.3982630Z x iPhoneOS14.5.sdk/System/Library/PrivateFrameworks/BluetoothServices.framework/BluetoothServices.tbd
2026-06-03T08:46:51.3983170Z x iPhoneOS14.5.sdk/System/Library/PrivateFrameworks/MobileKeyBag.framework/
2026-06-03T08:46:51.3988070Z x iPhoneOS14.5.sdk/System/Library/PrivateFrameworks/MobileKeyBag.framework/MobileKeyBag.tbd
2026-06-03T08:46:51.3989300Z x iPhoneOS14.5.sdk/System/Library/PrivateFrameworks/AppPredictionUIFoundation.framework/
2026-06-03T08:46:51.3990290Z x iPhoneOS14.5.sdk/System/Library/PrivateFrameworks/AppPredictionUIFoundation.framework/AppPredictionUIFoundation.tbd
2026-06-03T08:46:51.3990850Z x iPhoneOS14.5.sdk/System/Library/PrivateFrameworks/TeaCharts.framework/
2026-06-03T08:46:51.3991880Z x iPhoneOS14.5.sdk/System/Library/PrivateFrameworks/TeaCharts.framework/TeaCharts.tbd
2026-06-03T08:46:51.3992430Z x iPhoneOS14.5.sdk/System/Library/PrivateFrameworks/DocumentCamera.framework/
2026-06-03T08:46:51.3997720Z x iPhoneOS14.5.sdk/System/Library/PrivateFrameworks/DocumentCamera.framework/DocumentCamera.tbd
2026-06-03T08:46:51.3998290Z x iPhoneOS14.5.sdk/System/Library/PrivateFrameworks/Engram.framework/
2026-06-03T08:46:51.3999060Z x iPhoneOS14.5.sdk/System/Library/PrivateFrameworks/Engram.framework/Engram.tbd
2026-06-03T08:46:51.3999670Z x iPhoneOS14.5.sdk/System/Library/PrivateFrameworks/CoreTime.framework/
2026-06-03T08:46:51.4001080Z x iPhoneOS14.5.sdk/System/Library/PrivateFrameworks/CoreTime.framework/CoreTime.tbd
2026-06-03T08:46:51.4001570Z x iPhoneOS14.5.sdk/System/Library/PrivateFrameworks/DeviceToDeviceManager.framework/
2026-06-03T08:46:51.4002490Z x iPhoneOS14.5.sdk/System/Library/PrivateFrameworks/DeviceToDeviceManager.framework/DeviceToDeviceManager.tbd
2026-06-03T08:46:51.4003080Z x iPhoneOS14.5.sdk/System/Library/PrivateFrameworks/BiomeStreams.framework/
2026-06-03T08:46:51.4003760Z x iPhoneOS14.5.sdk/System/Library/PrivateFrameworks/BiomeStreams.framework/BiomeStreams.tbd
2026-06-03T08:46:51.4004350Z x iPhoneOS14.5.sdk/System/Library/PrivateFrameworks/SignpostNotification.framework/
2026-06-03T08:46:51.4005220Z x iPhoneOS14.5.sdk/System/Library/PrivateFrameworks/SignpostNotification.framework/SignpostNotification.tbd
2026-06-03T08:46:51.4005720Z x iPhoneOS14.5.sdk/System/Library/PrivateFrameworks/Bom.framework/
2026-06-03T08:46:51.4007000Z x iPhoneOS14.5.sdk/System/Library/PrivateFrameworks/Bom.framework/Bom.tbd
2026-06-03T08:46:51.4007420Z x iPhoneOS14.5.sdk/System/Library/PrivateFrameworks/iTunesStoreUI.framework/
2026-06-03T08:46:51.4016270Z x iPhoneOS14.5.sdk/System/Library/PrivateFrameworks/iTunesStoreUI.framework/iTunesStoreUI.tbd
2026-06-03T08:46:51.4016870Z x iPhoneOS14.5.sdk/System/Library/PrivateFrameworks/AppAttestInternal.framework/
2026-06-03T08:46:51.4017440Z x iPhoneOS14.5.sdk/System/Library/PrivateFrameworks/AppAttestInternal.framework/AppAttestInternal.tbd
2026-06-03T08:46:51.4017940Z x iPhoneOS14.5.sdk/System/Library/PrivateFrameworks/DiskImages2.framework/
2026-06-03T08:46:51.4018700Z x iPhoneOS14.5.sdk/System/Library/PrivateFrameworks/DiskImages2.framework/DiskImages2.tbd
2026-06-03T08:46:51.4027080Z x iPhoneOS14.5.sdk/System/Library/PrivateFrameworks/ButtonResolver.framework/
2026-06-03T08:46:51.4027630Z x iPhoneOS14.5.sdk/System/Library/PrivateFrameworks/ButtonResolver.framework/ButtonResolver.tbd
2026-06-03T08:46:51.4028130Z x iPhoneOS14.5.sdk/System/Library/PrivateFrameworks/VideoProcessing.framework/
2026-06-03T08:46:51.4028630Z x iPhoneOS14.5.sdk/System/Library/PrivateFrameworks/VideoProcessing.framework/VideoProcessing.tbd
2026-06-03T08:46:51.4029110Z x iPhoneOS14.5.sdk/System/Library/PrivateFrameworks/AppSupportUI.framework/
2026-06-03T08:46:51.4029570Z x iPhoneOS14.5.sdk/System/Library/PrivateFrameworks/AppSupportUI.framework/AppSupportUI.tbd
2026-06-03T08:46:51.4030050Z x iPhoneOS14.5.sdk/System/Library/PrivateFrameworks/ChronoUIServices.framework/
2026-06-03T08:46:51.4030550Z x iPhoneOS14.5.sdk/System/Library/PrivateFrameworks/ChronoUIServices.framework/ChronoUIServices.tbd
2026-06-03T08:46:51.4031070Z x iPhoneOS14.5.sdk/System/Library/PrivateFrameworks/AppleMediaServicesUI.framework/
2026-06-03T08:46:51.4032490Z x iPhoneOS14.5.sdk/System/Library/PrivateFrameworks/AppleMediaServicesUI.framework/AppleMediaServicesUI.tbd
2026-06-03T08:46:51.4033860Z x iPhoneOS14.5.sdk/System/Library/PrivateFrameworks/HealthMenstrualCyclesDaemon.framework/
2026-06-03T08:46:51.4034830Z x iPhoneOS14.5.sdk/System/Library/PrivateFrameworks/HealthMenstrualCyclesDaemon.framework/HealthMenstrualCyclesDaemon.tbd
2026-06-03T08:46:51.4035520Z x iPhoneOS14.5.sdk/System/Library/PrivateFrameworks/ConfigurationEngineModel.framework/
2026-06-03T08:46:51.4046460Z x iPhoneOS14.5.sdk/System/Library/PrivateFrameworks/ConfigurationEngineModel.framework/ConfigurationEngineModel.tbd
2026-06-03T08:46:51.4047060Z x iPhoneOS14.5.sdk/System/Library/PrivateFrameworks/HealthArticlesGeneration.framework/
2026-06-03T08:46:51.4047640Z x iPhoneOS14.5.sdk/System/Library/PrivateFrameworks/HealthArticlesGeneration.framework/HealthArticlesGeneration.tbd
2026-06-03T08:46:51.4048910Z x iPhoneOS14.5.sdk/System/Library/PrivateFrameworks/CellularBridgeUI.framework/
2026-06-03T08:46:51.4049420Z x iPhoneOS14.5.sdk/System/Library/PrivateFrameworks/CellularBridgeUI.framework/CellularBridgeUI.tbd
2026-06-03T08:46:51.4049930Z x iPhoneOS14.5.sdk/System/Library/PrivateFrameworks/CrashReporterSupport.framework/
2026-06-03T08:46:51.4050670Z x iPhoneOS14.5.sdk/System/Library/PrivateFrameworks/CrashReporterSupport.framework/CrashReporterSupport.tbd
2026-06-03T08:46:51.4051170Z x iPhoneOS14.5.sdk/System/Library/PrivateFrameworks/AppC3D.framework/
2026-06-03T08:46:51.4051750Z x iPhoneOS14.5.sdk/System/Library/PrivateFrameworks/AppC3D.framework/AppC3D.tbd
2026-06-03T08:46:51.4052210Z x iPhoneOS14.5.sdk/System/Library/PrivateFrameworks/MediaConversionService.framework/
2026-06-03T08:46:51.4053020Z x iPhoneOS14.5.sdk/System/Library/PrivateFrameworks/MediaConversionService.framework/MediaConversionService.tbd
2026-06-03T08:46:51.4053660Z x iPhoneOS14.5.sdk/System/Library/PrivateFrameworks/InternalSwiftProtobuf.framework/
2026-06-03T08:46:51.4055340Z x iPhoneOS14.5.sdk/System/Library/PrivateFrameworks/InternalSwiftProtobuf.framework/InternalSwiftProtobuf.tbd
2026-06-03T08:46:51.4055890Z x iPhoneOS14.5.sdk/System/Library/PrivateFrameworks/PairingProximity.framework/
2026-06-03T08:46:51.4056400Z x iPhoneOS14.5.sdk/System/Library/PrivateFrameworks/PairingProximity.framework/PairingProximity.tbd
2026-06-03T08:46:51.4056880Z x iPhoneOS14.5.sdk/System/Library/PrivateFrameworks/DragUI.framework/
2026-06-03T08:46:51.4057280Z x iPhoneOS14.5.sdk/System/Library/PrivateFrameworks/DragUI.framework/DragUI.tbd
2026-06-03T08:46:51.4057720Z x iPhoneOS14.5.sdk/System/Library/PrivateFrameworks/LoggingSupport.framework/
2026-06-03T08:46:51.4063940Z x iPhoneOS14.5.sdk/System/Library/PrivateFrameworks/LoggingSupport.framework/LoggingSupport.tbd
2026-06-03T08:46:51.4064800Z x iPhoneOS14.5.sdk/System/Library/PrivateFrameworks/Calculate.framework/
2026-06-03T08:46:51.4065240Z x iPhoneOS14.5.sdk/System/Library/PrivateFrameworks/Calculate.framework/Calculate.tbd
2026-06-03T08:46:51.4065800Z x iPhoneOS14.5.sdk/System/Library/PrivateFrameworks/FoundInAppsPlugins.framework/
2026-06-03T08:46:51.4066510Z x iPhoneOS14.5.sdk/System/Library/PrivateFrameworks/FoundInAppsPlugins.framework/FoundInAppsPlugins.tbd
2026-06-03T08:46:51.4067030Z x iPhoneOS14.5.sdk/System/Library/PrivateFrameworks/AppConduit.framework/
2026-06-03T08:46:51.4067610Z x iPhoneOS14.5.sdk/System/Library/PrivateFrameworks/AppConduit.framework/AppConduit.tbd
2026-06-03T08:46:51.4068130Z x iPhoneOS14.5.sdk/System/Library/PrivateFrameworks/SPFinder.framework/
2026-06-03T08:46:51.4069310Z x iPhoneOS14.5.sdk/System/Library/PrivateFrameworks/SPFinder.framework/SPFinder.tbd
2026-06-03T08:46:51.4069770Z x iPhoneOS14.5.sdk/System/Library/PrivateFrameworks/AvatarKit.framework/
2026-06-03T08:46:51.4076300Z x iPhoneOS14.5.sdk/System/Library/PrivateFrameworks/AvatarKit.framework/AvatarKit.tbd
2026-06-03T08:46:51.4076860Z x iPhoneOS14.5.sdk/System/Library/PrivateFrameworks/UserNotificationsTranslation.framework/
2026-06-03T08:46:51.4077770Z x iPhoneOS14.5.sdk/System/Library/PrivateFrameworks/UserNotificationsTranslation.framework/UserNotificationsTranslation.tbd
2026-06-03T08:46:51.4078720Z x iPhoneOS14.5.sdk/System/Library/PrivateFrameworks/SafariSharedUI.framework/
2026-06-03T08:46:51.4084790Z x iPhoneOS14.5.sdk/System/Library/PrivateFrameworks/SafariSharedUI.framework/SafariSharedUI.tbd
2026-06-03T08:46:51.4085470Z x iPhoneOS14.5.sdk/System/Library/PrivateFrameworks/VisualAlert.framework/
2026-06-03T08:46:51.4085930Z x iPhoneOS14.5.sdk/System/Library/PrivateFrameworks/VisualAlert.framework/VisualAlert.tbd
2026-06-03T08:46:51.4086380Z x iPhoneOS14.5.sdk/System/Library/PrivateFrameworks/CameraKit.framework/
2026-06-03T08:46:51.4087120Z x iPhoneOS14.5.sdk/System/Library/PrivateFrameworks/CameraKit.framework/CameraKit.tbd
2026-06-03T08:46:51.4087850Z x iPhoneOS14.5.sdk/System/Library/PrivateFrameworks/AXRuntime.framework/
2026-06-03T08:46:51.4094830Z x iPhoneOS14.5.sdk/System/Library/PrivateFrameworks/AXRuntime.framework/AXRuntime.tbd
2026-06-03T08:46:51.4095360Z x iPhoneOS14.5.sdk/System/Library/PrivateFrameworks/CorePrediction.framework/
2026-06-03T08:46:51.4096110Z x iPhoneOS14.5.sdk/System/Library/PrivateFrameworks/CorePrediction.framework/CorePrediction.tbd
2026-06-03T08:46:51.4096950Z x iPhoneOS14.5.sdk/System/Library/PrivateFrameworks/HomeKitDaemon.framework/
2026-06-03T08:46:51.4134230Z x iPhoneOS14.5.sdk/System/Library/PrivateFrameworks/HomeKitDaemon.framework/HomeKitDaemon.tbd
2026-06-03T08:46:51.4134840Z x iPhoneOS14.5.sdk/System/Library/PrivateFrameworks/TrialServer.framework/
2026-06-03T08:46:51.4135800Z x iPhoneOS14.5.sdk/System/Library/PrivateFrameworks/TrialServer.framework/TrialServer.tbd
2026-06-03T08:46:51.4136800Z x iPhoneOS14.5.sdk/System/Library/PrivateFrameworks/RemoteTextInput.framework/
2026-06-03T08:46:51.4137540Z x iPhoneOS14.5.sdk/System/Library/PrivateFrameworks/RemoteTextInput.framework/RemoteTextInput.tbd
2026-06-03T08:46:51.4138100Z x iPhoneOS14.5.sdk/System/Library/PrivateFrameworks/BackBoardHIDEventProcessors.framework/
2026-06-03T08:46:51.4139300Z x iPhoneOS14.5.sdk/System/Library/PrivateFrameworks/BackBoardHIDEventProcessors.framework/BackBoardHIDEventProcessors.tbd
2026-06-03T08:46:51.4140030Z x iPhoneOS14.5.sdk/System/Library/PrivateFrameworks/AXSpeakFingerManager.framework/
2026-06-03T08:46:51.4141610Z x iPhoneOS14.5.sdk/System/Library/PrivateFrameworks/AXSpeakFingerManager.framework/AXSpeakFingerManager.tbd
2026-06-03T08:46:51.4142170Z x iPhoneOS14.5.sdk/System/Library/PrivateFrameworks/SharingUI.framework/
2026-06-03T08:46:51.4147760Z x iPhoneOS14.5.sdk/System/Library/PrivateFrameworks/SharingUI.framework/SharingUI.tbd
2026-06-03T08:46:51.4148310Z x iPhoneOS14.5.sdk/System/Library/PrivateFrameworks/UARPiCloud.framework/
2026-06-03T08:46:51.4148890Z x iPhoneOS14.5.sdk/System/Library/PrivateFrameworks/UARPiCloud.framework/UARPiCloud.tbd
2026-06-03T08:46:51.4149500Z x iPhoneOS14.5.sdk/System/Library/PrivateFrameworks/NeutrinoCore.framework/
2026-06-03T08:46:51.4154960Z x iPhoneOS14.5.sdk/System/Library/PrivateFrameworks/NeutrinoCore.framework/NeutrinoCore.tbd
2026-06-03T08:46:51.4156200Z x iPhoneOS14.5.sdk/System/Library/PrivateFrameworks/MobileDeviceLink.framework/
2026-06-03T08:46:51.4156870Z x iPhoneOS14.5.sdk/System/Library/PrivateFrameworks/MobileDeviceLink.framework/MobileDeviceLink.tbd
2026-06-03T08:46:51.4157440Z x iPhoneOS14.5.sdk/System/Library/PrivateFrameworks/LoginUILogViewer.framework/
2026-06-03T08:46:51.4158040Z x iPhoneOS14.5.sdk/System/Library/PrivateFrameworks/LoginUILogViewer.framework/LoginUILogViewer.tbd
2026-06-03T08:46:51.4158540Z x iPhoneOS14.5.sdk/System/Library/PrivateFrameworks/CloudPhotoLibrary.framework/
2026-06-03T08:46:51.4165710Z x iPhoneOS14.5.sdk/System/Library/PrivateFrameworks/CloudPhotoLibrary.framework/CloudPhotoLibrary.tbd
2026-06-03T08:46:51.4166230Z x iPhoneOS14.5.sdk/System/Library/PrivateFrameworks/SiriOntology.framework/
2026-06-03T08:46:51.4301270Z x iPhoneOS14.5.sdk/System/Library/PrivateFrameworks/SiriOntology.framework/SiriOntology.tbd
2026-06-03T08:46:51.4302860Z x iPhoneOS14.5.sdk/System/Library/PrivateFrameworks/Sleep.framework/
2026-06-03T08:46:51.4303280Z x iPhoneOS14.5.sdk/System/Library/PrivateFrameworks/Sleep.framework/Sleep.tbd
2026-06-03T08:46:51.4303840Z x iPhoneOS14.5.sdk/System/Library/PrivateFrameworks/PairedSync.framework/
2026-06-03T08:46:51.4304340Z x iPhoneOS14.5.sdk/System/Library/PrivateFrameworks/PairedSync.framework/PairedSync.tbd
2026-06-03T08:46:51.4305030Z x iPhoneOS14.5.sdk/System/Library/PrivateFrameworks/MallocStackLogging.framework/
2026-06-03T08:46:51.4310780Z x iPhoneOS14.5.sdk/System/Library/PrivateFrameworks/MallocStackLogging.framework/MallocStackLogging.tbd
2026-06-03T08:46:51.4312830Z x iPhoneOS14.5.sdk/System/Library/PrivateFrameworks/NeutrinoKit.framework/
2026-06-03T08:46:51.4313350Z x iPhoneOS14.5.sdk/System/Library/PrivateFrameworks/NeutrinoKit.framework/NeutrinoKit.tbd
2026-06-03T08:46:51.4313840Z x iPhoneOS14.5.sdk/System/Library/PrivateFrameworks/BookCoverUtility.framework/
2026-06-03T08:46:51.4314530Z x iPhoneOS14.5.sdk/System/Library/PrivateFrameworks/BookCoverUtility.framework/BookCoverUtility.tbd
2026-06-03T08:46:51.4315050Z x iPhoneOS14.5.sdk/System/Library/PrivateFrameworks/CloudKitDaemon.framework/
2026-06-03T08:46:51.4330380Z x iPhoneOS14.5.sdk/System/Library/PrivateFrameworks/CloudKitDaemon.framework/CloudKitDaemon.tbd
2026-06-03T08:46:51.4331110Z x iPhoneOS14.5.sdk/System/Library/PrivateFrameworks/UIFoundation.framework/
2026-06-03T08:46:51.4336030Z x iPhoneOS14.5.sdk/System/Library/PrivateFrameworks/UIFoundation.framework/UIFoundation.tbd
2026-06-03T08:46:51.4336510Z x iPhoneOS14.5.sdk/System/Library/PrivateFrameworks/CombineCocoa.framework/
2026-06-03T08:46:51.4338420Z x iPhoneOS14.5.sdk/System/Library/PrivateFrameworks/CombineCocoa.framework/CombineCocoa.tbd
2026-06-03T08:46:51.4339040Z x iPhoneOS14.5.sdk/System/Library/PrivateFrameworks/DictionaryServices.framework/
2026-06-03T08:46:51.4339580Z x iPhoneOS14.5.sdk/System/Library/PrivateFrameworks/DictionaryServices.framework/DictionaryServices.tbd
2026-06-03T08:46:51.4340090Z x iPhoneOS14.5.sdk/System/Library/PrivateFrameworks/PersonaUI.framework/
2026-06-03T08:46:51.4341050Z x iPhoneOS14.5.sdk/System/Library/PrivateFrameworks/PersonaUI.framework/PersonaUI.tbd
2026-06-03T08:46:51.4341560Z x iPhoneOS14.5.sdk/System/Library/PrivateFrameworks/Preferences.framework/
2026-06-03T08:46:51.4350850Z x iPhoneOS14.5.sdk/System/Library/PrivateFrameworks/Preferences.framework/Preferences.tbd
2026-06-03T08:46:51.4351780Z x iPhoneOS14.5.sdk/System/Library/PrivateFrameworks/SoftwareUpdateServicesUI.framework/
2026-06-03T08:46:51.4353370Z x iPhoneOS14.5.sdk/System/Library/PrivateFrameworks/SoftwareUpdateServicesUI.framework/SoftwareUpdateServicesUI.tbd
2026-06-03T08:46:51.4354010Z x iPhoneOS14.5.sdk/System/Library/PrivateFrameworks/AttributeGraph.framework/
2026-06-03T08:46:51.4354510Z x iPhoneOS14.5.sdk/System/Library/PrivateFrameworks/AttributeGraph.framework/AttributeGraph.tbd
2026-06-03T08:46:51.4354990Z x iPhoneOS14.5.sdk/System/Library/PrivateFrameworks/PhoneNumbers.framework/
2026-06-03T08:46:51.4355460Z x iPhoneOS14.5.sdk/System/Library/PrivateFrameworks/PhoneNumbers.framework/PhoneNumbers.tbd
2026-06-03T08:46:51.4359310Z x iPhoneOS14.5.sdk/System/Library/PrivateFrameworks/MessageProtection.framework/
2026-06-03T08:46:51.4360130Z x iPhoneOS14.5.sdk/System/Library/PrivateFrameworks/MessageProtection.framework/MessageProtection.tbd
2026-06-03T08:46:51.4360760Z x iPhoneOS14.5.sdk/System/Library/PrivateFrameworks/HIDPreferences.framework/
2026-06-03T08:46:51.4361990Z x iPhoneOS14.5.sdk/System/Library/PrivateFrameworks/HIDPreferences.framework/HIDPreferences.tbd
2026-06-03T08:46:51.4362520Z x iPhoneOS14.5.sdk/System/Library/PrivateFrameworks/ShareSheet.framework/
2026-06-03T08:46:51.4366780Z x iPhoneOS14.5.sdk/System/Library/PrivateFrameworks/ShareSheet.framework/ShareSheet.tbd
2026-06-03T08:46:51.4367270Z x iPhoneOS14.5.sdk/System/Library/PrivateFrameworks/MailWebProcessSupport.framework/
2026-06-03T08:46:51.4367900Z x iPhoneOS14.5.sdk/System/Library/PrivateFrameworks/MailWebProcessSupport.framework/MailWebProcessSupport.tbd
2026-06-03T08:46:51.4368430Z x iPhoneOS14.5.sdk/System/Library/PrivateFrameworks/CloudKitCode.framework/
2026-06-03T08:46:51.4369130Z x iPhoneOS14.5.sdk/System/Library/PrivateFrameworks/CloudKitCode.framework/CloudKitCode.tbd
2026-06-03T08:46:51.4369640Z x iPhoneOS14.5.sdk/System/Library/PrivateFrameworks/ScreenTimeSettingsUI.framework/
2026-06-03T08:46:51.4375260Z x iPhoneOS14.5.sdk/System/Library/PrivateFrameworks/ScreenTimeSettingsUI.framework/ScreenTimeSettingsUI.tbd
2026-06-03T08:46:51.4375880Z x iPhoneOS14.5.sdk/System/Library/PrivateFrameworks/MobileAsset.framework/
2026-06-03T08:46:51.4376390Z x iPhoneOS14.5.sdk/System/Library/PrivateFrameworks/MobileAsset.framework/MobileAsset.tbd
2026-06-03T08:46:51.4377070Z x iPhoneOS14.5.sdk/System/Library/PrivateFrameworks/AppleFSCompression.framework/
2026-06-03T08:46:51.4377870Z x iPhoneOS14.5.sdk/System/Library/PrivateFrameworks/AppleFSCompression.framework/AppleFSCompression.tbd
2026-06-03T08:46:51.4379700Z x iPhoneOS14.5.sdk/System/Library/PrivateFrameworks/AppStoreUI.framework/
2026-06-03T08:46:51.4380240Z x iPhoneOS14.5.sdk/System/Library/PrivateFrameworks/AppStoreUI.framework/AppStoreUI.tbd
2026-06-03T08:46:51.4380770Z x iPhoneOS14.5.sdk/System/Library/PrivateFrameworks/MediaServices.framework/
2026-06-03T08:46:51.4381400Z x iPhoneOS14.5.sdk/System/Library/PrivateFrameworks/MediaServices.framework/MediaServices.tbd
2026-06-03T08:46:51.4381870Z x iPhoneOS14.5.sdk/System/Library/PrivateFrameworks/NanoBackup.framework/
2026-06-03T08:46:51.4382390Z x iPhoneOS14.5.sdk/System/Library/PrivateFrameworks/NanoBackup.framework/NanoBackup.tbd
2026-06-03T08:46:51.4382950Z x iPhoneOS14.5.sdk/System/Library/PrivateFrameworks/SpeakTypingServices.framework/
2026-06-03T08:46:51.4383920Z x iPhoneOS14.5.sdk/System/Library/PrivateFrameworks/SpeakTypingServices.framework/SpeakTypingServices.tbd
2026-06-03T08:46:51.4384420Z x iPhoneOS14.5.sdk/System/Library/PrivateFrameworks/Radio.framework/
2026-06-03T08:46:51.4389970Z x iPhoneOS14.5.sdk/System/Library/PrivateFrameworks/Radio.framework/Radio.tbd
2026-06-03T08:46:51.4390400Z x iPhoneOS14.5.sdk/System/Library/PrivateFrameworks/HealthPlatform.framework/
2026-06-03T08:46:51.4391180Z x iPhoneOS14.5.sdk/System/Library/PrivateFrameworks/HealthPlatform.framework/HealthPlatform.tbd
2026-06-03T08:46:51.4391680Z x iPhoneOS14.5.sdk/System/Library/PrivateFrameworks/FindMyDeviceUI.framework/
2026-06-03T08:46:51.4392520Z x iPhoneOS14.5.sdk/System/Library/PrivateFrameworks/FindMyDeviceUI.framework/FindMyDeviceUI.tbd
2026-06-03T08:46:51.4393070Z x iPhoneOS14.5.sdk/System/Library/PrivateFrameworks/FMIPSiriActions.framework/
2026-06-03T08:46:51.4393870Z x iPhoneOS14.5.sdk/System/Library/PrivateFrameworks/FMIPSiriActions.framework/FMIPSiriActions.tbd
2026-06-03T08:46:51.4394350Z x iPhoneOS14.5.sdk/System/Library/PrivateFrameworks/SensorKitUI.framework/
2026-06-03T08:46:51.4395780Z x iPhoneOS14.5.sdk/System/Library/PrivateFrameworks/SensorKitUI.framework/SensorKitUI.tbd
2026-06-03T08:46:51.4396230Z x iPhoneOS14.5.sdk/System/Library/PrivateFrameworks/WebBookmarks.framework/
2026-06-03T08:46:51.4396720Z x iPhoneOS14.5.sdk/System/Library/PrivateFrameworks/WebBookmarks.framework/WebBookmarks.tbd
2026-06-03T08:46:51.4397250Z x iPhoneOS14.5.sdk/System/Library/PrivateFrameworks/WeatherFoundation.framework/
2026-06-03T08:46:51.4402690Z x iPhoneOS14.5.sdk/System/Library/PrivateFrameworks/WeatherFoundation.framework/WeatherFoundation.tbd
2026-06-03T08:46:51.4403210Z x iPhoneOS14.5.sdk/System/Library/PrivateFrameworks/HomeKitBackingStore.framework/
2026-06-03T08:46:51.4403940Z x iPhoneOS14.5.sdk/System/Library/PrivateFrameworks/HomeKitBackingStore.framework/HomeKitBackingStore.tbd
2026-06-03T08:46:51.4409090Z x iPhoneOS14.5.sdk/System/Library/PrivateFrameworks/Lexicon.framework/
2026-06-03T08:46:51.4410370Z x iPhoneOS14.5.sdk/System/Library/PrivateFrameworks/Lexicon.framework/Lexicon.tbd
2026-06-03T08:46:51.4410790Z x iPhoneOS14.5.sdk/System/Library/PrivateFrameworks/ChatKit.framework/
2026-06-03T08:46:51.4431290Z x iPhoneOS14.5.sdk/System/Library/PrivateFrameworks/ChatKit.framework/ChatKit.tbd
2026-06-03T08:46:51.4431980Z x iPhoneOS14.5.sdk/System/Library/PrivateFrameworks/CoreRoutine.framework/
2026-06-03T08:46:51.4432460Z x iPhoneOS14.5.sdk/System/Library/PrivateFrameworks/CoreRoutine.framework/CoreRoutine.tbd
2026-06-03T08:46:51.4433090Z x iPhoneOS14.5.sdk/System/Library/PrivateFrameworks/NanoTimeKitCompanion.framework/
2026-06-03T08:46:51.4461880Z x iPhoneOS14.5.sdk/System/Library/PrivateFrameworks/NanoTimeKitCompanion.framework/NanoTimeKitCompanion.tbd
2026-06-03T08:46:51.4462630Z x iPhoneOS14.5.sdk/System/Library/PrivateFrameworks/MFAAuthentication.framework/
2026-06-03T08:46:51.4463340Z x iPhoneOS14.5.sdk/System/Library/PrivateFrameworks/MFAAuthentication.framework/MFAAuthentication.tbd
2026-06-03T08:46:51.4463840Z x iPhoneOS14.5.sdk/System/Library/PrivateFrameworks/FrontBoard.framework/
2026-06-03T08:46:51.4469070Z x iPhoneOS14.5.sdk/System/Library/PrivateFrameworks/FrontBoard.framework/FrontBoard.tbd
2026-06-03T08:46:51.4469570Z x iPhoneOS14.5.sdk/System/Library/PrivateFrameworks/TextInputChinese.framework/
2026-06-03T08:46:51.4470570Z x iPhoneOS14.5.sdk/System/Library/PrivateFrameworks/TextInputChinese.framework/TextInputChinese.tbd
2026-06-03T08:46:51.4471260Z x iPhoneOS14.5.sdk/System/Library/PrivateFrameworks/BackBoardHIDEventFoundation.framework/
2026-06-03T08:46:51.4472230Z x iPhoneOS14.5.sdk/System/Library/PrivateFrameworks/BackBoardHIDEventFoundation.framework/BackBoardHIDEventFoundation.tbd
2026-06-03T08:46:51.4473030Z x iPhoneOS14.5.sdk/System/Library/PrivateFrameworks/AudioSession.framework/
2026-06-03T08:46:51.4474020Z x iPhoneOS14.5.sdk/System/Library/PrivateFrameworks/AudioSession.framework/AudioSession.tbd
2026-06-03T08:46:51.4474640Z x iPhoneOS14.5.sdk/System/Library/PrivateFrameworks/CoreOptimization.framework/
2026-06-03T08:46:51.4476220Z x iPhoneOS14.5.sdk/System/Library/PrivateFrameworks/CoreOptimization.framework/CoreOptimization.tbd
2026-06-03T08:46:51.4476730Z x iPhoneOS14.5.sdk/System/Library/PrivateFrameworks/TelephonyXPCClient.framework/
2026-06-03T08:46:51.4477270Z x iPhoneOS14.5.sdk/System/Library/PrivateFrameworks/TelephonyXPCClient.framework/TelephonyXPCClient.tbd
2026-06-03T08:46:51.4477810Z x iPhoneOS14.5.sdk/System/Library/PrivateFrameworks/ControlCenterServices.framework/
2026-06-03T08:46:51.4478380Z x iPhoneOS14.5.sdk/System/Library/PrivateFrameworks/ControlCenterServices.framework/ControlCenterServices.tbd
2026-06-03T08:46:51.4478910Z x iPhoneOS14.5.sdk/System/Library/PrivateFrameworks/Eyedropper.framework/
2026-06-03T08:46:51.4479530Z x iPhoneOS14.5.sdk/System/Library/PrivateFrameworks/Eyedropper.framework/Eyedropper.tbd
2026-06-03T08:46:51.4480030Z x iPhoneOS14.5.sdk/System/Library/PrivateFrameworks/AGXCompilerCore-S2A8.framework/
2026-06-03T08:46:51.4481350Z x iPhoneOS14.5.sdk/System/Library/PrivateFrameworks/AGXCompilerCore-S2A8.framework/AGXCompilerCore-S2A8.tbd
2026-06-03T08:46:51.4485270Z x iPhoneOS14.5.sdk/System/Library/PrivateFrameworks/DiagnosticRequestService.framework/
2026-06-03T08:46:51.4485880Z x iPhoneOS14.5.sdk/System/Library/PrivateFrameworks/DiagnosticRequestService.framework/DiagnosticRequestService.tbd
2026-06-03T08:46:51.4486530Z x iPhoneOS14.5.sdk/System/Library/PrivateFrameworks/AuthenticationServicesCore.framework/
2026-06-03T08:46:51.4487200Z x iPhoneOS14.5.sdk/System/Library/PrivateFrameworks/AuthenticationServicesCore.framework/AuthenticationServicesCore.tbd
2026-06-03T08:46:51.4487780Z x iPhoneOS14.5.sdk/System/Library/PrivateFrameworks/IdleTimerServices.framework/
2026-06-03T08:46:51.4488310Z x iPhoneOS14.5.sdk/System/Library/PrivateFrameworks/IdleTimerServices.framework/IdleTimerServices.tbd
2026-06-03T08:46:51.4488830Z x iPhoneOS14.5.sdk/System/Library/PrivateFrameworks/DigitalTouchShared.framework/
2026-06-03T08:46:51.4490160Z x iPhoneOS14.5.sdk/System/Library/PrivateFrameworks/DigitalTouchShared.framework/DigitalTouchShared.tbd
2026-06-03T08:46:51.4491060Z x iPhoneOS14.5.sdk/System/Library/PrivateFrameworks/HealthPlatformCore.framework/
2026-06-03T08:46:51.4491750Z x iPhoneOS14.5.sdk/System/Library/PrivateFrameworks/HealthPlatformCore.framework/HealthPlatformCore.tbd
2026-06-03T08:46:51.4492410Z x iPhoneOS14.5.sdk/System/Library/PrivateFrameworks/MorphunAssetsUpdater.framework/
2026-06-03T08:46:51.4492990Z x iPhoneOS14.5.sdk/System/Library/PrivateFrameworks/MorphunAssetsUpdater.framework/MorphunAssetsUpdater.tbd
2026-06-03T08:46:51.4493680Z x iPhoneOS14.5.sdk/System/Library/PrivateFrameworks/ActionPredictionHeuristics.framework/
2026-06-03T08:46:51.4497080Z x iPhoneOS14.5.sdk/System/Library/PrivateFrameworks/ActionPredictionHeuristics.framework/ActionPredictionHeuristics.tbd
2026-06-03T08:46:51.4497890Z x iPhoneOS14.5.sdk/System/Library/PrivateFrameworks/NanoComplicationSettings.framework/
2026-06-03T08:46:51.4513790Z x iPhoneOS14.5.sdk/System/Library/PrivateFrameworks/NanoComplicationSettings.framework/NanoComplicationSettings.tbd
2026-06-03T08:46:51.4514580Z x iPhoneOS14.5.sdk/System/Library/PrivateFrameworks/CloudPhotoServices.framework/
2026-06-03T08:46:51.4517430Z x iPhoneOS14.5.sdk/System/Library/PrivateFrameworks/CloudPhotoServices.framework/CloudPhotoServices.tbd
2026-06-03T08:46:51.4518010Z x iPhoneOS14.5.sdk/System/Library/PrivateFrameworks/CoreSuggestionsML.framework/
2026-06-03T08:46:51.4518590Z x iPhoneOS14.5.sdk/System/Library/PrivateFrameworks/CoreSuggestionsML.framework/CoreSuggestionsML.tbd
2026-06-03T08:46:51.4519340Z x iPhoneOS14.5.sdk/System/Library/PrivateFrameworks/IOAccelerator.framework/
2026-06-03T08:46:51.4520950Z x iPhoneOS14.5.sdk/System/Library/PrivateFrameworks/IOAccelerator.framework/IOAccelerator.tbd
2026-06-03T08:46:51.4521480Z x iPhoneOS14.5.sdk/System/Library/PrivateFrameworks/WeatherUI.framework/
2026-06-03T08:46:51.4521980Z x iPhoneOS14.5.sdk/System/Library/PrivateFrameworks/WeatherUI.framework/WeatherUI.tbd
2026-06-03T08:46:51.4522500Z x iPhoneOS14.5.sdk/System/Library/PrivateFrameworks/CoreEmoji.framework/
2026-06-03T08:46:51.4522980Z x iPhoneOS14.5.sdk/System/Library/PrivateFrameworks/CoreEmoji.framework/CoreEmoji.tbd
2026-06-03T08:46:51.4523560Z x iPhoneOS14.5.sdk/System/Library/PrivateFrameworks/FinHealth.framework/
2026-06-03T08:46:51.4524040Z x iPhoneOS14.5.sdk/System/Library/PrivateFrameworks/FinHealth.framework/FinHealth.tbd
2026-06-03T08:46:51.4524570Z x iPhoneOS14.5.sdk/System/Library/PrivateFrameworks/ScreenReaderOutput.framework/
2026-06-03T08:46:51.4525170Z x iPhoneOS14.5.sdk/System/Library/PrivateFrameworks/ScreenReaderOutput.framework/ScreenReaderOutput.tbd
2026-06-03T08:46:51.4525720Z x iPhoneOS14.5.sdk/System/Library/PrivateFrameworks/SearchUI.framework/
2026-06-03T08:46:51.4527960Z x iPhoneOS14.5.sdk/System/Library/PrivateFrameworks/SearchUI.framework/SearchUI.tbd
2026-06-03T08:46:51.4528660Z x iPhoneOS14.5.sdk/System/Library/PrivateFrameworks/AppleDepth.framework/
2026-06-03T08:46:51.4529350Z x iPhoneOS14.5.sdk/System/Library/PrivateFrameworks/AppleDepth.framework/AppleDepth.tbd
2026-06-03T08:46:51.4530230Z x iPhoneOS14.5.sdk/System/Library/PrivateFrameworks/ANECompiler.framework/
2026-06-03T08:46:51.4559380Z x iPhoneOS14.5.sdk/System/Library/PrivateFrameworks/ANECompiler.framework/ANECompiler.tbd
2026-06-03T08:46:51.4599520Z x iPhoneOS14.5.sdk/System/Library/PrivateFrameworks/AccessibilityUIViewServices.framework/
2026-06-03T08:46:51.4600280Z x iPhoneOS14.5.sdk/System/Library/PrivateFrameworks/AccessibilityUIViewServices.framework/AccessibilityUIViewServices.tbd
2026-06-03T08:46:51.4601040Z x iPhoneOS14.5.sdk/System/Library/PrivateFrameworks/Coordination.framework/
2026-06-03T08:46:51.4601560Z x iPhoneOS14.5.sdk/System/Library/PrivateFrameworks/Coordination.framework/Coordination.tbd
2026-06-03T08:46:51.4602090Z x iPhoneOS14.5.sdk/System/Library/PrivateFrameworks/PrototypeTools.framework/
2026-06-03T08:46:51.4602940Z x iPhoneOS14.5.sdk/System/Library/PrivateFrameworks/PrototypeTools.framework/PrototypeTools.tbd
2026-06-03T08:46:51.4704430Z x iPhoneOS14.5.sdk/System/Library/PrivateFrameworks/TipsDaemon.framework/
2026-06-03T08:46:51.4814910Z x iPhoneOS14.5.sdk/System/Library/PrivateFrameworks/TipsDaemon.framework/TipsDaemon.tbd
2026-06-03T08:46:51.4916080Z x iPhoneOS14.5.sdk/System/Library/PrivateFrameworks/CoreChart.framework/
2026-06-03T08:46:51.5016140Z x iPhoneOS14.5.sdk/System/Library/PrivateFrameworks/CoreChart.framework/CoreChart.tbd
2026-06-03T08:46:51.5016820Z x iPhoneOS14.5.sdk/System/Library/PrivateFrameworks/CloudKitCodeProtobuf.framework/
2026-06-03T08:46:51.5017690Z x iPhoneOS14.5.sdk/System/Library/PrivateFrameworks/CloudKitCodeProtobuf.framework/CloudKitCodeProtobuf.tbd
2026-06-03T08:46:51.5019450Z x iPhoneOS14.5.sdk/System/Library/PrivateFrameworks/VoiceTriggerUI.framework/
2026-06-03T08:46:51.5020290Z x iPhoneOS14.5.sdk/System/Library/PrivateFrameworks/VoiceTriggerUI.framework/VoiceTriggerUI.tbd
2026-06-03T08:46:51.5021510Z x iPhoneOS14.5.sdk/System/Library/PrivateFrameworks/ControlCenterUI.framework/
2026-06-03T08:46:51.5022080Z x iPhoneOS14.5.sdk/System/Library/PrivateFrameworks/ControlCenterUI.framework/ControlCenterUI.tbd
2026-06-03T08:46:51.5022710Z x iPhoneOS14.5.sdk/System/Library/PrivateFrameworks/VoiceShortcutsUICardKitProviderSupport.framework/
2026-06-03T08:46:51.5023540Z x iPhoneOS14.5.sdk/System/Library/PrivateFrameworks/VoiceShortcutsUICardKitProviderSupport.framework/VoiceShortcutsUICardKitProviderSupport.tbd
2026-06-03T08:46:51.5024420Z x iPhoneOS14.5.sdk/System/Library/PrivateFrameworks/AVFCapture.framework/
2026-06-03T08:46:51.5024920Z x iPhoneOS14.5.sdk/System/Library/PrivateFrameworks/AVFCapture.framework/AVFCapture.tbd
2026-06-03T08:46:51.5025440Z x iPhoneOS14.5.sdk/System/Library/PrivateFrameworks/NetworkRelay.framework/
2026-06-03T08:46:51.5025950Z x iPhoneOS14.5.sdk/System/Library/PrivateFrameworks/NetworkRelay.framework/NetworkRelay.tbd
2026-06-03T08:46:51.5026460Z x iPhoneOS14.5.sdk/System/Library/PrivateFrameworks/SafariShared.framework/
2026-06-03T08:46:51.5029250Z x iPhoneOS14.5.sdk/System/Library/PrivateFrameworks/SafariShared.framework/SafariShared.tbd
2026-06-03T08:46:51.5029790Z x iPhoneOS14.5.sdk/System/Library/PrivateFrameworks/Pasteboard.framework/
2026-06-03T08:46:51.5030390Z x iPhoneOS14.5.sdk/System/Library/PrivateFrameworks/Pasteboard.framework/Pasteboard.tbd
2026-06-03T08:46:51.5030910Z x iPhoneOS14.5.sdk/System/Library/PrivateFrameworks/ClipUIServices.framework/
2026-06-03T08:46:51.5031440Z x iPhoneOS14.5.sdk/System/Library/PrivateFrameworks/ClipUIServices.framework/ClipUIServices.tbd
2026-06-03T08:46:51.5032610Z x iPhoneOS14.5.sdk/System/Library/PrivateFrameworks/IOSurfaceAccelerator.framework/
2026-06-03T08:46:51.5033220Z x iPhoneOS14.5.sdk/System/Library/PrivateFrameworks/IOSurfaceAccelerator.framework/IOSurfaceAccelerator.tbd
2026-06-03T08:46:51.5033930Z x iPhoneOS14.5.sdk/System/Library/PrivateFrameworks/CheckerBoardServices.framework/
2026-06-03T08:46:51.5041650Z x iPhoneOS14.5.sdk/System/Library/PrivateFrameworks/CheckerBoardServices.framework/CheckerBoardServices.tbd
2026-06-03T08:46:51.5042550Z x iPhoneOS14.5.sdk/System/Library/PrivateFrameworks/AccessibilityUIUtilities.framework/
2026-06-03T08:46:51.5043190Z x iPhoneOS14.5.sdk/System/Library/PrivateFrameworks/AccessibilityUIUtilities.framework/AccessibilityUIUtilities.tbd
2026-06-03T08:46:51.5043810Z x iPhoneOS14.5.sdk/System/Library/PrivateFrameworks/SeymourServices.framework/
2026-06-03T08:46:51.5044350Z x iPhoneOS14.5.sdk/System/Library/PrivateFrameworks/SeymourServices.framework/SeymourServices.tbd
2026-06-03T08:46:51.5044940Z x iPhoneOS14.5.sdk/System/Library/PrivateFrameworks/WirelessCoexManager.framework/
2026-06-03T08:46:51.5045600Z x iPhoneOS14.5.sdk/System/Library/PrivateFrameworks/WirelessCoexManager.framework/WirelessCoexManager.tbd
2026-06-03T08:46:51.5046140Z x iPhoneOS14.5.sdk/System/Library/PrivateFrameworks/Navigation.framework/
2026-06-03T08:46:51.5092240Z x iPhoneOS14.5.sdk/System/Library/PrivateFrameworks/Navigation.framework/Navigation.tbd
2026-06-03T08:46:51.5092820Z x iPhoneOS14.5.sdk/System/Library/PrivateFrameworks/NotesUI.framework/
2026-06-03T08:46:51.5093290Z x iPhoneOS14.5.sdk/System/Library/PrivateFrameworks/NotesUI.framework/NotesUI.tbd
2026-06-03T08:46:51.5093820Z x iPhoneOS14.5.sdk/System/Library/PrivateFrameworks/TextInputCore.framework/
2026-06-03T08:46:51.5094400Z x iPhoneOS14.5.sdk/System/Library/PrivateFrameworks/TextInputCore.framework/TextInputCore.tbd
2026-06-03T08:46:51.5095010Z x iPhoneOS14.5.sdk/System/Library/PrivateFrameworks/SpeechRecognitionCommandServices.framework/
2026-06-03T08:46:51.5096040Z x iPhoneOS14.5.sdk/System/Library/PrivateFrameworks/SpeechRecognitionCommandServices.framework/SpeechRecognitionCommandServices.tbd
2026-06-03T08:46:51.5096710Z x iPhoneOS14.5.sdk/System/Library/PrivateFrameworks/FSEvents.framework/
2026-06-03T08:46:51.5098240Z x iPhoneOS14.5.sdk/System/Library/PrivateFrameworks/FSEvents.framework/FSEvents.tbd
2026-06-03T08:46:51.5098780Z x iPhoneOS14.5.sdk/System/Library/PrivateFrameworks/MetricKitServices.framework/
2026-06-03T08:46:51.5099350Z x iPhoneOS14.5.sdk/System/Library/PrivateFrameworks/MetricKitServices.framework/MetricKitServices.tbd
2026-06-03T08:46:51.5099960Z x iPhoneOS14.5.sdk/System/Library/PrivateFrameworks/AppStoreDaemon.framework/
2026-06-03T08:46:51.5100490Z x iPhoneOS14.5.sdk/System/Library/PrivateFrameworks/AppStoreDaemon.framework/AppStoreDaemon.tbd
2026-06-03T08:46:51.5100990Z x iPhoneOS14.5.sdk/System/Library/PrivateFrameworks/SiriLiminal.framework/
2026-06-03T08:46:51.5101690Z x iPhoneOS14.5.sdk/System/Library/PrivateFrameworks/SiriLiminal.framework/SiriLiminal.tbd
2026-06-03T08:46:51.5102150Z x iPhoneOS14.5.sdk/System/Library/PrivateFrameworks/Celestial.framework/
2026-06-03T08:46:51.5102610Z x iPhoneOS14.5.sdk/System/Library/PrivateFrameworks/Celestial.framework/Celestial.tbd
2026-06-03T08:46:51.5103040Z x iPhoneOS14.5.sdk/System/Library/PrivateFrameworks/CardKit.framework/
2026-06-03T08:46:51.5103440Z x iPhoneOS14.5.sdk/System/Library/PrivateFrameworks/CardKit.framework/CardKit.tbd
2026-06-03T08:46:51.5103870Z x iPhoneOS14.5.sdk/System/Library/PrivateFrameworks/DigitalAccess.framework/
2026-06-03T08:46:51.5104340Z x iPhoneOS14.5.sdk/System/Library/PrivateFrameworks/DigitalAccess.framework/DigitalAccess.tbd
2026-06-03T08:46:51.5104790Z x iPhoneOS14.5.sdk/System/Library/PrivateFrameworks/SAML.framework/
2026-06-03T08:46:51.5105170Z x iPhoneOS14.5.sdk/System/Library/PrivateFrameworks/SAML.framework/SAML.tbd
2026-06-03T08:46:51.5105560Z x iPhoneOS14.5.sdk/System/Library/PrivateFrameworks/IMAVCore.framework/
2026-06-03T08:46:51.5105970Z x iPhoneOS14.5.sdk/System/Library/PrivateFrameworks/IMAVCore.framework/IMAVCore.tbd
2026-06-03T08:46:51.5106420Z x iPhoneOS14.5.sdk/System/Library/PrivateFrameworks/CarPlaySupport.framework/
2026-06-03T08:46:51.5106910Z x iPhoneOS14.5.sdk/System/Library/PrivateFrameworks/CarPlaySupport.framework/CarPlaySupport.tbd
2026-06-03T08:46:51.5107370Z x iPhoneOS14.5.sdk/System/Library/PrivateFrameworks/BlastDoor.framework/
2026-06-03T08:46:51.5107790Z x iPhoneOS14.5.sdk/System/Library/PrivateFrameworks/BlastDoor.framework/BlastDoor.tbd
2026-06-03T08:46:51.5108210Z x iPhoneOS14.5.sdk/System/Library/PrivateFrameworks/CoreUI.framework/
2026-06-03T08:46:51.5108610Z x iPhoneOS14.5.sdk/System/Library/PrivateFrameworks/CoreUI.framework/CoreUI.tbd
2026-06-03T08:46:51.5109020Z x iPhoneOS14.5.sdk/System/Library/PrivateFrameworks/PDSAgent.framework/
2026-06-03T08:46:51.5109440Z x iPhoneOS14.5.sdk/System/Library/PrivateFrameworks/PDSAgent.framework/PDSAgent.tbd
2026-06-03T08:46:51.5109870Z x iPhoneOS14.5.sdk/System/Library/PrivateFrameworks/TelephonyUI.framework/
2026-06-03T08:46:51.5110360Z x iPhoneOS14.5.sdk/System/Library/PrivateFrameworks/TelephonyUI.framework/TelephonyUI.tbd
2026-06-03T08:46:51.5110820Z x iPhoneOS14.5.sdk/System/Library/PrivateFrameworks/WiFiAnalytics.framework/
2026-06-03T08:46:51.5112760Z x iPhoneOS14.5.sdk/System/Library/PrivateFrameworks/WiFiAnalytics.framework/WiFiAnalytics.tbd
2026-06-03T08:46:51.5113330Z x iPhoneOS14.5.sdk/System/Library/PrivateFrameworks/PromotedContent.framework/
2026-06-03T08:46:51.5113830Z x iPhoneOS14.5.sdk/System/Library/PrivateFrameworks/PromotedContent.framework/PromotedContent.tbd
2026-06-03T08:46:51.5114410Z x iPhoneOS14.5.sdk/System/Library/PrivateFrameworks/CoordinationCore.framework/
2026-06-03T08:46:51.5114920Z x iPhoneOS14.5.sdk/System/Library/PrivateFrameworks/CoordinationCore.framework/CoordinationCore.tbd
2026-06-03T08:46:51.5115520Z x iPhoneOS14.5.sdk/System/Library/PrivateFrameworks/SetupAssistantSupport.framework/
2026-06-03T08:46:51.5116100Z x iPhoneOS14.5.sdk/System/Library/PrivateFrameworks/SetupAssistantSupport.framework/SetupAssistantSupport.tbd
2026-06-03T08:46:51.5116790Z x iPhoneOS14.5.sdk/System/Library/PrivateFrameworks/HomeSharing.framework/
2026-06-03T08:46:51.5117260Z x iPhoneOS14.5.sdk/System/Library/PrivateFrameworks/HomeSharing.framework/HomeSharing.tbd
2026-06-03T08:46:51.5117830Z x iPhoneOS14.5.sdk/System/Library/PrivateFrameworks/PhotoAnalysis.framework/
2026-06-03T08:46:51.5118320Z x iPhoneOS14.5.sdk/System/Library/PrivateFrameworks/PhotoAnalysis.framework/PhotoAnalysis.tbd
2026-06-03T08:46:51.5118780Z x iPhoneOS14.5.sdk/System/Library/PrivateFrameworks/AVConference.framework/
2026-06-03T08:46:51.5119250Z x iPhoneOS14.5.sdk/System/Library/PrivateFrameworks/AVConference.framework/AVConference.tbd
2026-06-03T08:46:51.5119740Z x iPhoneOS14.5.sdk/System/Library/PrivateFrameworks/AVConference.framework/Frameworks/
2026-06-03T08:46:51.5120280Z x iPhoneOS14.5.sdk/System/Library/PrivateFrameworks/AVConference.framework/Frameworks/ViceroyTrace.framework/
2026-06-03T08:46:51.5122050Z x iPhoneOS14.5.sdk/System/Library/PrivateFrameworks/AVConference.framework/Frameworks/ViceroyTrace.framework/ViceroyTrace.tbd
2026-06-03T08:46:51.5122770Z x iPhoneOS14.5.sdk/System/Library/PrivateFrameworks/AVConference.framework/Frameworks/snatmap.framework/
2026-06-03T08:46:51.5123410Z x iPhoneOS14.5.sdk/System/Library/PrivateFrameworks/AVConference.framework/Frameworks/snatmap.framework/snatmap.tbd
2026-06-03T08:46:51.5124060Z x iPhoneOS14.5.sdk/System/Library/PrivateFrameworks/AVConference.framework/Frameworks/LegacyHandle.framework/
2026-06-03T08:46:51.5124760Z x iPhoneOS14.5.sdk/System/Library/PrivateFrameworks/AVConference.framework/Frameworks/LegacyHandle.framework/LegacyHandle.tbd
2026-06-03T08:46:51.5125410Z x iPhoneOS14.5.sdk/System/Library/PrivateFrameworks/AVConference.framework/Frameworks/ICE.framework/
2026-06-03T08:46:51.5125990Z x iPhoneOS14.5.sdk/System/Library/PrivateFrameworks/AVConference.framework/Frameworks/ICE.framework/ICE.tbd
2026-06-03T08:46:51.5127500Z x iPhoneOS14.5.sdk/System/Library/PrivateFrameworks/AVConference.framework/Frameworks/SimpleKeyExchange.framework/
2026-06-03T08:46:51.5128230Z x iPhoneOS14.5.sdk/System/Library/PrivateFrameworks/AVConference.framework/Frameworks/SimpleKeyExchange.framework/SimpleKeyExchange.tbd
2026-06-03T08:46:51.5128940Z x iPhoneOS14.5.sdk/System/Library/PrivateFrameworks/AVConference.framework/Frameworks/GKSPerformance.framework/
2026-06-03T08:46:51.5129630Z x iPhoneOS14.5.sdk/System/Library/PrivateFrameworks/AVConference.framework/Frameworks/GKSPerformance.framework/GKSPerformance.tbd
2026-06-03T08:46:51.5130250Z x iPhoneOS14.5.sdk/System/Library/PrivateFrameworks/NewsSubscription.framework/
2026-06-03T08:46:51.5130770Z x iPhoneOS14.5.sdk/System/Library/PrivateFrameworks/NewsSubscription.framework/NewsSubscription.tbd
2026-06-03T08:46:51.5131250Z x iPhoneOS14.5.sdk/System/Library/PrivateFrameworks/NewsAds.framework/
2026-06-03T08:46:51.5131660Z x iPhoneOS14.5.sdk/System/Library/PrivateFrameworks/NewsAds.framework/NewsAds.tbd
2026-06-03T08:46:51.5132130Z x iPhoneOS14.5.sdk/System/Library/PrivateFrameworks/ManagedConfiguration.framework/
2026-06-03T08:46:51.5132680Z x iPhoneOS14.5.sdk/System/Library/PrivateFrameworks/ManagedConfiguration.framework/ManagedConfiguration.tbd
2026-06-03T08:46:51.5133190Z x iPhoneOS14.5.sdk/System/Library/PrivateFrameworks/SilexVideo.framework/
2026-06-03T08:46:51.5133630Z x iPhoneOS14.5.sdk/System/Library/PrivateFrameworks/SilexVideo.framework/SilexVideo.tbd
2026-06-03T08:46:51.5134110Z x iPhoneOS14.5.sdk/System/Library/PrivateFrameworks/AppleIDAuthSupport.framework/
2026-06-03T08:46:51.5134640Z x iPhoneOS14.5.sdk/System/Library/PrivateFrameworks/AppleIDAuthSupport.framework/AppleIDAuthSupport.tbd
2026-06-03T08:46:51.5135150Z x iPhoneOS14.5.sdk/System/Library/PrivateFrameworks/MessageSupport.framework/
2026-06-03T08:46:51.5135390Z x iPhoneOS14.5.sdk/System/Library/PrivateFrameworks/MessageSupport.framework/MessageSupport.tbd
2026-06-03T08:46:51.5135570Z x iPhoneOS14.5.sdk/System/Library/PrivateFrameworks/PointerUIServices.framework/
2026-06-03T08:46:51.5136160Z x iPhoneOS14.5.sdk/System/Library/PrivateFrameworks/PointerUIServices.framework/PointerUIServices.tbd
2026-06-03T08:46:51.5136330Z x iPhoneOS14.5.sdk/System/Library/PrivateFrameworks/CoreParsec.framework/
2026-06-03T08:46:51.5136690Z x iPhoneOS14.5.sdk/System/Library/PrivateFrameworks/CoreParsec.framework/CoreParsec.tbd
2026-06-03T08:46:51.5136860Z x iPhoneOS14.5.sdk/System/Library/PrivateFrameworks/NewsFeedLayout.framework/
2026-06-03T08:46:51.5137090Z x iPhoneOS14.5.sdk/System/Library/PrivateFrameworks/NewsFeedLayout.framework/NewsFeedLayout.tbd
2026-06-03T08:46:51.5137240Z x iPhoneOS14.5.sdk/System/Library/PrivateFrameworks/Stateful.framework/
2026-06-03T08:46:51.5137420Z x iPhoneOS14.5.sdk/System/Library/PrivateFrameworks/Stateful.framework/Stateful.tbd
2026-06-03T08:46:51.5137570Z x iPhoneOS14.5.sdk/System/Library/PrivateFrameworks/MediaKit.framework/
2026-06-03T08:46:51.5137750Z x iPhoneOS14.5.sdk/System/Library/PrivateFrameworks/MediaKit.framework/MediaKit.tbd
2026-06-03T08:46:51.5138010Z x iPhoneOS14.5.sdk/System/Library/PrivateFrameworks/CarKit.framework/
2026-06-03T08:46:51.5138190Z x iPhoneOS14.5.sdk/System/Library/PrivateFrameworks/CarKit.framework/CarKit.tbd
2026-06-03T08:46:51.5138360Z x iPhoneOS14.5.sdk/System/Library/PrivateFrameworks/ConversationKit.framework/
2026-06-03T08:46:51.5138600Z x iPhoneOS14.5.sdk/System/Library/PrivateFrameworks/ConversationKit.framework/ConversationKit.tbd
2026-06-03T08:46:51.5138780Z x iPhoneOS14.5.sdk/System/Library/PrivateFrameworks/SoftwareUpdateCore.framework/
2026-06-03T08:46:51.5139040Z x iPhoneOS14.5.sdk/System/Library/PrivateFrameworks/SoftwareUpdateCore.framework/SoftwareUpdateCore.tbd
2026-06-03T08:46:51.5139190Z x iPhoneOS14.5.sdk/System/Library/PrivateFrameworks/SeymourUI.framework/
2026-06-03T08:46:51.5139400Z x iPhoneOS14.5.sdk/System/Library/PrivateFrameworks/SeymourUI.framework/SeymourUI.tbd
2026-06-03T08:46:51.5139590Z x iPhoneOS14.5.sdk/System/Library/PrivateFrameworks/MobileSoftwareUpdate.framework/
2026-06-03T08:46:51.5139890Z x iPhoneOS14.5.sdk/System/Library/PrivateFrameworks/MobileSoftwareUpdate.framework/MobileSoftwareUpdate.tbd
2026-06-03T08:46:51.5140090Z x iPhoneOS14.5.sdk/System/Library/PrivateFrameworks/AppPredictionInternal.framework/
2026-06-03T08:46:51.5140360Z x iPhoneOS14.5.sdk/System/Library/PrivateFrameworks/AppPredictionInternal.framework/AppPredictionInternal.tbd
2026-06-03T08:46:51.5140530Z x iPhoneOS14.5.sdk/System/Library/PrivateFrameworks/SidecarCore.framework/
2026-06-03T08:46:51.5140730Z x iPhoneOS14.5.sdk/System/Library/PrivateFrameworks/SidecarCore.framework/SidecarCore.tbd
2026-06-03T08:46:51.5140880Z x iPhoneOS14.5.sdk/System/Library/PrivateFrameworks/Notes.framework/
2026-06-03T08:46:51.5141050Z x iPhoneOS14.5.sdk/System/Library/PrivateFrameworks/Notes.framework/Notes.tbd
2026-06-03T08:46:51.5141240Z x iPhoneOS14.5.sdk/System/Library/PrivateFrameworks/CarPlayUIServices.framework/
2026-06-03T08:46:51.5141500Z x iPhoneOS14.5.sdk/System/Library/PrivateFrameworks/CarPlayUIServices.framework/CarPlayUIServices.tbd
2026-06-03T08:46:51.5141680Z x iPhoneOS14.5.sdk/System/Library/PrivateFrameworks/MultitouchSupport.framework/
2026-06-03T08:46:51.5141930Z x iPhoneOS14.5.sdk/System/Library/PrivateFrameworks/MultitouchSupport.framework/MultitouchSupport.tbd
2026-06-03T08:46:51.5142070Z x iPhoneOS14.5.sdk/System/Library/PrivateFrameworks/NewsUI2.framework/
2026-06-03T08:46:51.5142250Z x iPhoneOS14.5.sdk/System/Library/PrivateFrameworks/NewsUI2.framework/NewsUI2.tbd
2026-06-03T08:46:51.5142390Z x iPhoneOS14.5.sdk/System/Library/PrivateFrameworks/CVNLP.framework/
2026-06-03T08:46:51.5142560Z x iPhoneOS14.5.sdk/System/Library/PrivateFrameworks/CVNLP.framework/CVNLP.tbd
2026-06-03T08:46:51.5142730Z x iPhoneOS14.5.sdk/System/Library/PrivateFrameworks/SMBClientEngine.framework/
2026-06-03T08:46:51.5142960Z x iPhoneOS14.5.sdk/System/Library/PrivateFrameworks/SMBClientEngine.framework/SMBClientEngine.tbd
2026-06-03T08:46:51.5143170Z x iPhoneOS14.5.sdk/System/Library/PrivateFrameworks/MobileContainerManager.framework/
2026-06-03T08:46:51.5143560Z x iPhoneOS14.5.sdk/System/Library/PrivateFrameworks/MobileContainerManager.framework/MobileContainerManager.tbd
2026-06-03T08:46:51.5143750Z x iPhoneOS14.5.sdk/System/Library/PrivateFrameworks/XCTTargetBootstrap.framework/
2026-06-03T08:46:51.5158970Z x iPhoneOS14.5.sdk/System/Library/PrivateFrameworks/XCTTargetBootstrap.framework/XCTTargetBootstrap.tbd
2026-06-03T08:46:51.5159230Z x iPhoneOS14.5.sdk/System/Library/PrivateFrameworks/AccessoryCommunications.framework/
2026-06-03T08:46:51.5159520Z x iPhoneOS14.5.sdk/System/Library/PrivateFrameworks/AccessoryCommunications.framework/AccessoryCommunications.tbd
2026-06-03T08:46:51.5159710Z x iPhoneOS14.5.sdk/System/Library/PrivateFrameworks/DocumentManagerUICore.framework/
2026-06-03T08:46:51.5160110Z x iPhoneOS14.5.sdk/System/Library/PrivateFrameworks/DocumentManagerUICore.framework/DocumentManagerUICore.tbd
2026-06-03T08:46:51.5160330Z x iPhoneOS14.5.sdk/System/Library/PrivateFrameworks/AppleMediaServicesUIDynamic.framework/
2026-06-03T08:46:51.5160820Z x iPhoneOS14.5.sdk/System/Library/PrivateFrameworks/AppleMediaServicesUIDynamic.framework/AppleMediaServicesUIDynamic.tbd
2026-06-03T08:46:51.5160970Z x iPhoneOS14.5.sdk/System/Library/PrivateFrameworks/ShazamKit.framework/
2026-06-03T08:46:51.5161280Z x iPhoneOS14.5.sdk/System/Library/PrivateFrameworks/ShazamKit.framework/ShazamKit.tbd
2026-06-03T08:46:51.5161470Z x iPhoneOS14.5.sdk/System/Library/PrivateFrameworks/AirPortAssistant.framework/
2026-06-03T08:46:51.5164110Z x iPhoneOS14.5.sdk/System/Library/PrivateFrameworks/AirPortAssistant.framework/AirPortAssistant.tbd
2026-06-03T08:46:51.5164280Z x iPhoneOS14.5.sdk/System/Library/PrivateFrameworks/APFS.framework/
2026-06-03T08:46:51.5164460Z x iPhoneOS14.5.sdk/System/Library/PrivateFrameworks/APFS.framework/APFS.tbd
2026-06-03T08:46:51.5164660Z x iPhoneOS14.5.sdk/System/Library/PrivateFrameworks/CoreSpeechFoundation.framework/
2026-06-03T08:46:51.5165010Z x iPhoneOS14.5.sdk/System/Library/PrivateFrameworks/CoreSpeechFoundation.framework/CoreSpeechFoundation.tbd
2026-06-03T08:46:51.5165190Z x iPhoneOS14.5.sdk/System/Library/PrivateFrameworks/CoreBrightness.framework/
2026-06-03T08:46:51.5165430Z x iPhoneOS14.5.sdk/System/Library/PrivateFrameworks/CoreBrightness.framework/CoreBrightness.tbd
2026-06-03T08:46:51.5165610Z x iPhoneOS14.5.sdk/System/Library/PrivateFrameworks/WirelessProximity.framework/
2026-06-03T08:46:51.5165870Z x iPhoneOS14.5.sdk/System/Library/PrivateFrameworks/WirelessProximity.framework/WirelessProximity.tbd
2026-06-03T08:46:51.5166050Z x iPhoneOS14.5.sdk/System/Library/PrivateFrameworks/ControlCenterUIKit.framework/
2026-06-03T08:46:51.5166310Z x iPhoneOS14.5.sdk/System/Library/PrivateFrameworks/ControlCenterUIKit.framework/ControlCenterUIKit.tbd
2026-06-03T08:46:51.5166470Z x iPhoneOS14.5.sdk/System/Library/PrivateFrameworks/WebCore.framework/
2026-06-03T08:46:51.5166650Z x iPhoneOS14.5.sdk/System/Library/PrivateFrameworks/WebCore.framework/Frameworks/
2026-06-03T08:46:51.5166890Z x iPhoneOS14.5.sdk/System/Library/PrivateFrameworks/WebCore.framework/Frameworks/libANGLE-shared.tbd
2026-06-03T08:46:51.5167110Z x iPhoneOS14.5.sdk/System/Library/PrivateFrameworks/WebCore.framework/Frameworks/libwebrtc.tbd
2026-06-03T08:46:51.5167330Z x iPhoneOS14.5.sdk/System/Library/PrivateFrameworks/WebCore.framework/WebCore.tbd
2026-06-03T08:46:51.5167480Z x iPhoneOS14.5.sdk/System/Library/PrivateFrameworks/PlacesKit.framework/
2026-06-03T08:46:51.5167670Z x iPhoneOS14.5.sdk/System/Library/PrivateFrameworks/PlacesKit.framework/PlacesKit.tbd
2026-06-03T08:46:51.5167830Z x iPhoneOS14.5.sdk/System/Library/PrivateFrameworks/DASDaemon.framework/
2026-06-03T08:46:51.5168020Z x iPhoneOS14.5.sdk/System/Library/PrivateFrameworks/DASDaemon.framework/DASDaemon.tbd
2026-06-03T08:46:51.5168190Z x iPhoneOS14.5.sdk/System/Library/PrivateFrameworks/WallpaperKit.framework/
2026-06-03T08:46:51.5168400Z x iPhoneOS14.5.sdk/System/Library/PrivateFrameworks/WallpaperKit.framework/WallpaperKit.tbd
2026-06-03T08:46:51.5168550Z x iPhoneOS14.5.sdk/System/Library/PrivateFrameworks/RTTUI.framework/
2026-06-03T08:46:51.5168890Z x iPhoneOS14.5.sdk/System/Library/PrivateFrameworks/RTTUI.framework/RTTUI.tbd
2026-06-03T08:46:51.5169070Z x iPhoneOS14.5.sdk/System/Library/PrivateFrameworks/StorageSettings.framework/
2026-06-03T08:46:51.5169390Z x iPhoneOS14.5.sdk/System/Library/PrivateFrameworks/StorageSettings.framework/StorageSettings.tbd
2026-06-03T08:46:51.5169550Z x iPhoneOS14.5.sdk/System/Library/PrivateFrameworks/UsageTracking.framework/
2026-06-03T08:46:51.5169780Z x iPhoneOS14.5.sdk/System/Library/PrivateFrameworks/UsageTracking.framework/UsageTracking.tbd
2026-06-03T08:46:51.5169940Z x iPhoneOS14.5.sdk/System/Library/PrivateFrameworks/FontServices.framework/
2026-06-03T08:46:51.5170150Z x iPhoneOS14.5.sdk/System/Library/PrivateFrameworks/FontServices.framework/FontServices.tbd
2026-06-03T08:46:51.5170370Z x iPhoneOS14.5.sdk/System/Library/PrivateFrameworks/FontServices.framework/libType1Scaler.tbd
2026-06-03T08:46:51.5170670Z x iPhoneOS14.5.sdk/System/Library/PrivateFrameworks/FontServices.framework/libhvf.tbd
2026-06-03T08:46:51.5170890Z x iPhoneOS14.5.sdk/System/Library/PrivateFrameworks/FontServices.framework/libFontParser.tbd
2026-06-03T08:46:51.5171290Z x iPhoneOS14.5.sdk/System/Library/PrivateFrameworks/FontServices.framework/libGSFontCache.tbd
2026-06-03T08:46:51.5171550Z x iPhoneOS14.5.sdk/System/Library/PrivateFrameworks/FontServices.framework/libGSFont.tbd
2026-06-03T08:46:51.5171840Z x iPhoneOS14.5.sdk/System/Library/PrivateFrameworks/DrawingKit.framework/
2026-06-03T08:46:51.5172050Z x iPhoneOS14.5.sdk/System/Library/PrivateFrameworks/DrawingKit.framework/DrawingKit.tbd
2026-06-03T08:46:51.5172230Z x iPhoneOS14.5.sdk/System/Library/PrivateFrameworks/SoundBoardServices.framework/
2026-06-03T08:46:51.5172490Z x iPhoneOS14.5.sdk/System/Library/PrivateFrameworks/SoundBoardServices.framework/SoundBoardServices.tbd
2026-06-03T08:46:51.5172640Z x iPhoneOS14.5.sdk/System/Library/PrivateFrameworks/MobileSync.framework/
2026-06-03T08:46:51.5172930Z x iPhoneOS14.5.sdk/System/Library/PrivateFrameworks/MobileSync.framework/MobileSync.tbd
2026-06-03T08:46:51.5173110Z x iPhoneOS14.5.sdk/System/Library/PrivateFrameworks/HealthProfile.framework/
2026-06-03T08:46:51.5173330Z x iPhoneOS14.5.sdk/System/Library/PrivateFrameworks/HealthProfile.framework/HealthProfile.tbd
2026-06-03T08:46:51.5173480Z x iPhoneOS14.5.sdk/System/Library/PrivateFrameworks/HelpKit.framework/
2026-06-03T08:46:51.5173660Z x iPhoneOS14.5.sdk/System/Library/PrivateFrameworks/HelpKit.framework/HelpKit.tbd
2026-06-03T08:46:51.5173880Z x iPhoneOS14.5.sdk/System/Library/PrivateFrameworks/CloudMediaServicesInterfaceKit.framework/
2026-06-03T08:46:51.5174230Z x iPhoneOS14.5.sdk/System/Library/PrivateFrameworks/CloudMediaServicesInterfaceKit.framework/CloudMediaServicesInterfaceKit.tbd
2026-06-03T08:46:51.5174420Z x iPhoneOS14.5.sdk/System/Library/PrivateFrameworks/DiskSpaceDiagnostics.framework/
2026-06-03T08:46:51.5174690Z x iPhoneOS14.5.sdk/System/Library/PrivateFrameworks/DiskSpaceDiagnostics.framework/DiskSpaceDiagnostics.tbd
2026-06-03T08:46:51.5174890Z x iPhoneOS14.5.sdk/System/Library/PrivateFrameworks/DataDetectorsCore.framework/
2026-06-03T08:46:51.5175140Z x iPhoneOS14.5.sdk/System/Library/PrivateFrameworks/DataDetectorsCore.framework/DataDetectorsCore.tbd
2026-06-03T08:46:51.5175340Z x iPhoneOS14.5.sdk/System/Library/PrivateFrameworks/DataDetectorsCore.framework/PlugIns/
2026-06-03T08:46:51.5175610Z x iPhoneOS14.5.sdk/System/Library/PrivateFrameworks/DataDetectorsCore.framework/PlugIns/PhoneNumbers.plugin/
2026-06-03T08:46:51.5175940Z x iPhoneOS14.5.sdk/System/Library/PrivateFrameworks/DataDetectorsCore.framework/PlugIns/PhoneNumbers.plugin/PhoneNumbers.tbd
2026-06-03T08:46:51.5176090Z x iPhoneOS14.5.sdk/System/Library/PrivateFrameworks/EditScript.framework/
2026-06-03T08:46:51.5176290Z x iPhoneOS14.5.sdk/System/Library/PrivateFrameworks/EditScript.framework/EditScript.tbd
2026-06-03T08:46:51.5176460Z x iPhoneOS14.5.sdk/System/Library/PrivateFrameworks/WebKitLegacy.framework/
2026-06-03T08:46:51.5176770Z x iPhoneOS14.5.sdk/System/Library/PrivateFrameworks/WebKitLegacy.framework/WebKitLegacy.tbd
2026-06-03T08:46:51.5176930Z x iPhoneOS14.5.sdk/System/Library/PrivateFrameworks/RemoteXPC.framework/
2026-06-03T08:46:51.5177130Z x iPhoneOS14.5.sdk/System/Library/PrivateFrameworks/RemoteXPC.framework/RemoteXPC.tbd
2026-06-03T08:46:51.5177340Z x iPhoneOS14.5.sdk/System/Library/PrivateFrameworks/SuggestionsSpotlightMetrics.framework/
2026-06-03T08:46:51.5177750Z x iPhoneOS14.5.sdk/System/Library/PrivateFrameworks/SuggestionsSpotlightMetrics.framework/SuggestionsSpotlightMetrics.tbd
2026-06-03T08:46:51.5177940Z x iPhoneOS14.5.sdk/System/Library/PrivateFrameworks/AppleServiceToolkit.framework/
2026-06-03T08:46:51.5178210Z x iPhoneOS14.5.sdk/System/Library/PrivateFrameworks/AppleServiceToolkit.framework/AppleServiceToolkit.tbd
2026-06-03T08:46:51.5178390Z x iPhoneOS14.5.sdk/System/Library/PrivateFrameworks/IDSHashPersistence.framework/
2026-06-03T08:46:51.5178940Z x iPhoneOS14.5.sdk/System/Library/PrivateFrameworks/IDSHashPersistence.framework/IDSHashPersistence.tbd
2026-06-03T08:46:51.5179090Z x iPhoneOS14.5.sdk/System/Library/PrivateFrameworks/CorePDF.framework/
2026-06-03T08:46:51.5179270Z x iPhoneOS14.5.sdk/System/Library/PrivateFrameworks/CorePDF.framework/CorePDF.tbd
2026-06-03T08:46:51.5179430Z x iPhoneOS14.5.sdk/System/Library/PrivateFrameworks/XavierNews.framework/
2026-06-03T08:46:51.5179630Z x iPhoneOS14.5.sdk/System/Library/PrivateFrameworks/XavierNews.framework/XavierNews.tbd
2026-06-03T08:46:51.5179810Z x iPhoneOS14.5.sdk/System/Library/PrivateFrameworks/PhotoBoothEffects.framework/
2026-06-03T08:46:51.5180080Z x iPhoneOS14.5.sdk/System/Library/PrivateFrameworks/PhotoBoothEffects.framework/PhotoBoothEffects.tbd
2026-06-03T08:46:51.5180370Z x iPhoneOS14.5.sdk/System/Library/PrivateFrameworks/AppleAccountUI.framework/
2026-06-03T08:46:51.5180670Z x iPhoneOS14.5.sdk/System/Library/PrivateFrameworks/AppleAccountUI.framework/AppleAccountUI.tbd
2026-06-03T08:46:51.5180940Z x iPhoneOS14.5.sdk/System/Library/PrivateFrameworks/AccessibilityUIService.framework/
2026-06-03T08:46:51.5182980Z x iPhoneOS14.5.sdk/System/Library/PrivateFrameworks/AccessibilityUIService.framework/AccessibilityUIService.tbd
2026-06-03T08:46:51.5183360Z x iPhoneOS14.5.sdk/System/Library/PrivateFrameworks/CoreSDB.framework/
2026-06-03T08:46:51.5184690Z x iPhoneOS14.5.sdk/System/Library/PrivateFrameworks/CoreSDB.framework/CoreSDB.tbd
2026-06-03T08:46:51.5185390Z x iPhoneOS14.5.sdk/System/Library/PrivateFrameworks/APTransport.framework/
2026-06-03T08:46:51.5191160Z x iPhoneOS14.5.sdk/System/Library/PrivateFrameworks/APTransport.framework/APTransport.tbd
2026-06-03T08:46:51.5191530Z x iPhoneOS14.5.sdk/System/Library/PrivateFrameworks/ShazamInsights.framework/
2026-06-03T08:46:51.5192780Z x iPhoneOS14.5.sdk/System/Library/PrivateFrameworks/ShazamInsights.framework/ShazamInsights.tbd
2026-06-03T08:46:51.5193520Z x iPhoneOS14.5.sdk/System/Library/PrivateFrameworks/SiriIntentEvents.framework/
2026-06-03T08:46:51.5197730Z x iPhoneOS14.5.sdk/System/Library/PrivateFrameworks/SiriIntentEvents.framework/SiriIntentEvents.tbd
2026-06-03T08:46:51.5203330Z x iPhoneOS14.5.sdk/System/Library/PrivateFrameworks/NanoPreferencesSync.framework/
2026-06-03T08:46:51.5203900Z x iPhoneOS14.5.sdk/System/Library/PrivateFrameworks/NanoPreferencesSync.framework/NanoPreferencesSync.tbd
2026-06-03T08:46:51.5204210Z x iPhoneOS14.5.sdk/System/Library/PrivateFrameworks/BatteryCenterUI.framework/
2026-06-03T08:46:51.5205600Z x iPhoneOS14.5.sdk/System/Library/PrivateFrameworks/BatteryCenterUI.framework/BatteryCenterUI.tbd
2026-06-03T08:46:51.5205960Z x iPhoneOS14.5.sdk/System/Library/PrivateFrameworks/SiriKitRuntime.framework/
2026-06-03T08:46:51.5222270Z x iPhoneOS14.5.sdk/System/Library/PrivateFrameworks/SiriKitRuntime.framework/SiriKitRuntime.tbd
2026-06-03T08:46:51.5222520Z x iPhoneOS14.5.sdk/System/Library/PrivateFrameworks/Cornobble.framework/
2026-06-03T08:46:51.5223590Z x iPhoneOS14.5.sdk/System/Library/PrivateFrameworks/Cornobble.framework/Cornobble.tbd
2026-06-03T08:46:51.5224140Z x iPhoneOS14.5.sdk/System/Library/PrivateFrameworks/BookUtility.framework/
2026-06-03T08:46:51.5225560Z x iPhoneOS14.5.sdk/System/Library/PrivateFrameworks/BookUtility.framework/BookUtility.tbd
2026-06-03T08:46:51.5225930Z x iPhoneOS14.5.sdk/System/Library/PrivateFrameworks/VisualVoicemail.framework/
2026-06-03T08:46:51.5226680Z x iPhoneOS14.5.sdk/System/Library/PrivateFrameworks/VisualVoicemail.framework/IMAP.vvservice/
2026-06-03T08:46:51.5227740Z x iPhoneOS14.5.sdk/System/Library/PrivateFrameworks/VisualVoicemail.framework/IMAP.vvservice/IMAP.tbd
2026-06-03T08:46:51.5229350Z x iPhoneOS14.5.sdk/System/Library/PrivateFrameworks/VisualVoicemail.framework/VisualVoicemail.tbd
2026-06-03T08:46:51.5229500Z x iPhoneOS14.5.sdk/System/Library/PrivateFrameworks/CPMS.framework/
2026-06-03T08:46:51.5230120Z x iPhoneOS14.5.sdk/System/Library/PrivateFrameworks/CPMS.framework/CPMS.tbd
2026-06-03T08:46:51.5230560Z x iPhoneOS14.5.sdk/System/Library/PrivateFrameworks/ITMLKit.framework/
2026-06-03T08:46:51.5240420Z x iPhoneOS14.5.sdk/System/Library/PrivateFrameworks/ITMLKit.framework/ITMLKit.tbd
2026-06-03T08:46:51.5240630Z x iPhoneOS14.5.sdk/System/Library/PrivateFrameworks/AssistantUI.framework/
2026-06-03T08:46:51.5241460Z x iPhoneOS14.5.sdk/System/Library/PrivateFrameworks/AssistantUI.framework/AssistantUI.tbd
2026-06-03T08:46:51.5241890Z x iPhoneOS14.5.sdk/System/Library/PrivateFrameworks/SiriAudioSupport.framework/
2026-06-03T08:46:51.5243720Z x iPhoneOS14.5.sdk/System/Library/PrivateFrameworks/SiriAudioSupport.framework/SiriAudioSupport.tbd
2026-06-03T08:46:51.5243960Z x iPhoneOS14.5.sdk/System/Library/PrivateFrameworks/AccessoryiAP2Shim.framework/
2026-06-03T08:46:51.5244810Z x iPhoneOS14.5.sdk/System/Library/PrivateFrameworks/AccessoryiAP2Shim.framework/AccessoryiAP2Shim.tbd
2026-06-03T08:46:51.5245300Z x iPhoneOS14.5.sdk/System/Library/PrivateFrameworks/HealthToolbox.framework/
2026-06-03T08:46:51.5249830Z x iPhoneOS14.5.sdk/System/Library/PrivateFrameworks/HealthToolbox.framework/HealthToolbox.tbd
2026-06-03T08:46:51.5250380Z x iPhoneOS14.5.sdk/System/Library/PrivateFrameworks/BiometricKit.framework/
2026-06-03T08:46:51.5251640Z x iPhoneOS14.5.sdk/System/Library/PrivateFrameworks/BiometricKit.framework/BiometricKit.tbd
2026-06-03T08:46:51.5253510Z x iPhoneOS14.5.sdk/System/Library/PrivateFrameworks/ProactiveSuggestionClientModel.framework/
2026-06-03T08:46:51.5258860Z x iPhoneOS14.5.sdk/System/Library/PrivateFrameworks/ProactiveSuggestionClientModel.framework/ProactiveSuggestionClientModel.tbd
2026-06-03T08:46:51.5259100Z x iPhoneOS14.5.sdk/System/Library/PrivateFrameworks/BluetoothAudio.framework/
2026-06-03T08:46:51.5259870Z x iPhoneOS14.5.sdk/System/Library/PrivateFrameworks/BluetoothAudio.framework/BluetoothAudio.tbd
2026-06-03T08:46:51.5260260Z x iPhoneOS14.5.sdk/System/Library/PrivateFrameworks/FriendKit.framework/
2026-06-03T08:46:51.5261220Z x iPhoneOS14.5.sdk/System/Library/PrivateFrameworks/FriendKit.framework/FriendKit.tbd
2026-06-03T08:46:51.5261650Z x iPhoneOS14.5.sdk/System/Library/PrivateFrameworks/CalendarFoundation.framework/
2026-06-03T08:46:51.5263720Z x iPhoneOS14.5.sdk/System/Library/PrivateFrameworks/CalendarFoundation.framework/CalendarFoundation.tbd
2026-06-03T08:46:51.5265200Z x iPhoneOS14.5.sdk/System/Library/PrivateFrameworks/SleepHealthDaemon.framework/
2026-06-03T08:46:51.5267060Z x iPhoneOS14.5.sdk/System/Library/PrivateFrameworks/SleepHealthDaemon.framework/SleepHealthDaemon.tbd
2026-06-03T08:46:51.5267540Z x iPhoneOS14.5.sdk/System/Library/PrivateFrameworks/AttentionAwareness.framework/
2026-06-03T08:46:51.5272940Z x iPhoneOS14.5.sdk/System/Library/PrivateFrameworks/AttentionAwareness.framework/AttentionAwareness.tbd
2026-06-03T08:46:51.5273180Z x iPhoneOS14.5.sdk/System/Library/PrivateFrameworks/IntentsFoundation.framework/
2026-06-03T08:46:51.5274020Z x iPhoneOS14.5.sdk/System/Library/PrivateFrameworks/IntentsFoundation.framework/IntentsFoundation.tbd
2026-06-03T08:46:51.5274370Z x iPhoneOS14.5.sdk/System/Library/PrivateFrameworks/CoreUtilsUI.framework/
2026-06-03T08:46:51.5275230Z x iPhoneOS14.5.sdk/System/Library/PrivateFrameworks/CoreUtilsUI.framework/CoreUtilsUI.tbd
2026-06-03T08:46:51.5275860Z x iPhoneOS14.5.sdk/System/Library/PrivateFrameworks/SchoolTimeSettingsUI.framework/
2026-06-03T08:46:51.5277370Z x iPhoneOS14.5.sdk/System/Library/PrivateFrameworks/SchoolTimeSettingsUI.framework/SchoolTimeSettingsUI.tbd
2026-06-03T08:46:51.5277550Z x iPhoneOS14.5.sdk/System/Library/PrivateFrameworks/MetricsKit.framework/
2026-06-03T08:46:51.5278360Z x iPhoneOS14.5.sdk/System/Library/PrivateFrameworks/MetricsKit.framework/MetricsKit.tbd
2026-06-03T08:46:51.5278710Z x iPhoneOS14.5.sdk/System/Library/PrivateFrameworks/iWorkXPC.framework/
2026-06-03T08:46:51.5279230Z x iPhoneOS14.5.sdk/System/Library/PrivateFrameworks/iWorkXPC.framework/XPCServices/
2026-06-03T08:46:51.5279820Z x iPhoneOS14.5.sdk/System/Library/PrivateFrameworks/iWorkXPC.framework/XPCServices/iWorkFileFormat.xpc/
2026-06-03T08:46:51.5280330Z x iPhoneOS14.5.sdk/System/Library/PrivateFrameworks/iWorkXPC.framework/XPCServices/iWorkFileFormat.xpc/Frameworks/
2026-06-03T08:46:51.5280970Z x iPhoneOS14.5.sdk/System/Library/PrivateFrameworks/iWorkXPC.framework/XPCServices/iWorkFileFormat.xpc/Frameworks/TSUtility.framework/
2026-06-03T08:46:51.5295820Z x iPhoneOS14.5.sdk/System/Library/PrivateFrameworks/iWorkXPC.framework/XPCServices/iWorkFileFormat.xpc/Frameworks/TSUtility.framework/TSUtility.tbd
2026-06-03T08:46:51.5296200Z x iPhoneOS14.5.sdk/System/Library/PrivateFrameworks/iWorkXPC.framework/XPCServices/iWorkFileFormat.xpc/Frameworks/TSPersistence.framework/
2026-06-03T08:46:51.5317430Z x iPhoneOS14.5.sdk/System/Library/PrivateFrameworks/iWorkXPC.framework/XPCServices/iWorkFileFormat.xpc/Frameworks/TSPersistence.framework/TSPersistence.tbd
2026-06-03T08:46:51.5317710Z x iPhoneOS14.5.sdk/System/Library/PrivateFrameworks/iWorkXPC.framework/iWorkXPC.tbd
2026-06-03T08:46:51.5317870Z x iPhoneOS14.5.sdk/System/Library/PrivateFrameworks/RapportUI.framework/
2026-06-03T08:46:51.5318920Z x iPhoneOS14.5.sdk/System/Library/PrivateFrameworks/RapportUI.framework/RapportUI.tbd
2026-06-03T08:46:51.5319630Z x iPhoneOS14.5.sdk/System/Library/PrivateFrameworks/AXSpringBoardServerInstance.framework/
2026-06-03T08:46:51.5320620Z x iPhoneOS14.5.sdk/System/Library/PrivateFrameworks/AXSpringBoardServerInstance.framework/AXSpringBoardServerInstance.tbd
2026-06-03T08:46:51.5321080Z x iPhoneOS14.5.sdk/System/Library/PrivateFrameworks/CDDataAccessExpress.framework/
2026-06-03T08:46:51.5322710Z x iPhoneOS14.5.sdk/System/Library/PrivateFrameworks/CDDataAccessExpress.framework/CDDataAccessExpress.tbd
2026-06-03T08:46:51.5323250Z x iPhoneOS14.5.sdk/System/Library/PrivateFrameworks/AXContainerServices.framework/
2026-06-03T08:46:51.5324440Z x iPhoneOS14.5.sdk/System/Library/PrivateFrameworks/AXContainerServices.framework/AXContainerServices.tbd
2026-06-03T08:46:51.5324960Z x iPhoneOS14.5.sdk/System/Library/PrivateFrameworks/WelcomeKitCore.framework/
2026-06-03T08:46:51.5331230Z x iPhoneOS14.5.sdk/System/Library/PrivateFrameworks/WelcomeKitCore.framework/WelcomeKitCore.tbd
2026-06-03T08:46:51.5331990Z x iPhoneOS14.5.sdk/System/Library/PrivateFrameworks/AppleCV3DMOVKit.framework/
2026-06-03T08:46:51.5332430Z x iPhoneOS14.5.sdk/System/Library/PrivateFrameworks/AppleCV3DMOVKit.framework/AppleCV3DMOVKit.tbd
2026-06-03T08:46:51.5333110Z x iPhoneOS14.5.sdk/System/Library/PrivateFrameworks/ProximityControl.framework/
2026-06-03T08:46:51.5334020Z x iPhoneOS14.5.sdk/System/Library/PrivateFrameworks/ProximityControl.framework/ProximityControl.tbd
2026-06-03T08:46:51.5334450Z x iPhoneOS14.5.sdk/System/Library/PrivateFrameworks/AssistantCardServiceSupport.framework/
2026-06-03T08:46:51.5335470Z x iPhoneOS14.5.sdk/System/Library/PrivateFrameworks/AssistantCardServiceSupport.framework/AssistantCardServiceSupport.tbd
2026-06-03T08:46:51.5335880Z x iPhoneOS14.5.sdk/System/Library/PrivateFrameworks/CoreSVG.framework/
2026-06-03T08:46:51.5336800Z x iPhoneOS14.5.sdk/System/Library/PrivateFrameworks/CoreSVG.framework/CoreSVG.tbd
2026-06-03T08:46:51.5337310Z x iPhoneOS14.5.sdk/System/Library/PrivateFrameworks/StoreBookkeeper.framework/
2026-06-03T08:46:51.5338470Z x iPhoneOS14.5.sdk/System/Library/PrivateFrameworks/StoreBookkeeper.framework/StoreBookkeeper.tbd
2026-06-03T08:46:51.5338720Z x iPhoneOS14.5.sdk/System/Library/PrivateFrameworks/CoreSymbolication.framework/
2026-06-03T08:46:51.5343710Z x iPhoneOS14.5.sdk/System/Library/PrivateFrameworks/CoreSymbolication.framework/CoreSymbolication.tbd
2026-06-03T08:46:51.5343960Z x iPhoneOS14.5.sdk/System/Library/PrivateFrameworks/DeviceCheckInternal.framework/
2026-06-03T08:46:51.5344970Z x iPhoneOS14.5.sdk/System/Library/PrivateFrameworks/DeviceCheckInternal.framework/DeviceCheckInternal.tbd
2026-06-03T08:46:51.5345340Z x iPhoneOS14.5.sdk/System/Library/PrivateFrameworks/CoreIDVShared.framework/
2026-06-03T08:46:51.5346430Z x iPhoneOS14.5.sdk/System/Library/PrivateFrameworks/CoreIDVShared.framework/CoreIDVShared.tbd
2026-06-03T08:46:51.5346750Z x iPhoneOS14.5.sdk/System/Library/PrivateFrameworks/CTCarrierSpace.framework/
2026-06-03T08:46:51.5347770Z x iPhoneOS14.5.sdk/System/Library/PrivateFrameworks/CTCarrierSpace.framework/CTCarrierSpace.tbd
2026-06-03T08:46:51.5347930Z x iPhoneOS14.5.sdk/System/Library/PrivateFrameworks/SiriGeo.framework/
2026-06-03T08:46:51.5348780Z x iPhoneOS14.5.sdk/System/Library/PrivateFrameworks/SiriGeo.framework/SiriGeo.tbd
2026-06-03T08:46:51.5349450Z x iPhoneOS14.5.sdk/System/Library/PrivateFrameworks/NewsCore.framework/
2026-06-03T08:46:51.5370080Z x iPhoneOS14.5.sdk/System/Library/PrivateFrameworks/NewsCore.framework/NewsCore.tbd
2026-06-03T08:46:51.5371070Z x iPhoneOS14.5.sdk/System/Library/PrivateFrameworks/HealthRecordsUI.framework/
2026-06-03T08:46:51.5375280Z x iPhoneOS14.5.sdk/System/Library/PrivateFrameworks/HealthRecordsUI.framework/HealthRecordsUI.tbd
2026-06-03T08:46:51.5375570Z x iPhoneOS14.5.sdk/System/Library/PrivateFrameworks/AppleNVMe.framework/
2026-06-03T08:46:51.5376360Z x iPhoneOS14.5.sdk/System/Library/PrivateFrameworks/AppleNVMe.framework/AppleNVMe.tbd
2026-06-03T08:46:51.5376910Z x iPhoneOS14.5.sdk/System/Library/PrivateFrameworks/ClockKitUI.framework/
2026-06-03T08:46:51.5377710Z x iPhoneOS14.5.sdk/System/Library/PrivateFrameworks/ClockKitUI.framework/ClockKitUI.tbd
2026-06-03T08:46:51.5378350Z x iPhoneOS14.5.sdk/System/Library/PrivateFrameworks/SeymourCore.framework/
2026-06-03T08:46:51.5380520Z x iPhoneOS14.5.sdk/System/Library/PrivateFrameworks/SeymourCore.framework/SeymourCore.tbd
2026-06-03T08:46:51.5380860Z x iPhoneOS14.5.sdk/System/Library/PrivateFrameworks/PhoneNumberResolver.framework/
2026-06-03T08:46:51.5381200Z x iPhoneOS14.5.sdk/System/Library/PrivateFrameworks/PhoneNumberResolver.framework/PhoneNumberResolver.tbd
2026-06-03T08:46:51.5382230Z x iPhoneOS14.5.sdk/System/Library/PrivateFrameworks/CoreRecents.framework/
2026-06-03T08:46:51.5382480Z x iPhoneOS14.5.sdk/System/Library/PrivateFrameworks/CoreRecents.framework/CoreRecents.tbd
2026-06-03T08:46:51.5382800Z x iPhoneOS14.5.sdk/System/Library/PrivateFrameworks/AppleHIDTransportSupport.framework/
2026-06-03T08:46:51.5383600Z x iPhoneOS14.5.sdk/System/Library/PrivateFrameworks/AppleHIDTransportSupport.framework/AppleHIDTransportSupport.tbd
2026-06-03T08:46:51.5387980Z x iPhoneOS14.5.sdk/System/Library/PrivateFrameworks/PrintKit.framework/
2026-06-03T08:46:51.5390510Z x iPhoneOS14.5.sdk/System/Library/PrivateFrameworks/PrintKit.framework/PrintKit.tbd
2026-06-03T08:46:51.5391120Z x iPhoneOS14.5.sdk/System/Library/PrivateFrameworks/PegasusAPI.framework/
2026-06-03T08:46:51.5569910Z x iPhoneOS14.5.sdk/System/Library/PrivateFrameworks/PegasusAPI.framework/PegasusAPI.tbd
2026-06-03T08:46:51.5671900Z x iPhoneOS14.5.sdk/System/Library/PrivateFrameworks/CompassUI.framework/
2026-06-03T08:46:51.5855390Z x iPhoneOS14.5.sdk/System/Library/PrivateFrameworks/CompassUI.framework/CompassUI.tbd
2026-06-03T08:46:51.5956390Z x iPhoneOS14.5.sdk/System/Library/PrivateFrameworks/WorkflowUICore.framework/
2026-06-03T08:46:51.6057000Z x iPhoneOS14.5.sdk/System/Library/PrivateFrameworks/WorkflowUICore.framework/WorkflowUICore.tbd
2026-06-03T08:46:51.6157250Z x iPhoneOS14.5.sdk/System/Library/PrivateFrameworks/TVLatency.framework/
2026-06-03T08:46:51.6258220Z x iPhoneOS14.5.sdk/System/Library/PrivateFrameworks/TVLatency.framework/TVLatency.tbd
2026-06-03T08:46:51.6358260Z x iPhoneOS14.5.sdk/System/Library/PrivateFrameworks/iWorkImport.framework/
2026-06-03T08:46:51.6459230Z x iPhoneOS14.5.sdk/System/Library/PrivateFrameworks/iWorkImport.framework/Frameworks/
2026-06-03T08:46:51.6560910Z x iPhoneOS14.5.sdk/System/Library/PrivateFrameworks/iWorkImport.framework/Frameworks/TSUtility.framework/
2026-06-03T08:46:51.6661450Z x iPhoneOS14.5.sdk/System/Library/PrivateFrameworks/iWorkImport.framework/Frameworks/TSUtility.framework/TSUtility.tbd
2026-06-03T08:46:51.6764680Z x iPhoneOS14.5.sdk/System/Library/PrivateFrameworks/iWorkImport.framework/Frameworks/EquationKit.framework/
2026-06-03T08:46:51.6866350Z x iPhoneOS14.5.sdk/System/Library/PrivateFrameworks/iWorkImport.framework/Frameworks/EquationKit.framework/EquationKit.tbd
2026-06-03T08:46:51.6966430Z x iPhoneOS14.5.sdk/System/Library/PrivateFrameworks/iWorkImport.framework/Frameworks/TSStyles.framework/
2026-06-03T08:46:51.7068220Z x iPhoneOS14.5.sdk/System/Library/PrivateFrameworks/iWorkImport.framework/Frameworks/TSStyles.framework/TSStyles.tbd
2026-06-03T08:46:51.7168710Z x iPhoneOS14.5.sdk/System/Library/PrivateFrameworks/iWorkImport.framework/Frameworks/KeynoteQuicklook.framework/
2026-06-03T08:46:51.7269590Z x iPhoneOS14.5.sdk/System/Library/PrivateFrameworks/iWorkImport.framework/Frameworks/KeynoteQuicklook.framework/KeynoteQuicklook.tbd
2026-06-03T08:46:51.7370030Z x iPhoneOS14.5.sdk/System/Library/PrivateFrameworks/iWorkImport.framework/Frameworks/TSDrawables.framework/
2026-06-03T08:46:51.7470550Z x iPhoneOS14.5.sdk/System/Library/PrivateFrameworks/iWorkImport.framework/Frameworks/TSDrawables.framework/TSDrawables.tbd
2026-06-03T08:46:51.7571620Z x iPhoneOS14.5.sdk/System/Library/PrivateFrameworks/iWorkImport.framework/Frameworks/TQQuicklook.framework/
2026-06-03T08:46:51.7671790Z x iPhoneOS14.5.sdk/System/Library/PrivateFrameworks/iWorkImport.framework/Frameworks/TQQuicklook.framework/TQQuicklook.tbd
2026-06-03T08:46:51.7772280Z x iPhoneOS14.5.sdk/System/Library/PrivateFrameworks/iWorkImport.framework/Frameworks/TSPersistence.framework/
2026-06-03T08:46:51.7873480Z x iPhoneOS14.5.sdk/System/Library/PrivateFrameworks/iWorkImport.framework/Frameworks/TSPersistence.framework/TSPersistence.tbd
2026-06-03T08:46:51.7973630Z x iPhoneOS14.5.sdk/System/Library/PrivateFrameworks/iWorkImport.framework/Frameworks/TSText.framework/
2026-06-03T08:46:51.8074170Z x iPhoneOS14.5.sdk/System/Library/PrivateFrameworks/iWorkImport.framework/Frameworks/TSText.framework/TSText.tbd
2026-06-03T08:46:51.8090790Z x iPhoneOS14.5.sdk/System/Library/PrivateFrameworks/iWorkImport.framework/Frameworks/TSApplication.framework/
2026-06-03T08:46:51.8098240Z x iPhoneOS14.5.sdk/System/Library/PrivateFrameworks/iWorkImport.framework/Frameworks/TSApplication.framework/TSApplication.tbd
2026-06-03T08:46:51.8099090Z x iPhoneOS14.5.sdk/System/Library/PrivateFrameworks/iWorkImport.framework/Frameworks/NumbersQuicklook.framework/
2026-06-03T08:46:51.8099860Z x iPhoneOS14.5.sdk/System/Library/PrivateFrameworks/iWorkImport.framework/Frameworks/NumbersQuicklook.framework/NumbersQuicklook.tbd
2026-06-03T08:46:51.8100600Z x iPhoneOS14.5.sdk/System/Library/PrivateFrameworks/iWorkImport.framework/Frameworks/TSTables.framework/
2026-06-03T08:46:51.8101390Z x iPhoneOS14.5.sdk/System/Library/PrivateFrameworks/iWorkImport.framework/Frameworks/TSTables.framework/TSTables.tbd
2026-06-03T08:46:51.8102010Z x iPhoneOS14.5.sdk/System/Library/PrivateFrameworks/iWorkImport.framework/Frameworks/TSKit.framework/
2026-06-03T08:46:51.8102730Z x iPhoneOS14.5.sdk/System/Library/PrivateFrameworks/iWorkImport.framework/Frameworks/TSKit.framework/TSKit.tbd
2026-06-03T08:46:51.8103370Z x iPhoneOS14.5.sdk/System/Library/PrivateFrameworks/iWorkImport.framework/Frameworks/PagesQuicklook.framework/
2026-06-03T08:46:51.8104050Z x iPhoneOS14.5.sdk/System/Library/PrivateFrameworks/iWorkImport.framework/Frameworks/PagesQuicklook.framework/PagesQuicklook.tbd
2026-06-03T08:46:51.8104950Z x iPhoneOS14.5.sdk/System/Library/PrivateFrameworks/iWorkImport.framework/Frameworks/TSCalculationEngine.framework/
2026-06-03T08:46:51.8105700Z x iPhoneOS14.5.sdk/System/Library/PrivateFrameworks/iWorkImport.framework/Frameworks/TSCalculationEngine.framework/TSCalculationEngine.tbd
2026-06-03T08:46:51.8106410Z x iPhoneOS14.5.sdk/System/Library/PrivateFrameworks/iWorkImport.framework/Frameworks/TSCharts.framework/
2026-06-03T08:46:51.8107050Z x iPhoneOS14.5.sdk/System/Library/PrivateFrameworks/iWorkImport.framework/Frameworks/TSCharts.framework/TSCharts.tbd
2026-06-03T08:46:51.8107750Z x iPhoneOS14.5.sdk/System/Library/PrivateFrameworks/CameraUI.framework/
2026-06-03T08:46:51.8108180Z x iPhoneOS14.5.sdk/System/Library/PrivateFrameworks/CameraUI.framework/CameraUI.tbd
2026-06-03T08:46:51.8108860Z x iPhoneOS14.5.sdk/System/Library/PrivateFrameworks/PromotedContentUI.framework/
2026-06-03T08:46:51.8124310Z x iPhoneOS14.5.sdk/System/Library/PrivateFrameworks/PromotedContentUI.framework/PromotedContentUI.tbd
2026-06-03T08:46:51.8124860Z x iPhoneOS14.5.sdk/System/Library/PrivateFrameworks/HomeKitEventRouter.framework/
2026-06-03T08:46:51.8125420Z x iPhoneOS14.5.sdk/System/Library/PrivateFrameworks/HomeKitEventRouter.framework/HomeKitEventRouter.tbd
2026-06-03T08:46:51.8125920Z x iPhoneOS14.5.sdk/System/Library/PrivateFrameworks/AppleSauce.framework/
2026-06-03T08:46:51.8126360Z x iPhoneOS14.5.sdk/System/Library/PrivateFrameworks/AppleSauce.framework/AppleSauce.tbd
2026-06-03T08:46:51.8126850Z x iPhoneOS14.5.sdk/System/Library/PrivateFrameworks/ProactiveInputPredictions.framework/
2026-06-03T08:46:51.8127440Z x iPhoneOS14.5.sdk/System/Library/PrivateFrameworks/ProactiveInputPredictions.framework/ProactiveInputPredictions.tbd
2026-06-03T08:46:51.8128010Z x iPhoneOS14.5.sdk/System/Library/PrivateFrameworks/CinematicFraming.framework/
2026-06-03T08:46:51.8128530Z x iPhoneOS14.5.sdk/System/Library/PrivateFrameworks/CinematicFraming.framework/CinematicFraming.tbd
2026-06-03T08:46:51.8129030Z x iPhoneOS14.5.sdk/System/Library/PrivateFrameworks/StreamingZip.framework/
2026-06-03T08:46:51.8129490Z x iPhoneOS14.5.sdk/System/Library/PrivateFrameworks/StreamingZip.framework/StreamingZip.tbd
2026-06-03T08:46:51.8131680Z x iPhoneOS14.5.sdk/System/Library/PrivateFrameworks/CTCarrierSpaceUI.framework/
2026-06-03T08:46:51.8132180Z x iPhoneOS14.5.sdk/System/Library/PrivateFrameworks/CTCarrierSpaceUI.framework/CTCarrierSpaceUI.tbd
2026-06-03T08:46:51.8132710Z x iPhoneOS14.5.sdk/System/Library/PrivateFrameworks/CoreDuetDaemonProtocol.framework/
2026-06-03T08:46:51.8133270Z x iPhoneOS14.5.sdk/System/Library/PrivateFrameworks/CoreDuetDaemonProtocol.framework/CoreDuetDaemonProtocol.tbd
2026-06-03T08:46:51.8133810Z x iPhoneOS14.5.sdk/System/Library/PrivateFrameworks/CoreSuggestions.framework/
2026-06-03T08:46:51.8134560Z x iPhoneOS14.5.sdk/System/Library/PrivateFrameworks/CoreSuggestions.framework/CoreSuggestions.tbd
2026-06-03T08:46:51.8135070Z x iPhoneOS14.5.sdk/System/Library/PrivateFrameworks/SignpostSupport.framework/
2026-06-03T08:46:51.8135570Z x iPhoneOS14.5.sdk/System/Library/PrivateFrameworks/SignpostSupport.framework/SignpostSupport.tbd
2026-06-03T08:46:51.8136100Z x iPhoneOS14.5.sdk/System/Library/PrivateFrameworks/DocumentManagerExecutables.framework/
2026-06-03T08:46:51.8136700Z x iPhoneOS14.5.sdk/System/Library/PrivateFrameworks/DocumentManagerExecutables.framework/DocumentManagerExecutables.tbd
2026-06-03T08:46:51.8137270Z x iPhoneOS14.5.sdk/System/Library/PrivateFrameworks/HealthArticlesUI.framework/
2026-06-03T08:46:51.8137770Z x iPhoneOS14.5.sdk/System/Library/PrivateFrameworks/HealthArticlesUI.framework/HealthArticlesUI.tbd
2026-06-03T08:46:51.8138310Z x iPhoneOS14.5.sdk/System/Library/PrivateFrameworks/SiriPlaybackControlSupport.framework/
2026-06-03T08:46:51.8138920Z x iPhoneOS14.5.sdk/System/Library/PrivateFrameworks/SiriPlaybackControlSupport.framework/SiriPlaybackControlSupport.tbd
2026-06-03T08:46:51.8139490Z x iPhoneOS14.5.sdk/System/Library/PrivateFrameworks/EmojiFoundation.framework/
2026-06-03T08:46:51.8140960Z x iPhoneOS14.5.sdk/System/Library/PrivateFrameworks/EmojiFoundation.framework/EmojiFoundation.tbd
2026-06-03T08:46:51.8141450Z x iPhoneOS14.5.sdk/System/Library/PrivateFrameworks/TVRemoteKit.framework/
2026-06-03T08:46:51.8141900Z x iPhoneOS14.5.sdk/System/Library/PrivateFrameworks/TVRemoteKit.framework/TVRemoteKit.tbd
2026-06-03T08:46:51.8142330Z x iPhoneOS14.5.sdk/System/Library/PrivateFrameworks/SiriUI.framework/
2026-06-03T08:46:51.8142730Z x iPhoneOS14.5.sdk/System/Library/PrivateFrameworks/SiriUI.framework/SiriUI.tbd
2026-06-03T08:46:51.8143140Z x iPhoneOS14.5.sdk/System/Library/PrivateFrameworks/IMSharedUI.framework/
2026-06-03T08:46:51.8143570Z x iPhoneOS14.5.sdk/System/Library/PrivateFrameworks/IMSharedUI.framework/IMSharedUI.tbd
2026-06-03T08:46:51.8144030Z x iPhoneOS14.5.sdk/System/Library/PrivateFrameworks/TextRecognition.framework/
2026-06-03T08:46:51.8144510Z x iPhoneOS14.5.sdk/System/Library/PrivateFrameworks/TextRecognition.framework/TextRecognition.tbd
2026-06-03T08:46:51.8145140Z x iPhoneOS14.5.sdk/System/Library/PrivateFrameworks/RecapPerformanceTesting.framework/
2026-06-03T08:46:51.8145730Z x iPhoneOS14.5.sdk/System/Library/PrivateFrameworks/RecapPerformanceTesting.framework/RecapPerformanceTesting.tbd
2026-06-03T08:46:51.8146280Z x iPhoneOS14.5.sdk/System/Library/PrivateFrameworks/WiFiLogCapture.framework/
2026-06-03T08:46:51.8146760Z x iPhoneOS14.5.sdk/System/Library/PrivateFrameworks/WiFiLogCapture.framework/WiFiLogCapture.tbd
2026-06-03T08:46:51.8147250Z x iPhoneOS14.5.sdk/System/Library/PrivateFrameworks/CoreDuetDebugLogging.framework/
2026-06-03T08:46:51.8147800Z x iPhoneOS14.5.sdk/System/Library/PrivateFrameworks/CoreDuetDebugLogging.framework/CoreDuetDebugLogging.tbd
2026-06-03T08:46:51.8148290Z x iPhoneOS14.5.sdk/System/Library/PrivateFrameworks/IOCEC.framework/
2026-06-03T08:46:51.8148680Z x iPhoneOS14.5.sdk/System/Library/PrivateFrameworks/IOCEC.framework/IOCEC.tbd
2026-06-03T08:46:51.8149090Z x iPhoneOS14.5.sdk/System/Library/PrivateFrameworks/BookLibrary.framework/
2026-06-03T08:46:51.8149540Z x iPhoneOS14.5.sdk/System/Library/PrivateFrameworks/BookLibrary.framework/BookLibrary.tbd
2026-06-03T08:46:51.8150020Z x iPhoneOS14.5.sdk/System/Library/PrivateFrameworks/MobileSpotlightIndex.framework/
2026-06-03T08:46:51.8150570Z x iPhoneOS14.5.sdk/System/Library/PrivateFrameworks/MobileSpotlightIndex.framework/MobileSpotlightIndex.tbd
2026-06-03T08:46:51.8151110Z x iPhoneOS14.5.sdk/System/Library/PrivateFrameworks/VisualLocalization.framework/
2026-06-03T08:46:51.8151630Z x iPhoneOS14.5.sdk/System/Library/PrivateFrameworks/VisualLocalization.framework/VisualLocalization.tbd
2026-06-03T08:46:51.8152150Z x iPhoneOS14.5.sdk/System/Library/PrivateFrameworks/OSAnalyticsPrivate.framework/
2026-06-03T08:46:51.8152670Z x iPhoneOS14.5.sdk/System/Library/PrivateFrameworks/OSAnalyticsPrivate.framework/OSAnalyticsPrivate.tbd
2026-06-03T08:46:51.8153150Z x iPhoneOS14.5.sdk/System/Library/PrivateFrameworks/Jet.framework/
2026-06-03T08:46:51.8154210Z x iPhoneOS14.5.sdk/System/Library/PrivateFrameworks/Jet.framework/Jet.tbd
2026-06-03T08:46:51.8154770Z x iPhoneOS14.5.sdk/System/Library/PrivateFrameworks/SensingProtocols.framework/
2026-06-03T08:46:51.8155280Z x iPhoneOS14.5.sdk/System/Library/PrivateFrameworks/SensingProtocols.framework/SensingProtocols.tbd
2026-06-03T08:46:51.8155860Z x iPhoneOS14.5.sdk/System/Library/PrivateFrameworks/ChunkingLibrary.framework/
2026-06-03T08:46:51.8156350Z x iPhoneOS14.5.sdk/System/Library/PrivateFrameworks/ChunkingLibrary.framework/ChunkingLibrary.tbd
2026-06-03T08:46:51.8156810Z x iPhoneOS14.5.sdk/System/Library/PrivateFrameworks/IOGPU.framework/
2026-06-03T08:46:51.8157280Z x iPhoneOS14.5.sdk/System/Library/PrivateFrameworks/IOGPU.framework/IOGPU.tbd
2026-06-03T08:46:51.8157700Z x iPhoneOS14.5.sdk/System/Library/PrivateFrameworks/KRExperiments.framework/
2026-06-03T08:46:51.8158160Z x iPhoneOS14.5.sdk/System/Library/PrivateFrameworks/KRExperiments.framework/KRExperiments.tbd
2026-06-03T08:46:51.8158700Z x iPhoneOS14.5.sdk/System/Library/PrivateFrameworks/SiriCore.framework/
2026-06-03T08:46:51.8159850Z x iPhoneOS14.5.sdk/System/Library/PrivateFrameworks/SiriCore.framework/SiriCore.tbd
2026-06-03T08:46:51.8160320Z x iPhoneOS14.5.sdk/System/Library/PrivateFrameworks/HealthMenstrualCycles.framework/
2026-06-03T08:46:51.8160870Z x iPhoneOS14.5.sdk/System/Library/PrivateFrameworks/HealthMenstrualCycles.framework/HealthMenstrualCycles.tbd
2026-06-03T08:46:51.8161410Z x iPhoneOS14.5.sdk/System/Library/PrivateFrameworks/RespiratoryHealth.framework/
2026-06-03T08:46:51.8161920Z x iPhoneOS14.5.sdk/System/Library/PrivateFrameworks/RespiratoryHealth.framework/RespiratoryHealth.tbd
2026-06-03T08:46:51.8162420Z x iPhoneOS14.5.sdk/System/Library/PrivateFrameworks/CoreHandwriting.framework/
2026-06-03T08:46:51.8162940Z x iPhoneOS14.5.sdk/System/Library/PrivateFrameworks/CoreHandwriting.framework/CoreHandwriting.tbd
2026-06-03T08:46:51.8163530Z x iPhoneOS14.5.sdk/System/Library/PrivateFrameworks/MediaControlSender.framework/
2026-06-03T08:46:51.8164170Z x iPhoneOS14.5.sdk/System/Library/PrivateFrameworks/MediaControlSender.framework/MediaControlSender.tbd
2026-06-03T08:46:51.8164770Z x iPhoneOS14.5.sdk/System/Library/PrivateFrameworks/NetworkStatistics.framework/
2026-06-03T08:46:51.8165280Z x iPhoneOS14.5.sdk/System/Library/PrivateFrameworks/NetworkStatistics.framework/NetworkStatistics.tbd
2026-06-03T08:46:51.8165770Z x iPhoneOS14.5.sdk/System/Library/PrivateFrameworks/PowerLog.framework/
2026-06-03T08:46:51.8166270Z x iPhoneOS14.5.sdk/System/Library/PrivateFrameworks/PowerLog.framework/PowerLog.tbd
2026-06-03T08:46:51.8166740Z x iPhoneOS14.5.sdk/System/Library/PrivateFrameworks/ContactsAutocompleteUI.framework/
2026-06-03T08:46:51.8167390Z x iPhoneOS14.5.sdk/System/Library/PrivateFrameworks/ContactsAutocompleteUI.framework/ContactsAutocompleteUI.tbd
2026-06-03T08:46:51.8167930Z x iPhoneOS14.5.sdk/System/Library/PrivateFrameworks/VirtualGarage.framework/
2026-06-03T08:46:51.8169120Z x iPhoneOS14.5.sdk/System/Library/PrivateFrameworks/VirtualGarage.framework/VirtualGarage.tbd
2026-06-03T08:46:51.8169570Z x iPhoneOS14.5.sdk/System/Library/PrivateFrameworks/CoreAUC.framework/
2026-06-03T08:46:51.8170000Z x iPhoneOS14.5.sdk/System/Library/PrivateFrameworks/CoreAUC.framework/CoreAUC.tbd
2026-06-03T08:46:51.8170620Z x iPhoneOS14.5.sdk/System/Library/PrivateFrameworks/UIAccessibility.framework/
2026-06-03T08:46:51.8171150Z x iPhoneOS14.5.sdk/System/Library/PrivateFrameworks/UIAccessibility.framework/UIAccessibility.tbd
2026-06-03T08:46:51.8171680Z x iPhoneOS14.5.sdk/System/Library/PrivateFrameworks/HealthVisualization.framework/
2026-06-03T08:46:51.8172240Z x iPhoneOS14.5.sdk/System/Library/PrivateFrameworks/HealthVisualization.framework/HealthVisualization.tbd
2026-06-03T08:46:51.8172750Z x iPhoneOS14.5.sdk/System/Library/PrivateFrameworks/SPOwner.framework/
2026-06-03T08:46:51.8173180Z x iPhoneOS14.5.sdk/System/Library/PrivateFrameworks/SPOwner.framework/SPOwner.tbd
2026-06-03T08:46:51.8173650Z x iPhoneOS14.5.sdk/System/Library/PrivateFrameworks/Message.framework/
2026-06-03T08:46:51.8174060Z x iPhoneOS14.5.sdk/System/Library/PrivateFrameworks/Message.framework/MailServices/
2026-06-03T08:46:51.8174560Z x iPhoneOS14.5.sdk/System/Library/PrivateFrameworks/Message.framework/MailServices/POP.framework/
2026-06-03T08:46:51.8175630Z x iPhoneOS14.5.sdk/System/Library/PrivateFrameworks/Message.framework/MailServices/POP.framework/POP.tbd
2026-06-03T08:46:51.8176190Z x iPhoneOS14.5.sdk/System/Library/PrivateFrameworks/Message.framework/MailServices/IMAP.framework/
2026-06-03T08:46:51.8176940Z x iPhoneOS14.5.sdk/System/Library/PrivateFrameworks/Message.framework/MailServices/IMAP.framework/IMAP.tbd
2026-06-03T08:46:51.8177460Z x iPhoneOS14.5.sdk/System/Library/PrivateFrameworks/Message.framework/Message.tbd
2026-06-03T08:46:51.8177870Z x iPhoneOS14.5.sdk/System/Library/PrivateFrameworks/CarPlayUI.framework/
2026-06-03T08:46:51.8178310Z x iPhoneOS14.5.sdk/System/Library/PrivateFrameworks/CarPlayUI.framework/CarPlayUI.tbd
2026-06-03T08:46:51.8178770Z x iPhoneOS14.5.sdk/System/Library/PrivateFrameworks/CloudServices.framework/
2026-06-03T08:46:51.8179380Z x iPhoneOS14.5.sdk/System/Library/PrivateFrameworks/CloudServices.framework/CloudServices.tbd
2026-06-03T08:46:51.8179840Z x iPhoneOS14.5.sdk/System/Library/PrivateFrameworks/TVPlayback.framework/
2026-06-03T08:46:51.8180280Z x iPhoneOS14.5.sdk/System/Library/PrivateFrameworks/TVPlayback.framework/TVPlayback.tbd
2026-06-03T08:46:51.8180740Z x iPhoneOS14.5.sdk/System/Library/PrivateFrameworks/AudioToolboxCore.framework/
2026-06-03T08:46:51.8181350Z x iPhoneOS14.5.sdk/System/Library/PrivateFrameworks/AudioToolboxCore.framework/AudioToolboxCore.tbd
2026-06-03T08:46:51.8181810Z x iPhoneOS14.5.sdk/System/Library/PrivateFrameworks/IAP.framework/
2026-06-03T08:46:51.8182180Z x iPhoneOS14.5.sdk/System/Library/PrivateFrameworks/IAP.framework/IAP.tbd
2026-06-03T08:46:51.8182610Z x iPhoneOS14.5.sdk/System/Library/PrivateFrameworks/RemoteServiceDiscovery.framework/
2026-06-03T08:46:51.8183290Z x iPhoneOS14.5.sdk/System/Library/PrivateFrameworks/RemoteServiceDiscovery.framework/RemoteServiceDiscovery.tbd
2026-06-03T08:46:51.8183850Z x iPhoneOS14.5.sdk/System/Library/PrivateFrameworks/DocumentManagerCore.framework/
2026-06-03T08:46:51.8184380Z x iPhoneOS14.5.sdk/System/Library/PrivateFrameworks/DocumentManagerCore.framework/DocumentManagerCore.tbd
2026-06-03T08:46:51.8184910Z x iPhoneOS14.5.sdk/System/Library/PrivateFrameworks/AdPlatformsInternal.framework/
2026-06-03T08:46:51.8185480Z x iPhoneOS14.5.sdk/System/Library/PrivateFrameworks/AdPlatformsInternal.framework/AdPlatformsInternal.tbd
2026-06-03T08:46:51.8185980Z x iPhoneOS14.5.sdk/System/Library/PrivateFrameworks/TimeSync.framework/
2026-06-03T08:46:51.8186400Z x iPhoneOS14.5.sdk/System/Library/PrivateFrameworks/TimeSync.framework/TimeSync.tbd
2026-06-03T08:46:51.8186810Z x iPhoneOS14.5.sdk/System/Library/PrivateFrameworks/Netrb.framework/
2026-06-03T08:46:51.8187200Z x iPhoneOS14.5.sdk/System/Library/PrivateFrameworks/Netrb.framework/Netrb.tbd
2026-06-03T08:46:51.8187600Z x iPhoneOS14.5.sdk/System/Library/PrivateFrameworks/EmojiKit.framework/
2026-06-03T08:46:51.8188030Z x iPhoneOS14.5.sdk/System/Library/PrivateFrameworks/EmojiKit.framework/EmojiKit.tbd
2026-06-03T08:46:51.8188460Z x iPhoneOS14.5.sdk/System/Library/PrivateFrameworks/SocialServices.framework/
2026-06-03T08:46:51.8188940Z x iPhoneOS14.5.sdk/System/Library/PrivateFrameworks/SocialServices.framework/SocialServices.tbd
2026-06-03T08:46:51.8189400Z x iPhoneOS14.5.sdk/System/Library/PrivateFrameworks/Widgets.framework/
2026-06-03T08:46:51.8189810Z x iPhoneOS14.5.sdk/System/Library/PrivateFrameworks/Widgets.framework/Widgets.tbd
2026-06-03T08:46:51.8190230Z x iPhoneOS14.5.sdk/System/Library/PrivateFrameworks/Symbolication.framework/
2026-06-03T08:46:51.8190700Z x iPhoneOS14.5.sdk/System/Library/PrivateFrameworks/Symbolication.framework/Symbolication.tbd
2026-06-03T08:46:51.8191180Z x iPhoneOS14.5.sdk/System/Library/PrivateFrameworks/AXTapToSpeakTime.framework/
2026-06-03T08:46:51.8191750Z x iPhoneOS14.5.sdk/System/Library/PrivateFrameworks/AXTapToSpeakTime.framework/AXTapToSpeakTime.tbd
2026-06-03T08:46:51.8192260Z x iPhoneOS14.5.sdk/System/Library/PrivateFrameworks/InternationalSupport.framework/
2026-06-03T08:46:51.8192810Z x iPhoneOS14.5.sdk/System/Library/PrivateFrameworks/InternationalSupport.framework/InternationalSupport.tbd
2026-06-03T08:46:51.8193330Z x iPhoneOS14.5.sdk/System/Library/PrivateFrameworks/DataMigration.framework/
2026-06-03T08:46:51.8193800Z x iPhoneOS14.5.sdk/System/Library/PrivateFrameworks/DataMigration.framework/DataMigration.tbd
2026-06-03T08:46:51.8194280Z x iPhoneOS14.5.sdk/System/Library/PrivateFrameworks/LiveFSFPHelper.framework/
2026-06-03T08:46:51.8194750Z x iPhoneOS14.5.sdk/System/Library/PrivateFrameworks/LiveFSFPHelper.framework/LiveFSFPHelper.tbd
2026-06-03T08:46:51.8195240Z x iPhoneOS14.5.sdk/System/Library/PrivateFrameworks/MeasureFoundation.framework/
2026-06-03T08:46:51.8195750Z x iPhoneOS14.5.sdk/System/Library/PrivateFrameworks/MeasureFoundation.framework/MeasureFoundation.tbd
2026-06-03T08:46:51.8196330Z x iPhoneOS14.5.sdk/System/Library/PrivateFrameworks/MarkupUI.framework/
2026-06-03T08:46:51.8196760Z x iPhoneOS14.5.sdk/System/Library/PrivateFrameworks/MarkupUI.framework/MarkupUI.tbd
2026-06-03T08:46:51.8197230Z x iPhoneOS14.5.sdk/System/Library/PrivateFrameworks/TeaDB.framework/
2026-06-03T08:46:51.8197680Z x iPhoneOS14.5.sdk/System/Library/PrivateFrameworks/TeaDB.framework/TeaDB.tbd
2026-06-03T08:46:51.8198110Z x iPhoneOS14.5.sdk/System/Library/PrivateFrameworks/SettingsCellularUI.framework/
2026-06-03T08:46:51.8198630Z x iPhoneOS14.5.sdk/System/Library/PrivateFrameworks/SettingsCellularUI.framework/SettingsCellularUI.tbd
2026-06-03T08:46:51.8199110Z x iPhoneOS14.5.sdk/System/Library/PrivateFrameworks/Pegasus.framework/
2026-06-03T08:46:51.8199520Z x iPhoneOS14.5.sdk/System/Library/PrivateFrameworks/Pegasus.framework/Pegasus.tbd
2026-06-03T08:46:51.8199940Z x iPhoneOS14.5.sdk/System/Library/PrivateFrameworks/EmailDaemon.framework/
2026-06-03T08:46:51.8200470Z x iPhoneOS14.5.sdk/System/Library/PrivateFrameworks/EmailDaemon.framework/EmailDaemon.tbd
2026-06-03T08:46:51.8200920Z x iPhoneOS14.5.sdk/System/Library/PrivateFrameworks/PassKitCore.framework/
2026-06-03T08:46:51.8201370Z x iPhoneOS14.5.sdk/System/Library/PrivateFrameworks/PassKitCore.framework/PassKitCore.tbd
2026-06-03T08:46:51.8201810Z x iPhoneOS14.5.sdk/System/Library/PrivateFrameworks/UIKitCore.framework/
2026-06-03T08:46:51.8202240Z x iPhoneOS14.5.sdk/System/Library/PrivateFrameworks/UIKitCore.framework/UIKitCore.tbd
2026-06-03T08:46:51.8202640Z x iPhoneOS14.5.sdk/System/Library/PrivateFrameworks/TCC.framework/
2026-06-03T08:46:51.8203010Z x iPhoneOS14.5.sdk/System/Library/PrivateFrameworks/TCC.framework/TCC.tbd
2026-06-03T08:46:51.8203430Z x iPhoneOS14.5.sdk/System/Library/PrivateFrameworks/UserNotificationsKit.framework/
2026-06-03T08:46:51.8203990Z x iPhoneOS14.5.sdk/System/Library/PrivateFrameworks/UserNotificationsKit.framework/UserNotificationsKit.tbd
2026-06-03T08:46:51.8204510Z x iPhoneOS14.5.sdk/System/Library/PrivateFrameworks/MediaPlayerUI.framework/
2026-06-03T08:46:51.8204990Z x iPhoneOS14.5.sdk/System/Library/PrivateFrameworks/MediaPlayerUI.framework/MediaPlayerUI.tbd
2026-06-03T08:46:51.8205430Z x iPhoneOS14.5.sdk/System/Library/PrivateFrameworks/SharingHUD.framework/
2026-06-03T08:46:51.8205860Z x iPhoneOS14.5.sdk/System/Library/PrivateFrameworks/SharingHUD.framework/SharingHUD.tbd
2026-06-03T08:46:51.8206300Z x iPhoneOS14.5.sdk/System/Library/PrivateFrameworks/MapsSupport.framework/
2026-06-03T08:46:51.8206750Z x iPhoneOS14.5.sdk/System/Library/PrivateFrameworks/MapsSupport.framework/MapsSupport.tbd
2026-06-03T08:46:51.8207190Z x iPhoneOS14.5.sdk/System/Library/PrivateFrameworks/SEService.framework/
2026-06-03T08:46:51.8207610Z x iPhoneOS14.5.sdk/System/Library/PrivateFrameworks/SEService.framework/SEService.tbd
2026-06-03T08:46:51.8208030Z x iPhoneOS14.5.sdk/System/Library/PrivateFrameworks/Fitness.framework/
2026-06-03T08:46:51.8208440Z x iPhoneOS14.5.sdk/System/Library/PrivateFrameworks/Fitness.framework/Fitness.tbd
2026-06-03T08:46:51.8208870Z x iPhoneOS14.5.sdk/System/Library/PrivateFrameworks/URLCompression.framework/
2026-06-03T08:46:51.8209350Z x iPhoneOS14.5.sdk/System/Library/PrivateFrameworks/URLCompression.framework/URLCompression.tbd
2026-06-03T08:46:51.8209810Z x iPhoneOS14.5.sdk/System/Library/PrivateFrameworks/CoreCDP.framework/
2026-06-03T08:46:51.8210210Z x iPhoneOS14.5.sdk/System/Library/PrivateFrameworks/CoreCDP.framework/CoreCDP.tbd
2026-06-03T08:46:51.8210650Z x iPhoneOS14.5.sdk/System/Library/PrivateFrameworks/CoreDuetStatistics.framework/
2026-06-03T08:46:51.8211170Z x iPhoneOS14.5.sdk/System/Library/PrivateFrameworks/CoreDuetStatistics.framework/CoreDuetStatistics.tbd
2026-06-03T08:46:51.8212240Z x iPhoneOS14.5.sdk/System/Library/PrivateFrameworks/MOVStreamIO.framework/
2026-06-03T08:46:51.8212690Z x iPhoneOS14.5.sdk/System/Library/PrivateFrameworks/MOVStreamIO.framework/MOVStreamIO.tbd
2026-06-03T08:46:51.8213170Z x iPhoneOS14.5.sdk/System/Library/PrivateFrameworks/RelevanceEngineUI.framework/
2026-06-03T08:46:51.8213780Z x iPhoneOS14.5.sdk/System/Library/PrivateFrameworks/RelevanceEngineUI.framework/RelevanceEngineUI.tbd
2026-06-03T08:46:51.8214300Z x iPhoneOS14.5.sdk/System/Library/PrivateFrameworks/AdPlatformsCommonUI.framework/
2026-06-03T08:46:51.8214840Z x iPhoneOS14.5.sdk/System/Library/PrivateFrameworks/AdPlatformsCommonUI.framework/AdPlatformsCommonUI.tbd
2026-06-03T08:46:51.8215340Z x iPhoneOS14.5.sdk/System/Library/PrivateFrameworks/CoreMaterial.framework/
2026-06-03T08:46:51.8215800Z x iPhoneOS14.5.sdk/System/Library/PrivateFrameworks/CoreMaterial.framework/CoreMaterial.tbd
2026-06-03T08:46:51.8216250Z x iPhoneOS14.5.sdk/System/Library/PrivateFrameworks/ReminderKit.framework/
2026-06-03T08:46:51.8216740Z x iPhoneOS14.5.sdk/System/Library/PrivateFrameworks/ReminderKit.framework/ReminderKit.tbd
2026-06-03T08:46:51.8217180Z x iPhoneOS14.5.sdk/System/Library/PrivateFrameworks/IOUSBHost.framework/
2026-06-03T08:46:51.8217720Z x iPhoneOS14.5.sdk/System/Library/PrivateFrameworks/IOUSBHost.framework/IOUSBHost.tbd
2026-06-03T08:46:51.8218150Z x iPhoneOS14.5.sdk/System/Library/PrivateFrameworks/Transparency.framework/
2026-06-03T08:46:51.8218620Z x iPhoneOS14.5.sdk/System/Library/PrivateFrameworks/Transparency.framework/Transparency.tbd
2026-06-03T08:46:51.8219100Z x iPhoneOS14.5.sdk/System/Library/PrivateFrameworks/WiFiCloudSyncEngine.framework/
2026-06-03T08:46:51.8219630Z x iPhoneOS14.5.sdk/System/Library/PrivateFrameworks/WiFiCloudSyncEngine.framework/WiFiCloudSyncEngine.tbd
2026-06-03T08:46:51.8220150Z x iPhoneOS14.5.sdk/System/Library/PrivateFrameworks/IntlPreferences.framework/
2026-06-03T08:46:51.8220640Z x iPhoneOS14.5.sdk/System/Library/PrivateFrameworks/IntlPreferences.framework/IntlPreferences.tbd
2026-06-03T08:46:51.8221120Z x iPhoneOS14.5.sdk/System/Library/PrivateFrameworks/Spotlight.framework/
2026-06-03T08:46:51.8221550Z x iPhoneOS14.5.sdk/System/Library/PrivateFrameworks/Spotlight.framework/Spotlight.tbd
2026-06-03T08:46:51.8222030Z x iPhoneOS14.5.sdk/System/Library/PrivateFrameworks/WirelessDiagnostics.framework/
2026-06-03T08:46:51.8223390Z x iPhoneOS14.5.sdk/System/Library/PrivateFrameworks/WirelessDiagnostics.framework/WirelessDiagnostics.tbd
2026-06-03T08:46:51.8223960Z x iPhoneOS14.5.sdk/System/Library/PrivateFrameworks/VideosUICore.framework/
2026-06-03T08:46:51.8224440Z x iPhoneOS14.5.sdk/System/Library/PrivateFrameworks/VideosUICore.framework/VideosUICore.tbd
2026-06-03T08:46:51.8224930Z x iPhoneOS14.5.sdk/System/Library/PrivateFrameworks/MediaPlaybackCore.framework/
2026-06-03T08:46:51.8225440Z x iPhoneOS14.5.sdk/System/Library/PrivateFrameworks/MediaPlaybackCore.framework/MediaPlaybackCore.tbd
2026-06-03T08:46:51.8225960Z x iPhoneOS14.5.sdk/System/Library/PrivateFrameworks/SceneIntelligence.framework/
2026-06-03T08:46:51.8226460Z x iPhoneOS14.5.sdk/System/Library/PrivateFrameworks/SceneIntelligence.framework/SceneIntelligence.tbd
2026-06-03T08:46:51.8226950Z x iPhoneOS14.5.sdk/System/Library/PrivateFrameworks/ExtensionKit.framework/
2026-06-03T08:46:51.8227420Z x iPhoneOS14.5.sdk/System/Library/PrivateFrameworks/ExtensionKit.framework/ExtensionKit.tbd
2026-06-03T08:46:51.8227900Z x iPhoneOS14.5.sdk/System/Library/PrivateFrameworks/AGXGPURawCounter.framework/
2026-06-03T08:46:51.8228400Z x iPhoneOS14.5.sdk/System/Library/PrivateFrameworks/AGXGPURawCounter.framework/AGXGPURawCounter.tbd
2026-06-03T08:46:51.8228930Z x iPhoneOS14.5.sdk/System/Library/PrivateFrameworks/HeroAppPredictionClient.framework/
2026-06-03T08:46:51.8229510Z x iPhoneOS14.5.sdk/System/Library/PrivateFrameworks/HeroAppPredictionClient.framework/HeroAppPredictionClient.tbd
2026-06-03T08:46:51.8230060Z x iPhoneOS14.5.sdk/System/Library/PrivateFrameworks/BiometricKitUI.framework/
2026-06-03T08:46:51.8230510Z x iPhoneOS14.5.sdk/System/Library/PrivateFrameworks/BiometricKitUI.framework/Frameworks/
2026-06-03T08:46:51.8231060Z x iPhoneOS14.5.sdk/System/Library/PrivateFrameworks/BiometricKitUI.framework/Frameworks/MTLSpline.framework/
2026-06-03T08:46:51.8231690Z x iPhoneOS14.5.sdk/System/Library/PrivateFrameworks/BiometricKitUI.framework/Frameworks/MTLSpline.framework/MTLSpline.tbd
2026-06-03T08:46:51.8232500Z x iPhoneOS14.5.sdk/System/Library/PrivateFrameworks/BiometricKitUI.framework/Frameworks/Fluid.framework/
2026-06-03T08:46:51.8233130Z x iPhoneOS14.5.sdk/System/Library/PrivateFrameworks/BiometricKitUI.framework/Frameworks/Fluid.framework/Fluid.tbd
2026-06-03T08:46:51.8233720Z x iPhoneOS14.5.sdk/System/Library/PrivateFrameworks/BiometricKitUI.framework/BiometricKitUI.tbd
2026-06-03T08:46:51.8234180Z x iPhoneOS14.5.sdk/System/Library/PrivateFrameworks/SleepHealth.framework/
2026-06-03T08:46:51.8234740Z x iPhoneOS14.5.sdk/System/Library/PrivateFrameworks/SleepHealth.framework/SleepHealth.tbd
2026-06-03T08:46:51.8235230Z x iPhoneOS14.5.sdk/System/Library/PrivateFrameworks/SharedWebCredentials.framework/
2026-06-03T08:46:51.8235770Z x iPhoneOS14.5.sdk/System/Library/PrivateFrameworks/SharedWebCredentials.framework/SharedWebCredentials.tbd
2026-06-03T08:46:51.8236400Z x iPhoneOS14.5.sdk/System/Library/PrivateFrameworks/BrookDataCollection.framework/
2026-06-03T08:46:51.8236940Z x iPhoneOS14.5.sdk/System/Library/PrivateFrameworks/BrookDataCollection.framework/BrookDataCollection.tbd
2026-06-03T08:46:51.8237480Z x iPhoneOS14.5.sdk/System/Library/PrivateFrameworks/AdPlatformsCommon.framework/
2026-06-03T08:46:51.8237990Z x iPhoneOS14.5.sdk/System/Library/PrivateFrameworks/AdPlatformsCommon.framework/AdPlatformsCommon.tbd
2026-06-03T08:46:51.8238500Z x iPhoneOS14.5.sdk/System/Library/PrivateFrameworks/CoreThemeDefinition.framework/
2026-06-03T08:46:51.8239030Z x iPhoneOS14.5.sdk/System/Library/PrivateFrameworks/CoreThemeDefinition.framework/CoreThemeDefinition.tbd
2026-06-03T08:46:51.8239500Z x iPhoneOS14.5.sdk/System/Library/PrivateFrameworks/VFX.framework/
2026-06-03T08:46:51.8239870Z x iPhoneOS14.5.sdk/System/Library/PrivateFrameworks/VFX.framework/VFX.tbd
2026-06-03T08:46:51.8240410Z x iPhoneOS14.5.sdk/System/Library/PrivateFrameworks/AppleCV3D.framework/
2026-06-03T08:46:51.8240860Z x iPhoneOS14.5.sdk/System/Library/PrivateFrameworks/AppleCV3D.framework/AppleCV3D.tbd
2026-06-03T08:46:51.8248830Z x iPhoneOS14.5.sdk/System/Library/PrivateFrameworks/PersonalAudio.framework/
2026-06-03T08:46:51.8249330Z x iPhoneOS14.5.sdk/System/Library/PrivateFrameworks/PersonalAudio.framework/PersonalAudio.tbd
2026-06-03T08:46:51.8249820Z x iPhoneOS14.5.sdk/System/Library/PrivateFrameworks/MobileObliteration.framework/
2026-06-03T08:46:51.8250340Z x iPhoneOS14.5.sdk/System/Library/PrivateFrameworks/MobileObliteration.framework/MobileObliteration.tbd
2026-06-03T08:46:51.8250900Z x iPhoneOS14.5.sdk/System/Library/PrivateFrameworks/ProactiveExperimentsInternals.framework/
2026-06-03T08:46:51.8251540Z x iPhoneOS14.5.sdk/System/Library/PrivateFrameworks/ProactiveExperimentsInternals.framework/ProactiveExperimentsInternals.tbd
2026-06-03T08:46:51.8252150Z x iPhoneOS14.5.sdk/System/Library/PrivateFrameworks/SeymourServerProtocol.framework/
2026-06-03T08:46:51.8252710Z x iPhoneOS14.5.sdk/System/Library/PrivateFrameworks/SeymourServerProtocol.framework/SeymourServerProtocol.tbd
2026-06-03T08:46:51.8253410Z x iPhoneOS14.5.sdk/System/Library/PrivateFrameworks/NanoMediaRemote.framework/
2026-06-03T08:46:51.8254040Z x iPhoneOS14.5.sdk/System/Library/PrivateFrameworks/NanoMediaRemote.framework/NanoMediaRemote.tbd
2026-06-03T08:46:51.8255110Z x iPhoneOS14.5.sdk/System/Library/PrivateFrameworks/AppPredictionUIWidget.framework/
2026-06-03T08:46:51.8255720Z x iPhoneOS14.5.sdk/System/Library/PrivateFrameworks/AppPredictionUIWidget.framework/AppPredictionUIWidget.tbd
2026-06-03T08:46:51.8256300Z x iPhoneOS14.5.sdk/System/Library/PrivateFrameworks/AssetViewer.framework/
2026-06-03T08:46:51.8256750Z x iPhoneOS14.5.sdk/System/Library/PrivateFrameworks/AssetViewer.framework/AssetViewer.tbd
2026-06-03T08:46:51.8257240Z x iPhoneOS14.5.sdk/System/Library/PrivateFrameworks/EasyConfig.framework/
2026-06-03T08:46:51.8257680Z x iPhoneOS14.5.sdk/System/Library/PrivateFrameworks/EasyConfig.framework/EasyConfig.tbd
2026-06-03T08:46:51.8258130Z x iPhoneOS14.5.sdk/System/Library/PrivateFrameworks/MetricKitCore.framework/
2026-06-03T08:46:51.8258730Z x iPhoneOS14.5.sdk/System/Library/PrivateFrameworks/MetricKitCore.framework/MetricKitCore.tbd
2026-06-03T08:46:51.8259240Z x iPhoneOS14.5.sdk/System/Library/PrivateFrameworks/PromotedContentSupport.framework/
2026-06-03T08:46:51.8259800Z x iPhoneOS14.5.sdk/System/Library/PrivateFrameworks/PromotedContentSupport.framework/PromotedContentSupport.tbd
2026-06-03T08:46:51.8260430Z x iPhoneOS14.5.sdk/System/Library/PrivateFrameworks/KnowledgeMonitor.framework/
2026-06-03T08:46:51.8260930Z x iPhoneOS14.5.sdk/System/Library/PrivateFrameworks/KnowledgeMonitor.framework/KnowledgeMonitor.tbd
2026-06-03T08:46:51.8261500Z x iPhoneOS14.5.sdk/System/Library/PrivateFrameworks/PassKitServices.framework/
2026-06-03T08:46:51.8262100Z x iPhoneOS14.5.sdk/System/Library/PrivateFrameworks/PassKitServices.framework/PassKitServices.tbd
2026-06-03T08:46:51.8262570Z x iPhoneOS14.5.sdk/System/Library/PrivateFrameworks/ProxCardKit.framework/
2026-06-03T08:46:51.8263150Z x iPhoneOS14.5.sdk/System/Library/PrivateFrameworks/ProxCardKit.framework/ProxCardKit.tbd
2026-06-03T08:46:51.8263670Z x iPhoneOS14.5.sdk/System/Library/PrivateFrameworks/SiriUICardKitProviderSupport.framework/
2026-06-03T08:46:51.8264300Z x iPhoneOS14.5.sdk/System/Library/PrivateFrameworks/SiriUICardKitProviderSupport.framework/SiriUICardKitProviderSupport.tbd
2026-06-03T08:46:51.8264920Z x iPhoneOS14.5.sdk/System/Library/PrivateFrameworks/MobileStoreDemoKit.framework/
2026-06-03T08:46:51.8265450Z x iPhoneOS14.5.sdk/System/Library/PrivateFrameworks/MobileStoreDemoKit.framework/MobileStoreDemoKit.tbd
2026-06-03T08:46:51.8265940Z x iPhoneOS14.5.sdk/System/Library/PrivateFrameworks/StudyLog.framework/
2026-06-03T08:46:51.8266350Z x iPhoneOS14.5.sdk/System/Library/PrivateFrameworks/StudyLog.framework/StudyLog.tbd
2026-06-03T08:46:51.8266780Z x iPhoneOS14.5.sdk/System/Library/PrivateFrameworks/PowerUI.framework/
2026-06-03T08:46:51.8267190Z x iPhoneOS14.5.sdk/System/Library/PrivateFrameworks/PowerUI.framework/PowerUI.tbd
2026-06-03T08:46:51.8267630Z x iPhoneOS14.5.sdk/System/Library/PrivateFrameworks/FrontBoardServices.framework/
2026-06-03T08:46:51.8268160Z x iPhoneOS14.5.sdk/System/Library/PrivateFrameworks/FrontBoardServices.framework/FrontBoardServices.tbd
2026-06-03T08:46:51.8268720Z x iPhoneOS14.5.sdk/System/Library/PrivateFrameworks/AccessibilitySharedSupport.framework/
2026-06-03T08:46:51.8269330Z x iPhoneOS14.5.sdk/System/Library/PrivateFrameworks/AccessibilitySharedSupport.framework/AccessibilitySharedSupport.tbd
2026-06-03T08:46:51.8269910Z x iPhoneOS14.5.sdk/System/Library/PrivateFrameworks/IMTransferServices.framework/
2026-06-03T08:46:51.8270430Z x iPhoneOS14.5.sdk/System/Library/PrivateFrameworks/IMTransferServices.framework/IMTransferServices.tbd
2026-06-03T08:46:51.8270940Z x iPhoneOS14.5.sdk/System/Library/PrivateFrameworks/InputTranscoder.framework/
2026-06-03T08:46:51.8271440Z x iPhoneOS14.5.sdk/System/Library/PrivateFrameworks/InputTranscoder.framework/InputTranscoder.tbd
2026-06-03T08:46:51.8271910Z x iPhoneOS14.5.sdk/System/Library/PrivateFrameworks/ResponseKit.framework/
2026-06-03T08:46:51.8272340Z x iPhoneOS14.5.sdk/System/Library/PrivateFrameworks/ResponseKit.framework/ResponseKit.tbd
2026-06-03T08:46:51.8272760Z x iPhoneOS14.5.sdk/System/Library/PrivateFrameworks/TeaSnappy.framework/
2026-06-03T08:46:51.8273170Z x iPhoneOS14.5.sdk/System/Library/PrivateFrameworks/TeaSnappy.framework/TeaSnappy.tbd
2026-06-03T08:46:51.8273620Z x iPhoneOS14.5.sdk/System/Library/PrivateFrameworks/HealthHearingDaemon.framework/
2026-06-03T08:46:51.8274140Z x iPhoneOS14.5.sdk/System/Library/PrivateFrameworks/HealthHearingDaemon.framework/HealthHearingDaemon.tbd
2026-06-03T08:46:51.8274620Z x iPhoneOS14.5.sdk/System/Library/PrivateFrameworks/CoreIDV.framework/
2026-06-03T08:46:51.8275020Z x iPhoneOS14.5.sdk/System/Library/PrivateFrameworks/CoreIDV.framework/CoreIDV.tbd
2026-06-03T08:46:51.8275410Z x iPhoneOS14.5.sdk/System/Library/PrivateFrameworks/AppleSRP.framework/
2026-06-03T08:46:51.8275820Z x iPhoneOS14.5.sdk/System/Library/PrivateFrameworks/AppleSRP.framework/AppleSRP.tbd
2026-06-03T08:46:51.8276350Z x iPhoneOS14.5.sdk/System/Library/PrivateFrameworks/CoreDuetDataModel.framework/
2026-06-03T08:46:51.8276850Z x iPhoneOS14.5.sdk/System/Library/PrivateFrameworks/CoreDuetDataModel.framework/CoreDuetDataModel.tbd
2026-06-03T08:46:51.8277310Z x iPhoneOS14.5.sdk/System/Library/PrivateFrameworks/ProactiveML.framework/
2026-06-03T08:46:51.8277740Z x iPhoneOS14.5.sdk/System/Library/PrivateFrameworks/ProactiveML.framework/ProactiveML.tbd
2026-06-03T08:46:51.8278190Z x iPhoneOS14.5.sdk/System/Library/PrivateFrameworks/UARPUpdaterService.framework/
2026-06-03T08:46:51.8278700Z x iPhoneOS14.5.sdk/System/Library/PrivateFrameworks/UARPUpdaterService.framework/UARPUpdaterService.tbd
2026-06-03T08:46:51.8279200Z x iPhoneOS14.5.sdk/System/Library/PrivateFrameworks/SiriVideoIntents.framework/
2026-06-03T08:46:51.8279680Z x iPhoneOS14.5.sdk/System/Library/PrivateFrameworks/SiriVideoIntents.framework/SiriVideoIntents.tbd
2026-06-03T08:46:51.8280230Z x iPhoneOS14.5.sdk/System/Library/PrivateFrameworks/AudioAnalytics.framework/
2026-06-03T08:46:51.8280690Z x iPhoneOS14.5.sdk/System/Library/PrivateFrameworks/AudioAnalytics.framework/AudioAnalytics.tbd
2026-06-03T08:46:51.8281180Z x iPhoneOS14.5.sdk/System/Library/PrivateFrameworks/AccessibilityUtilities.framework/
2026-06-03T08:46:51.8281750Z x iPhoneOS14.5.sdk/System/Library/PrivateFrameworks/AccessibilityUtilities.framework/AccessibilityUtilities.tbd
2026-06-03T08:46:51.8282490Z x iPhoneOS14.5.sdk/System/Library/PrivateFrameworks/BluetoothServicesUI.framework/
2026-06-03T08:46:51.8283100Z x iPhoneOS14.5.sdk/System/Library/PrivateFrameworks/BluetoothServicesUI.framework/BluetoothServicesUI.tbd
2026-06-03T08:46:51.8283640Z x iPhoneOS14.5.sdk/System/Library/PrivateFrameworks/NLFoundInAppsPlugin.framework/
2026-06-03T08:46:51.8284250Z x iPhoneOS14.5.sdk/System/Library/PrivateFrameworks/NLFoundInAppsPlugin.framework/NLFoundInAppsPlugin.tbd
2026-06-03T08:46:51.8284790Z x iPhoneOS14.5.sdk/System/Library/PrivateFrameworks/InstallCoordination.framework/
2026-06-03T08:46:51.8285400Z x iPhoneOS14.5.sdk/System/Library/PrivateFrameworks/InstallCoordination.framework/InstallCoordination.tbd
2026-06-03T08:46:51.8285900Z x iPhoneOS14.5.sdk/System/Library/PrivateFrameworks/TVRemoteUI.framework/
2026-06-03T08:46:51.8286330Z x iPhoneOS14.5.sdk/System/Library/PrivateFrameworks/TVRemoteUI.framework/TVRemoteUI.tbd
2026-06-03T08:46:51.8286850Z x iPhoneOS14.5.sdk/System/Library/PrivateFrameworks/HealthHearing.framework/
2026-06-03T08:46:51.8287320Z x iPhoneOS14.5.sdk/System/Library/PrivateFrameworks/HealthHearing.framework/HealthHearing.tbd
2026-06-03T08:46:51.8288530Z x iPhoneOS14.5.sdk/System/Library/PrivateFrameworks/TVRemoteCore.framework/
2026-06-03T08:46:51.8289010Z x iPhoneOS14.5.sdk/System/Library/PrivateFrameworks/TVRemoteCore.framework/TVRemoteCore.tbd
2026-06-03T08:46:51.8289640Z x iPhoneOS14.5.sdk/System/Library/PrivateFrameworks/KeyboardServices.framework/
2026-06-03T08:46:51.8290150Z x iPhoneOS14.5.sdk/System/Library/PrivateFrameworks/KeyboardServices.framework/KeyboardServices.tbd
2026-06-03T08:46:51.8290680Z x iPhoneOS14.5.sdk/System/Library/PrivateFrameworks/ActivityAchievementsUI.framework/
2026-06-03T08:46:51.8291240Z x iPhoneOS14.5.sdk/System/Library/PrivateFrameworks/ActivityAchievementsUI.framework/ActivityAchievementsUI.tbd
2026-06-03T08:46:51.8291770Z x iPhoneOS14.5.sdk/System/Library/PrivateFrameworks/IMDaemonCore.framework/
2026-06-03T08:46:51.8292230Z x iPhoneOS14.5.sdk/System/Library/PrivateFrameworks/IMDaemonCore.framework/IMDaemonCore.tbd
2026-06-03T08:46:51.8292690Z x iPhoneOS14.5.sdk/System/Library/PrivateFrameworks/TouchRemote.framework/
2026-06-03T08:46:51.8293140Z x iPhoneOS14.5.sdk/System/Library/PrivateFrameworks/TouchRemote.framework/TouchRemote.tbd
2026-06-03T08:46:51.8293590Z x iPhoneOS14.5.sdk/System/Library/PrivateFrameworks/CoreMediaStream.framework/
2026-06-03T08:46:51.8294080Z x iPhoneOS14.5.sdk/System/Library/PrivateFrameworks/CoreMediaStream.framework/CoreMediaStream.tbd
2026-06-03T08:46:51.8294800Z x iPhoneOS14.5.sdk/System/Library/PrivateFrameworks/DAAPKit.framework/
2026-06-03T08:46:51.8295220Z x iPhoneOS14.5.sdk/System/Library/PrivateFrameworks/DAAPKit.framework/DAAPKit.tbd
2026-06-03T08:46:51.8295730Z x iPhoneOS14.5.sdk/System/Library/PrivateFrameworks/CameraEffectsKit.framework/
2026-06-03T08:46:51.8296980Z x iPhoneOS14.5.sdk/System/Library/PrivateFrameworks/CameraEffectsKit.framework/CameraEffectsKit.tbd
2026-06-03T08:46:51.8297500Z x iPhoneOS14.5.sdk/System/Library/PrivateFrameworks/PhotoImaging.framework/
2026-06-03T08:46:51.8297970Z x iPhoneOS14.5.sdk/System/Library/PrivateFrameworks/PhotoImaging.framework/PhotoImaging.tbd
2026-06-03T08:46:51.8298470Z x iPhoneOS14.5.sdk/System/Library/PrivateFrameworks/GameCenterFoundation.framework/
2026-06-03T08:46:51.8299010Z x iPhoneOS14.5.sdk/System/Library/PrivateFrameworks/GameCenterFoundation.framework/GameCenterFoundation.tbd
2026-06-03T08:46:51.8299710Z x iPhoneOS14.5.sdk/System/Library/PrivateFrameworks/StoreBookkeeperClient.framework/
2026-06-03T08:46:51.8300270Z x iPhoneOS14.5.sdk/System/Library/PrivateFrameworks/StoreBookkeeperClient.framework/StoreBookkeeperClient.tbd
2026-06-03T08:46:51.8300820Z x iPhoneOS14.5.sdk/System/Library/PrivateFrameworks/MobileAssetUpdater.framework/
2026-06-03T08:46:51.8301340Z x iPhoneOS14.5.sdk/System/Library/PrivateFrameworks/MobileAssetUpdater.framework/MobileAssetUpdater.tbd
2026-06-03T08:46:51.8301830Z x iPhoneOS14.5.sdk/System/Library/PrivateFrameworks/LoginKit.framework/
2026-06-03T08:46:51.8302250Z x iPhoneOS14.5.sdk/System/Library/PrivateFrameworks/LoginKit.framework/LoginKit.tbd
2026-06-03T08:46:51.8302710Z x iPhoneOS14.5.sdk/System/Library/PrivateFrameworks/DataDeliveryServices.framework/
2026-06-03T08:46:51.8303240Z x iPhoneOS14.5.sdk/System/Library/PrivateFrameworks/DataDeliveryServices.framework/DataDeliveryServices.tbd
2026-06-03T08:46:51.8303770Z x iPhoneOS14.5.sdk/System/Library/PrivateFrameworks/UserManagementUI.framework/
2026-06-03T08:46:51.8304270Z x iPhoneOS14.5.sdk/System/Library/PrivateFrameworks/UserManagementUI.framework/UserManagementUI.tbd
2026-06-03T08:46:51.8304770Z x iPhoneOS14.5.sdk/System/Library/PrivateFrameworks/NanoAudioControl.framework/
2026-06-03T08:46:51.8305270Z x iPhoneOS14.5.sdk/System/Library/PrivateFrameworks/NanoAudioControl.framework/NanoAudioControl.tbd
2026-06-03T08:46:51.8305780Z x iPhoneOS14.5.sdk/System/Library/PrivateFrameworks/SpringBoardServices.framework/
2026-06-03T08:46:51.8306970Z x iPhoneOS14.5.sdk/System/Library/PrivateFrameworks/SpringBoardServices.framework/SpringBoardServices.tbd
2026-06-03T08:46:51.8307500Z x iPhoneOS14.5.sdk/System/Library/PrivateFrameworks/NetAppsUtilitiesUI.framework/
2026-06-03T08:46:51.8308020Z x iPhoneOS14.5.sdk/System/Library/PrivateFrameworks/NetAppsUtilitiesUI.framework/NetAppsUtilitiesUI.tbd
2026-06-03T08:46:51.8308500Z x iPhoneOS14.5.sdk/System/Library/PrivateFrameworks/FMCoreUI.framework/
2026-06-03T08:46:51.8308920Z x iPhoneOS14.5.sdk/System/Library/PrivateFrameworks/FMCoreUI.framework/FMCoreUI.tbd
2026-06-03T08:46:51.8309360Z x iPhoneOS14.5.sdk/System/Library/PrivateFrameworks/CoreIndoor.framework/
2026-06-03T08:46:51.8309800Z x iPhoneOS14.5.sdk/System/Library/PrivateFrameworks/CoreIndoor.framework/CoreIndoor.tbd
2026-06-03T08:46:51.8310270Z x iPhoneOS14.5.sdk/System/Library/PrivateFrameworks/BridgePreferences.framework/
2026-06-03T08:46:51.8310780Z x iPhoneOS14.5.sdk/System/Library/PrivateFrameworks/BridgePreferences.framework/BridgePreferences.tbd
2026-06-03T08:46:51.8311270Z x iPhoneOS14.5.sdk/System/Library/PrivateFrameworks/FlowFrameKit.framework/
2026-06-03T08:46:51.8311730Z x iPhoneOS14.5.sdk/System/Library/PrivateFrameworks/FlowFrameKit.framework/FlowFrameKit.tbd
2026-06-03T08:46:51.8312320Z x iPhoneOS14.5.sdk/System/Library/PrivateFrameworks/DiagnosticExtensions.framework/
2026-06-03T08:46:51.8313010Z x iPhoneOS14.5.sdk/System/Library/PrivateFrameworks/DiagnosticExtensions.framework/DiagnosticExtensions.tbd
2026-06-03T08:46:51.8313540Z x iPhoneOS14.5.sdk/System/Library/PrivateFrameworks/BridgeCommons.framework/
2026-06-03T08:46:51.8314130Z x iPhoneOS14.5.sdk/System/Library/PrivateFrameworks/BridgeCommons.framework/BridgeCommons.tbd
2026-06-03T08:46:51.8314590Z x iPhoneOS14.5.sdk/System/Library/PrivateFrameworks/CARDNDUI.framework/
2026-06-03T08:46:51.8315010Z x iPhoneOS14.5.sdk/System/Library/PrivateFrameworks/CARDNDUI.framework/CARDNDUI.tbd
2026-06-03T08:46:51.8315430Z x iPhoneOS14.5.sdk/System/Library/PrivateFrameworks/VideosUI.framework/
2026-06-03T08:46:51.8315840Z x iPhoneOS14.5.sdk/System/Library/PrivateFrameworks/VideosUI.framework/VideosUI.tbd
2026-06-03T08:46:51.8316290Z x iPhoneOS14.5.sdk/System/Library/PrivateFrameworks/NewsServicesInternal.framework/
2026-06-03T08:46:51.8316840Z x iPhoneOS14.5.sdk/System/Library/PrivateFrameworks/NewsServicesInternal.framework/NewsServicesInternal.tbd
2026-06-03T08:46:51.8317350Z x iPhoneOS14.5.sdk/System/Library/PrivateFrameworks/SIMToolkitUI.framework/
2026-06-03T08:46:51.8317890Z x iPhoneOS14.5.sdk/System/Library/PrivateFrameworks/SIMToolkitUI.framework/SIMToolkitUI.tbd
2026-06-03T08:46:51.8318340Z x iPhoneOS14.5.sdk/System/Library/PrivateFrameworks/FMClient.framework/
2026-06-03T08:46:51.8318750Z x iPhoneOS14.5.sdk/System/Library/PrivateFrameworks/FMClient.framework/FMClient.tbd
2026-06-03T08:46:51.8319210Z x iPhoneOS14.5.sdk/System/Library/PrivateFrameworks/HeartHealthDaemon.framework/
2026-06-03T08:46:51.8319720Z x iPhoneOS14.5.sdk/System/Library/PrivateFrameworks/HeartHealthDaemon.framework/HeartHealthDaemon.tbd
2026-06-03T08:46:51.8320190Z x iPhoneOS14.5.sdk/System/Library/PrivateFrameworks/NPTKit.framework/
2026-06-03T08:46:51.8320590Z x iPhoneOS14.5.sdk/System/Library/PrivateFrameworks/NPTKit.framework/NPTKit.tbd
2026-06-03T08:46:51.8321070Z x iPhoneOS14.5.sdk/System/Library/PrivateFrameworks/AXAssetLoader.framework/
2026-06-03T08:46:51.8321540Z x iPhoneOS14.5.sdk/System/Library/PrivateFrameworks/AXAssetLoader.framework/AXAssetLoader.tbd
2026-06-03T08:46:51.8322070Z x iPhoneOS14.5.sdk/System/Library/PrivateFrameworks/PersonalizationPortrait.framework/
2026-06-03T08:46:51.8322660Z x iPhoneOS14.5.sdk/System/Library/PrivateFrameworks/PersonalizationPortrait.framework/PersonalizationPortrait.tbd
2026-06-03T08:46:51.8323210Z x iPhoneOS14.5.sdk/System/Library/PrivateFrameworks/CarPlayServices.framework/
2026-06-03T08:46:51.8323700Z x iPhoneOS14.5.sdk/System/Library/PrivateFrameworks/CarPlayServices.framework/CarPlayServices.tbd
2026-06-03T08:46:51.8324180Z x iPhoneOS14.5.sdk/System/Library/PrivateFrameworks/SiriKitFlow.framework/
2026-06-03T08:46:51.8324620Z x iPhoneOS14.5.sdk/System/Library/PrivateFrameworks/SiriKitFlow.framework/SiriKitFlow.tbd
2026-06-03T08:46:51.8325060Z x iPhoneOS14.5.sdk/System/Library/PrivateFrameworks/NewsToday.framework/
﻿2026-06-03T08:46:51.8328970Z x iPhoneOS14.5.sdk/System/Library/PrivateFrameworks/NewsToday.framework/NewsToday.tbd
2026-06-03T08:46:51.8329430Z x iPhoneOS14.5.sdk/System/Library/PrivateFrameworks/SignpostCollection.framework/
2026-06-03T08:46:51.8329970Z x iPhoneOS14.5.sdk/System/Library/PrivateFrameworks/SignpostCollection.framework/SignpostCollection.tbd
2026-06-03T08:46:51.8330470Z x iPhoneOS14.5.sdk/System/Library/PrivateFrameworks/HomeUI.framework/
2026-06-03T08:46:51.8330860Z x iPhoneOS14.5.sdk/System/Library/PrivateFrameworks/HomeUI.framework/HomeUI.tbd
2026-06-03T08:46:51.8331280Z x iPhoneOS14.5.sdk/System/Library/PrivateFrameworks/PassKitUI.framework/
2026-06-03T08:46:51.8331720Z x iPhoneOS14.5.sdk/System/Library/PrivateFrameworks/PassKitUI.framework/PassKitUI.tbd
2026-06-03T08:46:51.8332190Z x iPhoneOS14.5.sdk/System/Library/PrivateFrameworks/TipsCore.framework/
2026-06-03T08:46:51.8332600Z x iPhoneOS14.5.sdk/System/Library/PrivateFrameworks/TipsCore.framework/TipsCore.tbd
2026-06-03T08:46:51.8333080Z x iPhoneOS14.5.sdk/System/Library/PrivateFrameworks/NewDeviceOutreachUI.framework/
2026-06-03T08:46:51.8333650Z x iPhoneOS14.5.sdk/System/Library/PrivateFrameworks/NewDeviceOutreachUI.framework/NewDeviceOutreachUI.tbd
2026-06-03T08:46:51.8334190Z x iPhoneOS14.5.sdk/System/Library/PrivateFrameworks/CommunicationsFilter.framework/
2026-06-03T08:46:51.8334880Z x iPhoneOS14.5.sdk/System/Library/PrivateFrameworks/CommunicationsFilter.framework/CommunicationsFilter.tbd
2026-06-03T08:46:51.8335410Z x iPhoneOS14.5.sdk/System/Library/PrivateFrameworks/FamilyCircleUI.framework/
2026-06-03T08:46:51.8337080Z x iPhoneOS14.5.sdk/System/Library/PrivateFrameworks/FamilyCircleUI.framework/FamilyCircleUI.tbd
2026-06-03T08:46:51.8337590Z x iPhoneOS14.5.sdk/System/Library/PrivateFrameworks/CoreSuggestionsUI.framework/
2026-06-03T08:46:51.8338110Z x iPhoneOS14.5.sdk/System/Library/PrivateFrameworks/CoreSuggestionsUI.framework/CoreSuggestionsUI.tbd
2026-06-03T08:46:51.8338620Z x iPhoneOS14.5.sdk/System/Library/PrivateFrameworks/RelevanceEngine.framework/
2026-06-03T08:46:51.8339120Z x iPhoneOS14.5.sdk/System/Library/PrivateFrameworks/RelevanceEngine.framework/RelevanceEngine.tbd
2026-06-03T08:46:51.8339610Z x iPhoneOS14.5.sdk/System/Library/PrivateFrameworks/WorkflowEditor.framework/
2026-06-03T08:46:51.8340180Z x iPhoneOS14.5.sdk/System/Library/PrivateFrameworks/WorkflowEditor.framework/WorkflowEditor.tbd
2026-06-03T08:46:51.8340650Z x iPhoneOS14.5.sdk/System/Library/PrivateFrameworks/TextureIO.framework/
2026-06-03T08:46:51.8341080Z x iPhoneOS14.5.sdk/System/Library/PrivateFrameworks/TextureIO.framework/TextureIO.tbd
2026-06-03T08:46:51.8341500Z x iPhoneOS14.5.sdk/System/Library/PrivateFrameworks/WiFiKitUI.framework/
2026-06-03T08:46:51.8341930Z x iPhoneOS14.5.sdk/System/Library/PrivateFrameworks/WiFiKitUI.framework/WiFiKitUI.tbd
2026-06-03T08:46:51.8342350Z x iPhoneOS14.5.sdk/System/Library/PrivateFrameworks/CMImaging.framework/
2026-06-03T08:46:51.8342770Z x iPhoneOS14.5.sdk/System/Library/PrivateFrameworks/CMImaging.framework/CMImaging.tbd
2026-06-03T08:46:51.8343220Z x iPhoneOS14.5.sdk/System/Library/PrivateFrameworks/AGXCompilerCore.framework/
2026-06-03T08:46:51.8343710Z x iPhoneOS14.5.sdk/System/Library/PrivateFrameworks/AGXCompilerCore.framework/AGXCompilerCore.tbd
2026-06-03T08:46:51.8344210Z x iPhoneOS14.5.sdk/System/Library/PrivateFrameworks/AppStoreComponents.framework/
2026-06-03T08:46:51.8344740Z x iPhoneOS14.5.sdk/System/Library/PrivateFrameworks/AppStoreComponents.framework/AppStoreComponents.tbd
2026-06-03T08:46:51.8345230Z x iPhoneOS14.5.sdk/System/Library/PrivateFrameworks/ProgressUI.framework/
2026-06-03T08:46:51.8345670Z x iPhoneOS14.5.sdk/System/Library/PrivateFrameworks/ProgressUI.framework/ProgressUI.tbd
2026-06-03T08:46:51.8346140Z x iPhoneOS14.5.sdk/System/Library/PrivateFrameworks/BrightnessControl.framework/
2026-06-03T08:46:51.8346650Z x iPhoneOS14.5.sdk/System/Library/PrivateFrameworks/BrightnessControl.framework/BrightnessControl.tbd
2026-06-03T08:46:51.8347160Z x iPhoneOS14.5.sdk/System/Library/PrivateFrameworks/DiagnosticsSupport.framework/
2026-06-03T08:46:51.8347850Z x iPhoneOS14.5.sdk/System/Library/PrivateFrameworks/DiagnosticsSupport.framework/DiagnosticsSupport.tbd
2026-06-03T08:46:51.8348350Z x iPhoneOS14.5.sdk/System/Library/PrivateFrameworks/PowerlogCore.framework/
2026-06-03T08:46:51.8348810Z x iPhoneOS14.5.sdk/System/Library/PrivateFrameworks/PowerlogCore.framework/PowerlogCore.tbd
2026-06-03T08:46:51.8349270Z x iPhoneOS14.5.sdk/System/Library/PrivateFrameworks/UserActivity.framework/
2026-06-03T08:46:51.8349730Z x iPhoneOS14.5.sdk/System/Library/PrivateFrameworks/UserActivity.framework/UserActivity.tbd
2026-06-03T08:46:51.8350230Z x iPhoneOS14.5.sdk/System/Library/PrivateFrameworks/WorkflowUIServices.framework/
2026-06-03T08:46:51.8350750Z x iPhoneOS14.5.sdk/System/Library/PrivateFrameworks/WorkflowUIServices.framework/WorkflowUIServices.tbd
2026-06-03T08:46:51.8351360Z x iPhoneOS14.5.sdk/System/Library/PrivateFrameworks/TransparencyDetailsView.framework/
2026-06-03T08:46:51.8352130Z x iPhoneOS14.5.sdk/System/Library/PrivateFrameworks/TransparencyDetailsView.framework/TransparencyDetailsView.tbd
2026-06-03T08:46:51.8352660Z x iPhoneOS14.5.sdk/System/Library/PrivateFrameworks/SiriTape.framework/
2026-06-03T08:46:51.8353080Z x iPhoneOS14.5.sdk/System/Library/PrivateFrameworks/SiriTape.framework/SiriTape.tbd
2026-06-03T08:46:51.8353640Z x iPhoneOS14.5.sdk/System/Library/PrivateFrameworks/OSASyncProxyClient.framework/
2026-06-03T08:46:51.8354170Z x iPhoneOS14.5.sdk/System/Library/PrivateFrameworks/OSASyncProxyClient.framework/OSASyncProxyClient.tbd
2026-06-03T08:46:51.8354660Z x iPhoneOS14.5.sdk/System/Library/PrivateFrameworks/VoiceMemos.framework/
2026-06-03T08:46:51.8355100Z x iPhoneOS14.5.sdk/System/Library/PrivateFrameworks/VoiceMemos.framework/VoiceMemos.tbd
2026-06-03T08:46:51.8355590Z x iPhoneOS14.5.sdk/System/Library/PrivateFrameworks/DiagnosticExtensionsDaemon.framework/
2026-06-03T08:46:51.8356200Z x iPhoneOS14.5.sdk/System/Library/PrivateFrameworks/DiagnosticExtensionsDaemon.framework/DiagnosticExtensionsDaemon.tbd
2026-06-03T08:46:51.8356760Z x iPhoneOS14.5.sdk/System/Library/PrivateFrameworks/PhotosPlayer.framework/
2026-06-03T08:46:51.8357220Z x iPhoneOS14.5.sdk/System/Library/PrivateFrameworks/PhotosPlayer.framework/PhotosPlayer.tbd
2026-06-03T08:46:51.8357720Z x iPhoneOS14.5.sdk/System/Library/PrivateFrameworks/MDM.framework/
2026-06-03T08:46:51.8358090Z x iPhoneOS14.5.sdk/System/Library/PrivateFrameworks/MDM.framework/MDM.tbd
2026-06-03T08:46:51.8358480Z x iPhoneOS14.5.sdk/System/Library/PrivateFrameworks/BaseBoardUI.framework/
2026-06-03T08:46:51.8358920Z x iPhoneOS14.5.sdk/System/Library/PrivateFrameworks/BaseBoardUI.framework/BaseBoardUI.tbd
2026-06-03T08:46:51.8359370Z x iPhoneOS14.5.sdk/System/Library/PrivateFrameworks/TeaFoundation.framework/
2026-06-03T08:46:51.8359840Z x iPhoneOS14.5.sdk/System/Library/PrivateFrameworks/TeaFoundation.framework/TeaFoundation.tbd
2026-06-03T08:46:51.8360310Z x iPhoneOS14.5.sdk/System/Library/PrivateFrameworks/TrustedPeers.framework/
2026-06-03T08:46:51.8360760Z x iPhoneOS14.5.sdk/System/Library/PrivateFrameworks/TrustedPeers.framework/TrustedPeers.tbd
2026-06-03T08:46:51.8361220Z x iPhoneOS14.5.sdk/System/Library/PrivateFrameworks/Translation.framework/
2026-06-03T08:46:51.8361670Z x iPhoneOS14.5.sdk/System/Library/PrivateFrameworks/Translation.framework/Translation.tbd
2026-06-03T08:46:51.8362130Z x iPhoneOS14.5.sdk/System/Library/PrivateFrameworks/CoreUtilsSwift.framework/
2026-06-03T08:46:51.8362600Z x iPhoneOS14.5.sdk/System/Library/PrivateFrameworks/CoreUtilsSwift.framework/CoreUtilsSwift.tbd
2026-06-03T08:46:51.8363070Z x iPhoneOS14.5.sdk/System/Library/PrivateFrameworks/DoNotDisturb.framework/
2026-06-03T08:46:51.8363520Z x iPhoneOS14.5.sdk/System/Library/PrivateFrameworks/DoNotDisturb.framework/DoNotDisturb.tbd
2026-06-03T08:46:51.8364010Z x iPhoneOS14.5.sdk/System/Library/PrivateFrameworks/AXSpeechAssetServices.framework/
2026-06-03T08:46:51.8364560Z x iPhoneOS14.5.sdk/System/Library/PrivateFrameworks/AXSpeechAssetServices.framework/AXSpeechAssetServices.tbd
2026-06-03T08:46:51.8365160Z x iPhoneOS14.5.sdk/System/Library/PrivateFrameworks/HeartHealth.framework/
2026-06-03T08:46:51.8365610Z x iPhoneOS14.5.sdk/System/Library/PrivateFrameworks/HeartHealth.framework/HeartHealth.tbd
2026-06-03T08:46:51.8366080Z x iPhoneOS14.5.sdk/System/Library/PrivateFrameworks/StoreServicesCore.framework/
2026-06-03T08:46:51.8366590Z x iPhoneOS14.5.sdk/System/Library/PrivateFrameworks/StoreServicesCore.framework/StoreServicesCore.tbd
2026-06-03T08:46:51.8367100Z x iPhoneOS14.5.sdk/System/Library/PrivateFrameworks/GraphVisualizer.framework/
2026-06-03T08:46:51.8367560Z x iPhoneOS14.5.sdk/System/Library/PrivateFrameworks/GraphVisualizer.framework/GraphVisualizer.tbd
2026-06-03T08:46:51.8368050Z x iPhoneOS14.5.sdk/System/Library/PrivateFrameworks/FeatureFlagsSupport.framework/
2026-06-03T08:46:51.8368580Z x iPhoneOS14.5.sdk/System/Library/PrivateFrameworks/FeatureFlagsSupport.framework/FeatureFlagsSupport.tbd
2026-06-03T08:46:51.8369090Z x iPhoneOS14.5.sdk/System/Library/PrivateFrameworks/NanoRegistry.framework/
2026-06-03T08:46:51.8369550Z x iPhoneOS14.5.sdk/System/Library/PrivateFrameworks/NanoRegistry.framework/NanoRegistry.tbd
2026-06-03T08:46:51.8369980Z x iPhoneOS14.5.sdk/System/Library/PrivateFrameworks/ABMHelper.framework/
2026-06-03T08:46:51.8370390Z x iPhoneOS14.5.sdk/System/Library/PrivateFrameworks/ABMHelper.framework/ABMHelper.tbd
2026-06-03T08:46:51.8370900Z x iPhoneOS14.5.sdk/System/Library/PrivateFrameworks/AppleCV3DModels.framework/
2026-06-03T08:46:51.8371370Z x iPhoneOS14.5.sdk/System/Library/PrivateFrameworks/AppleCV3DModels.framework/AppleCV3DModels.tbd
2026-06-03T08:46:51.8371850Z x iPhoneOS14.5.sdk/System/Library/PrivateFrameworks/LoginPerformanceKit.framework/
2026-06-03T08:46:51.8372360Z x iPhoneOS14.5.sdk/System/Library/PrivateFrameworks/LoginPerformanceKit.framework/LoginPerformanceKit.tbd
2026-06-03T08:46:51.8372870Z x iPhoneOS14.5.sdk/System/Library/PrivateFrameworks/IOMobileFramebuffer.framework/
2026-06-03T08:46:51.8373400Z x iPhoneOS14.5.sdk/System/Library/PrivateFrameworks/IOMobileFramebuffer.framework/IOMobileFramebuffer.tbd
2026-06-03T08:46:51.8373890Z x iPhoneOS14.5.sdk/System/Library/PrivateFrameworks/Rapport.framework/
2026-06-03T08:46:51.8374320Z x iPhoneOS14.5.sdk/System/Library/PrivateFrameworks/Rapport.framework/Rapport.tbd
2026-06-03T08:46:51.8374830Z x iPhoneOS14.5.sdk/System/Library/PrivateFrameworks/KeyboardArbiter.framework/
2026-06-03T08:46:51.8375390Z x iPhoneOS14.5.sdk/System/Library/PrivateFrameworks/KeyboardArbiter.framework/KeyboardArbiter.tbd
2026-06-03T08:46:51.8375880Z x iPhoneOS14.5.sdk/System/Library/PrivateFrameworks/LockoutUI.framework/
2026-06-03T08:46:51.8376320Z x iPhoneOS14.5.sdk/System/Library/PrivateFrameworks/LockoutUI.framework/LockoutUI.tbd
2026-06-03T08:46:51.8376810Z x iPhoneOS14.5.sdk/System/Library/PrivateFrameworks/CalendarNotification.framework/
2026-06-03T08:46:51.8377360Z x iPhoneOS14.5.sdk/System/Library/PrivateFrameworks/CalendarNotification.framework/CalendarNotification.tbd
2026-06-03T08:46:51.8377900Z x iPhoneOS14.5.sdk/System/Library/PrivateFrameworks/FindMyDevice.framework/
2026-06-03T08:46:51.8378450Z x iPhoneOS14.5.sdk/System/Library/PrivateFrameworks/FindMyDevice.framework/FindMyDevice.tbd
2026-06-03T08:46:51.8378920Z x iPhoneOS14.5.sdk/System/Library/PrivateFrameworks/Symptoms.framework/
2026-06-03T08:46:51.8385880Z x iPhoneOS14.5.sdk/System/Library/PrivateFrameworks/Symptoms.framework/Frameworks/
2026-06-03T08:46:51.8386430Z x iPhoneOS14.5.sdk/System/Library/PrivateFrameworks/Symptoms.framework/Frameworks/SymptomEvaluator.framework/
2026-06-03T08:46:51.8386760Z x iPhoneOS14.5.sdk/System/Library/PrivateFrameworks/Symptoms.framework/Frameworks/SymptomEvaluator.framework/SymptomEvaluator.tbd
2026-06-03T08:46:51.8387030Z x iPhoneOS14.5.sdk/System/Library/PrivateFrameworks/Symptoms.framework/Frameworks/SymptomAnalytics.framework/
2026-06-03T08:46:51.8387360Z x iPhoneOS14.5.sdk/System/Library/PrivateFrameworks/Symptoms.framework/Frameworks/SymptomAnalytics.framework/SymptomAnalytics.tbd
2026-06-03T08:46:51.8387660Z x iPhoneOS14.5.sdk/System/Library/PrivateFrameworks/Symptoms.framework/Frameworks/SymptomPresentationLite.framework/
2026-06-03T08:46:51.8388160Z x iPhoneOS14.5.sdk/System/Library/PrivateFrameworks/Symptoms.framework/Frameworks/SymptomPresentationLite.framework/SymptomPresentationLite.tbd
2026-06-03T08:46:51.8388460Z x iPhoneOS14.5.sdk/System/Library/PrivateFrameworks/Symptoms.framework/Frameworks/SymptomPresentationFeed.framework/
2026-06-03T08:46:51.8388850Z x iPhoneOS14.5.sdk/System/Library/PrivateFrameworks/Symptoms.framework/Frameworks/SymptomPresentationFeed.framework/SymptomPresentationFeed.tbd
2026-06-03T08:46:51.8389130Z x iPhoneOS14.5.sdk/System/Library/PrivateFrameworks/Symptoms.framework/Frameworks/SymptomNetworkUsage.framework/
2026-06-03T08:46:51.8389480Z x iPhoneOS14.5.sdk/System/Library/PrivateFrameworks/Symptoms.framework/Frameworks/SymptomNetworkUsage.framework/SymptomNetworkUsage.tbd
2026-06-03T08:46:51.8389740Z x iPhoneOS14.5.sdk/System/Library/PrivateFrameworks/Symptoms.framework/Frameworks/ManagedEvent.framework/
2026-06-03T08:46:51.8390050Z x iPhoneOS14.5.sdk/System/Library/PrivateFrameworks/Symptoms.framework/Frameworks/ManagedEvent.framework/ManagedEvent.tbd
2026-06-03T08:46:51.8390210Z x iPhoneOS14.5.sdk/System/Library/PrivateFrameworks/iCloudQuota.framework/
2026-06-03T08:46:51.8390420Z x iPhoneOS14.5.sdk/System/Library/PrivateFrameworks/iCloudQuota.framework/iCloudQuota.tbd
2026-06-03T08:46:51.8390710Z x iPhoneOS14.5.sdk/System/Library/PrivateFrameworks/SearchSuggestions.framework/
2026-06-03T08:46:51.8390960Z x iPhoneOS14.5.sdk/System/Library/PrivateFrameworks/SearchSuggestions.framework/SearchSuggestions.tbd
2026-06-03T08:46:51.8391130Z x iPhoneOS14.5.sdk/System/Library/PrivateFrameworks/SiriInference.framework/
2026-06-03T08:46:51.8391410Z x iPhoneOS14.5.sdk/System/Library/PrivateFrameworks/SiriInference.framework/SiriInference.tbd
2026-06-03T08:46:51.8391610Z x iPhoneOS14.5.sdk/System/Library/PrivateFrameworks/HealthRecordServices.framework/
2026-06-03T08:46:51.8392010Z x iPhoneOS14.5.sdk/System/Library/PrivateFrameworks/HealthRecordServices.framework/HealthRecordServices.tbd
2026-06-03T08:46:51.8392210Z x iPhoneOS14.5.sdk/System/Library/PrivateFrameworks/AccessoryOOBBTPairing.framework/
2026-06-03T08:46:51.8392550Z x iPhoneOS14.5.sdk/System/Library/PrivateFrameworks/AccessoryOOBBTPairing.framework/AccessoryOOBBTPairing.tbd
2026-06-03T08:46:51.8392710Z x iPhoneOS14.5.sdk/System/Library/PrivateFrameworks/MailSupport.framework/
2026-06-03T08:46:51.8392920Z x iPhoneOS14.5.sdk/System/Library/PrivateFrameworks/MailSupport.framework/MailSupport.tbd
2026-06-03T08:46:51.8393120Z x iPhoneOS14.5.sdk/System/Library/PrivateFrameworks/Futhark.framework/
2026-06-03T08:46:51.8393310Z x iPhoneOS14.5.sdk/System/Library/PrivateFrameworks/Futhark.framework/Futhark.tbd
2026-06-03T08:46:51.8393450Z x iPhoneOS14.5.sdk/System/Library/PrivateFrameworks/iAdCore.framework/
2026-06-03T08:46:51.8393620Z x iPhoneOS14.5.sdk/System/Library/PrivateFrameworks/iAdCore.framework/iAdCore.tbd
2026-06-03T08:46:51.8393810Z x iPhoneOS14.5.sdk/System/Library/PrivateFrameworks/DuetExpertCenter.framework/
2026-06-03T08:46:51.8394050Z x iPhoneOS14.5.sdk/System/Library/PrivateFrameworks/DuetExpertCenter.framework/DuetExpertCenter.tbd
2026-06-03T08:46:51.8394240Z x iPhoneOS14.5.sdk/System/Library/PrivateFrameworks/AppleMediaServices.framework/
2026-06-03T08:46:51.8394490Z x iPhoneOS14.5.sdk/System/Library/PrivateFrameworks/AppleMediaServices.framework/AppleMediaServices.tbd
2026-06-03T08:46:51.8394650Z x iPhoneOS14.5.sdk/System/Library/PrivateFrameworks/JITAppKit.framework/
2026-06-03T08:46:51.8394840Z x iPhoneOS14.5.sdk/System/Library/PrivateFrameworks/JITAppKit.framework/JITAppKit.tbd
2026-06-03T08:46:51.8395020Z x iPhoneOS14.5.sdk/System/Library/PrivateFrameworks/VoiceShortcutClient.framework/
2026-06-03T08:46:51.8395290Z x iPhoneOS14.5.sdk/System/Library/PrivateFrameworks/VoiceShortcutClient.framework/VoiceShortcutClient.tbd
2026-06-03T08:46:51.8395440Z x iPhoneOS14.5.sdk/System/Library/PrivateFrameworks/CoreThread.framework/
2026-06-03T08:46:51.8395710Z x iPhoneOS14.5.sdk/System/Library/PrivateFrameworks/CoreThread.framework/CoreThread.tbd
2026-06-03T08:46:51.8395860Z x iPhoneOS14.5.sdk/System/Library/PrivateFrameworks/FaceCore.framework/
2026-06-03T08:46:51.8396050Z x iPhoneOS14.5.sdk/System/Library/PrivateFrameworks/FaceCore.framework/FaceCore.tbd
2026-06-03T08:46:51.8396230Z x iPhoneOS14.5.sdk/System/Library/PrivateFrameworks/iOSScreenSharing.framework/
2026-06-03T08:46:51.8396520Z x iPhoneOS14.5.sdk/System/Library/PrivateFrameworks/iOSScreenSharing.framework/iOSScreenSharing.tbd
2026-06-03T08:46:51.8396700Z x iPhoneOS14.5.sdk/System/Library/PrivateFrameworks/SetupAssistantUI.framework/
2026-06-03T08:46:51.8396940Z x iPhoneOS14.5.sdk/System/Library/PrivateFrameworks/SetupAssistantUI.framework/SetupAssistantUI.tbd
2026-06-03T08:46:51.8397110Z x iPhoneOS14.5.sdk/System/Library/PrivateFrameworks/TemplateKit.framework/
2026-06-03T08:46:51.8397310Z x iPhoneOS14.5.sdk/System/Library/PrivateFrameworks/TemplateKit.framework/TemplateKit.tbd
2026-06-03T08:46:51.8397490Z x iPhoneOS14.5.sdk/System/Library/PrivateFrameworks/ApplePDPHelper.framework/
2026-06-03T08:46:51.8397720Z x iPhoneOS14.5.sdk/System/Library/PrivateFrameworks/ApplePDPHelper.framework/ApplePDPHelper.tbd
2026-06-03T08:46:51.8397870Z x iPhoneOS14.5.sdk/System/Library/PrivateFrameworks/MobileIcons.framework/
2026-06-03T08:46:51.8398150Z x iPhoneOS14.5.sdk/System/Library/PrivateFrameworks/MobileIcons.framework/MobileIcons.tbd
2026-06-03T08:46:51.8398340Z x iPhoneOS14.5.sdk/System/Library/PrivateFrameworks/PowerlogAccounting.framework/
2026-06-03T08:46:51.8398600Z x iPhoneOS14.5.sdk/System/Library/PrivateFrameworks/PowerlogAccounting.framework/PowerlogAccounting.tbd
2026-06-03T08:46:51.8398830Z x iPhoneOS14.5.sdk/System/Library/PrivateFrameworks/SearchUICardKitProviderSupport.framework/
2026-06-03T08:46:51.8399180Z x iPhoneOS14.5.sdk/System/Library/PrivateFrameworks/SearchUICardKitProviderSupport.framework/SearchUICardKitProviderSupport.tbd
2026-06-03T08:46:51.8399370Z x iPhoneOS14.5.sdk/System/Library/PrivateFrameworks/AggregateDictionary.framework/
2026-06-03T08:46:51.8399630Z x iPhoneOS14.5.sdk/System/Library/PrivateFrameworks/AggregateDictionary.framework/AggregateDictionary.tbd
2026-06-03T08:46:51.8399850Z x iPhoneOS14.5.sdk/System/Library/PrivateFrameworks/HIDAnalytics.framework/
2026-06-03T08:46:51.8400060Z x iPhoneOS14.5.sdk/System/Library/PrivateFrameworks/HIDAnalytics.framework/HIDAnalytics.tbd
2026-06-03T08:46:51.8400230Z x iPhoneOS14.5.sdk/System/Library/PrivateFrameworks/CPMLBestShim.framework/
2026-06-03T08:46:51.8400440Z x iPhoneOS14.5.sdk/System/Library/PrivateFrameworks/CPMLBestShim.framework/CPMLBestShim.tbd
2026-06-03T08:46:51.8400620Z x iPhoneOS14.5.sdk/System/Library/PrivateFrameworks/MediaExperience.framework/
2026-06-03T08:46:51.8400850Z x iPhoneOS14.5.sdk/System/Library/PrivateFrameworks/MediaExperience.framework/MediaExperience.tbd
2026-06-03T08:46:51.8401060Z x iPhoneOS14.5.sdk/System/Library/PrivateFrameworks/AssetCacheServicesExtensions.framework/
2026-06-03T08:46:51.8401390Z x iPhoneOS14.5.sdk/System/Library/PrivateFrameworks/AssetCacheServicesExtensions.framework/AssetCacheServicesExtensions.tbd
2026-06-03T08:46:51.8401550Z x iPhoneOS14.5.sdk/System/Library/PrivateFrameworks/MobileTimer.framework/
2026-06-03T08:46:51.8401760Z x iPhoneOS14.5.sdk/System/Library/PrivateFrameworks/MobileTimer.framework/MobileTimer.tbd
2026-06-03T08:46:51.8401920Z x iPhoneOS14.5.sdk/System/Library/PrivateFrameworks/CMCaptureCore.framework/
2026-06-03T08:46:51.8402140Z x iPhoneOS14.5.sdk/System/Library/PrivateFrameworks/CMCaptureCore.framework/CMCaptureCore.tbd
2026-06-03T08:46:51.8402300Z x iPhoneOS14.5.sdk/System/Library/PrivateFrameworks/EmailCore.framework/
2026-06-03T08:46:51.8402500Z x iPhoneOS14.5.sdk/System/Library/PrivateFrameworks/EmailCore.framework/EmailCore.tbd
2026-06-03T08:46:51.8402700Z x iPhoneOS14.5.sdk/System/Library/PrivateFrameworks/FileProviderDaemon.framework/
2026-06-03T08:46:51.8402960Z x iPhoneOS14.5.sdk/System/Library/PrivateFrameworks/FileProviderDaemon.framework/FileProviderDaemon.tbd
2026-06-03T08:46:51.8403280Z x iPhoneOS14.5.sdk/System/Library/PrivateFrameworks/MetadataUtilities.framework/
2026-06-03T08:46:51.8403530Z x iPhoneOS14.5.sdk/System/Library/PrivateFrameworks/MetadataUtilities.framework/MetadataUtilities.tbd
2026-06-03T08:46:51.8403700Z x iPhoneOS14.5.sdk/System/Library/PrivateFrameworks/BiomeStorage.framework/
2026-06-03T08:46:51.8403910Z x iPhoneOS14.5.sdk/System/Library/PrivateFrameworks/BiomeStorage.framework/BiomeStorage.tbd
2026-06-03T08:46:51.8404100Z x iPhoneOS14.5.sdk/System/Library/PrivateFrameworks/AccessoryVoiceOver.framework/
2026-06-03T08:46:51.8404350Z x iPhoneOS14.5.sdk/System/Library/PrivateFrameworks/AccessoryVoiceOver.framework/AccessoryVoiceOver.tbd
2026-06-03T08:46:51.8404530Z x iPhoneOS14.5.sdk/System/Library/PrivateFrameworks/SignpostMetrics.framework/
2026-06-03T08:46:51.8404760Z x iPhoneOS14.5.sdk/System/Library/PrivateFrameworks/SignpostMetrics.framework/SignpostMetrics.tbd
2026-06-03T08:46:51.8404930Z x iPhoneOS14.5.sdk/System/Library/PrivateFrameworks/SensorKitSupport.framework/
2026-06-03T08:46:51.8405170Z x iPhoneOS14.5.sdk/System/Library/PrivateFrameworks/SensorKitSupport.framework/SensorKitSupport.tbd
2026-06-03T08:46:51.8405370Z x iPhoneOS14.5.sdk/System/Library/PrivateFrameworks/AutomationSuggestions.framework/
2026-06-03T08:46:51.8405740Z x iPhoneOS14.5.sdk/System/Library/PrivateFrameworks/AutomationSuggestions.framework/AutomationSuggestions.tbd
2026-06-03T08:46:51.8405900Z x iPhoneOS14.5.sdk/System/Library/PrivateFrameworks/SilexWeb.framework/
2026-06-03T08:46:51.8406090Z x iPhoneOS14.5.sdk/System/Library/PrivateFrameworks/SilexWeb.framework/SilexWeb.tbd
2026-06-03T08:46:51.8406320Z x iPhoneOS14.5.sdk/System/Library/PrivateFrameworks/AppNotificationsLoggingClient.framework/
2026-06-03T08:46:51.8406650Z x iPhoneOS14.5.sdk/System/Library/PrivateFrameworks/AppNotificationsLoggingClient.framework/AppNotificationsLoggingClient.tbd
2026-06-03T08:46:51.8406830Z x iPhoneOS14.5.sdk/System/Library/PrivateFrameworks/CompanionCamera.framework/
2026-06-03T08:46:51.8407060Z x iPhoneOS14.5.sdk/System/Library/PrivateFrameworks/CompanionCamera.framework/CompanionCamera.tbd
2026-06-03T08:46:51.8407200Z x iPhoneOS14.5.sdk/System/Library/PrivateFrameworks/FTAWD.framework/
2026-06-03T08:46:51.8407410Z x iPhoneOS14.5.sdk/System/Library/PrivateFrameworks/FTAWD.framework/FTAWD.tbd
2026-06-03T08:46:51.8407580Z x iPhoneOS14.5.sdk/System/Library/PrivateFrameworks/CoreNavigation.framework/
2026-06-03T08:46:51.8407810Z x iPhoneOS14.5.sdk/System/Library/PrivateFrameworks/CoreNavigation.framework/CoreNavigation.tbd
2026-06-03T08:46:51.8407980Z x iPhoneOS14.5.sdk/System/Library/PrivateFrameworks/GameKitServices.framework/
2026-06-03T08:46:51.8408210Z x iPhoneOS14.5.sdk/System/Library/PrivateFrameworks/GameKitServices.framework/GameKitServices.tbd
2026-06-03T08:46:51.8408370Z x iPhoneOS14.5.sdk/System/Library/PrivateFrameworks/UIKitServices.framework/
2026-06-03T08:46:51.8408590Z x iPhoneOS14.5.sdk/System/Library/PrivateFrameworks/UIKitServices.framework/UIKitServices.tbd
2026-06-03T08:46:51.8408760Z x iPhoneOS14.5.sdk/System/Library/PrivateFrameworks/BarcodeSupport.framework/
2026-06-03T08:46:51.8408980Z x iPhoneOS14.5.sdk/System/Library/PrivateFrameworks/BarcodeSupport.framework/BarcodeSupport.tbd
2026-06-03T08:46:51.8409170Z x iPhoneOS14.5.sdk/System/Library/PrivateFrameworks/AppPredictionClient.framework/
2026-06-03T08:46:51.8409440Z x iPhoneOS14.5.sdk/System/Library/PrivateFrameworks/AppPredictionClient.framework/AppPredictionClient.tbd
2026-06-03T08:46:51.8409620Z x iPhoneOS14.5.sdk/System/Library/PrivateFrameworks/MediaServicesBroker.framework/
2026-06-03T08:46:51.8409880Z x iPhoneOS14.5.sdk/System/Library/PrivateFrameworks/MediaServicesBroker.framework/MediaServicesBroker.tbd
2026-06-03T08:46:51.8410030Z x iPhoneOS14.5.sdk/System/Library/PrivateFrameworks/CertUI.framework/
2026-06-03T08:46:51.8410260Z x iPhoneOS14.5.sdk/System/Library/PrivateFrameworks/CertUI.framework/CertUI.tbd
2026-06-03T08:46:51.8410460Z x iPhoneOS14.5.sdk/System/Library/PrivateFrameworks/ProactiveCDNDownloader.framework/
2026-06-03T08:46:51.8410960Z x iPhoneOS14.5.sdk/System/Library/PrivateFrameworks/ProactiveCDNDownloader.framework/ProactiveCDNDownloader.tbd
2026-06-03T08:46:51.8411140Z x iPhoneOS14.5.sdk/System/Library/PrivateFrameworks/SyncedDefaults.framework/
2026-06-03T08:46:51.8411370Z x iPhoneOS14.5.sdk/System/Library/PrivateFrameworks/SyncedDefaults.framework/SyncedDefaults.tbd
2026-06-03T08:46:51.8411550Z x iPhoneOS14.5.sdk/System/Library/PrivateFrameworks/BiomeFoundation.framework/
2026-06-03T08:46:51.8411790Z x iPhoneOS14.5.sdk/System/Library/PrivateFrameworks/BiomeFoundation.framework/BiomeFoundation.tbd
2026-06-03T08:46:51.8411970Z x iPhoneOS14.5.sdk/System/Library/PrivateFrameworks/SearchToShareCore.framework/
2026-06-03T08:46:51.8412210Z x iPhoneOS14.5.sdk/System/Library/PrivateFrameworks/SearchToShareCore.framework/SearchToShareCore.tbd
2026-06-03T08:46:51.8412370Z x iPhoneOS14.5.sdk/System/Library/PrivateFrameworks/ClassroomKit.framework/
2026-06-03T08:46:51.8412580Z x iPhoneOS14.5.sdk/System/Library/PrivateFrameworks/ClassroomKit.framework/ClassroomKit.tbd
2026-06-03T08:46:51.8412780Z x iPhoneOS14.5.sdk/System/Library/PrivateFrameworks/AnnounceSiriExtensions.framework/
2026-06-03T08:46:51.8413070Z x iPhoneOS14.5.sdk/System/Library/PrivateFrameworks/AnnounceSiriExtensions.framework/AnnounceSiriExtensions.tbd
2026-06-03T08:46:51.8413320Z x iPhoneOS14.5.sdk/System/Library/PrivateFrameworks/AirTraffic.framework/
2026-06-03T08:46:51.8413530Z x iPhoneOS14.5.sdk/System/Library/PrivateFrameworks/AirTraffic.framework/AirTraffic.tbd
2026-06-03T08:46:51.8413690Z x iPhoneOS14.5.sdk/System/Library/PrivateFrameworks/CoreKnowledge.framework/
2026-06-03T08:46:51.8413970Z x iPhoneOS14.5.sdk/System/Library/PrivateFrameworks/CoreKnowledge.framework/CoreKnowledge.tbd
2026-06-03T08:46:51.8414240Z x iPhoneOS14.5.sdk/System/Library/PrivateFrameworks/MusicLibrary.framework/
2026-06-03T08:46:51.8414450Z x iPhoneOS14.5.sdk/System/Library/PrivateFrameworks/MusicLibrary.framework/MusicLibrary.tbd
2026-06-03T08:46:51.8414610Z x iPhoneOS14.5.sdk/System/Library/PrivateFrameworks/NewsAppKit.framework/
2026-06-03T08:46:51.8414800Z x iPhoneOS14.5.sdk/System/Library/PrivateFrameworks/NewsAppKit.framework/NewsAppKit.tbd
2026-06-03T08:46:51.8415110Z x iPhoneOS14.5.sdk/System/Library/PrivateFrameworks/MessagesBlastDoorSupport.framework/
2026-06-03T08:46:51.8415520Z x iPhoneOS14.5.sdk/System/Library/PrivateFrameworks/MessagesBlastDoorSupport.framework/MessagesBlastDoorSupport.tbd
2026-06-03T08:46:51.8415750Z x iPhoneOS14.5.sdk/System/Library/PrivateFrameworks/VoiceTrigger.framework/
2026-06-03T08:46:51.8416010Z x iPhoneOS14.5.sdk/System/Library/PrivateFrameworks/VoiceTrigger.framework/VoiceTrigger.tbd
2026-06-03T08:46:51.8416140Z x iPhoneOS14.5.sdk/System/Library/PrivateFrameworks/Stocks/
2026-06-03T08:46:51.8416380Z x iPhoneOS14.5.sdk/System/Library/PrivateFrameworks/Stocks/StocksAnalytics.framework/
2026-06-03T08:46:51.8416670Z x iPhoneOS14.5.sdk/System/Library/PrivateFrameworks/Stocks/StocksAnalytics.framework/StocksAnalytics.tbd
2026-06-03T08:46:51.8419420Z x iPhoneOS14.5.sdk/System/Library/PrivateFrameworks/Stocks/StocksUI.framework/
2026-06-03T08:46:51.8419690Z x iPhoneOS14.5.sdk/System/Library/PrivateFrameworks/Stocks/StocksUI.framework/StocksUI.tbd
2026-06-03T08:46:51.8419890Z x iPhoneOS14.5.sdk/System/Library/PrivateFrameworks/Stocks/Snappy.framework/
2026-06-03T08:46:51.8420100Z x iPhoneOS14.5.sdk/System/Library/PrivateFrameworks/Stocks/Snappy.framework/Snappy.tbd
2026-06-03T08:46:51.8420300Z x iPhoneOS14.5.sdk/System/Library/PrivateFrameworks/Stocks/StocksCore.framework/
2026-06-03T08:46:51.8420580Z x iPhoneOS14.5.sdk/System/Library/PrivateFrameworks/Stocks/StocksCore.framework/StocksCore.tbd
2026-06-03T08:46:51.8420850Z x iPhoneOS14.5.sdk/System/Library/PrivateFrameworks/SafariSafeBrowsing.framework/
2026-06-03T08:46:51.8421160Z x iPhoneOS14.5.sdk/System/Library/PrivateFrameworks/SafariSafeBrowsing.framework/SafariSafeBrowsing.tbd
2026-06-03T08:46:51.8421380Z x iPhoneOS14.5.sdk/System/Library/PrivateFrameworks/AppleFirmwareUpdate.framework/
2026-06-03T08:46:51.8421890Z x iPhoneOS14.5.sdk/System/Library/PrivateFrameworks/AppleFirmwareUpdate.framework/AppleFirmwareUpdate.tbd
2026-06-03T08:46:51.8422120Z x iPhoneOS14.5.sdk/System/Library/PrivateFrameworks/SymptomDiagnosticReporter.framework/
2026-06-03T08:46:51.8422470Z x iPhoneOS14.5.sdk/System/Library/PrivateFrameworks/SymptomDiagnosticReporter.framework/SymptomDiagnosticReporter.tbd
2026-06-03T08:46:51.8422730Z x iPhoneOS14.5.sdk/System/Library/PrivateFrameworks/OTSVG.framework/
2026-06-03T08:46:51.8422910Z x iPhoneOS14.5.sdk/System/Library/PrivateFrameworks/OTSVG.framework/OTSVG.tbd
2026-06-03T08:46:51.8423090Z x iPhoneOS14.5.sdk/System/Library/PrivateFrameworks/ContactsFoundation.framework/
2026-06-03T08:46:51.8423380Z x iPhoneOS14.5.sdk/System/Library/PrivateFrameworks/ContactsFoundation.framework/ContactsFoundation.tbd
2026-06-03T08:46:51.8423560Z x iPhoneOS14.5.sdk/System/Library/PrivateFrameworks/PhysicsKit.framework/
2026-06-03T08:46:51.8423780Z x iPhoneOS14.5.sdk/System/Library/PrivateFrameworks/PhysicsKit.framework/PhysicsKit.tbd
2026-06-03T08:46:51.8423980Z x iPhoneOS14.5.sdk/System/Library/PrivateFrameworks/TextInput.framework/
2026-06-03T08:46:51.8424200Z x iPhoneOS14.5.sdk/System/Library/PrivateFrameworks/TextInput.framework/TextInput.tbd
2026-06-03T08:46:51.8424500Z x iPhoneOS14.5.sdk/System/Library/PrivateFrameworks/CloudDocsDaemon.framework/
2026-06-03T08:46:51.8424760Z x iPhoneOS14.5.sdk/System/Library/PrivateFrameworks/CloudDocsDaemon.framework/CloudDocsDaemon.tbd
2026-06-03T08:46:51.8424920Z x iPhoneOS14.5.sdk/System/Library/PrivateFrameworks/CourseKit.framework/
2026-06-03T08:46:51.8425130Z x iPhoneOS14.5.sdk/System/Library/PrivateFrameworks/CourseKit.framework/CourseKit.tbd
2026-06-03T08:46:51.8425300Z x iPhoneOS14.5.sdk/System/Library/PrivateFrameworks/CMCapture.framework/
2026-06-03T08:46:51.8425490Z x iPhoneOS14.5.sdk/System/Library/PrivateFrameworks/CMCapture.framework/CMCapture.tbd
2026-06-03T08:46:51.8425690Z x iPhoneOS14.5.sdk/System/Library/PrivateFrameworks/AccessibilityFocusEngine.framework/
2026-06-03T08:46:51.8426020Z x iPhoneOS14.5.sdk/System/Library/PrivateFrameworks/AccessibilityFocusEngine.framework/AccessibilityFocusEngine.tbd
2026-06-03T08:46:51.8426310Z x iPhoneOS14.5.sdk/System/Library/PrivateFrameworks/ZhuGeSupport.framework/
2026-06-03T08:46:51.8426530Z x iPhoneOS14.5.sdk/System/Library/PrivateFrameworks/ZhuGeSupport.framework/ZhuGeSupport.tbd
2026-06-03T08:46:51.8426720Z x iPhoneOS14.5.sdk/System/Library/PrivateFrameworks/PersistentConnection.framework/
2026-06-03T08:46:51.8427000Z x iPhoneOS14.5.sdk/System/Library/PrivateFrameworks/PersistentConnection.framework/PersistentConnection.tbd
2026-06-03T08:46:51.8427180Z x iPhoneOS14.5.sdk/System/Library/PrivateFrameworks/MediaSafetyNet.framework/
2026-06-03T08:46:51.8427400Z x iPhoneOS14.5.sdk/System/Library/PrivateFrameworks/MediaSafetyNet.framework/MediaSafetyNet.tbd
2026-06-03T08:46:51.8427580Z x iPhoneOS14.5.sdk/System/Library/PrivateFrameworks/HealthDaemon.framework/
2026-06-03T08:46:51.8427800Z x iPhoneOS14.5.sdk/System/Library/PrivateFrameworks/HealthDaemon.framework/HealthDaemon.tbd
2026-06-03T08:46:51.8428150Z x iPhoneOS14.5.sdk/System/Library/PrivateFrameworks/CompanionSync.framework/
2026-06-03T08:46:51.8428380Z x iPhoneOS14.5.sdk/System/Library/PrivateFrameworks/CompanionSync.framework/CompanionSync.tbd
2026-06-03T08:46:51.8428540Z x iPhoneOS14.5.sdk/System/Library/PrivateFrameworks/CoreGPSTest.framework/
2026-06-03T08:46:51.8428750Z x iPhoneOS14.5.sdk/System/Library/PrivateFrameworks/CoreGPSTest.framework/CoreGPSTest.tbd
2026-06-03T08:46:51.8428920Z x iPhoneOS14.5.sdk/System/Library/PrivateFrameworks/SoundAutoConfig.framework/
2026-06-03T08:46:51.8429150Z x iPhoneOS14.5.sdk/System/Library/PrivateFrameworks/SoundAutoConfig.framework/SoundAutoConfig.tbd
2026-06-03T08:46:51.8429320Z x iPhoneOS14.5.sdk/System/Library/PrivateFrameworks/BehaviorMiner.framework/
2026-06-03T08:46:51.8429930Z x iPhoneOS14.5.sdk/System/Library/PrivateFrameworks/BehaviorMiner.framework/BehaviorMiner.tbd
2026-06-03T08:46:51.8430350Z x iPhoneOS14.5.sdk/System/Library/PrivateFrameworks/AccountsDaemon.framework/
2026-06-03T08:46:51.8430590Z x iPhoneOS14.5.sdk/System/Library/PrivateFrameworks/AccountsDaemon.framework/AccountsDaemon.tbd
2026-06-03T08:46:51.8430950Z x iPhoneOS14.5.sdk/System/Library/PrivateFrameworks/Trial.framework/
2026-06-03T08:46:51.8431120Z x iPhoneOS14.5.sdk/System/Library/PrivateFrameworks/Trial.framework/Trial.tbd
2026-06-03T08:46:51.8431430Z x iPhoneOS14.5.sdk/System/Library/PrivateFrameworks/AXAggregateStatisticsServices.framework/
2026-06-03T08:46:51.8431780Z x iPhoneOS14.5.sdk/System/Library/PrivateFrameworks/AXAggregateStatisticsServices.framework/AXAggregateStatisticsServices.tbd
2026-06-03T08:46:51.8431960Z x iPhoneOS14.5.sdk/System/Library/PrivateFrameworks/PeopleSuggester.framework/
2026-06-03T08:46:51.8432200Z x iPhoneOS14.5.sdk/System/Library/PrivateFrameworks/PeopleSuggester.framework/PeopleSuggester.tbd
2026-06-03T08:46:51.8432390Z x iPhoneOS14.5.sdk/System/Library/PrivateFrameworks/PhotoLibraryServices.framework/
2026-06-03T08:46:51.8432670Z x iPhoneOS14.5.sdk/System/Library/PrivateFrameworks/PhotoLibraryServices.framework/PhotoLibraryServices.tbd
2026-06-03T08:46:51.8432880Z x iPhoneOS14.5.sdk/System/Library/PrivateFrameworks/SiriPlaybackControlIntents.framework/
2026-06-03T08:46:51.8433290Z x iPhoneOS14.5.sdk/System/Library/PrivateFrameworks/SiriPlaybackControlIntents.framework/SiriPlaybackControlIntents.tbd
2026-06-03T08:46:51.8433450Z x iPhoneOS14.5.sdk/System/Library/PrivateFrameworks/ClassKitUI.framework/
2026-06-03T08:46:51.8433660Z x iPhoneOS14.5.sdk/System/Library/PrivateFrameworks/ClassKitUI.framework/ClassKitUI.tbd
2026-06-03T08:46:51.8433810Z x iPhoneOS14.5.sdk/System/Library/PrivateFrameworks/CoreCDPUI.framework/
2026-06-03T08:46:51.8434000Z x iPhoneOS14.5.sdk/System/Library/PrivateFrameworks/CoreCDPUI.framework/CoreCDPUI.tbd
2026-06-03T08:46:51.8434180Z x iPhoneOS14.5.sdk/System/Library/PrivateFrameworks/MobileBluetooth.framework/
2026-06-03T08:46:51.8434420Z x iPhoneOS14.5.sdk/System/Library/PrivateFrameworks/MobileBluetooth.framework/MobileBluetooth.tbd
2026-06-03T08:46:51.8434610Z x iPhoneOS14.5.sdk/System/Library/PrivateFrameworks/GenerationalStorage.framework/
2026-06-03T08:46:51.8434940Z x iPhoneOS14.5.sdk/System/Library/PrivateFrameworks/GenerationalStorage.framework/GenerationalStorage.tbd
2026-06-03T08:46:51.8435150Z x iPhoneOS14.5.sdk/System/Library/PrivateFrameworks/HomeRecommendationEngine.framework/
2026-06-03T08:46:51.8435450Z x iPhoneOS14.5.sdk/System/Library/PrivateFrameworks/HomeRecommendationEngine.framework/HomeRecommendationEngine.tbd
2026-06-03T08:46:51.8435610Z x iPhoneOS14.5.sdk/System/Library/PrivateFrameworks/LegacyGameKit.framework/
2026-06-03T08:46:51.8435920Z x iPhoneOS14.5.sdk/System/Library/PrivateFrameworks/LegacyGameKit.framework/LegacyGameKit.tbd
2026-06-03T08:46:51.8436080Z x iPhoneOS14.5.sdk/System/Library/PrivateFrameworks/MusicStoreUI.framework/
2026-06-03T08:46:51.8436300Z x iPhoneOS14.5.sdk/System/Library/PrivateFrameworks/MusicStoreUI.framework/MusicStoreUI.tbd
2026-06-03T08:46:51.8436530Z x iPhoneOS14.5.sdk/System/Library/PrivateFrameworks/USDKit.framework/
2026-06-03T08:46:51.8436700Z x iPhoneOS14.5.sdk/System/Library/PrivateFrameworks/USDKit.framework/USDKit.tbd
2026-06-03T08:46:51.8436870Z x iPhoneOS14.5.sdk/System/Library/PrivateFrameworks/iMessageApps.framework/
2026-06-03T08:46:51.8437080Z x iPhoneOS14.5.sdk/System/Library/PrivateFrameworks/iMessageApps.framework/iMessageApps.tbd
2026-06-03T08:46:51.8437240Z x iPhoneOS14.5.sdk/System/Library/PrivateFrameworks/HearingUI.framework/
2026-06-03T08:46:51.8437510Z x iPhoneOS14.5.sdk/System/Library/PrivateFrameworks/HearingUI.framework/HearingUI.tbd
2026-06-03T08:46:51.8437700Z x iPhoneOS14.5.sdk/System/Library/PrivateFrameworks/SpringBoardUIServices.framework/
2026-06-03T08:46:51.8437980Z x iPhoneOS14.5.sdk/System/Library/PrivateFrameworks/SpringBoardUIServices.framework/SpringBoardUIServices.tbd
2026-06-03T08:46:51.8438170Z x iPhoneOS14.5.sdk/System/Library/PrivateFrameworks/NanoResourceGrabber.framework/
2026-06-03T08:46:51.8438530Z x iPhoneOS14.5.sdk/System/Library/PrivateFrameworks/NanoResourceGrabber.framework/NanoResourceGrabber.tbd
2026-06-03T08:46:51.8438750Z x iPhoneOS14.5.sdk/System/Library/PrivateFrameworks/AppSSO.framework/
2026-06-03T08:46:51.8438930Z x iPhoneOS14.5.sdk/System/Library/PrivateFrameworks/AppSSO.framework/AppSSO.tbd
2026-06-03T08:46:51.8439090Z x iPhoneOS14.5.sdk/System/Library/PrivateFrameworks/TeaUIKit.framework/
2026-06-03T08:46:51.8439270Z x iPhoneOS14.5.sdk/System/Library/PrivateFrameworks/TeaUIKit.framework/TeaUIKit.tbd
2026-06-03T08:46:51.8440220Z x iPhoneOS14.5.sdk/System/Library/PrivateFrameworks/SpotlightReceiver.framework/
2026-06-03T08:46:51.8440470Z x iPhoneOS14.5.sdk/System/Library/PrivateFrameworks/SpotlightReceiver.framework/SpotlightReceiver.tbd
2026-06-03T08:46:51.8440630Z x iPhoneOS14.5.sdk/System/Library/PrivateFrameworks/iAdServices.framework/
2026-06-03T08:46:51.8440830Z x iPhoneOS14.5.sdk/System/Library/PrivateFrameworks/iAdServices.framework/iAdServices.tbd
2026-06-03T08:46:51.8441000Z x iPhoneOS14.5.sdk/System/Library/PrivateFrameworks/PhotosUIApps.framework/
2026-06-03T08:46:51.8441220Z x iPhoneOS14.5.sdk/System/Library/PrivateFrameworks/PhotosUIApps.framework/PhotosUIApps.tbd
2026-06-03T08:46:51.8441410Z x iPhoneOS14.5.sdk/System/Library/PrivateFrameworks/SharingXPCServices.framework/
2026-06-03T08:46:51.8441710Z x iPhoneOS14.5.sdk/System/Library/PrivateFrameworks/SharingXPCServices.framework/SharingXPCServices.tbd
2026-06-03T08:46:51.8441890Z x iPhoneOS14.5.sdk/System/Library/PrivateFrameworks/HardwareSupport.framework/
2026-06-03T08:46:51.8442130Z x iPhoneOS14.5.sdk/System/Library/PrivateFrameworks/HardwareSupport.framework/HardwareSupport.tbd
2026-06-03T08:46:51.8442310Z x iPhoneOS14.5.sdk/System/Library/PrivateFrameworks/SiriSettingsIntents.framework/
2026-06-03T08:46:51.8442580Z x iPhoneOS14.5.sdk/System/Library/PrivateFrameworks/SiriSettingsIntents.framework/SiriSettingsIntents.tbd
2026-06-03T08:46:51.8442750Z x iPhoneOS14.5.sdk/System/Library/PrivateFrameworks/AppSSOKerberos.framework/
2026-06-03T08:46:51.8442980Z x iPhoneOS14.5.sdk/System/Library/PrivateFrameworks/AppSSOKerberos.framework/AppSSOKerberos.tbd
2026-06-03T08:46:51.8443130Z x iPhoneOS14.5.sdk/System/Library/PrivateFrameworks/Espresso.framework/
2026-06-03T08:46:51.8443360Z x iPhoneOS14.5.sdk/System/Library/PrivateFrameworks/Espresso.framework/Espresso.tbd
2026-06-03T08:46:51.8443550Z x iPhoneOS14.5.sdk/System/Library/PrivateFrameworks/Espresso.framework/Frameworks/
2026-06-03T08:46:51.8443850Z x iPhoneOS14.5.sdk/System/Library/PrivateFrameworks/Espresso.framework/Frameworks/LoopKitGeneratedKernels.framework/
2026-06-03T08:46:51.8444230Z x iPhoneOS14.5.sdk/System/Library/PrivateFrameworks/Espresso.framework/Frameworks/LoopKitGeneratedKernels.framework/LoopKitGeneratedKernels.tbd
2026-06-03T08:46:51.8444380Z x iPhoneOS14.5.sdk/System/Library/PrivateFrameworks/WiFiKit.framework/
2026-06-03T08:46:51.8444560Z x iPhoneOS14.5.sdk/System/Library/PrivateFrameworks/WiFiKit.framework/WiFiKit.tbd
2026-06-03T08:46:51.8444730Z x iPhoneOS14.5.sdk/System/Library/PrivateFrameworks/TinCanShared.framework/
2026-06-03T08:46:51.8444990Z x iPhoneOS14.5.sdk/System/Library/PrivateFrameworks/TinCanShared.framework/TinCanShared.tbd
2026-06-03T08:46:51.8445190Z x iPhoneOS14.5.sdk/System/Library/PrivateFrameworks/SiriContactsIntents.framework/
2026-06-03T08:46:51.8445460Z x iPhoneOS14.5.sdk/System/Library/PrivateFrameworks/SiriContactsIntents.framework/SiriContactsIntents.tbd
2026-06-03T08:46:51.8445610Z x iPhoneOS14.5.sdk/System/Library/PrivateFrameworks/MaterialKit.framework/
2026-06-03T08:46:51.8445820Z x iPhoneOS14.5.sdk/System/Library/PrivateFrameworks/MaterialKit.framework/MaterialKit.tbd
2026-06-03T08:46:51.8445980Z x iPhoneOS14.5.sdk/System/Library/PrivateFrameworks/AppAnalytics.framework/
2026-06-03T08:46:51.8446190Z x iPhoneOS14.5.sdk/System/Library/PrivateFrameworks/AppAnalytics.framework/AppAnalytics.tbd
2026-06-03T08:46:51.8446360Z x iPhoneOS14.5.sdk/System/Library/PrivateFrameworks/NewsFoundation.framework/
2026-06-03T08:46:51.8446650Z x iPhoneOS14.5.sdk/System/Library/PrivateFrameworks/NewsFoundation.framework/NewsFoundation.tbd
2026-06-03T08:46:51.8446850Z x iPhoneOS14.5.sdk/System/Library/PrivateFrameworks/ReminderMigration.framework/
2026-06-03T08:46:51.8447110Z x iPhoneOS14.5.sdk/System/Library/PrivateFrameworks/ReminderMigration.framework/ReminderMigration.tbd
2026-06-03T08:46:51.8447290Z x iPhoneOS14.5.sdk/System/Library/PrivateFrameworks/CoreCDPUIInternal.framework/
2026-06-03T08:46:51.8447530Z x iPhoneOS14.5.sdk/System/Library/PrivateFrameworks/CoreCDPUIInternal.framework/CoreCDPUIInternal.tbd
2026-06-03T08:46:51.8447730Z x iPhoneOS14.5.sdk/System/Library/PrivateFrameworks/ProactiveContextClient.framework/
2026-06-03T08:46:51.8448020Z x iPhoneOS14.5.sdk/System/Library/PrivateFrameworks/ProactiveContextClient.framework/ProactiveContextClient.tbd
2026-06-03T08:46:51.8448190Z x iPhoneOS14.5.sdk/System/Library/PrivateFrameworks/DeviceIdentity.framework/
2026-06-03T08:46:51.8448420Z x iPhoneOS14.5.sdk/System/Library/PrivateFrameworks/DeviceIdentity.framework/DeviceIdentity.tbd
2026-06-03T08:46:51.8448590Z x iPhoneOS14.5.sdk/System/Library/PrivateFrameworks/CoreFollowUp.framework/
2026-06-03T08:46:51.8448810Z x iPhoneOS14.5.sdk/System/Library/PrivateFrameworks/CoreFollowUp.framework/CoreFollowUp.tbd
2026-06-03T08:46:51.8449030Z x iPhoneOS14.5.sdk/System/Library/PrivateFrameworks/SiriActivation.framework/
2026-06-03T08:46:51.8449270Z x iPhoneOS14.5.sdk/System/Library/PrivateFrameworks/SiriActivation.framework/SiriActivation.tbd
2026-06-03T08:46:51.8449460Z x iPhoneOS14.5.sdk/System/Library/PrivateFrameworks/BusinessChatService.framework/
2026-06-03T08:46:51.8449720Z x iPhoneOS14.5.sdk/System/Library/PrivateFrameworks/BusinessChatService.framework/BusinessChatService.tbd
2026-06-03T08:46:51.8449900Z x iPhoneOS14.5.sdk/System/Library/PrivateFrameworks/EmbeddedDataReset.framework/
2026-06-03T08:46:51.8450150Z x iPhoneOS14.5.sdk/System/Library/PrivateFrameworks/EmbeddedDataReset.framework/EmbeddedDataReset.tbd
2026-06-03T08:46:51.8450300Z x iPhoneOS14.5.sdk/System/Library/PrivateFrameworks/BioKitAggD.framework/
2026-06-03T08:46:51.8450500Z x iPhoneOS14.5.sdk/System/Library/PrivateFrameworks/BioKitAggD.framework/BioKitAggD.tbd
2026-06-03T08:46:51.8450730Z x iPhoneOS14.5.sdk/System/Library/PrivateFrameworks/RemindersToolbox.framework/
2026-06-03T08:46:51.8450970Z x iPhoneOS14.5.sdk/System/Library/PrivateFrameworks/RemindersToolbox.framework/RemindersToolbox.tbd
2026-06-03T08:46:51.8451130Z x iPhoneOS14.5.sdk/System/Library/PrivateFrameworks/PlatterKit.framework/
2026-06-03T08:46:51.8451320Z x iPhoneOS14.5.sdk/System/Library/PrivateFrameworks/PlatterKit.framework/PlatterKit.tbd
2026-06-03T08:46:51.8451490Z x iPhoneOS14.5.sdk/System/Library/PrivateFrameworks/MorphunSwift.framework/
2026-06-03T08:46:51.8451700Z x iPhoneOS14.5.sdk/System/Library/PrivateFrameworks/MorphunSwift.framework/MorphunSwift.tbd
2026-06-03T08:46:51.8451880Z x iPhoneOS14.5.sdk/System/Library/PrivateFrameworks/NanoAppRegistry.framework/
2026-06-03T08:46:51.8452220Z x iPhoneOS14.5.sdk/System/Library/PrivateFrameworks/NanoAppRegistry.framework/NanoAppRegistry.tbd
2026-06-03T08:46:51.8452410Z x iPhoneOS14.5.sdk/System/Library/PrivateFrameworks/PairedUnlock.framework/
2026-06-03T08:46:51.8452640Z x iPhoneOS14.5.sdk/System/Library/PrivateFrameworks/PairedUnlock.framework/PairedUnlock.tbd
2026-06-03T08:46:51.8452850Z x iPhoneOS14.5.sdk/System/Library/PrivateFrameworks/PowerlogDatabaseReader.framework/
2026-06-03T08:46:51.8453150Z x iPhoneOS14.5.sdk/System/Library/PrivateFrameworks/PowerlogDatabaseReader.framework/PowerlogDatabaseReader.tbd
2026-06-03T08:46:51.8453330Z x iPhoneOS14.5.sdk/System/Library/PrivateFrameworks/HearingCore.framework/
2026-06-03T08:46:51.8453540Z x iPhoneOS14.5.sdk/System/Library/PrivateFrameworks/HearingCore.framework/HearingCore.tbd
2026-06-03T08:46:51.8453710Z x iPhoneOS14.5.sdk/System/Library/PrivateFrameworks/VisualPairing.framework/
2026-06-03T08:46:51.8453990Z x iPhoneOS14.5.sdk/System/Library/PrivateFrameworks/VisualPairing.framework/VisualPairing.tbd
2026-06-03T08:46:51.8454240Z x iPhoneOS14.5.sdk/System/Library/PrivateFrameworks/SpotlightUI.framework/
2026-06-03T08:46:51.8454450Z x iPhoneOS14.5.sdk/System/Library/PrivateFrameworks/SpotlightUI.framework/SpotlightUI.tbd
2026-06-03T08:46:51.8454600Z x iPhoneOS14.5.sdk/System/Library/PrivateFrameworks/ChronoKit.framework/
2026-06-03T08:46:51.8454790Z x iPhoneOS14.5.sdk/System/Library/PrivateFrameworks/ChronoKit.framework/ChronoKit.tbd
2026-06-03T08:46:51.8455140Z x iPhoneOS14.5.sdk/System/Library/PrivateFrameworks/ManagedConfigurationUI.framework/
2026-06-03T08:46:51.8455430Z x iPhoneOS14.5.sdk/System/Library/PrivateFrameworks/ManagedConfigurationUI.framework/ManagedConfigurationUI.tbd
2026-06-03T08:46:51.8455590Z x iPhoneOS14.5.sdk/System/Library/PrivateFrameworks/SystemStatus.framework/
2026-06-03T08:46:51.8455800Z x iPhoneOS14.5.sdk/System/Library/PrivateFrameworks/SystemStatus.framework/SystemStatus.tbd
2026-06-03T08:46:51.8455950Z x iPhoneOS14.5.sdk/System/Library/PrivateFrameworks/SearchAds.framework/
2026-06-03T08:46:51.8456150Z x iPhoneOS14.5.sdk/System/Library/PrivateFrameworks/SearchAds.framework/SearchAds.tbd
2026-06-03T08:46:51.8456300Z x iPhoneOS14.5.sdk/System/Library/PrivateFrameworks/WiFiPolicy.framework/
2026-06-03T08:46:51.8456500Z x iPhoneOS14.5.sdk/System/Library/PrivateFrameworks/WiFiPolicy.framework/WiFiPolicy.tbd
2026-06-03T08:46:51.8456910Z x iPhoneOS14.5.sdk/System/Library/PrivateFrameworks/RunningBoardServices.framework/
2026-06-03T08:46:51.8457210Z x iPhoneOS14.5.sdk/System/Library/PrivateFrameworks/RunningBoardServices.framework/RunningBoardServices.tbd
2026-06-03T08:46:51.8457380Z x iPhoneOS14.5.sdk/System/Library/PrivateFrameworks/FTClientServices.framework/
2026-06-03T08:46:51.8457620Z x iPhoneOS14.5.sdk/System/Library/PrivateFrameworks/FTClientServices.framework/FTClientServices.tbd
2026-06-03T08:46:51.8457800Z x iPhoneOS14.5.sdk/System/Library/PrivateFrameworks/VoicemailStore.framework/
2026-06-03T08:46:51.8458040Z x iPhoneOS14.5.sdk/System/Library/PrivateFrameworks/VoicemailStore.framework/VoicemailStore.tbd
2026-06-03T08:46:51.8458210Z x iPhoneOS14.5.sdk/System/Library/PrivateFrameworks/TextToSpeech.framework/
2026-06-03T08:46:51.8458410Z x iPhoneOS14.5.sdk/System/Library/PrivateFrameworks/TextToSpeech.framework/Frameworks/
2026-06-03T08:46:51.8458800Z x iPhoneOS14.5.sdk/System/Library/PrivateFrameworks/TextToSpeech.framework/Frameworks/TextToSpeechBundleSupport.framework/
2026-06-03T08:46:51.8459210Z x iPhoneOS14.5.sdk/System/Library/PrivateFrameworks/TextToSpeech.framework/Frameworks/TextToSpeechBundleSupport.framework/TextToSpeechBundleSupport.tbd
2026-06-03T08:46:51.8459430Z x iPhoneOS14.5.sdk/System/Library/PrivateFrameworks/TextToSpeech.framework/TextToSpeech.tbd
2026-06-03T08:46:51.8459590Z x iPhoneOS14.5.sdk/System/Library/PrivateFrameworks/SeymourMedia.framework/
2026-06-03T08:46:51.8459800Z x iPhoneOS14.5.sdk/System/Library/PrivateFrameworks/SeymourMedia.framework/SeymourMedia.tbd
2026-06-03T08:46:51.8459950Z x iPhoneOS14.5.sdk/System/Library/PrivateFrameworks/CloudDocs.framework/
2026-06-03T08:46:51.8460220Z x iPhoneOS14.5.sdk/System/Library/PrivateFrameworks/CloudDocs.framework/CloudDocs.tbd
2026-06-03T08:46:51.8460410Z x iPhoneOS14.5.sdk/System/Library/PrivateFrameworks/AirTrafficDevice.framework/
2026-06-03T08:46:51.8460650Z x iPhoneOS14.5.sdk/System/Library/PrivateFrameworks/AirTrafficDevice.framework/AirTrafficDevice.tbd
2026-06-03T08:46:51.8460890Z x iPhoneOS14.5.sdk/System/Library/PrivateFrameworks/IntentsUICardKitProviderSupport.framework/
2026-06-03T08:46:51.8461240Z x iPhoneOS14.5.sdk/System/Library/PrivateFrameworks/IntentsUICardKitProviderSupport.framework/IntentsUICardKitProviderSupport.tbd
2026-06-03T08:46:51.8461390Z x iPhoneOS14.5.sdk/System/Library/PrivateFrameworks/AccountsUI.framework/
2026-06-03T08:46:51.8461590Z x iPhoneOS14.5.sdk/System/Library/PrivateFrameworks/AccountsUI.framework/AccountsUI.tbd
2026-06-03T08:46:51.8461750Z x iPhoneOS14.5.sdk/System/Library/PrivateFrameworks/iCloudQuotaUI.framework/
2026-06-03T08:46:51.8462030Z x iPhoneOS14.5.sdk/System/Library/PrivateFrameworks/iCloudQuotaUI.framework/iCloudQuotaUI.tbd
2026-06-03T08:46:51.8462180Z x iPhoneOS14.5.sdk/System/Library/PrivateFrameworks/Cards.framework/
2026-06-03T08:46:51.8462340Z x iPhoneOS14.5.sdk/System/Library/PrivateFrameworks/Cards.framework/Cards.tbd
2026-06-03T08:46:51.8462520Z x iPhoneOS14.5.sdk/System/Library/PrivateFrameworks/CoreAccessories.framework/
2026-06-03T08:46:51.8462740Z x iPhoneOS14.5.sdk/System/Library/PrivateFrameworks/CoreAccessories.framework/CoreAccessories.tbd
2026-06-03T08:46:51.8462900Z x iPhoneOS14.5.sdk/System/Library/PrivateFrameworks/XavierCore.framework/
2026-06-03T08:46:51.8463100Z x iPhoneOS14.5.sdk/System/Library/PrivateFrameworks/XavierCore.framework/XavierCore.tbd
2026-06-03T08:46:51.8463290Z x iPhoneOS14.5.sdk/System/Library/PrivateFrameworks/ReminderKitInternal.framework/
2026-06-03T08:46:51.8463550Z x iPhoneOS14.5.sdk/System/Library/PrivateFrameworks/ReminderKitInternal.framework/ReminderKitInternal.tbd
2026-06-03T08:46:51.8463710Z x iPhoneOS14.5.sdk/System/Library/PrivateFrameworks/CoreDuetSync.framework/
2026-06-03T08:46:51.8463930Z x iPhoneOS14.5.sdk/System/Library/PrivateFrameworks/CoreDuetSync.framework/CoreDuetSync.tbd
2026-06-03T08:46:51.8464110Z x iPhoneOS14.5.sdk/System/Library/PrivateFrameworks/RemoteConfiguration.framework/
2026-06-03T08:46:51.8464410Z x iPhoneOS14.5.sdk/System/Library/PrivateFrameworks/RemoteConfiguration.framework/RemoteConfiguration.tbd
2026-06-03T08:46:51.8464630Z x iPhoneOS14.5.sdk/System/Library/PrivateFrameworks/ScreenReaderBrailleDriver.framework/
2026-06-03T08:46:51.8464940Z x iPhoneOS14.5.sdk/System/Library/PrivateFrameworks/ScreenReaderBrailleDriver.framework/ScreenReaderBrailleDriver.tbd
2026-06-03T08:46:51.8465100Z x iPhoneOS14.5.sdk/System/Library/PrivateFrameworks/CaptiveNetwork.framework/
2026-06-03T08:46:51.8465330Z x iPhoneOS14.5.sdk/System/Library/PrivateFrameworks/CaptiveNetwork.framework/CaptiveNetwork.tbd
2026-06-03T08:46:51.8465500Z x iPhoneOS14.5.sdk/System/Library/PrivateFrameworks/AXCoreUtilities.framework/
2026-06-03T08:46:51.8465740Z x iPhoneOS14.5.sdk/System/Library/PrivateFrameworks/AXCoreUtilities.framework/AXCoreUtilities.tbd
2026-06-03T08:46:51.8466030Z x iPhoneOS14.5.sdk/System/Library/PrivateFrameworks/AppleJPEG.framework/
2026-06-03T08:46:51.8466470Z x iPhoneOS14.5.sdk/System/Library/PrivateFrameworks/AppleJPEG.framework/AppleJPEG.tbd
2026-06-03T08:46:51.8466620Z x iPhoneOS14.5.sdk/System/Library/PrivateFrameworks/kperfdata.framework/
2026-06-03T08:46:51.8466810Z x iPhoneOS14.5.sdk/System/Library/PrivateFrameworks/kperfdata.framework/kperfdata.tbd
2026-06-03T08:46:51.8467020Z x iPhoneOS14.5.sdk/System/Library/PrivateFrameworks/NewsDaemon.framework/
2026-06-03T08:46:51.8467220Z x iPhoneOS14.5.sdk/System/Library/PrivateFrameworks/NewsDaemon.framework/NewsDaemon.tbd
2026-06-03T08:46:51.8467360Z x iPhoneOS14.5.sdk/System/Library/PrivateFrameworks/Proximity.framework/
2026-06-03T08:46:51.8467570Z x iPhoneOS14.5.sdk/System/Library/PrivateFrameworks/Proximity.framework/Proximity.tbd
2026-06-03T08:46:51.8467850Z x iPhoneOS14.5.sdk/System/Library/PrivateFrameworks/LanguageModeling.framework/
2026-06-03T08:46:51.8468100Z x iPhoneOS14.5.sdk/System/Library/PrivateFrameworks/LanguageModeling.framework/LanguageModeling.tbd
2026-06-03T08:46:51.8468280Z x iPhoneOS14.5.sdk/System/Library/PrivateFrameworks/PBBridgeSupport.framework/
2026-06-03T08:46:51.8468520Z x iPhoneOS14.5.sdk/System/Library/PrivateFrameworks/PBBridgeSupport.framework/PBBridgeSupport.tbd
2026-06-03T08:46:51.8468720Z x iPhoneOS14.5.sdk/System/Library/PrivateFrameworks/ProactiveWidgetTracker.framework/
2026-06-03T08:46:51.8469650Z x iPhoneOS14.5.sdk/System/Library/PrivateFrameworks/ProactiveWidgetTracker.framework/ProactiveWidgetTracker.tbd
2026-06-03T08:46:51.8469800Z x iPhoneOS14.5.sdk/System/Library/PrivateFrameworks/AVFCore.framework/
2026-06-03T08:46:51.8469980Z x iPhoneOS14.5.sdk/System/Library/PrivateFrameworks/AVFCore.framework/AVFCore.tbd
2026-06-03T08:46:51.8470160Z x iPhoneOS14.5.sdk/System/Library/PrivateFrameworks/NanoMediaBridgeUI.framework/
2026-06-03T08:46:51.8470510Z x iPhoneOS14.5.sdk/System/Library/PrivateFrameworks/NanoMediaBridgeUI.framework/NanoMediaBridgeUI.tbd
2026-06-03T08:46:51.8470660Z x iPhoneOS14.5.sdk/System/Library/PrivateFrameworks/ContextKit.framework/
2026-06-03T08:46:51.8470860Z x iPhoneOS14.5.sdk/System/Library/PrivateFrameworks/ContextKit.framework/ContextKit.tbd
2026-06-03T08:46:51.8471010Z x iPhoneOS14.5.sdk/System/Library/PrivateFrameworks/RenderBox.framework/
2026-06-03T08:46:51.8471200Z x iPhoneOS14.5.sdk/System/Library/PrivateFrameworks/RenderBox.framework/RenderBox.tbd
2026-06-03T08:46:51.8471420Z x iPhoneOS14.5.sdk/System/Library/PrivateFrameworks/DataDetectorsNaturalLanguage.framework/
2026-06-03T08:46:51.8471750Z x iPhoneOS14.5.sdk/System/Library/PrivateFrameworks/DataDetectorsNaturalLanguage.framework/DataDetectorsNaturalLanguage.tbd
2026-06-03T08:46:51.8471930Z x iPhoneOS14.5.sdk/System/Library/PrivateFrameworks/AppStoreFoundation.framework/
2026-06-03T08:46:51.8472200Z x iPhoneOS14.5.sdk/System/Library/PrivateFrameworks/AppStoreFoundation.framework/AppStoreFoundation.tbd
2026-06-03T08:46:51.8472390Z x iPhoneOS14.5.sdk/System/Library/PrivateFrameworks/PassKitUIFoundation.framework/
2026-06-03T08:46:51.8472650Z x iPhoneOS14.5.sdk/System/Library/PrivateFrameworks/PassKitUIFoundation.framework/PassKitUIFoundation.tbd
2026-06-03T08:46:51.8472940Z x iPhoneOS14.5.sdk/System/Library/PrivateFrameworks/ServiceManagement.framework/
2026-06-03T08:46:51.8473280Z x iPhoneOS14.5.sdk/System/Library/PrivateFrameworks/ServiceManagement.framework/ServiceManagement.tbd
2026-06-03T08:46:51.8473430Z x iPhoneOS14.5.sdk/System/Library/PrivateFrameworks/Catalyst.framework/
2026-06-03T08:46:51.8473620Z x iPhoneOS14.5.sdk/System/Library/PrivateFrameworks/Catalyst.framework/Catalyst.tbd
2026-06-03T08:46:51.8473790Z x iPhoneOS14.5.sdk/System/Library/PrivateFrameworks/MediaPlatform.framework/
2026-06-03T08:46:51.8474010Z x iPhoneOS14.5.sdk/System/Library/PrivateFrameworks/MediaPlatform.framework/MediaPlatform.tbd
2026-06-03T08:46:51.8474150Z x iPhoneOS14.5.sdk/System/Library/PrivateFrameworks/TipsUI.framework/
2026-06-03T08:46:51.8474330Z x iPhoneOS14.5.sdk/System/Library/PrivateFrameworks/TipsUI.framework/TipsUI.tbd
2026-06-03T08:46:51.8474630Z x iPhoneOS14.5.sdk/System/Library/PrivateFrameworks/ProactiveExperiments.framework/
2026-06-03T08:46:51.8474910Z x iPhoneOS14.5.sdk/System/Library/PrivateFrameworks/ProactiveExperiments.framework/ProactiveExperiments.tbd
2026-06-03T08:46:51.8475070Z x iPhoneOS14.5.sdk/System/Library/PrivateFrameworks/SchoolTime.framework/
2026-06-03T08:46:51.8475270Z x iPhoneOS14.5.sdk/System/Library/PrivateFrameworks/SchoolTime.framework/SchoolTime.tbd
2026-06-03T08:46:51.8475440Z x iPhoneOS14.5.sdk/System/Library/PrivateFrameworks/DataDetectorsUI.framework/
2026-06-03T08:46:51.8475670Z x iPhoneOS14.5.sdk/System/Library/PrivateFrameworks/DataDetectorsUI.framework/DataDetectorsUI.tbd
2026-06-03T08:46:51.8475820Z x iPhoneOS14.5.sdk/System/Library/PrivateFrameworks/libEDR.framework/
2026-06-03T08:46:51.8475990Z x iPhoneOS14.5.sdk/System/Library/PrivateFrameworks/libEDR.framework/libEDR.tbd
2026-06-03T08:46:51.8476220Z x iPhoneOS14.5.sdk/System/Library/PrivateFrameworks/HealthExperience.framework/
2026-06-03T08:46:51.8476470Z x iPhoneOS14.5.sdk/System/Library/PrivateFrameworks/HealthExperience.framework/HealthExperience.tbd
2026-06-03T08:46:51.8476640Z x iPhoneOS14.5.sdk/System/Library/PrivateFrameworks/FamilyCircle.framework/
2026-06-03T08:46:51.8476850Z x iPhoneOS14.5.sdk/System/Library/PrivateFrameworks/FamilyCircle.framework/FamilyCircle.tbd
2026-06-03T08:46:51.8477010Z x iPhoneOS14.5.sdk/System/Library/PrivateFrameworks/WiFiVelocity.framework/
2026-06-03T08:46:51.8477220Z x iPhoneOS14.5.sdk/System/Library/PrivateFrameworks/WiFiVelocity.framework/WiFiVelocity.tbd
2026-06-03T08:46:51.8477460Z x iPhoneOS14.5.sdk/System/Library/PrivateFrameworks/SpeechRecognitionCommandAndControl.framework/
2026-06-03T08:46:51.8477840Z x iPhoneOS14.5.sdk/System/Library/PrivateFrameworks/SpeechRecognitionCommandAndControl.framework/SpeechRecognitionCommandAndControl.tbd
2026-06-03T08:46:51.8478050Z x iPhoneOS14.5.sdk/System/Library/PrivateFrameworks/AdminLite.framework/
2026-06-03T08:46:51.8478240Z x iPhoneOS14.5.sdk/System/Library/PrivateFrameworks/AdminLite.framework/AdminLite.tbd
2026-06-03T08:46:51.8478410Z x iPhoneOS14.5.sdk/System/Library/PrivateFrameworks/RTCReporting.framework/
2026-06-03T08:46:51.8478620Z x iPhoneOS14.5.sdk/System/Library/PrivateFrameworks/RTCReporting.framework/RTCReporting.tbd
2026-06-03T08:46:51.8478890Z x iPhoneOS14.5.sdk/System/Library/PrivateFrameworks/SiriAudioInternal.framework/
2026-06-03T08:46:51.8479140Z x iPhoneOS14.5.sdk/System/Library/PrivateFrameworks/SiriAudioInternal.framework/SiriAudioInternal.tbd
2026-06-03T08:46:51.8479310Z x iPhoneOS14.5.sdk/System/Library/PrivateFrameworks/FeedbackLogger.framework/
2026-06-03T08:46:51.8479530Z x iPhoneOS14.5.sdk/System/Library/PrivateFrameworks/FeedbackLogger.framework/FeedbackLogger.tbd
2026-06-03T08:46:51.8479720Z x iPhoneOS14.5.sdk/System/Library/PrivateFrameworks/SiriOntologyProtobuf.framework/
2026-06-03T08:46:51.8480000Z x iPhoneOS14.5.sdk/System/Library/PrivateFrameworks/SiriOntologyProtobuf.framework/SiriOntologyProtobuf.tbd
2026-06-03T08:46:51.8480270Z x iPhoneOS14.5.sdk/System/Library/PrivateFrameworks/HomeAutomationInternal.framework/
2026-06-03T08:46:51.8480600Z x iPhoneOS14.5.sdk/System/Library/PrivateFrameworks/HomeAutomationInternal.framework/HomeAutomationInternal.tbd
2026-06-03T08:46:51.8480800Z x iPhoneOS14.5.sdk/System/Library/PrivateFrameworks/HealthMenstrualCyclesUI.framework/
2026-06-03T08:46:51.8481090Z x iPhoneOS14.5.sdk/System/Library/PrivateFrameworks/HealthMenstrualCyclesUI.framework/HealthMenstrualCyclesUI.tbd
2026-06-03T08:46:51.8481270Z x iPhoneOS14.5.sdk/System/Library/PrivateFrameworks/BrailleTranslation.framework/
2026-06-03T08:46:51.8482070Z x iPhoneOS14.5.sdk/System/Library/PrivateFrameworks/BrailleTranslation.framework/BrailleTranslation.tbd
2026-06-03T08:46:51.8482230Z x iPhoneOS14.5.sdk/System/Library/PrivateFrameworks/Coherence.framework/
2026-06-03T08:46:51.8482430Z x iPhoneOS14.5.sdk/System/Library/PrivateFrameworks/Coherence.framework/Coherence.tbd
2026-06-03T08:46:51.8482700Z x iPhoneOS14.5.sdk/System/Library/PrivateFrameworks/TelephonyPreferences.framework/
2026-06-03T08:46:51.8483010Z x iPhoneOS14.5.sdk/System/Library/PrivateFrameworks/TelephonyPreferences.framework/TelephonyPreferences.tbd
2026-06-03T08:46:51.8483200Z x iPhoneOS14.5.sdk/System/Library/PrivateFrameworks/CoreServicesInternal.framework/
2026-06-03T08:46:51.8483470Z x iPhoneOS14.5.sdk/System/Library/PrivateFrameworks/CoreServicesInternal.framework/CoreServicesInternal.tbd
2026-06-03T08:46:51.8483640Z x iPhoneOS14.5.sdk/System/Library/PrivateFrameworks/NanoPhotosCore.framework/
2026-06-03T08:46:51.8483950Z x iPhoneOS14.5.sdk/System/Library/PrivateFrameworks/NanoPhotosCore.framework/NanoPhotosCore.tbd
2026-06-03T08:46:51.8484140Z x iPhoneOS14.5.sdk/System/Library/PrivateFrameworks/SoftwareUpdateBridge.framework/
2026-06-03T08:46:51.8484410Z x iPhoneOS14.5.sdk/System/Library/PrivateFrameworks/SoftwareUpdateBridge.framework/SoftwareUpdateBridge.tbd
2026-06-03T08:46:51.8484650Z x iPhoneOS14.5.sdk/System/Library/PrivateFrameworks/ZoomServices.framework/
2026-06-03T08:46:51.8484870Z x iPhoneOS14.5.sdk/System/Library/PrivateFrameworks/ZoomServices.framework/ZoomServices.tbd
2026-06-03T08:46:51.8485030Z x iPhoneOS14.5.sdk/System/Library/PrivateFrameworks/ShazamKitUI.framework/
2026-06-03T08:46:51.8485230Z x iPhoneOS14.5.sdk/System/Library/PrivateFrameworks/ShazamKitUI.framework/ShazamKitUI.tbd
2026-06-03T08:46:51.8485480Z x iPhoneOS14.5.sdk/System/Library/PrivateFrameworks/AirPlaySender.framework/
2026-06-03T08:46:51.8485700Z x iPhoneOS14.5.sdk/System/Library/PrivateFrameworks/AirPlaySender.framework/AirPlaySender.tbd
2026-06-03T08:46:51.8485880Z x iPhoneOS14.5.sdk/System/Library/PrivateFrameworks/NanoSystemSettings.framework/
2026-06-03T08:46:51.8486180Z x iPhoneOS14.5.sdk/System/Library/PrivateFrameworks/NanoSystemSettings.framework/NanoSystemSettings.tbd
2026-06-03T08:46:51.8486450Z x iPhoneOS14.5.sdk/System/Library/PrivateFrameworks/ChronoCore.framework/
2026-06-03T08:46:51.8486730Z x iPhoneOS14.5.sdk/System/Library/PrivateFrameworks/ChronoCore.framework/ChronoCore.tbd
2026-06-03T08:46:51.8486920Z x iPhoneOS14.5.sdk/System/Library/PrivateFrameworks/ScreenshotServices.framework/
2026-06-03T08:46:51.8487180Z x iPhoneOS14.5.sdk/System/Library/PrivateFrameworks/ScreenshotServices.framework/ScreenshotServices.tbd
2026-06-03T08:46:51.8488630Z x iPhoneOS14.5.sdk/System/Library/PrivateFrameworks/AXElementInteraction.framework/
2026-06-03T08:46:51.8488940Z x iPhoneOS14.5.sdk/System/Library/PrivateFrameworks/AXElementInteraction.framework/AXElementInteraction.tbd
2026-06-03T08:46:51.8489080Z x iPhoneOS14.5.sdk/System/Library/PrivateFrameworks/Settings/
2026-06-03T08:46:51.8489310Z x iPhoneOS14.5.sdk/System/Library/PrivateFrameworks/Settings/SettingsUIKitPrivate.framework/
2026-06-03T08:46:51.8489610Z x iPhoneOS14.5.sdk/System/Library/PrivateFrameworks/Settings/SettingsUIKitPrivate.framework/SettingsUIKitPrivate.tbd
2026-06-03T08:46:51.8489850Z x iPhoneOS14.5.sdk/System/Library/PrivateFrameworks/Settings/SoundsAndHapticsSettings.framework/
2026-06-03T08:46:51.8490180Z x iPhoneOS14.5.sdk/System/Library/PrivateFrameworks/Settings/SoundsAndHapticsSettings.framework/SoundsAndHapticsSettings.tbd
2026-06-03T08:46:51.8490530Z x iPhoneOS14.5.sdk/System/Library/PrivateFrameworks/Settings/GeneralSettingsUI.framework/
2026-06-03T08:46:51.8490830Z x iPhoneOS14.5.sdk/System/Library/PrivateFrameworks/Settings/GeneralSettingsUI.framework/GeneralSettingsUI.tbd
2026-06-03T08:46:51.8491040Z x iPhoneOS14.5.sdk/System/Library/PrivateFrameworks/Settings/PrivacySettingsUI.framework/
2026-06-03T08:46:51.8491310Z x iPhoneOS14.5.sdk/System/Library/PrivateFrameworks/Settings/PrivacySettingsUI.framework/PrivacySettingsUI.tbd
2026-06-03T08:46:51.8491560Z x iPhoneOS14.5.sdk/System/Library/PrivateFrameworks/Settings/DisplayAndBrightnessSettings.framework/
2026-06-03T08:46:51.8491920Z x iPhoneOS14.5.sdk/System/Library/PrivateFrameworks/Settings/DisplayAndBrightnessSettings.framework/DisplayAndBrightnessSettings.tbd
2026-06-03T08:46:51.8492130Z x iPhoneOS14.5.sdk/System/Library/PrivateFrameworks/Settings/WallpaperSettings.framework/
2026-06-03T08:46:51.8492450Z x iPhoneOS14.5.sdk/System/Library/PrivateFrameworks/Settings/WallpaperSettings.framework/WallpaperSettings.tbd
2026-06-03T08:46:51.8492640Z x iPhoneOS14.5.sdk/System/Library/PrivateFrameworks/Settings/DataSourceKit.framework/
2026-06-03T08:46:51.8492890Z x iPhoneOS14.5.sdk/System/Library/PrivateFrameworks/Settings/DataSourceKit.framework/DataSourceKit.tbd
2026-06-03T08:46:51.8493300Z x iPhoneOS14.5.sdk/System/Library/PrivateFrameworks/Settings/LegalAndRegulatorySettingsPrivate.framework/
2026-06-03T08:46:51.8493700Z x iPhoneOS14.5.sdk/System/Library/PrivateFrameworks/Settings/LegalAndRegulatorySettingsPrivate.framework/LegalAndRegulatorySettingsPrivate.tbd
2026-06-03T08:46:51.8493870Z x iPhoneOS14.5.sdk/System/Library/PrivateFrameworks/UVFSXPCService.framework/
2026-06-03T08:46:51.8494310Z x iPhoneOS14.5.sdk/System/Library/PrivateFrameworks/UVFSXPCService.framework/UVFSXPCService.tbd
2026-06-03T08:46:51.8494540Z x iPhoneOS14.5.sdk/System/Library/PrivateFrameworks/CoreEmbeddedSpeechRecognition.framework/
2026-06-03T08:46:51.8494900Z x iPhoneOS14.5.sdk/System/Library/PrivateFrameworks/CoreEmbeddedSpeechRecognition.framework/CoreEmbeddedSpeechRecognition.tbd
2026-06-03T08:46:51.8495070Z x iPhoneOS14.5.sdk/System/Library/PrivateFrameworks/RelativeMotion.framework/
2026-06-03T08:46:51.8495290Z x iPhoneOS14.5.sdk/System/Library/PrivateFrameworks/RelativeMotion.framework/RelativeMotion.tbd
2026-06-03T08:46:51.8495600Z x iPhoneOS14.5.sdk/System/Library/PrivateFrameworks/ToneLibrary.framework/
2026-06-03T08:46:51.8495820Z x iPhoneOS14.5.sdk/System/Library/PrivateFrameworks/ToneLibrary.framework/ToneLibrary.tbd
2026-06-03T08:46:51.8495990Z x iPhoneOS14.5.sdk/System/Library/PrivateFrameworks/VoiceServices.framework/
2026-06-03T08:46:51.8498120Z x iPhoneOS14.5.sdk/System/Library/PrivateFrameworks/VoiceServices.framework/VoiceServices.tbd
2026-06-03T08:46:51.8501550Z x iPhoneOS14.5.sdk/System/Library/PrivateFrameworks/VoiceServices.framework/Support/
2026-06-03T08:46:51.8502060Z x iPhoneOS14.5.sdk/System/Library/PrivateFrameworks/VoiceServices.framework/Support/libvoiced_tts.tbd
2026-06-03T08:46:51.8502250Z x iPhoneOS14.5.sdk/System/Library/PrivateFrameworks/HealthExperienceUI.framework/
2026-06-03T08:46:51.8502510Z x iPhoneOS14.5.sdk/System/Library/PrivateFrameworks/HealthExperienceUI.framework/HealthExperienceUI.tbd
2026-06-03T08:46:51.8502670Z x iPhoneOS14.5.sdk/System/Library/PrivateFrameworks/MobileWiFi.framework/
2026-06-03T08:46:51.8502860Z x iPhoneOS14.5.sdk/System/Library/PrivateFrameworks/MobileWiFi.framework/MobileWiFi.tbd
2026-06-03T08:46:51.8503090Z x iPhoneOS14.5.sdk/System/Library/PrivateFrameworks/ODCurareEvaluationAndReporting.framework/
2026-06-03T08:46:51.8503550Z x iPhoneOS14.5.sdk/System/Library/PrivateFrameworks/ODCurareEvaluationAndReporting.framework/ODCurareEvaluationAndReporting.tbd
2026-06-03T08:46:51.8503720Z x iPhoneOS14.5.sdk/System/Library/PrivateFrameworks/SoftLinking.framework/
2026-06-03T08:46:51.8503920Z x iPhoneOS14.5.sdk/System/Library/PrivateFrameworks/SoftLinking.framework/SoftLinking.tbd
2026-06-03T08:46:51.8504110Z x iPhoneOS14.5.sdk/System/Library/PrivateFrameworks/ClockComplications.framework/
2026-06-03T08:46:51.8504430Z x iPhoneOS14.5.sdk/System/Library/PrivateFrameworks/ClockComplications.framework/ClockComplications.tbd
2026-06-03T08:46:51.8504600Z x iPhoneOS14.5.sdk/System/Library/PrivateFrameworks/ACTFramework.framework/
2026-06-03T08:46:51.8504810Z x iPhoneOS14.5.sdk/System/Library/PrivateFrameworks/ACTFramework.framework/ACTFramework.tbd
2026-06-03T08:46:51.8504950Z x iPhoneOS14.5.sdk/System/Library/PrivateFrameworks/Home.framework/
2026-06-03T08:46:51.8505110Z x iPhoneOS14.5.sdk/System/Library/PrivateFrameworks/Home.framework/Home.tbd
2026-06-03T08:46:51.8505290Z x iPhoneOS14.5.sdk/System/Library/PrivateFrameworks/AppPredictionUI.framework/
2026-06-03T08:46:51.8505530Z x iPhoneOS14.5.sdk/System/Library/PrivateFrameworks/AppPredictionUI.framework/AppPredictionUI.tbd
2026-06-03T08:46:51.8505710Z x iPhoneOS14.5.sdk/System/Library/PrivateFrameworks/AssetCacheServices.framework/
2026-06-03T08:46:51.8506030Z x iPhoneOS14.5.sdk/System/Library/PrivateFrameworks/AssetCacheServices.framework/AssetCacheServices.tbd
2026-06-03T08:46:51.8506190Z x iPhoneOS14.5.sdk/System/Library/PrivateFrameworks/BannerKit.framework/
2026-06-03T08:46:51.8506450Z x iPhoneOS14.5.sdk/System/Library/PrivateFrameworks/BannerKit.framework/BannerKit.tbd
2026-06-03T08:46:51.8506700Z x iPhoneOS14.5.sdk/System/Library/PrivateFrameworks/RemoteHID.framework/
2026-06-03T08:46:51.8506920Z x iPhoneOS14.5.sdk/System/Library/PrivateFrameworks/RemoteHID.framework/RemoteHID.tbd
2026-06-03T08:46:51.8507090Z x iPhoneOS14.5.sdk/System/Library/PrivateFrameworks/ExchangeSync.framework/
2026-06-03T08:46:51.8513130Z x iPhoneOS14.5.sdk/System/Library/PrivateFrameworks/ExchangeSync.framework/ExchangeSync.tbd
2026-06-03T08:46:51.8513450Z x iPhoneOS14.5.sdk/System/Library/PrivateFrameworks/ExchangeSync.framework/Frameworks/
2026-06-03T08:46:51.8513710Z x iPhoneOS14.5.sdk/System/Library/PrivateFrameworks/ExchangeSync.framework/Frameworks/DAEAS.framework/
2026-06-03T08:46:51.8514150Z x iPhoneOS14.5.sdk/System/Library/PrivateFrameworks/ExchangeSync.framework/Frameworks/DAEAS.framework/DAEAS.tbd
2026-06-03T08:46:51.8514440Z x iPhoneOS14.5.sdk/System/Library/PrivateFrameworks/ExchangeSync.framework/Frameworks/ESDaemonSupport.framework/
2026-06-03T08:46:51.8514780Z x iPhoneOS14.5.sdk/System/Library/PrivateFrameworks/ExchangeSync.framework/Frameworks/ESDaemonSupport.framework/ESDaemonSupport.tbd
2026-06-03T08:46:51.8514960Z x iPhoneOS14.5.sdk/System/Library/PrivateFrameworks/SafariFoundation.framework/
2026-06-03T08:46:51.8515210Z x iPhoneOS14.5.sdk/System/Library/PrivateFrameworks/SafariFoundation.framework/SafariFoundation.tbd
2026-06-03T08:46:51.8515350Z x iPhoneOS14.5.sdk/System/Library/PrivateFrameworks/Phoenix.framework/
2026-06-03T08:46:51.8515630Z x iPhoneOS14.5.sdk/System/Library/PrivateFrameworks/Phoenix.framework/Phoenix.tbd
2026-06-03T08:46:51.8515810Z x iPhoneOS14.5.sdk/System/Library/PrivateFrameworks/ShortcutUIKit.framework/
2026-06-03T08:46:51.8516030Z x iPhoneOS14.5.sdk/System/Library/PrivateFrameworks/ShortcutUIKit.framework/ShortcutUIKit.tbd
2026-06-03T08:46:51.8516230Z x iPhoneOS14.5.sdk/System/Library/PrivateFrameworks/SoftwareUpdateServices.framework/
2026-06-03T08:46:51.8516720Z x iPhoneOS14.5.sdk/System/Library/PrivateFrameworks/SoftwareUpdateServices.framework/SoftwareUpdateServices.tbd
2026-06-03T08:46:51.8516880Z x iPhoneOS14.5.sdk/System/Library/PrivateFrameworks/ProximityUI.framework/
2026-06-03T08:46:51.8517090Z x iPhoneOS14.5.sdk/System/Library/PrivateFrameworks/ProximityUI.framework/ProximityUI.tbd
2026-06-03T08:46:51.8517290Z x iPhoneOS14.5.sdk/System/Library/PrivateFrameworks/CommunicationsSetupUI.framework/
2026-06-03T08:46:51.8517560Z x iPhoneOS14.5.sdk/System/Library/PrivateFrameworks/CommunicationsSetupUI.framework/CommunicationsSetupUI.tbd
2026-06-03T08:46:51.8517790Z x iPhoneOS14.5.sdk/System/Library/PrivateFrameworks/HealthExposureNotificationUI.framework/
2026-06-03T08:46:51.8518120Z x iPhoneOS14.5.sdk/System/Library/PrivateFrameworks/HealthExposureNotificationUI.framework/HealthExposureNotificationUI.tbd
2026-06-03T08:46:51.8518390Z x iPhoneOS14.5.sdk/System/Library/PrivateFrameworks/SpotlightLinguistics.framework/
2026-06-03T08:46:51.8518670Z x iPhoneOS14.5.sdk/System/Library/PrivateFrameworks/SpotlightLinguistics.framework/SpotlightLinguistics.tbd
2026-06-03T08:46:51.8518840Z x iPhoneOS14.5.sdk/System/Library/PrivateFrameworks/IMFoundation.framework/
2026-06-03T08:46:51.8519050Z x iPhoneOS14.5.sdk/System/Library/PrivateFrameworks/IMFoundation.framework/IMFoundation.tbd
2026-06-03T08:46:51.8519220Z x iPhoneOS14.5.sdk/System/Library/PrivateFrameworks/CoreCDPInternal.framework/
2026-06-03T08:46:51.8519480Z x iPhoneOS14.5.sdk/System/Library/PrivateFrameworks/CoreCDPInternal.framework/CoreCDPInternal.tbd
2026-06-03T08:46:51.8519670Z x iPhoneOS14.5.sdk/System/Library/PrivateFrameworks/DataAccessExpress.framework/
2026-06-03T08:46:51.8520060Z x iPhoneOS14.5.sdk/System/Library/PrivateFrameworks/DataAccessExpress.framework/DataAccessExpress.tbd
2026-06-03T08:46:51.8520270Z x iPhoneOS14.5.sdk/System/Library/PrivateFrameworks/RunningBoard.framework/
2026-06-03T08:46:51.8520480Z x iPhoneOS14.5.sdk/System/Library/PrivateFrameworks/RunningBoard.framework/RunningBoard.tbd
2026-06-03T08:46:51.8520640Z x iPhoneOS14.5.sdk/System/Library/PrivateFrameworks/SiriUICore.framework/
2026-06-03T08:46:51.8520840Z x iPhoneOS14.5.sdk/System/Library/PrivateFrameworks/SiriUICore.framework/SiriUICore.tbd
2026-06-03T08:46:51.8520980Z x iPhoneOS14.5.sdk/System/Library/PrivateFrameworks/JetUI.framework/
2026-06-03T08:46:51.8521150Z x iPhoneOS14.5.sdk/System/Library/PrivateFrameworks/JetUI.framework/JetUI.tbd
2026-06-03T08:46:51.8521330Z x iPhoneOS14.5.sdk/System/Library/PrivateFrameworks/IOAccessoryManager.framework/
2026-06-03T08:46:51.8521660Z x iPhoneOS14.5.sdk/System/Library/PrivateFrameworks/IOAccessoryManager.framework/IOAccessoryManager.tbd
2026-06-03T08:46:51.8521840Z x iPhoneOS14.5.sdk/System/Library/PrivateFrameworks/CalendarUIKit.framework/
2026-06-03T08:46:51.8525560Z x iPhoneOS14.5.sdk/System/Library/PrivateFrameworks/CalendarUIKit.framework/CalendarUIKit.tbd
2026-06-03T08:46:51.8525740Z x iPhoneOS14.5.sdk/System/Library/PrivateFrameworks/MobileLookup.framework/
2026-06-03T08:46:51.8525950Z x iPhoneOS14.5.sdk/System/Library/PrivateFrameworks/MobileLookup.framework/MobileLookup.tbd
2026-06-03T08:46:51.8526140Z x iPhoneOS14.5.sdk/System/Library/PrivateFrameworks/ProactiveSupportStubs.framework/
2026-06-03T08:46:51.8526450Z x iPhoneOS14.5.sdk/System/Library/PrivateFrameworks/ProactiveSupportStubs.framework/ProactiveSupportStubs.tbd
2026-06-03T08:46:51.8526630Z x iPhoneOS14.5.sdk/System/Library/PrivateFrameworks/SiriObservation.framework/
2026-06-03T08:46:51.8526860Z x iPhoneOS14.5.sdk/System/Library/PrivateFrameworks/SiriObservation.framework/SiriObservation.tbd
2026-06-03T08:46:51.8527120Z x iPhoneOS14.5.sdk/System/Library/PrivateFrameworks/CoreNLP.framework/
2026-06-03T08:46:51.8527300Z x iPhoneOS14.5.sdk/System/Library/PrivateFrameworks/CoreNLP.framework/CoreNLP.tbd
2026-06-03T08:46:51.8527450Z x iPhoneOS14.5.sdk/System/Library/PrivateFrameworks/TVMLKit.framework/
2026-06-03T08:46:51.8527630Z x iPhoneOS14.5.sdk/System/Library/PrivateFrameworks/TVMLKit.framework/TVMLKit.tbd
2026-06-03T08:46:51.8527790Z x iPhoneOS14.5.sdk/System/Library/PrivateFrameworks/MediaControls.framework/
2026-06-03T08:46:51.8528010Z x iPhoneOS14.5.sdk/System/Library/PrivateFrameworks/MediaControls.framework/MediaControls.tbd
2026-06-03T08:46:51.8528190Z x iPhoneOS14.5.sdk/System/Library/PrivateFrameworks/iCloudNotification.framework/
2026-06-03T08:46:51.8528450Z x iPhoneOS14.5.sdk/System/Library/PrivateFrameworks/iCloudNotification.framework/iCloudNotification.tbd
2026-06-03T08:46:51.8528600Z x iPhoneOS14.5.sdk/System/Library/PrivateFrameworks/FMCore.framework/
2026-06-03T08:46:51.8532300Z x iPhoneOS14.5.sdk/System/Library/PrivateFrameworks/FMCore.framework/FMCore.tbd
2026-06-03T08:46:51.8532470Z x iPhoneOS14.5.sdk/System/Library/PrivateFrameworks/DiskImages.framework/
2026-06-03T08:46:51.8532670Z x iPhoneOS14.5.sdk/System/Library/PrivateFrameworks/DiskImages.framework/DiskImages.tbd
2026-06-03T08:46:51.8532900Z x iPhoneOS14.5.sdk/System/Library/PrivateFrameworks/DataAccess.framework/
2026-06-03T08:46:51.8533100Z x iPhoneOS14.5.sdk/System/Library/PrivateFrameworks/DataAccess.framework/Frameworks/
2026-06-03T08:46:51.8533350Z x iPhoneOS14.5.sdk/System/Library/PrivateFrameworks/DataAccess.framework/Frameworks/DACalDAV.framework/
2026-06-03T08:46:51.8533640Z x iPhoneOS14.5.sdk/System/Library/PrivateFrameworks/DataAccess.framework/Frameworks/DACalDAV.framework/DACalDAV.tbd
2026-06-03T08:46:51.8533890Z x iPhoneOS14.5.sdk/System/Library/PrivateFrameworks/DataAccess.framework/Frameworks/DACardDAV.framework/
2026-06-03T08:46:51.8534190Z x iPhoneOS14.5.sdk/System/Library/PrivateFrameworks/DataAccess.framework/Frameworks/DACardDAV.framework/DACardDAV.tbd
2026-06-03T08:46:51.8534500Z x iPhoneOS14.5.sdk/System/Library/PrivateFrameworks/DataAccess.framework/Frameworks/DALDAP.framework/
2026-06-03T08:46:51.8534810Z x iPhoneOS14.5.sdk/System/Library/PrivateFrameworks/DataAccess.framework/Frameworks/DALDAP.framework/DALDAP.tbd
2026-06-03T08:46:51.8535080Z x iPhoneOS14.5.sdk/System/Library/PrivateFrameworks/DataAccess.framework/Frameworks/DAIMAPNotes.framework/
2026-06-03T08:46:51.8535380Z x iPhoneOS14.5.sdk/System/Library/PrivateFrameworks/DataAccess.framework/Frameworks/DAIMAPNotes.framework/DAIMAPNotes.tbd
2026-06-03T08:46:51.8535740Z x iPhoneOS14.5.sdk/System/Library/PrivateFrameworks/DataAccess.framework/Frameworks/DASubCal.framework/
2026-06-03T08:46:51.8536030Z x iPhoneOS14.5.sdk/System/Library/PrivateFrameworks/DataAccess.framework/Frameworks/DASubCal.framework/DASubCal.tbd
2026-06-03T08:46:51.8536630Z x iPhoneOS14.5.sdk/System/Library/PrivateFrameworks/DataAccess.framework/Frameworks/DACoreDAVGlue.framework/
2026-06-03T08:46:51.8537040Z x iPhoneOS14.5.sdk/System/Library/PrivateFrameworks/DataAccess.framework/Frameworks/DACoreDAVGlue.framework/DACoreDAVGlue.tbd
2026-06-03T08:46:51.8537250Z x iPhoneOS14.5.sdk/System/Library/PrivateFrameworks/DataAccess.framework/DataAccess.tbd
2026-06-03T08:46:51.8538000Z x iPhoneOS14.5.sdk/System/Library/PrivateFrameworks/ActivityAchievementsDaemon.framework/
2026-06-03T08:46:51.8538320Z x iPhoneOS14.5.sdk/System/Library/PrivateFrameworks/ActivityAchievementsDaemon.framework/ActivityAchievementsDaemon.tbd
2026-06-03T08:46:51.8538460Z x iPhoneOS14.5.sdk/System/Library/PrivateFrameworks/IDS.framework/
2026-06-03T08:46:51.8538620Z x iPhoneOS14.5.sdk/System/Library/PrivateFrameworks/IDS.framework/IDS.tbd
2026-06-03T08:46:51.8538770Z x iPhoneOS14.5.sdk/System/Library/PrivateFrameworks/NearField.framework/
2026-06-03T08:46:51.8539030Z x iPhoneOS14.5.sdk/System/Library/PrivateFrameworks/NearField.framework/NearField.tbd
2026-06-03T08:46:51.8539560Z x iPhoneOS14.5.sdk/System/Library/PrivateFrameworks/AssistantServices.framework/
2026-06-03T08:46:51.8539810Z x iPhoneOS14.5.sdk/System/Library/PrivateFrameworks/AssistantServices.framework/AssistantServices.tbd
2026-06-03T08:46:51.8540010Z x iPhoneOS14.5.sdk/System/Library/PrivateFrameworks/DistributedEvaluation.framework/
2026-06-03T08:46:51.8540290Z x iPhoneOS14.5.sdk/System/Library/PrivateFrameworks/DistributedEvaluation.framework/DistributedEvaluation.tbd
2026-06-03T08:46:51.8540450Z x iPhoneOS14.5.sdk/System/Library/PrivateFrameworks/MTLCompiler.framework/
2026-06-03T08:46:51.8540650Z x iPhoneOS14.5.sdk/System/Library/PrivateFrameworks/MTLCompiler.framework/MTLCompiler.tbd
2026-06-03T08:46:51.8540890Z x iPhoneOS14.5.sdk/System/Library/PrivateFrameworks/MTLCompiler.framework/libMTLCompilerHelper.tbd
2026-06-03T08:46:51.8541050Z x iPhoneOS14.5.sdk/System/Library/PrivateFrameworks/H6ISPServices.framework/
2026-06-03T08:46:51.8541270Z x iPhoneOS14.5.sdk/System/Library/PrivateFrameworks/H6ISPServices.framework/H6ISPServices.tbd
2026-06-03T08:46:51.8541470Z x iPhoneOS14.5.sdk/System/Library/PrivateFrameworks/MusicSettingsSupport.framework/
2026-06-03T08:46:51.8541750Z x iPhoneOS14.5.sdk/System/Library/PrivateFrameworks/MusicSettingsSupport.framework/MusicSettingsSupport.tbd
2026-06-03T08:46:51.8542750Z x iPhoneOS14.5.sdk/System/Library/PrivateFrameworks/AppServerSupport.framework/
2026-06-03T08:46:51.8543080Z x iPhoneOS14.5.sdk/System/Library/PrivateFrameworks/AppServerSupport.framework/AppServerSupport.tbd
2026-06-03T08:46:51.8543320Z x iPhoneOS14.5.sdk/System/Library/PrivateFrameworks/AXLocalizationCaptionService.framework/
2026-06-03T08:46:51.8543650Z x iPhoneOS14.5.sdk/System/Library/PrivateFrameworks/AXLocalizationCaptionService.framework/AXLocalizationCaptionService.tbd
2026-06-03T08:46:51.8543810Z x iPhoneOS14.5.sdk/System/Library/PrivateFrameworks/HomeKitCore.framework/
2026-06-03T08:46:51.8544020Z x iPhoneOS14.5.sdk/System/Library/PrivateFrameworks/HomeKitCore.framework/HomeKitCore.tbd
2026-06-03T08:46:51.8544220Z x iPhoneOS14.5.sdk/System/Library/PrivateFrameworks/ActivityAchievements.framework/
2026-06-03T08:46:51.8544500Z x iPhoneOS14.5.sdk/System/Library/PrivateFrameworks/ActivityAchievements.framework/ActivityAchievements.tbd
2026-06-03T08:46:51.8544740Z x iPhoneOS14.5.sdk/System/Library/PrivateFrameworks/SettingsCellular.framework/
2026-06-03T08:46:51.8544990Z x iPhoneOS14.5.sdk/System/Library/PrivateFrameworks/SettingsCellular.framework/SettingsCellular.tbd
2026-06-03T08:46:51.8546510Z x iPhoneOS14.5.sdk/System/Library/PrivateFrameworks/EmbeddedAcousticRecognition.framework/
2026-06-03T08:46:51.8547040Z x iPhoneOS14.5.sdk/System/Library/PrivateFrameworks/EmbeddedAcousticRecognition.framework/EmbeddedAcousticRecognition.tbd
2026-06-03T08:46:51.8547310Z x iPhoneOS14.5.sdk/System/Library/PrivateFrameworks/NanoPassKit.framework/
2026-06-03T08:46:51.8554080Z x iPhoneOS14.5.sdk/System/Library/PrivateFrameworks/NanoPassKit.framework/NanoPassKit.tbd
2026-06-03T08:46:51.8554390Z x iPhoneOS14.5.sdk/System/Library/PrivateFrameworks/IMDPersistence.framework/
2026-06-03T08:46:51.8555640Z x iPhoneOS14.5.sdk/System/Library/PrivateFrameworks/IMDPersistence.framework/IMDPersistence.tbd
2026-06-03T08:46:51.8556000Z x iPhoneOS14.5.sdk/System/Library/PrivateFrameworks/NewsAnalyticsUpload.framework/
2026-06-03T08:46:51.8556910Z x iPhoneOS14.5.sdk/System/Library/PrivateFrameworks/NewsAnalyticsUpload.framework/NewsAnalyticsUpload.tbd
2026-06-03T08:46:51.8557200Z x iPhoneOS14.5.sdk/System/Library/PrivateFrameworks/MapsSuggestions.framework/
2026-06-03T08:46:51.8566490Z x iPhoneOS14.5.sdk/System/Library/PrivateFrameworks/MapsSuggestions.framework/MapsSuggestions.tbd
2026-06-03T08:46:51.8566920Z x iPhoneOS14.5.sdk/System/Library/PrivateFrameworks/iCalendar.framework/
2026-06-03T08:46:51.8568010Z x iPhoneOS14.5.sdk/System/Library/PrivateFrameworks/iCalendar.framework/iCalendar.tbd
2026-06-03T08:46:51.8568380Z x iPhoneOS14.5.sdk/System/Library/PrivateFrameworks/FitnessUI.framework/
2026-06-03T08:46:51.8573520Z x iPhoneOS14.5.sdk/System/Library/PrivateFrameworks/FitnessUI.framework/FitnessUI.tbd
2026-06-03T08:46:51.8573820Z x iPhoneOS14.5.sdk/System/Library/PrivateFrameworks/IMDMessageServices.framework/
2026-06-03T08:46:51.8574880Z x iPhoneOS14.5.sdk/System/Library/PrivateFrameworks/IMDMessageServices.framework/IMDMessageServices.tbd
2026-06-03T08:46:51.8578380Z x iPhoneOS14.5.sdk/System/Library/PrivateFrameworks/ARKitCore.framework/
2026-06-03T08:46:51.8589570Z x iPhoneOS14.5.sdk/System/Library/PrivateFrameworks/ARKitCore.framework/ARKitCore.tbd
2026-06-03T08:46:51.8590030Z x iPhoneOS14.5.sdk/System/Library/PrivateFrameworks/SleepHealthUI.framework/
2026-06-03T08:46:51.8590990Z x iPhoneOS14.5.sdk/System/Library/PrivateFrameworks/SleepHealthUI.framework/SleepHealthUI.tbd
2026-06-03T08:46:51.8591260Z x iPhoneOS14.5.sdk/System/Library/PrivateFrameworks/WatchReplies.framework/
2026-06-03T08:46:51.8596120Z x iPhoneOS14.5.sdk/System/Library/PrivateFrameworks/WatchReplies.framework/WatchReplies.tbd
2026-06-03T08:46:51.8596530Z x iPhoneOS14.5.sdk/System/Library/PrivateFrameworks/AMPCoreUI.framework/
2026-06-03T08:46:51.8601070Z x iPhoneOS14.5.sdk/System/Library/PrivateFrameworks/AMPCoreUI.framework/AMPCoreUI.tbd
2026-06-03T08:46:51.8601360Z x iPhoneOS14.5.sdk/System/Library/PrivateFrameworks/LatentSemanticMapping.framework/
2026-06-03T08:46:51.8601820Z x iPhoneOS14.5.sdk/System/Library/PrivateFrameworks/LatentSemanticMapping.framework/LatentSemanticMapping.tbd
2026-06-03T08:46:51.8602080Z x iPhoneOS14.5.sdk/System/Library/PrivateFrameworks/PhotosGraph.framework/
2026-06-03T08:46:51.8615650Z x iPhoneOS14.5.sdk/System/Library/PrivateFrameworks/PhotosGraph.framework/PhotosGraph.tbd
2026-06-03T08:46:51.8615950Z x iPhoneOS14.5.sdk/System/Library/PrivateFrameworks/WeatherAnalytics.framework/
2026-06-03T08:46:51.8616530Z x iPhoneOS14.5.sdk/System/Library/PrivateFrameworks/WeatherAnalytics.framework/WeatherAnalytics.tbd
2026-06-03T08:46:51.8617000Z x iPhoneOS14.5.sdk/System/Library/PrivateFrameworks/GraphicsServices.framework/
2026-06-03T08:46:51.8621390Z x iPhoneOS14.5.sdk/System/Library/PrivateFrameworks/GraphicsServices.framework/GraphicsServices.tbd
2026-06-03T08:46:51.8621840Z x iPhoneOS14.5.sdk/System/Library/PrivateFrameworks/KnowledgeGraphKit.framework/
2026-06-03T08:46:51.8634760Z x iPhoneOS14.5.sdk/System/Library/PrivateFrameworks/KnowledgeGraphKit.framework/KnowledgeGraphKit.tbd
2026-06-03T08:46:51.8635190Z x iPhoneOS14.5.sdk/System/Library/PrivateFrameworks/vCard.framework/
2026-06-03T08:46:51.8639540Z x iPhoneOS14.5.sdk/System/Library/PrivateFrameworks/vCard.framework/vCard.tbd
2026-06-03T08:46:51.8640350Z x iPhoneOS14.5.sdk/System/Library/PrivateFrameworks/apfs_boot_mount.framework/
2026-06-03T08:46:51.8640990Z x iPhoneOS14.5.sdk/System/Library/PrivateFrameworks/apfs_boot_mount.framework/apfs_boot_mount.tbd
2026-06-03T08:46:51.8641540Z x iPhoneOS14.5.sdk/System/Library/PrivateFrameworks/iTunesStore.framework/
2026-06-03T08:46:51.8645070Z x iPhoneOS14.5.sdk/System/Library/PrivateFrameworks/iTunesStore.framework/iTunesStore.tbd
2026-06-03T08:46:51.8646810Z x iPhoneOS14.5.sdk/System/Library/PrivateFrameworks/ProofReader.framework/
2026-06-03T08:46:51.8656290Z x iPhoneOS14.5.sdk/System/Library/PrivateFrameworks/ProofReader.framework/ProofReader.tbd
2026-06-03T08:46:51.8656770Z x iPhoneOS14.5.sdk/System/Library/PrivateFrameworks/GPUCompiler.framework/
2026-06-03T08:46:51.8657300Z x iPhoneOS14.5.sdk/System/Library/PrivateFrameworks/GPUCompiler.framework/Libraries/
2026-06-03T08:46:51.8657970Z x iPhoneOS14.5.sdk/System/Library/PrivateFrameworks/GPUCompiler.framework/Libraries/libGPUCompiler.tbd
2026-06-03T08:46:51.8660890Z x iPhoneOS14.5.sdk/System/Library/PrivateFrameworks/GPUCompiler.framework/Libraries/libmetal_timestamp.tbd
2026-06-03T08:46:51.8662370Z x iPhoneOS14.5.sdk/System/Library/PrivateFrameworks/GPUCompiler.framework/Libraries/libGPUCompilerImplLazy.tbd
2026-06-03T08:46:51.8665690Z x iPhoneOS14.5.sdk/System/Library/PrivateFrameworks/GPUCompiler.framework/Libraries/libGPUCompilerImpl.tbd
2026-06-03T08:46:51.8667140Z x iPhoneOS14.5.sdk/System/Library/PrivateFrameworks/GPUCompiler.framework/Libraries/libComposeFilters.tbd
2026-06-03T08:46:51.8667630Z x iPhoneOS14.5.sdk/System/Library/PrivateFrameworks/SpotlightServices.framework/
2026-06-03T08:46:51.8671320Z x iPhoneOS14.5.sdk/System/Library/PrivateFrameworks/SpotlightServices.framework/SpotlightServices.tbd
2026-06-03T08:46:51.8671810Z x iPhoneOS14.5.sdk/System/Library/PrivateFrameworks/NewsArticles.framework/
2026-06-03T08:46:51.8672560Z x iPhoneOS14.5.sdk/System/Library/PrivateFrameworks/NewsArticles.framework/NewsArticles.tbd
2026-06-03T08:46:51.8673300Z x iPhoneOS14.5.sdk/System/Library/PrivateFrameworks/ContactsDonation.framework/
2026-06-03T08:46:51.8676310Z x iPhoneOS14.5.sdk/System/Library/PrivateFrameworks/ContactsDonation.framework/ContactsDonation.tbd
2026-06-03T08:46:51.8678200Z x iPhoneOS14.5.sdk/System/Library/PrivateFrameworks/SiriUIActivation.framework/
2026-06-03T08:46:51.8686600Z x iPhoneOS14.5.sdk/System/Library/PrivateFrameworks/SiriUIActivation.framework/SiriUIActivation.tbd
2026-06-03T08:46:51.8687870Z x iPhoneOS14.5.sdk/System/Library/PrivateFrameworks/SidecarUI.framework/
2026-06-03T08:46:51.8690430Z x iPhoneOS14.5.sdk/System/Library/PrivateFrameworks/SidecarUI.framework/SidecarUI.tbd
2026-06-03T08:46:51.8691740Z x iPhoneOS14.5.sdk/System/Library/PrivateFrameworks/IdleTimerHosting.framework/
2026-06-03T08:46:51.8694680Z x iPhoneOS14.5.sdk/System/Library/PrivateFrameworks/IdleTimerHosting.framework/IdleTimerHosting.tbd
2026-06-03T08:46:51.8695410Z x iPhoneOS14.5.sdk/System/Library/PrivateFrameworks/ScreenTimeUI.framework/
2026-06-03T08:46:51.8697850Z x iPhoneOS14.5.sdk/System/Library/PrivateFrameworks/ScreenTimeUI.framework/ScreenTimeUI.tbd
2026-06-03T08:46:51.8701360Z x iPhoneOS14.5.sdk/System/Library/PrivateFrameworks/CDDataAccess.framework/
2026-06-03T08:46:51.8701900Z x iPhoneOS14.5.sdk/System/Library/PrivateFrameworks/CDDataAccess.framework/Frameworks/
2026-06-03T08:46:51.8702640Z x iPhoneOS14.5.sdk/System/Library/PrivateFrameworks/CDDataAccess.framework/Frameworks/DACalDAV.framework/
2026-06-03T08:46:51.8705610Z x iPhoneOS14.5.sdk/System/Library/PrivateFrameworks/CDDataAccess.framework/Frameworks/DACalDAV.framework/DACalDAV.tbd
2026-06-03T08:46:51.8707720Z x iPhoneOS14.5.sdk/System/Library/PrivateFrameworks/CDDataAccess.framework/Frameworks/DADaemonSupport.framework/
2026-06-03T08:46:51.8710500Z x iPhoneOS14.5.sdk/System/Library/PrivateFrameworks/CDDataAccess.framework/Frameworks/DADaemonSupport.framework/DADaemonSupport.tbd
2026-06-03T08:46:51.8711430Z x iPhoneOS14.5.sdk/System/Library/PrivateFrameworks/CDDataAccess.framework/Frameworks/DACoreDAVGlue.framework/
2026-06-03T08:46:51.8718120Z x iPhoneOS14.5.sdk/System/Library/PrivateFrameworks/CDDataAccess.framework/Frameworks/DACoreDAVGlue.framework/DACoreDAVGlue.tbd
2026-06-03T08:46:51.8729330Z x iPhoneOS14.5.sdk/System/Library/PrivateFrameworks/CDDataAccess.framework/CDDataAccess.tbd
2026-06-03T08:46:51.8733720Z x iPhoneOS14.5.sdk/System/Library/PrivateFrameworks/UserFS.framework/
2026-06-03T08:46:51.8734250Z x iPhoneOS14.5.sdk/System/Library/PrivateFrameworks/UserFS.framework/UserFS.tbd
2026-06-03T08:46:51.8735360Z x iPhoneOS14.5.sdk/System/Library/PrivateFrameworks/UserFS.framework/PlugIns/
2026-06-03T08:46:51.8736000Z x iPhoneOS14.5.sdk/System/Library/PrivateFrameworks/UserFS.framework/PlugIns/livefiles_exfat.tbd
2026-06-03T08:46:51.8736600Z x iPhoneOS14.5.sdk/System/Library/PrivateFrameworks/UserFS.framework/PlugIns/livefiles_cs.tbd
2026-06-03T08:46:51.8737900Z x iPhoneOS14.5.sdk/System/Library/PrivateFrameworks/UserFS.framework/PlugIns/liblivefiles.plugin.dummy.tbd
2026-06-03T08:46:51.8738520Z x iPhoneOS14.5.sdk/System/Library/PrivateFrameworks/UserFS.framework/PlugIns/livefiles_hfs.tbd
2026-06-03T08:46:51.8739820Z x iPhoneOS14.5.sdk/System/Library/PrivateFrameworks/UserFS.framework/PlugIns/livefiles_msdos.tbd
2026-06-03T08:46:51.8744910Z x iPhoneOS14.5.sdk/System/Library/PrivateFrameworks/UserFS.framework/PlugIns/livefiles_apfs.tbd
2026-06-03T08:46:51.8745730Z x iPhoneOS14.5.sdk/System/Library/PrivateFrameworks/UserFS.framework/PlugIns/livefiles_ntfs.tbd
2026-06-03T08:46:51.8746410Z x iPhoneOS14.5.sdk/System/Library/PrivateFrameworks/BackBoardServices.framework/
2026-06-03T08:46:51.8750970Z x iPhoneOS14.5.sdk/System/Library/PrivateFrameworks/BackBoardServices.framework/BackBoardServices.tbd
2026-06-03T08:46:51.8751370Z x iPhoneOS14.5.sdk/System/Library/PrivateFrameworks/WorkflowUI.framework/
2026-06-03T08:46:51.8757020Z x iPhoneOS14.5.sdk/System/Library/PrivateFrameworks/WorkflowUI.framework/WorkflowUI.tbd
2026-06-03T08:46:51.8757180Z x iPhoneOS14.5.sdk/System/Library/PrivateFrameworks/AdCore.framework/
2026-06-03T08:46:51.8762090Z x iPhoneOS14.5.sdk/System/Library/PrivateFrameworks/AdCore.framework/AdCore.tbd
2026-06-03T08:46:51.8762660Z x iPhoneOS14.5.sdk/System/Library/PrivateFrameworks/UserManagement.framework/
2026-06-03T08:46:51.8763610Z x iPhoneOS14.5.sdk/System/Library/PrivateFrameworks/UserManagement.framework/UserManagement.tbd
2026-06-03T08:46:51.8764210Z x iPhoneOS14.5.sdk/System/Library/PrivateFrameworks/PerformanceTrace.framework/
2026-06-03T08:46:51.8765140Z x iPhoneOS14.5.sdk/System/Library/PrivateFrameworks/PerformanceTrace.framework/PerformanceTrace.tbd
2026-06-03T08:46:51.8765600Z x iPhoneOS14.5.sdk/System/Library/PrivateFrameworks/AnnotationKit.framework/
2026-06-03T08:46:51.8766680Z x iPhoneOS14.5.sdk/System/Library/PrivateFrameworks/AnnotationKit.framework/AnnotationKit.tbd
2026-06-03T08:46:51.8767290Z x iPhoneOS14.5.sdk/System/Library/PrivateFrameworks/CoreLocationProtobuf.framework/
2026-06-03T08:46:51.8768510Z x iPhoneOS14.5.sdk/System/Library/PrivateFrameworks/CoreLocationProtobuf.framework/CoreLocationProtobuf.tbd
2026-06-03T08:46:51.8768890Z x iPhoneOS14.5.sdk/System/Library/PrivateFrameworks/ProductKit.framework/
2026-06-03T08:46:51.8769860Z x iPhoneOS14.5.sdk/System/Library/PrivateFrameworks/ProductKit.framework/ProductKit.tbd
2026-06-03T08:46:51.8773640Z x iPhoneOS14.5.sdk/System/Library/PrivateFrameworks/ExtensionFoundation.framework/
2026-06-03T08:46:51.8774720Z x iPhoneOS14.5.sdk/System/Library/PrivateFrameworks/ExtensionFoundation.framework/ExtensionFoundation.tbd
2026-06-03T08:46:51.8775090Z x iPhoneOS14.5.sdk/System/Library/PrivateFrameworks/ContactsAutocomplete.framework/
2026-06-03T08:46:51.8776170Z x iPhoneOS14.5.sdk/System/Library/PrivateFrameworks/ContactsAutocomplete.framework/ContactsAutocomplete.tbd
2026-06-03T08:46:51.8776600Z x iPhoneOS14.5.sdk/System/Library/PrivateFrameworks/UserNotificationsServer.framework/
2026-06-03T08:46:51.8781650Z x iPhoneOS14.5.sdk/System/Library/PrivateFrameworks/UserNotificationsServer.framework/UserNotificationsServer.tbd
2026-06-03T08:46:51.8782030Z x iPhoneOS14.5.sdk/System/Library/PrivateFrameworks/AppleBasebandServices.framework/
2026-06-03T08:46:51.8783000Z x iPhoneOS14.5.sdk/System/Library/PrivateFrameworks/AppleBasebandServices.framework/AppleBasebandServices.tbd
2026-06-03T08:46:51.8783440Z x iPhoneOS14.5.sdk/System/Library/PrivateFrameworks/AirPlayRoutePrediction.framework/
2026-06-03T08:46:51.8784620Z x iPhoneOS14.5.sdk/System/Library/PrivateFrameworks/AirPlayRoutePrediction.framework/AirPlayRoutePrediction.tbd
2026-06-03T08:46:51.8784960Z x iPhoneOS14.5.sdk/System/Library/PrivateFrameworks/AppSupport.framework/
2026-06-03T08:46:51.8790230Z x iPhoneOS14.5.sdk/System/Library/PrivateFrameworks/AppSupport.framework/AppSupport.tbd
2026-06-03T08:46:51.8790630Z x iPhoneOS14.5.sdk/System/Library/PrivateFrameworks/EmailFoundation.framework/
2026-06-03T08:46:51.8791620Z x iPhoneOS14.5.sdk/System/Library/PrivateFrameworks/EmailFoundation.framework/EmailFoundation.tbd
2026-06-03T08:46:51.8791940Z x iPhoneOS14.5.sdk/System/Library/PrivateFrameworks/Categories.framework/
2026-06-03T08:46:51.8792870Z x iPhoneOS14.5.sdk/System/Library/PrivateFrameworks/Categories.framework/Categories.tbd
2026-06-03T08:46:51.8793190Z x iPhoneOS14.5.sdk/System/Library/PrivateFrameworks/DCIMServices.framework/
2026-06-03T08:46:51.8798620Z x iPhoneOS14.5.sdk/System/Library/PrivateFrameworks/DCIMServices.framework/DCIMServices.tbd
2026-06-03T08:46:51.8798930Z x iPhoneOS14.5.sdk/System/Library/PrivateFrameworks/CoreRecognition.framework/
2026-06-03T08:46:51.8799790Z x iPhoneOS14.5.sdk/System/Library/PrivateFrameworks/CoreRecognition.framework/CoreRecognition.tbd
2026-06-03T08:46:51.8800310Z x iPhoneOS14.5.sdk/System/Library/PrivateFrameworks/DuetActivityScheduler.framework/
2026-06-03T08:46:51.8801330Z x iPhoneOS14.5.sdk/System/Library/PrivateFrameworks/DuetActivityScheduler.framework/DuetActivityScheduler.tbd
2026-06-03T08:46:51.8801700Z x iPhoneOS14.5.sdk/System/Library/PrivateFrameworks/AccessoryAudio.framework/
2026-06-03T08:46:51.8802560Z x iPhoneOS14.5.sdk/System/Library/PrivateFrameworks/AccessoryAudio.framework/AccessoryAudio.tbd
2026-06-03T08:46:51.8802990Z x iPhoneOS14.5.sdk/System/Library/PrivateFrameworks/HIDDisplay.framework/
2026-06-03T08:46:51.8804250Z x iPhoneOS14.5.sdk/System/Library/PrivateFrameworks/HIDDisplay.framework/HIDDisplay.tbd
2026-06-03T08:46:51.8804500Z x iPhoneOS14.5.sdk/System/Library/PrivateFrameworks/CompanionHealthDaemon.framework/
2026-06-03T08:46:51.8805450Z x iPhoneOS14.5.sdk/System/Library/PrivateFrameworks/CompanionHealthDaemon.framework/CompanionHealthDaemon.tbd
2026-06-03T08:46:51.8805860Z x iPhoneOS14.5.sdk/System/Library/PrivateFrameworks/SoftwareUpdateSettingsUI.framework/
2026-06-03T08:46:51.8810440Z x iPhoneOS14.5.sdk/System/Library/PrivateFrameworks/SoftwareUpdateSettingsUI.framework/SoftwareUpdateSettingsUI.tbd
2026-06-03T08:46:51.8810720Z x iPhoneOS14.5.sdk/System/Library/PrivateFrameworks/CryptoKitPrivate.framework/
2026-06-03T08:46:51.8811420Z x iPhoneOS14.5.sdk/System/Library/PrivateFrameworks/CryptoKitPrivate.framework/CryptoKitPrivate.tbd
2026-06-03T08:46:51.8811830Z x iPhoneOS14.5.sdk/System/Library/PrivateFrameworks/SiriInstrumentation.framework/
2026-06-03T08:46:51.8816720Z x iPhoneOS14.5.sdk/System/Library/PrivateFrameworks/SiriInstrumentation.framework/SiriInstrumentation.tbd
2026-06-03T08:46:51.8817100Z x iPhoneOS14.5.sdk/System/Library/PrivateFrameworks/RemoteCoreML.framework/
2026-06-03T08:46:51.8818070Z x iPhoneOS14.5.sdk/System/Library/PrivateFrameworks/RemoteCoreML.framework/RemoteCoreML.tbd
2026-06-03T08:46:51.8818470Z x iPhoneOS14.5.sdk/System/Library/PrivateFrameworks/InAppMessages.framework/
2026-06-03T08:46:51.8819340Z x iPhoneOS14.5.sdk/System/Library/PrivateFrameworks/InAppMessages.framework/InAppMessages.tbd
2026-06-03T08:46:51.8819750Z x iPhoneOS14.5.sdk/System/Library/PrivateFrameworks/Sentry.framework/
2026-06-03T08:46:51.8820670Z x iPhoneOS14.5.sdk/System/Library/PrivateFrameworks/Sentry.framework/Sentry.tbd
2026-06-03T08:46:51.8820990Z x iPhoneOS14.5.sdk/System/Library/PrivateFrameworks/IOKitten.framework/
2026-06-03T08:46:51.8822220Z x iPhoneOS14.5.sdk/System/Library/PrivateFrameworks/IOKitten.framework/IOKitten.tbd
2026-06-03T08:46:51.8822400Z x iPhoneOS14.5.sdk/System/Library/PrivateFrameworks/ScreenTimeCore.framework/
2026-06-03T08:46:51.8827590Z x iPhoneOS14.5.sdk/System/Library/PrivateFrameworks/ScreenTimeCore.framework/ScreenTimeCore.tbd
2026-06-03T08:46:51.8827790Z x iPhoneOS14.5.sdk/System/Library/PrivateFrameworks/OctagonTrust.framework/
2026-06-03T08:46:51.8828850Z x iPhoneOS14.5.sdk/System/Library/PrivateFrameworks/OctagonTrust.framework/OctagonTrust.tbd
2026-06-03T08:46:51.8829040Z x iPhoneOS14.5.sdk/System/Library/PrivateFrameworks/WatchListKit.framework/
2026-06-03T08:46:51.8834210Z x iPhoneOS14.5.sdk/System/Library/PrivateFrameworks/WatchListKit.framework/WatchListKit.tbd
2026-06-03T08:46:51.8834370Z x iPhoneOS14.5.sdk/System/Library/PrivateFrameworks/perfdata.framework/
2026-06-03T08:46:51.8835610Z x iPhoneOS14.5.sdk/System/Library/PrivateFrameworks/perfdata.framework/perfdata.tbd
2026-06-03T08:46:51.8835820Z x iPhoneOS14.5.sdk/System/Library/PrivateFrameworks/VoiceOverServices.framework/
2026-06-03T08:46:51.8840670Z x iPhoneOS14.5.sdk/System/Library/PrivateFrameworks/VoiceOverServices.framework/VoiceOverServices.tbd
2026-06-03T08:46:51.8841050Z x iPhoneOS14.5.sdk/System/Library/PrivateFrameworks/caulk.framework/
2026-06-03T08:46:51.8842200Z x iPhoneOS14.5.sdk/System/Library/PrivateFrameworks/caulk.framework/caulk.tbd
2026-06-03T08:46:51.8842560Z x iPhoneOS14.5.sdk/System/Library/PrivateFrameworks/TelephonyRPC.framework/
2026-06-03T08:46:51.8843460Z x iPhoneOS14.5.sdk/System/Library/PrivateFrameworks/TelephonyRPC.framework/TelephonyRPC.tbd
2026-06-03T08:46:51.8843860Z x iPhoneOS14.5.sdk/System/Library/PrivateFrameworks/AppleBasebandManager.framework/
2026-06-03T08:46:51.8848980Z x iPhoneOS14.5.sdk/System/Library/PrivateFrameworks/AppleBasebandManager.framework/AppleBasebandManager.tbd
2026-06-03T08:46:51.8849400Z x iPhoneOS14.5.sdk/System/Library/PrivateFrameworks/ParsecSubscriptionServiceSupport.framework/
2026-06-03T08:46:51.8850440Z x iPhoneOS14.5.sdk/System/Library/PrivateFrameworks/ParsecSubscriptionServiceSupport.framework/ParsecSubscriptionServiceSupport.tbd
2026-06-03T08:46:51.8850650Z x iPhoneOS14.5.sdk/System/Library/PrivateFrameworks/AccountNotification.framework/
2026-06-03T08:46:51.8851720Z x iPhoneOS14.5.sdk/System/Library/PrivateFrameworks/AccountNotification.framework/AccountNotification.tbd
2026-06-03T08:46:51.8852190Z x iPhoneOS14.5.sdk/System/Library/PrivateFrameworks/EmergencyAlerts.framework/
2026-06-03T08:46:51.8852970Z x iPhoneOS14.5.sdk/System/Library/PrivateFrameworks/EmergencyAlerts.framework/EmergencyAlerts.tbd
2026-06-03T08:46:51.8853810Z x iPhoneOS14.5.sdk/System/Library/PrivateFrameworks/SoftwareUpdateCoreConnect.framework/
2026-06-03T08:46:51.8854990Z x iPhoneOS14.5.sdk/System/Library/PrivateFrameworks/SoftwareUpdateCoreConnect.framework/SoftwareUpdateCoreConnect.tbd
2026-06-03T08:46:51.8855290Z x iPhoneOS14.5.sdk/System/Library/PrivateFrameworks/SetupAssistant.framework/
2026-06-03T08:46:51.8856240Z x iPhoneOS14.5.sdk/System/Library/PrivateFrameworks/SetupAssistant.framework/SetupAssistant.tbd
2026-06-03T08:46:51.8856660Z x iPhoneOS14.5.sdk/System/Library/PrivateFrameworks/PromotedContentProxy.framework/
2026-06-03T08:46:51.8857810Z x iPhoneOS14.5.sdk/System/Library/PrivateFrameworks/PromotedContentProxy.framework/PromotedContentProxy.tbd
2026-06-03T08:46:51.8858050Z x iPhoneOS14.5.sdk/System/Library/PrivateFrameworks/IOImageLoader.framework/
2026-06-03T08:46:51.8861730Z x iPhoneOS14.5.sdk/System/Library/PrivateFrameworks/IOImageLoader.framework/IOImageLoader.tbd
2026-06-03T08:46:51.8862210Z x iPhoneOS14.5.sdk/System/Library/PrivateFrameworks/OSASubmissionClient.framework/
2026-06-03T08:46:51.8863460Z x iPhoneOS14.5.sdk/System/Library/PrivateFrameworks/OSASubmissionClient.framework/OSASubmissionClient.tbd
2026-06-03T08:46:51.8864040Z x iPhoneOS14.5.sdk/System/Library/PrivateFrameworks/SiriSpeechSynthesis.framework/
2026-06-03T08:46:51.8868710Z x iPhoneOS14.5.sdk/System/Library/PrivateFrameworks/SiriSpeechSynthesis.framework/SiriSpeechSynthesis.tbd
2026-06-03T08:46:51.8869190Z x iPhoneOS14.5.sdk/System/Library/PrivateFrameworks/BridgeReporting.framework/
2026-06-03T08:46:51.8870140Z x iPhoneOS14.5.sdk/System/Library/PrivateFrameworks/BridgeReporting.framework/BridgeReporting.tbd
2026-06-03T08:46:51.8870610Z x iPhoneOS14.5.sdk/System/Library/PrivateFrameworks/CoreAppleCVA.framework/
2026-06-03T08:46:51.8879030Z x iPhoneOS14.5.sdk/System/Library/PrivateFrameworks/CoreAppleCVA.framework/CoreAppleCVA.tbd
2026-06-03T08:46:51.8898220Z x iPhoneOS14.5.sdk/System/Library/PrivateFrameworks/IconServices.framework/
2026-06-03T08:46:51.8899830Z x iPhoneOS14.5.sdk/System/Library/PrivateFrameworks/IconServices.framework/IconServices.tbd
2026-06-03T08:46:51.8900420Z x iPhoneOS14.5.sdk/System/Library/PrivateFrameworks/ProtocolBuffer.framework/
2026-06-03T08:46:51.8901010Z x iPhoneOS14.5.sdk/System/Library/PrivateFrameworks/ProtocolBuffer.framework/ProtocolBuffer.tbd
2026-06-03T08:46:51.8901630Z x iPhoneOS14.5.sdk/System/Library/PrivateFrameworks/AudioServerApplication.framework/
2026-06-03T08:46:51.8902570Z x iPhoneOS14.5.sdk/System/Library/PrivateFrameworks/AudioServerApplication.framework/AudioServerApplication.tbd
2026-06-03T08:46:51.8903230Z x iPhoneOS14.5.sdk/System/Library/PrivateFrameworks/HSAAuthentication.framework/
2026-06-03T08:46:51.8904810Z x iPhoneOS14.5.sdk/System/Library/PrivateFrameworks/HSAAuthentication.framework/HSAAuthentication.tbd
2026-06-03T08:46:51.8905710Z x iPhoneOS14.5.sdk/System/Library/PrivateFrameworks/ExposureNotificationDaemon.framework/
2026-06-03T08:46:51.8906550Z x iPhoneOS14.5.sdk/System/Library/PrivateFrameworks/ExposureNotificationDaemon.framework/ExposureNotificationDaemon.tbd
2026-06-03T08:46:51.8907300Z x iPhoneOS14.5.sdk/System/Library/PrivateFrameworks/InAppMessagesCore.framework/
2026-06-03T08:46:51.8907810Z x iPhoneOS14.5.sdk/System/Library/PrivateFrameworks/InAppMessagesCore.framework/InAppMessagesCore.tbd
2026-06-03T08:46:51.8908330Z x iPhoneOS14.5.sdk/System/Library/PrivateFrameworks/NetworkServiceProxy.framework/
2026-06-03T08:46:51.8908870Z x iPhoneOS14.5.sdk/System/Library/PrivateFrameworks/NetworkServiceProxy.framework/NetworkServiceProxy.tbd
2026-06-03T08:46:51.8909380Z x iPhoneOS14.5.sdk/System/Library/PrivateFrameworks/MobileTimerUI.framework/
2026-06-03T08:46:51.8909850Z x iPhoneOS14.5.sdk/System/Library/PrivateFrameworks/MobileTimerUI.framework/MobileTimerUI.tbd
2026-06-03T08:46:51.8910770Z x iPhoneOS14.5.sdk/System/Library/PrivateFrameworks/AccessoryNowPlaying.framework/
2026-06-03T08:46:51.8911770Z x iPhoneOS14.5.sdk/System/Library/PrivateFrameworks/AccessoryNowPlaying.framework/AccessoryNowPlaying.tbd
2026-06-03T08:46:51.8912410Z x iPhoneOS14.5.sdk/System/Library/PrivateFrameworks/AccessoryComponentAuth.framework/
2026-06-03T08:46:51.8913210Z x iPhoneOS14.5.sdk/System/Library/PrivateFrameworks/AccessoryComponentAuth.framework/AccessoryComponentAuth.tbd
2026-06-03T08:46:51.8914010Z x iPhoneOS14.5.sdk/System/Library/PrivateFrameworks/AccessibilityPhysicalInteraction.framework/
2026-06-03T08:46:51.8915350Z x iPhoneOS14.5.sdk/System/Library/PrivateFrameworks/AccessibilityPhysicalInteraction.framework/AccessibilityPhysicalInteraction.tbd
2026-06-03T08:46:51.8915980Z x iPhoneOS14.5.sdk/System/Library/PrivateFrameworks/AudioDataAnalysis.framework/
2026-06-03T08:46:51.8916790Z x iPhoneOS14.5.sdk/System/Library/PrivateFrameworks/AudioDataAnalysis.framework/AudioDataAnalysis.tbd
2026-06-03T08:46:51.8917350Z x iPhoneOS14.5.sdk/System/Library/PrivateFrameworks/PDS.framework/
2026-06-03T08:46:51.8918190Z x iPhoneOS14.5.sdk/System/Library/PrivateFrameworks/PDS.framework/PDS.tbd
2026-06-03T08:46:51.8918780Z x iPhoneOS14.5.sdk/System/Library/PrivateFrameworks/MediaRemote.framework/
2026-06-03T08:46:51.8936800Z x iPhoneOS14.5.sdk/System/Library/PrivateFrameworks/MediaRemote.framework/MediaRemote.tbd
2026-06-03T08:46:51.9008570Z x iPhoneOS14.5.sdk/System/Library/PrivateFrameworks/RemoteMediaServices.framework/
2026-06-03T08:46:51.9045810Z x iPhoneOS14.5.sdk/System/Library/PrivateFrameworks/RemoteMediaServices.framework/RemoteMediaServices.tbd
2026-06-03T08:46:51.9107210Z x iPhoneOS14.5.sdk/System/Library/PrivateFrameworks/AccessoryNavigation.framework/
2026-06-03T08:46:51.9108030Z x iPhoneOS14.5.sdk/System/Library/PrivateFrameworks/AccessoryNavigation.framework/AccessoryNavigation.tbd
2026-06-03T08:46:51.9108670Z x iPhoneOS14.5.sdk/System/Library/PrivateFrameworks/AccessibilityUI.framework/
2026-06-03T08:46:51.9109550Z x iPhoneOS14.5.sdk/System/Library/PrivateFrameworks/AccessibilityUI.framework/AccessibilityUI.tbd
2026-06-03T08:46:51.9111360Z x iPhoneOS14.5.sdk/System/Library/PrivateFrameworks/RTBuddyCrashlogDecoder.framework/
2026-06-03T08:46:51.9112040Z x iPhoneOS14.5.sdk/System/Library/PrivateFrameworks/RTBuddyCrashlogDecoder.framework/RTBuddyCrashlogDecoder.tbd
2026-06-03T08:46:51.9113370Z x iPhoneOS14.5.sdk/System/Library/PrivateFrameworks/AdID.framework/
2026-06-03T08:46:51.9113900Z x iPhoneOS14.5.sdk/System/Library/PrivateFrameworks/AdID.framework/AdID.tbd
2026-06-03T08:46:51.9114430Z x iPhoneOS14.5.sdk/System/Library/PrivateFrameworks/ApplePushService.framework/
2026-06-03T08:46:51.9114980Z x iPhoneOS14.5.sdk/System/Library/PrivateFrameworks/ApplePushService.framework/ApplePushService.tbd
2026-06-03T08:46:51.9115490Z x iPhoneOS14.5.sdk/System/Library/PrivateFrameworks/ContactsUICore.framework/
2026-06-03T08:46:51.9115970Z x iPhoneOS14.5.sdk/System/Library/PrivateFrameworks/ContactsUICore.framework/ContactsUICore.tbd
2026-06-03T08:46:51.9116640Z x iPhoneOS14.5.sdk/System/Library/PrivateFrameworks/CloudDocsUI.framework/
2026-06-03T08:46:51.9118390Z x iPhoneOS14.5.sdk/System/Library/PrivateFrameworks/CloudDocsUI.framework/CloudDocsUI.tbd
2026-06-03T08:46:51.9119030Z x iPhoneOS14.5.sdk/System/Library/PrivateFrameworks/URLFormatting.framework/
2026-06-03T08:46:51.9119510Z x iPhoneOS14.5.sdk/System/Library/PrivateFrameworks/URLFormatting.framework/URLFormatting.tbd
2026-06-03T08:46:51.9119970Z x iPhoneOS14.5.sdk/System/Library/PrivateFrameworks/ktrace.framework/
2026-06-03T08:46:51.9120380Z x iPhoneOS14.5.sdk/System/Library/PrivateFrameworks/ktrace.framework/ktrace.tbd
2026-06-03T08:46:51.9120800Z x iPhoneOS14.5.sdk/System/Library/PrivateFrameworks/DataAccessUI.framework/
2026-06-03T08:46:51.9121260Z x iPhoneOS14.5.sdk/System/Library/PrivateFrameworks/DataAccessUI.framework/DataAccessUI.tbd
2026-06-03T08:46:51.9121730Z x iPhoneOS14.5.sdk/System/Library/PrivateFrameworks/BiomePubSub.framework/
2026-06-03T08:46:51.9122180Z x iPhoneOS14.5.sdk/System/Library/PrivateFrameworks/BiomePubSub.framework/BiomePubSub.tbd
2026-06-03T08:46:51.9122620Z x iPhoneOS14.5.sdk/System/Library/PrivateFrameworks/SAObjects.framework/
2026-06-03T08:46:51.9123060Z x iPhoneOS14.5.sdk/System/Library/PrivateFrameworks/SAObjects.framework/SAObjects.tbd
2026-06-03T08:46:51.9124530Z x iPhoneOS14.5.sdk/System/Library/PrivateFrameworks/IncomingCallFilter.framework/
2026-06-03T08:46:51.9125140Z x iPhoneOS14.5.sdk/System/Library/PrivateFrameworks/IncomingCallFilter.framework/IncomingCallFilter.tbd
2026-06-03T08:46:51.9125650Z x iPhoneOS14.5.sdk/System/Library/PrivateFrameworks/Weather.framework/
2026-06-03T08:46:51.9126070Z x iPhoneOS14.5.sdk/System/Library/PrivateFrameworks/Weather.framework/Weather.tbd
2026-06-03T08:46:51.9126500Z x iPhoneOS14.5.sdk/System/Library/PrivateFrameworks/TestFlightCore.framework/
2026-06-03T08:46:51.9126980Z x iPhoneOS14.5.sdk/System/Library/PrivateFrameworks/TestFlightCore.framework/TestFlightCore.tbd
2026-06-03T08:46:51.9127470Z x iPhoneOS14.5.sdk/System/Library/PrivateFrameworks/MobileStorage.framework/
2026-06-03T08:46:51.9127940Z x iPhoneOS14.5.sdk/System/Library/PrivateFrameworks/MobileStorage.framework/MobileStorage.tbd
2026-06-03T08:46:51.9128490Z x iPhoneOS14.5.sdk/System/Library/PrivateFrameworks/JetEngine.framework/
2026-06-03T08:46:51.9128920Z x iPhoneOS14.5.sdk/System/Library/PrivateFrameworks/JetEngine.framework/JetEngine.tbd
2026-06-03T08:46:51.9129370Z x iPhoneOS14.5.sdk/System/Library/PrivateFrameworks/StoreServices.framework/
2026-06-03T08:46:51.9129840Z x iPhoneOS14.5.sdk/System/Library/PrivateFrameworks/StoreServices.framework/StoreServices.tbd
2026-06-03T08:46:51.9130290Z x iPhoneOS14.5.sdk/System/Library/PrivateFrameworks/AFKUser.framework/
2026-06-03T08:46:51.9130700Z x iPhoneOS14.5.sdk/System/Library/PrivateFrameworks/AFKUser.framework/AFKUser.tbd
2026-06-03T08:46:51.9131110Z x iPhoneOS14.5.sdk/System/Library/PrivateFrameworks/TeaSettings.framework/
2026-06-03T08:46:51.9131700Z x iPhoneOS14.5.sdk/System/Library/PrivateFrameworks/TeaSettings.framework/TeaSettings.tbd
2026-06-03T08:46:51.9132180Z x iPhoneOS14.5.sdk/System/Library/PrivateFrameworks/EmailAddressing.framework/
2026-06-03T08:46:51.9132660Z x iPhoneOS14.5.sdk/System/Library/PrivateFrameworks/EmailAddressing.framework/EmailAddressing.tbd
2026-06-03T08:46:51.9133160Z x iPhoneOS14.5.sdk/System/Library/PrivateFrameworks/TrackingAvoidance.framework/
2026-06-03T08:46:51.9133670Z x iPhoneOS14.5.sdk/System/Library/PrivateFrameworks/TrackingAvoidance.framework/TrackingAvoidance.tbd
2026-06-03T08:46:51.9134440Z x iPhoneOS14.5.sdk/System/Library/PrivateFrameworks/SpringBoardHome.framework/
2026-06-03T08:46:51.9134930Z x iPhoneOS14.5.sdk/System/Library/PrivateFrameworks/SpringBoardHome.framework/SpringBoardHome.tbd
2026-06-03T08:46:51.9135490Z x iPhoneOS14.5.sdk/System/Library/PrivateFrameworks/IMTransferAgent.framework/
2026-06-03T08:46:51.9135970Z x iPhoneOS14.5.sdk/System/Library/PrivateFrameworks/IMTransferAgent.framework/IMTransferAgent.tbd
2026-06-03T08:46:51.9136590Z x iPhoneOS14.5.sdk/System/Library/PrivateFrameworks/CallHistory.framework/
2026-06-03T08:46:51.9137040Z x iPhoneOS14.5.sdk/System/Library/PrivateFrameworks/CallHistory.framework/CallHistory.tbd
2026-06-03T08:46:51.9137540Z x iPhoneOS14.5.sdk/System/Library/PrivateFrameworks/PhotosImagingFoundation.framework/
2026-06-03T08:46:51.9138120Z x iPhoneOS14.5.sdk/System/Library/PrivateFrameworks/PhotosImagingFoundation.framework/PhotosImagingFoundation.tbd
2026-06-03T08:46:51.9138650Z x iPhoneOS14.5.sdk/System/Library/PrivateFrameworks/AppleCV3DHA.framework/
2026-06-03T08:46:51.9139100Z x iPhoneOS14.5.sdk/System/Library/PrivateFrameworks/AppleCV3DHA.framework/AppleCV3DHA.tbd
2026-06-03T08:46:51.9163980Z x iPhoneOS14.5.sdk/System/Library/PrivateFrameworks/MediaMiningKit.framework/
2026-06-03T08:46:51.9164690Z x iPhoneOS14.5.sdk/System/Library/PrivateFrameworks/MediaMiningKit.framework/MediaMiningKit.tbd
2026-06-03T08:46:51.9165150Z x iPhoneOS14.5.sdk/System/Library/PrivateFrameworks/NewsUI.framework/
2026-06-03T08:46:51.9165580Z x iPhoneOS14.5.sdk/System/Library/PrivateFrameworks/NewsUI.framework/NewsUI.tbd
2026-06-03T08:46:51.9166010Z x iPhoneOS14.5.sdk/System/Library/PrivateFrameworks/NetAppsUtilities.framework/
2026-06-03T08:46:51.9166680Z x iPhoneOS14.5.sdk/System/Library/PrivateFrameworks/NetAppsUtilities.framework/NetAppsUtilities.tbd
2026-06-03T08:46:51.9167180Z x iPhoneOS14.5.sdk/System/Library/PrivateFrameworks/OfficeImport.framework/
2026-06-03T08:46:51.9167640Z x iPhoneOS14.5.sdk/System/Library/PrivateFrameworks/OfficeImport.framework/OfficeImport.tbd
2026-06-03T08:46:51.9168120Z x iPhoneOS14.5.sdk/System/Library/PrivateFrameworks/BluetoothManager.framework/
2026-06-03T08:46:51.9168610Z x iPhoneOS14.5.sdk/System/Library/PrivateFrameworks/BluetoothManager.framework/BluetoothManager.tbd
2026-06-03T08:46:51.9169090Z x iPhoneOS14.5.sdk/System/Library/PrivateFrameworks/PLSnapshot.framework/
2026-06-03T08:46:51.9169540Z x iPhoneOS14.5.sdk/System/Library/PrivateFrameworks/PLSnapshot.framework/PLSnapshot.tbd
2026-06-03T08:46:51.9170010Z x iPhoneOS14.5.sdk/System/Library/PrivateFrameworks/AudioServerDriver.framework/
2026-06-03T08:46:51.9170520Z x iPhoneOS14.5.sdk/System/Library/PrivateFrameworks/AudioServerDriver.framework/AudioServerDriver.tbd
2026-06-03T08:46:51.9171100Z x iPhoneOS14.5.sdk/System/Library/PrivateFrameworks/SiriSignals.framework/
2026-06-03T08:46:51.9171560Z x iPhoneOS14.5.sdk/System/Library/PrivateFrameworks/SiriSignals.framework/SiriSignals.tbd
2026-06-03T08:46:51.9172010Z x iPhoneOS14.5.sdk/System/Library/PrivateFrameworks/IMTranscoding.framework/
2026-06-03T08:46:51.9172480Z x iPhoneOS14.5.sdk/System/Library/PrivateFrameworks/IMTranscoding.framework/IMTranscoding.tbd
2026-06-03T08:46:51.9172940Z x iPhoneOS14.5.sdk/System/Library/PrivateFrameworks/SplashBoard.framework/
2026-06-03T08:46:51.9173390Z x iPhoneOS14.5.sdk/System/Library/PrivateFrameworks/SplashBoard.framework/SplashBoard.tbd
2026-06-03T08:46:51.9173860Z x iPhoneOS14.5.sdk/System/Library/PrivateFrameworks/DoNotDisturbKit.framework/
2026-06-03T08:46:51.9174500Z x iPhoneOS14.5.sdk/System/Library/PrivateFrameworks/DoNotDisturbKit.framework/DoNotDisturbKit.tbd
2026-06-03T08:46:51.9175000Z x iPhoneOS14.5.sdk/System/Library/PrivateFrameworks/AirPlaySupport.framework/
2026-06-03T08:46:51.9175490Z x iPhoneOS14.5.sdk/System/Library/PrivateFrameworks/AirPlaySupport.framework/AirPlaySupport.tbd
2026-06-03T08:46:51.9175980Z x iPhoneOS14.5.sdk/System/Library/PrivateFrameworks/MediaFoundation.framework/
2026-06-03T08:46:51.9176470Z x iPhoneOS14.5.sdk/System/Library/PrivateFrameworks/MediaFoundation.framework/MediaFoundation.tbd
2026-06-03T08:46:51.9176960Z x iPhoneOS14.5.sdk/System/Library/PrivateFrameworks/DesktopServicesPriv.framework/
2026-06-03T08:46:51.9177500Z x iPhoneOS14.5.sdk/System/Library/PrivateFrameworks/DesktopServicesPriv.framework/DesktopServicesPriv.tbd
2026-06-03T08:46:51.9178420Z x iPhoneOS14.5.sdk/System/Library/PrivateFrameworks/OSAnalytics.framework/
2026-06-03T08:46:51.9178990Z x iPhoneOS14.5.sdk/System/Library/PrivateFrameworks/OSAnalytics.framework/OSAnalytics.tbd
2026-06-03T08:46:51.9179420Z x iPhoneOS14.5.sdk/System/Library/PrivateFrameworks/NLP.framework/
2026-06-03T08:46:51.9179800Z x iPhoneOS14.5.sdk/System/Library/PrivateFrameworks/NLP.framework/NLP.tbd
2026-06-03T08:46:51.9180220Z x iPhoneOS14.5.sdk/System/Library/PrivateFrameworks/WebContentAnalysis.framework/
2026-06-03T08:46:51.9180750Z x iPhoneOS14.5.sdk/System/Library/PrivateFrameworks/WebContentAnalysis.framework/WebContentAnalysis.tbd
2026-06-03T08:46:51.9181250Z x iPhoneOS14.5.sdk/System/Library/PrivateFrameworks/NewsTransport.framework/
2026-06-03T08:46:51.9181720Z x iPhoneOS14.5.sdk/System/Library/PrivateFrameworks/NewsTransport.framework/NewsTransport.tbd
2026-06-03T08:46:51.9182700Z x iPhoneOS14.5.sdk/System/Library/PrivateFrameworks/TeaTemplate.framework/
2026-06-03T08:46:51.9183180Z x iPhoneOS14.5.sdk/System/Library/PrivateFrameworks/TeaTemplate.framework/TeaTemplate.tbd
2026-06-03T08:46:51.9183620Z x iPhoneOS14.5.sdk/System/Library/PrivateFrameworks/AOSKit.framework/
2026-06-03T08:46:51.9184020Z x iPhoneOS14.5.sdk/System/Library/PrivateFrameworks/AOSKit.framework/AOSKit.tbd
2026-06-03T08:46:51.9184450Z x iPhoneOS14.5.sdk/System/Library/PrivateFrameworks/ScreenReaderCore.framework/
2026-06-03T08:46:51.9185010Z x iPhoneOS14.5.sdk/System/Library/PrivateFrameworks/ScreenReaderCore.framework/ScreenReaderCore.tbd
2026-06-03T08:46:51.9185510Z x iPhoneOS14.5.sdk/System/Library/PrivateFrameworks/IntentsCore.framework/
2026-06-03T08:46:51.9185960Z x iPhoneOS14.5.sdk/System/Library/PrivateFrameworks/IntentsCore.framework/IntentsCore.tbd
2026-06-03T08:46:51.9186390Z x iPhoneOS14.5.sdk/System/Library/PrivateFrameworks/MIME.framework/
2026-06-03T08:46:51.9189450Z x iPhoneOS14.5.sdk/System/Library/PrivateFrameworks/MIME.framework/MIME.tbd
2026-06-03T08:46:51.9189930Z x iPhoneOS14.5.sdk/System/Library/PrivateFrameworks/FMFCore.framework/
2026-06-03T08:46:51.9191340Z x iPhoneOS14.5.sdk/System/Library/PrivateFrameworks/FMFCore.framework/FMFCore.tbd
2026-06-03T08:46:51.9191880Z x iPhoneOS14.5.sdk/System/Library/PrivateFrameworks/PodcastsUI.framework/
2026-06-03T08:46:51.9193210Z x iPhoneOS14.5.sdk/System/Library/PrivateFrameworks/PodcastsUI.framework/PodcastsUI.tbd
2026-06-03T08:46:51.9197310Z x iPhoneOS14.5.sdk/System/Library/PrivateFrameworks/MobileSystemServices.framework/
2026-06-03T08:46:51.9198160Z x iPhoneOS14.5.sdk/System/Library/PrivateFrameworks/MobileSystemServices.framework/MobileSystemServices.tbd
2026-06-03T08:46:51.9198780Z x iPhoneOS14.5.sdk/System/Library/PrivateFrameworks/iTunesCloud.framework/
2026-06-03T08:46:51.9213340Z x iPhoneOS14.5.sdk/System/Library/PrivateFrameworks/iTunesCloud.framework/iTunesCloud.tbd
2026-06-03T08:46:51.9214290Z x iPhoneOS14.5.sdk/System/Library/PrivateFrameworks/PersonalizationPortraitInternals.framework/
2026-06-03T08:46:51.9219890Z x iPhoneOS14.5.sdk/System/Library/PrivateFrameworks/PersonalizationPortraitInternals.framework/PersonalizationPortraitInternals.tbd
2026-06-03T08:46:51.9220530Z x iPhoneOS14.5.sdk/System/Library/PrivateFrameworks/oncrpc.framework/
2026-06-03T08:46:51.9222270Z x iPhoneOS14.5.sdk/System/Library/PrivateFrameworks/oncrpc.framework/oncrpc.tbd
2026-06-03T08:46:51.9222710Z x iPhoneOS14.5.sdk/System/Library/PrivateFrameworks/AppleLDAP.framework/
2026-06-03T08:46:51.9224340Z x iPhoneOS14.5.sdk/System/Library/PrivateFrameworks/AppleLDAP.framework/AppleLDAP.tbd
2026-06-03T08:46:51.9225060Z x iPhoneOS14.5.sdk/System/Library/PrivateFrameworks/InputContext.framework/
2026-06-03T08:46:51.9229500Z x iPhoneOS14.5.sdk/System/Library/PrivateFrameworks/InputContext.framework/InputContext.tbd
2026-06-03T08:46:51.9230090Z x iPhoneOS14.5.sdk/System/Library/PrivateFrameworks/RespiratoryHealthUI.framework/
2026-06-03T08:46:51.9231160Z x iPhoneOS14.5.sdk/System/Library/PrivateFrameworks/RespiratoryHealthUI.framework/RespiratoryHealthUI.tbd
2026-06-03T08:46:51.9231690Z x iPhoneOS14.5.sdk/System/Library/PrivateFrameworks/CoreRepairCore.framework/
2026-06-03T08:46:51.9232600Z x iPhoneOS14.5.sdk/System/Library/PrivateFrameworks/CoreRepairCore.framework/CoreRepairCore.tbd
2026-06-03T08:46:51.9233160Z x iPhoneOS14.5.sdk/System/Library/PrivateFrameworks/QuickLookThumbnailingDaemon.framework/
2026-06-03T08:46:51.9234870Z x iPhoneOS14.5.sdk/System/Library/PrivateFrameworks/QuickLookThumbnailingDaemon.framework/QuickLookThumbnailingDaemon.tbd
2026-06-03T08:46:51.9235450Z x iPhoneOS14.5.sdk/System/Library/PrivateFrameworks/CoreCapture.framework/
2026-06-03T08:46:51.9236080Z x iPhoneOS14.5.sdk/System/Library/PrivateFrameworks/CoreCapture.framework/CoreCapture.tbd
2026-06-03T08:46:51.9236520Z x iPhoneOS14.5.sdk/System/Library/PrivateFrameworks/TipKit.framework/
2026-06-03T08:46:51.9237610Z x iPhoneOS14.5.sdk/System/Library/PrivateFrameworks/TipKit.framework/TipKit.tbd
2026-06-03T08:46:51.9238220Z x iPhoneOS14.5.sdk/System/Library/PrivateFrameworks/CalendarDatabase.framework/
2026-06-03T08:46:51.9251960Z x iPhoneOS14.5.sdk/System/Library/PrivateFrameworks/CalendarDatabase.framework/CalendarDatabase.tbd
2026-06-03T08:46:51.9252460Z x iPhoneOS14.5.sdk/System/Library/PrivateFrameworks/ANEServices.framework/
2026-06-03T08:46:51.9253860Z x iPhoneOS14.5.sdk/System/Library/PrivateFrameworks/ANEServices.framework/ANEServices.tbd
2026-06-03T08:46:51.9254360Z x iPhoneOS14.5.sdk/System/Library/PrivateFrameworks/ProtectedCloudStorage.framework/
2026-06-03T08:46:51.9255010Z x iPhoneOS14.5.sdk/System/Library/PrivateFrameworks/ProtectedCloudStorage.framework/ProtectedCloudStorage.tbd
2026-06-03T08:46:51.9255520Z x iPhoneOS14.5.sdk/System/Library/PrivateFrameworks/HID.framework/
2026-06-03T08:46:51.9256040Z x iPhoneOS14.5.sdk/System/Library/PrivateFrameworks/HID.framework/HID.tbd
2026-06-03T08:46:51.9256620Z x iPhoneOS14.5.sdk/System/Library/PrivateFrameworks/Timeline.framework/
2026-06-03T08:46:51.9257470Z x iPhoneOS14.5.sdk/System/Library/PrivateFrameworks/Timeline.framework/Timeline.tbd
2026-06-03T08:46:51.9257930Z x iPhoneOS14.5.sdk/System/Library/PrivateFrameworks/FlightUtilities.framework/
2026-06-03T08:46:51.9263670Z x iPhoneOS14.5.sdk/System/Library/PrivateFrameworks/FlightUtilities.framework/FlightUtilities.tbd
2026-06-03T08:46:51.9264150Z x iPhoneOS14.5.sdk/System/Library/PrivateFrameworks/WorkflowKit.framework/
2026-06-03T08:46:51.9272330Z x iPhoneOS14.5.sdk/System/Library/PrivateFrameworks/WorkflowKit.framework/WorkflowKit.tbd
2026-06-03T08:46:51.9272960Z x iPhoneOS14.5.sdk/System/Library/PrivateFrameworks/HealthDiagnosticExtensionCore.framework/
2026-06-03T08:46:51.9273740Z x iPhoneOS14.5.sdk/System/Library/PrivateFrameworks/HealthDiagnosticExtensionCore.framework/HealthDiagnosticExtensionCore.tbd
2026-06-03T08:46:51.9274460Z x iPhoneOS14.5.sdk/System/Library/PrivateFrameworks/CommonAuth.framework/
2026-06-03T08:46:51.9275110Z x iPhoneOS14.5.sdk/System/Library/PrivateFrameworks/CommonAuth.framework/CommonAuth.tbd
2026-06-03T08:46:51.9275740Z x iPhoneOS14.5.sdk/System/Library/PrivateFrameworks/VoiceShortcuts.framework/
2026-06-03T08:46:51.9282640Z x iPhoneOS14.5.sdk/System/Library/PrivateFrameworks/VoiceShortcuts.framework/VoiceShortcuts.tbd
2026-06-03T08:46:51.9283020Z x iPhoneOS14.5.sdk/usr/
2026-06-03T08:46:51.9283700Z x iPhoneOS14.5.sdk/usr/include/
2026-06-03T08:46:51.9284900Z x iPhoneOS14.5.sdk/usr/include/expat_external.h
2026-06-03T08:46:51.9285760Z x iPhoneOS14.5.sdk/usr/include/tgmath.h
2026-06-03T08:46:51.9286220Z x iPhoneOS14.5.sdk/usr/include/sys/
2026-06-03T08:46:51.9293800Z x iPhoneOS14.5.sdk/usr/include/sys/aio.h
2026-06-03T08:46:51.9294190Z x iPhoneOS14.5.sdk/usr/include/sys/stdio.h
2026-06-03T08:46:51.9295130Z x iPhoneOS14.5.sdk/usr/include/sys/syscall.h
2026-06-03T08:46:51.9296250Z x iPhoneOS14.5.sdk/usr/include/sys/types.h
2026-06-03T08:46:51.9296940Z x iPhoneOS14.5.sdk/usr/include/sys/msg.h
2026-06-03T08:46:51.9297780Z x iPhoneOS14.5.sdk/usr/include/sys/syslimits.h
2026-06-03T08:46:51.9298620Z x iPhoneOS14.5.sdk/usr/include/sys/errno.h
2026-06-03T08:46:51.9299100Z x iPhoneOS14.5.sdk/usr/include/sys/_pthread/
2026-06-03T08:46:51.9300040Z x iPhoneOS14.5.sdk/usr/include/sys/_pthread/_pthread_condattr_t.h
2026-06-03T08:46:51.9304550Z x iPhoneOS14.5.sdk/usr/include/sys/_pthread/_pthread_rwlock_t.h
2026-06-03T08:46:51.9305050Z x iPhoneOS14.5.sdk/usr/include/sys/_pthread/_pthread_cond_t.h
2026-06-03T08:46:51.9305890Z x iPhoneOS14.5.sdk/usr/include/sys/_pthread/_pthread_types.h
2026-06-03T08:46:51.9306940Z x iPhoneOS14.5.sdk/usr/include/sys/_pthread/_pthread_rwlockattr_t.h
2026-06-03T08:46:51.9307790Z x iPhoneOS14.5.sdk/usr/include/sys/_pthread/_pthread_once_t.h
2026-06-03T08:46:51.9309240Z x iPhoneOS14.5.sdk/usr/include/sys/_pthread/_pthread_key_t.h
2026-06-03T08:46:51.9309630Z x iPhoneOS14.5.sdk/usr/include/sys/_pthread/_pthread_mutexattr_t.h
2026-06-03T08:46:51.9310680Z x iPhoneOS14.5.sdk/usr/include/sys/_pthread/_pthread_t.h
2026-06-03T08:46:51.9311550Z x iPhoneOS14.5.sdk/usr/include/sys/_pthread/_pthread_attr_t.h
2026-06-03T08:46:51.9312580Z x iPhoneOS14.5.sdk/usr/include/sys/_pthread/_pthread_mutex_t.h
2026-06-03T08:46:51.9313380Z x iPhoneOS14.5.sdk/usr/include/sys/ucred.h
2026-06-03T08:46:51.9314450Z x iPhoneOS14.5.sdk/usr/include/sys/uio.h
2026-06-03T08:46:51.9315140Z x iPhoneOS14.5.sdk/usr/include/sys/utsname.h
2026-06-03T08:46:51.9316010Z x iPhoneOS14.5.sdk/usr/include/sys/ipc.h
2026-06-03T08:46:51.9316860Z x iPhoneOS14.5.sdk/usr/include/sys/select.h
2026-06-03T08:46:51.9324940Z x iPhoneOS14.5.sdk/usr/include/sys/cdefs.h
2026-06-03T08:46:51.9325890Z x iPhoneOS14.5.sdk/usr/include/sys/socket.h
2026-06-03T08:46:51.9332150Z x iPhoneOS14.5.sdk/usr/include/sys/stat.h
2026-06-03T08:46:51.9332850Z x iPhoneOS14.5.sdk/usr/include/sys/wait.h
2026-06-03T08:46:51.9333640Z x iPhoneOS14.5.sdk/usr/include/sys/acl.h
2026-06-03T08:46:51.9334440Z x iPhoneOS14.5.sdk/usr/include/sys/xattr.h
2026-06-03T08:46:51.9335200Z x iPhoneOS14.5.sdk/usr/include/sys/times.h
2026-06-03T08:46:51.9336580Z x iPhoneOS14.5.sdk/usr/include/sys/clonefile.h
2026-06-03T08:46:51.9337600Z x iPhoneOS14.5.sdk/usr/include/sys/shm.h
2026-06-03T08:46:51.9338580Z x iPhoneOS14.5.sdk/usr/include/sys/_posix_availability.h
2026-06-03T08:46:51.9339380Z x iPhoneOS14.5.sdk/usr/include/sys/spawn.h
2026-06-03T08:46:51.9340170Z x iPhoneOS14.5.sdk/usr/include/sys/lctx.h
2026-06-03T08:46:51.9345790Z x iPhoneOS14.5.sdk/usr/include/sys/_symbol_aliasing.h
2026-06-03T08:46:51.9358640Z x iPhoneOS14.5.sdk/usr/include/sys/quota.h
2026-06-03T08:46:51.9359840Z x iPhoneOS14.5.sdk/usr/include/sys/time.h
2026-06-03T08:46:51.9360270Z x iPhoneOS14.5.sdk/usr/include/sys/rbtree.h
2026-06-03T08:46:51.9360600Z x iPhoneOS14.5.sdk/usr/include/sys/queue.h
2026-06-03T08:46:51.9360920Z x iPhoneOS14.5.sdk/usr/include/sys/_endian.h
2026-06-03T08:46:51.9361230Z x iPhoneOS14.5.sdk/usr/include/sys/ioctl.h
2026-06-03T08:46:51.9361530Z x iPhoneOS14.5.sdk/usr/include/sys/un.h
2026-06-03T08:46:51.9361830Z x iPhoneOS14.5.sdk/usr/include/sys/lock.h
2026-06-03T08:46:51.9362140Z x iPhoneOS14.5.sdk/usr/include/sys/vmmeter.h
2026-06-03T08:46:51.9362460Z x iPhoneOS14.5.sdk/usr/include/sys/semaphore.h
2026-06-03T08:46:51.9362780Z x iPhoneOS14.5.sdk/usr/include/sys/ioccom.h
2026-06-03T08:46:51.9363140Z x iPhoneOS14.5.sdk/usr/include/sys/kdebug_signpost.h
2026-06-03T08:46:51.9364270Z x iPhoneOS14.5.sdk/usr/include/sys/sem.h
2026-06-03T08:46:51.9364930Z x iPhoneOS14.5.sdk/usr/include/sys/dir.h
2026-06-03T08:46:51.9386050Z x iPhoneOS14.5.sdk/usr/include/sys/ttydefaults.h
2026-06-03T08:46:51.9386670Z x iPhoneOS14.5.sdk/usr/include/sys/fsgetpath.h
2026-06-03T08:46:51.9387020Z x iPhoneOS14.5.sdk/usr/include/sys/vm.h
2026-06-03T08:46:51.9387440Z x iPhoneOS14.5.sdk/usr/include/sys/signal.h
2026-06-03T08:46:51.9387760Z x iPhoneOS14.5.sdk/usr/include/sys/filio.h
2026-06-03T08:46:51.9388080Z x iPhoneOS14.5.sdk/usr/include/sys/termios.h
2026-06-03T08:46:51.9388360Z x iPhoneOS14.5.sdk/usr/include/sys/poll.h
2026-06-03T08:46:51.9388690Z x iPhoneOS14.5.sdk/usr/include/sys/attr.h
2026-06-03T08:46:51.9389640Z x iPhoneOS14.5.sdk/usr/include/sys/mount.h
2026-06-03T08:46:51.9394400Z x iPhoneOS14.5.sdk/usr/include/sys/fcntl.h
2026-06-03T08:46:51.9395180Z x iPhoneOS14.5.sdk/usr/include/sys/timex.h
2026-06-03T08:46:51.9395630Z x iPhoneOS14.5.sdk/usr/include/sys/_types/
2026-06-03T08:46:51.9396480Z x iPhoneOS14.5.sdk/usr/include/sys/_types/_fd_clr.h
2026-06-03T08:46:51.9397250Z x iPhoneOS14.5.sdk/usr/include/sys/_types/_fd_isset.h
2026-06-03T08:46:51.9398020Z x iPhoneOS14.5.sdk/usr/include/sys/_types/_guid_t.h
2026-06-03T08:46:51.9399170Z x iPhoneOS14.5.sdk/usr/include/sys/_types/_clock_t.h
2026-06-03T08:46:51.9399980Z x iPhoneOS14.5.sdk/usr/include/sys/_types/_blkcnt_t.h
2026-06-03T08:46:51.9400830Z x iPhoneOS14.5.sdk/usr/include/sys/_types/_u_int16_t.h
2026-06-03T08:46:51.9401550Z x iPhoneOS14.5.sdk/usr/include/sys/_types/_ct_rune_t.h
2026-06-03T08:46:51.9402510Z x iPhoneOS14.5.sdk/usr/include/sys/_types/_null.h
2026-06-03T08:46:51.9403950Z x iPhoneOS14.5.sdk/usr/include/sys/_types/_sa_family_t.h
2026-06-03T08:46:51.9404560Z x iPhoneOS14.5.sdk/usr/include/sys/_types/_id_t.h
2026-06-03T08:46:51.9405470Z x iPhoneOS14.5.sdk/usr/include/sys/_types/_u_short.h
2026-06-03T08:46:51.9406380Z x iPhoneOS14.5.sdk/usr/include/sys/_types/_size_t.h
2026-06-03T08:46:51.9407390Z x iPhoneOS14.5.sdk/usr/include/sys/_types/_fsblkcnt_t.h
2026-06-03T08:46:51.9408240Z x iPhoneOS14.5.sdk/usr/include/sys/_types/_int64_t.h
2026-06-03T08:46:51.9409470Z x iPhoneOS14.5.sdk/usr/include/sys/_types/_timeval64.h
2026-06-03T08:46:51.9410330Z x iPhoneOS14.5.sdk/usr/include/sys/_types/_rsize_t.h
2026-06-03T08:46:51.9411300Z x iPhoneOS14.5.sdk/usr/include/sys/_types/_wint_t.h
2026-06-03T08:46:51.9412180Z x iPhoneOS14.5.sdk/usr/include/sys/_types/_u_int64_t.h
2026-06-03T08:46:51.9413170Z x iPhoneOS14.5.sdk/usr/include/sys/_types/_time_t.h
2026-06-03T08:46:51.9414590Z x iPhoneOS14.5.sdk/usr/include/sys/_types/_sigset_t.h
2026-06-03T08:46:51.9415150Z x iPhoneOS14.5.sdk/usr/include/sys/_types/_ssize_t.h
2026-06-03T08:46:51.9415820Z x iPhoneOS14.5.sdk/usr/include/sys/_types/_off_t.h
2026-06-03T08:46:51.9416570Z x iPhoneOS14.5.sdk/usr/include/sys/_types/_mbstate_t.h
2026-06-03T08:46:51.9417370Z x iPhoneOS14.5.sdk/usr/include/sys/_types/_fd_zero.h
2026-06-03T08:46:51.9419900Z x iPhoneOS14.5.sdk/usr/include/sys/_types/_caddr_t.h
2026-06-03T08:46:51.9421000Z x iPhoneOS14.5.sdk/usr/include/sys/_types/_u_int.h
2026-06-03T08:46:51.9421610Z x iPhoneOS14.5.sdk/usr/include/sys/_types/_key_t.h
2026-06-03T08:46:51.9422380Z x iPhoneOS14.5.sdk/usr/include/sys/_types/_in_addr_t.h
2026-06-03T08:46:51.9423350Z x iPhoneOS14.5.sdk/usr/include/sys/_types/_suseconds_t.h
2026-06-03T08:46:51.9424140Z x iPhoneOS14.5.sdk/usr/include/sys/_types/_iovec_t.h
2026-06-03T08:46:51.9425370Z x iPhoneOS14.5.sdk/usr/include/sys/_types/_s_ifmt.h
2026-06-03T08:46:51.9426080Z x iPhoneOS14.5.sdk/usr/include/sys/_types/_uid_t.h
2026-06-03T08:46:51.9426920Z x iPhoneOS14.5.sdk/usr/include/sys/_types/_offsetof.h
2026-06-03T08:46:51.9427770Z x iPhoneOS14.5.sdk/usr/include/sys/_types/_uuid_t.h
2026-06-03T08:46:51.9428680Z x iPhoneOS14.5.sdk/usr/include/sys/_types/_nlink_t.h
2026-06-03T08:46:51.9429510Z x iPhoneOS14.5.sdk/usr/include/sys/_types/_pid_t.h
2026-06-03T08:46:51.9430790Z x iPhoneOS14.5.sdk/usr/include/sys/_types/_sigaltstack.h
2026-06-03T08:46:51.9431540Z x iPhoneOS14.5.sdk/usr/include/sys/_types/_blksize_t.h
2026-06-03T08:46:51.9432510Z x iPhoneOS14.5.sdk/usr/include/sys/_types/_fsid_t.h
2026-06-03T08:46:51.9433260Z x iPhoneOS14.5.sdk/usr/include/sys/_types/_seek_set.h
2026-06-03T08:46:51.9434100Z x iPhoneOS14.5.sdk/usr/include/sys/_types/_timeval32.h
2026-06-03T08:46:51.9435550Z x iPhoneOS14.5.sdk/usr/include/sys/_types/_uintptr_t.h
2026-06-03T08:46:51.9436280Z x iPhoneOS14.5.sdk/usr/include/sys/_types/_ucontext64.h
2026-06-03T08:46:51.9437000Z x iPhoneOS14.5.sdk/usr/include/sys/_types/_wchar_t.h
2026-06-03T08:46:51.9437780Z x iPhoneOS14.5.sdk/usr/include/sys/_types/_fd_copy.h
2026-06-03T08:46:51.9438710Z x iPhoneOS14.5.sdk/usr/include/sys/_types/_u_int8_t.h
2026-06-03T08:46:51.9439330Z x iPhoneOS14.5.sdk/usr/include/sys/_types/_o_dsync.h
2026-06-03T08:46:51.9440440Z x iPhoneOS14.5.sdk/usr/include/sys/_types/_fd_setsize.h
2026-06-03T08:46:51.9441120Z x iPhoneOS14.5.sdk/usr/include/sys/_types/_socklen_t.h
2026-06-03T08:46:51.9441920Z x iPhoneOS14.5.sdk/usr/include/sys/_types/_u_int32_t.h
2026-06-03T08:46:51.9442980Z x iPhoneOS14.5.sdk/usr/include/sys/_types/_int8_t.h
2026-06-03T08:46:51.9444110Z x iPhoneOS14.5.sdk/usr/include/sys/_types/_posix_vdisable.h
2026-06-03T08:46:51.9446510Z x iPhoneOS14.5.sdk/usr/include/sys/_types/_dev_t.h
2026-06-03T08:46:51.9447300Z x iPhoneOS14.5.sdk/usr/include/sys/_types/_u_char.h
2026-06-03T08:46:51.9448060Z x iPhoneOS14.5.sdk/usr/include/sys/_types/_fd_def.h
2026-06-03T08:46:51.9448860Z x iPhoneOS14.5.sdk/usr/include/sys/_types/_va_list.h
2026-06-03T08:46:51.9450120Z x iPhoneOS14.5.sdk/usr/include/sys/_types/_fd_set.h
2026-06-03T08:46:51.9450980Z x iPhoneOS14.5.sdk/usr/include/sys/_types/_ino_t.h
2026-06-03T08:46:51.9451910Z x iPhoneOS14.5.sdk/usr/include/sys/_types/_errno_t.h
2026-06-03T08:46:51.9452730Z x iPhoneOS14.5.sdk/usr/include/sys/_types/_mode_t.h
2026-06-03T08:46:51.9453540Z x iPhoneOS14.5.sdk/usr/include/sys/_types/_ucontext.h
2026-06-03T08:46:51.9454430Z x iPhoneOS14.5.sdk/usr/include/sys/_types/_os_inline.h
2026-06-03T08:46:51.9455470Z x iPhoneOS14.5.sdk/usr/include/sys/_types/_ino64_t.h
2026-06-03T08:46:51.9456180Z x iPhoneOS14.5.sdk/usr/include/sys/_types/_gid_t.h
2026-06-03T08:46:51.9456990Z x iPhoneOS14.5.sdk/usr/include/sys/_types/_mach_port_t.h
2026-06-03T08:46:51.9457810Z x iPhoneOS14.5.sdk/usr/include/sys/_types/_o_sync.h
2026-06-03T08:46:51.9458730Z x iPhoneOS14.5.sdk/usr/include/sys/_types/_int16_t.h
2026-06-03T08:46:51.9459990Z x iPhoneOS14.5.sdk/usr/include/sys/_types/_filesec_t.h
2026-06-03T08:46:51.9460490Z x iPhoneOS14.5.sdk/usr/include/sys/_types/_fsfilcnt_t.h
2026-06-03T08:46:51.9461150Z x iPhoneOS14.5.sdk/usr/include/sys/_types/_timeval.h
2026-06-03T08:46:51.9461920Z x iPhoneOS14.5.sdk/usr/include/sys/_types/_useconds_t.h
2026-06-03T08:46:51.9462670Z x iPhoneOS14.5.sdk/usr/include/sys/_types/_rune_t.h
2026-06-03T08:46:51.9463480Z x iPhoneOS14.5.sdk/usr/include/sys/_types/_int32_t.h
2026-06-03T08:46:51.9464620Z x iPhoneOS14.5.sdk/usr/include/sys/_types/_in_port_t.h
2026-06-03T08:46:51.9465150Z x iPhoneOS14.5.sdk/usr/include/sys/_types/_fsobj_id_t.h
2026-06-03T08:46:51.9465880Z x iPhoneOS14.5.sdk/usr/include/sys/_types/_timespec.h
2026-06-03T08:46:51.9466670Z x iPhoneOS14.5.sdk/usr/include/sys/_types/_ptrdiff_t.h
2026-06-03T08:46:51.9467440Z x iPhoneOS14.5.sdk/usr/include/sys/_types/_intptr_t.h
2026-06-03T08:46:51.9468270Z x iPhoneOS14.5.sdk/usr/include/sys/appleapiopts.h
2026-06-03T08:46:51.9475720Z x iPhoneOS14.5.sdk/usr/include/sys/unistd.h
2026-06-03T08:46:51.9476090Z x iPhoneOS14.5.sdk/usr/include/sys/_structs.h
2026-06-03T08:46:51.9476660Z x iPhoneOS14.5.sdk/usr/include/sys/_types.h
2026-06-03T08:46:51.9477540Z x iPhoneOS14.5.sdk/usr/include/sys/mman.h
2026-06-03T08:46:51.9478310Z x iPhoneOS14.5.sdk/usr/include/sys/commpage.h
2026-06-03T08:46:51.9486000Z x iPhoneOS14.5.sdk/usr/include/sys/proc.h
2026-06-03T08:46:51.9486230Z x iPhoneOS14.5.sdk/usr/include/sys/paths.h
2026-06-03T08:46:51.9487530Z x iPhoneOS14.5.sdk/usr/include/sys/sysctl.h
2026-06-03T08:46:51.9488360Z x iPhoneOS14.5.sdk/usr/include/sys/vsock.h
2026-06-03T08:46:51.9489380Z x iPhoneOS14.5.sdk/usr/include/sys/resource.h
2026-06-03T08:46:51.9490190Z x iPhoneOS14.5.sdk/usr/include/sys/event.h
2026-06-03T08:46:51.9491410Z x iPhoneOS14.5.sdk/usr/include/sys/_select.h
2026-06-03T08:46:51.9492120Z x iPhoneOS14.5.sdk/usr/include/sys/sockio.h
2026-06-03T08:46:51.9497220Z x iPhoneOS14.5.sdk/usr/include/sys/snapshot.h
2026-06-03T08:46:51.9497930Z x iPhoneOS14.5.sdk/usr/include/sys/syslog.h
2026-06-03T08:46:51.9498720Z x iPhoneOS14.5.sdk/usr/include/sys/param.h
2026-06-03T08:46:51.9499900Z x iPhoneOS14.5.sdk/usr/include/sys/ucontext.h
2026-06-03T08:46:51.9500390Z x iPhoneOS14.5.sdk/usr/include/sys/lockstat.h
2026-06-03T08:46:51.9501150Z x iPhoneOS14.5.sdk/usr/include/sys/socketvar.h
2026-06-03T08:46:51.9501950Z x iPhoneOS14.5.sdk/usr/include/sys/timeb.h
2026-06-03T08:46:51.9502900Z x iPhoneOS14.5.sdk/usr/include/sys/log_data.h
2026-06-03T08:46:51.9503720Z x iPhoneOS14.5.sdk/usr/include/sys/qos.h
2026-06-03T08:46:51.9504860Z x iPhoneOS14.5.sdk/usr/include/sys/file.h
2026-06-03T08:46:51.9505820Z x iPhoneOS14.5.sdk/usr/include/sys/dirent.h
2026-06-03T08:46:51.9511370Z x iPhoneOS14.5.sdk/usr/include/sys/statvfs.h
2026-06-03T08:46:51.9511880Z x iPhoneOS14.5.sdk/usr/include/sys/ttycom.h
2026-06-03T08:46:51.9512770Z x iPhoneOS14.5.sdk/usr/include/sys/kauth.h
2026-06-03T08:46:51.9514780Z x iPhoneOS14.5.sdk/usr/include/aio.h
2026-06-03T08:46:51.9515600Z x iPhoneOS14.5.sdk/usr/include/libkern/
2026-06-03T08:46:51.9520070Z x iPhoneOS14.5.sdk/usr/include/libkern/OSAtomicDeprecated.h
2026-06-03T08:46:51.9520780Z x iPhoneOS14.5.sdk/usr/include/libkern/OSSpinLockDeprecated.h
2026-06-03T08:46:51.9521520Z x iPhoneOS14.5.sdk/usr/include/libkern/OSAtomic.h
2026-06-03T08:46:51.9521950Z x iPhoneOS14.5.sdk/usr/include/libkern/arm/
2026-06-03T08:46:51.9522790Z x iPhoneOS14.5.sdk/usr/include/libkern/arm/OSByteOrder.h
2026-06-03T08:46:51.9524250Z x iPhoneOS14.5.sdk/usr/include/libkern/OSByteOrder.h
2026-06-03T08:46:51.9524840Z x iPhoneOS14.5.sdk/usr/include/libkern/_OSByteOrder.h
2026-06-03T08:46:51.9525620Z x iPhoneOS14.5.sdk/usr/include/libkern/OSCacheControl.h
2026-06-03T08:46:51.9526280Z x iPhoneOS14.5.sdk/usr/include/libkern/OSAtomicQueue.h
2026-06-03T08:46:51.9527050Z x iPhoneOS14.5.sdk/usr/include/_xlocale.h
2026-06-03T08:46:51.9527770Z x iPhoneOS14.5.sdk/usr/include/ndbm.h
2026-06-03T08:46:51.9533950Z x iPhoneOS14.5.sdk/usr/include/cxxabi.h
2026-06-03T08:46:51.9534290Z x iPhoneOS14.5.sdk/usr/include/mpool.h
2026-06-03T08:46:51.9535100Z x iPhoneOS14.5.sdk/usr/include/xattr_flags.h
2026-06-03T08:46:51.9535990Z x iPhoneOS14.5.sdk/usr/include/_ctermid.h
2026-06-03T08:46:51.9536770Z x iPhoneOS14.5.sdk/usr/include/stdio.h
2026-06-03T08:46:51.9538110Z x iPhoneOS14.5.sdk/usr/include/ttyent.h
2026-06-03T08:46:51.9538740Z x iPhoneOS14.5.sdk/usr/include/standards.h
2026-06-03T08:46:51.9539190Z x iPhoneOS14.5.sdk/usr/include/pthread/
2026-06-03T08:46:51.9540010Z x iPhoneOS14.5.sdk/usr/include/pthread/stack_np.h
2026-06-03T08:46:51.9540880Z x iPhoneOS14.5.sdk/usr/include/pthread/spawn.h
2026-06-03T08:46:51.9541740Z x iPhoneOS14.5.sdk/usr/include/pthread/sched.h
2026-06-03T08:46:51.9542620Z x iPhoneOS14.5.sdk/usr/include/pthread/pthread_spis.h
2026-06-03T08:46:51.9543610Z x iPhoneOS14.5.sdk/usr/include/pthread/introspection.h
2026-06-03T08:46:51.9550230Z x iPhoneOS14.5.sdk/usr/include/pthread/pthread.h
2026-06-03T08:46:51.9550850Z x iPhoneOS14.5.sdk/usr/include/pthread/pthread_impl.h
2026-06-03T08:46:51.9551640Z x iPhoneOS14.5.sdk/usr/include/pthread/qos.h
2026-06-03T08:46:51.9552460Z x iPhoneOS14.5.sdk/usr/include/errno.h
2026-06-03T08:46:51.9553750Z x iPhoneOS14.5.sdk/usr/include/grp.h
2026-06-03T08:46:51.9554260Z x iPhoneOS14.5.sdk/usr/include/cpio.h
2026-06-03T08:46:51.9555110Z x iPhoneOS14.5.sdk/usr/include/removefile.h
2026-06-03T08:46:51.9555930Z x iPhoneOS14.5.sdk/usr/include/langinfo.h
2026-06-03T08:46:51.9562880Z x iPhoneOS14.5.sdk/usr/include/nameser.h
2026-06-03T08:46:51.9563660Z x iPhoneOS14.5.sdk/usr/include/stdint.modulemap
2026-06-03T08:46:51.9564680Z x iPhoneOS14.5.sdk/usr/include/stdlib.h
2026-06-03T08:46:51.9565390Z x iPhoneOS14.5.sdk/usr/include/tar.h
2026-06-03T08:46:51.9566100Z x iPhoneOS14.5.sdk/usr/include/getopt.h
2026-06-03T08:46:51.9567000Z x iPhoneOS14.5.sdk/usr/include/runetype.h
2026-06-03T08:46:51.9582600Z x iPhoneOS14.5.sdk/usr/include/AppleEXR.h
2026-06-03T08:46:51.9583430Z x iPhoneOS14.5.sdk/usr/include/membership.h
2026-06-03T08:46:51.9589230Z x iPhoneOS14.5.sdk/usr/include/asl.h
2026-06-03T08:46:51.9589560Z x iPhoneOS14.5.sdk/usr/include/mach/
2026-06-03T08:46:51.9590390Z x iPhoneOS14.5.sdk/usr/include/mach/thread_policy.h
2026-06-03T08:46:51.9591270Z x iPhoneOS14.5.sdk/usr/include/mach/mach_eventlink.h
2026-06-03T08:46:51.9592150Z x iPhoneOS14.5.sdk/usr/include/mach/host_special_ports.h
2026-06-03T08:46:51.9593360Z x iPhoneOS14.5.sdk/usr/include/mach/task_policy.h
2026-06-03T08:46:51.9597110Z x iPhoneOS14.5.sdk/usr/include/mach/host_security.h
2026-06-03T08:46:51.9597540Z x iPhoneOS14.5.sdk/usr/include/mach/exc.h
2026-06-03T08:46:51.9598500Z x iPhoneOS14.5.sdk/usr/include/mach/exception_types.h
2026-06-03T08:46:51.9599360Z x iPhoneOS14.5.sdk/usr/include/mach/dyld_kernel.h
2026-06-03T08:46:51.9600550Z x iPhoneOS14.5.sdk/usr/include/mach/processor.h
2026-06-03T08:46:51.9606250Z x iPhoneOS14.5.sdk/usr/include/mach/vm_map.h
2026-06-03T08:46:51.9606500Z x iPhoneOS14.5.sdk/usr/include/mach/processor_set.h
2026-06-03T08:46:51.9607160Z x iPhoneOS14.5.sdk/usr/include/mach/mach_vm.h
2026-06-03T08:46:51.9608000Z x iPhoneOS14.5.sdk/usr/include/mach/mach_time.h
2026-06-03T08:46:51.9608990Z x iPhoneOS14.5.sdk/usr/include/mach/kern_return.h
2026-06-03T08:46:51.9610470Z x iPhoneOS14.5.sdk/usr/include/mach/vm_region.h
2026-06-03T08:46:51.9611040Z x iPhoneOS14.5.sdk/usr/include/mach/mig.h
2026-06-03T08:46:51.9611910Z x iPhoneOS14.5.sdk/usr/include/mach/thread_state.h
2026-06-03T08:46:51.9612720Z x iPhoneOS14.5.sdk/usr/include/mach/memory_entry.h
2026-06-03T08:46:51.9613150Z x iPhoneOS14.5.sdk/usr/include/mach/arm/
2026-06-03T08:46:51.9617510Z x iPhoneOS14.5.sdk/usr/include/mach/arm/ndr_def.h
2026-06-03T08:46:51.9618700Z x iPhoneOS14.5.sdk/usr/include/mach/arm/kern_return.h
2026-06-03T08:46:51.9619510Z x iPhoneOS14.5.sdk/usr/include/mach/arm/thread_state.h
2026-06-03T08:46:51.9620390Z x iPhoneOS14.5.sdk/usr/include/mach/arm/processor_info.h
2026-06-03T08:46:51.9621280Z x iPhoneOS14.5.sdk/usr/include/mach/arm/vm_param.h
2026-06-03T08:46:51.9622020Z x iPhoneOS14.5.sdk/usr/include/mach/arm/boolean.h
2026-06-03T08:46:51.9622900Z x iPhoneOS14.5.sdk/usr/include/mach/arm/vm_types.h
2026-06-03T08:46:51.9623780Z x iPhoneOS14.5.sdk/usr/include/mach/arm/_structs.h
2026-06-03T08:46:51.9624610Z x iPhoneOS14.5.sdk/usr/include/mach/arm/traps.h
2026-06-03T08:46:51.9625380Z x iPhoneOS14.5.sdk/usr/include/mach/arm/asm.h
2026-06-03T08:46:51.9630640Z x iPhoneOS14.5.sdk/usr/include/mach/arm/thread_status.h
2026-06-03T08:46:51.9631390Z x iPhoneOS14.5.sdk/usr/include/mach/arm/rpc.h
2026-06-03T08:46:51.9632560Z x iPhoneOS14.5.sdk/usr/include/mach/arm/exception.h
2026-06-03T08:46:51.9633070Z x iPhoneOS14.5.sdk/usr/include/mach/host_info.h
2026-06-03T08:46:51.9633910Z x iPhoneOS14.5.sdk/usr/include/mach/host_reboot.h
2026-06-03T08:46:51.9635070Z x iPhoneOS14.5.sdk/usr/include/mach/vm_statistics.h
2026-06-03T08:46:51.9638820Z x iPhoneOS14.5.sdk/usr/include/mach/host_priv.h
2026-06-03T08:46:51.9639710Z x iPhoneOS14.5.sdk/usr/include/mach/vm_inherit.h
2026-06-03T08:46:51.9640520Z x iPhoneOS14.5.sdk/usr/include/mach/memory_object_types.h
2026-06-03T08:46:51.9641270Z x iPhoneOS14.5.sdk/usr/include/mach/error.h
2026-06-03T08:46:51.9647320Z x iPhoneOS14.5.sdk/usr/include/mach/mach_port.h
2026-06-03T08:46:51.9648240Z x iPhoneOS14.5.sdk/usr/include/mach/thread_info.h
2026-06-03T08:46:51.9648860Z x iPhoneOS14.5.sdk/usr/include/mach/clock.h
2026-06-03T08:46:51.9649650Z x iPhoneOS14.5.sdk/usr/include/mach/mach_error.h
2026-06-03T08:46:51.9650560Z x iPhoneOS14.5.sdk/usr/include/mach/clock_priv.h
2026-06-03T08:46:51.9651390Z x iPhoneOS14.5.sdk/usr/include/mach/port_obj.h
2026-06-03T08:46:51.9652740Z x iPhoneOS14.5.sdk/usr/include/mach/port.h
2026-06-03T08:46:51.9656100Z x iPhoneOS14.5.sdk/usr/include/mach/lock_set.h
2026-06-03T08:46:51.9656920Z x iPhoneOS14.5.sdk/usr/include/mach/bootstrap.h
2026-06-03T08:46:51.9663280Z x iPhoneOS14.5.sdk/usr/include/mach/task.h
2026-06-03T08:46:51.9664070Z x iPhoneOS14.5.sdk/usr/include/mach/vm_task.h
2026-06-03T08:46:51.9665320Z x iPhoneOS14.5.sdk/usr/include/mach/mach_param.h
2026-06-03T08:46:51.9667250Z x iPhoneOS14.5.sdk/usr/include/mach/host_notify.h
2026-06-03T08:46:51.9670120Z x iPhoneOS14.5.sdk/usr/include/mach/clock_reply.h
2026-06-03T08:46:51.9672810Z x iPhoneOS14.5.sdk/usr/include/mach/message.h
2026-06-03T08:46:51.9675120Z x iPhoneOS14.5.sdk/usr/include/mach/processor_info.h
2026-06-03T08:46:51.9676260Z x iPhoneOS14.5.sdk/usr/include/mach/machine/
2026-06-03T08:46:51.9678520Z x iPhoneOS14.5.sdk/usr/include/mach/machine/ndr_def.h
2026-06-03T08:46:51.9685560Z x iPhoneOS14.5.sdk/usr/include/mach/machine/kern_return.h
2026-06-03T08:46:51.9687800Z x iPhoneOS14.5.sdk/usr/include/mach/machine/thread_state.h
2026-06-03T08:46:51.9689730Z x iPhoneOS14.5.sdk/usr/include/mach/machine/processor_info.h
2026-06-03T08:46:51.9691810Z x iPhoneOS14.5.sdk/usr/include/mach/machine/vm_param.h
2026-06-03T08:46:51.9694130Z x iPhoneOS14.5.sdk/usr/include/mach/machine/boolean.h
2026-06-03T08:46:51.9698180Z x iPhoneOS14.5.sdk/usr/include/mach/machine/vm_types.h
2026-06-03T08:46:51.9699080Z x iPhoneOS14.5.sdk/usr/include/mach/machine/_structs.h
2026-06-03T08:46:51.9699920Z x iPhoneOS14.5.sdk/usr/include/mach/machine/asm.h
2026-06-03T08:46:51.9700800Z x iPhoneOS14.5.sdk/usr/include/mach/machine/thread_status.h
2026-06-03T08:46:51.9732130Z x iPhoneOS14.5.sdk/usr/include/mach/machine/rpc.h
2026-06-03T08:46:51.9733470Z x iPhoneOS14.5.sdk/usr/include/mach/machine/exception.h
2026-06-03T08:46:51.9739240Z x iPhoneOS14.5.sdk/usr/include/mach/vm_param.h
2026-06-03T08:46:51.9740230Z x iPhoneOS14.5.sdk/usr/include/mach/semaphore.h
2026-06-03T08:46:51.9741070Z x iPhoneOS14.5.sdk/usr/include/mach/kmod.h
2026-06-03T08:46:51.9741930Z x iPhoneOS14.5.sdk/usr/include/mach/mach_syscalls.h
2026-06-03T08:46:51.9742780Z x iPhoneOS14.5.sdk/usr/include/mach/vm_page_size.h
2026-06-03T08:46:51.9743070Z x iPhoneOS14.5.sdk/usr/include/mach/boolean.h
2026-06-03T08:46:51.9743320Z x iPhoneOS14.5.sdk/usr/include/mach/mach_host.h
2026-06-03T08:46:51.9743710Z x iPhoneOS14.5.sdk/usr/include/mach/task_inspect.h
2026-06-03T08:46:51.9743970Z x iPhoneOS14.5.sdk/usr/include/mach/policy.h
2026-06-03T08:46:51.9744230Z x iPhoneOS14.5.sdk/usr/include/mach/task_special_ports.h
2026-06-03T08:46:51.9744510Z x iPhoneOS14.5.sdk/usr/include/mach/mach_voucher.h
2026-06-03T08:46:51.9748500Z x iPhoneOS14.5.sdk/usr/include/mach/mach_voucher_types.h
2026-06-03T08:46:51.9750930Z x iPhoneOS14.5.sdk/usr/include/mach/vm_types.h
2026-06-03T08:46:51.9753770Z x iPhoneOS14.5.sdk/usr/include/mach/audit_triggers_types.h
2026-06-03T08:46:51.9755840Z x iPhoneOS14.5.sdk/usr/include/mach/mig_voucher_support.h
2026-06-03T08:46:51.9761410Z x iPhoneOS14.5.sdk/usr/include/mach/vm_purgable.h
2026-06-03T08:46:51.9762230Z x iPhoneOS14.5.sdk/usr/include/mach/machine.h
2026-06-03T08:46:51.9763000Z x iPhoneOS14.5.sdk/usr/include/mach/sync.h
2026-06-03T08:46:51.9763820Z x iPhoneOS14.5.sdk/usr/include/mach/mach_traps.h
2026-06-03T08:46:51.9765320Z x iPhoneOS14.5.sdk/usr/include/mach/mig_errors.h
2026-06-03T08:46:51.9765620Z x iPhoneOS14.5.sdk/usr/include/mach/mach_types.h
2026-06-03T08:46:51.9766370Z x iPhoneOS14.5.sdk/usr/include/mach/notify.h
2026-06-03T08:46:51.9767150Z x iPhoneOS14.5.sdk/usr/include/mach/vm_behavior.h
2026-06-03T08:46:51.9767900Z x iPhoneOS14.5.sdk/usr/include/mach/mach_right.h
2026-06-03T08:46:51.9771910Z x iPhoneOS14.5.sdk/usr/include/mach/time_value.h
2026-06-03T08:46:51.9772900Z x iPhoneOS14.5.sdk/usr/include/mach/thread_switch.h
2026-06-03T08:46:51.9773680Z x iPhoneOS14.5.sdk/usr/include/mach/task_info.h
2026-06-03T08:46:51.9774460Z x iPhoneOS14.5.sdk/usr/include/mach/vm_prot.h
2026-06-03T08:46:51.9775210Z x iPhoneOS14.5.sdk/usr/include/mach/std_types.h
2026-06-03T08:46:51.9775980Z x iPhoneOS14.5.sdk/usr/include/mach/ndr.h
2026-06-03T08:46:51.9777680Z x iPhoneOS14.5.sdk/usr/include/mach/mach_interface.h
2026-06-03T08:46:51.9780850Z x iPhoneOS14.5.sdk/usr/include/mach/thread_act.h
2026-06-03T08:46:51.9781650Z x iPhoneOS14.5.sdk/usr/include/mach/thread_status.h
2026-06-03T08:46:51.9782400Z x iPhoneOS14.5.sdk/usr/include/mach/clock_types.h
2026-06-03T08:46:51.9783900Z x iPhoneOS14.5.sdk/usr/include/mach/thread_special_ports.h
2026-06-03T08:46:51.9784230Z x iPhoneOS14.5.sdk/usr/include/mach/mig_strncpy_zerofill_support.h
2026-06-03T08:46:51.9784870Z x iPhoneOS14.5.sdk/usr/include/mach/rpc.h
2026-06-03T08:46:51.9785710Z x iPhoneOS14.5.sdk/usr/include/mach/vm_attributes.h
2026-06-03T08:46:51.9786630Z x iPhoneOS14.5.sdk/usr/include/mach/sync_policy.h
2026-06-03T08:46:51.9787430Z x iPhoneOS14.5.sdk/usr/include/mach/vm_sync.h
2026-06-03T08:46:51.9790540Z x iPhoneOS14.5.sdk/usr/include/mach/exception.h
2026-06-03T08:46:51.9790760Z x iPhoneOS14.5.sdk/usr/include/mach/mach.h
2026-06-03T08:46:51.9795350Z x iPhoneOS14.5.sdk/usr/include/mach/mach_init.h
2026-06-03T08:46:51.9796130Z x iPhoneOS14.5.sdk/usr/include/libxml/
2026-06-03T08:46:51.9798110Z x iPhoneOS14.5.sdk/usr/include/libxml/xmlmodule.h
2026-06-03T08:46:51.9798280Z x iPhoneOS14.5.sdk/usr/include/libxml/nanohttp.h
2026-06-03T08:46:51.9798550Z x iPhoneOS14.5.sdk/usr/include/libxml/DOCBparser.h
2026-06-03T08:46:51.9800170Z x iPhoneOS14.5.sdk/usr/include/libxml/module.modulemap
2026-06-03T08:46:51.9801880Z x iPhoneOS14.5.sdk/usr/include/libxml/hash.h
2026-06-03T08:46:51.9805360Z x iPhoneOS14.5.sdk/usr/include/libxml/xlink.h
2026-06-03T08:46:51.9805840Z x iPhoneOS14.5.sdk/usr/include/libxml/xpointer.h
2026-06-03T08:46:51.9806340Z x iPhoneOS14.5.sdk/usr/include/libxml/entities.h
2026-06-03T08:46:51.9807970Z x iPhoneOS14.5.sdk/usr/include/libxml/xinclude.h
2026-06-03T08:46:51.9811300Z x iPhoneOS14.5.sdk/usr/include/libxml/xmlwriter.h
2026-06-03T08:46:51.9817090Z x iPhoneOS14.5.sdk/usr/include/libxml/catalog.h
2026-06-03T08:46:51.9817610Z x iPhoneOS14.5.sdk/usr/include/libxml/globals.h
2026-06-03T08:46:51.9818000Z x iPhoneOS14.5.sdk/usr/include/libxml/SAX.h
2026-06-03T08:46:51.9819690Z x iPhoneOS14.5.sdk/usr/include/libxml/relaxng.h
2026-06-03T08:46:51.9824430Z x iPhoneOS14.5.sdk/usr/include/libxml/debugXML.h
2026-06-03T08:46:51.9825000Z x iPhoneOS14.5.sdk/usr/include/libxml/valid.h
2026-06-03T08:46:51.9825530Z x iPhoneOS14.5.sdk/usr/include/libxml/pattern.h
2026-06-03T08:46:51.9831900Z x iPhoneOS14.5.sdk/usr/include/libxml/HTMLparser.h
2026-06-03T08:46:51.9832420Z x iPhoneOS14.5.sdk/usr/include/libxml/xmlversion.h
2026-06-03T08:46:51.9834600Z x iPhoneOS14.5.sdk/usr/include/libxml/xpath.h
2026-06-03T08:46:51.9835000Z x iPhoneOS14.5.sdk/usr/include/libxml/uri.h
2026-06-03T08:46:51.9835540Z x iPhoneOS14.5.sdk/usr/include/libxml/xmlreader.h
2026-06-03T08:46:51.9841090Z x iPhoneOS14.5.sdk/usr/include/libxml/schemasInternals.h
2026-06-03T08:46:51.9841500Z x iPhoneOS14.5.sdk/usr/include/libxml/xmlstring.h
2026-06-03T08:46:51.9842470Z x iPhoneOS14.5.sdk/usr/include/libxml/xmlIO.h
2026-06-03T08:46:51.9843680Z x iPhoneOS14.5.sdk/usr/include/libxml/xmlunicode.h
2026-06-03T08:46:51.9847280Z x iPhoneOS14.5.sdk/usr/include/libxml/dict.h
2026-06-03T08:46:51.9848060Z x iPhoneOS14.5.sdk/usr/include/libxml/xmlschemastypes.h
2026-06-03T08:46:51.9848670Z x iPhoneOS14.5.sdk/usr/include/libxml/xmlregexp.h
2026-06-03T08:46:51.9849870Z x iPhoneOS14.5.sdk/usr/include/libxml/SAX2.h
2026-06-03T08:46:51.9850420Z x iPhoneOS14.5.sdk/usr/include/libxml/xmlschemas.h
2026-06-03T08:46:51.9860510Z x iPhoneOS14.5.sdk/usr/include/libxml/HTMLtree.h
2026-06-03T08:46:51.9861860Z x iPhoneOS14.5.sdk/usr/include/libxml/xmlautomata.h
2026-06-03T08:46:51.9862220Z x iPhoneOS14.5.sdk/usr/include/libxml/xmlexports.h
2026-06-03T08:46:51.9862480Z x iPhoneOS14.5.sdk/usr/include/libxml/chvalid.h
2026-06-03T08:46:51.9863090Z x iPhoneOS14.5.sdk/usr/include/libxml/threads.h
2026-06-03T08:46:51.9864560Z x iPhoneOS14.5.sdk/usr/include/libxml/xmlsave.h
2026-06-03T08:46:51.9865780Z x iPhoneOS14.5.sdk/usr/include/libxml/list.h
2026-06-03T08:46:51.9866750Z x iPhoneOS14.5.sdk/usr/include/libxml/xmlerror.h
2026-06-03T08:46:51.9873620Z x iPhoneOS14.5.sdk/usr/include/libxml/tree.h
2026-06-03T08:46:51.9874290Z x iPhoneOS14.5.sdk/usr/include/libxml/c14n.h
2026-06-03T08:46:51.9881310Z x iPhoneOS14.5.sdk/usr/include/libxml/parser.h
2026-06-03T08:46:51.9881850Z x iPhoneOS14.5.sdk/usr/include/libxml/schematron.h
2026-06-03T08:46:51.9882880Z x iPhoneOS14.5.sdk/usr/include/libxml/xmlmemory.h
2026-06-03T08:46:51.9883600Z x iPhoneOS14.5.sdk/usr/include/libxml/xpathInternals.h
2026-06-03T08:46:51.9884410Z x iPhoneOS14.5.sdk/usr/include/libxml/nanoftp.h
2026-06-03T08:46:51.9885980Z x iPhoneOS14.5.sdk/usr/include/libxml/encoding.h
2026-06-03T08:46:51.9893830Z x iPhoneOS14.5.sdk/usr/include/libxml/parserInternals.h
2026-06-03T08:46:51.9893970Z x iPhoneOS14.5.sdk/usr/include/fenv.h
2026-06-03T08:46:51.9894370Z x iPhoneOS14.5.sdk/usr/include/CommonCrypto/
2026-06-03T08:46:51.9895270Z x iPhoneOS14.5.sdk/usr/include/CommonCrypto/CommonSymmetricKeywrap.h
2026-06-03T08:46:51.9896100Z x iPhoneOS14.5.sdk/usr/include/CommonCrypto/module.modulemap
2026-06-03T08:46:51.9902110Z x iPhoneOS14.5.sdk/usr/include/CommonCrypto/CommonCryptor.h
2026-06-03T08:46:51.9903040Z x iPhoneOS14.5.sdk/usr/include/CommonCrypto/CommonHMAC.h
2026-06-03T08:46:51.9903980Z x iPhoneOS14.5.sdk/usr/include/CommonCrypto/CommonDigest.h
2026-06-03T08:46:51.9904790Z x iPhoneOS14.5.sdk/usr/include/CommonCrypto/CommonRandom.h
2026-06-03T08:46:51.9905630Z x iPhoneOS14.5.sdk/usr/include/CommonCrypto/CommonCryptoError.h
2026-06-03T08:46:51.9906370Z x iPhoneOS14.5.sdk/usr/include/CommonCrypto/CommonCrypto.h
2026-06-03T08:46:51.9908280Z x iPhoneOS14.5.sdk/usr/include/CommonCrypto/CommonKeyDerivation.h
2026-06-03T08:46:51.9911670Z x iPhoneOS14.5.sdk/usr/include/glob.h
2026-06-03T08:46:51.9912530Z x iPhoneOS14.5.sdk/usr/include/AvailabilityVersions.h
2026-06-03T08:46:51.9918000Z x iPhoneOS14.5.sdk/usr/include/string.h
2026-06-03T08:46:51.9918560Z x iPhoneOS14.5.sdk/usr/include/module.modulemap
2026-06-03T08:46:51.9919010Z x iPhoneOS14.5.sdk/usr/include/device/
2026-06-03T08:46:51.9920100Z x iPhoneOS14.5.sdk/usr/include/device/device_types.h
2026-06-03T08:46:51.9921220Z x iPhoneOS14.5.sdk/usr/include/libunwind.h
2026-06-03T08:46:51.9921410Z x iPhoneOS14.5.sdk/usr/include/alloca.h
2026-06-03T08:46:51.9922330Z x iPhoneOS14.5.sdk/usr/include/fstab.h
2026-06-03T08:46:51.9923030Z x iPhoneOS14.5.sdk/usr/include/notify_keys.h
2026-06-03T08:46:51.9923480Z x iPhoneOS14.5.sdk/usr/include/libxml2/
2026-06-03T08:46:51.9923810Z x iPhoneOS14.5.sdk/usr/include/libxml2/libxml/
2026-06-03T08:46:51.9924760Z x iPhoneOS14.5.sdk/usr/include/libxml2/libxml/xmlmodule.h
2026-06-03T08:46:51.9926450Z x iPhoneOS14.5.sdk/usr/include/libxml2/libxml/nanohttp.h
2026-06-03T08:46:51.9927260Z x iPhoneOS14.5.sdk/usr/include/libxml2/libxml/DOCBparser.h
2026-06-03T08:46:51.9928490Z x iPhoneOS14.5.sdk/usr/include/libxml2/libxml/module.modulemap
2026-06-03T08:46:51.9928810Z x iPhoneOS14.5.sdk/usr/include/libxml2/libxml/hash.h
2026-06-03T08:46:51.9929670Z x iPhoneOS14.5.sdk/usr/include/libxml2/libxml/xlink.h
2026-06-03T08:46:51.9930910Z x iPhoneOS14.5.sdk/usr/include/libxml2/libxml/xpointer.h
2026-06-03T08:46:51.9931390Z x iPhoneOS14.5.sdk/usr/include/libxml2/libxml/entities.h
2026-06-03T08:46:51.9932260Z x iPhoneOS14.5.sdk/usr/include/libxml2/libxml/xinclude.h
2026-06-03T08:46:51.9933020Z x iPhoneOS14.5.sdk/usr/include/libxml2/libxml/xmlwriter.h
2026-06-03T08:46:51.9933850Z x iPhoneOS14.5.sdk/usr/include/libxml2/libxml/catalog.h
2026-06-03T08:46:51.9935580Z x iPhoneOS14.5.sdk/usr/include/libxml2/libxml/globals.h
2026-06-03T08:46:51.9936350Z x iPhoneOS14.5.sdk/usr/include/libxml2/libxml/SAX.h
2026-06-03T08:46:51.9938800Z x iPhoneOS14.5.sdk/usr/include/libxml2/libxml/relaxng.h
2026-06-03T08:46:51.9939230Z x iPhoneOS14.5.sdk/usr/include/libxml2/libxml/debugXML.h
2026-06-03T08:46:51.9940180Z x iPhoneOS14.5.sdk/usr/include/libxml2/libxml/valid.h
2026-06-03T08:46:51.9940360Z x iPhoneOS14.5.sdk/usr/include/libxml2/libxml/pattern.h
2026-06-03T08:46:51.9940530Z x iPhoneOS14.5.sdk/usr/include/libxml2/libxml/HTMLparser.h
2026-06-03T08:46:51.9942390Z x iPhoneOS14.5.sdk/usr/include/libxml2/libxml/xmlversion.h
2026-06-03T08:46:51.9943390Z x iPhoneOS14.5.sdk/usr/include/libxml2/libxml/xpath.h
2026-06-03T08:46:51.9944800Z x iPhoneOS14.5.sdk/usr/include/libxml2/libxml/uri.h
2026-06-03T08:46:51.9945030Z x iPhoneOS14.5.sdk/usr/include/libxml2/libxml/xmlreader.h
2026-06-03T08:46:51.9946300Z x iPhoneOS14.5.sdk/usr/include/libxml2/libxml/schemasInternals.h
2026-06-03T08:46:51.9947960Z x iPhoneOS14.5.sdk/usr/include/libxml2/libxml/xmlstring.h
2026-06-03T08:46:51.9948670Z x iPhoneOS14.5.sdk/usr/include/libxml2/libxml/xmlIO.h
2026-06-03T08:46:51.9949630Z x iPhoneOS14.5.sdk/usr/include/libxml2/libxml/xmlunicode.h
2026-06-03T08:46:51.9951280Z x iPhoneOS14.5.sdk/usr/include/libxml2/libxml/dict.h
2026-06-03T08:46:51.9952610Z x iPhoneOS14.5.sdk/usr/include/libxml2/libxml/xmlschemastypes.h
2026-06-03T08:46:51.9953640Z x iPhoneOS14.5.sdk/usr/include/libxml2/libxml/xmlregexp.h
2026-06-03T08:46:51.9953950Z x iPhoneOS14.5.sdk/usr/include/libxml2/libxml/SAX2.h
2026-06-03T08:46:51.9954820Z x iPhoneOS14.5.sdk/usr/include/libxml2/libxml/xmlschemas.h
2026-06-03T08:46:51.9955510Z x iPhoneOS14.5.sdk/usr/include/libxml2/libxml/HTMLtree.h
2026-06-03T08:46:51.9956550Z x iPhoneOS14.5.sdk/usr/include/libxml2/libxml/xmlautomata.h
2026-06-03T08:46:51.9958070Z x iPhoneOS14.5.sdk/usr/include/libxml2/libxml/xmlexports.h
2026-06-03T08:46:51.9958900Z x iPhoneOS14.5.sdk/usr/include/libxml2/libxml/chvalid.h
2026-06-03T08:46:51.9959700Z x iPhoneOS14.5.sdk/usr/include/libxml2/libxml/threads.h
2026-06-03T08:46:51.9961010Z x iPhoneOS14.5.sdk/usr/include/libxml2/libxml/xmlsave.h
2026-06-03T08:46:51.9961620Z x iPhoneOS14.5.sdk/usr/include/libxml2/libxml/list.h
2026-06-03T08:46:51.9962260Z x iPhoneOS14.5.sdk/usr/include/libxml2/libxml/xmlerror.h
2026-06-03T08:46:51.9964330Z x iPhoneOS14.5.sdk/usr/include/libxml2/libxml/tree.h
2026-06-03T08:46:51.9964940Z x iPhoneOS14.5.sdk/usr/include/libxml2/libxml/c14n.h
2026-06-03T08:46:51.9967340Z x iPhoneOS14.5.sdk/usr/include/libxml2/libxml/parser.h
2026-06-03T08:46:51.9968990Z x iPhoneOS14.5.sdk/usr/include/libxml2/libxml/schematron.h
2026-06-03T08:46:51.9971030Z x iPhoneOS14.5.sdk/usr/include/libxml2/libxml/xmlmemory.h
2026-06-03T08:46:51.9974520Z x iPhoneOS14.5.sdk/usr/include/libxml2/libxml/xpathInternals.h
2026-06-03T08:46:51.9974670Z x iPhoneOS14.5.sdk/usr/include/libxml2/libxml/nanoftp.h
2026-06-03T08:46:51.9974780Z x iPhoneOS14.5.sdk/usr/include/libxml2/libxml/encoding.h
2026-06-03T08:46:51.9979780Z x iPhoneOS14.5.sdk/usr/include/libxml2/libxml/parserInternals.h
2026-06-03T08:46:51.9980940Z x iPhoneOS14.5.sdk/usr/include/MacTypes.h
2026-06-03T08:46:51.9981720Z x iPhoneOS14.5.sdk/usr/include/ntsid.h
2026-06-03T08:46:51.9982780Z x iPhoneOS14.5.sdk/usr/include/arm/
2026-06-03T08:46:51.9983480Z x iPhoneOS14.5.sdk/usr/include/arm/types.h
2026-06-03T08:46:51.9984510Z x iPhoneOS14.5.sdk/usr/include/arm/_limits.h
2026-06-03T08:46:51.9985730Z x iPhoneOS14.5.sdk/usr/include/arm/endian.h
2026-06-03T08:46:51.9986720Z x iPhoneOS14.5.sdk/usr/include/arm/signal.h
2026-06-03T08:46:51.9987340Z x iPhoneOS14.5.sdk/usr/include/arm/arch.h
2026-06-03T08:46:51.9988280Z x iPhoneOS14.5.sdk/usr/include/arm/_types.h
2026-06-03T08:46:51.9988850Z x iPhoneOS14.5.sdk/usr/include/arm/_param.h
2026-06-03T08:46:51.9994760Z x iPhoneOS14.5.sdk/usr/include/arm/param.h
2026-06-03T08:46:51.9994850Z x iPhoneOS14.5.sdk/usr/include/arm/_mcontext.h
2026-06-03T08:46:52.0004920Z x iPhoneOS14.5.sdk/usr/include/arm/limits.h
2026-06-03T08:46:52.0005160Z x iPhoneOS14.5.sdk/usr/include/arm64/
2026-06-03T08:46:52.0005500Z x iPhoneOS14.5.sdk/usr/include/arm64/hv/
2026-06-03T08:46:52.0005730Z x iPhoneOS14.5.sdk/usr/include/arm64/hv/hv_kern_types.h
2026-06-03T08:46:52.0005930Z x iPhoneOS14.5.sdk/usr/include/bzlib.h
2026-06-03T08:46:52.0006030Z x iPhoneOS14.5.sdk/usr/include/AssertMacros.h
2026-06-03T08:46:52.0006390Z x iPhoneOS14.5.sdk/usr/include/nl_types.h
2026-06-03T08:46:52.0006470Z x iPhoneOS14.5.sdk/usr/include/zconf.h
2026-06-03T08:46:52.0006540Z x iPhoneOS14.5.sdk/usr/include/dns.h
2026-06-03T08:46:52.0007320Z x iPhoneOS14.5.sdk/usr/include/Darwin.apinotes
2026-06-03T08:46:52.0007620Z x iPhoneOS14.5.sdk/usr/include/simd/
2026-06-03T08:46:52.0016170Z x iPhoneOS14.5.sdk/usr/include/simd/common.h
2026-06-03T08:46:52.0016820Z x iPhoneOS14.5.sdk/usr/include/simd/types.h
2026-06-03T08:46:52.0017400Z x iPhoneOS14.5.sdk/usr/include/simd/module.modulemap
2026-06-03T08:46:52.0023110Z x iPhoneOS14.5.sdk/usr/include/simd/logic.h
2026-06-03T08:46:52.0032610Z x iPhoneOS14.5.sdk/usr/include/simd/math.h
2026-06-03T08:46:52.0033190Z x iPhoneOS14.5.sdk/usr/include/simd/matrix_types.h
2026-06-03T08:46:52.0040080Z x iPhoneOS14.5.sdk/usr/include/simd/geometry.h
2026-06-03T08:46:52.0040610Z x iPhoneOS14.5.sdk/usr/include/simd/extern.h
2026-06-03T08:46:52.0041480Z x iPhoneOS14.5.sdk/usr/include/simd/base.h
2026-06-03T08:46:52.0045690Z x iPhoneOS14.5.sdk/usr/include/simd/packed.h
2026-06-03T08:46:52.0048960Z x iPhoneOS14.5.sdk/usr/include/simd/vector_types.h
2026-06-03T08:46:52.0058340Z x iPhoneOS14.5.sdk/usr/include/simd/vector_make.h
2026-06-03T08:46:52.0059360Z x iPhoneOS14.5.sdk/usr/include/simd/simd.h
2026-06-03T08:46:52.0066080Z x iPhoneOS14.5.sdk/usr/include/simd/matrix.h
2026-06-03T08:46:52.0066400Z x iPhoneOS14.5.sdk/usr/include/simd/vector.h
2026-06-03T08:46:52.0076530Z x iPhoneOS14.5.sdk/usr/include/simd/conversion.h
2026-06-03T08:46:52.0081630Z x iPhoneOS14.5.sdk/usr/include/simd/quaternion.h
2026-06-03T08:46:52.0083270Z x iPhoneOS14.5.sdk/usr/include/sys__types.modulemap
2026-06-03T08:46:52.0083530Z x iPhoneOS14.5.sdk/usr/include/utmpx.h
2026-06-03T08:46:52.0084600Z x iPhoneOS14.5.sdk/usr/include/sysexits.h
2026-06-03T08:46:52.0085680Z x iPhoneOS14.5.sdk/usr/include/Endian.h
2026-06-03T08:46:52.0086030Z x iPhoneOS14.5.sdk/usr/include/Block.h
2026-06-03T08:46:52.0087100Z x iPhoneOS14.5.sdk/usr/include/spawn.h
2026-06-03T08:46:52.0091240Z x iPhoneOS14.5.sdk/usr/include/complex.h
2026-06-03T08:46:52.0091740Z x iPhoneOS14.5.sdk/usr/include/stddef.h
2026-06-03T08:46:52.0092540Z x iPhoneOS14.5.sdk/usr/include/inttypes.h
2026-06-03T08:46:52.0093410Z x iPhoneOS14.5.sdk/usr/include/sys_types.modulemap
2026-06-03T08:46:52.0095550Z x iPhoneOS14.5.sdk/usr/include/__cxxabi_config.h
2026-06-03T08:46:52.0106910Z x iPhoneOS14.5.sdk/usr/include/AvailabilityMacros.h
2026-06-03T08:46:52.0107550Z x iPhoneOS14.5.sdk/usr/include/ftw.h
2026-06-03T08:46:52.0109220Z x iPhoneOS14.5.sdk/usr/include/sched.h
2026-06-03T08:46:52.0115360Z x iPhoneOS14.5.sdk/usr/include/math.h
2026-06-03T08:46:52.0116030Z x iPhoneOS14.5.sdk/usr/include/bitstring.h
2026-06-03T08:46:52.0116860Z x iPhoneOS14.5.sdk/usr/include/iso646.h
2026-06-03T08:46:52.0117780Z x iPhoneOS14.5.sdk/usr/include/time.h
2026-06-03T08:46:52.0119320Z x iPhoneOS14.5.sdk/usr/include/err.h
2026-06-03T08:46:52.0119450Z x iPhoneOS14.5.sdk/usr/include/architecture/
2026-06-03T08:46:52.0120050Z x iPhoneOS14.5.sdk/usr/include/architecture/byte_order.h
2026-06-03T08:46:52.0120510Z x iPhoneOS14.5.sdk/usr/include/AppleArchive/
2026-06-03T08:46:52.0121340Z x iPhoneOS14.5.sdk/usr/include/AppleArchive/AppleArchive.h
2026-06-03T08:46:52.0122230Z x iPhoneOS14.5.sdk/usr/include/AppleArchive/AAArchiveStream.h
2026-06-03T08:46:52.0123580Z x iPhoneOS14.5.sdk/usr/include/AppleArchive/AAEntryMessage.h
2026-06-03T08:46:52.0130140Z x iPhoneOS14.5.sdk/usr/include/AppleArchive/module.modulemap
2026-06-03T08:46:52.0130280Z x iPhoneOS14.5.sdk/usr/include/AppleArchive/AADefs.h
2026-06-03T08:46:52.0131350Z x iPhoneOS14.5.sdk/usr/include/AppleArchive/AAFlagSet.h
2026-06-03T08:46:52.0132130Z x iPhoneOS14.5.sdk/usr/include/AppleArchive/AAPathList.h
2026-06-03T08:46:52.0133000Z x iPhoneOS14.5.sdk/usr/include/AppleArchive/AAEntryAttributes.h
2026-06-03T08:46:52.0133990Z x iPhoneOS14.5.sdk/usr/include/AppleArchive/AAEntryACLBlob.h
2026-06-03T08:46:52.0147700Z x iPhoneOS14.5.sdk/usr/include/AppleArchive/AAFieldKeys.h
2026-06-03T08:46:52.0147960Z x iPhoneOS14.5.sdk/usr/include/AppleArchive/AAEntryXATBlob.h
2026-06-03T08:46:52.0148240Z x iPhoneOS14.5.sdk/usr/include/AppleArchive/AACustomArchiveStream.h
2026-06-03T08:46:52.0149430Z x iPhoneOS14.5.sdk/usr/include/AppleArchive/AAHeader.h
2026-06-03T08:46:52.0149620Z x iPhoneOS14.5.sdk/usr/include/AppleArchive/AACustomByteStream.h
2026-06-03T08:46:52.0149800Z x iPhoneOS14.5.sdk/usr/include/AppleArchive/AAByteStream.h
2026-06-03T08:46:52.0150050Z x iPhoneOS14.5.sdk/usr/include/malloc/
2026-06-03T08:46:52.0150180Z x iPhoneOS14.5.sdk/usr/include/malloc/malloc.h
2026-06-03T08:46:52.0150440Z x iPhoneOS14.5.sdk/usr/include/malloc/_malloc.h
2026-06-03T08:46:52.0150810Z x iPhoneOS14.5.sdk/usr/include/net/
2026-06-03T08:46:52.0151640Z x iPhoneOS14.5.sdk/usr/include/net/pfkeyv2.h
2026-06-03T08:46:52.0152470Z x iPhoneOS14.5.sdk/usr/include/net/net_kev.h
2026-06-03T08:46:52.0159600Z x iPhoneOS14.5.sdk/usr/include/net/if.h
2026-06-03T08:46:52.0159750Z x iPhoneOS14.5.sdk/usr/include/net/ethernet.h
2026-06-03T08:46:52.0160570Z x iPhoneOS14.5.sdk/usr/include/net/if_var.h
2026-06-03T08:46:52.0161340Z x iPhoneOS14.5.sdk/usr/include/net/if_dl.h
2026-06-03T08:46:52.0162100Z x iPhoneOS14.5.sdk/usr/include/net/if_types.h
2026-06-03T08:46:52.0165150Z x iPhoneOS14.5.sdk/usr/include/TargetConditionals.h
2026-06-03T08:46:52.0166590Z x iPhoneOS14.5.sdk/usr/include/cache_callbacks.h
2026-06-03T08:46:52.0178150Z x iPhoneOS14.5.sdk/usr/include/AvailabilityInternal.h
2026-06-03T08:46:52.0178280Z x iPhoneOS14.5.sdk/usr/include/wchar.h
2026-06-03T08:46:52.0183620Z x iPhoneOS14.5.sdk/usr/include/netdb.h
2026-06-03T08:46:52.0190570Z x iPhoneOS14.5.sdk/usr/include/__libunwind_config.h
2026-06-03T08:46:52.0192240Z x iPhoneOS14.5.sdk/usr/include/dlfcn.h
2026-06-03T08:46:52.0192380Z x iPhoneOS14.5.sdk/usr/include/__wctype.h
2026-06-03T08:46:52.0192590Z x iPhoneOS14.5.sdk/usr/include/machine/
2026-06-03T08:46:52.0193320Z x iPhoneOS14.5.sdk/usr/include/machine/types.h
2026-06-03T08:46:52.0194140Z x iPhoneOS14.5.sdk/usr/include/machine/endian.h
2026-06-03T08:46:52.0194920Z x iPhoneOS14.5.sdk/usr/include/machine/signal.h
2026-06-03T08:46:52.0195490Z x iPhoneOS14.5.sdk/usr/include/machine/_types.h
2026-06-03T08:46:52.0196620Z x iPhoneOS14.5.sdk/usr/include/machine/_param.h
2026-06-03T08:46:52.0197060Z x iPhoneOS14.5.sdk/usr/include/machine/param.h
2026-06-03T08:46:52.0198280Z x iPhoneOS14.5.sdk/usr/include/machine/_mcontext.h
2026-06-03T08:46:52.0198790Z x iPhoneOS14.5.sdk/usr/include/machine/limits.h
2026-06-03T08:46:52.0199560Z x iPhoneOS14.5.sdk/usr/include/readpassphrase.h
2026-06-03T08:46:52.0200250Z x iPhoneOS14.5.sdk/usr/include/bank/
2026-06-03T08:46:52.0201220Z x iPhoneOS14.5.sdk/usr/include/bank/bank_types.h
2026-06-03T08:46:52.0201760Z x iPhoneOS14.5.sdk/usr/include/vis.h
2026-06-03T08:46:52.0202430Z x iPhoneOS14.5.sdk/usr/include/semaphore.h
2026-06-03T08:46:52.0203140Z x iPhoneOS14.5.sdk/usr/include/wctype.h
2026-06-03T08:46:52.0203550Z x iPhoneOS14.5.sdk/usr/include/rpc/
2026-06-03T08:46:52.0211150Z x iPhoneOS14.5.sdk/usr/include/rpc/xdr.h
2026-06-03T08:46:52.0211420Z x iPhoneOS14.5.sdk/usr/include/rpc/types.h
2026-06-03T08:46:52.0211510Z x iPhoneOS14.5.sdk/usr/include/rpc/rpc_msg.h
2026-06-03T08:46:52.0212230Z x iPhoneOS14.5.sdk/usr/include/rpc/auth.h
2026-06-03T08:46:52.0212920Z x iPhoneOS14.5.sdk/usr/include/rpc/svc_auth.h
2026-06-03T08:46:52.0213940Z x iPhoneOS14.5.sdk/usr/include/rpc/clnt.h
2026-06-03T08:46:52.0214800Z x iPhoneOS14.5.sdk/usr/include/rpc/svc.h
2026-06-03T08:46:52.0215640Z x iPhoneOS14.5.sdk/usr/include/rpc/rpc.h
2026-06-03T08:46:52.0216230Z x iPhoneOS14.5.sdk/usr/include/rpc/auth_unix.h
2026-06-03T08:46:52.0222000Z x iPhoneOS14.5.sdk/usr/include/checkint.h
2026-06-03T08:46:52.0222110Z x iPhoneOS14.5.sdk/usr/include/mach_debug/
2026-06-03T08:46:52.0222810Z x iPhoneOS14.5.sdk/usr/include/mach_debug/mach_debug.h
2026-06-03T08:46:52.0223720Z x iPhoneOS14.5.sdk/usr/include/mach_debug/vm_info.h
2026-06-03T08:46:52.0224700Z x iPhoneOS14.5.sdk/usr/include/mach_debug/zone_info.h
2026-06-03T08:46:52.0225310Z x iPhoneOS14.5.sdk/usr/include/mach_debug/ipc_info.h
2026-06-03T08:46:52.0226060Z x iPhoneOS14.5.sdk/usr/include/mach_debug/lockgroup_info.h
2026-06-03T08:46:52.0226950Z x iPhoneOS14.5.sdk/usr/include/mach_debug/hash_info.h
2026-06-03T08:46:52.0227770Z x iPhoneOS14.5.sdk/usr/include/mach_debug/mach_debug_types.h
2026-06-03T08:46:52.0228560Z x iPhoneOS14.5.sdk/usr/include/mach_debug/page_info.h
2026-06-03T08:46:52.0233510Z x iPhoneOS14.5.sdk/usr/include/AppleTextureEncoder.h
2026-06-03T08:46:52.0233670Z x iPhoneOS14.5.sdk/usr/include/arpa/
2026-06-03T08:46:52.0239370Z x iPhoneOS14.5.sdk/usr/include/arpa/nameser.h
2026-06-03T08:46:52.0240050Z x iPhoneOS14.5.sdk/usr/include/arpa/nameser_compat.h
2026-06-03T08:46:52.0240640Z x iPhoneOS14.5.sdk/usr/include/arpa/inet.h
2026-06-03T08:46:52.0241460Z x iPhoneOS14.5.sdk/usr/include/libgen.h
2026-06-03T08:46:52.0242930Z x iPhoneOS14.5.sdk/usr/include/Availability.h
2026-06-03T08:46:52.0249630Z x iPhoneOS14.5.sdk/usr/include/sqlite3ext.h
2026-06-03T08:46:52.0249880Z x iPhoneOS14.5.sdk/usr/include/bsm/
2026-06-03T08:46:52.0250840Z x iPhoneOS14.5.sdk/usr/include/bsm/audit_filter.h
2026-06-03T08:46:52.0251760Z x iPhoneOS14.5.sdk/usr/include/bsm/audit.h
2026-06-03T08:46:52.0258330Z x iPhoneOS14.5.sdk/usr/include/bsm/libbsm.h
2026-06-03T08:46:52.0259350Z x iPhoneOS14.5.sdk/usr/include/bsm/audit_session.h
2026-06-03T08:46:52.0260310Z x iPhoneOS14.5.sdk/usr/include/bsm/audit_uevents.h
2026-06-03T08:46:52.0260850Z x iPhoneOS14.5.sdk/usr/include/os/
2026-06-03T08:46:52.0262320Z x iPhoneOS14.5.sdk/usr/include/os/overflow.h
2026-06-03T08:46:52.0263950Z x iPhoneOS14.5.sdk/usr/include/os/workgroup.h
2026-06-03T08:46:52.0265140Z x iPhoneOS14.5.sdk/usr/include/os/activity.h
2026-06-03T08:46:52.0274250Z x iPhoneOS14.5.sdk/usr/include/os/object.h
2026-06-03T08:46:52.0275160Z x iPhoneOS14.5.sdk/usr/include/os/atomic.h
2026-06-03T08:46:52.0276760Z x iPhoneOS14.5.sdk/usr/include/os/trace.h
2026-06-03T08:46:52.0278360Z x iPhoneOS14.5.sdk/usr/include/os/clock.h
2026-06-03T08:46:52.0281030Z x iPhoneOS14.5.sdk/usr/include/os/lock.h
2026-06-03T08:46:52.0281440Z x iPhoneOS14.5.sdk/usr/include/os/base.h
2026-06-03T08:46:52.0282780Z x iPhoneOS14.5.sdk/usr/include/os/workgroup_base.h
2026-06-03T08:46:52.0283670Z x iPhoneOS14.5.sdk/usr/include/os/trace_base.h
2026-06-03T08:46:52.0288420Z x iPhoneOS14.5.sdk/usr/include/os/signpost.h
2026-06-03T08:46:52.0289920Z  79 12.1M   79 9870k    0     0  4588k      0  0:00:02  0:00:02 --:--:-- 6495k
2026-06-03T08:46:52.0290990Z x iPhoneOS14.5.sdk/usr/include/os/_workgroup.h
2026-06-03T08:46:52.0292150Z x iPhoneOS14.5.sdk/usr/include/os/proc.h
2026-06-03T08:46:52.0293610Z x iPhoneOS14.5.sdk/usr/include/os/log.h
2026-06-03T08:46:52.0295000Z x iPhoneOS14.5.sdk/usr/include/os/workgroup_object.h
2026-06-03T08:46:52.0295870Z x iPhoneOS14.5.sdk/usr/include/os/workgroup_interval.h
2026-06-03T08:46:52.0297180Z x iPhoneOS14.5.sdk/usr/include/os/availability.h
2026-06-03T08:46:52.0298490Z x iPhoneOS14.5.sdk/usr/include/os/workgroup_parallel.h
2026-06-03T08:46:52.0299030Z x iPhoneOS14.5.sdk/usr/include/signal.h
2026-06-03T08:46:52.0299910Z x iPhoneOS14.5.sdk/usr/include/sys_cdefs.modulemap
2026-06-03T08:46:52.0307110Z x iPhoneOS14.5.sdk/usr/include/xlocale.h
2026-06-03T08:46:52.0307260Z x iPhoneOS14.5.sdk/usr/include/regex.h
2026-06-03T08:46:52.0309720Z x iPhoneOS14.5.sdk/usr/include/ulimit.h
2026-06-03T08:46:52.0310550Z x iPhoneOS14.5.sdk/usr/include/_wctype.h
2026-06-03T08:46:52.0310800Z x iPhoneOS14.5.sdk/usr/include/sysdir.h
2026-06-03T08:46:52.0311120Z x iPhoneOS14.5.sdk/usr/include/dispatch/
2026-06-03T08:46:52.0311940Z x iPhoneOS14.5.sdk/usr/include/dispatch/dispatch.h
2026-06-03T08:46:52.0312840Z x iPhoneOS14.5.sdk/usr/include/dispatch/workgroup.h
2026-06-03T08:46:52.0315340Z x iPhoneOS14.5.sdk/usr/include/dispatch/data.h
2026-06-03T08:46:52.0315670Z x iPhoneOS14.5.sdk/usr/include/dispatch/module.modulemap
2026-06-03T08:46:52.0316090Z x iPhoneOS14.5.sdk/usr/include/dispatch/object.h
2026-06-03T08:46:52.0321960Z x iPhoneOS14.5.sdk/usr/include/dispatch/time.h
2026-06-03T08:46:52.0327270Z x iPhoneOS14.5.sdk/usr/include/dispatch/queue.h
2026-06-03T08:46:52.0327830Z x iPhoneOS14.5.sdk/usr/include/dispatch/source.h
2026-06-03T08:46:52.0329160Z x iPhoneOS14.5.sdk/usr/include/dispatch/base.h
2026-06-03T08:46:52.0329360Z x iPhoneOS14.5.sdk/usr/include/dispatch/semaphore.h
2026-06-03T08:46:52.0330200Z x iPhoneOS14.5.sdk/usr/include/dispatch/block.h
2026-06-03T08:46:52.0334710Z x iPhoneOS14.5.sdk/usr/include/dispatch/io.h
2026-06-03T08:46:52.0335270Z x iPhoneOS14.5.sdk/usr/include/dispatch/introspection.h
2026-06-03T08:46:52.0336150Z x iPhoneOS14.5.sdk/usr/include/dispatch/once.h
2026-06-03T08:46:52.0337000Z x iPhoneOS14.5.sdk/usr/include/dispatch/workloop.h
2026-06-03T08:46:52.0337710Z x iPhoneOS14.5.sdk/usr/include/dispatch/workgroup_object.h
2026-06-03T08:46:52.0338500Z x iPhoneOS14.5.sdk/usr/include/dispatch/group.h
2026-06-03T08:46:52.0344640Z x iPhoneOS14.5.sdk/usr/include/dispatch/workgroup_interval.h
2026-06-03T08:46:52.0345160Z x iPhoneOS14.5.sdk/usr/include/dispatch/workgroup_parallel.h
2026-06-03T08:46:52.0346480Z x iPhoneOS14.5.sdk/usr/include/unwind.h
2026-06-03T08:46:52.0347250Z x iPhoneOS14.5.sdk/usr/include/ConditionalMacros.h
2026-06-03T08:46:52.0347960Z x iPhoneOS14.5.sdk/usr/include/termios.h
2026-06-03T08:46:52.0348870Z x iPhoneOS14.5.sdk/usr/include/poll.h
2026-06-03T08:46:52.0349810Z x iPhoneOS14.5.sdk/usr/include/uuid/
2026-06-03T08:46:52.0350730Z x iPhoneOS14.5.sdk/usr/include/uuid/uuid.h
2026-06-03T08:46:52.0352140Z x iPhoneOS14.5.sdk/usr/include/fmtmsg.h
2026-06-03T08:46:52.0353720Z x iPhoneOS14.5.sdk/usr/include/pthread_spis.h
2026-06-03T08:46:52.0360060Z x iPhoneOS14.5.sdk/usr/include/fnmatch.h
2026-06-03T08:46:52.0361650Z x iPhoneOS14.5.sdk/usr/include/_locale.h
2026-06-03T08:46:52.0362110Z x iPhoneOS14.5.sdk/usr/include/xlocale/
2026-06-03T08:46:52.0362980Z x iPhoneOS14.5.sdk/usr/include/xlocale/_monetary.h
2026-06-03T08:46:52.0363750Z x iPhoneOS14.5.sdk/usr/include/xlocale/_stdlib.h
2026-06-03T08:46:52.0365250Z x iPhoneOS14.5.sdk/usr/include/xlocale/_wchar.h
2026-06-03T08:46:52.0366100Z x iPhoneOS14.5.sdk/usr/include/xlocale/_string.h
2026-06-03T08:46:52.0366810Z x iPhoneOS14.5.sdk/usr/include/xlocale/_inttypes.h
2026-06-03T08:46:52.0368270Z x iPhoneOS14.5.sdk/usr/include/xlocale/__wctype.h
2026-06-03T08:46:52.0368640Z x iPhoneOS14.5.sdk/usr/include/xlocale/_wctype.h
2026-06-03T08:46:52.0370190Z x iPhoneOS14.5.sdk/usr/include/xlocale/_ctype.h
2026-06-03T08:46:52.0371220Z x iPhoneOS14.5.sdk/usr/include/xlocale/_langinfo.h
2026-06-03T08:46:52.0372140Z x iPhoneOS14.5.sdk/usr/include/xlocale/_stdio.h
2026-06-03T08:46:52.0372830Z x iPhoneOS14.5.sdk/usr/include/xlocale/_time.h
2026-06-03T08:46:52.0373590Z x iPhoneOS14.5.sdk/usr/include/xlocale/_regex.h
2026-06-03T08:46:52.0374470Z x iPhoneOS14.5.sdk/usr/include/machine_types.modulemap
2026-06-03T08:46:52.0375860Z x iPhoneOS14.5.sdk/usr/include/iconv.h
2026-06-03T08:46:52.0376290Z x iPhoneOS14.5.sdk/usr/include/netinet6/
2026-06-03T08:46:52.0377170Z x iPhoneOS14.5.sdk/usr/include/netinet6/ipsec.h
2026-06-03T08:46:52.0384900Z x iPhoneOS14.5.sdk/usr/include/netinet6/in6.h
2026-06-03T08:46:52.0385460Z x iPhoneOS14.5.sdk/usr/include/netinet6/scope6_var.h
2026-06-03T08:46:52.0388510Z x iPhoneOS14.5.sdk/usr/include/dns_util.h
2026-06-03T08:46:52.0388970Z x iPhoneOS14.5.sdk/usr/include/_ctype.h
2026-06-03T08:46:52.0392190Z x iPhoneOS14.5.sdk/usr/include/fcntl.h
2026-06-03T08:46:52.0393240Z x iPhoneOS14.5.sdk/usr/include/copyfile.h
2026-06-03T08:46:52.0393660Z x iPhoneOS14.5.sdk/usr/include/utime.h
2026-06-03T08:46:52.0398760Z x iPhoneOS14.5.sdk/usr/include/stringlist.h
2026-06-03T08:46:52.0400360Z x iPhoneOS14.5.sdk/usr/include/monetary.h
2026-06-03T08:46:52.0402470Z x iPhoneOS14.5.sdk/usr/include/pwd.h
2026-06-03T08:46:52.0402710Z x iPhoneOS14.5.sdk/usr/include/notify.h
2026-06-03T08:46:52.0403190Z x iPhoneOS14.5.sdk/usr/include/_types/
2026-06-03T08:46:52.0404930Z x iPhoneOS14.5.sdk/usr/include/_types/_uint16_t.h
2026-06-03T08:46:52.0405620Z x iPhoneOS14.5.sdk/usr/include/_types/_uintmax_t.h
2026-06-03T08:46:52.0406400Z x iPhoneOS14.5.sdk/usr/include/_types/_uint32_t.h
2026-06-03T08:46:52.0408080Z x iPhoneOS14.5.sdk/usr/include/_types/_wctrans_t.h
2026-06-03T08:46:52.0408410Z x iPhoneOS14.5.sdk/usr/include/_types/_wctype_t.h
2026-06-03T08:46:52.0409660Z x iPhoneOS14.5.sdk/usr/include/_types/_uint64_t.h
2026-06-03T08:46:52.0410140Z x iPhoneOS14.5.sdk/usr/include/_types/_nl_item.h
2026-06-03T08:46:52.0411020Z x iPhoneOS14.5.sdk/usr/include/_types/_uint8_t.h
2026-06-03T08:46:52.0412770Z x iPhoneOS14.5.sdk/usr/include/_types/_intmax_t.h
2026-06-03T08:46:52.0413740Z x iPhoneOS14.5.sdk/usr/include/float.h
2026-06-03T08:46:52.0414280Z x iPhoneOS14.5.sdk/usr/include/corpses/
2026-06-03T08:46:52.0415050Z x iPhoneOS14.5.sdk/usr/include/corpses/task_corpse.h
2026-06-03T08:46:52.0416220Z x iPhoneOS14.5.sdk/usr/include/strings.h
2026-06-03T08:46:52.0422650Z x iPhoneOS14.5.sdk/usr/include/printf.h
2026-06-03T08:46:52.0424500Z x iPhoneOS14.5.sdk/usr/include/unistd.h
2026-06-03T08:46:52.0428410Z x iPhoneOS14.5.sdk/usr/include/fts.h
2026-06-03T08:46:52.0428670Z x iPhoneOS14.5.sdk/usr/include/_types.h
2026-06-03T08:46:52.0429190Z x iPhoneOS14.5.sdk/usr/include/gethostuuid.h
2026-06-03T08:46:52.0430420Z x iPhoneOS14.5.sdk/usr/include/locale.h
2026-06-03T08:46:52.0432780Z x iPhoneOS14.5.sdk/usr/include/paths.h
2026-06-03T08:46:52.0432910Z x iPhoneOS14.5.sdk/usr/include/_stdio.h
2026-06-03T08:46:52.0442340Z x iPhoneOS14.5.sdk/usr/include/ctype.h
2026-06-03T08:46:52.0442510Z x iPhoneOS14.5.sdk/usr/include/crt_externs.h
2026-06-03T08:46:52.0461810Z x iPhoneOS14.5.sdk/usr/include/zlib.h
2026-06-03T08:46:52.0461920Z x iPhoneOS14.5.sdk/usr/include/search.h
2026-06-03T08:46:52.0462940Z x iPhoneOS14.5.sdk/usr/include/memory.h
2026-06-03T08:46:52.0464360Z x iPhoneOS14.5.sdk/usr/include/syslog.h
2026-06-03T08:46:52.0464460Z x iPhoneOS14.5.sdk/usr/include/resolv.h
2026-06-03T08:46:52.0472480Z x iPhoneOS14.5.sdk/usr/include/compression.h
2026-06-03T08:46:52.0472650Z x iPhoneOS14.5.sdk/usr/include/pthread.h
2026-06-03T08:46:52.0473690Z x iPhoneOS14.5.sdk/usr/include/cache.h
2026-06-03T08:46:52.0475590Z x iPhoneOS14.5.sdk/usr/include/unicode/
2026-06-03T08:46:52.0475820Z x iPhoneOS14.5.sdk/usr/include/unicode/parseerr.h
2026-06-03T08:46:52.0485540Z x iPhoneOS14.5.sdk/usr/include/unicode/utypes.h
2026-06-03T08:46:52.0485790Z x iPhoneOS14.5.sdk/usr/include/unicode/uvernum.h
2026-06-03T08:46:52.0486390Z x iPhoneOS14.5.sdk/usr/include/unicode/module.modulemap
2026-06-03T08:46:52.0490340Z x iPhoneOS14.5.sdk/usr/include/unicode/ptypes.h
2026-06-03T08:46:52.0491300Z x iPhoneOS14.5.sdk/usr/include/unicode/localpointer.h
2026-06-03T08:46:52.0491640Z x iPhoneOS14.5.sdk/usr/include/unicode/putil.h
2026-06-03T08:46:52.0501030Z x iPhoneOS14.5.sdk/usr/include/unicode/platform.h
2026-06-03T08:46:52.0522230Z x iPhoneOS14.5.sdk/usr/include/unicode/ustring.h
2026-06-03T08:46:52.0522450Z x iPhoneOS14.5.sdk/usr/include/unicode/utext.h
2026-06-03T08:46:52.0530700Z x iPhoneOS14.5.sdk/usr/include/unicode/urename.h
2026-06-03T08:46:52.0531580Z x iPhoneOS14.5.sdk/usr/include/unicode/stringoptions.h
2026-06-03T08:46:52.0539260Z x iPhoneOS14.5.sdk/usr/include/unicode/utf8.h
2026-06-03T08:46:52.0540150Z x iPhoneOS14.5.sdk/usr/include/unicode/ucpmap.h
2026-06-03T08:46:52.0541050Z x iPhoneOS14.5.sdk/usr/include/unicode/uiter.h
2026-06-03T08:46:52.0546460Z x iPhoneOS14.5.sdk/usr/include/unicode/utf_old.h
2026-06-03T08:46:52.0552810Z x iPhoneOS14.5.sdk/usr/include/unicode/uregex.h
2026-06-03T08:46:52.0566390Z x iPhoneOS14.5.sdk/usr/include/unicode/uchar.h
2026-06-03T08:46:52.0566690Z x iPhoneOS14.5.sdk/usr/include/unicode/uversion.h
2026-06-03T08:46:52.0566830Z x iPhoneOS14.5.sdk/usr/include/unicode/utf.h
2026-06-03T08:46:52.0572030Z x iPhoneOS14.5.sdk/usr/include/unicode/uconfig.h
2026-06-03T08:46:52.0572590Z x iPhoneOS14.5.sdk/usr/include/unicode/umachine.h
2026-06-03T08:46:52.0573510Z x iPhoneOS14.5.sdk/usr/include/unicode/utf16.h
2026-06-03T08:46:52.0575460Z x iPhoneOS14.5.sdk/usr/include/wordexp.h
2026-06-03T08:46:52.0575580Z x iPhoneOS14.5.sdk/usr/include/assert.h
2026-06-03T08:46:52.0575990Z x iPhoneOS14.5.sdk/usr/include/pthread_impl.h
2026-06-03T08:46:52.0576830Z x iPhoneOS14.5.sdk/usr/include/execinfo.h
2026-06-03T08:46:52.0583430Z x iPhoneOS14.5.sdk/usr/include/ifaddrs.h
2026-06-03T08:46:52.0585160Z x iPhoneOS14.5.sdk/usr/include/expat.h
2026-06-03T08:46:52.0585300Z x iPhoneOS14.5.sdk/usr/include/secure/
2026-06-03T08:46:52.0586070Z x iPhoneOS14.5.sdk/usr/include/secure/_string.h
2026-06-03T08:46:52.0586870Z x iPhoneOS14.5.sdk/usr/include/secure/_strings.h
2026-06-03T08:46:52.0587730Z x iPhoneOS14.5.sdk/usr/include/secure/_stdio.h
2026-06-03T08:46:52.0588570Z x iPhoneOS14.5.sdk/usr/include/secure/_common.h
2026-06-03T08:46:52.0589520Z x iPhoneOS14.5.sdk/usr/include/stdint.h
2026-06-03T08:46:52.0647830Z x iPhoneOS14.5.sdk/usr/include/sqlite3.h
2026-06-03T08:46:52.0649260Z x iPhoneOS14.5.sdk/usr/include/_regex.h
2026-06-03T08:46:52.0649550Z x iPhoneOS14.5.sdk/usr/include/setjmp.h
2026-06-03T08:46:52.0675400Z x iPhoneOS14.5.sdk/usr/include/ucontext.h
2026-06-03T08:46:52.0691250Z x iPhoneOS14.5.sdk/usr/include/rpcsvc/
2026-06-03T08:46:52.0691530Z x iPhoneOS14.5.sdk/usr/include/rpcsvc/rusers.h
2026-06-03T08:46:52.0692120Z x iPhoneOS14.5.sdk/usr/include/rpcsvc/nfs_prot.h
2026-06-03T08:46:52.0692340Z x iPhoneOS14.5.sdk/usr/include/rpcsvc/yp.h
2026-06-03T08:46:52.0692560Z x iPhoneOS14.5.sdk/usr/include/rpcsvc/sm_inter.h
2026-06-03T08:46:52.0692750Z x iPhoneOS14.5.sdk/usr/include/rpcsvc/rex.h
2026-06-03T08:46:52.0692960Z x iPhoneOS14.5.sdk/usr/include/rpcsvc/rnusers.h
2026-06-03T08:46:52.0693210Z x iPhoneOS14.5.sdk/usr/include/rpcsvc/spray.h
2026-06-03T08:46:52.0695250Z x iPhoneOS14.5.sdk/usr/include/rpcsvc/rwall.h
2026-06-03T08:46:52.0696080Z x iPhoneOS14.5.sdk/usr/include/rpcsvc/mount.h
2026-06-03T08:46:52.0718150Z x iPhoneOS14.5.sdk/usr/include/rpcsvc/nlm_prot.h
2026-06-03T08:46:52.0718510Z x iPhoneOS14.5.sdk/usr/include/rpcsvc/bootparam_prot.h
2026-06-03T08:46:52.0718750Z x iPhoneOS14.5.sdk/usr/include/rpcsvc/rquota.h
2026-06-03T08:46:52.0718960Z x iPhoneOS14.5.sdk/usr/include/rpcsvc/rstat.h
2026-06-03T08:46:52.0719150Z x iPhoneOS14.5.sdk/usr/include/rpcsvc/yppasswd.h
2026-06-03T08:46:52.0719340Z x iPhoneOS14.5.sdk/usr/include/rpcsvc/klm_prot.h
2026-06-03T08:46:52.0719530Z x iPhoneOS14.5.sdk/usr/include/objc/
2026-06-03T08:46:52.0719750Z x iPhoneOS14.5.sdk/usr/include/objc/objc.h
2026-06-03T08:46:52.0720040Z x iPhoneOS14.5.sdk/usr/include/objc/objc-sync.h
2026-06-03T08:46:52.0720370Z x iPhoneOS14.5.sdk/usr/include/objc/NSObjCRuntime.h
2026-06-03T08:46:52.0736730Z x iPhoneOS14.5.sdk/usr/include/objc/runtime.h
2026-06-03T08:46:52.0740170Z x iPhoneOS14.5.sdk/usr/include/objc/objc-exception.h
2026-06-03T08:46:52.0740660Z x iPhoneOS14.5.sdk/usr/include/objc/module.modulemap
2026-06-03T08:46:52.0740970Z x iPhoneOS14.5.sdk/usr/include/objc/objc-api.h
2026-06-03T08:46:52.0741210Z x iPhoneOS14.5.sdk/usr/include/objc/objc-auto.h
2026-06-03T08:46:52.0741410Z x iPhoneOS14.5.sdk/usr/include/objc/message.h
2026-06-03T08:46:52.0741590Z x iPhoneOS14.5.sdk/usr/include/objc/NSObject.h
2026-06-03T08:46:52.0741960Z x iPhoneOS14.5.sdk/usr/include/objc/ObjectiveC.apinotes
2026-06-03T08:46:52.0742170Z x iPhoneOS14.5.sdk/usr/include/libDER/
2026-06-03T08:46:52.0742450Z x iPhoneOS14.5.sdk/usr/include/libDER/libDER_config.h
2026-06-03T08:46:52.0753190Z x iPhoneOS14.5.sdk/usr/include/libDER/DERItem.h
2026-06-03T08:46:52.0762030Z x iPhoneOS14.5.sdk/usr/include/dns_sd.h
2026-06-03T08:46:52.0765660Z x iPhoneOS14.5.sdk/usr/include/netinet/
2026-06-03T08:46:52.0765860Z x iPhoneOS14.5.sdk/usr/include/netinet/ip6.h
2026-06-03T08:46:52.0766120Z x iPhoneOS14.5.sdk/usr/include/netinet/in.h
2026-06-03T08:46:52.0774260Z x iPhoneOS14.5.sdk/usr/include/netinet/tcp_var.h
2026-06-03T08:46:52.0820370Z x iPhoneOS14.5.sdk/usr/include/netinet/in_systm.h
2026-06-03T08:46:52.0921090Z x iPhoneOS14.5.sdk/usr/include/netinet/icmp6.h
2026-06-03T08:46:52.1021810Z x iPhoneOS14.5.sdk/usr/include/netinet/ip.h
2026-06-03T08:46:52.1124080Z x iPhoneOS14.5.sdk/usr/include/netinet/in_pcb.h
2026-06-03T08:46:52.1226290Z x iPhoneOS14.5.sdk/usr/include/netinet/tcp_timer.h
2026-06-03T08:46:52.1280230Z x iPhoneOS14.5.sdk/usr/include/netinet/ip_icmp.h
2026-06-03T08:46:52.1280500Z x iPhoneOS14.5.sdk/usr/include/netinet/tcp.h
2026-06-03T08:46:52.1280670Z x iPhoneOS14.5.sdk/usr/include/netinet/udp.h
2026-06-03T08:46:52.1281150Z x iPhoneOS14.5.sdk/usr/include/_types.modulemap
2026-06-03T08:46:52.1381850Z x iPhoneOS14.5.sdk/usr/include/limits.h
2026-06-03T08:46:52.1482620Z x iPhoneOS14.5.sdk/usr/include/dirent.h
2026-06-03T08:46:52.1532880Z x iPhoneOS14.5.sdk/usr/include/db.h
2026-06-03T08:46:52.1534560Z x iPhoneOS14.5.sdk/usr/include/sandbox.h
2026-06-03T08:46:52.1535330Z x iPhoneOS14.5.sdk/usr/include/sys_pthread_types.modulemap
2026-06-03T08:46:52.1535530Z x iPhoneOS14.5.sdk/usr/include/voucher/
2026-06-03T08:46:52.1535840Z x iPhoneOS14.5.sdk/usr/include/voucher/ipc_pthread_priority_types.h
2026-06-03T08:46:52.1636420Z x iPhoneOS14.5.sdk/usr/include/string_x86.h
2026-06-03T08:46:52.1697060Z x iPhoneOS14.5.sdk/usr/include/mach-o/
2026-06-03T08:46:52.1788900Z x iPhoneOS14.5.sdk/usr/include/mach-o/loader.h
2026-06-03T08:46:52.1890580Z x iPhoneOS14.5.sdk/usr/include/mach-o/module.modulemap
2026-06-03T08:46:52.1992020Z x iPhoneOS14.5.sdk/usr/include/mach-o/reloc.h
2026-06-03T08:46:52.2093190Z x iPhoneOS14.5.sdk/usr/include/mach-o/dyld_images.h
2026-06-03T08:46:52.2214730Z x iPhoneOS14.5.sdk/usr/include/mach-o/arm/
2026-06-03T08:46:52.2250270Z x iPhoneOS14.5.sdk/usr/include/mach-o/arm/reloc.h
2026-06-03T08:46:52.2351270Z x iPhoneOS14.5.sdk/usr/include/mach-o/arm64/
2026-06-03T08:46:52.2461640Z x iPhoneOS14.5.sdk/usr/include/mach-o/arm64/reloc.h
2026-06-03T08:46:52.2467760Z x iPhoneOS14.5.sdk/usr/include/mach-o/ldsyms.h
2026-06-03T08:46:52.2500520Z x iPhoneOS14.5.sdk/usr/include/mach-o/dyld.modulemap
2026-06-03T08:46:52.2501600Z x iPhoneOS14.5.sdk/usr/include/mach-o/nlist.h
2026-06-03T08:46:52.2501990Z x iPhoneOS14.5.sdk/usr/include/mach-o/stab.h
2026-06-03T08:46:52.2502660Z x iPhoneOS14.5.sdk/usr/include/mach-o/compact_unwind_encoding.modulemap
2026-06-03T08:46:52.2574500Z x iPhoneOS14.5.sdk/usr/include/mach-o/fixup-chains.h
2026-06-03T08:46:52.2574970Z x iPhoneOS14.5.sdk/usr/include/mach-o/getsect.h
2026-06-03T08:46:52.2575390Z x iPhoneOS14.5.sdk/usr/include/mach-o/compact_unwind_encoding.h
2026-06-03T08:46:52.2575790Z x iPhoneOS14.5.sdk/usr/include/mach-o/arch.h
2026-06-03T08:46:52.2576040Z x iPhoneOS14.5.sdk/usr/include/mach-o/fat.h
2026-06-03T08:46:52.2576300Z x iPhoneOS14.5.sdk/usr/include/mach-o/ranlib.h
2026-06-03T08:46:52.2576690Z x iPhoneOS14.5.sdk/usr/include/mach-o/dyld.h
2026-06-03T08:46:52.2576920Z x iPhoneOS14.5.sdk/usr/include/mach-o/swap.h
2026-06-03T08:46:52.2577140Z x iPhoneOS14.5.sdk/usr/include/util.h
2026-06-03T08:46:52.2577330Z x iPhoneOS14.5.sdk/usr/share/
2026-06-03T08:46:52.2577520Z x iPhoneOS14.5.sdk/usr/share/sandbox/
2026-06-03T08:46:52.2577750Z x iPhoneOS14.5.sdk/usr/share/sandbox/playground.sb
2026-06-03T08:46:52.2578050Z x iPhoneOS14.5.sdk/usr/lib/
2026-06-03T08:46:52.2578250Z x iPhoneOS14.5.sdk/usr/lib/libMobileGestalt.tbd
2026-06-03T08:46:52.2578500Z x iPhoneOS14.5.sdk/usr/lib/libAWDProtobufGCK.tbd
2026-06-03T08:46:52.2578730Z x iPhoneOS14.5.sdk/usr/lib/libsp.tbd
2026-06-03T08:46:52.2578950Z x iPhoneOS14.5.sdk/usr/lib/libgermantok.tbd
2026-06-03T08:46:52.2579210Z x iPhoneOS14.5.sdk/usr/lib/libAWDProtobufFacetime.tbd
2026-06-03T08:46:52.2579460Z x iPhoneOS14.5.sdk/usr/lib/libedit.tbd
2026-06-03T08:46:52.2579770Z x iPhoneOS14.5.sdk/usr/lib/liblzma.5.tbd
2026-06-03T08:46:52.2579990Z x iPhoneOS14.5.sdk/usr/lib/libipconfig.tbd
2026-06-03T08:46:52.2580280Z x iPhoneOS14.5.sdk/usr/lib/libPPMDataModel.tbd
2026-06-03T08:46:52.2580520Z x iPhoneOS14.5.sdk/usr/lib/libextension.tbd
2026-06-03T08:46:52.2580800Z x iPhoneOS14.5.sdk/usr/lib/libiconv.2.4.0.tbd
2026-06-03T08:46:52.2581060Z x iPhoneOS14.5.sdk/usr/lib/libTiSerialFlasher.tbd
2026-06-03T08:46:52.2581300Z x iPhoneOS14.5.sdk/usr/lib/libIOABP.tbd
2026-06-03T08:46:52.2581520Z x iPhoneOS14.5.sdk/usr/lib/libHDLCDynamic.tbd
2026-06-03T08:46:52.2581750Z x iPhoneOS14.5.sdk/usr/lib/libamsupport.tbd
2026-06-03T08:46:52.2581980Z x iPhoneOS14.5.sdk/usr/lib/libAccessibility.tbd
2026-06-03T08:46:52.2582210Z x iPhoneOS14.5.sdk/usr/lib/libobjc.A.tbd
2026-06-03T08:46:52.2582450Z x iPhoneOS14.5.sdk/usr/lib/libapple_nghttp2.tbd
2026-06-03T08:46:52.2582910Z x iPhoneOS14.5.sdk/usr/lib/libcoreroutine.tbd
2026-06-03T08:46:52.2583190Z x iPhoneOS14.5.sdk/usr/lib/libFusionComponentCheck.tbd
2026-06-03T08:46:52.2583460Z x iPhoneOS14.5.sdk/usr/lib/libsysdiagnose.tbd
2026-06-03T08:46:52.2583690Z x iPhoneOS14.5.sdk/usr/lib/libgmalloc.tbd
2026-06-03T08:46:52.2583940Z x iPhoneOS14.5.sdk/usr/lib/libmav_ipc_router_dynamic.tbd
2026-06-03T08:46:52.2592460Z x iPhoneOS14.5.sdk/usr/lib/libexpat.1.tbd
2026-06-03T08:46:52.2592690Z x iPhoneOS14.5.sdk/usr/lib/libsystemstats.tbd
2026-06-03T08:46:52.2592960Z x iPhoneOS14.5.sdk/usr/lib/libABMCommandDriversICE.tbd
2026-06-03T08:46:52.2593210Z x iPhoneOS14.5.sdk/usr/lib/libeasyperf.tbd
2026-06-03T08:46:52.2593460Z x iPhoneOS14.5.sdk/usr/lib/libpartition2_dynamic.tbd
2026-06-03T08:46:52.2593770Z x iPhoneOS14.5.sdk/usr/lib/libAWDProtobufFacetimeiMessage.tbd
2026-06-03T08:46:52.2594050Z x iPhoneOS14.5.sdk/usr/lib/libpoll.tbd
2026-06-03T08:46:52.2594440Z x iPhoneOS14.5.sdk/usr/lib/libETLDynamic.tbd
2026-06-03T08:46:52.2594680Z x iPhoneOS14.5.sdk/usr/lib/libETLDLOADDynamic.tbd
2026-06-03T08:46:52.2595040Z x iPhoneOS14.5.sdk/usr/lib/libPPM.tbd
2026-06-03T08:46:52.2595240Z x iPhoneOS14.5.sdk/usr/lib/libsqlite3.tbd
2026-06-03T08:46:52.2595460Z x iPhoneOS14.5.sdk/usr/lib/libICEClient.tbd
2026-06-03T08:46:52.2595690Z x iPhoneOS14.5.sdk/usr/lib/libH5Dynamic.tbd
2026-06-03T08:46:52.2595940Z x iPhoneOS14.5.sdk/usr/lib/libReverseProxyDevice.tbd
2026-06-03T08:46:52.2596190Z x iPhoneOS14.5.sdk/usr/lib/libLeaksAtExit.tbd
2026-06-03T08:46:52.2596430Z x iPhoneOS14.5.sdk/usr/lib/libcryptex_core.tbd
2026-06-03T08:46:52.2596690Z x iPhoneOS14.5.sdk/usr/lib/libETLDIAGLoggingDynamic.tbd
2026-06-03T08:46:52.2596960Z x iPhoneOS14.5.sdk/usr/lib/libAHTRestore.tbd
2026-06-03T08:46:52.2597180Z x iPhoneOS14.5.sdk/usr/lib/libusrtcp.tbd
2026-06-03T08:46:52.2597390Z x iPhoneOS14.5.sdk/usr/lib/ACIPCBTLib.tbd
2026-06-03T08:46:52.2597610Z x iPhoneOS14.5.sdk/usr/lib/libAppleSSEExt.tbd
2026-06-03T08:46:52.2597840Z x iPhoneOS14.5.sdk/usr/lib/libicucore.tbd
2026-06-03T08:46:52.2598060Z x iPhoneOS14.5.sdk/usr/lib/libdns_services.tbd
2026-06-03T08:46:52.2598290Z x iPhoneOS14.5.sdk/usr/lib/libCoreKE.tbd
2026-06-03T08:46:52.2598500Z x iPhoneOS14.5.sdk/usr/lib/libarchive.tbd
2026-06-03T08:46:52.2598710Z x iPhoneOS14.5.sdk/usr/lib/libsandbox.1.tbd
2026-06-03T08:46:52.2599010Z x iPhoneOS14.5.sdk/usr/lib/libMTLCapture.tbd
2026-06-03T08:46:52.2599240Z x iPhoneOS14.5.sdk/usr/lib/libresolv.9.tbd
2026-06-03T08:46:52.2599460Z x iPhoneOS14.5.sdk/usr/lib/libSystem.B_asan.tbd
2026-06-03T08:46:52.2599730Z x iPhoneOS14.5.sdk/usr/lib/libBasebandManagerICE.tbd
2026-06-03T08:46:52.2599980Z x iPhoneOS14.5.sdk/usr/lib/libenergytrace.tbd
2026-06-03T08:46:52.2600210Z x iPhoneOS14.5.sdk/usr/lib/libnfshared.tbd
2026-06-03T08:46:52.2600420Z x iPhoneOS14.5.sdk/usr/lib/libxslt.1.tbd
2026-06-03T08:46:52.2600640Z x iPhoneOS14.5.sdk/usr/lib/libFDR.tbd
2026-06-03T08:46:52.2600890Z x iPhoneOS14.5.sdk/usr/lib/libxml2.2.tbd
2026-06-03T08:46:52.2601090Z x iPhoneOS14.5.sdk/usr/lib/libBKDM2.tbd
2026-06-03T08:46:52.2601300Z x iPhoneOS14.5.sdk/usr/lib/libdbm.tbd
2026-06-03T08:46:52.2601810Z x iPhoneOS14.5.sdk/usr/lib/libobjc-trampolines.tbd
2026-06-03T08:46:52.2602120Z x iPhoneOS14.5.sdk/usr/lib/libARIServer.tbd
2026-06-03T08:46:52.2602350Z x iPhoneOS14.5.sdk/usr/lib/libcompression.tbd
2026-06-03T08:46:52.2602580Z x iPhoneOS14.5.sdk/usr/lib/libCRFSuite.tbd
2026-06-03T08:46:52.2602800Z x iPhoneOS14.5.sdk/usr/lib/libktrace.tbd
2026-06-03T08:46:52.2603020Z x iPhoneOS14.5.sdk/usr/lib/libxpc_datastores.tbd
2026-06-03T08:46:52.2603270Z x iPhoneOS14.5.sdk/usr/lib/libnetworkextension.tbd
2026-06-03T08:46:52.2603500Z x iPhoneOS14.5.sdk/usr/lib/libdpfu.tbd
2026-06-03T08:46:52.2603710Z x iPhoneOS14.5.sdk/usr/lib/libutil.tbd
2026-06-03T08:46:52.2603930Z x iPhoneOS14.5.sdk/usr/lib/libRoseBooter.tbd
2026-06-03T08:46:52.2604150Z x iPhoneOS14.5.sdk/usr/lib/libz.1.2.8.tbd
2026-06-03T08:46:52.2604380Z x iPhoneOS14.5.sdk/usr/lib/libAudioStatistics.tbd
2026-06-03T08:46:52.2604610Z x iPhoneOS14.5.sdk/usr/lib/libIOACIPC.tbd
2026-06-03T08:46:52.2604900Z x iPhoneOS14.5.sdk/usr/lib/libz.1.1.3.tbd
2026-06-03T08:46:52.2605110Z x iPhoneOS14.5.sdk/usr/lib/libtidy.A.tbd
2026-06-03T08:46:52.2605360Z x iPhoneOS14.5.sdk/usr/lib/libParallelCompression.tbd
2026-06-03T08:46:52.2605600Z x iPhoneOS14.5.sdk/usr/lib/libexslt.tbd
2026-06-03T08:46:52.2605820Z x iPhoneOS14.5.sdk/usr/lib/libDHCPServer.A.tbd
2026-06-03T08:46:52.2606050Z x iPhoneOS14.5.sdk/usr/lib/libc++.tbd
2026-06-03T08:46:52.2606420Z x iPhoneOS14.5.sdk/usr/lib/libsqlite3.0.tbd
2026-06-03T08:46:52.2606700Z x iPhoneOS14.5.sdk/usr/lib/libWirelessAudioIPC.tbd
2026-06-03T08:46:52.2606960Z x iPhoneOS14.5.sdk/usr/lib/libsandbox.tbd
2026-06-03T08:46:52.2607190Z x iPhoneOS14.5.sdk/usr/lib/libIOACIPCICEBB.tbd
2026-06-03T08:46:52.2607420Z x iPhoneOS14.5.sdk/usr/lib/libinfo.tbd
2026-06-03T08:46:52.2607630Z x iPhoneOS14.5.sdk/usr/lib/libSecRecord.tbd
2026-06-03T08:46:52.2607880Z x iPhoneOS14.5.sdk/usr/lib/libBasebandDiagnostic.tbd
2026-06-03T08:46:52.2608410Z x iPhoneOS14.5.sdk/usr/lib/libTelephonyBasebandDynamic.tbd
2026-06-03T08:46:52.2608690Z x iPhoneOS14.5.sdk/usr/lib/libmecab.tbd
2026-06-03T08:46:52.2608890Z x iPhoneOS14.5.sdk/usr/lib/libpkstart.a
2026-06-03T08:46:52.2610900Z x iPhoneOS14.5.sdk/usr/lib/libz.1.2.11.tbd
2026-06-03T08:46:52.2611130Z x iPhoneOS14.5.sdk/usr/lib/libFosl_dynamic.tbd
2026-06-03T08:46:52.2611370Z x iPhoneOS14.5.sdk/usr/lib/libmis.tbd
2026-06-03T08:46:52.2611610Z x iPhoneOS14.5.sdk/usr/lib/libAudioToolboxUtility.tbd
2026-06-03T08:46:52.2611860Z x iPhoneOS14.5.sdk/usr/lib/librpcsvc.tbd
2026-06-03T08:46:52.2612060Z x iPhoneOS14.5.sdk/usr/lib/libobjc.tbd
2026-06-03T08:46:52.2612270Z x iPhoneOS14.5.sdk/usr/lib/libform.5.4.tbd
2026-06-03T08:46:52.2613740Z x iPhoneOS14.5.sdk/usr/lib/libfire2.tbd
2026-06-03T08:46:52.2613980Z x iPhoneOS14.5.sdk/usr/lib/libdscsym.tbd
2026-06-03T08:46:52.2614250Z x iPhoneOS14.5.sdk/usr/lib/libMemoryResourceException.tbd
2026-06-03T08:46:52.2614530Z x iPhoneOS14.5.sdk/usr/lib/libmarisa.tbd
2026-06-03T08:46:52.2614790Z x iPhoneOS14.5.sdk/usr/lib/libTelephonyUSBDynamic.tbd
2026-06-03T08:46:52.2615060Z x iPhoneOS14.5.sdk/usr/lib/libarchive.2.tbd
2026-06-03T08:46:52.2615300Z x iPhoneOS14.5.sdk/usr/lib/libAWDSupport.tbd
2026-06-03T08:46:52.2615570Z x iPhoneOS14.5.sdk/usr/lib/libTelephonyIOKitDynamic.tbd
2026-06-03T08:46:52.2615900Z x iPhoneOS14.5.sdk/usr/lib/libSMC.tbd
2026-06-03T08:46:52.2616120Z x iPhoneOS14.5.sdk/usr/lib/PN548_API.tbd
2026-06-03T08:46:52.2616360Z x iPhoneOS14.5.sdk/usr/lib/libBasebandManager.tbd
2026-06-03T08:46:52.2616610Z x iPhoneOS14.5.sdk/usr/lib/libETLDMCDynamic.tbd
2026-06-03T08:46:52.2616900Z x iPhoneOS14.5.sdk/usr/lib/libThreadExternalCommissioner.tbd
2026-06-03T08:46:52.2617180Z x iPhoneOS14.5.sdk/usr/lib/libz.1.2.5.tbd
2026-06-03T08:46:52.2617440Z x iPhoneOS14.5.sdk/usr/lib/libETLDLOADCoreDumpDynamic.tbd
2026-06-03T08:46:52.2617720Z x iPhoneOS14.5.sdk/usr/lib/libInFieldCollection.tbd
2026-06-03T08:46:52.2617990Z x iPhoneOS14.5.sdk/usr/lib/libipsec.A.tbd
2026-06-03T08:46:52.2618230Z x iPhoneOS14.5.sdk/usr/lib/libThaiTokenizer.tbd
2026-06-03T08:46:52.2618490Z x iPhoneOS14.5.sdk/usr/lib/libcryptex_interface.tbd
2026-06-03T08:46:52.2618740Z x iPhoneOS14.5.sdk/usr/lib/libspindump.tbd
2026-06-03T08:46:52.2619030Z x iPhoneOS14.5.sdk/usr/lib/libAWDProtobufBluetooth.tbd
2026-06-03T08:46:52.2619290Z x iPhoneOS14.5.sdk/usr/lib/libate.tbd
2026-06-03T08:46:52.2619540Z x iPhoneOS14.5.sdk/usr/lib/libAudioIssueDetector.tbd
2026-06-03T08:46:52.2619790Z x iPhoneOS14.5.sdk/usr/lib/libresolv.tbd
2026-06-03T08:46:52.2620000Z x iPhoneOS14.5.sdk/usr/lib/libfire3.tbd
2026-06-03T08:46:52.2620210Z x iPhoneOS14.5.sdk/usr/lib/libcryptex.tbd
2026-06-03T08:46:52.2620440Z x iPhoneOS14.5.sdk/usr/lib/libAppleArchive.tbd
2026-06-03T08:46:52.2620700Z x iPhoneOS14.5.sdk/usr/lib/libCTGreenTeaLogger.tbd
2026-06-03T08:46:52.2620980Z x iPhoneOS14.5.sdk/usr/lib/libMobileCheckpoint.tbd
2026-06-03T08:46:52.2621250Z x iPhoneOS14.5.sdk/usr/lib/libAppleHIDSWDFlash.tbd
2026-06-03T08:46:52.2621490Z x iPhoneOS14.5.sdk/usr/lib/libtzupdate.tbd
2026-06-03T08:46:52.2621720Z x iPhoneOS14.5.sdk/usr/lib/libedit.3.0.tbd
2026-06-03T08:46:52.2622100Z x iPhoneOS14.5.sdk/usr/lib/libSystem.B.tbd
2026-06-03T08:46:52.2622370Z x iPhoneOS14.5.sdk/usr/lib/libcoretls_cfhelpers.tbd
2026-06-03T08:46:52.2622660Z x iPhoneOS14.5.sdk/usr/lib/libAXSafeCategoryBundle.tbd
2026-06-03T08:46:52.2622930Z x iPhoneOS14.5.sdk/usr/lib/libbz2.1.0.tbd
2026-06-03T08:46:52.2623140Z x iPhoneOS14.5.sdk/usr/lib/PN548_HAL.tbd
2026-06-03T08:46:52.2623350Z x iPhoneOS14.5.sdk/usr/lib/liblockdown.tbd
2026-06-03T08:46:52.2623570Z x iPhoneOS14.5.sdk/usr/lib/libmecabra.tbd
2026-06-03T08:46:52.2623780Z x iPhoneOS14.5.sdk/usr/lib/libMatch.1.tbd
2026-06-03T08:46:52.2624020Z x iPhoneOS14.5.sdk/usr/lib/libDHCPServer.tbd
2026-06-03T08:46:52.2624240Z x iPhoneOS14.5.sdk/usr/lib/libcurses.tbd
2026-06-03T08:46:52.2624460Z x iPhoneOS14.5.sdk/usr/lib/libUSBTransport.tbd
2026-06-03T08:46:52.2624860Z x iPhoneOS14.5.sdk/usr/lib/libmenu.5.4.tbd
2026-06-03T08:46:52.2625190Z x iPhoneOS14.5.sdk/usr/lib/libz.1.tbd
2026-06-03T08:46:52.2625400Z x iPhoneOS14.5.sdk/usr/lib/libpanel.tbd
2026-06-03T08:46:52.2625660Z x iPhoneOS14.5.sdk/usr/lib/libTelephonyUtilDynamic.tbd
2026-06-03T08:46:52.2625930Z x iPhoneOS14.5.sdk/usr/lib/libproc.tbd
2026-06-03T08:46:52.2626140Z x iPhoneOS14.5.sdk/usr/lib/libSystem.tbd
2026-06-03T08:46:52.2626360Z x iPhoneOS14.5.sdk/usr/lib/libtidy.tbd
2026-06-03T08:46:52.2626680Z x iPhoneOS14.5.sdk/usr/lib/libATCommandStudioDynamic.tbd
2026-06-03T08:46:52.2626960Z x iPhoneOS14.5.sdk/usr/lib/libtailspin.tbd
2026-06-03T08:46:52.2627170Z x iPhoneOS14.5.sdk/usr/lib/libomadm.tbd
2026-06-03T08:46:52.2627370Z x iPhoneOS14.5.sdk/usr/lib/libbsm.tbd
2026-06-03T08:46:52.2627580Z x iPhoneOS14.5.sdk/usr/lib/libnfrestore.tbd
2026-06-03T08:46:52.2627830Z x iPhoneOS14.5.sdk/usr/lib/libAWDProtobufLocation.tbd
2026-06-03T08:46:52.2628100Z x iPhoneOS14.5.sdk/usr/lib/libETLSAHDynamic.tbd
2026-06-03T08:46:52.2628340Z x iPhoneOS14.5.sdk/usr/lib/libauthinstall.tbd
2026-06-03T08:46:52.2628570Z x iPhoneOS14.5.sdk/usr/lib/libFDRDecode.tbd
2026-06-03T08:46:52.2628880Z x iPhoneOS14.5.sdk/usr/lib/libprotobuf-lite.tbd
2026-06-03T08:46:52.2629120Z x iPhoneOS14.5.sdk/usr/lib/libprotobuf.tbd
2026-06-03T08:46:52.2629350Z x iPhoneOS14.5.sdk/usr/lib/libacmobileshim.tbd
2026-06-03T08:46:52.2629600Z x iPhoneOS14.5.sdk/usr/lib/libboringssl.tbd
2026-06-03T08:46:52.2629890Z x iPhoneOS14.5.sdk/usr/lib/libedit.2.tbd
2026-06-03T08:46:52.2630140Z x iPhoneOS14.5.sdk/usr/lib/libcharset.1.0.0.tbd
2026-06-03T08:46:52.2630430Z x iPhoneOS14.5.sdk/usr/lib/libBBUpdaterDynamic_stubs.tbd
2026-06-03T08:46:52.2630700Z x iPhoneOS14.5.sdk/usr/lib/libtermcap.tbd
2026-06-03T08:46:52.2630950Z x iPhoneOS14.5.sdk/usr/lib/libcoretls.tbd
2026-06-03T08:46:52.2631150Z x iPhoneOS14.5.sdk/usr/lib/swift/
2026-06-03T08:46:52.2631380Z x iPhoneOS14.5.sdk/usr/lib/swift/Speech.swiftmodule/
2026-06-03T08:46:52.2631720Z x iPhoneOS14.5.sdk/usr/lib/swift/Speech.swiftmodule/arm64e-apple-ios.swiftdoc
2026-06-03T08:46:52.2632140Z x iPhoneOS14.5.sdk/usr/lib/swift/Speech.swiftmodule/arm64-apple-ios.swiftdoc
2026-06-03T08:46:52.2632560Z x iPhoneOS14.5.sdk/usr/lib/swift/Speech.swiftmodule/arm64.swiftdoc
2026-06-03T08:46:52.2632930Z x iPhoneOS14.5.sdk/usr/lib/swift/Speech.swiftmodule/armv7-apple-ios.swiftdoc
2026-06-03T08:46:52.2633550Z x iPhoneOS14.5.sdk/usr/lib/swift/Speech.swiftmodule/armv7-apple-ios.swiftinterface
2026-06-03T08:46:52.2633950Z x iPhoneOS14.5.sdk/usr/lib/swift/Speech.swiftmodule/arm64e.swiftdoc
2026-06-03T08:46:52.2634360Z x iPhoneOS14.5.sdk/usr/lib/swift/Speech.swiftmodule/armv7s-apple-ios.swiftinterface
2026-06-03T08:46:52.2634850Z x iPhoneOS14.5.sdk/usr/lib/swift/Speech.swiftmodule/arm64e-apple-ios.swiftinterface
2026-06-03T08:46:52.2635280Z x iPhoneOS14.5.sdk/usr/lib/swift/Speech.swiftmodule/armv7s-apple-ios.swiftdoc
2026-06-03T08:46:52.2635710Z x iPhoneOS14.5.sdk/usr/lib/swift/Speech.swiftmodule/arm64-apple-ios.swiftinterface
2026-06-03T08:46:52.2636120Z x iPhoneOS14.5.sdk/usr/lib/swift/Speech.swiftmodule/arm64e.swiftinterface
2026-06-03T08:46:52.2636560Z x iPhoneOS14.5.sdk/usr/lib/swift/Speech.swiftmodule/arm64.swiftinterface
2026-06-03T08:46:52.2637010Z x iPhoneOS14.5.sdk/usr/lib/swift/Foundation.swiftmodule/
2026-06-03T08:46:52.2637400Z x iPhoneOS14.5.sdk/usr/lib/swift/Foundation.swiftmodule/arm64e-apple-ios.swiftdoc
2026-06-03T08:46:52.2637850Z x iPhoneOS14.5.sdk/usr/lib/swift/Foundation.swiftmodule/arm64-apple-ios.swiftdoc
2026-06-03T08:46:52.2638250Z x iPhoneOS14.5.sdk/usr/lib/swift/Foundation.swiftmodule/arm64.swiftdoc
2026-06-03T08:46:52.2638680Z x iPhoneOS14.5.sdk/usr/lib/swift/Foundation.swiftmodule/armv7-apple-ios.swiftdoc
2026-06-03T08:46:52.2639180Z x iPhoneOS14.5.sdk/usr/lib/swift/Foundation.swiftmodule/armv7-apple-ios.swiftinterface
2026-06-03T08:46:52.2639740Z x iPhoneOS14.5.sdk/usr/lib/swift/Foundation.swiftmodule/arm64e.swiftdoc
2026-06-03T08:46:52.2640180Z x iPhoneOS14.5.sdk/usr/lib/swift/Foundation.swiftmodule/armv7s-apple-ios.swiftinterface
2026-06-03T08:46:52.2640680Z x iPhoneOS14.5.sdk/usr/lib/swift/Foundation.swiftmodule/arm64e-apple-ios.swiftinterface
2026-06-03T08:46:52.2641330Z x iPhoneOS14.5.sdk/usr/lib/swift/Foundation.swiftmodule/armv7s-apple-ios.swiftdoc
2026-06-03T08:46:52.2642000Z x iPhoneOS14.5.sdk/usr/lib/swift/Foundation.swiftmodule/arm64-apple-ios.swiftinterface
2026-06-03T08:46:52.2642550Z x iPhoneOS14.5.sdk/usr/lib/swift/Foundation.swiftmodule/arm64e.swiftinterface
2026-06-03T08:46:52.2642990Z x iPhoneOS14.5.sdk/usr/lib/swift/Foundation.swiftmodule/arm64.swiftinterface
2026-06-03T08:46:52.2643350Z x iPhoneOS14.5.sdk/usr/lib/swift/libswiftos.tbd
2026-06-03T08:46:52.2643620Z x iPhoneOS14.5.sdk/usr/lib/swift/libswiftDemangle.tbd
2026-06-03T08:46:52.2643900Z x iPhoneOS14.5.sdk/usr/lib/swift/Metal.swiftmodule/
2026-06-03T08:46:52.2644250Z x iPhoneOS14.5.sdk/usr/lib/swift/Metal.swiftmodule/arm64e-apple-ios.swiftdoc
2026-06-03T08:46:52.2644660Z x iPhoneOS14.5.sdk/usr/lib/swift/Metal.swiftmodule/arm64-apple-ios.swiftdoc
2026-06-03T08:46:52.2645040Z x iPhoneOS14.5.sdk/usr/lib/swift/Metal.swiftmodule/arm64.swiftdoc
2026-06-03T08:46:52.2645420Z x iPhoneOS14.5.sdk/usr/lib/swift/Metal.swiftmodule/armv7-apple-ios.swiftdoc
2026-06-03T08:46:52.2645900Z x iPhoneOS14.5.sdk/usr/lib/swift/Metal.swiftmodule/armv7-apple-ios.swiftinterface
2026-06-03T08:46:52.2646310Z x iPhoneOS14.5.sdk/usr/lib/swift/Metal.swiftmodule/arm64e.swiftdoc
2026-06-03T08:46:52.2646800Z x iPhoneOS14.5.sdk/usr/lib/swift/Metal.swiftmodule/armv7s-apple-ios.swiftinterface
2026-06-03T08:46:52.2647250Z x iPhoneOS14.5.sdk/usr/lib/swift/Metal.swiftmodule/arm64e-apple-ios.swiftinterface
2026-06-03T08:46:52.2647670Z x iPhoneOS14.5.sdk/usr/lib/swift/Metal.swiftmodule/armv7s-apple-ios.swiftdoc
2026-06-03T08:46:52.2648160Z x iPhoneOS14.5.sdk/usr/lib/swift/Metal.swiftmodule/arm64-apple-ios.swiftinterface
2026-06-03T08:46:52.2648570Z x iPhoneOS14.5.sdk/usr/lib/swift/Metal.swiftmodule/arm64e.swiftinterface
2026-06-03T08:46:52.2648950Z x iPhoneOS14.5.sdk/usr/lib/swift/Metal.swiftmodule/arm64.swiftinterface
2026-06-03T08:46:52.2649280Z x iPhoneOS14.5.sdk/usr/lib/swift/ARKit.swiftmodule/
2026-06-03T08:46:52.2649620Z x iPhoneOS14.5.sdk/usr/lib/swift/ARKit.swiftmodule/arm64e-apple-ios.swiftdoc
2026-06-03T08:46:52.2650030Z x iPhoneOS14.5.sdk/usr/lib/swift/ARKit.swiftmodule/arm64-apple-ios.swiftdoc
2026-06-03T08:46:52.2650460Z x iPhoneOS14.5.sdk/usr/lib/swift/ARKit.swiftmodule/arm64.swiftdoc
2026-06-03T08:46:52.2650850Z x iPhoneOS14.5.sdk/usr/lib/swift/ARKit.swiftmodule/armv7-apple-ios.swiftdoc
2026-06-03T08:46:52.2651280Z x iPhoneOS14.5.sdk/usr/lib/swift/ARKit.swiftmodule/armv7-apple-ios.swiftinterface
2026-06-03T08:46:52.2651680Z x iPhoneOS14.5.sdk/usr/lib/swift/ARKit.swiftmodule/arm64e.swiftdoc
2026-06-03T08:46:52.2652070Z x iPhoneOS14.5.sdk/usr/lib/swift/ARKit.swiftmodule/armv7s-apple-ios.swiftinterface
2026-06-03T08:46:52.2652510Z x iPhoneOS14.5.sdk/usr/lib/swift/ARKit.swiftmodule/arm64e-apple-ios.swiftinterface
2026-06-03T08:46:52.2652930Z x iPhoneOS14.5.sdk/usr/lib/swift/ARKit.swiftmodule/armv7s-apple-ios.swiftdoc
2026-06-03T08:46:52.2653380Z x iPhoneOS14.5.sdk/usr/lib/swift/ARKit.swiftmodule/arm64-apple-ios.swiftinterface
2026-06-03T08:46:52.2653930Z x iPhoneOS14.5.sdk/usr/lib/swift/ARKit.swiftmodule/arm64e.swiftinterface
2026-06-03T08:46:52.2654320Z x iPhoneOS14.5.sdk/usr/lib/swift/ARKit.swiftmodule/arm64.swiftinterface
2026-06-03T08:46:52.2654680Z x iPhoneOS14.5.sdk/usr/lib/swift/libswiftCoreFoundation.tbd
2026-06-03T08:46:52.2654990Z x iPhoneOS14.5.sdk/usr/lib/swift/MLCompute.swiftmodule/
2026-06-03T08:46:52.2655350Z x iPhoneOS14.5.sdk/usr/lib/swift/MLCompute.swiftmodule/arm64e-apple-ios.swiftdoc
2026-06-03T08:46:52.2655790Z x iPhoneOS14.5.sdk/usr/lib/swift/MLCompute.swiftmodule/arm64-apple-ios.swiftdoc
2026-06-03T08:46:52.2656200Z x iPhoneOS14.5.sdk/usr/lib/swift/MLCompute.swiftmodule/arm64.swiftdoc
2026-06-03T08:46:52.2656600Z x iPhoneOS14.5.sdk/usr/lib/swift/MLCompute.swiftmodule/armv7-apple-ios.swiftdoc
2026-06-03T08:46:52.2657040Z x iPhoneOS14.5.sdk/usr/lib/swift/MLCompute.swiftmodule/armv7-apple-ios.swiftinterface
2026-06-03T08:46:52.2657470Z x iPhoneOS14.5.sdk/usr/lib/swift/MLCompute.swiftmodule/arm64e.swiftdoc
2026-06-03T08:46:52.2658010Z x iPhoneOS14.5.sdk/usr/lib/swift/MLCompute.swiftmodule/armv7s-apple-ios.swiftinterface
2026-06-03T08:46:52.2658480Z x iPhoneOS14.5.sdk/usr/lib/swift/MLCompute.swiftmodule/arm64e-apple-ios.swiftinterface
2026-06-03T08:46:52.2658930Z x iPhoneOS14.5.sdk/usr/lib/swift/MLCompute.swiftmodule/armv7s-apple-ios.swiftdoc
2026-06-03T08:46:52.2659380Z x iPhoneOS14.5.sdk/usr/lib/swift/MLCompute.swiftmodule/arm64-apple-ios.swiftinterface
2026-06-03T08:46:52.2659820Z x iPhoneOS14.5.sdk/usr/lib/swift/MLCompute.swiftmodule/arm64e.swiftinterface
2026-06-03T08:46:52.2660220Z x iPhoneOS14.5.sdk/usr/lib/swift/MLCompute.swiftmodule/arm64.swiftinterface
2026-06-03T08:46:52.2660590Z x iPhoneOS14.5.sdk/usr/lib/swift/libswiftCore.tbd
2026-06-03T08:46:52.2660890Z x iPhoneOS14.5.sdk/usr/lib/swift/CoreGraphics.swiftmodule/
2026-06-03T08:46:52.2661270Z x iPhoneOS14.5.sdk/usr/lib/swift/CoreGraphics.swiftmodule/arm64e-apple-ios.swiftdoc
2026-06-03T08:46:52.2661710Z x iPhoneOS14.5.sdk/usr/lib/swift/CoreGraphics.swiftmodule/arm64-apple-ios.swiftdoc
2026-06-03T08:46:52.2662130Z x iPhoneOS14.5.sdk/usr/lib/swift/CoreGraphics.swiftmodule/arm64.swiftdoc
2026-06-03T08:46:52.2662540Z x iPhoneOS14.5.sdk/usr/lib/swift/CoreGraphics.swiftmodule/armv7-apple-ios.swiftdoc
2026-06-03T08:46:52.2663110Z x iPhoneOS14.5.sdk/usr/lib/swift/CoreGraphics.swiftmodule/armv7-apple-ios.swiftinterface
2026-06-03T08:46:52.2663550Z x iPhoneOS14.5.sdk/usr/lib/swift/CoreGraphics.swiftmodule/arm64e.swiftdoc
2026-06-03T08:46:52.2664010Z x iPhoneOS14.5.sdk/usr/lib/swift/CoreGraphics.swiftmodule/armv7s-apple-ios.swiftinterface
2026-06-03T08:46:52.2664520Z x iPhoneOS14.5.sdk/usr/lib/swift/CoreGraphics.swiftmodule/arm64e-apple-ios.swiftinterface
2026-06-03T08:46:52.2665020Z x iPhoneOS14.5.sdk/usr/lib/swift/CoreGraphics.swiftmodule/armv7s-apple-ios.swiftdoc
2026-06-03T08:46:52.2665480Z x iPhoneOS14.5.sdk/usr/lib/swift/CoreGraphics.swiftmodule/arm64-apple-ios.swiftinterface
2026-06-03T08:46:52.2665940Z x iPhoneOS14.5.sdk/usr/lib/swift/CoreGraphics.swiftmodule/arm64e.swiftinterface
2026-06-03T08:46:52.2666390Z x iPhoneOS14.5.sdk/usr/lib/swift/CoreGraphics.swiftmodule/arm64.swiftinterface
2026-06-03T08:46:52.2666740Z x iPhoneOS14.5.sdk/usr/lib/swift/libswiftVision.tbd
2026-06-03T08:46:52.2667130Z x iPhoneOS14.5.sdk/usr/lib/swift/libswiftDarwin.tbd
2026-06-03T08:46:52.2667410Z x iPhoneOS14.5.sdk/usr/lib/swift/PhotosUI.swiftmodule/
2026-06-03T08:46:52.2667760Z x iPhoneOS14.5.sdk/usr/lib/swift/PhotosUI.swiftmodule/arm64e-apple-ios.swiftdoc
2026-06-03T08:46:52.2668190Z x iPhoneOS14.5.sdk/usr/lib/swift/PhotosUI.swiftmodule/arm64-apple-ios.swiftdoc
2026-06-03T08:46:52.2668570Z x iPhoneOS14.5.sdk/usr/lib/swift/PhotosUI.swiftmodule/arm64.swiftdoc
2026-06-03T08:46:52.2668980Z x iPhoneOS14.5.sdk/usr/lib/swift/PhotosUI.swiftmodule/armv7-apple-ios.swiftdoc
2026-06-03T08:46:52.2669430Z x iPhoneOS14.5.sdk/usr/lib/swift/PhotosUI.swiftmodule/armv7-apple-ios.swiftinterface
2026-06-03T08:46:52.2669860Z x iPhoneOS14.5.sdk/usr/lib/swift/PhotosUI.swiftmodule/arm64e.swiftdoc
2026-06-03T08:46:52.2670400Z x iPhoneOS14.5.sdk/usr/lib/swift/PhotosUI.swiftmodule/armv7s-apple-ios.swiftinterface
2026-06-03T08:46:52.2670880Z x iPhoneOS14.5.sdk/usr/lib/swift/PhotosUI.swiftmodule/arm64e-apple-ios.swiftinterface
2026-06-03T08:46:52.2671330Z x iPhoneOS14.5.sdk/usr/lib/swift/PhotosUI.swiftmodule/armv7s-apple-ios.swiftdoc
2026-06-03T08:46:52.2671770Z x iPhoneOS14.5.sdk/usr/lib/swift/PhotosUI.swiftmodule/arm64-apple-ios.swiftinterface
2026-06-03T08:46:52.2672200Z x iPhoneOS14.5.sdk/usr/lib/swift/PhotosUI.swiftmodule/arm64e.swiftinterface
2026-06-03T08:46:52.2672600Z x iPhoneOS14.5.sdk/usr/lib/swift/PhotosUI.swiftmodule/arm64.swiftinterface
2026-06-03T08:46:52.2672940Z x iPhoneOS14.5.sdk/usr/lib/swift/CloudKit.swiftmodule/
2026-06-03T08:46:52.2673290Z x iPhoneOS14.5.sdk/usr/lib/swift/CloudKit.swiftmodule/arm64e-apple-ios.swiftdoc
2026-06-03T08:46:52.2673720Z x iPhoneOS14.5.sdk/usr/lib/swift/CloudKit.swiftmodule/arm64-apple-ios.swiftdoc
2026-06-03T08:46:52.2674190Z x iPhoneOS14.5.sdk/usr/lib/swift/CloudKit.swiftmodule/arm64.swiftdoc
2026-06-03T08:46:52.2674590Z x iPhoneOS14.5.sdk/usr/lib/swift/CloudKit.swiftmodule/armv7-apple-ios.swiftdoc
2026-06-03T08:46:52.2675020Z x iPhoneOS14.5.sdk/usr/lib/swift/CloudKit.swiftmodule/armv7-apple-ios.swiftinterface
2026-06-03T08:46:52.2675440Z x iPhoneOS14.5.sdk/usr/lib/swift/CloudKit.swiftmodule/arm64e.swiftdoc
2026-06-03T08:46:52.2675840Z x iPhoneOS14.5.sdk/usr/lib/swift/CloudKit.swiftmodule/armv7s-apple-ios.swiftinterface
2026-06-03T08:46:52.2676380Z x iPhoneOS14.5.sdk/usr/lib/swift/CloudKit.swiftmodule/arm64e-apple-ios.swiftinterface
2026-06-03T08:46:52.2685650Z x iPhoneOS14.5.sdk/usr/lib/swift/CloudKit.swiftmodule/armv7s-apple-ios.swiftdoc
2026-06-03T08:46:52.2686150Z x iPhoneOS14.5.sdk/usr/lib/swift/CloudKit.swiftmodule/arm64-apple-ios.swiftinterface
2026-06-03T08:46:52.2686590Z x iPhoneOS14.5.sdk/usr/lib/swift/CloudKit.swiftmodule/arm64e.swiftinterface
2026-06-03T08:46:52.2686980Z x iPhoneOS14.5.sdk/usr/lib/swift/CloudKit.swiftmodule/arm64.swiftinterface
2026-06-03T08:46:52.2687330Z x iPhoneOS14.5.sdk/usr/lib/swift/libswiftGLKit.tbd
2026-06-03T08:46:52.2687610Z x iPhoneOS14.5.sdk/usr/lib/swift/libswiftMetalKit.tbd
2026-06-03T08:46:52.2687880Z x iPhoneOS14.5.sdk/usr/lib/swift/simd.swiftmodule/
2026-06-03T08:46:52.2688210Z x iPhoneOS14.5.sdk/usr/lib/swift/simd.swiftmodule/arm64e-apple-ios.swiftdoc
2026-06-03T08:46:52.2688800Z x iPhoneOS14.5.sdk/usr/lib/swift/simd.swiftmodule/arm64-apple-ios.swiftdoc
2026-06-03T08:46:52.2689170Z x iPhoneOS14.5.sdk/usr/lib/swift/simd.swiftmodule/arm64.swiftdoc
2026-06-03T08:46:52.2689520Z x iPhoneOS14.5.sdk/usr/lib/swift/simd.swiftmodule/armv7-apple-ios.swiftdoc
2026-06-03T08:46:52.2689930Z x iPhoneOS14.5.sdk/usr/lib/swift/simd.swiftmodule/armv7-apple-ios.swiftinterface
2026-06-03T08:46:52.2690320Z x iPhoneOS14.5.sdk/usr/lib/swift/simd.swiftmodule/arm64e.swiftdoc
2026-06-03T08:46:52.2690700Z x iPhoneOS14.5.sdk/usr/lib/swift/simd.swiftmodule/armv7s-apple-ios.swiftinterface
2026-06-03T08:46:52.2691140Z x iPhoneOS14.5.sdk/usr/lib/swift/simd.swiftmodule/arm64e-apple-ios.swiftinterface
2026-06-03T08:46:52.2691560Z x iPhoneOS14.5.sdk/usr/lib/swift/simd.swiftmodule/armv7s-apple-ios.swiftdoc
2026-06-03T08:46:52.2692090Z x iPhoneOS14.5.sdk/usr/lib/swift/simd.swiftmodule/arm64-apple-ios.swiftinterface
2026-06-03T08:46:52.2692490Z x iPhoneOS14.5.sdk/usr/lib/swift/simd.swiftmodule/arm64e.swiftinterface
2026-06-03T08:46:52.2692860Z x iPhoneOS14.5.sdk/usr/lib/swift/simd.swiftmodule/arm64.swiftinterface
2026-06-03T08:46:52.2693210Z x iPhoneOS14.5.sdk/usr/lib/swift/CoreFoundation.swiftmodule/
2026-06-03T08:46:52.2693600Z x iPhoneOS14.5.sdk/usr/lib/swift/CoreFoundation.swiftmodule/arm64e-apple-ios.swiftdoc
2026-06-03T08:46:52.2694060Z x iPhoneOS14.5.sdk/usr/lib/swift/CoreFoundation.swiftmodule/arm64-apple-ios.swiftdoc
2026-06-03T08:46:52.2694490Z x iPhoneOS14.5.sdk/usr/lib/swift/CoreFoundation.swiftmodule/arm64.swiftdoc
2026-06-03T08:46:52.2694920Z x iPhoneOS14.5.sdk/usr/lib/swift/CoreFoundation.swiftmodule/armv7-apple-ios.swiftdoc
2026-06-03T08:46:52.2695650Z x iPhoneOS14.5.sdk/usr/lib/swift/CoreFoundation.swiftmodule/armv7-apple-ios.swiftinterface
2026-06-03T08:46:52.2696130Z x iPhoneOS14.5.sdk/usr/lib/swift/CoreFoundation.swiftmodule/arm64e.swiftdoc
2026-06-03T08:46:52.2696590Z x iPhoneOS14.5.sdk/usr/lib/swift/CoreFoundation.swiftmodule/armv7s-apple-ios.swiftinterface
2026-06-03T08:46:52.2697100Z x iPhoneOS14.5.sdk/usr/lib/swift/CoreFoundation.swiftmodule/arm64e-apple-ios.swiftinterface
2026-06-03T08:46:52.2697590Z x iPhoneOS14.5.sdk/usr/lib/swift/CoreFoundation.swiftmodule/armv7s-apple-ios.swiftdoc
2026-06-03T08:46:52.2698070Z x iPhoneOS14.5.sdk/usr/lib/swift/CoreFoundation.swiftmodule/arm64-apple-ios.swiftinterface
2026-06-03T08:46:52.2698560Z x iPhoneOS14.5.sdk/usr/lib/swift/CoreFoundation.swiftmodule/arm64e.swiftinterface
2026-06-03T08:46:52.2699000Z x iPhoneOS14.5.sdk/usr/lib/swift/CoreFoundation.swiftmodule/arm64.swiftinterface
2026-06-03T08:46:52.2699390Z x iPhoneOS14.5.sdk/usr/lib/swift/NearbyInteraction.swiftmodule/
2026-06-03T08:46:52.2699950Z x iPhoneOS14.5.sdk/usr/lib/swift/NearbyInteraction.swiftmodule/arm64e-apple-ios.swiftdoc
2026-06-03T08:46:52.2700440Z x iPhoneOS14.5.sdk/usr/lib/swift/NearbyInteraction.swiftmodule/arm64-apple-ios.swiftdoc
2026-06-03T08:46:52.2700890Z x iPhoneOS14.5.sdk/usr/lib/swift/NearbyInteraction.swiftmodule/arm64.swiftdoc
2026-06-03T08:46:52.2701340Z x iPhoneOS14.5.sdk/usr/lib/swift/NearbyInteraction.swiftmodule/armv7-apple-ios.swiftdoc
2026-06-03T08:46:52.2701860Z x iPhoneOS14.5.sdk/usr/lib/swift/NearbyInteraction.swiftmodule/armv7-apple-ios.swiftinterface
2026-06-03T08:46:52.2702330Z x iPhoneOS14.5.sdk/usr/lib/swift/NearbyInteraction.swiftmodule/arm64e.swiftdoc
2026-06-03T08:46:52.2702800Z x iPhoneOS14.5.sdk/usr/lib/swift/NearbyInteraction.swiftmodule/armv7s-apple-ios.swiftinterface
2026-06-03T08:46:52.2703320Z x iPhoneOS14.5.sdk/usr/lib/swift/NearbyInteraction.swiftmodule/arm64e-apple-ios.swiftinterface
2026-06-03T08:46:52.2703830Z x iPhoneOS14.5.sdk/usr/lib/swift/NearbyInteraction.swiftmodule/armv7s-apple-ios.swiftdoc
2026-06-03T08:46:52.2704340Z x iPhoneOS14.5.sdk/usr/lib/swift/NearbyInteraction.swiftmodule/arm64-apple-ios.swiftinterface
2026-06-03T08:46:52.2704830Z x iPhoneOS14.5.sdk/usr/lib/swift/NearbyInteraction.swiftmodule/arm64e.swiftinterface
2026-06-03T08:46:52.2705350Z x iPhoneOS14.5.sdk/usr/lib/swift/NearbyInteraction.swiftmodule/arm64.swiftinterface
2026-06-03T08:46:52.2705730Z x iPhoneOS14.5.sdk/usr/lib/swift/libswiftContacts.tbd
2026-06-03T08:46:52.2706040Z x iPhoneOS14.5.sdk/usr/lib/swift/libswiftSwiftOnoneSupport.tbd
2026-06-03T08:46:52.2706350Z x iPhoneOS14.5.sdk/usr/lib/swift/SceneKit.swiftmodule/
2026-06-03T08:46:52.2706700Z x iPhoneOS14.5.sdk/usr/lib/swift/SceneKit.swiftmodule/arm64e-apple-ios.swiftdoc
2026-06-03T08:46:52.2707120Z x iPhoneOS14.5.sdk/usr/lib/swift/SceneKit.swiftmodule/arm64-apple-ios.swiftdoc
2026-06-03T08:46:52.2707500Z x iPhoneOS14.5.sdk/usr/lib/swift/SceneKit.swiftmodule/arm64.swiftdoc
2026-06-03T08:46:52.2707890Z x iPhoneOS14.5.sdk/usr/lib/swift/SceneKit.swiftmodule/armv7-apple-ios.swiftdoc
2026-06-03T08:46:52.2708320Z x iPhoneOS14.5.sdk/usr/lib/swift/SceneKit.swiftmodule/armv7-apple-ios.swiftinterface
2026-06-03T08:46:52.2708730Z x iPhoneOS14.5.sdk/usr/lib/swift/SceneKit.swiftmodule/arm64e.swiftdoc
2026-06-03T08:46:52.2709220Z x iPhoneOS14.5.sdk/usr/lib/swift/SceneKit.swiftmodule/armv7s-apple-ios.swiftinterface
2026-06-03T08:46:52.2709680Z x iPhoneOS14.5.sdk/usr/lib/swift/SceneKit.swiftmodule/arm64e-apple-ios.swiftinterface
2026-06-03T08:46:52.2710130Z x iPhoneOS14.5.sdk/usr/lib/swift/SceneKit.swiftmodule/armv7s-apple-ios.swiftdoc
2026-06-03T08:46:52.2710570Z x iPhoneOS14.5.sdk/usr/lib/swift/SceneKit.swiftmodule/arm64-apple-ios.swiftinterface
2026-06-03T08:46:52.2710990Z x iPhoneOS14.5.sdk/usr/lib/swift/SceneKit.swiftmodule/arm64e.swiftinterface
2026-06-03T08:46:52.2711410Z x iPhoneOS14.5.sdk/usr/lib/swift/SceneKit.swiftmodule/arm64.swiftinterface
2026-06-03T08:46:52.2711760Z x iPhoneOS14.5.sdk/usr/lib/swift/libswiftCompression.tbd
2026-06-03T08:46:52.2712250Z x iPhoneOS14.5.sdk/usr/lib/swift/HomeKit.swiftmodule/
2026-06-03T08:46:52.2712730Z x iPhoneOS14.5.sdk/usr/lib/swift/HomeKit.swiftmodule/arm64e-apple-ios.swiftdoc
2026-06-03T08:46:52.2713150Z x iPhoneOS14.5.sdk/usr/lib/swift/HomeKit.swiftmodule/arm64-apple-ios.swiftdoc
2026-06-03T08:46:52.2713560Z x iPhoneOS14.5.sdk/usr/lib/swift/HomeKit.swiftmodule/arm64.swiftdoc
2026-06-03T08:46:52.2713940Z x iPhoneOS14.5.sdk/usr/lib/swift/HomeKit.swiftmodule/armv7-apple-ios.swiftdoc
2026-06-03T08:46:52.2714370Z x iPhoneOS14.5.sdk/usr/lib/swift/HomeKit.swiftmodule/armv7-apple-ios.swiftinterface
2026-06-03T08:46:52.2714780Z x iPhoneOS14.5.sdk/usr/lib/swift/HomeKit.swiftmodule/arm64e.swiftdoc
2026-06-03T08:46:52.2715190Z x iPhoneOS14.5.sdk/usr/lib/swift/HomeKit.swiftmodule/armv7s-apple-ios.swiftinterface
2026-06-03T08:46:52.2715640Z x iPhoneOS14.5.sdk/usr/lib/swift/HomeKit.swiftmodule/arm64e-apple-ios.swiftinterface
2026-06-03T08:46:52.2716070Z x iPhoneOS14.5.sdk/usr/lib/swift/HomeKit.swiftmodule/armv7s-apple-ios.swiftdoc
2026-06-03T08:46:52.2716620Z x iPhoneOS14.5.sdk/usr/lib/swift/HomeKit.swiftmodule/arm64-apple-ios.swiftinterface
2026-06-03T08:46:52.2717040Z x iPhoneOS14.5.sdk/usr/lib/swift/HomeKit.swiftmodule/arm64e.swiftinterface
2026-06-03T08:46:52.2717430Z x iPhoneOS14.5.sdk/usr/lib/swift/HomeKit.swiftmodule/arm64.swiftinterface
2026-06-03T08:46:52.2717760Z x iPhoneOS14.5.sdk/usr/lib/swift/System.swiftmodule/
2026-06-03T08:46:52.2718100Z x iPhoneOS14.5.sdk/usr/lib/swift/System.swiftmodule/arm64e-apple-ios.swiftdoc
2026-06-03T08:46:52.2718510Z x iPhoneOS14.5.sdk/usr/lib/swift/System.swiftmodule/arm64-apple-ios.swiftdoc
2026-06-03T08:46:52.2718880Z x iPhoneOS14.5.sdk/usr/lib/swift/System.swiftmodule/arm64.swiftdoc
2026-06-03T08:46:52.2719250Z x iPhoneOS14.5.sdk/usr/lib/swift/System.swiftmodule/armv7-apple-ios.swiftdoc
2026-06-03T08:46:52.2719670Z x iPhoneOS14.5.sdk/usr/lib/swift/System.swiftmodule/armv7-apple-ios.swiftinterface
2026-06-03T08:46:52.2720060Z x iPhoneOS14.5.sdk/usr/lib/swift/System.swiftmodule/arm64e.swiftdoc
2026-06-03T08:46:52.2720470Z x iPhoneOS14.5.sdk/usr/lib/swift/System.swiftmodule/armv7s-apple-ios.swiftinterface
2026-06-03T08:46:52.2720910Z x iPhoneOS14.5.sdk/usr/lib/swift/System.swiftmodule/arm64e-apple-ios.swiftinterface
2026-06-03T08:46:52.2721340Z x iPhoneOS14.5.sdk/usr/lib/swift/System.swiftmodule/armv7s-apple-ios.swiftdoc
2026-06-03T08:46:52.2721810Z x iPhoneOS14.5.sdk/usr/lib/swift/System.swiftmodule/arm64-apple-ios.swiftinterface
2026-06-03T08:46:52.2722220Z x iPhoneOS14.5.sdk/usr/lib/swift/System.swiftmodule/arm64e.swiftinterface
2026-06-03T08:46:52.2722600Z x iPhoneOS14.5.sdk/usr/lib/swift/System.swiftmodule/arm64.swiftinterface
2026-06-03T08:46:52.2722920Z x iPhoneOS14.5.sdk/usr/lib/swift/ModelIO.swiftmodule/
2026-06-03T08:46:52.2723260Z x iPhoneOS14.5.sdk/usr/lib/swift/ModelIO.swiftmodule/arm64e-apple-ios.swiftdoc
2026-06-03T08:46:52.2723670Z x iPhoneOS14.5.sdk/usr/lib/swift/ModelIO.swiftmodule/arm64-apple-ios.swiftdoc
2026-06-03T08:46:52.2724050Z x iPhoneOS14.5.sdk/usr/lib/swift/ModelIO.swiftmodule/arm64.swiftdoc
2026-06-03T08:46:52.2724420Z x iPhoneOS14.5.sdk/usr/lib/swift/ModelIO.swiftmodule/armv7-apple-ios.swiftdoc
2026-06-03T08:46:52.2724850Z x iPhoneOS14.5.sdk/usr/lib/swift/ModelIO.swiftmodule/armv7-apple-ios.swiftinterface
2026-06-03T08:46:52.2725300Z x iPhoneOS14.5.sdk/usr/lib/swift/ModelIO.swiftmodule/arm64e.swiftdoc
2026-06-03T08:46:52.2726580Z x iPhoneOS14.5.sdk/usr/lib/swift/ModelIO.swiftmodule/armv7s-apple-ios.swiftinterface
2026-06-03T08:46:52.2727050Z x iPhoneOS14.5.sdk/usr/lib/swift/ModelIO.swiftmodule/arm64e-apple-ios.swiftinterface
2026-06-03T08:46:52.2727490Z x iPhoneOS14.5.sdk/usr/lib/swift/ModelIO.swiftmodule/armv7s-apple-ios.swiftdoc
2026-06-03T08:46:52.2727920Z x iPhoneOS14.5.sdk/usr/lib/swift/ModelIO.swiftmodule/arm64-apple-ios.swiftinterface
2026-06-03T08:46:52.2728330Z x iPhoneOS14.5.sdk/usr/lib/swift/ModelIO.swiftmodule/arm64e.swiftinterface
2026-06-03T08:46:52.2728720Z x iPhoneOS14.5.sdk/usr/lib/swift/ModelIO.swiftmodule/arm64.swiftinterface
2026-06-03T08:46:52.2729070Z x iPhoneOS14.5.sdk/usr/lib/swift/QuartzCore.swiftmodule/
2026-06-03T08:46:52.2729510Z x iPhoneOS14.5.sdk/usr/lib/swift/QuartzCore.swiftmodule/arm64e-apple-ios.swiftdoc
2026-06-03T08:46:52.2729960Z x iPhoneOS14.5.sdk/usr/lib/swift/QuartzCore.swiftmodule/arm64-apple-ios.swiftdoc
2026-06-03T08:46:52.2730360Z x iPhoneOS14.5.sdk/usr/lib/swift/QuartzCore.swiftmodule/arm64.swiftdoc
2026-06-03T08:46:52.2730760Z x iPhoneOS14.5.sdk/usr/lib/swift/QuartzCore.swiftmodule/armv7-apple-ios.swiftdoc
2026-06-03T08:46:52.2731200Z x iPhoneOS14.5.sdk/usr/lib/swift/QuartzCore.swiftmodule/armv7-apple-ios.swiftinterface
2026-06-03T08:46:52.2731620Z x iPhoneOS14.5.sdk/usr/lib/swift/QuartzCore.swiftmodule/arm64e.swiftdoc
2026-06-03T08:46:52.2732050Z x iPhoneOS14.5.sdk/usr/lib/swift/QuartzCore.swiftmodule/armv7s-apple-ios.swiftinterface
2026-06-03T08:46:52.2732520Z x iPhoneOS14.5.sdk/usr/lib/swift/QuartzCore.swiftmodule/arm64e-apple-ios.swiftinterface
2026-06-03T08:46:52.2732990Z x iPhoneOS14.5.sdk/usr/lib/swift/QuartzCore.swiftmodule/armv7s-apple-ios.swiftdoc
2026-06-03T08:46:52.2733510Z x iPhoneOS14.5.sdk/usr/lib/swift/QuartzCore.swiftmodule/arm64-apple-ios.swiftinterface
2026-06-03T08:46:52.2733950Z x iPhoneOS14.5.sdk/usr/lib/swift/QuartzCore.swiftmodule/arm64e.swiftinterface
2026-06-03T08:46:52.2734360Z x iPhoneOS14.5.sdk/usr/lib/swift/QuartzCore.swiftmodule/arm64.swiftinterface
2026-06-03T08:46:52.2734700Z x iPhoneOS14.5.sdk/usr/lib/swift/Swift.swiftmodule/
2026-06-03T08:46:52.2735030Z x iPhoneOS14.5.sdk/usr/lib/swift/Swift.swiftmodule/arm64e-apple-ios.swiftdoc
2026-06-03T08:46:52.2735660Z x iPhoneOS14.5.sdk/usr/lib/swift/Swift.swiftmodule/arm64-apple-ios.swiftdoc
2026-06-03T08:46:52.3118790Z x iPhoneOS14.5.sdk/usr/lib/swift/Swift.swiftmodule/armv7-apple-ios.swiftdoc
2026-06-03T08:46:52.3279230Z x iPhoneOS14.5.sdk/usr/lib/swift/Swift.swiftmodule/armv7-apple-ios.swiftinterface
2026-06-03T08:46:52.3393870Z x iPhoneOS14.5.sdk/usr/lib/swift/Swift.swiftmodule/armv7s-apple-ios.swiftinterface
2026-06-03T08:46:52.3496140Z x iPhoneOS14.5.sdk/usr/lib/swift/Swift.swiftmodule/arm64e-apple-ios.swiftinterface
2026-06-03T08:46:52.3597280Z x iPhoneOS14.5.sdk/usr/lib/swift/Swift.swiftmodule/armv7s-apple-ios.swiftdoc
2026-06-03T08:46:52.3698340Z x iPhoneOS14.5.sdk/usr/lib/swift/Swift.swiftmodule/Swift.opt.bitstream
2026-06-03T08:46:52.3899690Z x iPhoneOS14.5.sdk/usr/lib/swift/Swift.swiftmodule/arm64-apple-ios.swiftinterface
2026-06-03T08:46:52.4002410Z x iPhoneOS14.5.sdk/usr/lib/swift/CallKit.swiftmodule/
2026-06-03T08:46:52.4104520Z x iPhoneOS14.5.sdk/usr/lib/swift/CallKit.swiftmodule/arm64e-apple-ios.swiftdoc
2026-06-03T08:46:52.4205950Z x iPhoneOS14.5.sdk/usr/lib/swift/CallKit.swiftmodule/arm64-apple-ios.swiftdoc
2026-06-03T08:46:52.4307170Z x iPhoneOS14.5.sdk/usr/lib/swift/CallKit.swiftmodule/arm64.swiftdoc
2026-06-03T08:46:52.4408310Z x iPhoneOS14.5.sdk/usr/lib/swift/CallKit.swiftmodule/armv7-apple-ios.swiftdoc
2026-06-03T08:46:52.4509390Z x iPhoneOS14.5.sdk/usr/lib/swift/CallKit.swiftmodule/armv7-apple-ios.swiftinterface
2026-06-03T08:46:52.4643960Z x iPhoneOS14.5.sdk/usr/lib/swift/CallKit.swiftmodule/arm64e.swiftdoc
2026-06-03T08:46:52.4825620Z x iPhoneOS14.5.sdk/usr/lib/swift/CallKit.swiftmodule/armv7s-apple-ios.swiftinterface
2026-06-03T08:46:52.4986200Z x iPhoneOS14.5.sdk/usr/lib/swift/CallKit.swiftmodule/arm64e-apple-ios.swiftinterface
2026-06-03T08:46:52.5185640Z x iPhoneOS14.5.sdk/usr/lib/swift/CallKit.swiftmodule/armv7s-apple-ios.swiftdoc
2026-06-03T08:46:52.5420390Z x iPhoneOS14.5.sdk/usr/lib/swift/CallKit.swiftmodule/arm64-apple-ios.swiftinterface
2026-06-03T08:46:52.5521940Z x iPhoneOS14.5.sdk/usr/lib/swift/CallKit.swiftmodule/arm64e.swiftinterface
2026-06-03T08:46:52.5623290Z x iPhoneOS14.5.sdk/usr/lib/swift/CallKit.swiftmodule/arm64.swiftinterface
2026-06-03T08:46:52.5724520Z x iPhoneOS14.5.sdk/usr/lib/swift/libswiftHealthKit.tbd
2026-06-03T08:46:52.5826440Z x iPhoneOS14.5.sdk/usr/lib/swift/CoreImage.swiftmodule/
2026-06-03T08:46:52.5927680Z x iPhoneOS14.5.sdk/usr/lib/swift/CoreImage.swiftmodule/arm64e-apple-ios.swiftdoc
2026-06-03T08:46:52.6028870Z x iPhoneOS14.5.sdk/usr/lib/swift/CoreImage.swiftmodule/arm64-apple-ios.swiftdoc
2026-06-03T08:46:52.6130760Z x iPhoneOS14.5.sdk/usr/lib/swift/CoreImage.swiftmodule/arm64.swiftdoc
2026-06-03T08:46:52.6289730Z x iPhoneOS14.5.sdk/usr/lib/swift/CoreImage.swiftmodule/armv7-apple-ios.swiftdoc
2026-06-03T08:46:52.6390870Z x iPhoneOS14.5.sdk/usr/lib/swift/CoreImage.swiftmodule/armv7-apple-ios.swiftinterface
2026-06-03T08:46:52.6492030Z x iPhoneOS14.5.sdk/usr/lib/swift/CoreImage.swiftmodule/arm64e.swiftdoc
2026-06-03T08:46:52.6593730Z x iPhoneOS14.5.sdk/usr/lib/swift/CoreImage.swiftmodule/armv7s-apple-ios.swiftinterface
2026-06-03T08:46:52.6695210Z x iPhoneOS14.5.sdk/usr/lib/swift/CoreImage.swiftmodule/arm64e-apple-ios.swiftinterface
2026-06-03T08:46:52.6796020Z x iPhoneOS14.5.sdk/usr/lib/swift/CoreImage.swiftmodule/armv7s-apple-ios.swiftdoc
2026-06-03T08:46:52.6895900Z x iPhoneOS14.5.sdk/usr/lib/swift/CoreImage.swiftmodule/arm64-apple-ios.swiftinterface
2026-06-03T08:46:52.6998000Z x iPhoneOS14.5.sdk/usr/lib/swift/CoreImage.swiftmodule/arm64e.swiftinterface
2026-06-03T08:46:52.7101830Z x iPhoneOS14.5.sdk/usr/lib/swift/CoreImage.swiftmodule/arm64.swiftinterface
2026-06-03T08:46:52.7203410Z x iPhoneOS14.5.sdk/usr/lib/swift/libswiftUIKit.tbd
2026-06-03T08:46:52.7309190Z x iPhoneOS14.5.sdk/usr/lib/swift/libswiftMetricKit.tbd
2026-06-03T08:46:52.7435370Z x iPhoneOS14.5.sdk/usr/lib/swift/libswiftCryptoTokenKit.tbd
2026-06-03T08:46:52.7537760Z x iPhoneOS14.5.sdk/usr/lib/swift/libswiftSceneKit.tbd
2026-06-03T08:46:52.7653620Z x iPhoneOS14.5.sdk/usr/lib/swift/libswiftCoreGraphics.tbd
2026-06-03T08:46:52.7773760Z x iPhoneOS14.5.sdk/usr/lib/swift/NaturalLanguage.swiftmodule/
2026-06-03T08:46:52.7885050Z x iPhoneOS14.5.sdk/usr/lib/swift/NaturalLanguage.swiftmodule/arm64e-apple-ios.swiftdoc
2026-06-03T08:46:52.7948530Z iPhoneOS16.5 iPhoneOS14.5 
2026-06-03T08:46:52.7986770Z x iPhoneOS14.5.sdk/usr/lib/swift/NaturalLanguage.swiftmodule/arm64-apple-ios.swiftdoc
2026-06-03T08:46:52.8067120Z x iPhoneOS14.5.sdk/usr/lib/swift/NaturalLanguage.swiftmodule/arm64.swiftdoc
2026-06-03T08:46:52.8168350Z x iPhoneOS14.5.sdk/usr/lib/swift/NaturalLanguage.swiftmodule/armv7-apple-ios.swiftdoc
2026-06-03T08:46:52.8269590Z x iPhoneOS14.5.sdk/usr/lib/swift/NaturalLanguage.swiftmodule/armv7-apple-ios.swiftinterface
2026-06-03T08:46:52.8392080Z x iPhoneOS14.5.sdk/usr/lib/swift/NaturalLanguage.swiftmodule/arm64e.swiftdoc
2026-06-03T08:46:52.8492170Z x iPhoneOS14.5.sdk/usr/lib/swift/NaturalLanguage.swiftmodule/armv7s-apple-ios.swiftinterface
2026-06-03T08:46:52.8594900Z x iPhoneOS14.5.sdk/usr/lib/swift/NaturalLanguage.swiftmodule/arm64e-apple-ios.swiftinterface
2026-06-03T08:46:52.8699920Z x iPhoneOS14.5.sdk/usr/lib/swift/NaturalLanguage.swiftmodule/armv7s-apple-ios.swiftdoc
2026-06-03T08:46:52.8801240Z x iPhoneOS14.5.sdk/usr/lib/swift/NaturalLanguage.swiftmodule/arm64-apple-ios.swiftinterface
2026-06-03T08:46:52.8907250Z x iPhoneOS14.5.sdk/usr/lib/swift/NaturalLanguage.swiftmodule/arm64e.swiftinterface
2026-06-03T08:46:52.9008590Z x iPhoneOS14.5.sdk/usr/lib/swift/NaturalLanguage.swiftmodule/arm64.swiftinterface
2026-06-03T08:46:52.9108780Z x iPhoneOS14.5.sdk/usr/lib/swift/AVFoundation.swiftmodule/
2026-06-03T08:46:52.9215260Z x iPhoneOS14.5.sdk/usr/lib/swift/AVFoundation.swiftmodule/arm64e-apple-ios.swiftdoc
2026-06-03T08:46:52.9316600Z x iPhoneOS14.5.sdk/usr/lib/swift/AVFoundation.swiftmodule/arm64-apple-ios.swiftdoc
2026-06-03T08:46:52.9416830Z x iPhoneOS14.5.sdk/usr/lib/swift/AVFoundation.swiftmodule/arm64.swiftdoc
2026-06-03T08:46:52.9517040Z x iPhoneOS14.5.sdk/usr/lib/swift/AVFoundation.swiftmodule/armv7-apple-ios.swiftdoc
2026-06-03T08:46:52.9617500Z x iPhoneOS14.5.sdk/usr/lib/swift/AVFoundation.swiftmodule/armv7-apple-ios.swiftinterface
2026-06-03T08:46:52.9720870Z x iPhoneOS14.5.sdk/usr/lib/swift/AVFoundation.swiftmodule/arm64e.swiftdoc
2026-06-03T08:46:52.9822780Z x iPhoneOS14.5.sdk/usr/lib/swift/AVFoundation.swiftmodule/armv7s-apple-ios.swiftinterface
2026-06-03T08:46:52.9922750Z x iPhoneOS14.5.sdk/usr/lib/swift/AVFoundation.swiftmodule/arm64e-apple-ios.swiftinterface
2026-06-03T08:46:53.0023950Z x iPhoneOS14.5.sdk/usr/lib/swift/AVFoundation.swiftmodule/armv7s-apple-ios.swiftdoc
2026-06-03T08:46:53.0124390Z x iPhoneOS14.5.sdk/usr/lib/swift/AVFoundation.swiftmodule/arm64-apple-ios.swiftinterface
2026-06-03T08:46:53.0225380Z x iPhoneOS14.5.sdk/usr/lib/swift/AVFoundation.swiftmodule/arm64e.swiftinterface
2026-06-03T08:46:53.0326010Z x iPhoneOS14.5.sdk/usr/lib/swift/AVFoundation.swiftmodule/arm64.swiftinterface
2026-06-03T08:46:53.0426880Z x iPhoneOS14.5.sdk/usr/lib/swift/libswiftWebKit.tbd
2026-06-03T08:46:53.0538950Z x iPhoneOS14.5.sdk/usr/lib/swift/libswiftCoreML.tbd
2026-06-03T08:46:53.0608230Z x iPhoneOS14.5.sdk/usr/lib/swift/libswiftNaturalLanguage.tbd
2026-06-03T08:46:53.0712650Z x iPhoneOS14.5.sdk/usr/lib/swift/Intents.swiftmodule/
2026-06-03T08:46:53.0814200Z x iPhoneOS14.5.sdk/usr/lib/swift/Intents.swiftmodule/arm64e-apple-ios.swiftdoc
2026-06-03T08:46:53.0915500Z x iPhoneOS14.5.sdk/usr/lib/swift/Intents.swiftmodule/arm64-apple-ios.swiftdoc
2026-06-03T08:46:53.1024480Z x iPhoneOS14.5.sdk/usr/lib/swift/Intents.swiftmodule/arm64.swiftdoc
2026-06-03T08:46:53.1125560Z x iPhoneOS14.5.sdk/usr/lib/swift/Intents.swiftmodule/armv7-apple-ios.swiftdoc
2026-06-03T08:46:53.1226840Z x iPhoneOS14.5.sdk/usr/lib/swift/Intents.swiftmodule/armv7-apple-ios.swiftinterface
2026-06-03T08:46:53.1328060Z x iPhoneOS14.5.sdk/usr/lib/swift/Intents.swiftmodule/arm64e.swiftdoc
2026-06-03T08:46:53.1437640Z x iPhoneOS14.5.sdk/usr/lib/swift/Intents.swiftmodule/armv7s-apple-ios.swiftinterface
2026-06-03T08:46:53.1538860Z x iPhoneOS14.5.sdk/usr/lib/swift/Intents.swiftmodule/arm64e-apple-ios.swiftinterface
2026-06-03T08:46:53.1640030Z x iPhoneOS14.5.sdk/usr/lib/swift/Intents.swiftmodule/armv7s-apple-ios.swiftdoc
2026-06-03T08:46:53.1741190Z x iPhoneOS14.5.sdk/usr/lib/swift/Intents.swiftmodule/arm64-apple-ios.swiftinterface
2026-06-03T08:46:53.1842310Z x iPhoneOS14.5.sdk/usr/lib/swift/Intents.swiftmodule/arm64e.swiftinterface
2026-06-03T08:46:53.1943420Z x iPhoneOS14.5.sdk/usr/lib/swift/Intents.swiftmodule/arm64.swiftinterface
2026-06-03T08:46:53.2047430Z x iPhoneOS14.5.sdk/usr/lib/swift/libswiftSpriteKit.tbd
2026-06-03T08:46:53.2148870Z x iPhoneOS14.5.sdk/usr/lib/swift/UIKit.swiftmodule/
2026-06-03T08:46:53.2249560Z x iPhoneOS14.5.sdk/usr/lib/swift/UIKit.swiftmodule/arm64e-apple-ios.swiftdoc
2026-06-03T08:46:53.2417810Z x iPhoneOS14.5.sdk/usr/lib/swift/UIKit.swiftmodule/arm64-apple-ios.swiftdoc
2026-06-03T08:46:53.2518840Z x iPhoneOS14.5.sdk/usr/lib/swift/UIKit.swiftmodule/arm64.swiftdoc
2026-06-03T08:46:53.2619880Z x iPhoneOS14.5.sdk/usr/lib/swift/UIKit.swiftmodule/armv7-apple-ios.swiftdoc
2026-06-03T08:46:53.2720470Z x iPhoneOS14.5.sdk/usr/lib/swift/UIKit.swiftmodule/armv7-apple-ios.swiftinterface
2026-06-03T08:46:53.2821510Z x iPhoneOS14.5.sdk/usr/lib/swift/UIKit.swiftmodule/arm64e.swiftdoc
2026-06-03T08:46:53.2921030Z x iPhoneOS14.5.sdk/usr/lib/swift/UIKit.swiftmodule/armv7s-apple-ios.swiftinterface
2026-06-03T08:46:53.3022520Z x iPhoneOS14.5.sdk/usr/lib/swift/UIKit.swiftmodule/arm64e-apple-ios.swiftinterface
2026-06-03T08:46:53.3123010Z x iPhoneOS14.5.sdk/usr/lib/swift/UIKit.swiftmodule/armv7s-apple-ios.swiftdoc
2026-06-03T08:46:53.3224170Z x iPhoneOS14.5.sdk/usr/lib/swift/UIKit.swiftmodule/arm64-apple-ios.swiftinterface
2026-06-03T08:46:53.3324410Z x iPhoneOS14.5.sdk/usr/lib/swift/UIKit.swiftmodule/arm64e.swiftinterface
2026-06-03T08:46:53.3424800Z x iPhoneOS14.5.sdk/usr/lib/swift/UIKit.swiftmodule/arm64.swiftinterface
2026-06-03T08:46:53.3524770Z x iPhoneOS14.5.sdk/usr/lib/swift/libswiftSystem_Foundation.tbd
2026-06-03T08:46:53.3625290Z x iPhoneOS14.5.sdk/usr/lib/swift/libswiftCoreMedia.tbd
2026-06-03T08:46:53.3725900Z x iPhoneOS14.5.sdk/usr/lib/swift/Network.swiftmodule/
2026-06-03T08:46:53.3826210Z x iPhoneOS14.5.sdk/usr/lib/swift/Network.swiftmodule/arm64e-apple-ios.swiftdoc
2026-06-03T08:46:53.3872740Z x iPhoneOS14.5.sdk/usr/lib/swift/Network.swiftmodule/arm64-apple-ios.swiftdoc
2026-06-03T08:46:53.3892270Z x iPhoneOS14.5.sdk/usr/lib/swift/Network.swiftmodule/arm64.swiftdoc
2026-06-03T08:46:53.3905140Z x iPhoneOS14.5.sdk/usr/lib/swift/Network.swiftmodule/armv7-apple-ios.swiftdoc
2026-06-03T08:46:53.3914610Z x iPhoneOS14.5.sdk/usr/lib/swift/Network.swiftmodule/armv7-apple-ios.swiftinterface
2026-06-03T08:46:53.3920390Z x iPhoneOS14.5.sdk/usr/lib/swift/Network.swiftmodule/arm64e.swiftdoc
2026-06-03T08:46:53.3923650Z x iPhoneOS14.5.sdk/usr/lib/swift/Network.swiftmodule/armv7s-apple-ios.swiftinterface
2026-06-03T08:46:53.3925750Z x iPhoneOS14.5.sdk/usr/lib/swift/Network.swiftmodule/arm64e-apple-ios.swiftinterface
2026-06-03T08:46:53.3926670Z x iPhoneOS14.5.sdk/usr/lib/swift/Network.swiftmodule/armv7s-apple-ios.swiftdoc
2026-06-03T08:46:53.3927570Z x iPhoneOS14.5.sdk/usr/lib/swift/Network.swiftmodule/arm64-apple-ios.swiftinterface
2026-06-03T08:46:53.3928000Z x iPhoneOS14.5.sdk/usr/lib/swift/Network.swiftmodule/arm64e.swiftinterface
2026-06-03T08:46:53.3928400Z x iPhoneOS14.5.sdk/usr/lib/swift/Network.swiftmodule/arm64.swiftinterface
2026-06-03T08:46:53.3928760Z x iPhoneOS14.5.sdk/usr/lib/swift/GameplayKit.swiftmodule/
2026-06-03T08:46:53.3936800Z x iPhoneOS14.5.sdk/usr/lib/swift/GameplayKit.swiftmodule/arm64e-apple-ios.swiftdoc
2026-06-03T08:46:53.3940120Z x iPhoneOS14.5.sdk/usr/lib/swift/GameplayKit.swiftmodule/arm64-apple-ios.swiftdoc
2026-06-03T08:46:53.3940930Z x iPhoneOS14.5.sdk/usr/lib/swift/GameplayKit.swiftmodule/arm64.swiftdoc
2026-06-03T08:46:53.3946270Z x iPhoneOS14.5.sdk/usr/lib/swift/GameplayKit.swiftmodule/armv7-apple-ios.swiftdoc
2026-06-03T08:46:53.3951800Z x iPhoneOS14.5.sdk/usr/lib/swift/GameplayKit.swiftmodule/armv7-apple-ios.swiftinterface
2026-06-03T08:46:53.3952380Z x iPhoneOS14.5.sdk/usr/lib/swift/GameplayKit.swiftmodule/arm64e.swiftdoc
2026-06-03T08:46:53.3952940Z x iPhoneOS14.5.sdk/usr/lib/swift/GameplayKit.swiftmodule/armv7s-apple-ios.swiftinterface
2026-06-03T08:46:53.3953630Z x iPhoneOS14.5.sdk/usr/lib/swift/GameplayKit.swiftmodule/arm64e-apple-ios.swiftinterface
2026-06-03T08:46:53.3954210Z x iPhoneOS14.5.sdk/usr/lib/swift/GameplayKit.swiftmodule/armv7s-apple-ios.swiftdoc
2026-06-03T08:46:53.3954800Z x iPhoneOS14.5.sdk/usr/lib/swift/GameplayKit.swiftmodule/arm64-apple-ios.swiftinterface
2026-06-03T08:46:53.3955370Z x iPhoneOS14.5.sdk/usr/lib/swift/GameplayKit.swiftmodule/arm64e.swiftinterface
2026-06-03T08:46:53.3955910Z x iPhoneOS14.5.sdk/usr/lib/swift/GameplayKit.swiftmodule/arm64.swiftinterface
2026-06-03T08:46:53.3956570Z x iPhoneOS14.5.sdk/usr/lib/swift/_System_Foundation.swiftmodule/
2026-06-03T08:46:53.3957120Z x iPhoneOS14.5.sdk/usr/lib/swift/_System_Foundation.swiftmodule/arm64e-apple-ios.swiftdoc
2026-06-03T08:46:53.3957700Z x iPhoneOS14.5.sdk/usr/lib/swift/_System_Foundation.swiftmodule/arm64-apple-ios.swiftdoc
2026-06-03T08:46:53.3958430Z x iPhoneOS14.5.sdk/usr/lib/swift/_System_Foundation.swiftmodule/arm64.swiftdoc
2026-06-03T08:46:53.3958990Z x iPhoneOS14.5.sdk/usr/lib/swift/_System_Foundation.swiftmodule/armv7-apple-ios.swiftdoc
2026-06-03T08:46:53.3959590Z x iPhoneOS14.5.sdk/usr/lib/swift/_System_Foundation.swiftmodule/armv7-apple-ios.swiftinterface
2026-06-03T08:46:53.3960180Z x iPhoneOS14.5.sdk/usr/lib/swift/_System_Foundation.swiftmodule/arm64e.swiftdoc
2026-06-03T08:46:53.3960760Z x iPhoneOS14.5.sdk/usr/lib/swift/_System_Foundation.swiftmodule/armv7s-apple-ios.swiftinterface
2026-06-03T08:46:53.3961490Z x iPhoneOS14.5.sdk/usr/lib/swift/_System_Foundation.swiftmodule/arm64e-apple-ios.swiftinterface
2026-06-03T08:46:53.3962100Z x iPhoneOS14.5.sdk/usr/lib/swift/_System_Foundation.swiftmodule/armv7s-apple-ios.swiftdoc
2026-06-03T08:46:53.3962710Z x iPhoneOS14.5.sdk/usr/lib/swift/_System_Foundation.swiftmodule/arm64-apple-ios.swiftinterface
2026-06-03T08:46:53.3963310Z x iPhoneOS14.5.sdk/usr/lib/swift/_System_Foundation.swiftmodule/arm64e.swiftinterface
2026-06-03T08:46:53.3963900Z x iPhoneOS14.5.sdk/usr/lib/swift/_System_Foundation.swiftmodule/arm64.swiftinterface
2026-06-03T08:46:53.3964400Z x iPhoneOS14.5.sdk/usr/lib/swift/libswiftPencilKit.tbd
2026-06-03T08:46:53.3964800Z x iPhoneOS14.5.sdk/usr/lib/swift/Darwin.swiftmodule/
2026-06-03T08:46:53.3965250Z x iPhoneOS14.5.sdk/usr/lib/swift/Darwin.swiftmodule/Darwin.opt.bitstream
2026-06-03T08:46:53.3965840Z x iPhoneOS14.5.sdk/usr/lib/swift/Darwin.swiftmodule/arm64e-apple-ios.swiftdoc
2026-06-03T08:46:53.3966380Z x iPhoneOS14.5.sdk/usr/lib/swift/Darwin.swiftmodule/arm64-apple-ios.swiftdoc
2026-06-03T08:46:53.3966890Z x iPhoneOS14.5.sdk/usr/lib/swift/Darwin.swiftmodule/armv7-apple-ios.swiftdoc
2026-06-03T08:46:53.3967430Z x iPhoneOS14.5.sdk/usr/lib/swift/Darwin.swiftmodule/armv7-apple-ios.swiftinterface
2026-06-03T08:46:53.3967990Z x iPhoneOS14.5.sdk/usr/lib/swift/Darwin.swiftmodule/armv7s-apple-ios.swiftinterface
2026-06-03T08:46:53.3968470Z x iPhoneOS14.5.sdk/usr/lib/swift/Darwin.swiftmodule/arm64e-apple-ios.swiftinterface
2026-06-03T08:46:53.3968900Z x iPhoneOS14.5.sdk/usr/lib/swift/Darwin.swiftmodule/armv7s-apple-ios.swiftdoc
2026-06-03T08:46:53.3969380Z x iPhoneOS14.5.sdk/usr/lib/swift/Darwin.swiftmodule/arm64-apple-ios.swiftinterface
2026-06-03T08:46:53.3969760Z x iPhoneOS14.5.sdk/usr/lib/swift/libswiftAppleArchive.tbd
2026-06-03T08:46:53.3970110Z x iPhoneOS14.5.sdk/usr/lib/swift/libswiftSystem.tbd
2026-06-03T08:46:53.3970380Z x iPhoneOS14.5.sdk/usr/lib/swift/libswiftDispatch.tbd
2026-06-03T08:46:53.3970670Z x iPhoneOS14.5.sdk/usr/lib/swift/MetricKit.swiftmodule/
2026-06-03T08:46:53.3971030Z x iPhoneOS14.5.sdk/usr/lib/swift/MetricKit.swiftmodule/arm64e-apple-ios.swiftdoc
2026-06-03T08:46:53.3971460Z x iPhoneOS14.5.sdk/usr/lib/swift/MetricKit.swiftmodule/arm64-apple-ios.swiftdoc
2026-06-03T08:46:53.3971860Z x iPhoneOS14.5.sdk/usr/lib/swift/MetricKit.swiftmodule/arm64.swiftdoc
2026-06-03T08:46:53.3972390Z x iPhoneOS14.5.sdk/usr/lib/swift/MetricKit.swiftmodule/armv7-apple-ios.swiftdoc
2026-06-03T08:46:53.3972830Z x iPhoneOS14.5.sdk/usr/lib/swift/MetricKit.swiftmodule/armv7-apple-ios.swiftinterface
2026-06-03T08:46:53.3973250Z x iPhoneOS14.5.sdk/usr/lib/swift/MetricKit.swiftmodule/arm64e.swiftdoc
2026-06-03T08:46:53.3973670Z x iPhoneOS14.5.sdk/usr/lib/swift/MetricKit.swiftmodule/armv7s-apple-ios.swiftinterface
2026-06-03T08:46:53.3974140Z x iPhoneOS14.5.sdk/usr/lib/swift/MetricKit.swiftmodule/arm64e-apple-ios.swiftinterface
2026-06-03T08:46:53.3974590Z x iPhoneOS14.5.sdk/usr/lib/swift/MetricKit.swiftmodule/armv7s-apple-ios.swiftdoc
2026-06-03T08:46:53.3975040Z x iPhoneOS14.5.sdk/usr/lib/swift/MetricKit.swiftmodule/arm64-apple-ios.swiftinterface
2026-06-03T08:46:53.3975660Z x iPhoneOS14.5.sdk/usr/lib/swift/MetricKit.swiftmodule/arm64e.swiftinterface
2026-06-03T08:46:53.3976070Z x iPhoneOS14.5.sdk/usr/lib/swift/MetricKit.swiftmodule/arm64.swiftinterface
2026-06-03T08:46:53.3976410Z x iPhoneOS14.5.sdk/usr/lib/swift/libswiftMLCompute.tbd
2026-06-03T08:46:53.3976690Z x iPhoneOS14.5.sdk/usr/lib/swift/libswiftCoreData.tbd
2026-06-03T08:46:53.3977000Z x iPhoneOS14.5.sdk/usr/lib/swift/libswiftNearbyInteraction.tbd
2026-06-03T08:46:53.3977310Z x iPhoneOS14.5.sdk/usr/lib/swift/WebKit.swiftmodule/
2026-06-03T08:46:53.3977740Z x iPhoneOS14.5.sdk/usr/lib/swift/WebKit.swiftmodule/arm64e-apple-ios.swiftdoc
2026-06-03T08:46:53.3978160Z x iPhoneOS14.5.sdk/usr/lib/swift/WebKit.swiftmodule/arm64-apple-ios.swiftdoc
2026-06-03T08:46:53.3978530Z x iPhoneOS14.5.sdk/usr/lib/swift/WebKit.swiftmodule/arm64.swiftdoc
2026-06-03T08:46:53.3978910Z x iPhoneOS14.5.sdk/usr/lib/swift/WebKit.swiftmodule/armv7-apple-ios.swiftdoc
2026-06-03T08:46:53.3979380Z x iPhoneOS14.5.sdk/usr/lib/swift/WebKit.swiftmodule/armv7-apple-ios.swiftinterface
2026-06-03T08:46:53.3979780Z x iPhoneOS14.5.sdk/usr/lib/swift/WebKit.swiftmodule/arm64e.swiftdoc
2026-06-03T08:46:53.3980180Z x iPhoneOS14.5.sdk/usr/lib/swift/WebKit.swiftmodule/armv7s-apple-ios.swiftinterface
2026-06-03T08:46:53.3980630Z x iPhoneOS14.5.sdk/usr/lib/swift/WebKit.swiftmodule/arm64e-apple-ios.swiftinterface
2026-06-03T08:46:53.3981060Z x iPhoneOS14.5.sdk/usr/lib/swift/WebKit.swiftmodule/armv7s-apple-ios.swiftdoc
2026-06-03T08:46:53.3981480Z x iPhoneOS14.5.sdk/usr/lib/swift/WebKit.swiftmodule/arm64-apple-ios.swiftinterface
2026-06-03T08:46:53.3981890Z x iPhoneOS14.5.sdk/usr/lib/swift/WebKit.swiftmodule/arm64e.swiftinterface
2026-06-03T08:46:53.3982310Z x iPhoneOS14.5.sdk/usr/lib/swift/WebKit.swiftmodule/arm64.swiftinterface
2026-06-03T08:46:53.3982650Z x iPhoneOS14.5.sdk/usr/lib/swift/libswiftCoreAudio.tbd
2026-06-03T08:46:53.3983100Z x iPhoneOS14.5.sdk/usr/lib/swift/libswiftGameplayKit.tbd
2026-06-03T08:46:53.3983380Z x iPhoneOS14.5.sdk/usr/lib/swift/CoreML.swiftmodule/
2026-06-03T08:46:53.3983720Z x iPhoneOS14.5.sdk/usr/lib/swift/CoreML.swiftmodule/arm64e-apple-ios.swiftdoc
2026-06-03T08:46:53.3984130Z x iPhoneOS14.5.sdk/usr/lib/swift/CoreML.swiftmodule/arm64-apple-ios.swiftdoc
2026-06-03T08:46:53.3984510Z x iPhoneOS14.5.sdk/usr/lib/swift/CoreML.swiftmodule/arm64.swiftdoc
2026-06-03T08:46:53.3984880Z x iPhoneOS14.5.sdk/usr/lib/swift/CoreML.swiftmodule/armv7-apple-ios.swiftdoc
2026-06-03T08:46:53.3985300Z x iPhoneOS14.5.sdk/usr/lib/swift/CoreML.swiftmodule/armv7-apple-ios.swiftinterface
2026-06-03T08:46:53.3985690Z x iPhoneOS14.5.sdk/usr/lib/swift/CoreML.swiftmodule/arm64e.swiftdoc
2026-06-03T08:46:53.3986140Z x iPhoneOS14.5.sdk/usr/lib/swift/CoreML.swiftmodule/armv7s-apple-ios.swiftinterface
2026-06-03T08:46:53.3986590Z x iPhoneOS14.5.sdk/usr/lib/swift/CoreML.swiftmodule/arm64e-apple-ios.swiftinterface
2026-06-03T08:46:53.3987020Z x iPhoneOS14.5.sdk/usr/lib/swift/CoreML.swiftmodule/armv7s-apple-ios.swiftdoc
2026-06-03T08:46:53.3987450Z x iPhoneOS14.5.sdk/usr/lib/swift/CoreML.swiftmodule/arm64-apple-ios.swiftinterface
2026-06-03T08:46:53.3987930Z x iPhoneOS14.5.sdk/usr/lib/swift/CoreML.swiftmodule/arm64e.swiftinterface
2026-06-03T08:46:53.3988310Z x iPhoneOS14.5.sdk/usr/lib/swift/CoreML.swiftmodule/arm64.swiftinterface
2026-06-03T08:46:53.3988640Z x iPhoneOS14.5.sdk/usr/lib/swift/libswiftMetal.tbd
2026-06-03T08:46:53.3988920Z x iPhoneOS14.5.sdk/usr/lib/swift/Accelerate.swiftmodule/
2026-06-03T08:46:53.3989270Z x iPhoneOS14.5.sdk/usr/lib/swift/Accelerate.swiftmodule/arm64e-apple-ios.swiftdoc
2026-06-03T08:46:53.3989700Z x iPhoneOS14.5.sdk/usr/lib/swift/Accelerate.swiftmodule/arm64-apple-ios.swiftdoc
2026-06-03T08:46:53.3990110Z x iPhoneOS14.5.sdk/usr/lib/swift/Accelerate.swiftmodule/arm64.swiftdoc
2026-06-03T08:46:53.3990500Z x iPhoneOS14.5.sdk/usr/lib/swift/Accelerate.swiftmodule/armv7-apple-ios.swiftdoc
2026-06-03T08:46:53.3990940Z x iPhoneOS14.5.sdk/usr/lib/swift/Accelerate.swiftmodule/armv7-apple-ios.swiftinterface
2026-06-03T08:46:53.3991430Z x iPhoneOS14.5.sdk/usr/lib/swift/Accelerate.swiftmodule/arm64e.swiftdoc
2026-06-03T08:46:53.3991860Z x iPhoneOS14.5.sdk/usr/lib/swift/Accelerate.swiftmodule/armv7s-apple-ios.swiftinterface
2026-06-03T08:46:53.3992330Z x iPhoneOS14.5.sdk/usr/lib/swift/Accelerate.swiftmodule/arm64e-apple-ios.swiftinterface
2026-06-03T08:46:53.3992790Z x iPhoneOS14.5.sdk/usr/lib/swift/Accelerate.swiftmodule/armv7s-apple-ios.swiftdoc
2026-06-03T08:46:53.3993240Z x iPhoneOS14.5.sdk/usr/lib/swift/Accelerate.swiftmodule/arm64-apple-ios.swiftinterface
2026-06-03T08:46:53.3993680Z x iPhoneOS14.5.sdk/usr/lib/swift/Accelerate.swiftmodule/arm64e.swiftinterface
2026-06-03T08:46:53.3994100Z x iPhoneOS14.5.sdk/usr/lib/swift/Accelerate.swiftmodule/arm64.swiftinterface
2026-06-03T08:46:53.3994460Z x iPhoneOS14.5.sdk/usr/lib/swift/System.swiftcrossimport/
2026-06-03T08:46:53.3994820Z x iPhoneOS14.5.sdk/usr/lib/swift/System.swiftcrossimport/Foundation.swiftoverlay
2026-06-03T08:46:53.3995200Z x iPhoneOS14.5.sdk/usr/lib/swift/libswiftsimd.tbd
2026-06-03T08:46:53.3995450Z x iPhoneOS14.5.sdk/usr/lib/swift/libswiftMapKit.tbd
2026-06-03T08:46:53.3995730Z x iPhoneOS14.5.sdk/usr/lib/swift/Compression.swiftmodule/
2026-06-03T08:46:53.3996110Z x iPhoneOS14.5.sdk/usr/lib/swift/Compression.swiftmodule/arm64e-apple-ios.swiftdoc
2026-06-03T08:46:53.3996550Z x iPhoneOS14.5.sdk/usr/lib/swift/Compression.swiftmodule/arm64-apple-ios.swiftdoc
2026-06-03T08:46:53.3997130Z x iPhoneOS14.5.sdk/usr/lib/swift/Compression.swiftmodule/arm64.swiftdoc
2026-06-03T08:46:53.3997540Z x iPhoneOS14.5.sdk/usr/lib/swift/Compression.swiftmodule/armv7-apple-ios.swiftdoc
2026-06-03T08:46:53.3997990Z x iPhoneOS14.5.sdk/usr/lib/swift/Compression.swiftmodule/armv7-apple-ios.swiftinterface
2026-06-03T08:46:53.3998480Z x iPhoneOS14.5.sdk/usr/lib/swift/Compression.swiftmodule/arm64e.swiftdoc
2026-06-03T08:46:53.3999170Z x iPhoneOS14.5.sdk/usr/lib/swift/Compression.swiftmodule/armv7s-apple-ios.swiftinterface
2026-06-03T08:46:53.3999660Z x iPhoneOS14.5.sdk/usr/lib/swift/Compression.swiftmodule/arm64e-apple-ios.swiftinterface
2026-06-03T08:46:53.4000120Z x iPhoneOS14.5.sdk/usr/lib/swift/Compression.swiftmodule/armv7s-apple-ios.swiftdoc
2026-06-03T08:46:53.4000590Z x iPhoneOS14.5.sdk/usr/lib/swift/Compression.swiftmodule/arm64-apple-ios.swiftinterface
2026-06-03T08:46:53.4001030Z x iPhoneOS14.5.sdk/usr/lib/swift/Compression.swiftmodule/arm64e.swiftinterface
2026-06-03T08:46:53.4001450Z x iPhoneOS14.5.sdk/usr/lib/swift/Compression.swiftmodule/arm64.swiftinterface
2026-06-03T08:46:53.4001800Z x iPhoneOS14.5.sdk/usr/lib/swift/libswiftIntents.tbd
2026-06-03T08:46:53.4002140Z x iPhoneOS14.5.sdk/usr/lib/swift/libswiftPhotosUI.tbd
2026-06-03T08:46:53.4002420Z x iPhoneOS14.5.sdk/usr/lib/swift/Contacts.swiftmodule/
2026-06-03T08:46:53.4002810Z x iPhoneOS14.5.sdk/usr/lib/swift/Contacts.swiftmodule/arm64e-apple-ios.swiftdoc
2026-06-03T08:46:53.4003240Z x iPhoneOS14.5.sdk/usr/lib/swift/Contacts.swiftmodule/arm64-apple-ios.swiftdoc
2026-06-03T08:46:53.4003810Z x iPhoneOS14.5.sdk/usr/lib/swift/Contacts.swiftmodule/arm64.swiftdoc
2026-06-03T08:46:53.4004190Z x iPhoneOS14.5.sdk/usr/lib/swift/Contacts.swiftmodule/armv7-apple-ios.swiftdoc
2026-06-03T08:46:53.4004630Z x iPhoneOS14.5.sdk/usr/lib/swift/Contacts.swiftmodule/armv7-apple-ios.swiftinterface
2026-06-03T08:46:53.4005040Z x iPhoneOS14.5.sdk/usr/lib/swift/Contacts.swiftmodule/arm64e.swiftdoc
2026-06-03T08:46:53.4005460Z x iPhoneOS14.5.sdk/usr/lib/swift/Contacts.swiftmodule/armv7s-apple-ios.swiftinterface
2026-06-03T08:46:53.4005930Z x iPhoneOS14.5.sdk/usr/lib/swift/Contacts.swiftmodule/arm64e-apple-ios.swiftinterface
2026-06-03T08:46:53.4006370Z x iPhoneOS14.5.sdk/usr/lib/swift/Contacts.swiftmodule/armv7s-apple-ios.swiftdoc
2026-06-03T08:46:53.4006810Z x iPhoneOS14.5.sdk/usr/lib/swift/Contacts.swiftmodule/arm64-apple-ios.swiftinterface
2026-06-03T08:46:53.4007240Z x iPhoneOS14.5.sdk/usr/lib/swift/Contacts.swiftmodule/arm64e.swiftinterface
2026-06-03T08:46:53.4007630Z x iPhoneOS14.5.sdk/usr/lib/swift/Contacts.swiftmodule/arm64.swiftinterface
2026-06-03T08:46:53.4008030Z x iPhoneOS14.5.sdk/usr/lib/swift/MediaPlayer.swiftmodule/
2026-06-03T08:46:53.4008400Z x iPhoneOS14.5.sdk/usr/lib/swift/MediaPlayer.swiftmodule/arm64e-apple-ios.swiftdoc
2026-06-03T08:46:53.4008840Z x iPhoneOS14.5.sdk/usr/lib/swift/MediaPlayer.swiftmodule/arm64-apple-ios.swiftdoc
2026-06-03T08:46:53.4009250Z x iPhoneOS14.5.sdk/usr/lib/swift/MediaPlayer.swiftmodule/arm64.swiftdoc
2026-06-03T08:46:53.4009660Z x iPhoneOS14.5.sdk/usr/lib/swift/MediaPlayer.swiftmodule/armv7-apple-ios.swiftdoc
2026-06-03T08:46:53.4010120Z x iPhoneOS14.5.sdk/usr/lib/swift/MediaPlayer.swiftmodule/armv7-apple-ios.swiftinterface
2026-06-03T08:46:53.4010540Z x iPhoneOS14.5.sdk/usr/lib/swift/MediaPlayer.swiftmodule/arm64e.swiftdoc
2026-06-03T08:46:53.4010980Z x iPhoneOS14.5.sdk/usr/lib/swift/MediaPlayer.swiftmodule/armv7s-apple-ios.swiftinterface
2026-06-03T08:46:53.4011460Z x iPhoneOS14.5.sdk/usr/lib/swift/MediaPlayer.swiftmodule/arm64e-apple-ios.swiftinterface
2026-06-03T08:46:53.4011970Z x iPhoneOS14.5.sdk/usr/lib/swift/MediaPlayer.swiftmodule/armv7s-apple-ios.swiftdoc
2026-06-03T08:46:53.4012430Z x iPhoneOS14.5.sdk/usr/lib/swift/MediaPlayer.swiftmodule/arm64-apple-ios.swiftinterface
2026-06-03T08:46:53.4012870Z x iPhoneOS14.5.sdk/usr/lib/swift/MediaPlayer.swiftmodule/arm64e.swiftinterface
2026-06-03T08:46:53.4013290Z x iPhoneOS14.5.sdk/usr/lib/swift/MediaPlayer.swiftmodule/arm64.swiftinterface
2026-06-03T08:46:53.4013650Z x iPhoneOS14.5.sdk/usr/lib/swift/CryptoTokenKit.swiftmodule/
2026-06-03T08:46:53.4014050Z x iPhoneOS14.5.sdk/usr/lib/swift/CryptoTokenKit.swiftmodule/arm64e-apple-ios.swiftdoc
2026-06-03T08:46:53.4014500Z x iPhoneOS14.5.sdk/usr/lib/swift/CryptoTokenKit.swiftmodule/arm64-apple-ios.swiftdoc
2026-06-03T08:46:53.4014930Z x iPhoneOS14.5.sdk/usr/lib/swift/CryptoTokenKit.swiftmodule/arm64.swiftdoc
2026-06-03T08:46:53.4015380Z x iPhoneOS14.5.sdk/usr/lib/swift/CryptoTokenKit.swiftmodule/armv7-apple-ios.swiftdoc
2026-06-03T08:46:53.4015860Z x iPhoneOS14.5.sdk/usr/lib/swift/CryptoTokenKit.swiftmodule/armv7-apple-ios.swiftinterface
2026-06-03T08:46:53.4016330Z x iPhoneOS14.5.sdk/usr/lib/swift/CryptoTokenKit.swiftmodule/arm64e.swiftdoc
2026-06-03T08:46:53.4016780Z x iPhoneOS14.5.sdk/usr/lib/swift/CryptoTokenKit.swiftmodule/armv7s-apple-ios.swiftinterface
2026-06-03T08:46:53.4017290Z x iPhoneOS14.5.sdk/usr/lib/swift/CryptoTokenKit.swiftmodule/arm64e-apple-ios.swiftinterface
2026-06-03T08:46:53.4017770Z x iPhoneOS14.5.sdk/usr/lib/swift/CryptoTokenKit.swiftmodule/armv7s-apple-ios.swiftdoc
2026-06-03T08:46:53.4018260Z x iPhoneOS14.5.sdk/usr/lib/swift/CryptoTokenKit.swiftmodule/arm64-apple-ios.swiftinterface
2026-06-03T08:46:53.4018720Z x iPhoneOS14.5.sdk/usr/lib/swift/CryptoTokenKit.swiftmodule/arm64e.swiftinterface
2026-06-03T08:46:53.4019200Z x iPhoneOS14.5.sdk/usr/lib/swift/CryptoTokenKit.swiftmodule/arm64.swiftinterface
2026-06-03T08:46:53.4019570Z x iPhoneOS14.5.sdk/usr/lib/swift/CoreAudio.swiftmodule/
2026-06-03T08:46:53.4019920Z x iPhoneOS14.5.sdk/usr/lib/swift/CoreAudio.swiftmodule/arm64e-apple-ios.swiftdoc
2026-06-03T08:46:53.4020340Z x iPhoneOS14.5.sdk/usr/lib/swift/CoreAudio.swiftmodule/arm64-apple-ios.swiftdoc
2026-06-03T08:46:53.4020740Z x iPhoneOS14.5.sdk/usr/lib/swift/CoreAudio.swiftmodule/arm64.swiftdoc
2026-06-03T08:46:53.4021130Z x iPhoneOS14.5.sdk/usr/lib/swift/CoreAudio.swiftmodule/armv7-apple-ios.swiftdoc
2026-06-03T08:46:53.4021570Z x iPhoneOS14.5.sdk/usr/lib/swift/CoreAudio.swiftmodule/armv7-apple-ios.swiftinterface
2026-06-03T08:46:53.4021980Z x iPhoneOS14.5.sdk/usr/lib/swift/CoreAudio.swiftmodule/arm64e.swiftdoc
2026-06-03T08:46:53.4022400Z x iPhoneOS14.5.sdk/usr/lib/swift/CoreAudio.swiftmodule/armv7s-apple-ios.swiftinterface
2026-06-03T08:46:53.4022860Z x iPhoneOS14.5.sdk/usr/lib/swift/CoreAudio.swiftmodule/arm64e-apple-ios.swiftinterface
2026-06-03T08:46:53.4023320Z x iPhoneOS14.5.sdk/usr/lib/swift/CoreAudio.swiftmodule/armv7s-apple-ios.swiftdoc
2026-06-03T08:46:53.4023760Z x iPhoneOS14.5.sdk/usr/lib/swift/CoreAudio.swiftmodule/arm64-apple-ios.swiftinterface
2026-06-03T08:46:53.4024220Z x iPhoneOS14.5.sdk/usr/lib/swift/CoreAudio.swiftmodule/arm64e.swiftinterface
2026-06-03T08:46:53.4024630Z x iPhoneOS14.5.sdk/usr/lib/swift/CoreAudio.swiftmodule/arm64.swiftinterface
2026-06-03T08:46:53.4024940Z x iPhoneOS14.5.sdk/usr/lib/swift/shims/
2026-06-03T08:46:53.4025210Z x iPhoneOS14.5.sdk/usr/lib/swift/shims/ThreadLocalStorage.h
2026-06-03T08:46:53.4025490Z x iPhoneOS14.5.sdk/usr/lib/swift/shims/Random.h
2026-06-03T08:46:53.4025770Z x iPhoneOS14.5.sdk/usr/lib/swift/shims/AppKitOverlayShims.h
2026-06-03T08:46:53.4026050Z x iPhoneOS14.5.sdk/usr/lib/swift/shims/LibcShims.h
2026-06-03T08:46:53.4026340Z x iPhoneOS14.5.sdk/usr/lib/swift/shims/FoundationShimSupport.h
2026-06-03T08:46:53.4026660Z x iPhoneOS14.5.sdk/usr/lib/swift/shims/CoreNFCOverlayShims.h
2026-06-03T08:46:53.4026960Z x iPhoneOS14.5.sdk/usr/lib/swift/shims/RuntimeShims.h
2026-06-03T08:46:53.4027270Z x iPhoneOS14.5.sdk/usr/lib/swift/shims/FoundationOverlayShims.h
2026-06-03T08:46:53.4027620Z x iPhoneOS14.5.sdk/usr/lib/swift/shims/module.modulemap
2026-06-03T08:46:53.4028020Z x iPhoneOS14.5.sdk/usr/lib/swift/shims/CoreFoundationOverlayShims.h
2026-06-03T08:46:53.4028370Z x iPhoneOS14.5.sdk/usr/lib/swift/shims/DispatchOverlayShims.h
2026-06-03T08:46:53.4028680Z x iPhoneOS14.5.sdk/usr/lib/swift/shims/MetadataSections.h
2026-06-03T08:46:53.4028980Z x iPhoneOS14.5.sdk/usr/lib/swift/shims/NSCharacterSetShims.h
2026-06-03T08:46:53.4029270Z x iPhoneOS14.5.sdk/usr/lib/swift/shims/Reflection.h
2026-06-03T08:46:53.4029530Z x iPhoneOS14.5.sdk/usr/lib/swift/shims/NSCoderShims.h
2026-06-03T08:46:53.4029820Z x iPhoneOS14.5.sdk/usr/lib/swift/shims/NSCalendarShims.h
2026-06-03T08:46:53.4030180Z x iPhoneOS14.5.sdk/usr/lib/swift/shims/NSLocaleShims.h
2026-06-03T08:46:53.4030480Z x iPhoneOS14.5.sdk/usr/lib/swift/shims/NSDictionaryShims.h
2026-06-03T08:46:53.4030860Z x iPhoneOS14.5.sdk/usr/lib/swift/shims/NSKeyedArchiverShims.h
2026-06-03T08:46:53.4031200Z x iPhoneOS14.5.sdk/usr/lib/swift/shims/NSFileHandleShims.h
2026-06-03T08:46:53.4031530Z x iPhoneOS14.5.sdk/usr/lib/swift/shims/NetworkOverlayShims.h
2026-06-03T08:46:53.4038870Z x iPhoneOS14.5.sdk/usr/lib/swift/shims/CFHashingShims.h
2026-06-03T08:46:53.4039180Z x iPhoneOS14.5.sdk/usr/lib/swift/shims/AssertionReporting.h
2026-06-03T08:46:53.4039520Z x iPhoneOS14.5.sdk/usr/lib/swift/shims/SafariServicesOverlayShims.h
2026-06-03T08:46:53.4039820Z x iPhoneOS14.5.sdk/usr/lib/swift/shims/Target.h
2026-06-03T08:46:53.4040100Z x iPhoneOS14.5.sdk/usr/lib/swift/shims/NSFileManagerShims.h
2026-06-03T08:46:53.4040410Z x iPhoneOS14.5.sdk/usr/lib/swift/shims/NSUndoManagerShims.h
2026-06-03T08:46:53.4040700Z x iPhoneOS14.5.sdk/usr/lib/swift/shims/UnicodeShims.h
2026-06-03T08:46:53.4040970Z x iPhoneOS14.5.sdk/usr/lib/swift/shims/SwiftStddef.h
2026-06-03T08:46:53.4041350Z x iPhoneOS14.5.sdk/usr/lib/swift/shims/Visibility.h
2026-06-03T08:46:53.4041630Z x iPhoneOS14.5.sdk/usr/lib/swift/shims/LibcOverlayShims.h
2026-06-03T08:46:53.4041910Z x iPhoneOS14.5.sdk/usr/lib/swift/shims/NSDataShims.h
2026-06-03T08:46:53.4042190Z x iPhoneOS14.5.sdk/usr/lib/swift/shims/OSOverlayShims.h
2026-06-03T08:46:53.4042470Z x iPhoneOS14.5.sdk/usr/lib/swift/shims/NSTimeZoneShims.h
2026-06-03T08:46:53.4042780Z x iPhoneOS14.5.sdk/usr/lib/swift/shims/ObjectiveCOverlayShims.h
2026-06-03T08:46:53.4043110Z x iPhoneOS14.5.sdk/usr/lib/swift/shims/CoreMediaOverlayShims.h
2026-06-03T08:46:53.4043420Z x iPhoneOS14.5.sdk/usr/lib/swift/shims/_SwiftConcurrency.h
2026-06-03T08:46:53.4043700Z x iPhoneOS14.5.sdk/usr/lib/swift/shims/System.h
2026-06-03T08:46:53.4043950Z x iPhoneOS14.5.sdk/usr/lib/swift/shims/HeapObject.h
2026-06-03T08:46:53.4044230Z x iPhoneOS14.5.sdk/usr/lib/swift/shims/UIKitOverlayShims.h
2026-06-03T08:46:53.4044520Z x iPhoneOS14.5.sdk/usr/lib/swift/shims/XPCOverlayShims.h
2026-06-03T08:46:53.4044810Z x iPhoneOS14.5.sdk/usr/lib/swift/shims/NSIndexSetShims.h
2026-06-03T08:46:53.4045110Z x iPhoneOS14.5.sdk/usr/lib/swift/shims/CFCharacterSetShims.h
2026-06-03T08:46:53.4045400Z x iPhoneOS14.5.sdk/usr/lib/swift/shims/SwiftStdbool.h
2026-06-03T08:46:53.4045690Z x iPhoneOS14.5.sdk/usr/lib/swift/shims/XCTestOverlayShims.h
2026-06-03T08:46:53.4046000Z x iPhoneOS14.5.sdk/usr/lib/swift/shims/KeyPath.h
2026-06-03T08:46:53.4046260Z x iPhoneOS14.5.sdk/usr/lib/swift/shims/SwiftStdint.h
2026-06-03T08:46:53.4046530Z x iPhoneOS14.5.sdk/usr/lib/swift/shims/NSErrorShims.h
2026-06-03T08:46:53.4046800Z x iPhoneOS14.5.sdk/usr/lib/swift/shims/RuntimeStubs.h
2026-06-03T08:46:53.4047090Z x iPhoneOS14.5.sdk/usr/lib/swift/shims/CoreFoundationShims.h
2026-06-03T08:46:53.4047390Z x iPhoneOS14.5.sdk/usr/lib/swift/shims/NSIndexPathShims.h
2026-06-03T08:46:53.4047680Z x iPhoneOS14.5.sdk/usr/lib/swift/shims/FoundationShims.h
2026-06-03T08:46:53.4047980Z x iPhoneOS14.5.sdk/usr/lib/swift/shims/ClockKitOverlayShims.h
2026-06-03T08:46:53.4048280Z x iPhoneOS14.5.sdk/usr/lib/swift/shims/GlobalObjects.h
2026-06-03T08:46:53.4048550Z x iPhoneOS14.5.sdk/usr/lib/swift/shims/RefCount.h
2026-06-03T08:46:53.4048850Z x iPhoneOS14.5.sdk/usr/lib/swift/libswiftModelIO.tbd
2026-06-03T08:46:53.4049130Z x iPhoneOS14.5.sdk/usr/lib/swift/libswiftQuartzCore.tbd
2026-06-03T08:46:53.4049400Z x iPhoneOS14.5.sdk/usr/lib/swift/libswiftARKit.tbd
2026-06-03T08:46:53.4049680Z x iPhoneOS14.5.sdk/usr/lib/swift/Dispatch.swiftmodule/
2026-06-03T08:46:53.4050020Z x iPhoneOS14.5.sdk/usr/lib/swift/Dispatch.swiftmodule/arm64e-apple-ios.swiftdoc
2026-06-03T08:46:53.4050450Z x iPhoneOS14.5.sdk/usr/lib/swift/Dispatch.swiftmodule/arm64-apple-ios.swiftdoc
2026-06-03T08:46:53.4050840Z x iPhoneOS14.5.sdk/usr/lib/swift/Dispatch.swiftmodule/arm64.swiftdoc
2026-06-03T08:46:53.4051220Z x iPhoneOS14.5.sdk/usr/lib/swift/Dispatch.swiftmodule/armv7-apple-ios.swiftdoc
2026-06-03T08:46:53.4051650Z x iPhoneOS14.5.sdk/usr/lib/swift/Dispatch.swiftmodule/armv7-apple-ios.swiftinterface
2026-06-03T08:46:53.4052090Z x iPhoneOS14.5.sdk/usr/lib/swift/Dispatch.swiftmodule/arm64e.swiftdoc
2026-06-03T08:46:53.4052510Z x iPhoneOS14.5.sdk/usr/lib/swift/Dispatch.swiftmodule/armv7s-apple-ios.swiftinterface
2026-06-03T08:46:53.4052970Z x iPhoneOS14.5.sdk/usr/lib/swift/Dispatch.swiftmodule/arm64e-apple-ios.swiftinterface
2026-06-03T08:46:53.4053420Z x iPhoneOS14.5.sdk/usr/lib/swift/Dispatch.swiftmodule/armv7s-apple-ios.swiftdoc
2026-06-03T08:46:53.4053860Z x iPhoneOS14.5.sdk/usr/lib/swift/Dispatch.swiftmodule/arm64-apple-ios.swiftinterface
2026-06-03T08:46:53.4054280Z x iPhoneOS14.5.sdk/usr/lib/swift/Dispatch.swiftmodule/arm64e.swiftinterface
2026-06-03T08:46:53.4054680Z x iPhoneOS14.5.sdk/usr/lib/swift/Dispatch.swiftmodule/arm64.swiftinterface
2026-06-03T08:46:53.4055060Z x iPhoneOS14.5.sdk/usr/lib/swift/UniformTypeIdentifiers.swiftmodule/
2026-06-03T08:46:53.4055510Z x iPhoneOS14.5.sdk/usr/lib/swift/UniformTypeIdentifiers.swiftmodule/arm64e-apple-ios.swiftdoc
2026-06-03T08:46:53.4056070Z x iPhoneOS14.5.sdk/usr/lib/swift/UniformTypeIdentifiers.swiftmodule/arm64-apple-ios.swiftdoc
2026-06-03T08:46:53.4056550Z x iPhoneOS14.5.sdk/usr/lib/swift/UniformTypeIdentifiers.swiftmodule/arm64.swiftdoc
2026-06-03T08:46:53.4057040Z x iPhoneOS14.5.sdk/usr/lib/swift/UniformTypeIdentifiers.swiftmodule/armv7-apple-ios.swiftdoc
2026-06-03T08:46:53.4057580Z x iPhoneOS14.5.sdk/usr/lib/swift/UniformTypeIdentifiers.swiftmodule/armv7-apple-ios.swiftinterface
2026-06-03T08:46:53.4058090Z x iPhoneOS14.5.sdk/usr/lib/swift/UniformTypeIdentifiers.swiftmodule/arm64e.swiftdoc
2026-06-03T08:46:53.4058600Z x iPhoneOS14.5.sdk/usr/lib/swift/UniformTypeIdentifiers.swiftmodule/armv7s-apple-ios.swiftinterface
2026-06-03T08:46:53.4059170Z x iPhoneOS14.5.sdk/usr/lib/swift/UniformTypeIdentifiers.swiftmodule/arm64e-apple-ios.swiftinterface
2026-06-03T08:46:53.4059710Z x iPhoneOS14.5.sdk/usr/lib/swift/UniformTypeIdentifiers.swiftmodule/armv7s-apple-ios.swiftdoc
2026-06-03T08:46:53.4060260Z x iPhoneOS14.5.sdk/usr/lib/swift/UniformTypeIdentifiers.swiftmodule/arm64-apple-ios.swiftinterface
2026-06-03T08:46:53.4060780Z x iPhoneOS14.5.sdk/usr/lib/swift/UniformTypeIdentifiers.swiftmodule/arm64e.swiftinterface
2026-06-03T08:46:53.4061280Z x iPhoneOS14.5.sdk/usr/lib/swift/UniformTypeIdentifiers.swiftmodule/arm64.swiftinterface
2026-06-03T08:46:53.4061710Z x iPhoneOS14.5.sdk/usr/lib/swift/libswiftCallKit.tbd
2026-06-03T08:46:53.4062000Z x iPhoneOS14.5.sdk/usr/lib/swift/SpriteKit.swiftmodule/
2026-06-03T08:46:53.4062350Z x iPhoneOS14.5.sdk/usr/lib/swift/SpriteKit.swiftmodule/arm64e-apple-ios.swiftdoc
2026-06-03T08:46:53.4062770Z x iPhoneOS14.5.sdk/usr/lib/swift/SpriteKit.swiftmodule/arm64-apple-ios.swiftdoc
2026-06-03T08:46:53.4063170Z x iPhoneOS14.5.sdk/usr/lib/swift/SpriteKit.swiftmodule/arm64.swiftdoc
2026-06-03T08:46:53.4063560Z x iPhoneOS14.5.sdk/usr/lib/swift/SpriteKit.swiftmodule/armv7-apple-ios.swiftdoc
2026-06-03T08:46:53.4064000Z x iPhoneOS14.5.sdk/usr/lib/swift/SpriteKit.swiftmodule/armv7-apple-ios.swiftinterface
2026-06-03T08:46:53.4064410Z x iPhoneOS14.5.sdk/usr/lib/swift/SpriteKit.swiftmodule/arm64e.swiftdoc
2026-06-03T08:46:53.4064830Z x iPhoneOS14.5.sdk/usr/lib/swift/SpriteKit.swiftmodule/armv7s-apple-ios.swiftinterface
2026-06-03T08:46:53.4065330Z x iPhoneOS14.5.sdk/usr/lib/swift/SpriteKit.swiftmodule/arm64e-apple-ios.swiftinterface
2026-06-03T08:46:53.4065780Z x iPhoneOS14.5.sdk/usr/lib/swift/SpriteKit.swiftmodule/armv7s-apple-ios.swiftdoc
2026-06-03T08:46:53.4066220Z x iPhoneOS14.5.sdk/usr/lib/swift/SpriteKit.swiftmodule/arm64-apple-ios.swiftinterface
2026-06-03T08:46:53.4066660Z x iPhoneOS14.5.sdk/usr/lib/swift/SpriteKit.swiftmodule/arm64e.swiftinterface
2026-06-03T08:46:53.4067070Z x iPhoneOS14.5.sdk/usr/lib/swift/SpriteKit.swiftmodule/arm64.swiftinterface
2026-06-03T08:46:53.4067400Z x iPhoneOS14.5.sdk/usr/lib/swift/MapKit.swiftmodule/
2026-06-03T08:46:53.4067820Z x iPhoneOS14.5.sdk/usr/lib/swift/MapKit.swiftmodule/arm64e-apple-ios.swiftdoc
2026-06-03T08:46:53.4068290Z x iPhoneOS14.5.sdk/usr/lib/swift/MapKit.swiftmodule/arm64-apple-ios.swiftdoc
2026-06-03T08:46:53.4068730Z x iPhoneOS14.5.sdk/usr/lib/swift/MapKit.swiftmodule/arm64.swiftdoc
2026-06-03T08:46:53.4069110Z x iPhoneOS14.5.sdk/usr/lib/swift/MapKit.swiftmodule/armv7-apple-ios.swiftdoc
2026-06-03T08:46:53.4069530Z x iPhoneOS14.5.sdk/usr/lib/swift/MapKit.swiftmodule/armv7-apple-ios.swiftinterface
2026-06-03T08:46:53.4069930Z x iPhoneOS14.5.sdk/usr/lib/swift/MapKit.swiftmodule/arm64e.swiftdoc
2026-06-03T08:46:53.4070330Z x iPhoneOS14.5.sdk/usr/lib/swift/MapKit.swiftmodule/armv7s-apple-ios.swiftinterface
2026-06-03T08:46:53.4070770Z x iPhoneOS14.5.sdk/usr/lib/swift/MapKit.swiftmodule/arm64e-apple-ios.swiftinterface
2026-06-03T08:46:53.4071210Z x iPhoneOS14.5.sdk/usr/lib/swift/MapKit.swiftmodule/armv7s-apple-ios.swiftdoc
2026-06-03T08:46:53.4071630Z x iPhoneOS14.5.sdk/usr/lib/swift/MapKit.swiftmodule/arm64-apple-ios.swiftinterface
2026-06-03T08:46:53.4072040Z x iPhoneOS14.5.sdk/usr/lib/swift/MapKit.swiftmodule/arm64e.swiftinterface
2026-06-03T08:46:53.4072420Z x iPhoneOS14.5.sdk/usr/lib/swift/MapKit.swiftmodule/arm64.swiftinterface
2026-06-03T08:46:53.4072780Z x iPhoneOS14.5.sdk/usr/lib/swift/libswiftNetwork.tbd
2026-06-03T08:46:53.4073120Z x iPhoneOS14.5.sdk/usr/lib/swift/CoreLocation.swiftmodule/
2026-06-03T08:46:53.4073500Z x iPhoneOS14.5.sdk/usr/lib/swift/CoreLocation.swiftmodule/arm64e-apple-ios.swiftdoc
2026-06-03T08:46:53.4073950Z x iPhoneOS14.5.sdk/usr/lib/swift/CoreLocation.swiftmodule/arm64-apple-ios.swiftdoc
2026-06-03T08:46:53.4074360Z x iPhoneOS14.5.sdk/usr/lib/swift/CoreLocation.swiftmodule/arm64.swiftdoc
2026-06-03T08:46:53.4074770Z x iPhoneOS14.5.sdk/usr/lib/swift/CoreLocation.swiftmodule/armv7-apple-ios.swiftdoc
2026-06-03T08:46:53.4075220Z x iPhoneOS14.5.sdk/usr/lib/swift/CoreLocation.swiftmodule/armv7-apple-ios.swiftinterface
2026-06-03T08:46:53.4075660Z x iPhoneOS14.5.sdk/usr/lib/swift/CoreLocation.swiftmodule/arm64e.swiftdoc
2026-06-03T08:46:53.4076100Z x iPhoneOS14.5.sdk/usr/lib/swift/CoreLocation.swiftmodule/armv7s-apple-ios.swiftinterface
2026-06-03T08:46:53.4076590Z x iPhoneOS14.5.sdk/usr/lib/swift/CoreLocation.swiftmodule/arm64e-apple-ios.swiftinterface
2026-06-03T08:46:53.4077060Z x iPhoneOS14.5.sdk/usr/lib/swift/CoreLocation.swiftmodule/armv7s-apple-ios.swiftdoc
2026-06-03T08:46:53.4077520Z x iPhoneOS14.5.sdk/usr/lib/swift/CoreLocation.swiftmodule/arm64-apple-ios.swiftinterface
2026-06-03T08:46:53.4078020Z x iPhoneOS14.5.sdk/usr/lib/swift/CoreLocation.swiftmodule/arm64e.swiftinterface
2026-06-03T08:46:53.4078460Z x iPhoneOS14.5.sdk/usr/lib/swift/CoreLocation.swiftmodule/arm64.swiftinterface
2026-06-03T08:46:53.4078800Z x iPhoneOS14.5.sdk/usr/lib/swift/Vision.swiftmodule/
2026-06-03T08:46:53.4079140Z x iPhoneOS14.5.sdk/usr/lib/swift/Vision.swiftmodule/arm64e-apple-ios.swiftdoc
2026-06-03T08:46:53.4079540Z x iPhoneOS14.5.sdk/usr/lib/swift/Vision.swiftmodule/arm64-apple-ios.swiftdoc
2026-06-03T08:46:53.4079920Z x iPhoneOS14.5.sdk/usr/lib/swift/Vision.swiftmodule/arm64.swiftdoc
2026-06-03T08:46:53.4080290Z x iPhoneOS14.5.sdk/usr/lib/swift/Vision.swiftmodule/armv7-apple-ios.swiftdoc
2026-06-03T08:46:53.4080710Z x iPhoneOS14.5.sdk/usr/lib/swift/Vision.swiftmodule/armv7-apple-ios.swiftinterface
2026-06-03T08:46:53.4081110Z x iPhoneOS14.5.sdk/usr/lib/swift/Vision.swiftmodule/arm64e.swiftdoc
2026-06-03T08:46:53.4081570Z x iPhoneOS14.5.sdk/usr/lib/swift/Vision.swiftmodule/armv7s-apple-ios.swiftinterface
2026-06-03T08:46:53.4082020Z x iPhoneOS14.5.sdk/usr/lib/swift/Vision.swiftmodule/arm64e-apple-ios.swiftinterface
2026-06-03T08:46:53.4082450Z x iPhoneOS14.5.sdk/usr/lib/swift/Vision.swiftmodule/armv7s-apple-ios.swiftdoc
2026-06-03T08:46:53.4082870Z x iPhoneOS14.5.sdk/usr/lib/swift/Vision.swiftmodule/arm64-apple-ios.swiftinterface
2026-06-03T08:46:53.4083290Z x iPhoneOS14.5.sdk/usr/lib/swift/Vision.swiftmodule/arm64e.swiftinterface
2026-06-03T08:46:53.4083670Z x iPhoneOS14.5.sdk/usr/lib/swift/Vision.swiftmodule/arm64.swiftinterface
2026-06-03T08:46:53.4084010Z x iPhoneOS14.5.sdk/usr/lib/swift/libswiftMediaPlayer.tbd
2026-06-03T08:46:53.4084300Z x iPhoneOS14.5.sdk/usr/lib/swift/Photos.swiftmodule/
2026-06-03T08:46:53.4084680Z x iPhoneOS14.5.sdk/usr/lib/swift/Photos.swiftmodule/arm64e-apple-ios.swiftdoc
2026-06-03T08:46:53.4085090Z x iPhoneOS14.5.sdk/usr/lib/swift/Photos.swiftmodule/arm64-apple-ios.swiftdoc
2026-06-03T08:46:53.4085480Z x iPhoneOS14.5.sdk/usr/lib/swift/Photos.swiftmodule/arm64.swiftdoc
2026-06-03T08:46:53.4085860Z x iPhoneOS14.5.sdk/usr/lib/swift/Photos.swiftmodule/armv7-apple-ios.swiftdoc
2026-06-03T08:46:53.4086290Z x iPhoneOS14.5.sdk/usr/lib/swift/Photos.swiftmodule/armv7-apple-ios.swiftinterface
2026-06-03T08:46:53.4086690Z x iPhoneOS14.5.sdk/usr/lib/swift/Photos.swiftmodule/arm64e.swiftdoc
2026-06-03T08:46:53.4087110Z x iPhoneOS14.5.sdk/usr/lib/swift/Photos.swiftmodule/armv7s-apple-ios.swiftinterface
2026-06-03T08:46:53.4087570Z x iPhoneOS14.5.sdk/usr/lib/swift/Photos.swiftmodule/arm64e-apple-ios.swiftinterface
2026-06-03T08:46:53.4088000Z x iPhoneOS14.5.sdk/usr/lib/swift/Photos.swiftmodule/armv7s-apple-ios.swiftdoc
2026-06-03T08:46:53.4088490Z x iPhoneOS14.5.sdk/usr/lib/swift/Photos.swiftmodule/arm64-apple-ios.swiftinterface
2026-06-03T08:46:53.4088900Z x iPhoneOS14.5.sdk/usr/lib/swift/Photos.swiftmodule/arm64e.swiftinterface
2026-06-03T08:46:53.4089280Z x iPhoneOS14.5.sdk/usr/lib/swift/Photos.swiftmodule/arm64.swiftinterface
2026-06-03T08:46:53.4089610Z x iPhoneOS14.5.sdk/usr/lib/swift/libswiftSpeech.tbd
2026-06-03T08:46:53.4089890Z x iPhoneOS14.5.sdk/usr/lib/swift/libswiftObjectiveC.tbd
2026-06-03T08:46:53.4090180Z x iPhoneOS14.5.sdk/usr/lib/swift/ObjectiveC.swiftmodule/
2026-06-03T08:46:53.4090530Z x iPhoneOS14.5.sdk/usr/lib/swift/ObjectiveC.swiftmodule/arm64e-apple-ios.swiftdoc
2026-06-03T08:46:53.4090970Z x iPhoneOS14.5.sdk/usr/lib/swift/ObjectiveC.swiftmodule/arm64-apple-ios.swiftdoc
2026-06-03T08:46:53.4091370Z x iPhoneOS14.5.sdk/usr/lib/swift/ObjectiveC.swiftmodule/arm64.swiftdoc
2026-06-03T08:46:53.4093040Z x iPhoneOS14.5.sdk/usr/lib/swift/ObjectiveC.swiftmodule/armv7-apple-ios.swiftdoc
2026-06-03T08:46:53.4101130Z x iPhoneOS14.5.sdk/usr/lib/swift/ObjectiveC.swiftmodule/armv7-apple-ios.swiftinterface
2026-06-03T08:46:53.4106490Z x iPhoneOS14.5.sdk/usr/lib/swift/ObjectiveC.swiftmodule/arm64e.swiftdoc
2026-06-03T08:46:53.4120000Z x iPhoneOS14.5.sdk/usr/lib/swift/ObjectiveC.swiftmodule/armv7s-apple-ios.swiftinterface
2026-06-03T08:46:53.4128690Z x iPhoneOS14.5.sdk/usr/lib/swift/ObjectiveC.swiftmodule/arm64e-apple-ios.swiftinterface
2026-06-03T08:46:53.4133650Z x iPhoneOS14.5.sdk/usr/lib/swift/ObjectiveC.swiftmodule/armv7s-apple-ios.swiftdoc
2026-06-03T08:46:53.4135290Z x iPhoneOS14.5.sdk/usr/lib/swift/ObjectiveC.swiftmodule/arm64-apple-ios.swiftinterface
2026-06-03T08:46:53.4136730Z x iPhoneOS14.5.sdk/usr/lib/swift/ObjectiveC.swiftmodule/arm64e.swiftinterface
2026-06-03T08:46:53.4144920Z x iPhoneOS14.5.sdk/usr/lib/swift/ObjectiveC.swiftmodule/arm64.swiftinterface
2026-06-03T08:46:53.4147700Z x iPhoneOS14.5.sdk/usr/lib/swift/HealthKit.swiftmodule/
2026-06-03T08:46:53.4149380Z x iPhoneOS14.5.sdk/usr/lib/swift/HealthKit.swiftmodule/arm64e-apple-ios.swiftdoc
2026-06-03T08:46:53.4151280Z x iPhoneOS14.5.sdk/usr/lib/swift/HealthKit.swiftmodule/arm64-apple-ios.swiftdoc
2026-06-03T08:46:53.4153110Z x iPhoneOS14.5.sdk/usr/lib/swift/HealthKit.swiftmodule/arm64.swiftdoc
2026-06-03T08:46:53.4155320Z x iPhoneOS14.5.sdk/usr/lib/swift/HealthKit.swiftmodule/armv7-apple-ios.swiftdoc
2026-06-03T08:46:53.4155820Z x iPhoneOS14.5.sdk/usr/lib/swift/HealthKit.swiftmodule/armv7-apple-ios.swiftinterface
2026-06-03T08:46:53.4156250Z x iPhoneOS14.5.sdk/usr/lib/swift/HealthKit.swiftmodule/arm64e.swiftdoc
2026-06-03T08:46:53.4156680Z x iPhoneOS14.5.sdk/usr/lib/swift/HealthKit.swiftmodule/armv7s-apple-ios.swiftinterface
2026-06-03T08:46:53.4157160Z x iPhoneOS14.5.sdk/usr/lib/swift/HealthKit.swiftmodule/arm64e-apple-ios.swiftinterface
2026-06-03T08:46:53.4157620Z x iPhoneOS14.5.sdk/usr/lib/swift/HealthKit.swiftmodule/armv7s-apple-ios.swiftdoc
2026-06-03T08:46:53.4158070Z x iPhoneOS14.5.sdk/usr/lib/swift/HealthKit.swiftmodule/arm64-apple-ios.swiftinterface
2026-06-03T08:46:53.4158510Z x iPhoneOS14.5.sdk/usr/lib/swift/HealthKit.swiftmodule/arm64e.swiftinterface
2026-06-03T08:46:53.4159090Z x iPhoneOS14.5.sdk/usr/lib/swift/HealthKit.swiftmodule/arm64.swiftinterface
2026-06-03T08:46:53.4159460Z x iPhoneOS14.5.sdk/usr/lib/swift/libswiftCoreLocation.tbd
2026-06-03T08:46:53.4159770Z x iPhoneOS14.5.sdk/usr/lib/swift/CoreData.swiftmodule/
2026-06-03T08:46:53.4160140Z x iPhoneOS14.5.sdk/usr/lib/swift/CoreData.swiftmodule/arm64e-apple-ios.swiftdoc
2026-06-03T08:46:53.4160570Z x iPhoneOS14.5.sdk/usr/lib/swift/CoreData.swiftmodule/arm64-apple-ios.swiftdoc
2026-06-03T08:46:53.4160950Z x iPhoneOS14.5.sdk/usr/lib/swift/CoreData.swiftmodule/arm64.swiftdoc
2026-06-03T08:46:53.4161350Z x iPhoneOS14.5.sdk/usr/lib/swift/CoreData.swiftmodule/armv7-apple-ios.swiftdoc
2026-06-03T08:46:53.4161790Z x iPhoneOS14.5.sdk/usr/lib/swift/CoreData.swiftmodule/armv7-apple-ios.swiftinterface
2026-06-03T08:46:53.4162210Z x iPhoneOS14.5.sdk/usr/lib/swift/CoreData.swiftmodule/arm64e.swiftdoc
2026-06-03T08:46:53.4162620Z x iPhoneOS14.5.sdk/usr/lib/swift/CoreData.swiftmodule/armv7s-apple-ios.swiftinterface
2026-06-03T08:46:53.4163180Z x iPhoneOS14.5.sdk/usr/lib/swift/CoreData.swiftmodule/arm64e-apple-ios.swiftinterface
2026-06-03T08:46:53.4163640Z x iPhoneOS14.5.sdk/usr/lib/swift/CoreData.swiftmodule/armv7s-apple-ios.swiftdoc
2026-06-03T08:46:53.4164090Z x iPhoneOS14.5.sdk/usr/lib/swift/CoreData.swiftmodule/arm64-apple-ios.swiftinterface
2026-06-03T08:46:53.4164510Z x iPhoneOS14.5.sdk/usr/lib/swift/CoreData.swiftmodule/arm64e.swiftinterface
2026-06-03T08:46:53.4164920Z x iPhoneOS14.5.sdk/usr/lib/swift/CoreData.swiftmodule/arm64.swiftinterface
2026-06-03T08:46:53.4165270Z x iPhoneOS14.5.sdk/usr/lib/swift/libswiftAVFoundation.tbd
2026-06-03T08:46:53.4165970Z x iPhoneOS14.5.sdk/usr/lib/swift/os.swiftmodule/
2026-06-03T08:46:53.4166340Z x iPhoneOS14.5.sdk/usr/lib/swift/os.swiftmodule/arm64e-apple-ios.swiftdoc
2026-06-03T08:46:53.4166740Z x iPhoneOS14.5.sdk/usr/lib/swift/os.swiftmodule/arm64-apple-ios.swiftdoc
2026-06-03T08:46:53.4167160Z x iPhoneOS14.5.sdk/usr/lib/swift/os.swiftmodule/arm64.swiftdoc
2026-06-03T08:46:53.4167600Z x iPhoneOS14.5.sdk/usr/lib/swift/os.swiftmodule/armv7-apple-ios.swiftdoc
2026-06-03T08:46:53.4168160Z x iPhoneOS14.5.sdk/usr/lib/swift/os.swiftmodule/armv7-apple-ios.swiftinterface
2026-06-03T08:46:53.4168640Z x iPhoneOS14.5.sdk/usr/lib/swift/os.swiftmodule/arm64e.swiftdoc
2026-06-03T08:46:53.4169210Z x iPhoneOS14.5.sdk/usr/lib/swift/os.swiftmodule/armv7s-apple-ios.swiftinterface
2026-06-03T08:46:53.4169670Z x iPhoneOS14.5.sdk/usr/lib/swift/os.swiftmodule/arm64e-apple-ios.swiftinterface
2026-06-03T08:46:53.4170230Z x iPhoneOS14.5.sdk/usr/lib/swift/os.swiftmodule/armv7s-apple-ios.swiftdoc
2026-06-03T08:46:53.4170650Z x iPhoneOS14.5.sdk/usr/lib/swift/os.swiftmodule/arm64-apple-ios.swiftinterface
2026-06-03T08:46:53.4171400Z x iPhoneOS14.5.sdk/usr/lib/swift/os.swiftmodule/arm64e.swiftinterface
2026-06-03T08:46:53.4171830Z x iPhoneOS14.5.sdk/usr/lib/swift/os.swiftmodule/arm64.swiftinterface
2026-06-03T08:46:53.4172170Z x iPhoneOS14.5.sdk/usr/lib/swift/PencilKit.swiftmodule/
2026-06-03T08:46:53.4172550Z x iPhoneOS14.5.sdk/usr/lib/swift/PencilKit.swiftmodule/arm64e-apple-ios.swiftdoc
2026-06-03T08:46:53.4173040Z x iPhoneOS14.5.sdk/usr/lib/swift/PencilKit.swiftmodule/arm64-apple-ios.swiftdoc
2026-06-03T08:46:53.4173560Z x iPhoneOS14.5.sdk/usr/lib/swift/PencilKit.swiftmodule/arm64.swiftdoc
2026-06-03T08:46:53.4173990Z x iPhoneOS14.5.sdk/usr/lib/swift/PencilKit.swiftmodule/armv7-apple-ios.swiftdoc
2026-06-03T08:46:53.4174470Z x iPhoneOS14.5.sdk/usr/lib/swift/PencilKit.swiftmodule/armv7-apple-ios.swiftinterface
2026-06-03T08:46:53.4174950Z x iPhoneOS14.5.sdk/usr/lib/swift/PencilKit.swiftmodule/arm64e.swiftdoc
2026-06-03T08:46:53.4175430Z x iPhoneOS14.5.sdk/usr/lib/swift/PencilKit.swiftmodule/armv7s-apple-ios.swiftinterface
2026-06-03T08:46:53.4175930Z x iPhoneOS14.5.sdk/usr/lib/swift/PencilKit.swiftmodule/arm64e-apple-ios.swiftinterface
2026-06-03T08:46:53.4176420Z x iPhoneOS14.5.sdk/usr/lib/swift/PencilKit.swiftmodule/armv7s-apple-ios.swiftdoc
2026-06-03T08:46:53.4176950Z x iPhoneOS14.5.sdk/usr/lib/swift/PencilKit.swiftmodule/arm64-apple-ios.swiftinterface
2026-06-03T08:46:53.4178310Z x iPhoneOS14.5.sdk/usr/lib/swift/PencilKit.swiftmodule/arm64e.swiftinterface
2026-06-03T08:46:53.4178770Z x iPhoneOS14.5.sdk/usr/lib/swift/PencilKit.swiftmodule/arm64.swiftinterface
2026-06-03T08:46:53.4179130Z x iPhoneOS14.5.sdk/usr/lib/swift/CoreNFC.swiftmodule/
2026-06-03T08:46:53.4179490Z x iPhoneOS14.5.sdk/usr/lib/swift/CoreNFC.swiftmodule/arm64e-apple-ios.swiftdoc
2026-06-03T08:46:53.4179920Z x iPhoneOS14.5.sdk/usr/lib/swift/CoreNFC.swiftmodule/arm64-apple-ios.swiftdoc
2026-06-03T08:46:53.4180340Z x iPhoneOS14.5.sdk/usr/lib/swift/CoreNFC.swiftmodule/arm64.swiftdoc
2026-06-03T08:46:53.4180740Z x iPhoneOS14.5.sdk/usr/lib/swift/CoreNFC.swiftmodule/armv7-apple-ios.swiftdoc
2026-06-03T08:46:53.4181170Z x iPhoneOS14.5.sdk/usr/lib/swift/CoreNFC.swiftmodule/armv7-apple-ios.swiftinterface
2026-06-03T08:46:53.4181630Z x iPhoneOS14.5.sdk/usr/lib/swift/CoreNFC.swiftmodule/arm64e.swiftdoc
2026-06-03T08:46:53.4182380Z x iPhoneOS14.5.sdk/usr/lib/swift/CoreNFC.swiftmodule/armv7s-apple-ios.swiftinterface
2026-06-03T08:46:53.4183030Z x iPhoneOS14.5.sdk/usr/lib/swift/CoreNFC.swiftmodule/arm64e-apple-ios.swiftinterface
2026-06-03T08:46:53.4183690Z x iPhoneOS14.5.sdk/usr/lib/swift/CoreNFC.swiftmodule/armv7s-apple-ios.swiftdoc
2026-06-03T08:46:53.4184240Z x iPhoneOS14.5.sdk/usr/lib/swift/CoreNFC.swiftmodule/arm64-apple-ios.swiftinterface
2026-06-03T08:46:53.4184690Z x iPhoneOS14.5.sdk/usr/lib/swift/CoreNFC.swiftmodule/arm64e.swiftinterface
2026-06-03T08:46:53.4185110Z x iPhoneOS14.5.sdk/usr/lib/swift/CoreNFC.swiftmodule/arm64.swiftinterface
2026-06-03T08:46:53.4185450Z x iPhoneOS14.5.sdk/usr/lib/swift/libswiftCoreImage.tbd
2026-06-03T08:46:53.4185750Z x iPhoneOS14.5.sdk/usr/lib/swift/CoreMedia.swiftmodule/
2026-06-03T08:46:53.4186150Z x iPhoneOS14.5.sdk/usr/lib/swift/CoreMedia.swiftmodule/arm64e-apple-ios.swiftdoc
2026-06-03T08:46:53.4186600Z x iPhoneOS14.5.sdk/usr/lib/swift/CoreMedia.swiftmodule/arm64-apple-ios.swiftdoc
2026-06-03T08:46:53.4187010Z x iPhoneOS14.5.sdk/usr/lib/swift/CoreMedia.swiftmodule/arm64.swiftdoc
2026-06-03T08:46:53.4187430Z x iPhoneOS14.5.sdk/usr/lib/swift/CoreMedia.swiftmodule/armv7-apple-ios.swiftdoc
2026-06-03T08:46:53.4187970Z x iPhoneOS14.5.sdk/usr/lib/swift/CoreMedia.swiftmodule/armv7-apple-ios.swiftinterface
2026-06-03T08:46:53.4188690Z x iPhoneOS14.5.sdk/usr/lib/swift/CoreMedia.swiftmodule/arm64e.swiftdoc
2026-06-03T08:46:53.4189350Z x iPhoneOS14.5.sdk/usr/lib/swift/CoreMedia.swiftmodule/armv7s-apple-ios.swiftinterface
2026-06-03T08:46:53.4197460Z x iPhoneOS14.5.sdk/usr/lib/swift/CoreMedia.swiftmodule/arm64e-apple-ios.swiftinterface
2026-06-03T08:46:53.4198040Z x iPhoneOS14.5.sdk/usr/lib/swift/CoreMedia.swiftmodule/armv7s-apple-ios.swiftdoc
2026-06-03T08:46:53.4198560Z x iPhoneOS14.5.sdk/usr/lib/swift/CoreMedia.swiftmodule/arm64-apple-ios.swiftinterface
2026-06-03T08:46:53.4199040Z x iPhoneOS14.5.sdk/usr/lib/swift/CoreMedia.swiftmodule/arm64e.swiftinterface
2026-06-03T08:46:53.4199560Z x iPhoneOS14.5.sdk/usr/lib/swift/CoreMedia.swiftmodule/arm64.swiftinterface
2026-06-03T08:46:53.4199990Z x iPhoneOS14.5.sdk/usr/lib/swift/AppleArchive.swiftmodule/
2026-06-03T08:46:53.4200480Z x iPhoneOS14.5.sdk/usr/lib/swift/AppleArchive.swiftmodule/arm64e-apple-ios.swiftdoc
2026-06-03T08:46:53.4200930Z x iPhoneOS14.5.sdk/usr/lib/swift/AppleArchive.swiftmodule/arm64-apple-ios.swiftdoc
2026-06-03T08:46:53.4201380Z x iPhoneOS14.5.sdk/usr/lib/swift/AppleArchive.swiftmodule/arm64.swiftdoc
2026-06-03T08:46:53.4201770Z x iPhoneOS14.5.sdk/usr/lib/swift/AppleArchive.swiftmodule/arm64e.swiftdoc
2026-06-03T08:46:53.4202210Z x iPhoneOS14.5.sdk/usr/lib/swift/AppleArchive.swiftmodule/arm64e-apple-ios.swiftinterface
2026-06-03T08:46:53.4202780Z x iPhoneOS14.5.sdk/usr/lib/swift/AppleArchive.swiftmodule/arm64-apple-ios.swiftinterface
2026-06-03T08:46:53.4203250Z x iPhoneOS14.5.sdk/usr/lib/swift/AppleArchive.swiftmodule/arm64e.swiftinterface
2026-06-03T08:46:53.4203680Z x iPhoneOS14.5.sdk/usr/lib/swift/AppleArchive.swiftmodule/arm64.swiftinterface
2026-06-03T08:46:53.4204130Z x iPhoneOS14.5.sdk/usr/lib/swift/libswiftFoundation.tbd
2026-06-03T08:46:53.4204450Z x iPhoneOS14.5.sdk/usr/lib/swift/libswiftAssetsLibrary.tbd
2026-06-03T08:46:53.4204740Z x iPhoneOS14.5.sdk/usr/lib/swift/libswiftHomeKit.tbd
2026-06-03T08:46:53.4224320Z x iPhoneOS14.5.sdk/usr/lib/swift/MetalKit.swiftmodule/
2026-06-03T08:46:53.4226090Z x iPhoneOS14.5.sdk/usr/lib/swift/MetalKit.swiftmodule/arm64e-apple-ios.swiftdoc
2026-06-03T08:46:53.4226830Z x iPhoneOS14.5.sdk/usr/lib/swift/MetalKit.swiftmodule/arm64-apple-ios.swiftdoc
2026-06-03T08:46:53.4231460Z x iPhoneOS14.5.sdk/usr/lib/swift/MetalKit.swiftmodule/arm64.swiftdoc
2026-06-03T08:46:53.4232370Z x iPhoneOS14.5.sdk/usr/lib/swift/MetalKit.swiftmodule/armv7-apple-ios.swiftdoc
2026-06-03T08:46:53.4232920Z x iPhoneOS14.5.sdk/usr/lib/swift/MetalKit.swiftmodule/armv7-apple-ios.swiftinterface
2026-06-03T08:46:53.4233370Z x iPhoneOS14.5.sdk/usr/lib/swift/MetalKit.swiftmodule/arm64e.swiftdoc
2026-06-03T08:46:53.4234570Z x iPhoneOS14.5.sdk/usr/lib/swift/MetalKit.swiftmodule/armv7s-apple-ios.swiftinterface
2026-06-03T08:46:53.4242750Z x iPhoneOS14.5.sdk/usr/lib/swift/MetalKit.swiftmodule/arm64e-apple-ios.swiftinterface
2026-06-03T08:46:53.4243260Z x iPhoneOS14.5.sdk/usr/lib/swift/MetalKit.swiftmodule/armv7s-apple-ios.swiftdoc
2026-06-03T08:46:53.4243720Z x iPhoneOS14.5.sdk/usr/lib/swift/MetalKit.swiftmodule/arm64-apple-ios.swiftinterface
2026-06-03T08:46:53.4244180Z x iPhoneOS14.5.sdk/usr/lib/swift/MetalKit.swiftmodule/arm64e.swiftinterface
2026-06-03T08:46:53.4281740Z x iPhoneOS14.5.sdk/usr/lib/swift/MetalKit.swiftmodule/arm64.swiftinterface
2026-06-03T08:46:53.4282120Z x iPhoneOS14.5.sdk/usr/lib/swift/libswiftAccelerate.tbd
2026-06-03T08:46:53.4282410Z x iPhoneOS14.5.sdk/usr/lib/swift/libswiftCoreNFC.tbd
2026-06-03T08:46:53.4282720Z x iPhoneOS14.5.sdk/usr/lib/swift/CoreMIDI.swiftmodule/
2026-06-03T08:46:53.4283080Z x iPhoneOS14.5.sdk/usr/lib/swift/CoreMIDI.swiftmodule/arm64e-apple-ios.swiftdoc
2026-06-03T08:46:53.4283550Z x iPhoneOS14.5.sdk/usr/lib/swift/CoreMIDI.swiftmodule/arm64-apple-ios.swiftdoc
2026-06-03T08:46:53.4283970Z x iPhoneOS14.5.sdk/usr/lib/swift/CoreMIDI.swiftmodule/arm64.swiftdoc
2026-06-03T08:46:53.4284360Z x iPhoneOS14.5.sdk/usr/lib/swift/CoreMIDI.swiftmodule/armv7-apple-ios.swiftdoc
2026-06-03T08:46:53.4284940Z x iPhoneOS14.5.sdk/usr/lib/swift/CoreMIDI.swiftmodule/armv7-apple-ios.swiftinterface
2026-06-03T08:46:53.4285370Z x iPhoneOS14.5.sdk/usr/lib/swift/CoreMIDI.swiftmodule/arm64e.swiftdoc
2026-06-03T08:46:53.4285800Z x iPhoneOS14.5.sdk/usr/lib/swift/CoreMIDI.swiftmodule/armv7s-apple-ios.swiftinterface
2026-06-03T08:46:53.4286270Z x iPhoneOS14.5.sdk/usr/lib/swift/CoreMIDI.swiftmodule/arm64e-apple-ios.swiftinterface
2026-06-03T08:46:53.4286720Z x iPhoneOS14.5.sdk/usr/lib/swift/CoreMIDI.swiftmodule/armv7s-apple-ios.swiftdoc
2026-06-03T08:46:53.4287160Z x iPhoneOS14.5.sdk/usr/lib/swift/CoreMIDI.swiftmodule/arm64-apple-ios.swiftinterface
2026-06-03T08:46:53.4287590Z x iPhoneOS14.5.sdk/usr/lib/swift/CoreMIDI.swiftmodule/arm64e.swiftinterface
2026-06-03T08:46:53.4288000Z x iPhoneOS14.5.sdk/usr/lib/swift/CoreMIDI.swiftmodule/arm64.swiftinterface
2026-06-03T08:46:53.4288340Z x iPhoneOS14.5.sdk/usr/lib/swift/libswiftCloudKit.tbd
2026-06-03T08:46:53.4288740Z x iPhoneOS14.5.sdk/usr/lib/swift/libswiftPhotos.tbd
2026-06-03T08:46:53.4289020Z x iPhoneOS14.5.sdk/usr/lib/swift/libswiftCoreMIDI.tbd
2026-06-03T08:46:53.4289290Z x iPhoneOS14.5.sdk/usr/lib/swift/GLKit.swiftmodule/
2026-06-03T08:46:53.4289620Z x iPhoneOS14.5.sdk/usr/lib/swift/GLKit.swiftmodule/arm64e-apple-ios.swiftdoc
2026-06-03T08:46:53.4290030Z x iPhoneOS14.5.sdk/usr/lib/swift/GLKit.swiftmodule/arm64-apple-ios.swiftdoc
2026-06-03T08:46:53.4290400Z x iPhoneOS14.5.sdk/usr/lib/swift/GLKit.swiftmodule/arm64.swiftdoc
2026-06-03T08:46:53.4290770Z x iPhoneOS14.5.sdk/usr/lib/swift/GLKit.swiftmodule/armv7-apple-ios.swiftdoc
2026-06-03T08:46:53.4291190Z x iPhoneOS14.5.sdk/usr/lib/swift/GLKit.swiftmodule/armv7-apple-ios.swiftinterface
2026-06-03T08:46:53.4291580Z x iPhoneOS14.5.sdk/usr/lib/swift/GLKit.swiftmodule/arm64e.swiftdoc
2026-06-03T08:46:53.4292040Z x iPhoneOS14.5.sdk/usr/lib/swift/GLKit.swiftmodule/armv7s-apple-ios.swiftinterface
2026-06-03T08:46:53.4292490Z x iPhoneOS14.5.sdk/usr/lib/swift/GLKit.swiftmodule/arm64e-apple-ios.swiftinterface
2026-06-03T08:46:53.4292910Z x iPhoneOS14.5.sdk/usr/lib/swift/GLKit.swiftmodule/armv7s-apple-ios.swiftdoc
2026-06-03T08:46:53.4293330Z x iPhoneOS14.5.sdk/usr/lib/swift/GLKit.swiftmodule/arm64-apple-ios.swiftinterface
2026-06-03T08:46:53.4293740Z x iPhoneOS14.5.sdk/usr/lib/swift/GLKit.swiftmodule/arm64e.swiftinterface
2026-06-03T08:46:53.4294110Z x iPhoneOS14.5.sdk/usr/lib/swift/GLKit.swiftmodule/arm64.swiftinterface
2026-06-03T08:46:53.4294450Z x iPhoneOS14.5.sdk/usr/lib/swift/AssetsLibrary.swiftmodule/
2026-06-03T08:46:53.4294850Z x iPhoneOS14.5.sdk/usr/lib/swift/AssetsLibrary.swiftmodule/arm64e-apple-ios.swiftdoc
2026-06-03T08:46:53.4295310Z x iPhoneOS14.5.sdk/usr/lib/swift/AssetsLibrary.swiftmodule/arm64-apple-ios.swiftdoc
2026-06-03T08:46:53.4295800Z x iPhoneOS14.5.sdk/usr/lib/swift/AssetsLibrary.swiftmodule/arm64.swiftdoc
2026-06-03T08:46:53.4296220Z x iPhoneOS14.5.sdk/usr/lib/swift/AssetsLibrary.swiftmodule/armv7-apple-ios.swiftdoc
2026-06-03T08:46:53.4296870Z x iPhoneOS14.5.sdk/usr/lib/swift/AssetsLibrary.swiftmodule/armv7-apple-ios.swiftinterface
2026-06-03T08:46:53.4297350Z x iPhoneOS14.5.sdk/usr/lib/swift/AssetsLibrary.swiftmodule/arm64e.swiftdoc
2026-06-03T08:46:53.4298110Z x iPhoneOS14.5.sdk/usr/lib/swift/AssetsLibrary.swiftmodule/armv7s-apple-ios.swiftinterface
2026-06-03T08:46:53.4298650Z x iPhoneOS14.5.sdk/usr/lib/swift/AssetsLibrary.swiftmodule/arm64e-apple-ios.swiftinterface
2026-06-03T08:46:53.4299160Z x iPhoneOS14.5.sdk/usr/lib/swift/AssetsLibrary.swiftmodule/armv7s-apple-ios.swiftdoc
2026-06-03T08:46:53.4299700Z x iPhoneOS14.5.sdk/usr/lib/swift/AssetsLibrary.swiftmodule/arm64-apple-ios.swiftinterface
2026-06-03T08:46:53.4300300Z x iPhoneOS14.5.sdk/usr/lib/swift/AssetsLibrary.swiftmodule/arm64e.swiftinterface
2026-06-03T08:46:53.4300760Z x iPhoneOS14.5.sdk/usr/lib/swift/AssetsLibrary.swiftmodule/arm64.swiftinterface
2026-06-03T08:46:53.4301170Z x iPhoneOS14.5.sdk/usr/lib/swift/libswiftUniformTypeIdentifiers.tbd
2026-06-03T08:46:53.4301550Z x iPhoneOS14.5.sdk/usr/lib/swift/SwiftOnoneSupport.swiftmodule/
2026-06-03T08:46:53.4302080Z x iPhoneOS14.5.sdk/usr/lib/swift/SwiftOnoneSupport.swiftmodule/arm64e-apple-ios.swiftdoc
2026-06-03T08:46:53.4302580Z x iPhoneOS14.5.sdk/usr/lib/swift/SwiftOnoneSupport.swiftmodule/arm64-apple-ios.swiftdoc
2026-06-03T08:46:53.4303060Z x iPhoneOS14.5.sdk/usr/lib/swift/SwiftOnoneSupport.swiftmodule/armv7-apple-ios.swiftdoc
2026-06-03T08:46:53.4303560Z x iPhoneOS14.5.sdk/usr/lib/swift/SwiftOnoneSupport.swiftmodule/armv7-apple-ios.swiftinterface
2026-06-03T08:46:53.4304440Z x iPhoneOS14.5.sdk/usr/lib/swift/SwiftOnoneSupport.swiftmodule/SwiftOnoneSupport.opt.bitstream
2026-06-03T08:46:53.4305480Z x iPhoneOS14.5.sdk/usr/lib/swift/SwiftOnoneSupport.swiftmodule/armv7s-apple-ios.swiftinterface
2026-06-03T08:46:53.4306260Z x iPhoneOS14.5.sdk/usr/lib/swift/SwiftOnoneSupport.swiftmodule/arm64e-apple-ios.swiftinterface
2026-06-03T08:46:53.4316470Z x iPhoneOS14.5.sdk/usr/lib/swift/SwiftOnoneSupport.swiftmodule/armv7s-apple-ios.swiftdoc
2026-06-03T08:46:53.4317120Z x iPhoneOS14.5.sdk/usr/lib/swift/SwiftOnoneSupport.swiftmodule/arm64-apple-ios.swiftinterface
2026-06-03T08:46:53.4317520Z x iPhoneOS14.5.sdk/usr/lib/libprequelite.tbd
2026-06-03T08:46:53.4317760Z x iPhoneOS14.5.sdk/usr/lib/libpanel.5.4.tbd
2026-06-03T08:46:53.4317980Z x iPhoneOS14.5.sdk/usr/lib/libcharset.tbd
2026-06-03T08:46:53.4318220Z x iPhoneOS14.5.sdk/usr/lib/libIOAccessoryManager.tbd
2026-06-03T08:46:53.4318470Z x iPhoneOS14.5.sdk/usr/lib/libbsm.0.tbd
2026-06-03T08:46:53.4318690Z x iPhoneOS14.5.sdk/usr/lib/libicucore.A.tbd
2026-06-03T08:46:53.4318900Z x iPhoneOS14.5.sdk/usr/lib/libbz2.tbd
2026-06-03T08:46:53.4319120Z x iPhoneOS14.5.sdk/usr/lib/libSystem_asan.tbd
2026-06-03T08:46:53.4319340Z x iPhoneOS14.5.sdk/usr/lib/libnetwork.tbd
2026-06-03T08:46:53.4319590Z x iPhoneOS14.5.sdk/usr/lib/libAXSpeechManager.tbd
2026-06-03T08:46:53.4319890Z x iPhoneOS14.5.sdk/usr/lib/libFaultOrdering.tbd
2026-06-03T08:46:53.4320550Z x iPhoneOS14.5.sdk/usr/lib/libNFC_Comet.tbd
2026-06-03T08:46:53.4321330Z x iPhoneOS14.5.sdk/usr/lib/libmenu.tbd
2026-06-03T08:46:53.4321780Z x iPhoneOS14.5.sdk/usr/lib/libMobileGestaltExtensions.tbd
2026-06-03T08:46:53.4322090Z x iPhoneOS14.5.sdk/usr/lib/libdl.tbd
2026-06-03T08:46:53.4322450Z x iPhoneOS14.5.sdk/usr/lib/libMatch.tbd
2026-06-03T08:46:53.4322880Z x iPhoneOS14.5.sdk/usr/lib/libexpat.tbd
2026-06-03T08:46:53.4323160Z x iPhoneOS14.5.sdk/usr/lib/libexslt.0.tbd
2026-06-03T08:46:53.4323770Z x iPhoneOS14.5.sdk/usr/lib/libETLEFSDumpDynamic.tbd
2026-06-03T08:46:53.4324020Z x iPhoneOS14.5.sdk/usr/lib/libiconv.2.tbd
2026-06-03T08:46:53.4324250Z x iPhoneOS14.5.sdk/usr/lib/libc++abi.tbd
2026-06-03T08:46:53.4324460Z x iPhoneOS14.5.sdk/usr/lib/libc.tbd
2026-06-03T08:46:53.4324650Z x iPhoneOS14.5.sdk/usr/lib/libform.tbd
2026-06-03T08:46:53.4325710Z x iPhoneOS14.5.sdk/usr/lib/libWAPI.tbd
2026-06-03T08:46:53.4325970Z x iPhoneOS14.5.sdk/usr/lib/libAWDSupportFramework.tbd
2026-06-03T08:46:53.4326390Z x iPhoneOS14.5.sdk/usr/lib/libETLDLFDynamic.tbd
2026-06-03T08:46:53.4326740Z x iPhoneOS14.5.sdk/usr/lib/libAppleEXR.tbd
2026-06-03T08:46:53.4327190Z x iPhoneOS14.5.sdk/usr/lib/libreadline.tbd
2026-06-03T08:46:53.4327410Z x iPhoneOS14.5.sdk/usr/lib/liblangid.tbd
2026-06-03T08:46:53.4327670Z x iPhoneOS14.5.sdk/usr/lib/libncurses.5.4.tbd
2026-06-03T08:46:53.4327920Z x iPhoneOS14.5.sdk/usr/lib/libBBUpdaterDynamic.tbd
2026-06-03T08:46:53.4328160Z x iPhoneOS14.5.sdk/usr/lib/libafc.tbd
2026-06-03T08:46:53.4328370Z x iPhoneOS14.5.sdk/usr/lib/libcharset.1.tbd
2026-06-03T08:46:53.4328650Z x iPhoneOS14.5.sdk/usr/lib/libapp_launch_measurement.tbd
2026-06-03T08:46:53.4328900Z x iPhoneOS14.5.sdk/usr/lib/libARI.tbd
2026-06-03T08:46:53.4329100Z x iPhoneOS14.5.sdk/usr/lib/libncurses.tbd
2026-06-03T08:46:53.4329330Z x iPhoneOS14.5.sdk/usr/lib/libLLVM.tbd
2026-06-03T08:46:53.4329620Z 100 12.1M  100 12.1M    0     0  4388k      0  0:00:02  0:00:02 --:--:-- 5388k
2026-06-03T08:46:53.4329840Z 
2026-06-03T08:46:53.4329950Z x iPhoneOS14.5.sdk/usr/lib/libABMCommandDriversEUR.tbd
2026-06-03T08:46:53.4330210Z x iPhoneOS14.5.sdk/usr/lib/libBKDM1.tbd
2026-06-03T08:46:53.4330530Z x iPhoneOS14.5.sdk/usr/lib/libiconv.tbd
2026-06-03T08:46:53.4330780Z x iPhoneOS14.5.sdk/usr/lib/AppleConvergedTransport.tbd
2026-06-03T08:46:53.4331030Z x iPhoneOS14.5.sdk/usr/lib/liblzma.tbd
2026-06-03T08:46:53.4331240Z x iPhoneOS14.5.sdk/usr/lib/libncurses.5.tbd
2026-06-03T08:46:53.4331470Z x iPhoneOS14.5.sdk/usr/lib/libSLAMDynamic.tbd
2026-06-03T08:46:53.4331740Z x iPhoneOS14.5.sdk/usr/lib/libcmph.tbd
2026-06-03T08:46:53.4331970Z x iPhoneOS14.5.sdk/usr/lib/CarrierBundleUtilities.tbd
2026-06-03T08:46:53.4332230Z x iPhoneOS14.5.sdk/usr/lib/libCRFSuite0.12.tbd
2026-06-03T08:46:53.4332490Z x iPhoneOS14.5.sdk/usr/lib/libChineseTokenizer.tbd
2026-06-03T08:46:53.4332730Z x iPhoneOS14.5.sdk/usr/lib/libnfstorage.tbd
2026-06-03T08:46:53.4332950Z x iPhoneOS14.5.sdk/usr/lib/libc++.1.tbd
2026-06-03T08:46:53.4333170Z x iPhoneOS14.5.sdk/usr/lib/libPCITransport.tbd
2026-06-03T08:46:53.4333450Z x iPhoneOS14.5.sdk/usr/lib/libz.tbd
2026-06-03T08:46:53.4333670Z x iPhoneOS14.5.sdk/usr/lib/libQMIParserDynamic.tbd
2026-06-03T08:46:53.4333900Z x iPhoneOS14.5.sdk/usr/lib/libm.tbd
2026-06-03T08:46:53.4334310Z x iPhoneOS14.5.sdk/usr/lib/libipsec.tbd
2026-06-03T08:46:53.4334670Z x iPhoneOS14.5.sdk/usr/lib/libMaxEnt.tbd
2026-06-03T08:46:53.4334950Z x iPhoneOS14.5.sdk/usr/lib/libxslt.tbd
2026-06-03T08:46:53.4335160Z x iPhoneOS14.5.sdk/usr/lib/libperfcheck.tbd
2026-06-03T08:46:53.4335390Z x iPhoneOS14.5.sdk/usr/lib/libedit.3.tbd
2026-06-03T08:46:53.4335650Z x iPhoneOS14.5.sdk/usr/lib/libAppletTranslationLibrary.tbd
2026-06-03T08:46:53.4336010Z x iPhoneOS14.5.sdk/usr/lib/libTelephonyDebugDynamic.tbd
2026-06-03T08:46:53.4336270Z x iPhoneOS14.5.sdk/usr/lib/libolaf.tbd
2026-06-03T08:46:53.4336590Z x iPhoneOS14.5.sdk/usr/lib/libheimdal-asn1.tbd
2026-06-03T08:46:53.4336840Z x iPhoneOS14.5.sdk/usr/lib/libKTLDynamic.tbd
2026-06-03T08:46:53.4337130Z x iPhoneOS14.5.sdk/usr/lib/libcupolicy.tbd
2026-06-03T08:46:53.4337350Z x iPhoneOS14.5.sdk/usr/lib/libimg4.tbd
2026-06-03T08:46:53.4337560Z x iPhoneOS14.5.sdk/usr/lib/libbz2.1.0.5.tbd
2026-06-03T08:46:53.4337780Z x iPhoneOS14.5.sdk/usr/lib/libAppPatch.tbd
2026-06-03T08:46:53.4338000Z x iPhoneOS14.5.sdk/usr/lib/libquic.tbd
2026-06-03T08:46:53.4338200Z x iPhoneOS14.5.sdk/usr/lib/libpthread.tbd
2026-06-03T08:46:53.4338410Z x iPhoneOS14.5.sdk/usr/lib/libutil1.0.tbd
2026-06-03T08:46:53.4338620Z x iPhoneOS14.5.sdk/usr/lib/libmorphun.tbd
2026-06-03T08:46:53.4338830Z x iPhoneOS14.5.sdk/usr/lib/libxml2.tbd
2026-06-03T08:46:53.4339040Z x iPhoneOS14.5.sdk/usr/lib/libIOReport.tbd
2026-06-03T08:46:53.4339250Z x iPhoneOS14.5.sdk/SDKSettings.plist
2026-06-03T08:46:53.4339450Z x iPhoneOS14.5.sdk/SDKSettings.json
2026-06-03T08:46:53.4339650Z x iPhoneOS14.5.sdk/Entitlements.plist
2026-06-03T08:46:53.4505320Z ##[group]Run maxim-lobanov/setup-xcode@v1
2026-06-03T08:46:53.4505550Z with:
2026-06-03T08:46:53.4505680Z   xcode-version: 16.2
2026-06-03T08:46:53.4505820Z env:
2026-06-03T08:46:53.4505950Z   FINALPACKAGE: 1
2026-06-03T08:46:53.4506100Z   HOMEBREW_NO_AUTO_UPDATE: 1
2026-06-03T08:46:53.4506310Z   HOMEBREW_NO_INSTALLED_DEPENDENTS_CHECK: 1
2026-06-03T08:46:53.4506520Z ##[endgroup]
2026-06-03T08:46:53.9317290Z Switching Xcode to version '16.2'...
2026-06-03T08:46:54.0049290Z Xcode is set to 16.2.0 (16C5032a)
2026-06-03T08:46:54.0166800Z ##[group]Run # Force clean all build artifacts to avoid version cache issues
2026-06-03T08:46:54.0167260Z [36;1m# Force clean all build artifacts to avoid version cache issues[0m
2026-06-03T08:46:54.0167580Z [36;1mrm -rf .theos/obj[0m
2026-06-03T08:46:54.0167770Z [36;1mrm -rf packages[0m
2026-06-03T08:46:54.0167970Z [36;1mrm -rf .theos/_/[0m
2026-06-03T08:46:54.0327390Z shell: /bin/bash -e {0}
2026-06-03T08:46:54.0327940Z env:
2026-06-03T08:46:54.0328390Z   FINALPACKAGE: 1
2026-06-03T08:46:54.0328870Z   HOMEBREW_NO_AUTO_UPDATE: 1
2026-06-03T08:46:54.0329860Z   HOMEBREW_NO_INSTALLED_DEPENDENTS_CHECK: 1
2026-06-03T08:46:54.0330580Z   MD_APPLE_SDK_ROOT: /Applications/Xcode_16.2.app
2026-06-03T08:46:54.0331240Z ##[endgroup]
2026-06-03T08:46:54.0708800Z ##[group]Run source devkit/bootstrap.sh
2026-06-03T08:46:54.0709140Z [36;1msource devkit/bootstrap.sh[0m
2026-06-03T08:46:54.0709380Z [36;1mFINALPACKAGE=1 gmake -B package[0m
2026-06-03T08:46:54.0758010Z shell: /bin/bash -e {0}
2026-06-03T08:46:54.0758190Z env:
2026-06-03T08:46:54.0758340Z   FINALPACKAGE: 1
2026-06-03T08:46:54.0758500Z   HOMEBREW_NO_AUTO_UPDATE: 1
2026-06-03T08:46:54.0758720Z   HOMEBREW_NO_INSTALLED_DEPENDENTS_CHECK: 1
2026-06-03T08:46:54.0758980Z   MD_APPLE_SDK_ROOT: /Applications/Xcode_16.2.app
2026-06-03T08:46:54.0759210Z ##[endgroup]
2026-06-03T08:46:59.8823540Z [1;31m> [1;3;39mMaking all for tool trollvncserver…[m
2026-06-03T08:47:00.7768450Z /Users/runner/work/TrollVNC-main/TrollVNC-main/theos-roothide/vendor/mod/roothide/instance/rules.mk:3: "*** You have disabled clang modules. To use the roothide api, please add `-lroothide` to LDFLAGS ***"
2026-06-03T08:47:01.0951760Z /Users/runner/work/TrollVNC-main/TrollVNC-main/theos-roothide/vendor/mod/roothide/instance/rules.mk:3: "*** You have disabled clang modules. To use the roothide api, please add `-lroothide` to LDFLAGS ***"
2026-06-03T08:47:01.3608320Z /Users/runner/work/TrollVNC-main/TrollVNC-main/theos-roothide/vendor/mod/roothide/instance/rules.mk:3: "*** You have disabled clang modules. To use the roothide api, please add `-lroothide` to LDFLAGS ***"
2026-06-03T08:47:01.8799570Z [0;32m==> [1;39mCompiling src/BulletinManager.mm (arm64)…[m
2026-06-03T08:47:02.1291570Z [0;32m==> [1;39mCompiling src/ClipboardManager.mm (arm64)…[m
2026-06-03T08:47:02.3519690Z [0;32m==> [1;39mCompiling src/ScreenCapturer.mm (arm64)…[m
2026-06-03T08:47:02.5660220Z [0;32m==> [1;39mCompiling src/OhMyJetsam.mm (arm64)…[m
2026-06-03T08:47:02.7252880Z [0;32m==> [1;39mCompiling src/STHIDEventGenerator.mm (arm64)…[m
2026-06-03T08:47:03.6914840Z [1msrc/trollvncserver.mm:3345:78: [0m[0;1;35mwarning: [0m[1m'statusBarOrientation' is deprecated: first deprecated in iOS 13.0 - Use the interfaceOrientation property of the window scene instead. [-Wdeprecated-declarations][0m
2026-06-03T08:47:03.6916200Z [0;32m==> [1;39mCompiling src/trollvncserver.mm (arm64)…[m
2026-06-03T08:47:03.7020720Z  3345 |         UIInterfaceOrientation curOrient = [UIApplication sharedApplication].statusBarOrientation;[0m
2026-06-03T08:47:03.7123580Z       | [0;1;32m                                                                             ^
2026-06-03T08:47:03.7213840Z [0m[1m/Users/runner/work/TrollVNC-main/TrollVNC-main/theos-roothide/sdks/iPhoneOS16.5.sdk/System/Library/Frameworks/UIKit.framework/Headers/UIApplication.h:146:55: [0m[0;1;30mnote: [0m'statusBarOrientation' has been explicitly marked deprecated here[0m
2026-06-03T08:47:03.7215860Z   146 | @property(readonly, nonatomic) UIInterfaceOrientation statusBarOrientation API_UNAVAILABLE(tvos) API_DEPRECATED("Use the interfaceOrientation property of the window scene instead.", ios(2.0, 13.0));[0m
2026-06-03T08:47:03.7217630Z       | [0;1;32m                                                      ^
2026-06-03T08:47:03.7222830Z [0m1 warning generated.
2026-06-03T08:47:03.7547150Z [1msrc/TVNCHttpServer.mm:2938:15: [0m[0;1;35mwarning: [0m[1munused variable 'output' [-Wunused-variable][0m
2026-06-03T08:47:03.7550030Z [0;32m==> [1;39mCompiling src/TVNCHttpServer.mm (arm64)…[m
2026-06-03T08:47:03.7550750Z  2938 |     NSString *output = error.localizedDescription;[0m
2026-06-03T08:47:03.7551200Z       | [0;1;32m              ^~~~~~
2026-06-03T08:47:03.7552250Z [0m[1msrc/TVNCHttpServer.mm:3500:74: [0m[0;1;35mwarning: [0m[1m'statusBarOrientation' is deprecated: first deprecated in iOS 13.0 - Use the interfaceOrientation property of the window scene instead. [-Wdeprecated-declarations][0m
2026-06-03T08:47:03.7553480Z  3500 |     UIInterfaceOrientation curOrient = [UIApplication sharedApplication].statusBarOrientation;[0m
2026-06-03T08:47:03.7554260Z       | [0;1;32m                                                                         ^
2026-06-03T08:47:03.7556730Z [0m[1m/Users/runner/work/TrollVNC-main/TrollVNC-main/theos-roothide/sdks/iPhoneOS16.5.sdk/System/Library/Frameworks/UIKit.framework/Headers/UIApplication.h:146:55: [0m[0;1;30mnote: [0m'statusBarOrientation' has been explicitly marked deprecated here[0m
2026-06-03T08:47:03.7559400Z   146 | @property(readonly, nonatomic) UIInterfaceOrientation statusBarOrientation API_UNAVAILABLE(tvos) API_DEPRECATED("Use the interfaceOrientation property of the window scene instead.", ios(2.0, 13.0));[0m
2026-06-03T08:47:03.7563520Z       | [0;1;32m                                                      ^
2026-06-03T08:47:03.7564240Z [0m[1msrc/TVNCHttpServer.mm:201:24: [0m[0;1;35mwarning: [0m[1munused function 'TVNCGetDefaults' [-Wunused-function][0m
2026-06-03T08:47:03.7566410Z   201 | static NSUserDefaults *TVNCGetDefaults(void) {[0m
2026-06-03T08:47:03.7566800Z       | [0;1;32m                       ^~~~~~~~~~~~~~~
2026-06-03T08:47:03.7569260Z [0m3 warnings generated.
2026-06-03T08:47:04.4581780Z [1msrc/TVNCApiManager.mm:2152:18: [0m[0;1;35mwarning: [0m[1munused function 'permissionString' [-Wunused-function][0m
2026-06-03T08:47:04.4582520Z [0;32m==> [1;39mCompiling src/TVNCApiManager.mm (arm64)…[m
2026-06-03T08:47:04.4673640Z  2152 | static NSString *permissionString(mode_t mode) {[0m
2026-06-03T08:47:04.4688020Z       | [0;1;32m                 ^~~~~~~~~~~~~~~~
2026-06-03T08:47:04.4700670Z [0m1 warning generated.
2026-06-03T08:47:04.9261710Z ld: warning: -multiply_defined is obsolete
2026-06-03T08:47:04.9262600Z [0;33m==> [1;39mLinking tool trollvncserver (arm64)…[m
2026-06-03T08:47:04.9264860Z ld: warning: object file (lib/libcrypto.a[2](aes_cbc.o)) was built for newer 'iOS' version (14.0) than being linked (13.0)
2026-06-03T08:47:04.9265620Z ld: warning: object file (lib/libcrypto.a[4](aes_core.o)) was built for newer 'iOS' version (14.0) than being linked (13.0)
2026-06-03T08:47:04.9266450Z ld: warning: object file (lib/libcrypto.a[9](aes_wrap.o)) was built for newer 'iOS' version (14.0) than being linked (13.0)
2026-06-03T08:47:04.9267170Z ld: warning: object file (lib/libcrypto.a[10](aria.o)) was built for newer 'iOS' version (14.0) than being linked (13.0)
2026-06-03T08:47:04.9268520Z ld: warning: object file (lib/libcrypto.a[11](a_bitstr.o)) was built for newer 'iOS' version (14.0) than being linked (13.0)
2026-06-03T08:47:04.9269880Z ld: warning: object file (lib/libcrypto.a[12](a_d2i_fp.o)) was built for newer 'iOS' version (14.0) than being linked (13.0)
2026-06-03T08:47:04.9334810Z ld: warning: object file (lib/libcrypto.a[13](a_digest.o)) was built for newer 'iOS' version (14.0) than being linked (13.0)
2026-06-03T08:47:04.9336020Z ld: warning: object file (lib/libcrypto.a[14](a_dup.o)) was built for newer 'iOS' version (14.0) than being linked (13.0)
2026-06-03T08:47:04.9338280Z ld: warning: object file (lib/libcrypto.a[15](a_gentm.o)) was built for newer 'iOS' version (14.0) than being linked (13.0)
2026-06-03T08:47:04.9339460Z ld: warning: object file (lib/libcrypto.a[16](a_i2d_fp.o)) was built for newer 'iOS' version (14.0) than being linked (13.0)
2026-06-03T08:47:04.9340640Z ld: warning: object file (lib/libcrypto.a[17](a_int.o)) was built for newer 'iOS' version (14.0) than being linked (13.0)
2026-06-03T08:47:04.9341790Z ld: warning: object file (lib/libcrypto.a[18](a_mbstr.o)) was built for newer 'iOS' version (14.0) than being linked (13.0)
2026-06-03T08:47:04.9342780Z ld: warning: object file (lib/libcrypto.a[19](a_object.o)) was built for newer 'iOS' version (14.0) than being linked (13.0)
2026-06-03T08:47:04.9343700Z ld: warning: object file (lib/libcrypto.a[20](a_octet.o)) was built for newer 'iOS' version (14.0) than being linked (13.0)
2026-06-03T08:47:04.9346770Z ld: warning: object file (lib/libcrypto.a[21](a_print.o)) was built for newer 'iOS' version (14.0) than being linked (13.0)
2026-06-03T08:47:04.9347470Z ld: warning: object file (lib/libcrypto.a[22](a_sign.o)) was built for newer 'iOS' version (14.0) than being linked (13.0)
2026-06-03T08:47:04.9348740Z ld: warning: object file (lib/libcrypto.a[23](a_strex.o)) was built for newer 'iOS' version (14.0) than being linked (13.0)
2026-06-03T08:47:04.9349650Z ld: warning: object file (lib/libcrypto.a[24](a_strnid.o)) was built for newer 'iOS' version (14.0) than being linked (13.0)
2026-06-03T08:47:04.9350710Z ld: warning: object file (lib/libcrypto.a[25](a_time.o)) was built for newer 'iOS' version (14.0) than being linked (13.0)
2026-06-03T08:47:04.9352340Z ld: warning: object file (lib/libcrypto.a[26](a_type.o)) was built for newer 'iOS' version (14.0) than being linked (13.0)
2026-06-03T08:47:04.9353200Z ld: warning: object file (lib/libcrypto.a[27](a_utctm.o)) was built for newer 'iOS' version (14.0) than being linked (13.0)
2026-06-03T08:47:04.9354330Z ld: warning: object file (lib/libcrypto.a[28](a_utf8.o)) was built for newer 'iOS' version (14.0) than being linked (13.0)
2026-06-03T08:47:04.9355350Z ld: warning: object file (lib/libcrypto.a[29](a_verify.o)) was built for newer 'iOS' version (14.0) than being linked (13.0)
2026-06-03T08:47:04.9358020Z ld: warning: object file (lib/libcrypto.a[30](ameth_lib.o)) was built for newer 'iOS' version (14.0) than being linked (13.0)
2026-06-03T08:47:04.9358810Z ld: warning: object file (lib/libcrypto.a[31](asn1_err.o)) was built for newer 'iOS' version (14.0) than being linked (13.0)
2026-06-03T08:47:04.9359760Z ld: warning: object file (lib/libcrypto.a[32](asn1_gen.o)) was built for newer 'iOS' version (14.0) than being linked (13.0)
2026-06-03T08:47:04.9360820Z ld: warning: object file (lib/libcrypto.a[34](asn1_lib.o)) was built for newer 'iOS' version (14.0) than being linked (13.0)
2026-06-03T08:47:04.9361730Z ld: warning: object file (lib/libcrypto.a[35](asn1_par.o)) was built for newer 'iOS' version (14.0) than being linked (13.0)
2026-06-03T08:47:04.9362520Z ld: warning: object file (lib/libcrypto.a[36](asn_mime.o)) was built for newer 'iOS' version (14.0) than being linked (13.0)
2026-06-03T08:47:04.9363590Z ld: warning: object file (lib/libcrypto.a[37](asn_moid.o)) was built for newer 'iOS' version (14.0) than being linked (13.0)
2026-06-03T08:47:04.9364930Z ld: warning: object file (lib/libcrypto.a[38](asn_mstbl.o)) was built for newer 'iOS' version (14.0) than being linked (13.0)
2026-06-03T08:47:04.9366850Z ld: warning: object file (lib/libcrypto.a[39](asn_pack.o)) was built for newer 'iOS' version (14.0) than being linked (13.0)
2026-06-03T08:47:04.9369500Z ld: warning: object file (lib/libcrypto.a[40](bio_asn1.o)) was built for newer 'iOS' version (14.0) than being linked (13.0)
2026-06-03T08:47:04.9370720Z ld: warning: object file (lib/libcrypto.a[41](bio_ndef.o)) was built for newer 'iOS' version (14.0) than being linked (13.0)
2026-06-03T08:47:04.9371910Z ld: warning: object file (lib/libcrypto.a[42](d2i_pr.o)) was built for newer 'iOS' version (14.0) than being linked (13.0)
2026-06-03T08:47:04.9373720Z ld: warning: object file (lib/libcrypto.a[44](evp_asn1.o)) was built for newer 'iOS' version (14.0) than being linked (13.0)
2026-06-03T08:47:04.9374650Z ld: warning: object file (lib/libcrypto.a[45](f_int.o)) was built for newer 'iOS' version (14.0) than being linked (13.0)
2026-06-03T08:47:04.9375550Z ld: warning: object file (lib/libcrypto.a[46](f_string.o)) was built for newer 'iOS' version (14.0) than being linked (13.0)
2026-06-03T08:47:04.9376790Z ld: warning: object file (lib/libcrypto.a[47](i2d_pr.o)) was built for newer 'iOS' version (14.0) than being linked (13.0)
2026-06-03T08:47:04.9377610Z ld: warning: object file (lib/libcrypto.a[50](nsseq.o)) was built for newer 'iOS' version (14.0) than being linked (13.0)
2026-06-03T08:47:04.9378580Z ld: warning: object file (lib/libcrypto.a[51](p5_pbe.o)) was built for newer 'iOS' version (14.0) than being linked (13.0)
2026-06-03T08:47:04.9379190Z ld: warning: object file (lib/libcrypto.a[52](p5_pbev2.o)) was built for newer 'iOS' version (14.0) than being linked (13.0)
2026-06-03T08:47:04.9380010Z ld: warning: object file (lib/libcrypto.a[53](p5_scrypt.o)) was built for newer 'iOS' version (14.0) than being linked (13.0)
2026-06-03T08:47:04.9381110Z ld: warning: object file (lib/libcrypto.a[54](p8_pkey.o)) was built for newer 'iOS' version (14.0) than being linked (13.0)
2026-06-03T08:47:04.9381820Z ld: warning: object file (lib/libcrypto.a[56](t_pkey.o)) was built for newer 'iOS' version (14.0) than being linked (13.0)
2026-06-03T08:47:04.9382660Z ld: warning: object file (lib/libcrypto.a[58](tasn_dec.o)) was built for newer 'iOS' version (14.0) than being linked (13.0)
2026-06-03T08:47:04.9383410Z ld: warning: object file (lib/libcrypto.a[59](tasn_enc.o)) was built for newer 'iOS' version (14.0) than being linked (13.0)
2026-06-03T08:47:04.9384200Z ld: warning: object file (lib/libcrypto.a[60](tasn_fre.o)) was built for newer 'iOS' version (14.0) than being linked (13.0)
2026-06-03T08:47:04.9384950Z ld: warning: object file (lib/libcrypto.a[61](tasn_new.o)) was built for newer 'iOS' version (14.0) than being linked (13.0)
2026-06-03T08:47:04.9385680Z ld: warning: object file (lib/libcrypto.a[62](tasn_prn.o)) was built for newer 'iOS' version (14.0) than being linked (13.0)
2026-06-03T08:47:04.9386600Z ld: warning: object file (lib/libcrypto.a[64](tasn_typ.o)) was built for newer 'iOS' version (14.0) than being linked (13.0)
2026-06-03T08:47:04.9387460Z ld: warning: object file (lib/libcrypto.a[65](tasn_utl.o)) was built for newer 'iOS' version (14.0) than being linked (13.0)
2026-06-03T08:47:04.9388210Z ld: warning: object file (lib/libcrypto.a[66](x_algor.o)) was built for newer 'iOS' version (14.0) than being linked (13.0)
2026-06-03T08:47:04.9388830Z ld: warning: object file (lib/libcrypto.a[67](x_bignum.o)) was built for newer 'iOS' version (14.0) than being linked (13.0)
2026-06-03T08:47:04.9389660Z ld: warning: object file (lib/libcrypto.a[68](x_info.o)) was built for newer 'iOS' version (14.0) than being linked (13.0)
2026-06-03T08:47:04.9390400Z ld: warning: object file (lib/libcrypto.a[69](x_int64.o)) was built for newer 'iOS' version (14.0) than being linked (13.0)
2026-06-03T08:47:04.9391210Z ld: warning: object file (lib/libcrypto.a[71](x_pkey.o)) was built for newer 'iOS' version (14.0) than being linked (13.0)
2026-06-03T08:47:04.9391950Z ld: warning: object file (lib/libcrypto.a[72](x_sig.o)) was built for newer 'iOS' version (14.0) than being linked (13.0)
2026-06-03T08:47:04.9392760Z ld: warning: object file (lib/libcrypto.a[73](x_spki.o)) was built for newer 'iOS' version (14.0) than being linked (13.0)
2026-06-03T08:47:04.9393530Z ld: warning: object file (lib/libcrypto.a[74](x_val.o)) was built for newer 'iOS' version (14.0) than being linked (13.0)
2026-06-03T08:47:04.9394280Z ld: warning: object file (lib/libcrypto.a[75](async_null.o)) was built for newer 'iOS' version (14.0) than being linked (13.0)
2026-06-03T08:47:04.9395030Z ld: warning: object file (lib/libcrypto.a[78](async.o)) was built for newer 'iOS' version (14.0) than being linked (13.0)
2026-06-03T08:47:04.9395710Z ld: warning: object file (lib/libcrypto.a[79](async_err.o)) was built for newer 'iOS' version (14.0) than being linked (13.0)
2026-06-03T08:47:04.9396410Z ld: warning: object file (lib/libcrypto.a[80](async_wait.o)) was built for newer 'iOS' version (14.0) than being linked (13.0)
2026-06-03T08:47:04.9397390Z ld: warning: object file (lib/libcrypto.a[81](bf_cfb64.o)) was built for newer 'iOS' version (14.0) than being linked (13.0)
2026-06-03T08:47:04.9398080Z ld: warning: object file (lib/libcrypto.a[82](bf_ecb.o)) was built for newer 'iOS' version (14.0) than being linked (13.0)
2026-06-03T08:47:04.9398730Z ld: warning: object file (lib/libcrypto.a[83](bf_enc.o)) was built for newer 'iOS' version (14.0) than being linked (13.0)
2026-06-03T08:47:04.9399340Z ld: warning: object file (lib/libcrypto.a[84](bf_ofb64.o)) was built for newer 'iOS' version (14.0) than being linked (13.0)
2026-06-03T08:47:04.9399990Z ld: warning: object file (lib/libcrypto.a[85](bf_skey.o)) was built for newer 'iOS' version (14.0) than being linked (13.0)
2026-06-03T08:47:04.9401000Z ld: warning: object file (lib/libcrypto.a[86](b_addr.o)) was built for newer 'iOS' version (14.0) than being linked (13.0)
2026-06-03T08:47:04.9401730Z ld: warning: object file (lib/libcrypto.a[87](b_dump.o)) was built for newer 'iOS' version (14.0) than being linked (13.0)
2026-06-03T08:47:04.9402450Z ld: warning: object file (lib/libcrypto.a[88](b_print.o)) was built for newer 'iOS' version (14.0) than being linked (13.0)
2026-06-03T08:47:04.9403140Z ld: warning: object file (lib/libcrypto.a[89](b_sock.o)) was built for newer 'iOS' version (14.0) than being linked (13.0)
2026-06-03T08:47:04.9403830Z ld: warning: object file (lib/libcrypto.a[90](b_sock2.o)) was built for newer 'iOS' version (14.0) than being linked (13.0)
2026-06-03T08:47:04.9404640Z ld: warning: object file (lib/libcrypto.a[91](bf_buff.o)) was built for newer 'iOS' version (14.0) than being linked (13.0)
2026-06-03T08:47:04.9405300Z ld: warning: object file (lib/libcrypto.a[96](bio_err.o)) was built for newer 'iOS' version (14.0) than being linked (13.0)
2026-06-03T08:47:04.9406050Z ld: warning: object file (lib/libcrypto.a[97](bio_lib.o)) was built for newer 'iOS' version (14.0) than being linked (13.0)
2026-06-03T08:47:04.9406780Z ld: warning: object file (lib/libcrypto.a[98](bio_meth.o)) was built for newer 'iOS' version (14.0) than being linked (13.0)
2026-06-03T08:47:04.9407480Z ld: warning: object file (lib/libcrypto.a[104](bss_file.o)) was built for newer 'iOS' version (14.0) than being linked (13.0)
2026-06-03T08:47:04.9408240Z ld: warning: object file (lib/libcrypto.a[106](bss_mem.o)) was built for newer 'iOS' version (14.0) than being linked (13.0)
2026-06-03T08:47:04.9408920Z ld: warning: object file (lib/libcrypto.a[107](bss_null.o)) was built for newer 'iOS' version (14.0) than being linked (13.0)
2026-06-03T08:47:04.9409620Z ld: warning: object file (lib/libcrypto.a[108](bss_sock.o)) was built for newer 'iOS' version (14.0) than being linked (13.0)
2026-06-03T08:47:04.9410500Z ld: warning: object file (lib/libcrypto.a[109](blake2b.o)) was built for newer 'iOS' version (14.0) than being linked (13.0)
2026-06-03T08:47:04.9411190Z ld: warning: object file (lib/libcrypto.a[110](blake2s.o)) was built for newer 'iOS' version (14.0) than being linked (13.0)
2026-06-03T08:47:04.9412020Z ld: warning: object file (lib/libcrypto.a[111](m_blake2b.o)) was built for newer 'iOS' version (14.0) than being linked (13.0)
2026-06-03T08:47:04.9412730Z ld: warning: object file (lib/libcrypto.a[112](m_blake2s.o)) was built for newer 'iOS' version (14.0) than being linked (13.0)
2026-06-03T08:47:04.9413550Z ld: warning: object file (lib/libcrypto.a[113](bn_add.o)) was built for newer 'iOS' version (14.0) than being linked (13.0)
2026-06-03T08:47:04.9414250Z ld: warning: object file (lib/libcrypto.a[114](bn_asm.o)) was built for newer 'iOS' version (14.0) than being linked (13.0)
2026-06-03T08:47:04.9414930Z ld: warning: object file (lib/libcrypto.a[115](bn_blind.o)) was built for newer 'iOS' version (14.0) than being linked (13.0)
2026-06-03T08:47:04.9415600Z ld: warning: object file (lib/libcrypto.a[116](bn_const.o)) was built for newer 'iOS' version (14.0) than being linked (13.0)
2026-06-03T08:47:04.9416280Z ld: warning: object file (lib/libcrypto.a[117](bn_ctx.o)) was built for newer 'iOS' version (14.0) than being linked (13.0)
2026-06-03T08:47:04.9417050Z ld: warning: object file (lib/libcrypto.a[119](bn_dh.o)) was built for newer 'iOS' version (14.0) than being linked (13.0)
2026-06-03T08:47:04.9417650Z ld: warning: object file (lib/libcrypto.a[120](bn_div.o)) was built for newer 'iOS' version (14.0) than being linked (13.0)
2026-06-03T08:47:04.9418300Z ld: warning: object file (lib/libcrypto.a[121](bn_err.o)) was built for newer 'iOS' version (14.0) than being linked (13.0)
2026-06-03T08:47:04.9418960Z ld: warning: object file (lib/libcrypto.a[122](bn_exp.o)) was built for newer 'iOS' version (14.0) than being linked (13.0)
2026-06-03T08:47:04.9419610Z ld: warning: object file (lib/libcrypto.a[123](bn_exp2.o)) was built for newer 'iOS' version (14.0) than being linked (13.0)
2026-06-03T08:47:04.9420440Z ld: warning: object file (lib/libcrypto.a[124](bn_gcd.o)) was built for newer 'iOS' version (14.0) than being linked (13.0)
2026-06-03T08:47:04.9421260Z ld: warning: object file (lib/libcrypto.a[125](bn_gf2m.o)) was built for newer 'iOS' version (14.0) than being linked (13.0)
2026-06-03T08:47:04.9421980Z ld: warning: object file (lib/libcrypto.a[126](bn_intern.o)) was built for newer 'iOS' version (14.0) than being linked (13.0)
2026-06-03T08:47:04.9422840Z ld: warning: object file (lib/libcrypto.a[127](bn_kron.o)) was built for newer 'iOS' version (14.0) than being linked (13.0)
2026-06-03T08:47:04.9423590Z ld: warning: object file (lib/libcrypto.a[128](bn_lib.o)) was built for newer 'iOS' version (14.0) than being linked (13.0)
2026-06-03T08:47:04.9424270Z ld: warning: object file (lib/libcrypto.a[129](bn_mod.o)) was built for newer 'iOS' version (14.0) than being linked (13.0)
2026-06-03T08:47:04.9424940Z ld: warning: object file (lib/libcrypto.a[130](bn_mont.o)) was built for newer 'iOS' version (14.0) than being linked (13.0)
2026-06-03T08:47:04.9426120Z ld: warning: object file (lib/libcrypto.a[132](bn_mul.o)) was built for newer 'iOS' version (14.0) than being linked (13.0)
2026-06-03T08:47:04.9426860Z ld: warning: object file (lib/libcrypto.a[133](bn_nist.o)) was built for newer 'iOS' version (14.0) than being linked (13.0)
2026-06-03T08:47:04.9427540Z ld: warning: object file (lib/libcrypto.a[134](bn_prime.o)) was built for newer 'iOS' version (14.0) than being linked (13.0)
2026-06-03T08:47:04.9428220Z ld: warning: object file (lib/libcrypto.a[135](bn_print.o)) was built for newer 'iOS' version (14.0) than being linked (13.0)
2026-06-03T08:47:04.9429000Z ld: warning: object file (lib/libcrypto.a[136](bn_rand.o)) was built for newer 'iOS' version (14.0) than being linked (13.0)
2026-06-03T08:47:04.9429620Z ld: warning: object file (lib/libcrypto.a[137](bn_recp.o)) was built for newer 'iOS' version (14.0) than being linked (13.0)
2026-06-03T08:47:04.9430410Z ld: warning: object file (lib/libcrypto.a[138](bn_shift.o)) was built for newer 'iOS' version (14.0) than being linked (13.0)
2026-06-03T08:47:04.9431210Z ld: warning: object file (lib/libcrypto.a[139](bn_sqr.o)) was built for newer 'iOS' version (14.0) than being linked (13.0)
2026-06-03T08:47:04.9431940Z ld: warning: object file (lib/libcrypto.a[140](bn_sqrt.o)) was built for newer 'iOS' version (14.0) than being linked (13.0)
2026-06-03T08:47:04.9432670Z ld: warning: object file (lib/libcrypto.a[141](bn_srp.o)) was built for newer 'iOS' version (14.0) than being linked (13.0)
2026-06-03T08:47:04.9433380Z ld: warning: object file (lib/libcrypto.a[142](bn_word.o)) was built for newer 'iOS' version (14.0) than being linked (13.0)
2026-06-03T08:47:04.9434140Z ld: warning: object file (lib/libcrypto.a[144](buf_err.o)) was built for newer 'iOS' version (14.0) than being linked (13.0)
2026-06-03T08:47:04.9434980Z ld: warning: object file (lib/libcrypto.a[145](buffer.o)) was built for newer 'iOS' version (14.0) than being linked (13.0)
2026-06-03T08:47:04.9435840Z ld: warning: object file (lib/libcrypto.a[146](camellia.o)) was built for newer 'iOS' version (14.0) than being linked (13.0)
2026-06-03T08:47:04.9436630Z ld: warning: object file (lib/libcrypto.a[147](cmll_cbc.o)) was built for newer 'iOS' version (14.0) than being linked (13.0)
2026-06-03T08:47:04.9437300Z ld: warning: object file (lib/libcrypto.a[151](cmll_misc.o)) was built for newer 'iOS' version (14.0) than being linked (13.0)
2026-06-03T08:47:04.9438090Z ld: warning: object file (lib/libcrypto.a[153](c_cfb64.o)) was built for newer 'iOS' version (14.0) than being linked (13.0)
2026-06-03T08:47:04.9438720Z ld: warning: object file (lib/libcrypto.a[154](c_ecb.o)) was built for newer 'iOS' version (14.0) than being linked (13.0)
2026-06-03T08:47:04.9439360Z ld: warning: object file (lib/libcrypto.a[155](c_enc.o)) was built for newer 'iOS' version (14.0) than being linked (13.0)
2026-06-03T08:47:04.9439960Z ld: warning: object file (lib/libcrypto.a[156](c_ofb64.o)) was built for newer 'iOS' version (14.0) than being linked (13.0)
2026-06-03T08:47:04.9440780Z ld: warning: object file (lib/libcrypto.a[157](c_skey.o)) was built for newer 'iOS' version (14.0) than being linked (13.0)
2026-06-03T08:47:04.9441500Z ld: warning: object file (lib/libcrypto.a[158](chacha_enc.o)) was built for newer 'iOS' version (14.0) than being linked (13.0)
2026-06-03T08:47:04.9442310Z ld: warning: object file (lib/libcrypto.a[159](cm_ameth.o)) was built for newer 'iOS' version (14.0) than being linked (13.0)
2026-06-03T08:47:04.9443120Z ld: warning: object file (lib/libcrypto.a[160](cm_pmeth.o)) was built for newer 'iOS' version (14.0) than being linked (13.0)
2026-06-03T08:47:04.9443830Z ld: warning: object file (lib/libcrypto.a[161](cmac.o)) was built for newer 'iOS' version (14.0) than being linked (13.0)
2026-06-03T08:47:04.9444550Z ld: warning: object file (lib/libcrypto.a[162](cms_asn1.o)) was built for newer 'iOS' version (14.0) than being linked (13.0)
2026-06-03T08:47:04.9445160Z ld: warning: object file (lib/libcrypto.a[163](cms_att.o)) was built for newer 'iOS' version (14.0) than being linked (13.0)
2026-06-03T08:47:04.9445850Z ld: warning: object file (lib/libcrypto.a[165](cms_dd.o)) was built for newer 'iOS' version (14.0) than being linked (13.0)
2026-06-03T08:47:04.9446480Z ld: warning: object file (lib/libcrypto.a[166](cms_enc.o)) was built for newer 'iOS' version (14.0) than being linked (13.0)
2026-06-03T08:47:04.9447100Z ld: warning: object file (lib/libcrypto.a[167](cms_env.o)) was built for newer 'iOS' version (14.0) than being linked (13.0)
2026-06-03T08:47:04.9447750Z ld: warning: object file (lib/libcrypto.a[168](cms_err.o)) was built for newer 'iOS' version (14.0) than being linked (13.0)
2026-06-03T08:47:04.9448350Z ld: warning: object file (lib/libcrypto.a[170](cms_io.o)) was built for newer 'iOS' version (14.0) than being linked (13.0)
2026-06-03T08:47:04.9449020Z ld: warning: object file (lib/libcrypto.a[171](cms_kari.o)) was built for newer 'iOS' version (14.0) than being linked (13.0)
2026-06-03T08:47:04.9449670Z ld: warning: object file (lib/libcrypto.a[172](cms_lib.o)) was built for newer 'iOS' version (14.0) than being linked (13.0)
2026-06-03T08:47:04.9450300Z ld: warning: object file (lib/libcrypto.a[173](cms_pwri.o)) was built for newer 'iOS' version (14.0) than being linked (13.0)
2026-06-03T08:47:04.9450950Z ld: warning: object file (lib/libcrypto.a[174](cms_sd.o)) was built for newer 'iOS' version (14.0) than being linked (13.0)
2026-06-03T08:47:04.9451610Z ld: warning: object file (lib/libcrypto.a[176](c_zlib.o)) was built for newer 'iOS' version (14.0) than being linked (13.0)
2026-06-03T08:47:04.9452370Z ld: warning: object file (lib/libcrypto.a[177](comp_err.o)) was built for newer 'iOS' version (14.0) than being linked (13.0)
2026-06-03T08:47:04.9453130Z ld: warning: object file (lib/libcrypto.a[178](comp_lib.o)) was built for newer 'iOS' version (14.0) than being linked (13.0)
2026-06-03T08:47:04.9453880Z ld: warning: object file (lib/libcrypto.a[179](conf_api.o)) was built for newer 'iOS' version (14.0) than being linked (13.0)
2026-06-03T08:47:04.9454510Z ld: warning: object file (lib/libcrypto.a[180](conf_def.o)) was built for newer 'iOS' version (14.0) than being linked (13.0)
2026-06-03T08:47:04.9455210Z ld: warning: object file (lib/libcrypto.a[181](conf_err.o)) was built for newer 'iOS' version (14.0) than being linked (13.0)
2026-06-03T08:47:04.9455930Z ld: warning: object file (lib/libcrypto.a[182](conf_lib.o)) was built for newer 'iOS' version (14.0) than being linked (13.0)
2026-06-03T08:47:04.9456550Z ld: warning: object file (lib/libcrypto.a[183](conf_mall.o)) was built for newer 'iOS' version (14.0) than being linked (13.0)
2026-06-03T08:47:04.9457180Z ld: warning: object file (lib/libcrypto.a[184](conf_mod.o)) was built for newer 'iOS' version (14.0) than being linked (13.0)
2026-06-03T08:47:04.9457880Z ld: warning: object file (lib/libcrypto.a[185](conf_sap.o)) was built for newer 'iOS' version (14.0) than being linked (13.0)
2026-06-03T08:47:04.9458820Z ld: warning: object file (lib/libcrypto.a[186](conf_ssl.o)) was built for newer 'iOS' version (14.0) than being linked (13.0)
2026-06-03T08:47:04.9459520Z ld: warning: object file (lib/libcrypto.a[187](cpt_err.o)) was built for newer 'iOS' version (14.0) than being linked (13.0)
2026-06-03T08:47:04.9460250Z ld: warning: object file (lib/libcrypto.a[188](cryptlib.o)) was built for newer 'iOS' version (14.0) than being linked (13.0)
2026-06-03T08:47:04.9460920Z ld: warning: object file (lib/libcrypto.a[189](ct_b64.o)) was built for newer 'iOS' version (14.0) than being linked (13.0)
2026-06-03T08:47:04.9461580Z ld: warning: object file (lib/libcrypto.a[190](ct_err.o)) was built for newer 'iOS' version (14.0) than being linked (13.0)
2026-06-03T08:47:04.9462320Z ld: warning: object file (lib/libcrypto.a[191](ct_log.o)) was built for newer 'iOS' version (14.0) than being linked (13.0)
2026-06-03T08:47:04.9462990Z ld: warning: object file (lib/libcrypto.a[192](ct_oct.o)) was built for newer 'iOS' version (14.0) than being linked (13.0)
2026-06-03T08:47:04.9463760Z ld: warning: object file (lib/libcrypto.a[193](ct_policy.o)) was built for newer 'iOS' version (14.0) than being linked (13.0)
2026-06-03T08:47:04.9464390Z ld: warning: object file (lib/libcrypto.a[194](ct_prn.o)) was built for newer 'iOS' version (14.0) than being linked (13.0)
2026-06-03T08:47:04.9465120Z ld: warning: object file (lib/libcrypto.a[195](ct_sct.o)) was built for newer 'iOS' version (14.0) than being linked (13.0)
2026-06-03T08:47:04.9465820Z ld: warning: object file (lib/libcrypto.a[196](ct_sct_ctx.o)) was built for newer 'iOS' version (14.0) than being linked (13.0)
2026-06-03T08:47:04.9466480Z ld: warning: object file (lib/libcrypto.a[197](ct_vfy.o)) was built for newer 'iOS' version (14.0) than being linked (13.0)
2026-06-03T08:47:04.9467090Z ld: warning: object file (lib/libcrypto.a[198](ct_x509v3.o)) was built for newer 'iOS' version (14.0) than being linked (13.0)
2026-06-03T08:47:04.9467800Z ld: warning: object file (lib/libcrypto.a[199](ctype.o)) was built for newer 'iOS' version (14.0) than being linked (13.0)
2026-06-03T08:47:04.9468470Z ld: warning: object file (lib/libcrypto.a[203](cfb64ede.o)) was built for newer 'iOS' version (14.0) than being linked (13.0)
2026-06-03T08:47:04.9469140Z ld: warning: object file (lib/libcrypto.a[204](cfb64enc.o)) was built for newer 'iOS' version (14.0) than being linked (13.0)
2026-06-03T08:47:04.9469760Z ld: warning: object file (lib/libcrypto.a[205](cfb_enc.o)) was built for newer 'iOS' version (14.0) than being linked (13.0)
2026-06-03T08:47:04.9470430Z ld: warning: object file (lib/libcrypto.a[206](des_enc.o)) was built for newer 'iOS' version (14.0) than being linked (13.0)
2026-06-03T08:47:04.9471470Z ld: warning: object file (lib/libcrypto.a[207](ecb3_enc.o)) was built for newer 'iOS' version (14.0) than being linked (13.0)
2026-06-03T08:47:04.9472270Z ld: warning: object file (lib/libcrypto.a[208](ecb_enc.o)) was built for newer 'iOS' version (14.0) than being linked (13.0)
2026-06-03T08:47:04.9472980Z ld: warning: object file (lib/libcrypto.a[211](ofb64ede.o)) was built for newer 'iOS' version (14.0) than being linked (13.0)
2026-06-03T08:47:04.9473630Z ld: warning: object file (lib/libcrypto.a[212](ofb64enc.o)) was built for newer 'iOS' version (14.0) than being linked (13.0)
2026-06-03T08:47:04.9474510Z ld: warning: object file (lib/libcrypto.a[217](set_key.o)) was built for newer 'iOS' version (14.0) than being linked (13.0)
2026-06-03T08:47:04.9475130Z ld: warning: object file (lib/libcrypto.a[219](xcbc_enc.o)) was built for newer 'iOS' version (14.0) than being linked (13.0)
2026-06-03T08:47:04.9475930Z ld: warning: object file (lib/libcrypto.a[220](dh_ameth.o)) was built for newer 'iOS' version (14.0) than being linked (13.0)
2026-06-03T08:47:04.9476580Z ld: warning: object file (lib/libcrypto.a[221](dh_asn1.o)) was built for newer 'iOS' version (14.0) than being linked (13.0)
2026-06-03T08:47:04.9477220Z ld: warning: object file (lib/libcrypto.a[222](dh_check.o)) was built for newer 'iOS' version (14.0) than being linked (13.0)
2026-06-03T08:47:04.9478020Z ld: warning: object file (lib/libcrypto.a[224](dh_err.o)) was built for newer 'iOS' version (14.0) than being linked (13.0)
2026-06-03T08:47:04.9478650Z ld: warning: object file (lib/libcrypto.a[225](dh_gen.o)) was built for newer 'iOS' version (14.0) than being linked (13.0)
2026-06-03T08:47:04.9479250Z ld: warning: object file (lib/libcrypto.a[226](dh_kdf.o)) was built for newer 'iOS' version (14.0) than being linked (13.0)
2026-06-03T08:47:04.9479840Z ld: warning: object file (lib/libcrypto.a[227](dh_key.o)) was built for newer 'iOS' version (14.0) than being linked (13.0)
2026-06-03T08:47:04.9480450Z ld: warning: object file (lib/libcrypto.a[228](dh_lib.o)) was built for newer 'iOS' version (14.0) than being linked (13.0)
2026-06-03T08:47:04.9481060Z ld: warning: object file (lib/libcrypto.a[230](dh_pmeth.o)) was built for newer 'iOS' version (14.0) than being linked (13.0)
2026-06-03T08:47:04.9481690Z ld: warning: object file (lib/libcrypto.a[232](dh_rfc5114.o)) was built for newer 'iOS' version (14.0) than being linked (13.0)
2026-06-03T08:47:04.9482390Z ld: warning: object file (lib/libcrypto.a[233](dh_rfc7919.o)) was built for newer 'iOS' version (14.0) than being linked (13.0)
2026-06-03T08:47:04.9483030Z ld: warning: object file (lib/libcrypto.a[234](dsa_ameth.o)) was built for newer 'iOS' version (14.0) than being linked (13.0)
2026-06-03T08:47:04.9483650Z ld: warning: object file (lib/libcrypto.a[235](dsa_asn1.o)) was built for newer 'iOS' version (14.0) than being linked (13.0)
2026-06-03T08:47:04.9484240Z ld: warning: object file (lib/libcrypto.a[237](dsa_err.o)) was built for newer 'iOS' version (14.0) than being linked (13.0)
2026-06-03T08:47:04.9484820Z ld: warning: object file (lib/libcrypto.a[238](dsa_gen.o)) was built for newer 'iOS' version (14.0) than being linked (13.0)
2026-06-03T08:47:04.9485400Z ld: warning: object file (lib/libcrypto.a[239](dsa_key.o)) was built for newer 'iOS' version (14.0) than being linked (13.0)
2026-06-03T08:47:04.9485970Z ld: warning: object file (lib/libcrypto.a[240](dsa_lib.o)) was built for newer 'iOS' version (14.0) than being linked (13.0)
2026-06-03T08:47:04.9486550Z ld: warning: object file (lib/libcrypto.a[242](dsa_ossl.o)) was built for newer 'iOS' version (14.0) than being linked (13.0)
2026-06-03T08:47:04.9487150Z ld: warning: object file (lib/libcrypto.a[243](dsa_pmeth.o)) was built for newer 'iOS' version (14.0) than being linked (13.0)
2026-06-03T08:47:04.9487790Z ld: warning: object file (lib/libcrypto.a[245](dsa_sign.o)) was built for newer 'iOS' version (14.0) than being linked (13.0)
2026-06-03T08:47:04.9488400Z ld: warning: object file (lib/libcrypto.a[246](dsa_vrf.o)) was built for newer 'iOS' version (14.0) than being linked (13.0)
2026-06-03T08:47:04.9489070Z ld: warning: object file (lib/libcrypto.a[248](dso_dlfcn.o)) was built for newer 'iOS' version (14.0) than being linked (13.0)
2026-06-03T08:47:04.9489680Z ld: warning: object file (lib/libcrypto.a[249](dso_err.o)) was built for newer 'iOS' version (14.0) than being linked (13.0)
2026-06-03T08:47:04.9490300Z ld: warning: object file (lib/libcrypto.a[250](dso_lib.o)) was built for newer 'iOS' version (14.0) than being linked (13.0)
2026-06-03T08:47:04.9490960Z ld: warning: object file (lib/libcrypto.a[255](curve25519.o)) was built for newer 'iOS' version (14.0) than being linked (13.0)
2026-06-03T08:47:04.9491600Z ld: warning: object file (lib/libcrypto.a[256](f_impl.o)) was built for newer 'iOS' version (14.0) than being linked (13.0)
2026-06-03T08:47:04.9492250Z ld: warning: object file (lib/libcrypto.a[257](curve448.o)) was built for newer 'iOS' version (14.0) than being linked (13.0)
2026-06-03T08:47:04.9492910Z ld: warning: object file (lib/libcrypto.a[258](curve448_tables.o)) was built for newer 'iOS' version (14.0) than being linked (13.0)
2026-06-03T08:47:04.9493570Z ld: warning: object file (lib/libcrypto.a[259](eddsa.o)) was built for newer 'iOS' version (14.0) than being linked (13.0)
2026-06-03T08:47:04.9494350Z ld: warning: object file (lib/libcrypto.a[260](f_generic.o)) was built for newer 'iOS' version (14.0) than being linked (13.0)
2026-06-03T08:47:04.9495010Z ld: warning: object file (lib/libcrypto.a[261](scalar.o)) was built for newer 'iOS' version (14.0) than being linked (13.0)
2026-06-03T08:47:04.9495630Z ld: warning: object file (lib/libcrypto.a[262](ec2_oct.o)) was built for newer 'iOS' version (14.0) than being linked (13.0)
2026-06-03T08:47:04.9496260Z ld: warning: object file (lib/libcrypto.a[263](ec2_smpl.o)) was built for newer 'iOS' version (14.0) than being linked (13.0)
2026-06-03T08:47:04.9496880Z ld: warning: object file (lib/libcrypto.a[264](ec_ameth.o)) was built for newer 'iOS' version (14.0) than being linked (13.0)
2026-06-03T08:47:04.9497490Z ld: warning: object file (lib/libcrypto.a[265](ec_asn1.o)) was built for newer 'iOS' version (14.0) than being linked (13.0)
2026-06-03T08:47:04.9498100Z ld: warning: object file (lib/libcrypto.a[266](ec_check.o)) was built for newer 'iOS' version (14.0) than being linked (13.0)
2026-06-03T08:47:04.9498820Z ld: warning: object file (lib/libcrypto.a[267](ec_curve.o)) was built for newer 'iOS' version (14.0) than being linked (13.0)
2026-06-03T08:47:04.9499450Z ld: warning: object file (lib/libcrypto.a[268](ec_cvt.o)) was built for newer 'iOS' version (14.0) than being linked (13.0)
2026-06-03T08:47:04.9500050Z ld: warning: object file (lib/libcrypto.a[269](ec_err.o)) was built for newer 'iOS' version (14.0) than being linked (13.0)
2026-06-03T08:47:04.9500640Z ld: warning: object file (lib/libcrypto.a[270](ec_key.o)) was built for newer 'iOS' version (14.0) than being linked (13.0)
2026-06-03T08:47:04.9501240Z ld: warning: object file (lib/libcrypto.a[271](ec_kmeth.o)) was built for newer 'iOS' version (14.0) than being linked (13.0)
2026-06-03T08:47:04.9501830Z ld: warning: object file (lib/libcrypto.a[272](ec_lib.o)) was built for newer 'iOS' version (14.0) than being linked (13.0)
2026-06-03T08:47:04.9502410Z ld: warning: object file (lib/libcrypto.a[273](ec_mult.o)) was built for newer 'iOS' version (14.0) than being linked (13.0)
2026-06-03T08:47:04.9502990Z ld: warning: object file (lib/libcrypto.a[274](ec_oct.o)) was built for newer 'iOS' version (14.0) than being linked (13.0)
2026-06-03T08:47:04.9503570Z ld: warning: object file (lib/libcrypto.a[275](ec_pmeth.o)) was built for newer 'iOS' version (14.0) than being linked (13.0)
2026-06-03T08:47:04.9504180Z ld: warning: object file (lib/libcrypto.a[276](ec_print.o)) was built for newer 'iOS' version (14.0) than being linked (13.0)
2026-06-03T08:47:04.9504830Z ld: warning: object file (lib/libcrypto.a[277](ecdh_kdf.o)) was built for newer 'iOS' version (14.0) than being linked (13.0)
2026-06-03T08:47:04.9506050Z [0;34m==> [1;39mGenerating debug symbols for trollvncserver…[m
2026-06-03T08:47:04.9506510Z [0;34m==> [1;39mStripping trollvncserver (arm64)…[m
2026-06-03T08:47:04.9507130Z ld: warning: object file (lib/libcrypto.a[278](ecdh_ossl.o)) was built for newer 'iOS' version (14.0) than being linked (13.0)
2026-06-03T08:47:04.9507830Z ld: warning: object file (lib/libcrypto.a[279](ecdsa_ossl.o)) was built for newer 'iOS' version (14.0) than being linked (13.0)
2026-06-03T08:47:04.9508490Z ld: warning: object file (lib/libcrypto.a[280](ecdsa_sign.o)) was built for newer 'iOS' version (14.0) than being linked (13.0)
2026-06-03T08:47:04.9509120Z ld: warning: object file (lib/libcrypto.a[281](ecdsa_vrf.o)) was built for newer 'iOS' version (14.0) than being linked (13.0)
2026-06-03T08:47:04.9509740Z ld: warning: object file (lib/libcrypto.a[282](eck_prn.o)) was built for newer 'iOS' version (14.0) than being linked (13.0)
2026-06-03T08:47:04.9510390Z ld: warning: object file (lib/libcrypto.a[283](ecp_mont.o)) was built for newer 'iOS' version (14.0) than being linked (13.0)
2026-06-03T08:47:04.9511110Z ld: warning: object file (lib/libcrypto.a[284](ecp_nist.o)) was built for newer 'iOS' version (14.0) than being linked (13.0)
2026-06-03T08:47:04.9511920Z ld: warning: object file (lib/libcrypto.a[289](ecp_oct.o)) was built for newer 'iOS' version (14.0) than being linked (13.0)
2026-06-03T08:47:04.9512560Z ld: warning: object file (lib/libcrypto.a[290](ecp_smpl.o)) was built for newer 'iOS' version (14.0) than being linked (13.0)
2026-06-03T08:47:04.9513170Z ld: warning: object file (lib/libcrypto.a[291](ecx_meth.o)) was built for newer 'iOS' version (14.0) than being linked (13.0)
2026-06-03T08:47:04.9513880Z ld: warning: object file (lib/libcrypto.a[292](err.o)) was built for newer 'iOS' version (14.0) than being linked (13.0)
2026-06-03T08:47:04.9514590Z ld: warning: object file (lib/libcrypto.a[293](err_all.o)) was built for newer 'iOS' version (14.0) than being linked (13.0)
2026-06-03T08:47:04.9515320Z ld: warning: object file (lib/libcrypto.a[294](err_prn.o)) was built for newer 'iOS' version (14.0) than being linked (13.0)
2026-06-03T08:47:04.9516080Z ld: warning: object file (lib/libcrypto.a[295](bio_b64.o)) was built for newer 'iOS' version (14.0) than being linked (13.0)
2026-06-03T08:47:04.9516850Z ld: warning: object file (lib/libcrypto.a[296](bio_enc.o)) was built for newer 'iOS' version (14.0) than being linked (13.0)
2026-06-03T08:47:04.9517560Z ld: warning: object file (lib/libcrypto.a[297](bio_md.o)) was built for newer 'iOS' version (14.0) than being linked (13.0)
2026-06-03T08:47:04.9518220Z ld: warning: object file (lib/libcrypto.a[299](c_allc.o)) was built for newer 'iOS' version (14.0) than being linked (13.0)
2026-06-03T08:47:04.9518860Z ld: warning: object file (lib/libcrypto.a[300](c_alld.o)) was built for newer 'iOS' version (14.0) than being linked (13.0)
2026-06-03T08:47:04.9519500Z ld: warning: object file (lib/libcrypto.a[302](digest.o)) was built for newer 'iOS' version (14.0) than being linked (13.0)
2026-06-03T08:47:04.9520190Z ld: warning: object file (lib/libcrypto.a[303](e_aes.o)) was built for newer 'iOS' version (14.0) than being linked (13.0)
2026-06-03T08:47:04.9520940Z ld: warning: object file (lib/libcrypto.a[304](e_aes_cbc_hmac_sha1.o)) was built for newer 'iOS' version (14.0) than being linked (13.0)
2026-06-03T08:47:04.9528190Z ld: warning: object file (lib/libcrypto.a[305](e_aes_cbc_hmac_sha256.o)) was built for newer 'iOS' version (14.0) than being linked (13.0)
2026-06-03T08:47:04.9528940Z ld: warning: object file (lib/libcrypto.a[306](e_aria.o)) was built for newer 'iOS' version (14.0) than being linked (13.0)
2026-06-03T08:47:04.9529560Z ld: warning: object file (lib/libcrypto.a[307](e_bf.o)) was built for newer 'iOS' version (14.0) than being linked (13.0)
2026-06-03T08:47:04.9530180Z ld: warning: object file (lib/libcrypto.a[308](e_camellia.o)) was built for newer 'iOS' version (14.0) than being linked (13.0)
2026-06-03T08:47:04.9530810Z ld: warning: object file (lib/libcrypto.a[309](e_cast.o)) was built for newer 'iOS' version (14.0) than being linked (13.0)
2026-06-03T08:47:04.9531620Z ld: warning: object file (lib/libcrypto.a[310](e_chacha20_poly1305.o)) was built for newer 'iOS' version (14.0) than being linked (13.0)
2026-06-03T08:47:04.9532260Z ld: warning: object file (lib/libcrypto.a[311](e_des.o)) was built for newer 'iOS' version (14.0) than being linked (13.0)
2026-06-03T08:47:04.9532860Z ld: warning: object file (lib/libcrypto.a[312](e_des3.o)) was built for newer 'iOS' version (14.0) than being linked (13.0)
2026-06-03T08:47:04.9533480Z ld: warning: object file (lib/libcrypto.a[313](e_idea.o)) was built for newer 'iOS' version (14.0) than being linked (13.0)
2026-06-03T08:47:04.9534070Z ld: warning: object file (lib/libcrypto.a[314](e_null.o)) was built for newer 'iOS' version (14.0) than being linked (13.0)
2026-06-03T08:47:04.9534690Z ld: warning: object file (lib/libcrypto.a[316](e_rc2.o)) was built for newer 'iOS' version (14.0) than being linked (13.0)
2026-06-03T08:47:04.9535290Z ld: warning: object file (lib/libcrypto.a[317](e_rc4.o)) was built for newer 'iOS' version (14.0) than being linked (13.0)
2026-06-03T08:47:04.9535900Z ld: warning: object file (lib/libcrypto.a[318](e_rc4_hmac_md5.o)) was built for newer 'iOS' version (14.0) than being linked (13.0)
2026-06-03T08:47:04.9536720Z ld: warning: object file (lib/libcrypto.a[320](e_seed.o)) was built for newer 'iOS' version (14.0) than being linked (13.0)
2026-06-03T08:47:04.9537370Z ld: warning: object file (lib/libcrypto.a[321](e_sm4.o)) was built for newer 'iOS' version (14.0) than being linked (13.0)
2026-06-03T08:47:04.9537980Z ld: warning: object file (lib/libcrypto.a[322](e_xcbc_d.o)) was built for newer 'iOS' version (14.0) than being linked (13.0)
2026-06-03T08:47:04.9538640Z ld: warning: object file (lib/libcrypto.a[323](encode.o)) was built for newer 'iOS' version (14.0) than being linked (13.0)
2026-06-03T08:47:04.9539300Z ld: warning: object file (lib/libcrypto.a[324](evp_cnf.o)) was built for newer 'iOS' version (14.0) than being linked (13.0)
2026-06-03T08:47:04.9539940Z ld: warning: object file (lib/libcrypto.a[325](evp_enc.o)) was built for newer 'iOS' version (14.0) than being linked (13.0)
2026-06-03T08:47:04.9540580Z ld: warning: object file (lib/libcrypto.a[326](evp_err.o)) was built for newer 'iOS' version (14.0) than being linked (13.0)
2026-06-03T08:47:04.9541280Z ld: warning: object file (lib/libcrypto.a[327](evp_key.o)) was built for newer 'iOS' version (14.0) than being linked (13.0)
2026-06-03T08:47:04.9541880Z ld: warning: object file (lib/libcrypto.a[328](evp_lib.o)) was built for newer 'iOS' version (14.0) than being linked (13.0)
2026-06-03T08:47:04.9542480Z ld: warning: object file (lib/libcrypto.a[329](evp_pbe.o)) was built for newer 'iOS' version (14.0) than being linked (13.0)
2026-06-03T08:47:04.9543120Z ld: warning: object file (lib/libcrypto.a[330](evp_pkey.o)) was built for newer 'iOS' version (14.0) than being linked (13.0)
2026-06-03T08:47:04.9543760Z ld: warning: object file (lib/libcrypto.a[332](m_md4.o)) was built for newer 'iOS' version (14.0) than being linked (13.0)
2026-06-03T08:47:04.9544380Z ld: warning: object file (lib/libcrypto.a[333](m_md5.o)) was built for newer 'iOS' version (14.0) than being linked (13.0)
2026-06-03T08:47:04.9545000Z ld: warning: object file (lib/libcrypto.a[334](m_md5_sha1.o)) was built for newer 'iOS' version (14.0) than being linked (13.0)
2026-06-03T08:47:04.9545610Z ld: warning: object file (lib/libcrypto.a[335](m_mdc2.o)) was built for newer 'iOS' version (14.0) than being linked (13.0)
2026-06-03T08:47:04.9546210Z ld: warning: object file (lib/libcrypto.a[336](m_null.o)) was built for newer 'iOS' version (14.0) than being linked (13.0)
2026-06-03T08:47:04.9546850Z ld: warning: object file (lib/libcrypto.a[337](m_ripemd.o)) was built for newer 'iOS' version (14.0) than being linked (13.0)
2026-06-03T08:47:04.9547470Z ld: warning: object file (lib/libcrypto.a[338](m_sha1.o)) was built for newer 'iOS' version (14.0) than being linked (13.0)
2026-06-03T08:47:04.9548100Z ld: warning: object file (lib/libcrypto.a[339](m_sha3.o)) was built for newer 'iOS' version (14.0) than being linked (13.0)
2026-06-03T08:47:04.9548810Z ld: warning: object file (lib/libcrypto.a[340](m_sigver.o)) was built for newer 'iOS' version (14.0) than being linked (13.0)
2026-06-03T08:47:04.9549440Z ld: warning: object file (lib/libcrypto.a[341](m_wp.o)) was built for newer 'iOS' version (14.0) than being linked (13.0)
2026-06-03T08:47:04.9550070Z ld: warning: object file (lib/libcrypto.a[342](names.o)) was built for newer 'iOS' version (14.0) than being linked (13.0)
2026-06-03T08:47:04.9550760Z ld: warning: object file (lib/libcrypto.a[343](p5_crpt.o)) was built for newer 'iOS' version (14.0) than being linked (13.0)
2026-06-03T08:47:04.9551540Z ld: warning: object file (lib/libcrypto.a[344](p5_crpt2.o)) was built for newer 'iOS' version (14.0) than being linked (13.0)
2026-06-03T08:47:04.9552170Z ld: warning: object file (lib/libcrypto.a[347](p_lib.o)) was built for newer 'iOS' version (14.0) than being linked (13.0)
2026-06-03T08:47:04.9552820Z ld: warning: object file (lib/libcrypto.a[350](p_sign.o)) was built for newer 'iOS' version (14.0) than being linked (13.0)
2026-06-03T08:47:04.9553610Z ld: warning: object file (lib/libcrypto.a[351](p_verify.o)) was built for newer 'iOS' version (14.0) than being linked (13.0)
2026-06-03T08:47:04.9554290Z ld: warning: object file (lib/libcrypto.a[352](pbe_scrypt.o)) was built for newer 'iOS' version (14.0) than being linked (13.0)
2026-06-03T08:47:04.9554970Z ld: warning: object file (lib/libcrypto.a[353](pmeth_fn.o)) was built for newer 'iOS' version (14.0) than being linked (13.0)
2026-06-03T08:47:04.9555610Z ld: warning: object file (lib/libcrypto.a[354](pmeth_gn.o)) was built for newer 'iOS' version (14.0) than being linked (13.0)
2026-06-03T08:47:04.9556270Z ld: warning: object file (lib/libcrypto.a[355](pmeth_lib.o)) was built for newer 'iOS' version (14.0) than being linked (13.0)
2026-06-03T08:47:04.9556930Z ld: warning: object file (lib/libcrypto.a[356](ex_data.o)) was built for newer 'iOS' version (14.0) than being linked (13.0)
2026-06-03T08:47:04.9557600Z ld: warning: object file (lib/libcrypto.a[357](getenv.o)) was built for newer 'iOS' version (14.0) than being linked (13.0)
2026-06-03T08:47:04.9558340Z ld: warning: object file (lib/libcrypto.a[358](hm_ameth.o)) was built for newer 'iOS' version (14.0) than being linked (13.0)
2026-06-03T08:47:04.9559000Z ld: warning: object file (lib/libcrypto.a[359](hm_pmeth.o)) was built for newer 'iOS' version (14.0) than being linked (13.0)
2026-06-03T08:47:04.9559650Z ld: warning: object file (lib/libcrypto.a[360](hmac.o)) was built for newer 'iOS' version (14.0) than being linked (13.0)
2026-06-03T08:47:04.9560290Z ld: warning: object file (lib/libcrypto.a[361](i_cbc.o)) was built for newer 'iOS' version (14.0) than being linked (13.0)
2026-06-03T08:47:04.9560940Z ld: warning: object file (lib/libcrypto.a[362](i_cfb64.o)) was built for newer 'iOS' version (14.0) than being linked (13.0)
2026-06-03T08:47:04.9561570Z ld: warning: object file (lib/libcrypto.a[363](i_ecb.o)) was built for newer 'iOS' version (14.0) than being linked (13.0)
2026-06-03T08:47:04.9562190Z ld: warning: object file (lib/libcrypto.a[364](i_ofb64.o)) was built for newer 'iOS' version (14.0) than being linked (13.0)
2026-06-03T08:47:04.9562830Z ld: warning: object file (lib/libcrypto.a[365](i_skey.o)) was built for newer 'iOS' version (14.0) than being linked (13.0)
2026-06-03T08:47:04.9563430Z ld: warning: object file (lib/libcrypto.a[366](init.o)) was built for newer 'iOS' version (14.0) than being linked (13.0)
2026-06-03T08:47:04.9564050Z ld: warning: object file (lib/libcrypto.a[367](hkdf.o)) was built for newer 'iOS' version (14.0) than being linked (13.0)
2026-06-03T08:47:04.9564650Z ld: warning: object file (lib/libcrypto.a[368](kdf_err.o)) was built for newer 'iOS' version (14.0) than being linked (13.0)
2026-06-03T08:47:04.9565280Z ld: warning: object file (lib/libcrypto.a[369](scrypt.o)) was built for newer 'iOS' version (14.0) than being linked (13.0)
2026-06-03T08:47:04.9565960Z ld: warning: object file (lib/libcrypto.a[370](tls1_prf.o)) was built for newer 'iOS' version (14.0) than being linked (13.0)
2026-06-03T08:47:04.9566580Z ld: warning: object file (lib/libcrypto.a[372](lhash.o)) was built for newer 'iOS' version (14.0) than being linked (13.0)
2026-06-03T08:47:04.9567230Z ld: warning: object file (lib/libcrypto.a[373](md4_dgst.o)) was built for newer 'iOS' version (14.0) than being linked (13.0)
2026-06-03T08:47:04.9567890Z ld: warning: object file (lib/libcrypto.a[375](md5_dgst.o)) was built for newer 'iOS' version (14.0) than being linked (13.0)
2026-06-03T08:47:04.9568530Z ld: warning: object file (lib/libcrypto.a[378](mdc2dgst.o)) was built for newer 'iOS' version (14.0) than being linked (13.0)
2026-06-03T08:47:04.9570080Z ld: warning: object file (lib/libcrypto.a[379](mem.o)) was built for newer 'iOS' version (14.0) than being linked (13.0)
2026-06-03T08:47:04.9570760Z ld: warning: object file (lib/libcrypto.a[380](mem_clr.o)) was built for newer 'iOS' version (14.0) than being linked (13.0)
2026-06-03T08:47:04.9571420Z ld: warning: object file (lib/libcrypto.a[381](mem_dbg.o)) was built for newer 'iOS' version (14.0) than being linked (13.0)
2026-06-03T08:47:04.9572380Z ld: warning: object file (lib/libcrypto.a[382](mem_sec.o)) was built for newer 'iOS' version (14.0) than being linked (13.0)
2026-06-03T08:47:04.9573020Z ld: warning: object file (lib/libcrypto.a[383](cbc128.o)) was built for newer 'iOS' version (14.0) than being linked (13.0)
2026-06-03T08:47:04.9573660Z ld: warning: object file (lib/libcrypto.a[384](ccm128.o)) was built for newer 'iOS' version (14.0) than being linked (13.0)
2026-06-03T08:47:04.9574270Z ld: warning: object file (lib/libcrypto.a[385](cfb128.o)) was built for newer 'iOS' version (14.0) than being linked (13.0)
2026-06-03T08:47:04.9575270Z ld: warning: object file (lib/libcrypto.a[386](ctr128.o)) was built for newer 'iOS' version (14.0) than being linked (13.0)
2026-06-03T08:47:04.9575870Z ld: warning: object file (lib/libcrypto.a[388](gcm128.o)) was built for newer 'iOS' version (14.0) than being linked (13.0)
2026-06-03T08:47:04.9576500Z ld: warning: object file (lib/libcrypto.a[389](ocb128.o)) was built for newer 'iOS' version (14.0) than being linked (13.0)
2026-06-03T08:47:04.9577270Z ld: warning: object file (lib/libcrypto.a[390](ofb128.o)) was built for newer 'iOS' version (14.0) than being linked (13.0)
2026-06-03T08:47:04.9577880Z ld: warning: object file (lib/libcrypto.a[391](wrap128.o)) was built for newer 'iOS' version (14.0) than being linked (13.0)
2026-06-03T08:47:04.9578480Z ld: warning: object file (lib/libcrypto.a[392](xts128.o)) was built for newer 'iOS' version (14.0) than being linked (13.0)
2026-06-03T08:47:04.9579100Z ld: warning: object file (lib/libcrypto.a[393](o_dir.o)) was built for newer 'iOS' version (14.0) than being linked (13.0)
2026-06-03T08:47:04.9579710Z ld: warning: object file (lib/libcrypto.a[395](o_fopen.o)) was built for newer 'iOS' version (14.0) than being linked (13.0)
2026-06-03T08:47:04.9580350Z ld: warning: object file (lib/libcrypto.a[397](o_str.o)) was built for newer 'iOS' version (14.0) than being linked (13.0)
2026-06-03T08:47:04.9580960Z ld: warning: object file (lib/libcrypto.a[398](o_time.o)) was built for newer 'iOS' version (14.0) than being linked (13.0)
2026-06-03T08:47:04.9581710Z ld: warning: object file (lib/libcrypto.a[399](o_names.o)) was built for newer 'iOS' version (14.0) than being linked (13.0)
2026-06-03T08:47:04.9582510Z ld: warning: object file (lib/libcrypto.a[400](obj_dat.o)) was built for newer 'iOS' version (14.0) than being linked (13.0)
2026-06-03T08:47:04.9583310Z ld: warning: object file (lib/libcrypto.a[401](obj_err.o)) was built for newer 'iOS' version (14.0) than being linked (13.0)
2026-06-03T08:47:04.9584060Z ld: warning: object file (lib/libcrypto.a[402](obj_lib.o)) was built for newer 'iOS' version (14.0) than being linked (13.0)
2026-06-03T08:47:04.9584690Z ld: warning: object file (lib/libcrypto.a[403](obj_xref.o)) was built for newer 'iOS' version (14.0) than being linked (13.0)
2026-06-03T08:47:04.9585410Z ld: warning: object file (lib/libcrypto.a[404](ocsp_asn.o)) was built for newer 'iOS' version (14.0) than being linked (13.0)
2026-06-03T08:47:04.9586070Z ld: warning: object file (lib/libcrypto.a[405](ocsp_cl.o)) was built for newer 'iOS' version (14.0) than being linked (13.0)
2026-06-03T08:47:04.9586700Z ld: warning: object file (lib/libcrypto.a[406](ocsp_err.o)) was built for newer 'iOS' version (14.0) than being linked (13.0)
2026-06-03T08:47:04.9587700Z ld: warning: object file (lib/libcrypto.a[407](ocsp_ext.o)) was built for newer 'iOS' version (14.0) than being linked (13.0)
2026-06-03T08:47:04.9588330Z ld: warning: object file (lib/libcrypto.a[408](ocsp_ht.o)) was built for newer 'iOS' version (14.0) than being linked (13.0)
2026-06-03T08:47:04.9588950Z ld: warning: object file (lib/libcrypto.a[409](ocsp_lib.o)) was built for newer 'iOS' version (14.0) than being linked (13.0)
2026-06-03T08:47:04.9589630Z ld: warning: object file (lib/libcrypto.a[413](v3_ocsp.o)) was built for newer 'iOS' version (14.0) than being linked (13.0)
2026-06-03T08:47:04.9590320Z ld: warning: object file (lib/libcrypto.a[414](pem_all.o)) was built for newer 'iOS' version (14.0) than being linked (13.0)
2026-06-03T08:47:04.9591220Z ld: warning: object file (lib/libcrypto.a[415](pem_err.o)) was built for newer 'iOS' version (14.0) than being linked (13.0)
2026-06-03T08:47:04.9591890Z ld: warning: object file (lib/libcrypto.a[416](pem_info.o)) was built for newer 'iOS' version (14.0) than being linked (13.0)
2026-06-03T08:47:04.9592530Z ld: warning: object file (lib/libcrypto.a[417](pem_lib.o)) was built for newer 'iOS' version (14.0) than being linked (13.0)
2026-06-03T08:47:04.9593180Z ld: warning: object file (lib/libcrypto.a[418](pem_oth.o)) was built for newer 'iOS' version (14.0) than being linked (13.0)
2026-06-03T08:47:04.9593780Z ld: warning: object file (lib/libcrypto.a[419](pem_pk8.o)) was built for newer 'iOS' version (14.0) than being linked (13.0)
2026-06-03T08:47:04.9594410Z ld: warning: object file (lib/libcrypto.a[420](pem_pkey.o)) was built for newer 'iOS' version (14.0) than being linked (13.0)
2026-06-03T08:47:04.9595040Z ld: warning: object file (lib/libcrypto.a[422](pem_x509.o)) was built for newer 'iOS' version (14.0) than being linked (13.0)
2026-06-03T08:47:04.9595740Z ld: warning: object file (lib/libcrypto.a[423](pem_xaux.o)) was built for newer 'iOS' version (14.0) than being linked (13.0)
2026-06-03T08:47:04.9596380Z ld: warning: object file (lib/libcrypto.a[425](p12_add.o)) was built for newer 'iOS' version (14.0) than being linked (13.0)
2026-06-03T08:47:04.9596990Z ld: warning: object file (lib/libcrypto.a[426](p12_asn.o)) was built for newer 'iOS' version (14.0) than being linked (13.0)
2026-06-03T08:47:04.9597590Z ld: warning: object file (lib/libcrypto.a[427](p12_attr.o)) was built for newer 'iOS' version (14.0) than being linked (13.0)
2026-06-03T08:47:04.9598190Z ld: warning: object file (lib/libcrypto.a[428](p12_crpt.o)) was built for newer 'iOS' version (14.0) than being linked (13.0)
2026-06-03T08:47:04.9598800Z ld: warning: object file (lib/libcrypto.a[430](p12_decr.o)) was built for newer 'iOS' version (14.0) than being linked (13.0)
2026-06-03T08:47:04.9599430Z ld: warning: object file (lib/libcrypto.a[432](p12_key.o)) was built for newer 'iOS' version (14.0) than being linked (13.0)
2026-06-03T08:47:04.9600050Z ld: warning: object file (lib/libcrypto.a[433](p12_kiss.o)) was built for newer 'iOS' version (14.0) than being linked (13.0)
2026-06-03T08:47:04.9600650Z ld: warning: object file (lib/libcrypto.a[434](p12_mutl.o)) was built for newer 'iOS' version (14.0) than being linked (13.0)
2026-06-03T08:47:04.9601260Z ld: warning: object file (lib/libcrypto.a[436](p12_p8d.o)) was built for newer 'iOS' version (14.0) than being linked (13.0)
2026-06-03T08:47:04.9601850Z ld: warning: object file (lib/libcrypto.a[437](p12_p8e.o)) was built for newer 'iOS' version (14.0) than being linked (13.0)
2026-06-03T08:47:04.9602430Z ld: warning: object file (lib/libcrypto.a[438](p12_sbag.o)) was built for newer 'iOS' version (14.0) than being linked (13.0)
2026-06-03T08:47:04.9603070Z ld: warning: object file (lib/libcrypto.a[439](p12_utl.o)) was built for newer 'iOS' version (14.0) than being linked (13.0)
2026-06-03T08:47:04.9603670Z ld: warning: object file (lib/libcrypto.a[440](pk12err.o)) was built for newer 'iOS' version (14.0) than being linked (13.0)
2026-06-03T08:47:04.9604260Z ld: warning: object file (lib/libcrypto.a[442](pk7_asn1.o)) was built for newer 'iOS' version (14.0) than being linked (13.0)
2026-06-03T08:47:04.9604880Z ld: warning: object file (lib/libcrypto.a[443](pk7_attr.o)) was built for newer 'iOS' version (14.0) than being linked (13.0)
2026-06-03T08:47:04.9605500Z ld: warning: object file (lib/libcrypto.a[444](pk7_doit.o)) was built for newer 'iOS' version (14.0) than being linked (13.0)
2026-06-03T08:47:04.9606130Z ld: warning: object file (lib/libcrypto.a[445](pk7_lib.o)) was built for newer 'iOS' version (14.0) than being linked (13.0)
2026-06-03T08:47:04.9606740Z ld: warning: object file (lib/libcrypto.a[448](pkcs7err.o)) was built for newer 'iOS' version (14.0) than being linked (13.0)
2026-06-03T08:47:04.9607500Z ld: warning: object file (lib/libcrypto.a[449](poly1305.o)) was built for newer 'iOS' version (14.0) than being linked (13.0)
2026-06-03T08:47:04.9608190Z ld: warning: object file (lib/libcrypto.a[450](poly1305_ameth.o)) was built for newer 'iOS' version (14.0) than being linked (13.0)
2026-06-03T08:47:04.9608880Z ld: warning: object file (lib/libcrypto.a[451](poly1305_pmeth.o)) was built for newer 'iOS' version (14.0) than being linked (13.0)
2026-06-03T08:47:04.9609570Z ld: warning: object file (lib/libcrypto.a[452](drbg_ctr.o)) was built for newer 'iOS' version (14.0) than being linked (13.0)
2026-06-03T08:47:04.9610280Z ld: warning: object file (lib/libcrypto.a[453](drbg_lib.o)) was built for newer 'iOS' version (14.0) than being linked (13.0)
2026-06-03T08:47:04.9610890Z ld: warning: object file (lib/libcrypto.a[455](rand_err.o)) was built for newer 'iOS' version (14.0) than being linked (13.0)
2026-06-03T08:47:04.9611500Z ld: warning: object file (lib/libcrypto.a[456](rand_lib.o)) was built for newer 'iOS' version (14.0) than being linked (13.0)
2026-06-03T08:47:04.9612210Z ld: warning: object file (lib/libcrypto.a[457](rand_unix.o)) was built for newer 'iOS' version (14.0) than being linked (13.0)
2026-06-03T08:47:04.9612820Z ld: warning: object file (lib/libcrypto.a[461](rc2_cbc.o)) was built for newer 'iOS' version (14.0) than being linked (13.0)
2026-06-03T08:47:04.9613430Z ld: warning: object file (lib/libcrypto.a[462](rc2_ecb.o)) was built for newer 'iOS' version (14.0) than being linked (13.0)
2026-06-03T08:47:04.9614050Z ld: warning: object file (lib/libcrypto.a[463](rc2_skey.o)) was built for newer 'iOS' version (14.0) than being linked (13.0)
2026-06-03T08:47:04.9614680Z ld: warning: object file (lib/libcrypto.a[464](rc2cfb64.o)) was built for newer 'iOS' version (14.0) than being linked (13.0)
2026-06-03T08:47:04.9615290Z ld: warning: object file (lib/libcrypto.a[465](rc2ofb64.o)) was built for newer 'iOS' version (14.0) than being linked (13.0)
2026-06-03T08:47:04.9615890Z ld: warning: object file (lib/libcrypto.a[466](rc4_enc.o)) was built for newer 'iOS' version (14.0) than being linked (13.0)
2026-06-03T08:47:04.9616500Z ld: warning: object file (lib/libcrypto.a[467](rc4_skey.o)) was built for newer 'iOS' version (14.0) than being linked (13.0)
2026-06-03T08:47:04.9617150Z ld: warning: object file (lib/libcrypto.a[468](rmd_dgst.o)) was built for newer 'iOS' version (14.0) than being linked (13.0)
2026-06-03T08:47:04.9617760Z ld: warning: object file (lib/libcrypto.a[470](rsa_ameth.o)) was built for newer 'iOS' version (14.0) than being linked (13.0)
2026-06-03T08:47:04.9618360Z ld: warning: object file (lib/libcrypto.a[471](rsa_asn1.o)) was built for newer 'iOS' version (14.0) than being linked (13.0)
2026-06-03T08:47:04.9618970Z ld: warning: object file (lib/libcrypto.a[472](rsa_chk.o)) was built for newer 'iOS' version (14.0) than being linked (13.0)
2026-06-03T08:47:04.9619610Z ld: warning: object file (lib/libcrypto.a[473](rsa_crpt.o)) was built for newer 'iOS' version (14.0) than being linked (13.0)
2026-06-03T08:47:04.9620200Z ld: warning: object file (lib/libcrypto.a[475](rsa_err.o)) was built for newer 'iOS' version (14.0) than being linked (13.0)
2026-06-03T08:47:04.9620780Z ld: warning: object file (lib/libcrypto.a[476](rsa_gen.o)) was built for newer 'iOS' version (14.0) than being linked (13.0)
2026-06-03T08:47:04.9621360Z ld: warning: object file (lib/libcrypto.a[477](rsa_lib.o)) was built for newer 'iOS' version (14.0) than being linked (13.0)
2026-06-03T08:47:04.9621960Z ld: warning: object file (lib/libcrypto.a[479](rsa_mp.o)) was built for newer 'iOS' version (14.0) than being linked (13.0)
2026-06-03T08:47:04.9622600Z ld: warning: object file (lib/libcrypto.a[480](rsa_none.o)) was built for newer 'iOS' version (14.0) than being linked (13.0)
2026-06-03T08:47:04.9623210Z ld: warning: object file (lib/libcrypto.a[481](rsa_oaep.o)) was built for newer 'iOS' version (14.0) than being linked (13.0)
2026-06-03T08:47:04.9623830Z ld: warning: object file (lib/libcrypto.a[482](rsa_ossl.o)) was built for newer 'iOS' version (14.0) than being linked (13.0)
2026-06-03T08:47:04.9624580Z ld: warning: object file (lib/libcrypto.a[483](rsa_pk1.o)) was built for newer 'iOS' version (14.0) than being linked (13.0)
2026-06-03T08:47:04.9625260Z ld: warning: object file (lib/libcrypto.a[484](rsa_pmeth.o)) was built for newer 'iOS' version (14.0) than being linked (13.0)
2026-06-03T08:47:04.9625890Z ld: warning: object file (lib/libcrypto.a[486](rsa_pss.o)) was built for newer 'iOS' version (14.0) than being linked (13.0)
2026-06-03T08:47:04.9626520Z ld: warning: object file (lib/libcrypto.a[487](rsa_saos.o)) was built for newer 'iOS' version (14.0) than being linked (13.0)
2026-06-03T08:47:04.9627150Z ld: warning: object file (lib/libcrypto.a[488](rsa_sign.o)) was built for newer 'iOS' version (14.0) than being linked (13.0)
2026-06-03T08:47:04.9627760Z ld: warning: object file (lib/libcrypto.a[489](rsa_ssl.o)) was built for newer 'iOS' version (14.0) than being linked (13.0)
2026-06-03T08:47:04.9628390Z ld: warning: object file (lib/libcrypto.a[490](rsa_x931.o)) was built for newer 'iOS' version (14.0) than being linked (13.0)
2026-06-03T08:47:04.9629070Z ld: warning: object file (lib/libcrypto.a[492](seed.o)) was built for newer 'iOS' version (14.0) than being linked (13.0)
2026-06-03T08:47:04.9629690Z ld: warning: object file (lib/libcrypto.a[493](seed_cbc.o)) was built for newer 'iOS' version (14.0) than being linked (13.0)
2026-06-03T08:47:04.9630310Z ld: warning: object file (lib/libcrypto.a[494](seed_cfb.o)) was built for newer 'iOS' version (14.0) than being linked (13.0)
2026-06-03T08:47:04.9630950Z ld: warning: object file (lib/libcrypto.a[495](seed_ecb.o)) was built for newer 'iOS' version (14.0) than being linked (13.0)
2026-06-03T08:47:04.9631580Z ld: warning: object file (lib/libcrypto.a[496](seed_ofb.o)) was built for newer 'iOS' version (14.0) than being linked (13.0)
2026-06-03T08:47:04.9632190Z ld: warning: object file (lib/libcrypto.a[497](keccak1600.o)) was built for newer 'iOS' version (14.0) than being linked (13.0)
2026-06-03T08:47:04.9632810Z ld: warning: object file (lib/libcrypto.a[498](sha1_one.o)) was built for newer 'iOS' version (14.0) than being linked (13.0)
2026-06-03T08:47:04.9633430Z ld: warning: object file (lib/libcrypto.a[499](sha1dgst.o)) was built for newer 'iOS' version (14.0) than being linked (13.0)
2026-06-03T08:47:04.9634040Z ld: warning: object file (lib/libcrypto.a[500](sha256.o)) was built for newer 'iOS' version (14.0) than being linked (13.0)
2026-06-03T08:47:04.9634670Z ld: warning: object file (lib/libcrypto.a[501](sha512.o)) was built for newer 'iOS' version (14.0) than being linked (13.0)
2026-06-03T08:47:04.9635310Z ld: warning: object file (lib/libcrypto.a[502](siphash.o)) was built for newer 'iOS' version (14.0) than being linked (13.0)
2026-06-03T08:47:04.9635950Z ld: warning: object file (lib/libcrypto.a[503](siphash_ameth.o)) was built for newer 'iOS' version (14.0) than being linked (13.0)
2026-06-03T08:47:04.9636810Z ld: warning: object file (lib/libcrypto.a[504](siphash_pmeth.o)) was built for newer 'iOS' version (14.0) than being linked (13.0)
2026-06-03T08:47:04.9637450Z ld: warning: object file (lib/libcrypto.a[505](sm2_crypt.o)) was built for newer 'iOS' version (14.0) than being linked (13.0)
2026-06-03T08:47:04.9638060Z ld: warning: object file (lib/libcrypto.a[507](sm2_pmeth.o)) was built for newer 'iOS' version (14.0) than being linked (13.0)
2026-06-03T08:47:04.9638680Z ld: warning: object file (lib/libcrypto.a[508](sm2_sign.o)) was built for newer 'iOS' version (14.0) than being linked (13.0)
2026-06-03T08:47:04.9639280Z ld: warning: object file (lib/libcrypto.a[509](m_sm3.o)) was built for newer 'iOS' version (14.0) than being linked (13.0)
2026-06-03T08:47:04.9639870Z ld: warning: object file (lib/libcrypto.a[510](sm3.o)) was built for newer 'iOS' version (14.0) than being linked (13.0)
2026-06-03T08:47:04.9640460Z ld: warning: object file (lib/libcrypto.a[511](sm4.o)) was built for newer 'iOS' version (14.0) than being linked (13.0)
2026-06-03T08:47:04.9641270Z ld: warning: object file (lib/libcrypto.a[512](srp_lib.o)) was built for newer 'iOS' version (14.0) than being linked (13.0)
2026-06-03T08:47:04.9641890Z ld: warning: object file (lib/libcrypto.a[513](srp_vfy.o)) was built for newer 'iOS' version (14.0) than being linked (13.0)
2026-06-03T08:47:04.9642650Z ld: warning: object file (lib/libcrypto.a[514](stack.o)) was built for newer 'iOS' version (14.0) than being linked (13.0)
2026-06-03T08:47:04.9643280Z ld: warning: object file (lib/libcrypto.a[515](loader_file.o)) was built for newer 'iOS' version (14.0) than being linked (13.0)
2026-06-03T08:47:04.9643960Z ld: warning: object file (lib/libcrypto.a[516](store_err.o)) was built for newer 'iOS' version (14.0) than being linked (13.0)
2026-06-03T08:47:04.9644600Z ld: warning: object file (lib/libcrypto.a[517](store_init.o)) was built for newer 'iOS' version (14.0) than being linked (13.0)
2026-06-03T08:47:04.9645250Z ld: warning: object file (lib/libcrypto.a[518](store_lib.o)) was built for newer 'iOS' version (14.0) than being linked (13.0)
2026-06-03T08:47:04.9646220Z ld: warning: object file (lib/libcrypto.a[519](store_register.o)) was built for newer 'iOS' version (14.0) than being linked (13.0)
2026-06-03T08:47:04.9646920Z ld: warning: object file (lib/libcrypto.a[522](threads_pthread.o)) was built for newer 'iOS' version (14.0) than being linked (13.0)
2026-06-03T08:47:04.9647570Z ld: warning: object file (lib/libcrypto.a[526](ts_err.o)) was built for newer 'iOS' version (14.0) than being linked (13.0)
2026-06-03T08:47:04.9648270Z ld: warning: object file (lib/libcrypto.a[535](txt_db.o)) was built for newer 'iOS' version (14.0) than being linked (13.0)
2026-06-03T08:47:04.9648880Z ld: warning: object file (lib/libcrypto.a[536](ui_err.o)) was built for newer 'iOS' version (14.0) than being linked (13.0)
2026-06-03T08:47:04.9649560Z ld: warning: object file (lib/libcrypto.a[537](ui_lib.o)) was built for newer 'iOS' version (14.0) than being linked (13.0)
2026-06-03T08:47:04.9650200Z ld: warning: object file (lib/libcrypto.a[538](ui_null.o)) was built for newer 'iOS' version (14.0) than being linked (13.0)
2026-06-03T08:47:04.9650810Z ld: warning: object file (lib/libcrypto.a[539](ui_openssl.o)) was built for newer 'iOS' version (14.0) than being linked (13.0)
2026-06-03T08:47:04.9651420Z ld: warning: object file (lib/libcrypto.a[541](uid.o)) was built for newer 'iOS' version (14.0) than being linked (13.0)
2026-06-03T08:47:04.9652020Z ld: warning: object file (lib/libcrypto.a[542](wp_block.o)) was built for newer 'iOS' version (14.0) than being linked (13.0)
2026-06-03T08:47:04.9652640Z ld: warning: object file (lib/libcrypto.a[543](wp_dgst.o)) was built for newer 'iOS' version (14.0) than being linked (13.0)
2026-06-03T08:47:04.9653240Z ld: warning: object file (lib/libcrypto.a[544](by_dir.o)) was built for newer 'iOS' version (14.0) than being linked (13.0)
2026-06-03T08:47:04.9653930Z ld: warning: object file (lib/libcrypto.a[545](by_file.o)) was built for newer 'iOS' version (14.0) than being linked (13.0)
2026-06-03T08:47:04.9654530Z ld: warning: object file (lib/libcrypto.a[548](t_x509.o)) was built for newer 'iOS' version (14.0) than being linked (13.0)
2026-06-03T08:47:04.9655130Z ld: warning: object file (lib/libcrypto.a[549](x509_att.o)) was built for newer 'iOS' version (14.0) than being linked (13.0)
2026-06-03T08:47:04.9655760Z ld: warning: object file (lib/libcrypto.a[550](x509_cmp.o)) was built for newer 'iOS' version (14.0) than being linked (13.0)
2026-06-03T08:47:04.9656360Z ld: warning: object file (lib/libcrypto.a[551](x509_d2.o)) was built for newer 'iOS' version (14.0) than being linked (13.0)
2026-06-03T08:47:04.9656980Z ld: warning: object file (lib/libcrypto.a[552](x509_def.o)) was built for newer 'iOS' version (14.0) than being linked (13.0)
2026-06-03T08:47:04.9657580Z ld: warning: object file (lib/libcrypto.a[553](x509_err.o)) was built for newer 'iOS' version (14.0) than being linked (13.0)
2026-06-03T08:47:04.9658180Z ld: warning: object file (lib/libcrypto.a[554](x509_ext.o)) was built for newer 'iOS' version (14.0) than being linked (13.0)
2026-06-03T08:47:04.9658880Z ld: warning: object file (lib/libcrypto.a[555](x509_lu.o)) was built for newer 'iOS' version (14.0) than being linked (13.0)
2026-06-03T08:47:04.9659490Z ld: warning: object file (lib/libcrypto.a[557](x509_obj.o)) was built for newer 'iOS' version (14.0) than being linked (13.0)
2026-06-03T08:47:04.9660090Z ld: warning: object file (lib/libcrypto.a[559](x509_req.o)) was built for newer 'iOS' version (14.0) than being linked (13.0)
2026-06-03T08:47:04.9660690Z ld: warning: object file (lib/libcrypto.a[560](x509_set.o)) was built for newer 'iOS' version (14.0) than being linked (13.0)
2026-06-03T08:47:04.9661310Z ld: warning: object file (lib/libcrypto.a[561](x509_trs.o)) was built for newer 'iOS' version (14.0) than being linked (13.0)
2026-06-03T08:47:04.9662100Z ld: warning: object file (lib/libcrypto.a[562](x509_txt.o)) was built for newer 'iOS' version (14.0) than being linked (13.0)
2026-06-03T08:47:04.9662710Z ld: warning: object file (lib/libcrypto.a[563](x509_v3.o)) was built for newer 'iOS' version (14.0) than being linked (13.0)
2026-06-03T08:47:04.9663390Z ld: warning: object file (lib/libcrypto.a[564](x509_vfy.o)) was built for newer 'iOS' version (14.0) than being linked (13.0)
2026-06-03T08:47:04.9664000Z ld: warning: object file (lib/libcrypto.a[565](x509_vpm.o)) was built for newer 'iOS' version (14.0) than being linked (13.0)
2026-06-03T08:47:04.9664640Z ld: warning: object file (lib/libcrypto.a[566](x509cset.o)) was built for newer 'iOS' version (14.0) than being linked (13.0)
2026-06-03T08:47:04.9665280Z ld: warning: object file (lib/libcrypto.a[567](x509name.o)) was built for newer 'iOS' version (14.0) than being linked (13.0)
2026-06-03T08:47:04.9665940Z ld: warning: object file (lib/libcrypto.a[568](x509rset.o)) was built for newer 'iOS' version (14.0) than being linked (13.0)
2026-06-03T08:47:04.9666560Z ld: warning: object file (lib/libcrypto.a[571](x_all.o)) was built for newer 'iOS' version (14.0) than being linked (13.0)
2026-06-03T08:47:04.9667190Z ld: warning: object file (lib/libcrypto.a[572](x_attrib.o)) was built for newer 'iOS' version (14.0) than being linked (13.0)
2026-06-03T08:47:04.9667780Z ld: warning: object file (lib/libcrypto.a[573](x_crl.o)) was built for newer 'iOS' version (14.0) than being linked (13.0)
2026-06-03T08:47:04.9668390Z ld: warning: object file (lib/libcrypto.a[574](x_exten.o)) was built for newer 'iOS' version (14.0) than being linked (13.0)
2026-06-03T08:47:04.9669020Z ld: warning: object file (lib/libcrypto.a[575](x_name.o)) was built for newer 'iOS' version (14.0) than being linked (13.0)
2026-06-03T08:47:04.9669620Z ld: warning: object file (lib/libcrypto.a[576](x_pubkey.o)) was built for newer 'iOS' version (14.0) than being linked (13.0)
2026-06-03T08:47:04.9670230Z ld: warning: object file (lib/libcrypto.a[577](x_req.o)) was built for newer 'iOS' version (14.0) than being linked (13.0)
2026-06-03T08:47:04.9670910Z ld: warning: object file (lib/libcrypto.a[578](x_x509.o)) was built for newer 'iOS' version (14.0) than being linked (13.0)
2026-06-03T08:47:04.9671510Z ld: warning: object file (lib/libcrypto.a[579](x_x509a.o)) was built for newer 'iOS' version (14.0) than being linked (13.0)
2026-06-03T08:47:04.9672130Z ld: warning: object file (lib/libcrypto.a[580](pcy_cache.o)) was built for newer 'iOS' version (14.0) than being linked (13.0)
2026-06-03T08:47:04.9672740Z ld: warning: object file (lib/libcrypto.a[581](pcy_data.o)) was built for newer 'iOS' version (14.0) than being linked (13.0)
2026-06-03T08:47:04.9673340Z ld: warning: object file (lib/libcrypto.a[582](pcy_lib.o)) was built for newer 'iOS' version (14.0) than being linked (13.0)
2026-06-03T08:47:04.9673990Z ld: warning: object file (lib/libcrypto.a[583](pcy_map.o)) was built for newer 'iOS' version (14.0) than being linked (13.0)
2026-06-03T08:47:04.9674600Z ld: warning: object file (lib/libcrypto.a[584](pcy_node.o)) was built for newer 'iOS' version (14.0) than being linked (13.0)
2026-06-03T08:47:04.9675300Z ld: warning: object file (lib/libcrypto.a[585](pcy_tree.o)) was built for newer 'iOS' version (14.0) than being linked (13.0)
2026-06-03T08:47:04.9675910Z ld: warning: object file (lib/libcrypto.a[586](v3_addr.o)) was built for newer 'iOS' version (14.0) than being linked (13.0)
2026-06-03T08:47:04.9676510Z ld: warning: object file (lib/libcrypto.a[587](v3_admis.o)) was built for newer 'iOS' version (14.0) than being linked (13.0)
2026-06-03T08:47:04.9677110Z ld: warning: object file (lib/libcrypto.a[588](v3_akey.o)) was built for newer 'iOS' version (14.0) than being linked (13.0)
2026-06-03T08:47:04.9677700Z ld: warning: object file (lib/libcrypto.a[589](v3_akeya.o)) was built for newer 'iOS' version (14.0) than being linked (13.0)
2026-06-03T08:47:04.9678300Z ld: warning: object file (lib/libcrypto.a[590](v3_alt.o)) was built for newer 'iOS' version (14.0) than being linked (13.0)
2026-06-03T08:47:04.9678930Z ld: warning: object file (lib/libcrypto.a[591](v3_asid.o)) was built for newer 'iOS' version (14.0) than being linked (13.0)
2026-06-03T08:47:04.9679610Z ld: warning: object file (lib/libcrypto.a[592](v3_bcons.o)) was built for newer 'iOS' version (14.0) than being linked (13.0)
2026-06-03T08:47:04.9680240Z ld: warning: object file (lib/libcrypto.a[593](v3_bitst.o)) was built for newer 'iOS' version (14.0) than being linked (13.0)
2026-06-03T08:47:04.9680850Z ld: warning: object file (lib/libcrypto.a[594](v3_conf.o)) was built for newer 'iOS' version (14.0) than being linked (13.0)
2026-06-03T08:47:04.9681450Z ld: warning: object file (lib/libcrypto.a[595](v3_cpols.o)) was built for newer 'iOS' version (14.0) than being linked (13.0)
2026-06-03T08:47:04.9682070Z ld: warning: object file (lib/libcrypto.a[596](v3_crld.o)) was built for newer 'iOS' version (14.0) than being linked (13.0)
2026-06-03T08:47:04.9682790Z ld: warning: object file (lib/libcrypto.a[597](v3_enum.o)) was built for newer 'iOS' version (14.0) than being linked (13.0)
2026-06-03T08:47:04.9683550Z ld: warning: object file (lib/libcrypto.a[598](v3_extku.o)) was built for newer 'iOS' version (14.0) than being linked (13.0)
2026-06-03T08:47:04.9684330Z ld: warning: object file (lib/libcrypto.a[599](v3_genn.o)) was built for newer 'iOS' version (14.0) than being linked (13.0)
2026-06-03T08:47:04.9685050Z ld: warning: object file (lib/libcrypto.a[600](v3_ia5.o)) was built for newer 'iOS' version (14.0) than being linked (13.0)
2026-06-03T08:47:04.9685710Z ld: warning: object file (lib/libcrypto.a[601](v3_info.o)) was built for newer 'iOS' version (14.0) than being linked (13.0)
2026-06-03T08:47:04.9686420Z ld: warning: object file (lib/libcrypto.a[602](v3_int.o)) was built for newer 'iOS' version (14.0) than being linked (13.0)
2026-06-03T08:47:04.9687160Z ld: warning: object file (lib/libcrypto.a[603](v3_lib.o)) was built for newer 'iOS' version (14.0) than being linked (13.0)
2026-06-03T08:47:04.9687940Z ld: warning: object file (lib/libcrypto.a[604](v3_ncons.o)) was built for newer 'iOS' version (14.0) than being linked (13.0)
2026-06-03T08:47:04.9694520Z ld: warning: object file (lib/libcrypto.a[605](v3_pci.o)) was built for newer 'iOS' version (14.0) than being linked (13.0)
2026-06-03T08:47:04.9695120Z ld: warning: object file (lib/libcrypto.a[606](v3_pcia.o)) was built for newer 'iOS' version (14.0) than being linked (13.0)
2026-06-03T08:47:04.9695730Z ld: warning: object file (lib/libcrypto.a[607](v3_pcons.o)) was built for newer 'iOS' version (14.0) than being linked (13.0)
2026-06-03T08:47:04.9696330Z ld: warning: object file (lib/libcrypto.a[608](v3_pku.o)) was built for newer 'iOS' version (14.0) than being linked (13.0)
2026-06-03T08:47:04.9696950Z ld: warning: object file (lib/libcrypto.a[609](v3_pmaps.o)) was built for newer 'iOS' version (14.0) than being linked (13.0)
2026-06-03T08:47:04.9697550Z ld: warning: object file (lib/libcrypto.a[610](v3_prn.o)) was built for newer 'iOS' version (14.0) than being linked (13.0)
2026-06-03T08:47:04.9698170Z ld: warning: object file (lib/libcrypto.a[611](v3_purp.o)) was built for newer 'iOS' version (14.0) than being linked (13.0)
2026-06-03T08:47:04.9698930Z ld: warning: object file (lib/libcrypto.a[612](v3_skey.o)) was built for newer 'iOS' version (14.0) than being linked (13.0)
2026-06-03T08:47:04.9699550Z ld: warning: object file (lib/libcrypto.a[613](v3_sxnet.o)) was built for newer 'iOS' version (14.0) than being linked (13.0)
2026-06-03T08:47:04.9700170Z ld: warning: object file (lib/libcrypto.a[614](v3_tlsf.o)) was built for newer 'iOS' version (14.0) than being linked (13.0)
2026-06-03T08:47:04.9700770Z ld: warning: object file (lib/libcrypto.a[615](v3_utl.o)) was built for newer 'iOS' version (14.0) than being linked (13.0)
2026-06-03T08:47:04.9701380Z ld: warning: object file (lib/libcrypto.a[616](v3err.o)) was built for newer 'iOS' version (14.0) than being linked (13.0)
2026-06-03T08:47:04.9701970Z ld: warning: object file (lib/liblzo2.a[42](lzo1x_1.o)) was built for newer 'iOS' version (14.0) than being linked (13.0)
2026-06-03T08:47:04.9702600Z ld: warning: object file (lib/libturbojpeg.a[2](jaricom.o)) was built for newer 'iOS' version (14.0) than being linked (13.0)
2026-06-03T08:47:04.9703360Z ld: warning: object file (lib/libturbojpeg.a[3](jcapimin.o)) was built for newer 'iOS' version (14.0) than being linked (13.0)
2026-06-03T08:47:04.9704000Z ld: warning: object file (lib/libturbojpeg.a[4](jcarith.o)) was built for newer 'iOS' version (14.0) than being linked (13.0)
2026-06-03T08:47:04.9704720Z ld: warning: object file (lib/libturbojpeg.a[5](jchuff.o)) was built for newer 'iOS' version (14.0) than being linked (13.0)
2026-06-03T08:47:04.9705330Z ld: warning: object file (lib/libturbojpeg.a[6](jcicc.o)) was built for newer 'iOS' version (14.0) than being linked (13.0)
2026-06-03T08:47:04.9705940Z ld: warning: object file (lib/libturbojpeg.a[7](jcinit.o)) was built for newer 'iOS' version (14.0) than being linked (13.0)
2026-06-03T08:47:04.9706590Z ld: warning: object file (lib/libturbojpeg.a[8](jclhuff.o)) was built for newer 'iOS' version (14.0) than being linked (13.0)
2026-06-03T08:47:04.9707210Z ld: warning: object file (lib/libturbojpeg.a[9](jcmarker.o)) was built for newer 'iOS' version (14.0) than being linked (13.0)
2026-06-03T08:47:04.9707970Z ld: warning: object file (lib/libturbojpeg.a[10](jcmaster.o)) was built for newer 'iOS' version (14.0) than being linked (13.0)
2026-06-03T08:47:04.9708610Z ld: warning: object file (lib/libturbojpeg.a[11](jcomapi.o)) was built for newer 'iOS' version (14.0) than being linked (13.0)
2026-06-03T08:47:04.9709230Z ld: warning: object file (lib/libturbojpeg.a[12](jcparam.o)) was built for newer 'iOS' version (14.0) than being linked (13.0)
2026-06-03T08:47:04.9709880Z ld: warning: object file (lib/libturbojpeg.a[13](jcphuff.o)) was built for newer 'iOS' version (14.0) than being linked (13.0)
2026-06-03T08:47:04.9710520Z ld: warning: object file (lib/libturbojpeg.a[14](jctrans.o)) was built for newer 'iOS' version (14.0) than being linked (13.0)
2026-06-03T08:47:04.9711240Z ld: warning: object file (lib/libturbojpeg.a[15](jdapimin.o)) was built for newer 'iOS' version (14.0) than being linked (13.0)
2026-06-03T08:47:04.9711870Z ld: warning: object file (lib/libturbojpeg.a[16](jdarith.o)) was built for newer 'iOS' version (14.0) than being linked (13.0)
2026-06-03T08:47:04.9712520Z ld: warning: object file (lib/libturbojpeg.a[17](jdatadst-tj.o)) was built for newer 'iOS' version (14.0) than being linked (13.0)
2026-06-03T08:47:04.9713170Z ld: warning: object file (lib/libturbojpeg.a[19](jdatasrc-tj.o)) was built for newer 'iOS' version (14.0) than being linked (13.0)
2026-06-03T08:47:04.9713890Z ld: warning: object file (lib/libturbojpeg.a[21](jdhuff.o)) was built for newer 'iOS' version (14.0) than being linked (13.0)
2026-06-03T08:47:04.9714510Z ld: warning: object file (lib/libturbojpeg.a[22](jdicc.o)) was built for newer 'iOS' version (14.0) than being linked (13.0)
2026-06-03T08:47:04.9715150Z ld: warning: object file (lib/libturbojpeg.a[23](jdinput.o)) was built for newer 'iOS' version (14.0) than being linked (13.0)
2026-06-03T08:47:04.9715950Z ld: warning: object file (lib/libturbojpeg.a[24](jdlhuff.o)) was built for newer 'iOS' version (14.0) than being linked (13.0)
2026-06-03T08:47:04.9716590Z ld: warning: object file (lib/libturbojpeg.a[25](jdmarker.o)) was built for newer 'iOS' version (14.0) than being linked (13.0)
2026-06-03T08:47:04.9717210Z ld: warning: object file (lib/libturbojpeg.a[26](jdmaster.o)) was built for newer 'iOS' version (14.0) than being linked (13.0)
2026-06-03T08:47:04.9717860Z ld: warning: object file (lib/libturbojpeg.a[27](jdphuff.o)) was built for newer 'iOS' version (14.0) than being linked (13.0)
2026-06-03T08:47:04.9718570Z ld: warning: object file (lib/libturbojpeg.a[28](jdtrans.o)) was built for newer 'iOS' version (14.0) than being linked (13.0)
2026-06-03T08:47:04.9719190Z ld: warning: object file (lib/libturbojpeg.a[29](jerror.o)) was built for newer 'iOS' version (14.0) than being linked (13.0)
2026-06-03T08:47:04.9719830Z ld: warning: object file (lib/libturbojpeg.a[30](jfdctflt.o)) was built for newer 'iOS' version (14.0) than being linked (13.0)
2026-06-03T08:47:04.9720580Z ld: warning: object file (lib/libturbojpeg.a[31](jmemmgr.o)) was built for newer 'iOS' version (14.0) than being linked (13.0)
2026-06-03T08:47:04.9721200Z ld: warning: object file (lib/libturbojpeg.a[32](jmemnobs.o)) was built for newer 'iOS' version (14.0) than being linked (13.0)
2026-06-03T08:47:04.9721830Z ld: warning: object file (lib/libturbojpeg.a[34](rdbmp.o)) was built for newer 'iOS' version (14.0) than being linked (13.0)
2026-06-03T08:47:04.9722450Z ld: warning: object file (lib/libturbojpeg.a[35](transupp.o)) was built for newer 'iOS' version (14.0) than being linked (13.0)
2026-06-03T08:47:04.9723390Z ld: warning: object file (lib/libturbojpeg.a[36](turbojpeg.o)) was built for newer 'iOS' version (14.0) than being linked (13.0)
2026-06-03T08:47:04.9724060Z ld: warning: object file (lib/libturbojpeg.a[37](jcapistd-12.o)) was built for newer 'iOS' version (14.0) than being linked (13.0)
2026-06-03T08:47:04.9724770Z ld: warning: object file (lib/libturbojpeg.a[38](jcapistd-16.o)) was built for newer 'iOS' version (14.0) than being linked (13.0)
2026-06-03T08:47:04.9725430Z ld: warning: object file (lib/libturbojpeg.a[39](jcapistd-8.o)) was built for newer 'iOS' version (14.0) than being linked (13.0)
2026-06-03T08:47:04.9726110Z ld: warning: object file (lib/libturbojpeg.a[40](jccoefct-12.o)) was built for newer 'iOS' version (14.0) than being linked (13.0)
2026-06-03T08:47:04.9726760Z ld: warning: object file (lib/libturbojpeg.a[41](jccoefct-8.o)) was built for newer 'iOS' version (14.0) than being linked (13.0)
2026-06-03T08:47:04.9727390Z ld: warning: object file (lib/libturbojpeg.a[42](jccolor-12.o)) was built for newer 'iOS' version (14.0) than being linked (13.0)
2026-06-03T08:47:04.9728050Z ld: warning: object file (lib/libturbojpeg.a[43](jccolor-16.o)) was built for newer 'iOS' version (14.0) than being linked (13.0)
2026-06-03T08:47:04.9728780Z ld: warning: object file (lib/libturbojpeg.a[44](jccolor-8.o)) was built for newer 'iOS' version (14.0) than being linked (13.0)
2026-06-03T08:47:04.9729430Z ld: warning: object file (lib/libturbojpeg.a[45](jcdctmgr-12.o)) was built for newer 'iOS' version (14.0) than being linked (13.0)
2026-06-03T08:47:04.9730080Z ld: warning: object file (lib/libturbojpeg.a[46](jcdctmgr-8.o)) was built for newer 'iOS' version (14.0) than being linked (13.0)
2026-06-03T08:47:04.9730730Z ld: warning: object file (lib/libturbojpeg.a[47](jcdiffct-12.o)) was built for newer 'iOS' version (14.0) than being linked (13.0)
2026-06-03T08:47:04.9731370Z ld: warning: object file (lib/libturbojpeg.a[48](jcdiffct-16.o)) was built for newer 'iOS' version (14.0) than being linked (13.0)
2026-06-03T08:47:04.9732030Z ld: warning: object file (lib/libturbojpeg.a[49](jcdiffct-8.o)) was built for newer 'iOS' version (14.0) than being linked (13.0)
2026-06-03T08:47:04.9732670Z ld: warning: object file (lib/libturbojpeg.a[50](jclossls-12.o)) was built for newer 'iOS' version (14.0) than being linked (13.0)
2026-06-03T08:47:04.9733390Z ld: warning: object file (lib/libturbojpeg.a[51](jclossls-16.o)) was built for newer 'iOS' version (14.0) than being linked (13.0)
2026-06-03T08:47:04.9734040Z ld: warning: object file (lib/libturbojpeg.a[52](jclossls-8.o)) was built for newer 'iOS' version (14.0) than being linked (13.0)
2026-06-03T08:47:04.9734670Z ld: warning: object file (lib/libturbojpeg.a[53](jcmainct-12.o)) was built for newer 'iOS' version (14.0) than being linked (13.0)
2026-06-03T08:47:04.9735310Z ld: warning: object file (lib/libturbojpeg.a[54](jcmainct-16.o)) was built for newer 'iOS' version (14.0) than being linked (13.0)
2026-06-03T08:47:04.9735960Z ld: warning: object file (lib/libturbojpeg.a[55](jcmainct-8.o)) was built for newer 'iOS' version (14.0) than being linked (13.0)
2026-06-03T08:47:04.9736600Z ld: warning: object file (lib/libturbojpeg.a[56](jcprepct-12.o)) was built for newer 'iOS' version (14.0) than being linked (13.0)
2026-06-03T08:47:04.9737260Z ld: warning: object file (lib/libturbojpeg.a[57](jcprepct-16.o)) was built for newer 'iOS' version (14.0) than being linked (13.0)
2026-06-03T08:47:04.9737980Z ld: warning: object file (lib/libturbojpeg.a[58](jcprepct-8.o)) was built for newer 'iOS' version (14.0) than being linked (13.0)
2026-06-03T08:47:04.9738630Z ld: warning: object file (lib/libturbojpeg.a[59](jcsample-12.o)) was built for newer 'iOS' version (14.0) than being linked (13.0)
2026-06-03T08:47:04.9739310Z ld: warning: object file (lib/libturbojpeg.a[60](jcsample-16.o)) was built for newer 'iOS' version (14.0) than being linked (13.0)
2026-06-03T08:47:04.9739950Z ld: warning: object file (lib/libturbojpeg.a[61](jcsample-8.o)) was built for newer 'iOS' version (14.0) than being linked (13.0)
2026-06-03T08:47:04.9740600Z ld: warning: object file (lib/libturbojpeg.a[62](jdapistd-12.o)) was built for newer 'iOS' version (14.0) than being linked (13.0)
2026-06-03T08:47:04.9741250Z ld: warning: object file (lib/libturbojpeg.a[63](jdapistd-16.o)) was built for newer 'iOS' version (14.0) than being linked (13.0)
2026-06-03T08:47:04.9741960Z ld: warning: object file (lib/libturbojpeg.a[64](jdapistd-8.o)) was built for newer 'iOS' version (14.0) than being linked (13.0)
2026-06-03T08:47:04.9742630Z ld: warning: object file (lib/libturbojpeg.a[65](jdcoefct-12.o)) was built for newer 'iOS' version (14.0) than being linked (13.0)
2026-06-03T08:47:04.9743380Z ld: warning: object file (lib/libturbojpeg.a[66](jdcoefct-8.o)) was built for newer 'iOS' version (14.0) than being linked (13.0)
2026-06-03T08:47:04.9744040Z ld: warning: object file (lib/libturbojpeg.a[67](jdcolor-12.o)) was built for newer 'iOS' version (14.0) than being linked (13.0)
2026-06-03T08:47:04.9744710Z ld: warning: object file (lib/libturbojpeg.a[68](jdcolor-16.o)) was built for newer 'iOS' version (14.0) than being linked (13.0)
2026-06-03T08:47:04.9745430Z ld: warning: object file (lib/libturbojpeg.a[69](jdcolor-8.o)) was built for newer 'iOS' version (14.0) than being linked (13.0)
2026-06-03T08:47:04.9746250Z ld: warning: object file (lib/libturbojpeg.a[70](jddctmgr-12.o)) was built for newer 'iOS' version (14.0) than being linked (13.0)
2026-06-03T08:47:04.9747010Z ld: warning: object file (lib/libturbojpeg.a[71](jddctmgr-8.o)) was built for newer 'iOS' version (14.0) than being linked (13.0)
2026-06-03T08:47:04.9747670Z ld: warning: object file (lib/libturbojpeg.a[72](jddiffct-12.o)) was built for newer 'iOS' version (14.0) than being linked (13.0)
2026-06-03T08:47:04.9748350Z ld: warning: object file (lib/libturbojpeg.a[73](jddiffct-16.o)) was built for newer 'iOS' version (14.0) than being linked (13.0)
2026-06-03T08:47:04.9750080Z ld: warning: object file (lib/libturbojpeg.a[74](jddiffct-8.o)) was built for newer 'iOS' version (14.0) than being linked (13.0)
2026-06-03T08:47:04.9750740Z ld: warning: object file (lib/libturbojpeg.a[75](jdlossls-12.o)) was built for newer 'iOS' version (14.0) than being linked (13.0)
2026-06-03T08:47:04.9751380Z ld: warning: object file (lib/libturbojpeg.a[76](jdlossls-16.o)) was built for newer 'iOS' version (14.0) than being linked (13.0)
2026-06-03T08:47:04.9752190Z ld: warning: object file (lib/libturbojpeg.a[77](jdlossls-8.o)) was built for newer 'iOS' version (14.0) than being linked (13.0)
2026-06-03T08:47:04.9752840Z ld: warning: object file (lib/libturbojpeg.a[78](jdmainct-12.o)) was built for newer 'iOS' version (14.0) than being linked (13.0)
2026-06-03T08:47:04.9753500Z ld: warning: object file (lib/libturbojpeg.a[79](jdmainct-16.o)) was built for newer 'iOS' version (14.0) than being linked (13.0)
2026-06-03T08:47:04.9754160Z ld: warning: object file (lib/libturbojpeg.a[80](jdmainct-8.o)) was built for newer 'iOS' version (14.0) than being linked (13.0)
2026-06-03T08:47:04.9754800Z ld: warning: object file (lib/libturbojpeg.a[81](jdmerge-12.o)) was built for newer 'iOS' version (14.0) than being linked (13.0)
2026-06-03T08:47:04.9755440Z ld: warning: object file (lib/libturbojpeg.a[82](jdmerge-8.o)) was built for newer 'iOS' version (14.0) than being linked (13.0)
2026-06-03T08:47:04.9756080Z ld: warning: object file (lib/libturbojpeg.a[83](jdpostct-12.o)) was built for newer 'iOS' version (14.0) than being linked (13.0)
2026-06-03T08:47:04.9756810Z ld: warning: object file (lib/libturbojpeg.a[84](jdpostct-16.o)) was built for newer 'iOS' version (14.0) than being linked (13.0)
2026-06-03T08:47:04.9757460Z ld: warning: object file (lib/libturbojpeg.a[85](jdpostct-8.o)) was built for newer 'iOS' version (14.0) than being linked (13.0)
2026-06-03T08:47:04.9758090Z ld: warning: object file (lib/libturbojpeg.a[86](jdsample-12.o)) was built for newer 'iOS' version (14.0) than being linked (13.0)
2026-06-03T08:47:04.9758760Z ld: warning: object file (lib/libturbojpeg.a[87](jdsample-16.o)) was built for newer 'iOS' version (14.0) than being linked (13.0)
2026-06-03T08:47:04.9759560Z ld: warning: object file (lib/libturbojpeg.a[88](jdsample-8.o)) was built for newer 'iOS' version (14.0) than being linked (13.0)
2026-06-03T08:47:04.9760310Z ld: warning: object file (lib/libturbojpeg.a[89](jfdctfst-12.o)) was built for newer 'iOS' version (14.0) than being linked (13.0)
2026-06-03T08:47:04.9760960Z ld: warning: object file (lib/libturbojpeg.a[90](jfdctfst-8.o)) was built for newer 'iOS' version (14.0) than being linked (13.0)
2026-06-03T08:47:04.9761600Z ld: warning: object file (lib/libturbojpeg.a[91](jfdctint-12.o)) was built for newer 'iOS' version (14.0) than being linked (13.0)
2026-06-03T08:47:04.9762270Z ld: warning: object file (lib/libturbojpeg.a[92](jfdctint-8.o)) was built for newer 'iOS' version (14.0) than being linked (13.0)
2026-06-03T08:47:04.9762990Z ld: warning: object file (lib/libturbojpeg.a[93](jidctflt-12.o)) was built for newer 'iOS' version (14.0) than being linked (13.0)
2026-06-03T08:47:04.9763670Z ld: warning: object file (lib/libturbojpeg.a[94](jidctflt-8.o)) was built for newer 'iOS' version (14.0) than being linked (13.0)
2026-06-03T08:47:04.9764460Z ld: warning: object file (lib/libturbojpeg.a[95](jidctfst-12.o)) was built for newer 'iOS' version (14.0) than being linked (13.0)
2026-06-03T08:47:04.9765130Z ld: warning: object file (lib/libturbojpeg.a[96](jidctfst-8.o)) was built for newer 'iOS' version (14.0) than being linked (13.0)
2026-06-03T08:47:04.9765760Z ld: warning: object file (lib/libturbojpeg.a[97](jidctint-12.o)) was built for newer 'iOS' version (14.0) than being linked (13.0)
2026-06-03T08:47:04.9766530Z ld: warning: object file (lib/libturbojpeg.a[98](jidctint-8.o)) was built for newer 'iOS' version (14.0) than being linked (13.0)
2026-06-03T08:47:04.9767180Z ld: warning: object file (lib/libturbojpeg.a[99](jidctred-12.o)) was built for newer 'iOS' version (14.0) than being linked (13.0)
2026-06-03T08:47:04.9767820Z ld: warning: object file (lib/libturbojpeg.a[100](jidctred-8.o)) was built for newer 'iOS' version (14.0) than being linked (13.0)
2026-06-03T08:47:04.9768790Z ld: warning: object file (lib/libturbojpeg.a[101](jquant1-12.o)) was built for newer 'iOS' version (14.0) than being linked (13.0)
2026-06-03T08:47:04.9769550Z ld: warning: object file (lib/libturbojpeg.a[102](jquant1-8.o)) was built for newer 'iOS' version (14.0) than being linked (13.0)
2026-06-03T08:47:04.9770270Z ld: warning: object file (lib/libturbojpeg.a[103](jquant2-12.o)) was built for newer 'iOS' version (14.0) than being linked (13.0)
2026-06-03T08:47:04.9770920Z ld: warning: object file (lib/libturbojpeg.a[104](jquant2-8.o)) was built for newer 'iOS' version (14.0) than being linked (13.0)
2026-06-03T08:47:04.9771560Z ld: warning: object file (lib/libturbojpeg.a[105](jutils-12.o)) was built for newer 'iOS' version (14.0) than being linked (13.0)
2026-06-03T08:47:04.9772220Z ld: warning: object file (lib/libturbojpeg.a[106](jutils-16.o)) was built for newer 'iOS' version (14.0) than being linked (13.0)
2026-06-03T08:47:04.9772850Z ld: warning: object file (lib/libturbojpeg.a[107](jutils-8.o)) was built for newer 'iOS' version (14.0) than being linked (13.0)
2026-06-03T08:47:04.9773490Z ld: warning: object file (lib/libturbojpeg.a[108](rdppm-12.o)) was built for newer 'iOS' version (14.0) than being linked (13.0)
2026-06-03T08:47:04.9774200Z ld: warning: object file (lib/libturbojpeg.a[109](rdppm-16.o)) was built for newer 'iOS' version (14.0) than being linked (13.0)
2026-06-03T08:47:04.9774820Z ld: warning: object file (lib/libturbojpeg.a[110](rdppm-8.o)) was built for newer 'iOS' version (14.0) than being linked (13.0)
2026-06-03T08:47:04.9775490Z ld: warning: object file (lib/libturbojpeg.a[111](wrppm-12.o)) was built for newer 'iOS' version (14.0) than being linked (13.0)
2026-06-03T08:47:04.9776120Z ld: warning: object file (lib/libturbojpeg.a[112](wrppm-16.o)) was built for newer 'iOS' version (14.0) than being linked (13.0)
2026-06-03T08:47:04.9776740Z ld: warning: object file (lib/libturbojpeg.a[113](wrppm-8.o)) was built for newer 'iOS' version (14.0) than being linked (13.0)
2026-06-03T08:47:04.9777390Z ld: warning: object file (lib/libturbojpeg.a[114](wrbmp.o)) was built for newer 'iOS' version (14.0) than being linked (13.0)
2026-06-03T08:47:04.9778050Z ld: warning: object file (lib/libturbojpeg.a[115](jcgray-neon.o)) was built for newer 'iOS' version (14.0) than being linked (13.0)
2026-06-03T08:47:04.9778720Z ld: warning: object file (lib/libturbojpeg.a[116](jcphuff-neon.o)) was built for newer 'iOS' version (14.0) than being linked (13.0)
2026-06-03T08:47:04.9779390Z ld: warning: object file (lib/libturbojpeg.a[117](jcsample-neon.o)) was built for newer 'iOS' version (14.0) than being linked (13.0)
2026-06-03T08:47:04.9780070Z ld: warning: object file (lib/libturbojpeg.a[118](jdmerge-neon.o)) was built for newer 'iOS' version (14.0) than being linked (13.0)
2026-06-03T08:47:04.9780760Z ld: warning: object file (lib/libturbojpeg.a[119](jdsample-neon.o)) was built for newer 'iOS' version (14.0) than being linked (13.0)
2026-06-03T08:47:04.9782420Z ld: warning: object file (lib/libturbojpeg.a[120](jfdctfst-neon.o)) was built for newer 'iOS' version (14.0) than being linked (13.0)
2026-06-03T08:47:04.9783310Z ld: warning: object file (lib/libturbojpeg.a[121](jidctred-neon.o)) was built for newer 'iOS' version (14.0) than being linked (13.0)
2026-06-03T08:47:04.9784030Z ld: warning: object file (lib/libturbojpeg.a[122](jquanti-neon.o)) was built for newer 'iOS' version (14.0) than being linked (13.0)
2026-06-03T08:47:04.9784700Z ld: warning: object file (lib/libturbojpeg.a[123](jccolor-neon.o)) was built for newer 'iOS' version (14.0) than being linked (13.0)
2026-06-03T08:47:04.9785400Z ld: warning: object file (lib/libturbojpeg.a[124](jidctint-neon.o)) was built for newer 'iOS' version (14.0) than being linked (13.0)
2026-06-03T08:47:04.9786080Z ld: warning: object file (lib/libturbojpeg.a[125](jidctfst-neon.o)) was built for newer 'iOS' version (14.0) than being linked (13.0)
2026-06-03T08:47:04.9787110Z ld: warning: object file (lib/libturbojpeg.a[126](jchuff-neon.o)) was built for newer 'iOS' version (14.0) than being linked (13.0)
2026-06-03T08:47:04.9787780Z ld: warning: object file (lib/libturbojpeg.a[127](jdcolor-neon.o)) was built for newer 'iOS' version (14.0) than being linked (13.0)
2026-06-03T08:47:04.9788600Z ld: warning: object file (lib/libturbojpeg.a[128](jfdctint-neon.o)) was built for newer 'iOS' version (14.0) than being linked (13.0)
2026-06-03T08:47:04.9789260Z ld: warning: object file (lib/libturbojpeg.a[129](jsimd.o)) was built for newer 'iOS' version (14.0) than being linked (13.0)
2026-06-03T08:47:04.9789890Z ld: warning: object file (lib/libpng18.a[2](png.o)) was built for newer 'iOS' version (14.0) than being linked (13.0)
2026-06-03T08:47:04.9790490Z ld: warning: object file (lib/libpng18.a[3](pngerror.o)) was built for newer 'iOS' version (14.0) than being linked (13.0)
2026-06-03T08:47:04.9791100Z ld: warning: object file (lib/libpng18.a[4](pngget.o)) was built for newer 'iOS' version (14.0) than being linked (13.0)
2026-06-03T08:47:04.9791700Z ld: warning: object file (lib/libpng18.a[5](pngmem.o)) was built for newer 'iOS' version (14.0) than being linked (13.0)
2026-06-03T08:47:04.9792300Z ld: warning: object file (lib/libpng18.a[7](pngread.o)) was built for newer 'iOS' version (14.0) than being linked (13.0)
2026-06-03T08:47:04.9793000Z ld: warning: object file (lib/libpng18.a[8](pngrio.o)) was built for newer 'iOS' version (14.0) than being linked (13.0)
2026-06-03T08:47:04.9793620Z ld: warning: object file (lib/libpng18.a[9](pngrtran.o)) was built for newer 'iOS' version (14.0) than being linked (13.0)
2026-06-03T08:47:04.9794230Z ld: warning: object file (lib/libpng18.a[10](pngrutil.o)) was built for newer 'iOS' version (14.0) than being linked (13.0)
2026-06-03T08:47:04.9794820Z ld: warning: object file (lib/libpng18.a[11](pngset.o)) was built for newer 'iOS' version (14.0) than being linked (13.0)
2026-06-03T08:47:04.9795420Z ld: warning: object file (lib/libpng18.a[12](pngsimd.o)) was built for newer 'iOS' version (14.0) than being linked (13.0)
2026-06-03T08:47:04.9796130Z ld: warning: object file (lib/libpng18.a[13](pngtrans.o)) was built for newer 'iOS' version (14.0) than being linked (13.0)
2026-06-03T08:47:04.9796880Z ld: warning: object file (lib/libpng18.a[14](pngwio.o)) was built for newer 'iOS' version (14.0) than being linked (13.0)
2026-06-03T08:47:04.9797500Z ld: warning: object file (lib/libpng18.a[15](pngwrite.o)) was built for newer 'iOS' version (14.0) than being linked (13.0)
2026-06-03T08:47:04.9798120Z ld: warning: object file (lib/libpng18.a[16](pngwtran.o)) was built for newer 'iOS' version (14.0) than being linked (13.0)
2026-06-03T08:47:04.9798720Z ld: warning: object file (lib/libpng18.a[17](pngwutil.o)) was built for newer 'iOS' version (14.0) than being linked (13.0)
2026-06-03T08:47:04.9799320Z ld: warning: object file (lib/libssl.a[3](d1_lib.o)) was built for newer 'iOS' version (14.0) than being linked (13.0)
2026-06-03T08:47:04.9799890Z ld: warning: object file (lib/libssl.a[4](d1_msg.o)) was built for newer 'iOS' version (14.0) than being linked (13.0)
2026-06-03T08:47:04.9800610Z ld: warning: object file (lib/libssl.a[5](d1_srtp.o)) was built for newer 'iOS' version (14.0) than being linked (13.0)
2026-06-03T08:47:04.9801220Z ld: warning: object file (lib/libssl.a[6](methods.o)) was built for newer 'iOS' version (14.0) than being linked (13.0)
2026-06-03T08:47:04.9801850Z ld: warning: object file (lib/libssl.a[7](packet.o)) was built for newer 'iOS' version (14.0) than being linked (13.0)
2026-06-03T08:47:04.9802440Z ld: warning: object file (lib/libssl.a[8](pqueue.o)) was built for newer 'iOS' version (14.0) than being linked (13.0)
2026-06-03T08:47:04.9803050Z ld: warning: object file (lib/libssl.a[9](dtls1_bitmap.o)) was built for newer 'iOS' version (14.0) than being linked (13.0)
2026-06-03T08:47:04.9803670Z ld: warning: object file (lib/libssl.a[10](rec_layer_d1.o)) was built for newer 'iOS' version (14.0) than being linked (13.0)
2026-06-03T08:47:04.9804750Z ld: warning: object file (lib/libssl.a[11](rec_layer_s3.o)) was built for newer 'iOS' version (14.0) than being linked (13.0)
2026-06-03T08:47:04.9805410Z ld: warning: object file (lib/libssl.a[12](ssl3_buffer.o)) was built for newer 'iOS' version (14.0) than being linked (13.0)
2026-06-03T08:47:04.9806240Z ld: warning: object file (lib/libssl.a[13](ssl3_record.o)) was built for newer 'iOS' version (14.0) than being linked (13.0)
2026-06-03T08:47:04.9806900Z ld: warning: object file (lib/libssl.a[14](ssl3_record_tls13.o)) was built for newer 'iOS' version (14.0) than being linked (13.0)
2026-06-03T08:47:04.9807530Z ld: warning: object file (lib/libssl.a[15](s3_cbc.o)) was built for newer 'iOS' version (14.0) than being linked (13.0)
2026-06-03T08:47:04.9808200Z ld: warning: object file (lib/libssl.a[16](s3_enc.o)) was built for newer 'iOS' version (14.0) than being linked (13.0)
2026-06-03T08:47:04.9808790Z ld: warning: object file (lib/libssl.a[17](s3_lib.o)) was built for newer 'iOS' version (14.0) than being linked (13.0)
2026-06-03T08:47:04.9809370Z ld: warning: object file (lib/libssl.a[18](s3_msg.o)) was built for newer 'iOS' version (14.0) than being linked (13.0)
2026-06-03T08:47:04.9809950Z ld: warning: object file (lib/libssl.a[19](ssl_asn1.o)) was built for newer 'iOS' version (14.0) than being linked (13.0)
2026-06-03T08:47:04.9810680Z ld: warning: object file (lib/libssl.a[20](ssl_cert.o)) was built for newer 'iOS' version (14.0) than being linked (13.0)
2026-06-03T08:47:04.9811270Z ld: warning: object file (lib/libssl.a[21](ssl_ciph.o)) was built for newer 'iOS' version (14.0) than being linked (13.0)
2026-06-03T08:47:04.9811880Z ld: warning: object file (lib/libssl.a[22](ssl_conf.o)) was built for newer 'iOS' version (14.0) than being linked (13.0)
2026-06-03T08:47:04.9812480Z ld: warning: object file (lib/libssl.a[23](ssl_err.o)) was built for newer 'iOS' version (14.0) than being linked (13.0)
2026-06-03T08:47:04.9813070Z ld: warning: object file (lib/libssl.a[24](ssl_init.o)) was built for newer 'iOS' version (14.0) than being linked (13.0)
2026-06-03T08:47:04.9813660Z ld: warning: object file (lib/libssl.a[25](ssl_lib.o)) was built for newer 'iOS' version (14.0) than being linked (13.0)
2026-06-03T08:47:04.9814240Z ld: warning: object file (lib/libssl.a[26](ssl_mcnf.o)) was built for newer 'iOS' version (14.0) than being linked (13.0)
2026-06-03T08:47:04.9814840Z ld: warning: object file (lib/libssl.a[27](ssl_rsa.o)) was built for newer 'iOS' version (14.0) than being linked (13.0)
2026-06-03T08:47:04.9815420Z ld: warning: object file (lib/libssl.a[28](ssl_sess.o)) was built for newer 'iOS' version (14.0) than being linked (13.0)
2026-06-03T08:47:04.9816030Z ld: warning: object file (lib/libssl.a[32](extensions.o)) was built for newer 'iOS' version (14.0) than being linked (13.0)
2026-06-03T08:47:04.9816640Z ld: warning: object file (lib/libssl.a[33](extensions_clnt.o)) was built for newer 'iOS' version (14.0) than being linked (13.0)
2026-06-03T08:47:04.9817280Z ld: warning: object file (lib/libssl.a[34](extensions_cust.o)) was built for newer 'iOS' version (14.0) than being linked (13.0)
2026-06-03T08:47:04.9818010Z ld: warning: object file (lib/libssl.a[35](extensions_srvr.o)) was built for newer 'iOS' version (14.0) than being linked (13.0)
2026-06-03T08:47:04.9818650Z ld: warning: object file (lib/libssl.a[36](statem.o)) was built for newer 'iOS' version (14.0) than being linked (13.0)
2026-06-03T08:47:04.9819270Z ld: warning: object file (lib/libssl.a[37](statem_clnt.o)) was built for newer 'iOS' version (14.0) than being linked (13.0)
2026-06-03T08:47:04.9819890Z ld: warning: object file (lib/libssl.a[38](statem_dtls.o)) was built for newer 'iOS' version (14.0) than being linked (13.0)
2026-06-03T08:47:04.9820500Z ld: warning: object file (lib/libssl.a[39](statem_lib.o)) was built for newer 'iOS' version (14.0) than being linked (13.0)
2026-06-03T08:47:04.9821120Z ld: warning: object file (lib/libssl.a[40](statem_srvr.o)) was built for newer 'iOS' version (14.0) than being linked (13.0)
2026-06-03T08:47:04.9821730Z ld: warning: object file (lib/libssl.a[41](t1_enc.o)) was built for newer 'iOS' version (14.0) than being linked (13.0)
2026-06-03T08:47:04.9822420Z ld: warning: object file (lib/libssl.a[42](t1_lib.o)) was built for newer 'iOS' version (14.0) than being linked (13.0)
2026-06-03T08:47:04.9823160Z ld: warning: object file (lib/libssl.a[44](tls13_enc.o)) was built for newer 'iOS' version (14.0) than being linked (13.0)
2026-06-03T08:47:04.9823790Z ld: warning: object file (lib/libssl.a[45](tls_srp.o)) was built for newer 'iOS' version (14.0) than being linked (13.0)
2026-06-03T08:47:04.9824410Z ld: warning: object file (lib/libvncserver.a[2](base64.o)) was built for newer 'iOS' version (14.0) than being linked (13.0)
2026-06-03T08:47:04.9825090Z ld: warning: object file (lib/libvncserver.a[3](crypto_openssl.o)) was built for newer 'iOS' version (14.0) than being linked (13.0)
2026-06-03T08:47:04.9825850Z ld: warning: object file (lib/libvncserver.a[4](sockets-d9627064b3cf7f77d9f9464f932ec3e3.o)) was built for newer 'iOS' version (14.0) than being linked (13.0)
2026-06-03T08:47:04.9826580Z ld: warning: object file (lib/libvncserver.a[6](vncauth.o)) was built for newer 'iOS' version (14.0) than being linked (13.0)
2026-06-03T08:47:04.9827230Z ld: warning: object file (lib/libvncserver.a[7](auth.o)) was built for newer 'iOS' version (14.0) than being linked (13.0)
2026-06-03T08:47:04.9827930Z ld: warning: object file (lib/libvncserver.a[8](cargs.o)) was built for newer 'iOS' version (14.0) than being linked (13.0)
2026-06-03T08:47:04.9828530Z ld: warning: object file (lib/libvncserver.a[9](corre.o)) was built for newer 'iOS' version (14.0) than being linked (13.0)
2026-06-03T08:47:04.9829160Z ld: warning: object file (lib/libvncserver.a[10](cursor.o)) was built for newer 'iOS' version (14.0) than being linked (13.0)
2026-06-03T08:47:04.9829960Z ld: warning: object file (lib/libvncserver.a[14](hextile.o)) was built for newer 'iOS' version (14.0) than being linked (13.0)
2026-06-03T08:47:04.9830640Z ld: warning: object file (lib/libvncserver.a[15](httpd.o)) was built for newer 'iOS' version (14.0) than being linked (13.0)
2026-06-03T08:47:04.9831270Z ld: warning: object file (lib/libvncserver.a[16](main.o)) was built for newer 'iOS' version (14.0) than being linked (13.0)
2026-06-03T08:47:04.9831900Z ld: warning: object file (lib/libvncserver.a[17](rfbregion.o)) was built for newer 'iOS' version (14.0) than being linked (13.0)
2026-06-03T08:47:04.9832550Z ld: warning: object file (lib/libvncserver.a[18](rfbserver.o)) was built for newer 'iOS' version (14.0) than being linked (13.0)
2026-06-03T08:47:04.9833240Z ld: warning: object file (lib/libvncserver.a[19](rfbssl_openssl.o)) was built for newer 'iOS' version (14.0) than being linked (13.0)
2026-06-03T08:47:04.9833880Z ld: warning: object file (lib/libvncserver.a[20](rre.o)) was built for newer 'iOS' version (14.0) than being linked (13.0)
2026-06-03T08:47:04.9834500Z ld: warning: object file (lib/libvncserver.a[21](scale.o)) was built for newer 'iOS' version (14.0) than being linked (13.0)
2026-06-03T08:47:04.9835420Z ld: warning: object file (lib/libvncserver.a[23](sockets-ad7febdb1c4e84452c5f7553a9cfb497.o)) was built for newer 'iOS' version (14.0) than being linked (13.0)
2026-06-03T08:47:04.9836340Z ld: warning: object file (lib/libvncserver.a[24](stats.o)) was built for newer 'iOS' version (14.0) than being linked (13.0)
2026-06-03T08:47:04.9836950Z ld: warning: object file (lib/libvncserver.a[25](tight.o)) was built for newer 'iOS' version (14.0) than being linked (13.0)
2026-06-03T08:47:04.9837600Z ld: warning: object file (lib/libvncserver.a[26](filelistinfo.o)) was built for newer 'iOS' version (14.0) than being linked (13.0)
2026-06-03T08:47:04.9838270Z ld: warning: object file (lib/libvncserver.a[27](filetransfermsg.o)) was built for newer 'iOS' version (14.0) than being linked (13.0)
2026-06-03T08:47:04.9838980Z ld: warning: object file (lib/libvncserver.a[28](handlefiletransferrequest.o)) was built for newer 'iOS' version (14.0) than being linked (13.0)
2026-06-03T08:47:04.9839690Z ld: warning: object file (lib/libvncserver.a[29](rfbtightserver.o)) was built for newer 'iOS' version (14.0) than being linked (13.0)
2026-06-03T08:47:04.9840400Z ld: warning: object file (lib/libvncserver.a[30](translate.o)) was built for newer 'iOS' version (14.0) than being linked (13.0)
2026-06-03T08:47:04.9841130Z ld: warning: object file (lib/libvncserver.a[31](ultra.o)) was built for newer 'iOS' version (14.0) than being linked (13.0)
2026-06-03T08:47:04.9841780Z ld: warning: object file (lib/libvncserver.a[32](websockets.o)) was built for newer 'iOS' version (14.0) than being linked (13.0)
2026-06-03T08:47:04.9842460Z ld: warning: object file (lib/libvncserver.a[33](ws_decode.o)) was built for newer 'iOS' version (14.0) than being linked (13.0)
2026-06-03T08:47:04.9843140Z ld: warning: object file (lib/libvncserver.a[34](zlib.o)) was built for newer 'iOS' version (14.0) than being linked (13.0)
2026-06-03T08:47:04.9843770Z ld: warning: object file (lib/libvncserver.a[35](zrle.o)) was built for newer 'iOS' version (14.0) than being linked (13.0)
2026-06-03T08:47:04.9844410Z ld: warning: object file (lib/libvncserver.a[36](zrleoutstream.o)) was built for newer 'iOS' version (14.0) than being linked (13.0)
2026-06-03T08:47:04.9845090Z ld: warning: object file (lib/libvncserver.a[37](zrlepalettehelper.o)) was built for newer 'iOS' version (14.0) than being linked (13.0)
2026-06-03T08:47:05.0250440Z [0;34m==> [1;39mSigning trollvncserver…[m
2026-06-03T08:47:05.0543540Z [1;31m> [1;3;39mMaking all for tool trollvncmanager…[m
2026-06-03T08:47:07.0675480Z [0;34m==> [1;39mBuilding Swift support tools…[m
2026-06-03T08:47:12.4138790Z Building for production...
2026-06-03T08:47:12.4177770Z [0/7] Write sources
2026-06-03T08:47:12.5463450Z [2/7] Write swift-version-4657CCE4B953477C.txt
2026-06-03T08:47:14.8950320Z [4/9] Compiling FileMapGenerator main.swift
2026-06-03T08:47:14.9006150Z [4/9] Write Objects.LinkFileList
2026-06-03T08:47:15.2441220Z [5/9] Linking generate-output-file-map
2026-06-03T08:47:15.7865400Z [7/9] Compiling SwiftcOutputParser FileLock.swift
2026-06-03T08:47:15.7912840Z [7/9] Write Objects.LinkFileList
2026-06-03T08:47:16.0434370Z [8/9] Linking parse-swiftc-output
2026-06-03T08:47:16.0445480Z Build complete! (3.66s)
2026-06-03T08:47:17.0326990Z [0;32m==> [1;39mCompiling src/TaskProcess+ObjC.swift (arm64)…[m
2026-06-03T08:47:42.9763130Z [0;32m==> [1;39mCompiling src/trollvncmanager.mm (arm64)…[m
2026-06-03T08:47:43.0147550Z [0;32m==> [1;39mCompiling src/OhMyJetsam.mm (arm64)…[m
2026-06-03T08:47:43.0313910Z [0;32m==> [1;39mCompiling src/TRWatchDog.mm (arm64)…[m
2026-06-03T08:47:43.2235530Z ld: warning: -multiply_defined is obsolete
2026-06-03T08:47:43.2236160Z [0;33m==> [1;39mLinking tool trollvncmanager (arm64)…[m
2026-06-03T08:47:43.2238190Z [0;34m==> [1;39mGenerating debug symbols for trollvncmanager…[m
2026-06-03T08:47:43.2240420Z [0;34m==> [1;39mStripping trollvncmanager (arm64)…[m
2026-06-03T08:47:43.2691780Z [0;34m==> [1;39mSigning trollvncmanager…[m
2026-06-03T08:47:43.3245030Z [1;31m> [1;3;39mMaking all in prefs/TrollVNCPrefs…[m
2026-06-03T08:47:43.5545100Z [1;31m> [1;3;39mMaking all for bundle TrollVNCPrefs…[m
2026-06-03T08:47:43.8503760Z [0;35m==> [1;39mCopying resource directories into the bundle wrapper…[m
2026-06-03T08:47:45.6709500Z [0;32m==> [1;39mCompiling TVNCClientCell.m (arm64)…[m
2026-06-03T08:47:45.6809560Z [0;32m==> [1;39mCompiling TVNCClientCell.m (arm64e)…[m
2026-06-03T08:47:45.7618890Z [0;32m==> [1;39mCompiling TVNCDeviceInfoController.m (arm64)…[m
2026-06-03T08:47:45.8253140Z [0;32m==> [1;39mCompiling TVNCClientListController.m (arm64e)…[m
2026-06-03T08:47:45.8757660Z [0;32m==> [1;39mCompiling TVNCListItemsController.m (arm64)…[m
2026-06-03T08:47:45.9525010Z [0;32m==> [1;39mCompiling TVNCDeviceInfoController.m (arm64e)…[m
2026-06-03T08:47:46.0947900Z [0;32m==> [1;39mCompiling TVNCListItemsController.m (arm64e)…[m
2026-06-03T08:47:46.1655860Z [0;32m==> [1;39mCompiling TVNCClientListController.m (arm64)…[m
2026-06-03T08:47:46.2577580Z [0;32m==> [1;39mCompiling TVNCSliderCell.m (arm64)…[m
2026-06-03T08:47:46.3792150Z [0;32m==> [1;39mCompiling TVNCRootListController.m (arm64)…[m
2026-06-03T08:47:46.4393790Z [0;32m==> [1;39mCompiling StripedTextTableViewController.m (arm64)…[m
2026-06-03T08:47:46.4495090Z [0;32m==> [1;39mCompiling ZTSelfSignedCertificate.m (arm64)…[m
2026-06-03T08:47:46.5204680Z [0;32m==> [1;39mCompiling TVNCRootListController.m (arm64e)…[m
2026-06-03T08:47:46.5307720Z [0;32m==> [1;39mCompiling TVNCSliderCell.m (arm64e)…[m
2026-06-03T08:47:46.6010950Z [0;32m==> [1;39mCompiling ZTSelfSignedCertificate.m (arm64e)…[m
2026-06-03T08:47:46.6511770Z ld: warning: -multiply_defined is obsolete
2026-06-03T08:47:46.6512670Z [0;33m==> [1;39mLinking bundle TrollVNCPrefs (arm64)…[m
2026-06-03T08:47:46.6612650Z [0;34m==> [1;39mGenerating debug symbols for TrollVNCPrefs…[m
2026-06-03T08:47:46.6713530Z [0;34m==> [1;39mStripping TrollVNCPrefs (arm64)…[m
2026-06-03T08:47:46.6914760Z [0;32m==> [1;39mCompiling StripedTextTableViewController.m (arm64e)…[m
2026-06-03T08:47:46.8635340Z ld: warning: -multiply_defined is obsolete
2026-06-03T08:47:46.8637990Z [0;33m==> [1;39mLinking bundle TrollVNCPrefs (arm64e)…[m
2026-06-03T08:47:46.8661300Z [0;34m==> [1;39mGenerating debug symbols for TrollVNCPrefs…[m
2026-06-03T08:47:46.8667450Z [0;34m==> [1;39mStripping TrollVNCPrefs (arm64e)…[m
2026-06-03T08:47:46.8709720Z [0;34m==> [1;39mMerging bundle TrollVNCPrefs…[m
2026-06-03T08:47:46.8811380Z [0;34m==> [1;39mSigning TrollVNCPrefs…[m
2026-06-03T08:47:46.8915400Z [1;31m> [1;3;39mMaking all in prefs/CCTrollVNC…[m
2026-06-03T08:47:47.1303570Z [1;31m> [1;3;39mMaking all for bundle CCTrollVNC…[m
2026-06-03T08:47:47.5094670Z [0;35m==> [1;39mCopying resource directories into the bundle wrapper…[m
2026-06-03T08:47:50.2238690Z [0;32m==> [1;39mCompiling CCTrollVNC.mm (arm64)…[m
2026-06-03T08:47:50.2283650Z [0;32m==> [1;39mCompiling CCTrollVNC.mm (arm64e)…[m
2026-06-03T08:47:50.4472870Z ld: warning: -multiply_defined is obsolete
2026-06-03T08:47:50.4474780Z [0;33m==> [1;39mLinking bundle CCTrollVNC (arm64e)…[m
2026-06-03T08:47:50.4476190Z ld: warning: -multiply_defined is obsolete
2026-06-03T08:47:50.4476900Z [0;34m==> [1;39mGenerating debug symbols for CCTrollVNC…[m
2026-06-03T08:47:50.4481190Z [0;34m==> [1;39mStripping CCTrollVNC (arm64e)…[m
2026-06-03T08:47:50.4482450Z [0;33m==> [1;39mLinking bundle CCTrollVNC (arm64)…[m
2026-06-03T08:47:50.4484990Z [0;34m==> [1;39mGenerating debug symbols for CCTrollVNC…[m
2026-06-03T08:47:50.4485900Z [0;34m==> [1;39mStripping CCTrollVNC (arm64)…[m
2026-06-03T08:47:50.4558630Z [0;34m==> [1;39mMerging bundle CCTrollVNC…[m
2026-06-03T08:47:50.4700180Z [0;34m==> [1;39mSigning CCTrollVNC…[m
2026-06-03T08:47:50.4712900Z [1;31m> [1;3;39mMaking all in app/TrollVNC…[m
2026-06-03T08:47:50.7790950Z [1;31m> [1;3;39mMaking all for xcodeproj TrollVNC…[m
2026-06-03T08:48:05.8133140Z ▸ Compiling Main.storyboard
2026-06-03T08:48:09.5067640Z ▸ Compiling LaunchScreen.storyboard
2026-06-03T08:48:09.5302740Z ▸ Processing Info.plist
2026-06-03T08:48:20.3817330Z ▸ Compiling ZTSelfSignedCertificate.m
2026-06-03T08:48:20.4430890Z ▸ Compiling GitHubReleaseUpdater.m
2026-06-03T08:48:20.4532440Z ▸ Compiling DpkgVersion.m
2026-06-03T08:48:20.5612260Z ▸ Compiling TVNCServiceCoordinator.m
2026-06-03T08:48:20.6120810Z ▸ Compiling TVNCHotspotManager.m
2026-06-03T08:48:21.1491270Z ▸ Compiling TVNCClientListController.m
2026-06-03T08:48:21.2900690Z ▸ Compiling TVNCClientCell.m
2026-06-03T08:48:21.3002050Z ▸ Compiling main.m
2026-06-03T08:48:21.3065810Z ▸ Compiling StripedTextTableViewController.m
2026-06-03T08:48:21.4064940Z ▸ Compiling SceneDelegate.m
2026-06-03T08:48:21.4188510Z ▸ Compiling AppDelegate.m
2026-06-03T08:48:21.4315250Z ▸ Compiling TVNCViewController.m
2026-06-03T08:48:21.7664940Z 
2026-06-03T08:48:21.7766550Z ❌  fatal error: too many errors emitted, stopping now [-ferror-limit=]
2026-06-03T08:48:21.7816180Z 
2026-06-03T08:48:21.7918090Z ** ARCHIVE FAILED **
2026-06-03T08:48:21.7918370Z 
2026-06-03T08:48:21.8023290Z 
2026-06-03T08:48:21.8023790Z ▸ Compiling TVNCSliderCell.m
2026-06-03T08:48:21.8153760Z 
2026-06-03T08:48:21.8154850Z ▸ Compiling TVNCRootListController.m
2026-06-03T08:48:21.8256690Z The following build commands failed:
2026-06-03T08:48:21.8271620Z ▸ Compiling TVNCListItemsController.m
2026-06-03T08:48:21.8273490Z 	CompileC /Users/runner/Library/Developer/Xcode/DerivedData/TrollVNC-dedaiwsburryltesyqccuzudarzx/Build/Intermediates.noindex/ArchiveIntermediates/TrollVNC/IntermediateBuildFilesPath/TrollVNC.build/Release-iphoneos/TrollVNC.build/Objects-normal/arm64/TVNCViewController.o /Users/runner/work/TrollVNC-main/TrollVNC-main/app/TrollVNC/TrollVNC/TVNCViewController.m normal arm64 objective-c com.apple.compilers.llvm.clang.1_0.compiler (in target 'TrollVNC' from project 'TrollVNC')
2026-06-03T08:48:21.8376160Z 	Archiving project TrollVNC with scheme TrollVNC
2026-06-03T08:48:21.8478620Z (2 failures)
2026-06-03T08:48:21.8579800Z gmake[3]: *** [/Users/runner/work/TrollVNC-main/TrollVNC-main/theos-roothide/makefiles/instance/xcodeproj.mk:90: internal-xcodeproj-compile] Error 1
2026-06-03T08:48:21.8615680Z gmake[2]: *** [/Users/runner/work/TrollVNC-main/TrollVNC-main/theos-roothide/makefiles/instance/xcodeproj.mk:20: internal-xcodeproj-all_] Error 2
2026-06-03T08:48:21.8685440Z gmake[1]: *** [/Users/runner/work/TrollVNC-main/TrollVNC-main/theos-roothide/makefiles/master/rules.mk:146: TrollVNC.all.xcodeproj.variables] Error 2
2026-06-03T08:48:21.8756290Z gmake: *** [/Users/runner/work/TrollVNC-main/TrollVNC-main/theos-roothide/makefiles/master/aggregate.mk:12: internal-all] Error 2
2026-06-03T08:48:21.8812760Z ##[error]Process completed with exit code 2.
2026-06-03T08:48:21.8991380Z Post job cleanup.
2026-06-03T08:48:22.3449170Z [command]/opt/homebrew/bin/git version
2026-06-03T08:48:22.3551140Z git version 2.54.0
2026-06-03T08:48:22.4060240Z Copying '/Users/runner/.gitconfig' to '/Users/runner/work/_temp/100b7171-192e-4fe9-bb98-76d187f909fc/.gitconfig'
2026-06-03T08:48:22.4162060Z Temporarily overriding HOME='/Users/runner/work/_temp/100b7171-192e-4fe9-bb98-76d187f909fc' before making global git config changes
2026-06-03T08:48:22.4286340Z Adding repository directory to the temporary git global config as a safe directory
2026-06-03T08:48:22.4396180Z [command]/opt/homebrew/bin/git config --global --add safe.directory /Users/runner/work/TrollVNC-main/TrollVNC-main/theos-roothide
2026-06-03T08:48:22.4712280Z [command]/opt/homebrew/bin/git config --local --name-only --get-regexp core\.sshCommand
2026-06-03T08:48:22.4951820Z [command]/opt/homebrew/bin/git submodule foreach --recursive sh -c "git config --local --name-only --get-regexp 'core\.sshCommand' && git config --local --unset-all 'core.sshCommand' || :"
2026-06-03T08:48:22.5070940Z Entering 'vendor/dm.pl'
2026-06-03T08:48:22.5428620Z Entering 'vendor/include'
2026-06-03T08:48:22.5641170Z Entering 'vendor/lib'
2026-06-03T08:48:22.5882270Z Entering 'vendor/logos'
2026-06-03T08:48:22.6028910Z Entering 'vendor/nic'
2026-06-03T08:48:22.6181860Z Entering 'vendor/orion'
2026-06-03T08:48:22.6329820Z Entering 'vendor/orion/fishhook'
2026-06-03T08:48:22.6519880Z Entering 'vendor/swift-support'
2026-06-03T08:48:22.6675020Z Entering 'vendor/templates'
2026-06-03T08:48:22.6944920Z [command]/opt/homebrew/bin/git config --local --name-only --get-regexp http\.https\:\/\/github\.com\/\.extraheader
2026-06-03T08:48:22.6946140Z http.https://github.com/.extraheader
2026-06-03T08:48:22.6947580Z [command]/opt/homebrew/bin/git config --local --unset-all http.https://github.com/.extraheader
2026-06-03T08:48:22.7068220Z [command]/opt/homebrew/bin/git submodule foreach --recursive sh -c "git config --local --name-only --get-regexp 'http\.https\:\/\/github\.com\/\.extraheader' && git config --local --unset-all 'http.https://github.com/.extraheader' || :"
2026-06-03T08:48:22.7679580Z Entering 'vendor/dm.pl'
2026-06-03T08:48:22.7809080Z http.https://github.com/.extraheader
2026-06-03T08:48:22.7923720Z Entering 'vendor/include'
2026-06-03T08:48:22.8010880Z http.https://github.com/.extraheader
2026-06-03T08:48:22.8099690Z Entering 'vendor/lib'
2026-06-03T08:48:22.8184760Z http.https://github.com/.extraheader
2026-06-03T08:48:22.8273610Z Entering 'vendor/logos'
2026-06-03T08:48:22.8356540Z http.https://github.com/.extraheader
2026-06-03T08:48:22.8487150Z Entering 'vendor/nic'
2026-06-03T08:48:22.8590210Z http.https://github.com/.extraheader
2026-06-03T08:48:22.8673640Z Entering 'vendor/orion'
2026-06-03T08:48:22.8757340Z http.https://github.com/.extraheader
2026-06-03T08:48:22.8844910Z Entering 'vendor/orion/fishhook'
2026-06-03T08:48:22.8926350Z http.https://github.com/.extraheader
2026-06-03T08:48:22.9019710Z Entering 'vendor/swift-support'
2026-06-03T08:48:22.9099690Z http.https://github.com/.extraheader
2026-06-03T08:48:22.9179480Z Entering 'vendor/templates'
2026-06-03T08:48:22.9258700Z http.https://github.com/.extraheader
2026-06-03T08:48:22.9354660Z [command]/opt/homebrew/bin/git config --local --name-only --get-regexp ^includeIf\.gitdir:
2026-06-03T08:48:22.9398360Z [command]/opt/homebrew/bin/git submodule foreach --recursive git config --local --show-origin --name-only --get-regexp remote.origin.url
2026-06-03T08:48:23.0007000Z Entering 'vendor/dm.pl'
2026-06-03T08:48:23.0064520Z file:/Users/runner/work/TrollVNC-main/TrollVNC-main/theos-roothide/.git/modules/vendor/dm.pl/config	remote.origin.url
2026-06-03T08:48:23.0104010Z Entering 'vendor/include'
2026-06-03T08:48:23.0177030Z file:/Users/runner/work/TrollVNC-main/TrollVNC-main/theos-roothide/.git/modules/vendor/include/config	remote.origin.url
2026-06-03T08:48:23.0219100Z Entering 'vendor/lib'
2026-06-03T08:48:23.0425580Z file:/Users/runner/work/TrollVNC-main/TrollVNC-main/theos-roothide/.git/modules/vendor/lib/config	remote.origin.url
2026-06-03T08:48:23.0770780Z Entering 'vendor/logos'
2026-06-03T08:48:23.0975840Z file:/Users/runner/work/TrollVNC-main/TrollVNC-main/theos-roothide/.git/modules/vendor/logos/config	remote.origin.url
2026-06-03T08:48:23.1077080Z Entering 'vendor/nic'
2026-06-03T08:48:23.1178590Z file:/Users/runner/work/TrollVNC-main/TrollVNC-main/theos-roothide/.git/modules/vendor/nic/config	remote.origin.url
2026-06-03T08:48:23.1279800Z Entering 'vendor/orion'
2026-06-03T08:48:23.1381590Z file:/Users/runner/work/TrollVNC-main/TrollVNC-main/theos-roothide/.git/modules/vendor/orion/config	remote.origin.url
2026-06-03T08:48:23.1467960Z Entering 'vendor/orion/fishhook'
2026-06-03T08:48:23.1469390Z file:/Users/runner/work/TrollVNC-main/TrollVNC-main/theos-roothide/.git/modules/vendor/orion/modules/fishhook/config	remote.origin.url
2026-06-03T08:48:23.1573740Z Entering 'vendor/swift-support'
2026-06-03T08:48:23.1676060Z file:/Users/runner/work/TrollVNC-main/TrollVNC-main/theos-roothide/.git/modules/vendor/swift-support/config	remote.origin.url
2026-06-03T08:48:23.1778550Z Entering 'vendor/templates'
2026-06-03T08:48:23.1879840Z file:/Users/runner/work/TrollVNC-main/TrollVNC-main/theos-roothide/.git/modules/vendor/templates/config	remote.origin.url
2026-06-03T08:48:23.2184590Z [command]/opt/homebrew/bin/git config --file /Users/runner/work/TrollVNC-main/TrollVNC-main/theos-roothide/.git/modules/vendor/dm.pl/config --name-only --get-regexp ^includeIf\.gitdir:
2026-06-03T08:48:23.2535470Z [command]/opt/homebrew/bin/git config --file /Users/runner/work/TrollVNC-main/TrollVNC-main/theos-roothide/.git/modules/vendor/include/config --name-only --get-regexp ^includeIf\.gitdir:
2026-06-03T08:48:23.2838610Z [command]/opt/homebrew/bin/git config --file /Users/runner/work/TrollVNC-main/TrollVNC-main/theos-roothide/.git/modules/vendor/lib/config --name-only --get-regexp ^includeIf\.gitdir:
2026-06-03T08:48:23.3141880Z [command]/opt/homebrew/bin/git config --file /Users/runner/work/TrollVNC-main/TrollVNC-main/theos-roothide/.git/modules/vendor/logos/config --name-only --get-regexp ^includeIf\.gitdir:
2026-06-03T08:48:23.3445340Z [command]/opt/homebrew/bin/git config --file /Users/runner/work/TrollVNC-main/TrollVNC-main/theos-roothide/.git/modules/vendor/nic/config --name-only --get-regexp ^includeIf\.gitdir:
2026-06-03T08:48:23.3728910Z [command]/opt/homebrew/bin/git config --file /Users/runner/work/TrollVNC-main/TrollVNC-main/theos-roothide/.git/modules/vendor/orion/config --name-only --get-regexp ^includeIf\.gitdir:
2026-06-03T08:48:23.3776710Z [command]/opt/homebrew/bin/git config --file /Users/runner/work/TrollVNC-main/TrollVNC-main/theos-roothide/.git/modules/vendor/orion/modules/fishhook/config --name-only --get-regexp ^includeIf\.gitdir:
2026-06-03T08:48:23.3781690Z [command]/opt/homebrew/bin/git config --file /Users/runner/work/TrollVNC-main/TrollVNC-main/theos-roothide/.git/modules/vendor/swift-support/config --name-only --get-regexp ^includeIf\.gitdir:
2026-06-03T08:48:23.3787410Z [command]/opt/homebrew/bin/git config --file /Users/runner/work/TrollVNC-main/TrollVNC-main/theos-roothide/.git/modules/vendor/templates/config --name-only --get-regexp ^includeIf\.gitdir:
2026-06-03T08:48:23.3866530Z Post job cleanup.
2026-06-03T08:48:23.4903140Z [command]/opt/homebrew/bin/git version
2026-06-03T08:48:23.4956610Z git version 2.54.0
2026-06-03T08:48:23.4981420Z Copying '/Users/runner/.gitconfig' to '/Users/runner/work/_temp/23315c86-d63f-4b3e-b371-4d257d2acd85/.gitconfig'
2026-06-03T08:48:23.4988980Z Temporarily overriding HOME='/Users/runner/work/_temp/23315c86-d63f-4b3e-b371-4d257d2acd85' before making global git config changes
2026-06-03T08:48:23.4989870Z Adding repository directory to the temporary git global config as a safe directory
2026-06-03T08:48:23.5000170Z [command]/opt/homebrew/bin/git config --global --add safe.directory /Users/runner/work/TrollVNC-main/TrollVNC-main
2026-06-03T08:48:23.5085940Z [command]/opt/homebrew/bin/git config --local --name-only --get-regexp core\.sshCommand
2026-06-03T08:48:23.5138840Z [command]/opt/homebrew/bin/git submodule foreach --recursive sh -c "git config --local --name-only --get-regexp 'core\.sshCommand' && git config --local --unset-all 'core.sshCommand' || :"
2026-06-03T08:48:23.6266100Z fatal: No url found for submodule path 'TrollVNC' in .gitmodules
2026-06-03T08:48:23.6288890Z ##[warning]The process '/opt/homebrew/bin/git' failed with exit code 128
2026-06-03T08:48:23.6372250Z Cleaning up orphan processes
2026-06-03T08:48:24.1687570Z Terminate orphan process: pid (23308) (ibtoold)
2026-06-03T08:48:24.2546520Z Terminate orphan process: pid (23077) (ibtoold)
2026-06-03T08:48:24.4307190Z Terminate orphan process: pid (22766) (ibtoold)
2026-06-03T08:48:24.8766630Z ##[warning]Node.js 20 actions are deprecated. The following actions are running on Node.js 20 and may not work as expected: actions/checkout@v4. Actions will be forced to run with Node.js 24 by default starting June 16th, 2026. Node.js 20 will be removed from the runner on September 16th, 2026. Please check if updated versions of these actions are available that support Node.js 24. To opt into Node.js 24 now, set the FORCE_JAVASCRIPT_ACTIONS_TO_NODE24=true environment variable on the runner or in your workflow file. Once Node.js 24 becomes the default, you can temporarily opt out by setting ACTIONS_ALLOW_USE_UNSECURE_NODE_VERSION=true. For more information see: https://github.blog/changelog/2025-09-19-deprecation-of-node-20-on-github-actions-runners/
